2025-04-16T14:12:07.1059102Z Current runner version: '2.323.0'
2025-04-16T14:12:07.1135682Z ##[group]Operating System
2025-04-16T14:12:07.1137157Z Ubuntu
2025-04-16T14:12:07.1138042Z 24.04.2
2025-04-16T14:12:07.1138878Z LTS
2025-04-16T14:12:07.1139827Z ##[endgroup]
2025-04-16T14:12:07.1140730Z ##[group]Runner Image
2025-04-16T14:12:07.1141724Z Image: ubuntu-24.04
2025-04-16T14:12:07.1142591Z Version: 20250406.1.0
2025-04-16T14:12:07.1144866Z Included Software: https://github.com/actions/runner-images/blob/ubuntu24/20250406.1/images/ubuntu/Ubuntu2404-Readme.md
2025-04-16T14:12:07.1147338Z Image Release: https://github.com/actions/runner-images/releases/tag/ubuntu24%2F20250406.1
2025-04-16T14:12:07.1148972Z ##[endgroup]
2025-04-16T14:12:07.1150156Z ##[group]Runner Image Provisioner
2025-04-16T14:12:07.1151136Z 2.0.422.1
2025-04-16T14:12:07.1151930Z ##[endgroup]
2025-04-16T14:12:07.1176908Z ##[group]GITHUB_TOKEN Permissions
2025-04-16T14:12:07.1179952Z Actions: write
2025-04-16T14:12:07.1181127Z Attestations: write
2025-04-16T14:12:07.1182236Z Checks: write
2025-04-16T14:12:07.1183094Z Contents: write
2025-04-16T14:12:07.1184213Z Deployments: write
2025-04-16T14:12:07.1185440Z Discussions: write
2025-04-16T14:12:07.1186372Z Issues: write
2025-04-16T14:12:07.1187201Z Metadata: read
2025-04-16T14:12:07.1188253Z Models: read
2025-04-16T14:12:07.1189106Z Packages: write
2025-04-16T14:12:07.1189974Z Pages: write
2025-04-16T14:12:07.1190905Z PullRequests: write
2025-04-16T14:12:07.1191913Z RepositoryProjects: write
2025-04-16T14:12:07.1192848Z SecurityEvents: write
2025-04-16T14:12:07.1214227Z Statuses: write
2025-04-16T14:12:07.1215095Z ##[endgroup]
2025-04-16T14:12:07.1218547Z Secret source: Actions
2025-04-16T14:12:07.1219954Z Prepare workflow directory
2025-04-16T14:12:07.1742007Z Prepare all required actions
2025-04-16T14:12:07.1798807Z Getting action download info
2025-04-16T14:12:07.6241539Z ##[group]Download immutable action package 'actions/checkout@v4'
2025-04-16T14:12:07.6242594Z Version: 4.2.2
2025-04-16T14:12:07.6243801Z Digest: sha256:ccb2698953eaebd21c7bf6268a94f9c26518a7e38e27e0b83c1fe1ad049819b1
2025-04-16T14:12:07.6245114Z Source commit SHA: 11bd71901bbe5b1630ceea73d27597364c9af683
2025-04-16T14:12:07.6245808Z ##[endgroup]
2025-04-16T14:12:07.7123031Z ##[group]Download immutable action package 'actions/setup-node@v4'
2025-04-16T14:12:07.7124118Z Version: 4.4.0
2025-04-16T14:12:07.7124937Z Digest: sha256:9427cefe82346e992fb5b949e3569b39d537ae41aa3086483b14eceebfc16bc1
2025-04-16T14:12:07.7125905Z Source commit SHA: 49933ea5288caeca8642d1e84afbd3f7d6820020
2025-04-16T14:12:07.7126552Z ##[endgroup]
2025-04-16T14:12:08.0438923Z Complete job name: lint (22.x)
2025-04-16T14:12:08.1015482Z ##[group]Run actions/checkout@v4
2025-04-16T14:12:08.1016278Z with:
2025-04-16T14:12:08.1016690Z   repository: mrkurger/date-night-app2
2025-04-16T14:12:08.1017356Z   token: ***
2025-04-16T14:12:08.1017723Z   ssh-strict: true
2025-04-16T14:12:08.1018105Z   ssh-user: git
2025-04-16T14:12:08.1018487Z   persist-credentials: true
2025-04-16T14:12:08.1018923Z   clean: true
2025-04-16T14:12:08.1019326Z   sparse-checkout-cone-mode: true
2025-04-16T14:12:08.1019797Z   fetch-depth: 1
2025-04-16T14:12:08.1020167Z   fetch-tags: false
2025-04-16T14:12:08.1020558Z   show-progress: true
2025-04-16T14:12:08.1020938Z   lfs: false
2025-04-16T14:12:08.1021289Z   submodules: false
2025-04-16T14:12:08.1021669Z   set-safe-directory: true
2025-04-16T14:12:08.1022297Z ##[endgroup]
2025-04-16T14:12:08.2891472Z Syncing repository: mrkurger/date-night-app2
2025-04-16T14:12:08.2895346Z ##[group]Getting Git version info
2025-04-16T14:12:08.2896996Z Working directory is '/home/runner/work/date-night-app2/date-night-app2'
2025-04-16T14:12:08.2899321Z [command]/usr/bin/git version
2025-04-16T14:12:08.2932304Z git version 2.49.0
2025-04-16T14:12:08.2962602Z ##[endgroup]
2025-04-16T14:12:08.2979122Z Temporarily overriding HOME='/home/runner/work/_temp/a1e67d98-be58-429f-8c39-ace522e8294d' before making global git config changes
2025-04-16T14:12:08.2982549Z Adding repository directory to the temporary git global config as a safe directory
2025-04-16T14:12:08.2997600Z [command]/usr/bin/git config --global --add safe.directory /home/runner/work/date-night-app2/date-night-app2
2025-04-16T14:12:08.3036875Z Deleting the contents of '/home/runner/work/date-night-app2/date-night-app2'
2025-04-16T14:12:08.3041448Z ##[group]Initializing the repository
2025-04-16T14:12:08.3047244Z [command]/usr/bin/git init /home/runner/work/date-night-app2/date-night-app2
2025-04-16T14:12:08.3113178Z hint: Using 'master' as the name for the initial branch. This default branch name
2025-04-16T14:12:08.3115629Z hint: is subject to change. To configure the initial branch name to use in all
2025-04-16T14:12:08.3117203Z hint: of your new repositories, which will suppress this warning, call:
2025-04-16T14:12:08.3119595Z hint:
2025-04-16T14:12:08.3121216Z hint: 	git config --global init.defaultBranch <name>
2025-04-16T14:12:08.3122256Z hint:
2025-04-16T14:12:08.3123236Z hint: Names commonly chosen instead of 'master' are 'main', 'trunk' and
2025-04-16T14:12:08.3125228Z hint: 'development'. The just-created branch can be renamed via this command:
2025-04-16T14:12:08.3126509Z hint:
2025-04-16T14:12:08.3127222Z hint: 	git branch -m <name>
2025-04-16T14:12:08.3128770Z Initialized empty Git repository in /home/runner/work/date-night-app2/date-night-app2/.git/
2025-04-16T14:12:08.3135885Z [command]/usr/bin/git remote add origin https://github.com/mrkurger/date-night-app2
2025-04-16T14:12:08.3172524Z ##[endgroup]
2025-04-16T14:12:08.3173900Z ##[group]Disabling automatic garbage collection
2025-04-16T14:12:08.3177395Z [command]/usr/bin/git config --local gc.auto 0
2025-04-16T14:12:08.3210626Z ##[endgroup]
2025-04-16T14:12:08.3211802Z ##[group]Setting up auth
2025-04-16T14:12:08.3218469Z [command]/usr/bin/git config --local --name-only --get-regexp core\.sshCommand
2025-04-16T14:12:08.3252348Z [command]/usr/bin/git submodule foreach --recursive sh -c "git config --local --name-only --get-regexp 'core\.sshCommand' && git config --local --unset-all 'core.sshCommand' || :"
2025-04-16T14:12:08.3549969Z [command]/usr/bin/git config --local --name-only --get-regexp http\.https\:\/\/github\.com\/\.extraheader
2025-04-16T14:12:08.3584946Z [command]/usr/bin/git submodule foreach --recursive sh -c "git config --local --name-only --get-regexp 'http\.https\:\/\/github\.com\/\.extraheader' && git config --local --unset-all 'http.https://github.com/.extraheader' || :"
2025-04-16T14:12:08.3888463Z [command]/usr/bin/git config --local http.https://github.com/.extraheader AUTHORIZATION: basic ***
2025-04-16T14:12:08.3933827Z ##[endgroup]
2025-04-16T14:12:08.3936544Z ##[group]Fetching the repository
2025-04-16T14:12:08.3944789Z [command]/usr/bin/git -c protocol.version=2 fetch --no-tags --prune --no-recurse-submodules --depth=1 origin +16184beb43681fe4fe99c4fe9078df8efff02cf6:refs/remotes/origin/main
2025-04-16T14:12:10.8062772Z From https://github.com/mrkurger/date-night-app2
2025-04-16T14:12:10.8081240Z  * [new ref]         16184beb43681fe4fe99c4fe9078df8efff02cf6 -> origin/main
2025-04-16T14:12:10.8105929Z ##[endgroup]
2025-04-16T14:12:10.8106962Z ##[group]Determining the checkout info
2025-04-16T14:12:10.8109476Z ##[endgroup]
2025-04-16T14:12:10.8116770Z [command]/usr/bin/git sparse-checkout disable
2025-04-16T14:12:10.8178457Z [command]/usr/bin/git config --local --unset-all extensions.worktreeConfig
2025-04-16T14:12:10.8227093Z ##[group]Checking out the ref
2025-04-16T14:12:10.8230609Z [command]/usr/bin/git checkout --progress --force -B main refs/remotes/origin/main
2025-04-16T14:12:11.2792327Z Switched to a new branch 'main'
2025-04-16T14:12:11.2806325Z branch 'main' set up to track 'origin/main'.
2025-04-16T14:12:11.2831874Z ##[endgroup]
2025-04-16T14:12:11.2898833Z [command]/usr/bin/git log -1 --format=%H
2025-04-16T14:12:11.2935867Z 16184beb43681fe4fe99c4fe9078df8efff02cf6
2025-04-16T14:12:11.3180491Z ##[group]Run actions/setup-node@v4
2025-04-16T14:12:11.3180839Z with:
2025-04-16T14:12:11.3181046Z   node-version: 22.x
2025-04-16T14:12:11.3181279Z   cache: npm
2025-04-16T14:12:11.3181775Z   cache-dependency-path: server/package-lock.json
2025-04-16T14:12:11.3182100Z   always-auth: false
2025-04-16T14:12:11.3182322Z   check-latest: false
2025-04-16T14:12:11.3182682Z   token: ***
2025-04-16T14:12:11.3182905Z ##[endgroup]
2025-04-16T14:12:11.4930745Z Found in cache @ /opt/hostedtoolcache/node/22.14.0/x64
2025-04-16T14:12:11.4935883Z ##[group]Environment details
2025-04-16T14:12:11.9620899Z node: v22.14.0
2025-04-16T14:12:11.9621759Z npm: 10.9.2
2025-04-16T14:12:11.9622395Z yarn: 1.22.22
2025-04-16T14:12:11.9623936Z ##[endgroup]
2025-04-16T14:12:11.9653273Z [command]/opt/hostedtoolcache/node/22.14.0/x64/bin/npm config get cache
2025-04-16T14:12:12.1464350Z /home/runner/.npm
2025-04-16T14:12:12.2728902Z Cache hit for: node-cache-Linux-x64-npm-eb74dc554d17640d6b2005eb2c3c9590e65262bd6e2b7add98bfd17307b4cd7c
2025-04-16T14:12:12.7587096Z Received 35603115 of 35603115 (100.0%), 81.8 MBs/sec
2025-04-16T14:12:12.7588177Z Cache Size: ~34 MB (35603115 B)
2025-04-16T14:12:12.7640074Z [command]/usr/bin/tar -xf /home/runner/work/_temp/9b37b788-10f5-491a-b864-cf892cea2dda/cache.tzst -P -C /home/runner/work/date-night-app2/date-night-app2 --use-compress-program unzstd
2025-04-16T14:12:13.0340830Z Cache restored successfully
2025-04-16T14:12:13.0423117Z Cache restored from key: node-cache-Linux-x64-npm-eb74dc554d17640d6b2005eb2c3c9590e65262bd6e2b7add98bfd17307b4cd7c
2025-04-16T14:12:13.0596007Z ##[group]Run npm ci
2025-04-16T14:12:13.0596298Z [36;1mnpm ci[0m
2025-04-16T14:12:13.0648764Z shell: /usr/bin/bash -e {0}
2025-04-16T14:12:13.0649053Z ##[endgroup]
2025-04-16T14:12:17.5225446Z npm warn deprecated inflight@1.0.6: This module is not supported, and leaks memory. Do not use it. Check out lru-cache if you want a good and tested way to coalesce async requests by a key value, which is much more comprehensive and powerful.
2025-04-16T14:12:17.5915182Z npm warn deprecated npmlog@5.0.1: This package is no longer supported.
2025-04-16T14:12:17.7318751Z npm warn deprecated xss-clean@0.1.4: Package no longer supported. Contact Support at https://www.npmjs.com/support for more info.
2025-04-16T14:12:17.7372649Z npm warn deprecated passport-reddit@1.1.0: While functionally complete, this library will not be receiving any updates going forwards. Users are actively discouraged from using OAuth2 for authentication. See archival notice on github for more details.
2025-04-16T14:12:17.7887403Z npm warn deprecated rimraf@3.0.2: Rimraf versions prior to v4 are no longer supported
2025-04-16T14:12:17.9255134Z npm warn deprecated are-we-there-yet@2.0.0: This package is no longer supported.
2025-04-16T14:12:17.9439163Z npm warn deprecated glob@7.2.3: Glob versions prior to v9 are no longer supported
2025-04-16T14:12:18.4104991Z npm warn deprecated gauge@3.0.2: This package is no longer supported.
2025-04-16T14:12:18.5906533Z npm warn deprecated @humanwhocodes/object-schema@2.0.3: Use @eslint/object-schema instead
2025-04-16T14:12:18.6406998Z npm warn deprecated @humanwhocodes/config-array@0.11.14: Use @eslint/config-array instead
2025-04-16T14:12:18.8480637Z npm warn deprecated superagent@8.1.2: Please upgrade to v9.0.0+ as we have fixed a public vulnerability with formidable dependency. Note that v9.0.0+ requires Node.js v14.18.0+. See https://github.com/ladjs/superagent/pull/1800 for insight. This project is supported and maintained by the team at Forward Email @ https://forwardemail.net
2025-04-16T14:12:19.8306100Z npm warn deprecated eslint@8.56.0: This version is no longer supported. Please see https://eslint.org/version-support for other options.
2025-04-16T14:12:23.6962998Z 
2025-04-16T14:12:23.6969751Z > date-night-app@1.0.0 prepare
2025-04-16T14:12:23.6971071Z > husky
2025-04-16T14:12:23.6971415Z 
2025-04-16T14:12:23.7054662Z sh: 1: husky: not found
2025-04-16T14:12:23.7088810Z npm error code 127
2025-04-16T14:12:23.7094463Z npm error path /home/runner/work/date-night-app2/date-night-app2
2025-04-16T14:12:23.7098395Z npm error command failed
2025-04-16T14:12:23.7104676Z npm error command sh -c husky
2025-04-16T14:12:23.7106274Z npm error A complete log of this run can be found in: /home/runner/.npm/_logs/2025-04-16T14_12_13_125Z-debug-0.log
2025-04-16T14:12:23.7785619Z ##[error]Process completed with exit code 127.
2025-04-16T14:12:23.7975196Z Post job cleanup.
2025-04-16T14:12:23.8944676Z [command]/usr/bin/git version
2025-04-16T14:12:23.8984802Z git version 2.49.0
2025-04-16T14:12:23.9032058Z Temporarily overriding HOME='/home/runner/work/_temp/d1bd0da3-bc03-4864-80fd-2f47fd02ee95' before making global git config changes
2025-04-16T14:12:23.9034179Z Adding repository directory to the temporary git global config as a safe directory
2025-04-16T14:12:23.9039535Z [command]/usr/bin/git config --global --add safe.directory /home/runner/work/date-night-app2/date-night-app2
2025-04-16T14:12:23.9088748Z [command]/usr/bin/git config --local --name-only --get-regexp core\.sshCommand
2025-04-16T14:12:23.9135617Z [command]/usr/bin/git submodule foreach --recursive sh -c "git config --local --name-only --get-regexp 'core\.sshCommand' && git config --local --unset-all 'core.sshCommand' || :"
2025-04-16T14:12:23.9512155Z [command]/usr/bin/git config --local --name-only --get-regexp http\.https\:\/\/github\.com\/\.extraheader
2025-04-16T14:12:23.9552775Z http.https://github.com/.extraheader
2025-04-16T14:12:23.9569023Z [command]/usr/bin/git config --local --unset-all http.https://github.com/.extraheader
2025-04-16T14:12:23.9634640Z [command]/usr/bin/git submodule foreach --recursive sh -c "git config --local --name-only --get-regexp 'http\.https\:\/\/github\.com\/\.extraheader' && git config --local --unset-all 'http.https://github.com/.extraheader' || :"
2025-04-16T14:12:24.0121830Z Cleaning up orphan processes
