2025-04-16T08:24:03.8201297Z Current runner version: '2.323.0'
2025-04-16T08:24:03.8280230Z ##[group]Operating System
2025-04-16T08:24:03.8281386Z Ubuntu
2025-04-16T08:24:03.8282284Z 24.04.2
2025-04-16T08:24:03.8283059Z LTS
2025-04-16T08:24:03.8304496Z ##[endgroup]
2025-04-16T08:24:03.8305374Z ##[group]Runner Image
2025-04-16T08:24:03.8306361Z Image: ubuntu-24.04
2025-04-16T08:24:03.8307414Z Version: 20250406.1.0
2025-04-16T08:24:03.8309241Z Included Software: https://github.com/actions/runner-images/blob/ubuntu24/20250406.1/images/ubuntu/Ubuntu2404-Readme.md
2025-04-16T08:24:03.8311734Z Image Release: https://github.com/actions/runner-images/releases/tag/ubuntu24%2F20250406.1
2025-04-16T08:24:03.8313269Z ##[endgroup]
2025-04-16T08:24:03.8314546Z ##[group]Runner Image Provisioner
2025-04-16T08:24:03.8315556Z 2.0.422.1
2025-04-16T08:24:03.8316395Z ##[endgroup]
2025-04-16T08:24:03.8318544Z ##[group]GITHUB_TOKEN Permissions
2025-04-16T08:24:03.8321320Z Contents: read
2025-04-16T08:24:03.8322229Z Metadata: read
2025-04-16T08:24:03.8343832Z Packages: read
2025-04-16T08:24:03.8345084Z ##[endgroup]
2025-04-16T08:24:03.8348447Z Secret source: Actions
2025-04-16T08:24:03.8349593Z Prepare workflow directory
2025-04-16T08:24:03.9340869Z Prepare all required actions
2025-04-16T08:24:03.9462005Z Getting action download info
2025-04-16T08:24:04.3397857Z ##[group]Download immutable action package 'actions/checkout@v4'
2025-04-16T08:24:04.3399034Z Version: 4.2.2
2025-04-16T08:24:04.3400049Z Digest: sha256:ccb2698953eaebd21c7bf6268a94f9c26518a7e38e27e0b83c1fe1ad049819b1
2025-04-16T08:24:04.3401208Z Source commit SHA: 11bd71901bbe5b1630ceea73d27597364c9af683
2025-04-16T08:24:04.3402001Z ##[endgroup]
2025-04-16T08:24:04.4505637Z ##[group]Download immutable action package 'actions/setup-node@v4'
2025-04-16T08:24:04.4506431Z Version: 4.4.0
2025-04-16T08:24:04.4507098Z Digest: sha256:9427cefe82346e992fb5b949e3569b39d537ae41aa3086483b14eceebfc16bc1
2025-04-16T08:24:04.4508184Z Source commit SHA: 49933ea5288caeca8642d1e84afbd3f7d6820020
2025-04-16T08:24:04.4508889Z ##[endgroup]
2025-04-16T08:24:04.7829289Z Complete job name: lint (22.x)
2025-04-16T08:24:04.8449677Z ##[group]Run actions/checkout@v4
2025-04-16T08:24:04.8450525Z with:
2025-04-16T08:24:04.8450939Z   repository: mrkurger/date-night-app2
2025-04-16T08:24:04.8451658Z   token: ***
2025-04-16T08:24:04.8452032Z   ssh-strict: true
2025-04-16T08:24:04.8452419Z   ssh-user: git
2025-04-16T08:24:04.8452816Z   persist-credentials: true
2025-04-16T08:24:04.8453274Z   clean: true
2025-04-16T08:24:04.8453847Z   sparse-checkout-cone-mode: true
2025-04-16T08:24:04.8454328Z   fetch-depth: 1
2025-04-16T08:24:04.8454712Z   fetch-tags: false
2025-04-16T08:24:04.8455099Z   show-progress: true
2025-04-16T08:24:04.8455486Z   lfs: false
2025-04-16T08:24:04.8455851Z   submodules: false
2025-04-16T08:24:04.8456275Z   set-safe-directory: true
2025-04-16T08:24:04.8456955Z ##[endgroup]
2025-04-16T08:24:05.0581059Z Syncing repository: mrkurger/date-night-app2
2025-04-16T08:24:05.0585301Z ##[group]Getting Git version info
2025-04-16T08:24:05.0586729Z Working directory is '/home/runner/work/date-night-app2/date-night-app2'
2025-04-16T08:24:05.0588543Z [command]/usr/bin/git version
2025-04-16T08:24:05.0670640Z git version 2.49.0
2025-04-16T08:24:05.0685852Z ##[endgroup]
2025-04-16T08:24:05.0701790Z Temporarily overriding HOME='/home/runner/work/_temp/15dbdf0a-7a3f-49de-8735-b89ec3e0dfe2' before making global git config changes
2025-04-16T08:24:05.0705863Z Adding repository directory to the temporary git global config as a safe directory
2025-04-16T08:24:05.0720065Z [command]/usr/bin/git config --global --add safe.directory /home/runner/work/date-night-app2/date-night-app2
2025-04-16T08:24:05.0762669Z Deleting the contents of '/home/runner/work/date-night-app2/date-night-app2'
2025-04-16T08:24:05.0767943Z ##[group]Initializing the repository
2025-04-16T08:24:05.0774076Z [command]/usr/bin/git init /home/runner/work/date-night-app2/date-night-app2
2025-04-16T08:24:05.0864437Z hint: Using 'master' as the name for the initial branch. This default branch name
2025-04-16T08:24:05.0866846Z hint: is subject to change. To configure the initial branch name to use in all
2025-04-16T08:24:05.0869731Z hint: of your new repositories, which will suppress this warning, call:
2025-04-16T08:24:05.0870839Z hint:
2025-04-16T08:24:05.0871560Z hint: 	git config --global init.defaultBranch <name>
2025-04-16T08:24:05.0872438Z hint:
2025-04-16T08:24:05.0873581Z hint: Names commonly chosen instead of 'master' are 'main', 'trunk' and
2025-04-16T08:24:05.0875185Z hint: 'development'. The just-created branch can be renamed via this command:
2025-04-16T08:24:05.0876409Z hint:
2025-04-16T08:24:05.0877067Z hint: 	git branch -m <name>
2025-04-16T08:24:05.0878383Z Initialized empty Git repository in /home/runner/work/date-night-app2/date-night-app2/.git/
2025-04-16T08:24:05.0887223Z [command]/usr/bin/git remote add origin https://github.com/mrkurger/date-night-app2
2025-04-16T08:24:05.0928618Z ##[endgroup]
2025-04-16T08:24:05.0932004Z ##[group]Disabling automatic garbage collection
2025-04-16T08:24:05.0934242Z [command]/usr/bin/git config --local gc.auto 0
2025-04-16T08:24:05.0969542Z ##[endgroup]
2025-04-16T08:24:05.0970655Z ##[group]Setting up auth
2025-04-16T08:24:05.0976015Z [command]/usr/bin/git config --local --name-only --get-regexp core\.sshCommand
2025-04-16T08:24:05.1012317Z [command]/usr/bin/git submodule foreach --recursive sh -c "git config --local --name-only --get-regexp 'core\.sshCommand' && git config --local --unset-all 'core.sshCommand' || :"
2025-04-16T08:24:05.1344953Z [command]/usr/bin/git config --local --name-only --get-regexp http\.https\:\/\/github\.com\/\.extraheader
2025-04-16T08:24:05.1379032Z [command]/usr/bin/git submodule foreach --recursive sh -c "git config --local --name-only --get-regexp 'http\.https\:\/\/github\.com\/\.extraheader' && git config --local --unset-all 'http.https://github.com/.extraheader' || :"
2025-04-16T08:24:05.1626492Z [command]/usr/bin/git config --local http.https://github.com/.extraheader AUTHORIZATION: basic ***
2025-04-16T08:24:05.1674569Z ##[endgroup]
2025-04-16T08:24:05.1676144Z ##[group]Fetching the repository
2025-04-16T08:24:05.1686481Z [command]/usr/bin/git -c protocol.version=2 fetch --no-tags --prune --no-recurse-submodules --depth=1 origin +8674784e209ab5365fe43c6931c8acf289875407:refs/remotes/origin/main
2025-04-16T08:24:07.6206098Z From https://github.com/mrkurger/date-night-app2
2025-04-16T08:24:07.6209558Z  * [new ref]         8674784e209ab5365fe43c6931c8acf289875407 -> origin/main
2025-04-16T08:24:07.6239409Z ##[endgroup]
2025-04-16T08:24:07.6240763Z ##[group]Determining the checkout info
2025-04-16T08:24:07.6242479Z ##[endgroup]
2025-04-16T08:24:07.6247106Z [command]/usr/bin/git sparse-checkout disable
2025-04-16T08:24:07.6291116Z [command]/usr/bin/git config --local --unset-all extensions.worktreeConfig
2025-04-16T08:24:07.6322659Z ##[group]Checking out the ref
2025-04-16T08:24:07.6326813Z [command]/usr/bin/git checkout --progress --force -B main refs/remotes/origin/main
2025-04-16T08:24:08.0682502Z Switched to a new branch 'main'
2025-04-16T08:24:08.0688199Z branch 'main' set up to track 'origin/main'.
2025-04-16T08:24:08.0708184Z ##[endgroup]
2025-04-16T08:24:08.0749608Z [command]/usr/bin/git log -1 --format=%H
2025-04-16T08:24:08.0773893Z 8674784e209ab5365fe43c6931c8acf289875407
2025-04-16T08:24:08.1019618Z ##[group]Run actions/setup-node@v4
2025-04-16T08:24:08.1019981Z with:
2025-04-16T08:24:08.1020198Z   node-version: 22.x
2025-04-16T08:24:08.1020431Z   cache: npm
2025-04-16T08:24:08.1020722Z   cache-dependency-path: client-angular/package-lock.json
2025-04-16T08:24:08.1021072Z   always-auth: false
2025-04-16T08:24:08.1021301Z   check-latest: false
2025-04-16T08:24:08.1021661Z   token: ***
2025-04-16T08:24:08.1021886Z ##[endgroup]
2025-04-16T08:24:08.2817793Z Found in cache @ /opt/hostedtoolcache/node/22.14.0/x64
2025-04-16T08:24:08.2826126Z ##[group]Environment details
2025-04-16T08:24:08.7825222Z node: v22.14.0
2025-04-16T08:24:08.7834783Z npm: 10.9.2
2025-04-16T08:24:08.7836619Z yarn: 1.22.22
2025-04-16T08:24:08.7839040Z ##[endgroup]
2025-04-16T08:24:08.7858389Z [command]/opt/hostedtoolcache/node/22.14.0/x64/bin/npm config get cache
2025-04-16T08:24:08.9091610Z /home/runner/.npm
2025-04-16T08:24:09.0492051Z Cache hit for: node-cache-Linux-x64-npm-eed186788acb99c392cc79891935d042040413390720b7932c16d8b7ca478e8b
2025-04-16T08:24:09.6379723Z Received 69351304 of 69351304 (100.0%), 123.6 MBs/sec
2025-04-16T08:24:09.6400526Z Cache Size: ~66 MB (69351304 B)
2025-04-16T08:24:09.6454315Z [command]/usr/bin/tar -xf /home/runner/work/_temp/7d1a4f2c-18c8-4d01-8ae2-ef3e91175f23/cache.tzst -P -C /home/runner/work/date-night-app2/date-night-app2 --use-compress-program unzstd
2025-04-16T08:24:09.9713091Z Cache restored successfully
2025-04-16T08:24:09.9876673Z Cache restored from key: node-cache-Linux-x64-npm-eed186788acb99c392cc79891935d042040413390720b7932c16d8b7ca478e8b
2025-04-16T08:24:10.0040290Z ##[group]Run npm ci
2025-04-16T08:24:10.0040587Z [36;1mnpm ci[0m
2025-04-16T08:24:10.0093493Z shell: /usr/bin/bash -e {0}
2025-04-16T08:24:10.0093812Z ##[endgroup]
2025-04-16T08:24:16.9607006Z npm warn deprecated inflight@1.0.6: This module is not supported, and leaks memory. Do not use it. Check out lru-cache if you want a good and tested way to coalesce async requests by a key value, which is much more comprehensive and powerful.
2025-04-16T08:24:17.4282727Z npm warn deprecated rimraf@3.0.2: Rimraf versions prior to v4 are no longer supported
2025-04-16T08:24:17.5145620Z npm warn deprecated abab@2.0.6: Use your platform's native atob() and btoa() methods instead
2025-04-16T08:24:17.8861550Z npm warn deprecated glob@7.2.3: Glob versions prior to v9 are no longer supported
2025-04-16T08:24:18.1236479Z npm warn deprecated domexception@4.0.0: Use your platform's native DOMException instead
2025-04-16T08:24:19.0699223Z npm warn deprecated @humanwhocodes/object-schema@2.0.3: Use @eslint/object-schema instead
2025-04-16T08:24:19.0981356Z npm warn deprecated @humanwhocodes/config-array@0.11.14: Use @eslint/config-array instead
2025-04-16T08:24:22.5102556Z npm warn deprecated eslint@8.56.0: This version is no longer supported. Please see https://eslint.org/version-support for other options.
2025-04-16T08:24:36.2875143Z 
2025-04-16T08:24:36.2876249Z > date-night-app@1.0.0 prepare
2025-04-16T08:24:36.2876778Z > husky
2025-04-16T08:24:36.2876989Z 
2025-04-16T08:24:36.3020106Z sh: 1: husky: not found
2025-04-16T08:24:36.3054907Z npm error code 127
2025-04-16T08:24:36.3072041Z npm error path /home/runner/work/date-night-app2/date-night-app2
2025-04-16T08:24:36.3073061Z npm error command failed
2025-04-16T08:24:36.3074154Z npm error command sh -c husky
2025-04-16T08:24:36.3075420Z npm error A complete log of this run can be found in: /home/runner/.npm/_logs/2025-04-16T08_24_10_070Z-debug-0.log
2025-04-16T08:24:36.4051700Z ##[error]Process completed with exit code 127.
2025-04-16T08:24:36.4236349Z Post job cleanup.
2025-04-16T08:24:36.5229249Z [command]/usr/bin/git version
2025-04-16T08:24:36.5270877Z git version 2.49.0
2025-04-16T08:24:36.5321270Z Temporarily overriding HOME='/home/runner/work/_temp/76c65a5f-1dfd-437c-adc9-9f1bc73a890b' before making global git config changes
2025-04-16T08:24:36.5323042Z Adding repository directory to the temporary git global config as a safe directory
2025-04-16T08:24:36.5329241Z [command]/usr/bin/git config --global --add safe.directory /home/runner/work/date-night-app2/date-night-app2
2025-04-16T08:24:36.5379597Z [command]/usr/bin/git config --local --name-only --get-regexp core\.sshCommand
2025-04-16T08:24:36.5418925Z [command]/usr/bin/git submodule foreach --recursive sh -c "git config --local --name-only --get-regexp 'core\.sshCommand' && git config --local --unset-all 'core.sshCommand' || :"
2025-04-16T08:24:36.5674867Z [command]/usr/bin/git config --local --name-only --get-regexp http\.https\:\/\/github\.com\/\.extraheader
2025-04-16T08:24:36.5701164Z http.https://github.com/.extraheader
2025-04-16T08:24:36.5717047Z [command]/usr/bin/git config --local --unset-all http.https://github.com/.extraheader
2025-04-16T08:24:36.5757460Z [command]/usr/bin/git submodule foreach --recursive sh -c "git config --local --name-only --get-regexp 'http\.https\:\/\/github\.com\/\.extraheader' && git config --local --unset-all 'http.https://github.com/.extraheader' || :"
2025-04-16T08:24:36.6141262Z Cleaning up orphan processes
