2025-04-18T18:08:48.0243848Z Current runner version: '2.323.0'
2025-04-18T18:08:48.0280498Z ##[group]Operating System
2025-04-18T18:08:48.0281745Z Ubuntu
2025-04-18T18:08:48.0282509Z 24.04.2
2025-04-18T18:08:48.0283307Z LTS
2025-04-18T18:08:48.0284142Z ##[endgroup]
2025-04-18T18:08:48.0284936Z ##[group]Runner Image
2025-04-18T18:08:48.0285982Z Image: ubuntu-24.04
2025-04-18T18:08:48.0287089Z Version: 20250413.1.0
2025-04-18T18:08:48.0288881Z Included Software: https://github.com/actions/runner-images/blob/ubuntu24/20250413.1/images/ubuntu/Ubuntu2404-Readme.md
2025-04-18T18:08:48.0291486Z Image Release: https://github.com/actions/runner-images/releases/tag/ubuntu24%2F20250413.1
2025-04-18T18:08:48.0293005Z ##[endgroup]
2025-04-18T18:08:48.0293821Z ##[group]Runner Image Provisioner
2025-04-18T18:08:48.0294803Z 2.0.422.1
2025-04-18T18:08:48.0295636Z ##[endgroup]
2025-04-18T18:08:48.0300166Z ##[group]GITHUB_TOKEN Permissions
2025-04-18T18:08:48.0303015Z Actions: write
2025-04-18T18:08:48.0304172Z Attestations: write
2025-04-18T18:08:48.0305189Z Checks: write
2025-04-18T18:08:48.0306454Z Contents: write
2025-04-18T18:08:48.0307306Z Deployments: write
2025-04-18T18:08:48.0308199Z Discussions: write
2025-04-18T18:08:48.0309112Z Issues: write
2025-04-18T18:08:48.0309899Z Metadata: read
2025-04-18T18:08:48.0310693Z Models: read
2025-04-18T18:08:48.0311583Z Packages: write
2025-04-18T18:08:48.0312475Z Pages: write
2025-04-18T18:08:48.0313203Z PullRequests: write
2025-04-18T18:08:48.0314152Z RepositoryProjects: write
2025-04-18T18:08:48.0315137Z SecurityEvents: write
2025-04-18T18:08:48.0316005Z Statuses: write
2025-04-18T18:08:48.0317072Z ##[endgroup]
2025-04-18T18:08:48.0319980Z Secret source: Actions
2025-04-18T18:08:48.0321280Z Prepare workflow directory
2025-04-18T18:08:48.0938148Z Prepare all required actions
2025-04-18T18:08:48.0993721Z Getting action download info
2025-04-18T18:08:48.5164364Z ##[group]Download immutable action package 'actions/checkout@v4'
2025-04-18T18:08:48.5165900Z Version: 4.2.2
2025-04-18T18:08:48.5167811Z Digest: sha256:ccb2698953eaebd21c7bf6268a94f9c26518a7e38e27e0b83c1fe1ad049819b1
2025-04-18T18:08:48.5169617Z Source commit SHA: 11bd71901bbe5b1630ceea73d27597364c9af683
2025-04-18T18:08:48.5170251Z ##[endgroup]
2025-04-18T18:08:48.6077607Z ##[group]Download immutable action package 'actions/setup-node@v4'
2025-04-18T18:08:48.6078308Z Version: 4.4.0
2025-04-18T18:08:48.6078940Z Digest: sha256:9427cefe82346e992fb5b949e3569b39d537ae41aa3086483b14eceebfc16bc1
2025-04-18T18:08:48.6079780Z Source commit SHA: 49933ea5288caeca8642d1e84afbd3f7d6820020
2025-04-18T18:08:48.6080360Z ##[endgroup]
2025-04-18T18:08:48.8477368Z ##[group]Download immutable action package 'actions/upload-artifact@v4'
2025-04-18T18:08:48.8478590Z Version: 4.6.2
2025-04-18T18:08:48.8479617Z Digest: sha256:290722aa3281d5caf23d0acdc3dbeb3424786a1a01a9cc97e72f147225e37c38
2025-04-18T18:08:48.8480626Z Source commit SHA: ea165f8d65b6e75b540449e92b4886f43607fa02
2025-04-18T18:08:48.8481212Z ##[endgroup]
2025-04-18T18:08:49.0550875Z Complete job name: test (22.x)
2025-04-18T18:08:49.0965683Z ##[group]Checking docker version
2025-04-18T18:08:49.0979249Z ##[command]/usr/bin/docker version --format '{{.Server.APIVersion}}'
2025-04-18T18:08:49.1778007Z '1.45'
2025-04-18T18:08:49.1790125Z Docker daemon API version: '1.45'
2025-04-18T18:08:49.1790864Z ##[command]/usr/bin/docker version --format '{{.Client.APIVersion}}'
2025-04-18T18:08:49.1943936Z '1.45'
2025-04-18T18:08:49.1956829Z Docker client API version: '1.45'
2025-04-18T18:08:49.1964245Z ##[endgroup]
2025-04-18T18:08:49.1969461Z ##[group]Clean up resources from previous jobs
2025-04-18T18:08:49.1975562Z ##[command]/usr/bin/docker ps --all --quiet --no-trunc --filter "label=5e822a"
2025-04-18T18:08:49.2120394Z ##[command]/usr/bin/docker network prune --force --filter "label=5e822a"
2025-04-18T18:08:49.2259511Z ##[endgroup]
2025-04-18T18:08:49.2259997Z ##[group]Create local container network
2025-04-18T18:08:49.2270353Z ##[command]/usr/bin/docker network create --label 5e822a github_network_ad4a68083a7449b6b147263dd2d7a156
2025-04-18T18:08:49.3148259Z b4041f8b75005e869e762c10394295203798ca0a9b5860188e413378c3bd62d4
2025-04-18T18:08:49.3165993Z ##[endgroup]
2025-04-18T18:08:49.3189842Z ##[group]Starting mongodb service container
2025-04-18T18:08:49.3209868Z ##[command]/usr/bin/docker pull mongo:6
2025-04-18T18:08:49.6084555Z 6: Pulling from library/mongo
2025-04-18T18:08:49.6708510Z 30a9c22ae099: Pulling fs layer
2025-04-18T18:08:49.6709563Z abd374245ca5: Pulling fs layer
2025-04-18T18:08:49.6710912Z dfcc52b2e041: Pulling fs layer
2025-04-18T18:08:49.6711854Z b058d84e1082: Pulling fs layer
2025-04-18T18:08:49.6712956Z e12a18eb1ecf: Pulling fs layer
2025-04-18T18:08:49.6713964Z 546622740404: Pulling fs layer
2025-04-18T18:08:49.6714956Z 80a51fc6e5dc: Pulling fs layer
2025-04-18T18:08:49.6715995Z f7d23c7569c8: Pulling fs layer
2025-04-18T18:08:49.6717362Z b058d84e1082: Waiting
2025-04-18T18:08:49.6718327Z e12a18eb1ecf: Waiting
2025-04-18T18:08:49.6719283Z 546622740404: Waiting
2025-04-18T18:08:49.6720280Z f7d23c7569c8: Waiting
2025-04-18T18:08:49.6721280Z 80a51fc6e5dc: Waiting
2025-04-18T18:08:49.7519671Z abd374245ca5: Verifying Checksum
2025-04-18T18:08:49.7523999Z abd374245ca5: Download complete
2025-04-18T18:08:49.8156637Z dfcc52b2e041: Verifying Checksum
2025-04-18T18:08:49.8180451Z dfcc52b2e041: Download complete
2025-04-18T18:08:49.9026596Z e12a18eb1ecf: Verifying Checksum
2025-04-18T18:08:49.9031014Z e12a18eb1ecf: Download complete
2025-04-18T18:08:49.9109498Z b058d84e1082: Verifying Checksum
2025-04-18T18:08:49.9114035Z b058d84e1082: Download complete
2025-04-18T18:08:50.0550514Z 546622740404: Verifying Checksum
2025-04-18T18:08:50.0551618Z 546622740404: Download complete
2025-04-18T18:08:50.0924409Z f7d23c7569c8: Verifying Checksum
2025-04-18T18:08:50.0925443Z f7d23c7569c8: Download complete
2025-04-18T18:08:50.3924411Z 30a9c22ae099: Verifying Checksum
2025-04-18T18:08:50.3934411Z 30a9c22ae099: Download complete
2025-04-18T18:08:52.0048114Z 80a51fc6e5dc: Verifying Checksum
2025-04-18T18:08:52.0054129Z 80a51fc6e5dc: Download complete
2025-04-18T18:08:52.0400594Z 30a9c22ae099: Pull complete
2025-04-18T18:08:53.3529577Z abd374245ca5: Pull complete
2025-04-18T18:08:53.5018194Z dfcc52b2e041: Pull complete
2025-04-18T18:08:53.5486737Z b058d84e1082: Pull complete
2025-04-18T18:08:53.5698386Z e12a18eb1ecf: Pull complete
2025-04-18T18:08:53.5813839Z 546622740404: Pull complete
2025-04-18T18:08:57.5776466Z 80a51fc6e5dc: Pull complete
2025-04-18T18:09:00.5627532Z f7d23c7569c8: Pull complete
2025-04-18T18:09:00.5679134Z Digest: sha256:5e5dd359de06dabbd2fb587e8ded7afe1dd8ecfff736323aadb5d29a4bd697aa
2025-04-18T18:09:00.5704062Z Status: Downloaded newer image for mongo:6
2025-04-18T18:09:00.5712448Z docker.io/library/mongo:6
2025-04-18T18:09:00.5781403Z ##[command]/usr/bin/docker create --name 53885bd3fb6049bca7768fb7193eee25_mongo6_c6a8b1 --label 5e822a --network github_network_ad4a68083a7449b6b147263dd2d7a156 --network-alias mongodb -p 27017:27017  -e GITHUB_ACTIONS=true -e CI=true mongo:6
2025-04-18T18:09:00.6140860Z f8de1f749eed7a8644660e2b1ef05b052558b6166f5b6002181dd589dd3c87dc
2025-04-18T18:09:00.6177852Z ##[command]/usr/bin/docker start f8de1f749eed7a8644660e2b1ef05b052558b6166f5b6002181dd589dd3c87dc
2025-04-18T18:09:00.9845555Z f8de1f749eed7a8644660e2b1ef05b052558b6166f5b6002181dd589dd3c87dc
2025-04-18T18:09:00.9878489Z ##[command]/usr/bin/docker ps --all --filter id=f8de1f749eed7a8644660e2b1ef05b052558b6166f5b6002181dd589dd3c87dc --filter status=running --no-trunc --format "{{.ID}} {{.Status}}"
2025-04-18T18:09:01.0027949Z f8de1f749eed7a8644660e2b1ef05b052558b6166f5b6002181dd589dd3c87dc Up Less than a second
2025-04-18T18:09:01.0060133Z ##[command]/usr/bin/docker port f8de1f749eed7a8644660e2b1ef05b052558b6166f5b6002181dd589dd3c87dc
2025-04-18T18:09:01.0241093Z 27017/tcp -> 0.0.0.0:27017
2025-04-18T18:09:01.0245749Z 27017/tcp -> [::]:27017
2025-04-18T18:09:01.0320595Z ##[endgroup]
2025-04-18T18:09:01.0332519Z ##[group]Waiting for all services to be ready
2025-04-18T18:09:01.0351434Z ##[command]/usr/bin/docker inspect --format="{{if .Config.Healthcheck}}{{print .State.Health.Status}}{{end}}" f8de1f749eed7a8644660e2b1ef05b052558b6166f5b6002181dd589dd3c87dc
2025-04-18T18:09:01.0574611Z mongodb service is healthy.
2025-04-18T18:09:01.0575494Z ##[endgroup]
2025-04-18T18:09:01.0899005Z ##[group]Run actions/checkout@v4
2025-04-18T18:09:01.0899838Z with:
2025-04-18T18:09:01.0900228Z   repository: mrkurger/date-night-app2
2025-04-18T18:09:01.0900918Z   token: ***
2025-04-18T18:09:01.0901275Z   ssh-strict: true
2025-04-18T18:09:01.0901654Z   ssh-user: git
2025-04-18T18:09:01.0902065Z   persist-credentials: true
2025-04-18T18:09:01.0996888Z   clean: true
2025-04-18T18:09:01.0997324Z   sparse-checkout-cone-mode: true
2025-04-18T18:09:01.0997686Z   fetch-depth: 1
2025-04-18T18:09:01.0998050Z   fetch-tags: false
2025-04-18T18:09:01.0998353Z   show-progress: true
2025-04-18T18:09:01.0998707Z   lfs: false
2025-04-18T18:09:01.0998983Z   submodules: false
2025-04-18T18:09:01.0999287Z   set-safe-directory: true
2025-04-18T18:09:01.1016754Z env:
2025-04-18T18:09:01.1017130Z   CI: true
2025-04-18T18:09:01.1017463Z ##[endgroup]
2025-04-18T18:09:01.3397714Z Syncing repository: mrkurger/date-night-app2
2025-04-18T18:09:01.3399474Z ##[group]Getting Git version info
2025-04-18T18:09:01.3400163Z Working directory is '/home/runner/work/date-night-app2/date-night-app2'
2025-04-18T18:09:01.3400822Z [command]/usr/bin/git version
2025-04-18T18:09:01.3472155Z git version 2.49.0
2025-04-18T18:09:01.3505356Z ##[endgroup]
2025-04-18T18:09:01.3525782Z Temporarily overriding HOME='/home/runner/work/_temp/5cf0c484-b3b3-44b5-9016-9edf6f4a99e0' before making global git config changes
2025-04-18T18:09:01.3528929Z Adding repository directory to the temporary git global config as a safe directory
2025-04-18T18:09:01.3532577Z [command]/usr/bin/git config --global --add safe.directory /home/runner/work/date-night-app2/date-night-app2
2025-04-18T18:09:01.3571512Z Deleting the contents of '/home/runner/work/date-night-app2/date-night-app2'
2025-04-18T18:09:01.3576496Z ##[group]Initializing the repository
2025-04-18T18:09:01.3580954Z [command]/usr/bin/git init /home/runner/work/date-night-app2/date-night-app2
2025-04-18T18:09:01.3652121Z hint: Using 'master' as the name for the initial branch. This default branch name
2025-04-18T18:09:01.3656806Z hint: is subject to change. To configure the initial branch name to use in all
2025-04-18T18:09:01.3657683Z hint: of your new repositories, which will suppress this warning, call:
2025-04-18T18:09:01.3658042Z hint:
2025-04-18T18:09:01.3658333Z hint: 	git config --global init.defaultBranch <name>
2025-04-18T18:09:01.3658631Z hint:
2025-04-18T18:09:01.3658913Z hint: Names commonly chosen instead of 'master' are 'main', 'trunk' and
2025-04-18T18:09:01.3659371Z hint: 'development'. The just-created branch can be renamed via this command:
2025-04-18T18:09:01.3659728Z hint:
2025-04-18T18:09:01.3659930Z hint: 	git branch -m <name>
2025-04-18T18:09:01.3664125Z Initialized empty Git repository in /home/runner/work/date-night-app2/date-night-app2/.git/
2025-04-18T18:09:01.3680832Z [command]/usr/bin/git remote add origin https://github.com/mrkurger/date-night-app2
2025-04-18T18:09:01.3722765Z ##[endgroup]
2025-04-18T18:09:01.3723771Z ##[group]Disabling automatic garbage collection
2025-04-18T18:09:01.3727482Z [command]/usr/bin/git config --local gc.auto 0
2025-04-18T18:09:01.3762271Z ##[endgroup]
2025-04-18T18:09:01.3762871Z ##[group]Setting up auth
2025-04-18T18:09:01.3772808Z [command]/usr/bin/git config --local --name-only --get-regexp core\.sshCommand
2025-04-18T18:09:01.3807768Z [command]/usr/bin/git submodule foreach --recursive sh -c "git config --local --name-only --get-regexp 'core\.sshCommand' && git config --local --unset-all 'core.sshCommand' || :"
2025-04-18T18:09:01.4134181Z [command]/usr/bin/git config --local --name-only --get-regexp http\.https\:\/\/github\.com\/\.extraheader
2025-04-18T18:09:01.4169341Z [command]/usr/bin/git submodule foreach --recursive sh -c "git config --local --name-only --get-regexp 'http\.https\:\/\/github\.com\/\.extraheader' && git config --local --unset-all 'http.https://github.com/.extraheader' || :"
2025-04-18T18:09:01.4421943Z [command]/usr/bin/git config --local http.https://github.com/.extraheader AUTHORIZATION: basic ***
2025-04-18T18:09:01.4470617Z ##[endgroup]
2025-04-18T18:09:01.4471792Z ##[group]Fetching the repository
2025-04-18T18:09:01.4481940Z [command]/usr/bin/git -c protocol.version=2 fetch --no-tags --prune --no-recurse-submodules --depth=1 origin +7f8cc24374d7e079839c01da2c7ce11efd600de0:refs/remotes/pull/8/merge
2025-04-18T18:09:02.9678738Z From https://github.com/mrkurger/date-night-app2
2025-04-18T18:09:02.9681707Z  * [new ref]         7f8cc24374d7e079839c01da2c7ce11efd600de0 -> pull/8/merge
2025-04-18T18:09:02.9718268Z ##[endgroup]
2025-04-18T18:09:02.9721188Z ##[group]Determining the checkout info
2025-04-18T18:09:02.9723748Z ##[endgroup]
2025-04-18T18:09:02.9727211Z [command]/usr/bin/git sparse-checkout disable
2025-04-18T18:09:02.9774312Z [command]/usr/bin/git config --local --unset-all extensions.worktreeConfig
2025-04-18T18:09:02.9812063Z ##[group]Checking out the ref
2025-04-18T18:09:02.9812729Z [command]/usr/bin/git checkout --progress --force refs/remotes/pull/8/merge
2025-04-18T18:09:03.5673796Z Note: switching to 'refs/remotes/pull/8/merge'.
2025-04-18T18:09:03.5677431Z 
2025-04-18T18:09:03.5679856Z You are in 'detached HEAD' state. You can look around, make experimental
2025-04-18T18:09:03.5681792Z changes and commit them, and you can discard any commits you make in this
2025-04-18T18:09:03.5682578Z state without impacting any branches by switching back to a branch.
2025-04-18T18:09:03.5683036Z 
2025-04-18T18:09:03.5683321Z If you want to create a new branch to retain commits you create, you may
2025-04-18T18:09:03.5683968Z do so (now or later) by using -c with the switch command. Example:
2025-04-18T18:09:03.5684340Z 
2025-04-18T18:09:03.5684487Z   git switch -c <new-branch-name>
2025-04-18T18:09:03.5684748Z 
2025-04-18T18:09:03.5684885Z Or undo this operation with:
2025-04-18T18:09:03.5685125Z 
2025-04-18T18:09:03.5685269Z   git switch -
2025-04-18T18:09:03.5685464Z 
2025-04-18T18:09:03.5685776Z Turn off this advice by setting config variable advice.detachedHead to false
2025-04-18T18:09:03.5686389Z 
2025-04-18T18:09:03.5686924Z HEAD is now at 7f8cc24 Merge 7adf906c16b487429386add593e465eb00d6cdcf into 17bbf7a3e29e51375ef6ec208fb656e1d745b655
2025-04-18T18:09:03.5714369Z ##[endgroup]
2025-04-18T18:09:03.5753074Z [command]/usr/bin/git log -1 --format=%H
2025-04-18T18:09:03.5778994Z 7f8cc24374d7e079839c01da2c7ce11efd600de0
2025-04-18T18:09:03.6009640Z ##[group]Run actions/setup-node@v4
2025-04-18T18:09:03.6009909Z with:
2025-04-18T18:09:03.6010090Z   node-version: 22.x
2025-04-18T18:09:03.6010273Z   cache: npm
2025-04-18T18:09:03.6010502Z   cache-dependency-path: server/package-lock.json
2025-04-18T18:09:03.6010784Z   always-auth: false
2025-04-18T18:09:03.6010980Z   check-latest: false
2025-04-18T18:09:03.6011294Z   token: ***
2025-04-18T18:09:03.6011464Z env:
2025-04-18T18:09:03.6011622Z   CI: true
2025-04-18T18:09:03.6011800Z ##[endgroup]
2025-04-18T18:09:03.7784278Z Found in cache @ /opt/hostedtoolcache/node/22.14.0/x64
2025-04-18T18:09:03.7792428Z ##[group]Environment details
2025-04-18T18:09:04.2982029Z node: v22.14.0
2025-04-18T18:09:04.2982444Z npm: 10.9.2
2025-04-18T18:09:04.2982942Z yarn: 1.22.22
2025-04-18T18:09:04.3001548Z ##[endgroup]
2025-04-18T18:09:04.3021621Z [command]/opt/hostedtoolcache/node/22.14.0/x64/bin/npm config get cache
2025-04-18T18:09:04.4147978Z /home/runner/.npm
2025-04-18T18:09:04.4289328Z ##[error]Some specified paths were not resolved, unable to cache dependencies.
2025-04-18T18:09:04.4401163Z ##[group]Run actions/upload-artifact@v4
2025-04-18T18:09:04.4401436Z with:
2025-04-18T18:09:04.4401621Z   name: server-test-results
2025-04-18T18:09:04.4401837Z   path: ./server/coverage
2025-04-18T18:09:04.4402052Z   if-no-files-found: warn
2025-04-18T18:09:04.4402262Z   compression-level: 6
2025-04-18T18:09:04.4402458Z   overwrite: false
2025-04-18T18:09:04.4402657Z   include-hidden-files: false
2025-04-18T18:09:04.4403031Z env:
2025-04-18T18:09:04.4403188Z   CI: true
2025-04-18T18:09:04.4403343Z ##[endgroup]
2025-04-18T18:09:04.6700737Z ##[warning]No files were found with the provided path: ./server/coverage. No artifacts will be uploaded.
2025-04-18T18:09:04.6839990Z Post job cleanup.
2025-04-18T18:09:04.7803978Z [command]/usr/bin/git version
2025-04-18T18:09:04.7840458Z git version 2.49.0
2025-04-18T18:09:04.7887744Z Temporarily overriding HOME='/home/runner/work/_temp/e1fadbb5-6922-4f84-958f-e716b989f6ad' before making global git config changes
2025-04-18T18:09:04.7890256Z Adding repository directory to the temporary git global config as a safe directory
2025-04-18T18:09:04.7905306Z [command]/usr/bin/git config --global --add safe.directory /home/runner/work/date-night-app2/date-night-app2
2025-04-18T18:09:04.7944257Z [command]/usr/bin/git config --local --name-only --get-regexp core\.sshCommand
2025-04-18T18:09:04.7982125Z [command]/usr/bin/git submodule foreach --recursive sh -c "git config --local --name-only --get-regexp 'core\.sshCommand' && git config --local --unset-all 'core.sshCommand' || :"
2025-04-18T18:09:04.8237486Z [command]/usr/bin/git config --local --name-only --get-regexp http\.https\:\/\/github\.com\/\.extraheader
2025-04-18T18:09:04.8262900Z http.https://github.com/.extraheader
2025-04-18T18:09:04.8277806Z [command]/usr/bin/git config --local --unset-all http.https://github.com/.extraheader
2025-04-18T18:09:04.8312036Z [command]/usr/bin/git submodule foreach --recursive sh -c "git config --local --name-only --get-regexp 'http\.https\:\/\/github\.com\/\.extraheader' && git config --local --unset-all 'http.https://github.com/.extraheader' || :"
2025-04-18T18:09:04.8644786Z Print service container logs: 53885bd3fb6049bca7768fb7193eee25_mongo6_c6a8b1
2025-04-18T18:09:04.8650025Z ##[command]/usr/bin/docker logs --details f8de1f749eed7a8644660e2b1ef05b052558b6166f5b6002181dd589dd3c87dc
2025-04-18T18:09:04.8810259Z  {"t":{"$date":"2025-04-18T18:09:01.029+00:00"},"s":"I",  "c":"NETWORK",  "id":4915701, "ctx":"-","msg":"Initialized wire specification","attr":{"spec":{"incomingExternalClient":{"minWireVersion":0,"maxWireVersion":17},"incomingInternalClient":{"minWireVersion":0,"maxWireVersion":17},"outgoing":{"minWireVersion":6,"maxWireVersion":17},"isInternalClient":true}}}
2025-04-18T18:09:04.8815075Z  {"t":{"$date":"2025-04-18T18:09:01.032+00:00"},"s":"I",  "c":"CONTROL",  "id":23285,   "ctx":"main","msg":"Automatically disabling TLS 1.0, to force-enable TLS 1.0 specify --sslDisabledProtocols 'none'"}
2025-04-18T18:09:04.8816686Z  {"t":{"$date":"2025-04-18T18:09:01.032+00:00"},"s":"I",  "c":"NETWORK",  "id":4648601, "ctx":"main","msg":"Implicit TCP FastOpen unavailable. If TCP FastOpen is required, set tcpFastOpenServer, tcpFastOpenClient, and tcpFastOpenQueueSize."}
2025-04-18T18:09:04.8817948Z  {"t":{"$date":"2025-04-18T18:09:01.033+00:00"},"s":"I",  "c":"REPL",     "id":5123008, "ctx":"main","msg":"Successfully registered PrimaryOnlyService","attr":{"service":"TenantMigrationDonorService","namespace":"config.tenantMigrationDonors"}}
2025-04-18T18:09:04.8819205Z  {"t":{"$date":"2025-04-18T18:09:01.034+00:00"},"s":"I",  "c":"REPL",     "id":5123008, "ctx":"main","msg":"Successfully registered PrimaryOnlyService","attr":{"service":"TenantMigrationRecipientService","namespace":"config.tenantMigrationRecipients"}}
2025-04-18T18:09:04.8820409Z  {"t":{"$date":"2025-04-18T18:09:01.034+00:00"},"s":"I",  "c":"REPL",     "id":5123008, "ctx":"main","msg":"Successfully registered PrimaryOnlyService","attr":{"service":"ShardSplitDonorService","namespace":"config.tenantSplitDonors"}}
2025-04-18T18:09:04.8821266Z  {"t":{"$date":"2025-04-18T18:09:01.034+00:00"},"s":"I",  "c":"CONTROL",  "id":5945603, "ctx":"main","msg":"Multi threading initialized"}
2025-04-18T18:09:04.8822092Z  {"t":{"$date":"2025-04-18T18:09:01.034+00:00"},"s":"I",  "c":"CONTROL",  "id":4615611, "ctx":"initandlisten","msg":"MongoDB starting","attr":{"pid":1,"port":27017,"dbPath":"/data/db","architecture":"64-bit","host":"f8de1f749eed"}}
2025-04-18T18:09:04.8823784Z  {"t":{"$date":"2025-04-18T18:09:01.035+00:00"},"s":"I",  "c":"CONTROL",  "id":23403,   "ctx":"initandlisten","msg":"Build Info","attr":{"buildInfo":{"version":"6.0.22","gitVersion":"ee527360b84c6798535ee0895de3c7186b3522f9","openSSLVersion":"OpenSSL 3.0.2 15 Mar 2022","modules":[],"allocator":"tcmalloc","environment":{"distmod":"ubuntu2204","distarch":"x86_64","target_arch":"x86_64"}}}}
2025-04-18T18:09:04.8825133Z  {"t":{"$date":"2025-04-18T18:09:01.035+00:00"},"s":"I",  "c":"CONTROL",  "id":51765,   "ctx":"initandlisten","msg":"Operating System","attr":{"os":{"name":"Ubuntu","version":"22.04"}}}
2025-04-18T18:09:04.8825944Z  {"t":{"$date":"2025-04-18T18:09:01.035+00:00"},"s":"I",  "c":"CONTROL",  "id":21951,   "ctx":"initandlisten","msg":"Options set by command line","attr":{"options":{"net":{"bindIp":"*"}}}}
2025-04-18T18:09:04.8827324Z  {"t":{"$date":"2025-04-18T18:09:01.038+00:00"},"s":"I",  "c":"STORAGE",  "id":22297,   "ctx":"initandlisten","msg":"Using the XFS filesystem is strongly recommended with the WiredTiger storage engine. See http://dochub.mongodb.org/core/prodnotes-filesystem","tags":["startupWarnings"]}
2025-04-18T18:09:04.8830218Z  {"t":{"$date":"2025-04-18T18:09:01.038+00:00"},"s":"I",  "c":"STORAGE",  "id":22315,   "ctx":"initandlisten","msg":"Opening WiredTiger","attr":{"config":"create,cache_size=3457M,session_max=33000,eviction=(threads_min=4,threads_max=4),config_base=false,statistics=(fast),log=(enabled=true,remove=true,path=journal,compressor=snappy),builtin_extension_config=(zstd=(compression_level=6)),file_manager=(close_idle_time=600,close_scan_interval=10,close_handle_minimum=2000),statistics_log=(wait=0),json_output=(error,message),verbose=[recovery_progress:1,checkpoint_progress:1,compact_progress:1,backup:0,checkpoint:0,compact:0,evict:0,history_store:0,recovery:0,rts:0,salvage:0,tiered:0,timestamp:0,transaction:0,verify:0,log:0],"}}
2025-04-18T18:09:04.8833250Z  {"t":{"$date":"2025-04-18T18:09:01.250+00:00"},"s":"I",  "c":"WTRECOV",  "id":22430,   "ctx":"initandlisten","msg":"WiredTiger message","attr":{"message":{"ts_sec":1744999741,"ts_usec":250279,"thread":"1:0x7f33349a2cc0","session_name":"txn-recover","category":"WT_VERB_RECOVERY_PROGRESS","category_id":30,"verbose_level":"DEBUG","verbose_level_id":1,"msg":"recovery log replay has successfully finished and ran for 0 milliseconds"}}}
2025-04-18T18:09:04.8835224Z  {"t":{"$date":"2025-04-18T18:09:01.250+00:00"},"s":"I",  "c":"WTRECOV",  "id":22430,   "ctx":"initandlisten","msg":"WiredTiger message","attr":{"message":{"ts_sec":1744999741,"ts_usec":250381,"thread":"1:0x7f33349a2cc0","session_name":"txn-recover","category":"WT_VERB_RECOVERY_PROGRESS","category_id":30,"verbose_level":"DEBUG","verbose_level_id":1,"msg":"Set global recovery timestamp: (0, 0)"}}}
2025-04-18T18:09:04.8837328Z  {"t":{"$date":"2025-04-18T18:09:01.250+00:00"},"s":"I",  "c":"WTRECOV",  "id":22430,   "ctx":"initandlisten","msg":"WiredTiger message","attr":{"message":{"ts_sec":1744999741,"ts_usec":250405,"thread":"1:0x7f33349a2cc0","session_name":"txn-recover","category":"WT_VERB_RECOVERY_PROGRESS","category_id":30,"verbose_level":"DEBUG","verbose_level_id":1,"msg":"Set global oldest timestamp: (0, 0)"}}}
2025-04-18T18:09:04.8839518Z  {"t":{"$date":"2025-04-18T18:09:01.250+00:00"},"s":"I",  "c":"WTRECOV",  "id":22430,   "ctx":"initandlisten","msg":"WiredTiger message","attr":{"message":{"ts_sec":1744999741,"ts_usec":250480,"thread":"1:0x7f33349a2cc0","session_name":"txn-recover","category":"WT_VERB_RECOVERY_PROGRESS","category_id":30,"verbose_level":"DEBUG","verbose_level_id":1,"msg":"recovery was completed successfully and took 0ms, including 0ms for the log replay, 0ms for the rollback to stable, and 0ms for the checkpoint."}}}
2025-04-18T18:09:04.8841105Z  {"t":{"$date":"2025-04-18T18:09:01.255+00:00"},"s":"I",  "c":"STORAGE",  "id":4795906, "ctx":"initandlisten","msg":"WiredTiger opened","attr":{"durationMillis":217}}
2025-04-18T18:09:04.8841966Z  {"t":{"$date":"2025-04-18T18:09:01.255+00:00"},"s":"I",  "c":"RECOVERY", "id":23987,   "ctx":"initandlisten","msg":"WiredTiger recoveryTimestamp","attr":{"recoveryTimestamp":{"$timestamp":{"t":0,"i":0}}}}
2025-04-18T18:09:04.8843176Z  {"t":{"$date":"2025-04-18T18:09:01.266+00:00"},"s":"W",  "c":"CONTROL",  "id":22120,   "ctx":"initandlisten","msg":"Access control is not enabled for the database. Read and write access to data and configuration is unrestricted","tags":["startupWarnings"]}
2025-04-18T18:09:04.8844403Z  {"t":{"$date":"2025-04-18T18:09:01.266+00:00"},"s":"W",  "c":"CONTROL",  "id":22178,   "ctx":"initandlisten","msg":"/sys/kernel/mm/transparent_hugepage/enabled is 'always'. We suggest setting it to 'never' in this binary version","tags":["startupWarnings"]}
2025-04-18T18:09:04.8845593Z  {"t":{"$date":"2025-04-18T18:09:01.266+00:00"},"s":"W",  "c":"CONTROL",  "id":5123300, "ctx":"initandlisten","msg":"vm.max_map_count is too low","attr":{"currentValue":262144,"recommendedMinimum":1677720,"maxConns":838860},"tags":["startupWarnings"]}
2025-04-18T18:09:04.8847415Z  {"t":{"$date":"2025-04-18T18:09:01.267+00:00"},"s":"I",  "c":"STORAGE",  "id":20320,   "ctx":"initandlisten","msg":"createCollection","attr":{"namespace":"admin.system.version","uuidDisposition":"provided","uuid":{"uuid":{"$uuid":"3bb88e5f-45d0-4649-a2c1-5d662b5caac2"}},"options":{"uuid":{"$uuid":"3bb88e5f-45d0-4649-a2c1-5d662b5caac2"}}}}
2025-04-18T18:09:04.8849398Z  {"t":{"$date":"2025-04-18T18:09:01.274+00:00"},"s":"I",  "c":"INDEX",    "id":20345,   "ctx":"initandlisten","msg":"Index build: done building","attr":{"buildUUID":null,"collectionUUID":{"uuid":{"$uuid":"3bb88e5f-45d0-4649-a2c1-5d662b5caac2"}},"namespace":"admin.system.version","index":"_id_","ident":"index-1--3954271638304651516","collectionIdent":"collection-0--3954271638304651516","commitTimestamp":null}}
2025-04-18T18:09:04.8850817Z  {"t":{"$date":"2025-04-18T18:09:01.274+00:00"},"s":"I",  "c":"REPL",     "id":20459,   "ctx":"initandlisten","msg":"Setting featureCompatibilityVersion","attr":{"newVersion":"6.0"}}
2025-04-18T18:09:04.8851737Z  {"t":{"$date":"2025-04-18T18:09:01.274+00:00"},"s":"I",  "c":"REPL",     "id":5853300, "ctx":"initandlisten","msg":"current featureCompatibilityVersion value","attr":{"featureCompatibilityVersion":"6.0","context":"setFCV"}}
2025-04-18T18:09:04.8853874Z  {"t":{"$date":"2025-04-18T18:09:01.274+00:00"},"s":"I",  "c":"NETWORK",  "id":4915702, "ctx":"initandlisten","msg":"Updated wire specification","attr":{"oldSpec":{"incomingExternalClient":{"minWireVersion":0,"maxWireVersion":17},"incomingInternalClient":{"minWireVersion":0,"maxWireVersion":17},"outgoing":{"minWireVersion":6,"maxWireVersion":17},"isInternalClient":true},"newSpec":{"incomingExternalClient":{"minWireVersion":0,"maxWireVersion":17},"incomingInternalClient":{"minWireVersion":17,"maxWireVersion":17},"outgoing":{"minWireVersion":17,"maxWireVersion":17},"isInternalClient":true}}}
2025-04-18T18:09:04.8857440Z  {"t":{"$date":"2025-04-18T18:09:01.275+00:00"},"s":"I",  "c":"NETWORK",  "id":4915702, "ctx":"initandlisten","msg":"Updated wire specification","attr":{"oldSpec":{"incomingExternalClient":{"minWireVersion":0,"maxWireVersion":17},"incomingInternalClient":{"minWireVersion":17,"maxWireVersion":17},"outgoing":{"minWireVersion":17,"maxWireVersion":17},"isInternalClient":true},"newSpec":{"incomingExternalClient":{"minWireVersion":0,"maxWireVersion":17},"incomingInternalClient":{"minWireVersion":17,"maxWireVersion":17},"outgoing":{"minWireVersion":17,"maxWireVersion":17},"isInternalClient":true}}}
2025-04-18T18:09:04.8859636Z  {"t":{"$date":"2025-04-18T18:09:01.275+00:00"},"s":"I",  "c":"REPL",     "id":5853300, "ctx":"initandlisten","msg":"current featureCompatibilityVersion value","attr":{"featureCompatibilityVersion":"6.0","context":"startup"}}
2025-04-18T18:09:04.8860479Z  {"t":{"$date":"2025-04-18T18:09:01.275+00:00"},"s":"I",  "c":"STORAGE",  "id":5071100, "ctx":"initandlisten","msg":"Clearing temp directory"}
2025-04-18T18:09:04.8861117Z  {"t":{"$date":"2025-04-18T18:09:01.275+00:00"},"s":"I",  "c":"CONTROL",  "id":20536,   "ctx":"initandlisten","msg":"Flow Control is enabled on this deployment"}
2025-04-18T18:09:04.8862081Z  {"t":{"$date":"2025-04-18T18:09:01.275+00:00"},"s":"I",  "c":"FTDC",     "id":20625,   "ctx":"initandlisten","msg":"Initializing full-time diagnostic data capture","attr":{"dataDirectory":"/data/db/diagnostic.data"}}
2025-04-18T18:09:04.8863329Z  {"t":{"$date":"2025-04-18T18:09:01.277+00:00"},"s":"I",  "c":"STORAGE",  "id":20320,   "ctx":"initandlisten","msg":"createCollection","attr":{"namespace":"local.startup_log","uuidDisposition":"generated","uuid":{"uuid":{"$uuid":"9967c7b3-4ca5-4065-aacf-7000eea8ebe5"}},"options":{"capped":true,"size":10485760}}}
2025-04-18T18:09:04.8865093Z  {"t":{"$date":"2025-04-18T18:09:01.284+00:00"},"s":"I",  "c":"INDEX",    "id":20345,   "ctx":"initandlisten","msg":"Index build: done building","attr":{"buildUUID":null,"collectionUUID":{"uuid":{"$uuid":"9967c7b3-4ca5-4065-aacf-7000eea8ebe5"}},"namespace":"local.startup_log","index":"_id_","ident":"index-3--3954271638304651516","collectionIdent":"collection-2--3954271638304651516","commitTimestamp":null}}
2025-04-18T18:09:04.8866746Z  {"t":{"$date":"2025-04-18T18:09:01.284+00:00"},"s":"I",  "c":"REPL",     "id":6015317, "ctx":"initandlisten","msg":"Setting new configuration state","attr":{"newState":"ConfigReplicationDisabled","oldState":"ConfigPreStart"}}
2025-04-18T18:09:04.8867575Z  {"t":{"$date":"2025-04-18T18:09:01.284+00:00"},"s":"I",  "c":"STORAGE",  "id":22262,   "ctx":"initandlisten","msg":"Timestamp monitor starting"}
2025-04-18T18:09:04.8868712Z  {"t":{"$date":"2025-04-18T18:09:01.286+00:00"},"s":"I",  "c":"CONTROL",  "id":20712,   "ctx":"LogicalSessionCacheReap","msg":"Sessions collection is not set up; waiting until next sessions reap interval","attr":{"error":"NamespaceNotFound: config.system.sessions does not exist"}}
2025-04-18T18:09:04.8870398Z  {"t":{"$date":"2025-04-18T18:09:01.286+00:00"},"s":"I",  "c":"STORAGE",  "id":20320,   "ctx":"LogicalSessionCacheRefresh","msg":"createCollection","attr":{"namespace":"config.system.sessions","uuidDisposition":"generated","uuid":{"uuid":{"$uuid":"0a64e305-1f4b-474f-8794-04d3f8e1e178"}},"options":{}}}
2025-04-18T18:09:04.8871514Z  {"t":{"$date":"2025-04-18T18:09:01.287+00:00"},"s":"I",  "c":"NETWORK",  "id":23015,   "ctx":"listener","msg":"Listening on","attr":{"address":"/tmp/mongodb-27017.sock"}}
2025-04-18T18:09:04.8872190Z  {"t":{"$date":"2025-04-18T18:09:01.287+00:00"},"s":"I",  "c":"NETWORK",  "id":23015,   "ctx":"listener","msg":"Listening on","attr":{"address":"0.0.0.0"}}
2025-04-18T18:09:04.8872858Z  {"t":{"$date":"2025-04-18T18:09:01.287+00:00"},"s":"I",  "c":"NETWORK",  "id":23016,   "ctx":"listener","msg":"Waiting for connections","attr":{"port":27017,"ssl":"off"}}
2025-04-18T18:09:04.8876941Z  {"t":{"$date":"2025-04-18T18:09:01.287+00:00"},"s":"I",  "c":"CONTROL",  "id":8423403, "ctx":"initandlisten","msg":"mongod startup complete","attr":{"Summary of time elapsed":{"Startup from clean shutdown?":true,"Statistics":{"Transport layer setup":"0 ms","Run initial syncer crash recovery":"0 ms","Create storage engine lock file in the data directory":"0 ms","Create storage engine lock file in the data directory":"0 ms","Get metadata describing storage engine":"0 ms","Get metadata describing storage engine":"0 ms","Create storage engine":"0 ms","Create storage engine":"228 ms","Write current PID to file":"0 ms","Write current PID to file":"0 ms","Write a new metadata for storage engine":"0 ms","Write a new metadata for storage engine":"0 ms","Initialize FCV before rebuilding indexes":"0 ms","Initialize FCV before rebuilding indexes":"1 ms","Drop abandoned idents and get back indexes that need to be rebuilt or builds that need to be restarted":"0 ms","Drop abandoned idents and get back indexes that need to be rebuilt or builds that need to be restarted":"0 ms","Rebuild indexes for collections":"0 ms","Rebuild indexes for collections":"0 ms","Build user and roles graph":"0 ms","Set up the background thread pool responsible for waiting for opTimes to be majority committed":"0 ms","Start up the replication coordinator":"0 ms","Start transport layer":"2 ms","_initAndListen total elapsed time":"253 ms"}}}}
2025-04-18T18:09:04.8881954Z  {"t":{"$date":"2025-04-18T18:09:01.296+00:00"},"s":"I",  "c":"INDEX",    "id":20345,   "ctx":"LogicalSessionCacheRefresh","msg":"Index build: done building","attr":{"buildUUID":null,"collectionUUID":{"uuid":{"$uuid":"0a64e305-1f4b-474f-8794-04d3f8e1e178"}},"namespace":"config.system.sessions","index":"_id_","ident":"index-5--3954271638304651516","collectionIdent":"collection-4--3954271638304651516","commitTimestamp":null}}
2025-04-18T18:09:04.8884154Z  {"t":{"$date":"2025-04-18T18:09:01.296+00:00"},"s":"I",  "c":"INDEX",    "id":20345,   "ctx":"LogicalSessionCacheRefresh","msg":"Index build: done building","attr":{"buildUUID":null,"collectionUUID":{"uuid":{"$uuid":"0a64e305-1f4b-474f-8794-04d3f8e1e178"}},"namespace":"config.system.sessions","index":"lsidTTLIndex","ident":"index-6--3954271638304651516","collectionIdent":"collection-4--3954271638304651516","commitTimestamp":null}}
2025-04-18T18:09:04.8890750Z Stop and remove container: 53885bd3fb6049bca7768fb7193eee25_mongo6_c6a8b1
2025-04-18T18:09:04.8895252Z ##[command]/usr/bin/docker rm --force f8de1f749eed7a8644660e2b1ef05b052558b6166f5b6002181dd589dd3c87dc
2025-04-18T18:09:05.2047480Z f8de1f749eed7a8644660e2b1ef05b052558b6166f5b6002181dd589dd3c87dc
2025-04-18T18:09:05.2065009Z Remove container network: github_network_ad4a68083a7449b6b147263dd2d7a156
2025-04-18T18:09:05.2070687Z ##[command]/usr/bin/docker network rm github_network_ad4a68083a7449b6b147263dd2d7a156
2025-04-18T18:09:05.2927962Z github_network_ad4a68083a7449b6b147263dd2d7a156
2025-04-18T18:09:05.2985272Z Cleaning up orphan processes
