2025-04-16T10:22:11.4709339Z Current runner version: '2.323.0'
2025-04-16T10:22:11.4766746Z ##[group]Operating System
2025-04-16T10:22:11.4789561Z Ubuntu
2025-04-16T10:22:11.4790370Z 24.04.2
2025-04-16T10:22:11.4791217Z LTS
2025-04-16T10:22:11.4792142Z ##[endgroup]
2025-04-16T10:22:11.4793083Z ##[group]Runner Image
2025-04-16T10:22:11.4794076Z Image: ubuntu-24.04
2025-04-16T10:22:11.4795204Z Version: 20250406.1.0
2025-04-16T10:22:11.4796987Z Included Software: https://github.com/actions/runner-images/blob/ubuntu24/20250406.1/images/ubuntu/Ubuntu2404-Readme.md
2025-04-16T10:22:11.4799734Z Image Release: https://github.com/actions/runner-images/releases/tag/ubuntu24%2F20250406.1
2025-04-16T10:22:11.4801212Z ##[endgroup]
2025-04-16T10:22:11.4802118Z ##[group]Runner Image Provisioner
2025-04-16T10:22:11.4803073Z 2.0.422.1
2025-04-16T10:22:11.4803800Z ##[endgroup]
2025-04-16T10:22:11.4805550Z ##[group]GITHUB_TOKEN Permissions
2025-04-16T10:22:11.4828818Z Contents: read
2025-04-16T10:22:11.4829652Z Metadata: read
2025-04-16T10:22:11.4830799Z Packages: read
2025-04-16T10:22:11.4831666Z ##[endgroup]
2025-04-16T10:22:11.4834538Z Secret source: Actions
2025-04-16T10:22:11.4835520Z Prepare workflow directory
2025-04-16T10:22:11.5751470Z Prepare all required actions
2025-04-16T10:22:11.5878615Z Getting action download info
2025-04-16T10:22:12.0878387Z ##[group]Download immutable action package 'actions/checkout@v4'
2025-04-16T10:22:12.0879654Z Version: 4.2.2
2025-04-16T10:22:12.0880678Z Digest: sha256:ccb2698953eaebd21c7bf6268a94f9c26518a7e38e27e0b83c1fe1ad049819b1
2025-04-16T10:22:12.0881972Z Source commit SHA: 11bd71901bbe5b1630ceea73d27597364c9af683
2025-04-16T10:22:12.0882924Z ##[endgroup]
2025-04-16T10:22:12.1811330Z ##[group]Download immutable action package 'actions/setup-node@v4'
2025-04-16T10:22:12.1812205Z Version: 4.4.0
2025-04-16T10:22:12.1813038Z Digest: sha256:9427cefe82346e992fb5b949e3569b39d537ae41aa3086483b14eceebfc16bc1
2025-04-16T10:22:12.1814255Z Source commit SHA: 49933ea5288caeca8642d1e84afbd3f7d6820020
2025-04-16T10:22:12.1815063Z ##[endgroup]
2025-04-16T10:22:12.3799881Z ##[group]Download immutable action package 'actions/upload-artifact@v4'
2025-04-16T10:22:12.3800846Z Version: 4.6.2
2025-04-16T10:22:12.3801630Z Digest: sha256:290722aa3281d5caf23d0acdc3dbeb3424786a1a01a9cc97e72f147225e37c38
2025-04-16T10:22:12.3802887Z Source commit SHA: ea165f8d65b6e75b540449e92b4886f43607fa02
2025-04-16T10:22:12.3803646Z ##[endgroup]
2025-04-16T10:22:12.6018204Z Complete job name: test (22.x)
2025-04-16T10:22:12.6602034Z ##[group]Run actions/checkout@v4
2025-04-16T10:22:12.6602950Z with:
2025-04-16T10:22:12.6603391Z   repository: mrkurger/date-night-app2
2025-04-16T10:22:12.6604133Z   token: ***
2025-04-16T10:22:12.6604551Z   ssh-strict: true
2025-04-16T10:22:12.6604978Z   ssh-user: git
2025-04-16T10:22:12.6605399Z   persist-credentials: true
2025-04-16T10:22:12.6605884Z   clean: true
2025-04-16T10:22:12.6606306Z   sparse-checkout-cone-mode: true
2025-04-16T10:22:12.6606827Z   fetch-depth: 1
2025-04-16T10:22:12.6607244Z   fetch-tags: false
2025-04-16T10:22:12.6608012Z   show-progress: true
2025-04-16T10:22:12.6608475Z   lfs: false
2025-04-16T10:22:12.6608885Z   submodules: false
2025-04-16T10:22:12.6609333Z   set-safe-directory: true
2025-04-16T10:22:12.6610116Z ##[endgroup]
2025-04-16T10:22:12.8531652Z Syncing repository: mrkurger/date-night-app2
2025-04-16T10:22:12.8534286Z ##[group]Getting Git version info
2025-04-16T10:22:12.8536680Z Working directory is '/home/runner/work/date-night-app2/date-night-app2'
2025-04-16T10:22:12.8538867Z [command]/usr/bin/git version
2025-04-16T10:22:12.8609790Z git version 2.49.0
2025-04-16T10:22:12.8641073Z ##[endgroup]
2025-04-16T10:22:12.8657018Z Temporarily overriding HOME='/home/runner/work/_temp/d3b14465-6800-4ffd-99cd-5b2ed821b89a' before making global git config changes
2025-04-16T10:22:12.8661416Z Adding repository directory to the temporary git global config as a safe directory
2025-04-16T10:22:12.8674439Z [command]/usr/bin/git config --global --add safe.directory /home/runner/work/date-night-app2/date-night-app2
2025-04-16T10:22:12.8713848Z Deleting the contents of '/home/runner/work/date-night-app2/date-night-app2'
2025-04-16T10:22:12.8718720Z ##[group]Initializing the repository
2025-04-16T10:22:12.8723821Z [command]/usr/bin/git init /home/runner/work/date-night-app2/date-night-app2
2025-04-16T10:22:12.8801492Z hint: Using 'master' as the name for the initial branch. This default branch name
2025-04-16T10:22:12.8803583Z hint: is subject to change. To configure the initial branch name to use in all
2025-04-16T10:22:12.8805142Z hint: of your new repositories, which will suppress this warning, call:
2025-04-16T10:22:12.8806503Z hint:
2025-04-16T10:22:12.8807351Z hint: 	git config --global init.defaultBranch <name>
2025-04-16T10:22:12.8808710Z hint:
2025-04-16T10:22:12.8809726Z hint: Names commonly chosen instead of 'master' are 'main', 'trunk' and
2025-04-16T10:22:12.8811696Z hint: 'development'. The just-created branch can be renamed via this command:
2025-04-16T10:22:12.8813237Z hint:
2025-04-16T10:22:12.8814050Z hint: 	git branch -m <name>
2025-04-16T10:22:12.8817212Z Initialized empty Git repository in /home/runner/work/date-night-app2/date-night-app2/.git/
2025-04-16T10:22:12.8823659Z [command]/usr/bin/git remote add origin https://github.com/mrkurger/date-night-app2
2025-04-16T10:22:12.8859443Z ##[endgroup]
2025-04-16T10:22:12.8860780Z ##[group]Disabling automatic garbage collection
2025-04-16T10:22:12.8864271Z [command]/usr/bin/git config --local gc.auto 0
2025-04-16T10:22:12.8896840Z ##[endgroup]
2025-04-16T10:22:12.8898608Z ##[group]Setting up auth
2025-04-16T10:22:12.8904205Z [command]/usr/bin/git config --local --name-only --get-regexp core\.sshCommand
2025-04-16T10:22:12.8938555Z [command]/usr/bin/git submodule foreach --recursive sh -c "git config --local --name-only --get-regexp 'core\.sshCommand' && git config --local --unset-all 'core.sshCommand' || :"
2025-04-16T10:22:12.9247871Z [command]/usr/bin/git config --local --name-only --get-regexp http\.https\:\/\/github\.com\/\.extraheader
2025-04-16T10:22:12.9282034Z [command]/usr/bin/git submodule foreach --recursive sh -c "git config --local --name-only --get-regexp 'http\.https\:\/\/github\.com\/\.extraheader' && git config --local --unset-all 'http.https://github.com/.extraheader' || :"
2025-04-16T10:22:12.9517894Z [command]/usr/bin/git config --local http.https://github.com/.extraheader AUTHORIZATION: basic ***
2025-04-16T10:22:12.9560825Z ##[endgroup]
2025-04-16T10:22:12.9563955Z ##[group]Fetching the repository
2025-04-16T10:22:12.9572102Z [command]/usr/bin/git -c protocol.version=2 fetch --no-tags --prune --no-recurse-submodules --depth=1 origin +1b576db46b9fd7594ae47bc7d1cb92e0bb864f63:refs/remotes/origin/main
2025-04-16T10:22:15.2274475Z From https://github.com/mrkurger/date-night-app2
2025-04-16T10:22:15.2275790Z  * [new ref]         1b576db46b9fd7594ae47bc7d1cb92e0bb864f63 -> origin/main
2025-04-16T10:22:15.2364921Z ##[endgroup]
2025-04-16T10:22:15.2366161Z ##[group]Determining the checkout info
2025-04-16T10:22:15.2367481Z ##[endgroup]
2025-04-16T10:22:15.2374532Z [command]/usr/bin/git sparse-checkout disable
2025-04-16T10:22:15.2415858Z [command]/usr/bin/git config --local --unset-all extensions.worktreeConfig
2025-04-16T10:22:15.2445608Z ##[group]Checking out the ref
2025-04-16T10:22:15.2450277Z [command]/usr/bin/git checkout --progress --force -B main refs/remotes/origin/main
2025-04-16T10:22:15.6781161Z Switched to a new branch 'main'
2025-04-16T10:22:15.6783465Z branch 'main' set up to track 'origin/main'.
2025-04-16T10:22:15.6803352Z ##[endgroup]
2025-04-16T10:22:15.6851035Z [command]/usr/bin/git log -1 --format=%H
2025-04-16T10:22:15.6892473Z 1b576db46b9fd7594ae47bc7d1cb92e0bb864f63
2025-04-16T10:22:15.7139779Z ##[group]Run actions/setup-node@v4
2025-04-16T10:22:15.7140074Z with:
2025-04-16T10:22:15.7140259Z   node-version: 22.x
2025-04-16T10:22:15.7140463Z   cache: npm
2025-04-16T10:22:15.7140723Z   cache-dependency-path: client-angular/package-lock.json
2025-04-16T10:22:15.7141046Z   always-auth: false
2025-04-16T10:22:15.7141243Z   check-latest: false
2025-04-16T10:22:15.7141821Z   token: ***
2025-04-16T10:22:15.7142011Z ##[endgroup]
2025-04-16T10:22:15.8850802Z Found in cache @ /opt/hostedtoolcache/node/22.14.0/x64
2025-04-16T10:22:15.8858530Z ##[group]Environment details
2025-04-16T10:22:17.6710595Z node: v22.14.0
2025-04-16T10:22:17.6715770Z npm: 10.9.2
2025-04-16T10:22:17.6716129Z yarn: 1.22.22
2025-04-16T10:22:17.6717336Z ##[endgroup]
2025-04-16T10:22:17.6736883Z [command]/opt/hostedtoolcache/node/22.14.0/x64/bin/npm config get cache
2025-04-16T10:22:17.8940947Z /home/runner/.npm
2025-04-16T10:22:17.9954261Z Cache hit for: node-cache-Linux-x64-npm-eed186788acb99c392cc79891935d042040413390720b7932c16d8b7ca478e8b
2025-04-16T10:22:18.4899016Z Received 69351304 of 69351304 (100.0%), 151.0 MBs/sec
2025-04-16T10:22:18.4899590Z Cache Size: ~66 MB (69351304 B)
2025-04-16T10:22:18.4935619Z [command]/usr/bin/tar -xf /home/runner/work/_temp/db5413e4-fc10-4258-ab78-f39a0e59a868/cache.tzst -P -C /home/runner/work/date-night-app2/date-night-app2 --use-compress-program unzstd
2025-04-16T10:22:18.7983935Z Cache restored successfully
2025-04-16T10:22:18.8133468Z Cache restored from key: node-cache-Linux-x64-npm-eed186788acb99c392cc79891935d042040413390720b7932c16d8b7ca478e8b
2025-04-16T10:22:18.8292009Z ##[group]Run npm ci
2025-04-16T10:22:18.8292303Z [36;1mnpm ci[0m
2025-04-16T10:22:18.8345144Z shell: /usr/bin/bash -e {0}
2025-04-16T10:22:18.8345398Z ##[endgroup]
2025-04-16T10:22:24.6402515Z npm warn deprecated inflight@1.0.6: This module is not supported, and leaks memory. Do not use it. Check out lru-cache if you want a good and tested way to coalesce async requests by a key value, which is much more comprehensive and powerful.
2025-04-16T10:22:24.9246472Z npm warn deprecated rimraf@3.0.2: Rimraf versions prior to v4 are no longer supported
2025-04-16T10:22:24.9559897Z npm warn deprecated abab@2.0.6: Use your platform's native atob() and btoa() methods instead
2025-04-16T10:22:25.1464796Z npm warn deprecated glob@7.2.3: Glob versions prior to v9 are no longer supported
2025-04-16T10:22:25.3229264Z npm warn deprecated domexception@4.0.0: Use your platform's native DOMException instead
2025-04-16T10:22:26.1173454Z npm warn deprecated @humanwhocodes/object-schema@2.0.3: Use @eslint/object-schema instead
2025-04-16T10:22:26.1601925Z npm warn deprecated @humanwhocodes/config-array@0.11.14: Use @eslint/config-array instead
2025-04-16T10:22:29.1243077Z npm warn deprecated eslint@8.56.0: This version is no longer supported. Please see https://eslint.org/version-support for other options.
2025-04-16T10:22:44.1445244Z 
2025-04-16T10:22:44.1450020Z > date-night-app@1.0.0 prepare
2025-04-16T10:22:44.1454278Z > husky
2025-04-16T10:22:44.1458155Z 
2025-04-16T10:22:44.1587370Z sh: 1: husky: not found
2025-04-16T10:22:44.1620355Z npm error code 127
2025-04-16T10:22:44.1622595Z npm error path /home/runner/work/date-night-app2/date-night-app2
2025-04-16T10:22:44.1623599Z npm error command failed
2025-04-16T10:22:44.1625632Z npm error command sh -c husky
2025-04-16T10:22:44.1634531Z npm error A complete log of this run can be found in: /home/runner/.npm/_logs/2025-04-16T10_22_18_897Z-debug-0.log
2025-04-16T10:22:44.2524282Z ##[error]Process completed with exit code 127.
2025-04-16T10:22:44.2600892Z ##[group]Run actions/upload-artifact@v4
2025-04-16T10:22:44.2601164Z with:
2025-04-16T10:22:44.2601351Z   name: test-results
2025-04-16T10:22:44.2601565Z   path: ./client-angular/coverage
2025-04-16T10:22:44.2601810Z   if-no-files-found: warn
2025-04-16T10:22:44.2602026Z   compression-level: 6
2025-04-16T10:22:44.2602229Z   overwrite: false
2025-04-16T10:22:44.2602431Z   include-hidden-files: false
2025-04-16T10:22:44.2602649Z ##[endgroup]
2025-04-16T10:22:44.4709645Z ##[warning]No files were found with the provided path: ./client-angular/coverage. No artifacts will be uploaded.
2025-04-16T10:22:44.4862115Z Post job cleanup.
2025-04-16T10:22:44.5795103Z [command]/usr/bin/git version
2025-04-16T10:22:44.5834335Z git version 2.49.0
2025-04-16T10:22:44.5879980Z Temporarily overriding HOME='/home/runner/work/_temp/ea696dce-8dc5-4a7a-965e-e961a939d612' before making global git config changes
2025-04-16T10:22:44.5882099Z Adding repository directory to the temporary git global config as a safe directory
2025-04-16T10:22:44.5887320Z [command]/usr/bin/git config --global --add safe.directory /home/runner/work/date-night-app2/date-night-app2
2025-04-16T10:22:44.5929588Z [command]/usr/bin/git config --local --name-only --get-regexp core\.sshCommand
2025-04-16T10:22:44.5966152Z [command]/usr/bin/git submodule foreach --recursive sh -c "git config --local --name-only --get-regexp 'core\.sshCommand' && git config --local --unset-all 'core.sshCommand' || :"
2025-04-16T10:22:44.6209574Z [command]/usr/bin/git config --local --name-only --get-regexp http\.https\:\/\/github\.com\/\.extraheader
2025-04-16T10:22:44.6233922Z http.https://github.com/.extraheader
2025-04-16T10:22:44.6249140Z [command]/usr/bin/git config --local --unset-all http.https://github.com/.extraheader
2025-04-16T10:22:44.6283282Z [command]/usr/bin/git submodule foreach --recursive sh -c "git config --local --name-only --get-regexp 'http\.https\:\/\/github\.com\/\.extraheader' && git config --local --unset-all 'http.https://github.com/.extraheader' || :"
2025-04-16T10:22:44.6647192Z Cleaning up orphan processes
