2025-04-16T15:20:30.1556473Z Current runner version: '2.323.0'
2025-04-16T15:20:30.1599032Z ##[group]Operating System
2025-04-16T15:20:30.1600423Z Ubuntu
2025-04-16T15:20:30.1601216Z 24.04.2
2025-04-16T15:20:30.1601967Z LTS
2025-04-16T15:20:30.1602803Z ##[endgroup]
2025-04-16T15:20:30.1603666Z ##[group]Runner Image
2025-04-16T15:20:30.1604662Z Image: ubuntu-24.04
2025-04-16T15:20:30.1605688Z Version: 20250413.1.0
2025-04-16T15:20:30.1607751Z Included Software: https://github.com/actions/runner-images/blob/ubuntu24/20250413.1/images/ubuntu/Ubuntu2404-Readme.md
2025-04-16T15:20:30.1610337Z Image Release: https://github.com/actions/runner-images/releases/tag/ubuntu24%2F20250413.1
2025-04-16T15:20:30.1612106Z ##[endgroup]
2025-04-16T15:20:30.1612975Z ##[group]Runner Image Provisioner
2025-04-16T15:20:30.1613982Z 2.0.422.1
2025-04-16T15:20:30.1614772Z ##[endgroup]
2025-04-16T15:20:30.1619360Z ##[group]GITHUB_TOKEN Permissions
2025-04-16T15:20:30.1622145Z Actions: write
2025-04-16T15:20:30.1623414Z Attestations: write
2025-04-16T15:20:30.1624396Z Checks: write
2025-04-16T15:20:30.1625207Z Contents: write
2025-04-16T15:20:30.1626387Z Deployments: write
2025-04-16T15:20:30.1627172Z Discussions: write
2025-04-16T15:20:30.1628160Z Issues: write
2025-04-16T15:20:30.1628927Z Metadata: read
2025-04-16T15:20:30.1629589Z Models: read
2025-04-16T15:20:30.1630541Z Packages: write
2025-04-16T15:20:30.1631365Z Pages: write
2025-04-16T15:20:30.1632228Z PullRequests: write
2025-04-16T15:20:30.1633312Z RepositoryProjects: write
2025-04-16T15:20:30.1634289Z SecurityEvents: write
2025-04-16T15:20:30.1635123Z Statuses: write
2025-04-16T15:20:30.1636364Z ##[endgroup]
2025-04-16T15:20:30.1639958Z Secret source: Actions
2025-04-16T15:20:30.1641399Z Prepare workflow directory
2025-04-16T15:20:30.2437684Z Prepare all required actions
2025-04-16T15:20:30.2496466Z Getting action download info
2025-04-16T15:20:30.7524922Z ##[group]Download immutable action package 'actions/checkout@v4'
2025-04-16T15:20:30.7526231Z Version: 4.2.2
2025-04-16T15:20:30.7527763Z Digest: sha256:ccb2698953eaebd21c7bf6268a94f9c26518a7e38e27e0b83c1fe1ad049819b1
2025-04-16T15:20:30.7529017Z Source commit SHA: 11bd71901bbe5b1630ceea73d27597364c9af683
2025-04-16T15:20:30.7529802Z ##[endgroup]
2025-04-16T15:20:30.8664369Z ##[group]Download immutable action package 'actions/setup-node@v4'
2025-04-16T15:20:30.8665340Z Version: 4.4.0
2025-04-16T15:20:30.8666354Z Digest: sha256:9427cefe82346e992fb5b949e3569b39d537ae41aa3086483b14eceebfc16bc1
2025-04-16T15:20:30.8667319Z Source commit SHA: 49933ea5288caeca8642d1e84afbd3f7d6820020
2025-04-16T15:20:30.8668100Z ##[endgroup]
2025-04-16T15:20:31.1892644Z ##[group]Download immutable action package 'actions/upload-artifact@v4'
2025-04-16T15:20:31.1893487Z Version: 4.6.2
2025-04-16T15:20:31.1894267Z Digest: sha256:290722aa3281d5caf23d0acdc3dbeb3424786a1a01a9cc97e72f147225e37c38
2025-04-16T15:20:31.1895214Z Source commit SHA: ea165f8d65b6e75b540449e92b4886f43607fa02
2025-04-16T15:20:31.1896233Z ##[endgroup]
2025-04-16T15:20:31.5089633Z Complete job name: test (22.x)
2025-04-16T15:20:31.5805971Z ##[group]Run actions/checkout@v4
2025-04-16T15:20:31.5807345Z with:
2025-04-16T15:20:31.5808111Z   repository: mrkurger/date-night-app2
2025-04-16T15:20:31.5809553Z   token: ***
2025-04-16T15:20:31.5810270Z   ssh-strict: true
2025-04-16T15:20:31.5810995Z   ssh-user: git
2025-04-16T15:20:31.5811745Z   persist-credentials: true
2025-04-16T15:20:31.5812593Z   clean: true
2025-04-16T15:20:31.5813348Z   sparse-checkout-cone-mode: true
2025-04-16T15:20:31.5814291Z   fetch-depth: 1
2025-04-16T15:20:31.5815018Z   fetch-tags: false
2025-04-16T15:20:31.5815954Z   show-progress: true
2025-04-16T15:20:31.5816736Z   lfs: false
2025-04-16T15:20:31.5817451Z   submodules: false
2025-04-16T15:20:31.5818215Z   set-safe-directory: true
2025-04-16T15:20:31.5819384Z env:
2025-04-16T15:20:31.5820027Z   CI: true
2025-04-16T15:20:31.5820687Z ##[endgroup]
2025-04-16T15:20:31.8481601Z Syncing repository: mrkurger/date-night-app2
2025-04-16T15:20:31.8485640Z ##[group]Getting Git version info
2025-04-16T15:20:31.8488790Z Working directory is '/home/runner/work/date-night-app2/date-night-app2'
2025-04-16T15:20:31.8491901Z [command]/usr/bin/git version
2025-04-16T15:20:31.8598787Z git version 2.49.0
2025-04-16T15:20:31.8675427Z ##[endgroup]
2025-04-16T15:20:31.8686446Z Temporarily overriding HOME='/home/runner/work/_temp/7eaabd05-f2b4-45d8-ab3f-ca73061e2766' before making global git config changes
2025-04-16T15:20:31.8691745Z Adding repository directory to the temporary git global config as a safe directory
2025-04-16T15:20:31.8695479Z [command]/usr/bin/git config --global --add safe.directory /home/runner/work/date-night-app2/date-night-app2
2025-04-16T15:20:31.8752365Z Deleting the contents of '/home/runner/work/date-night-app2/date-night-app2'
2025-04-16T15:20:31.8758522Z ##[group]Initializing the repository
2025-04-16T15:20:31.8763076Z [command]/usr/bin/git init /home/runner/work/date-night-app2/date-night-app2
2025-04-16T15:20:31.8863130Z hint: Using 'master' as the name for the initial branch. This default branch name
2025-04-16T15:20:31.8865928Z hint: is subject to change. To configure the initial branch name to use in all
2025-04-16T15:20:31.8868686Z hint: of your new repositories, which will suppress this warning, call:
2025-04-16T15:20:31.8870598Z hint:
2025-04-16T15:20:31.8871969Z hint: 	git config --global init.defaultBranch <name>
2025-04-16T15:20:31.8873733Z hint:
2025-04-16T15:20:31.8875387Z hint: Names commonly chosen instead of 'master' are 'main', 'trunk' and
2025-04-16T15:20:31.8879111Z hint: 'development'. The just-created branch can be renamed via this command:
2025-04-16T15:20:31.8881345Z hint:
2025-04-16T15:20:31.8882372Z hint: 	git branch -m <name>
2025-04-16T15:20:31.8886957Z Initialized empty Git repository in /home/runner/work/date-night-app2/date-night-app2/.git/
2025-04-16T15:20:31.8892849Z [command]/usr/bin/git remote add origin https://github.com/mrkurger/date-night-app2
2025-04-16T15:20:31.8940752Z ##[endgroup]
2025-04-16T15:20:31.8942932Z ##[group]Disabling automatic garbage collection
2025-04-16T15:20:31.8945531Z [command]/usr/bin/git config --local gc.auto 0
2025-04-16T15:20:31.8981008Z ##[endgroup]
2025-04-16T15:20:31.8982972Z ##[group]Setting up auth
2025-04-16T15:20:31.8989199Z [command]/usr/bin/git config --local --name-only --get-regexp core\.sshCommand
2025-04-16T15:20:31.9030337Z [command]/usr/bin/git submodule foreach --recursive sh -c "git config --local --name-only --get-regexp 'core\.sshCommand' && git config --local --unset-all 'core.sshCommand' || :"
2025-04-16T15:20:31.9402895Z [command]/usr/bin/git config --local --name-only --get-regexp http\.https\:\/\/github\.com\/\.extraheader
2025-04-16T15:20:31.9443001Z [command]/usr/bin/git submodule foreach --recursive sh -c "git config --local --name-only --get-regexp 'http\.https\:\/\/github\.com\/\.extraheader' && git config --local --unset-all 'http.https://github.com/.extraheader' || :"
2025-04-16T15:20:31.9699364Z [command]/usr/bin/git config --local http.https://github.com/.extraheader AUTHORIZATION: basic ***
2025-04-16T15:20:31.9747903Z ##[endgroup]
2025-04-16T15:20:31.9751425Z ##[group]Fetching the repository
2025-04-16T15:20:31.9761666Z [command]/usr/bin/git -c protocol.version=2 fetch --no-tags --prune --no-recurse-submodules --depth=1 origin +eb698adacbd9ea5eee3d3f6f2b6d03026a1233b2:refs/remotes/origin/main
2025-04-16T15:20:34.7667932Z From https://github.com/mrkurger/date-night-app2
2025-04-16T15:20:34.7676123Z  * [new ref]         eb698adacbd9ea5eee3d3f6f2b6d03026a1233b2 -> origin/main
2025-04-16T15:20:34.7707457Z ##[endgroup]
2025-04-16T15:20:34.7708164Z ##[group]Determining the checkout info
2025-04-16T15:20:34.7710497Z ##[endgroup]
2025-04-16T15:20:34.7717197Z [command]/usr/bin/git sparse-checkout disable
2025-04-16T15:20:34.7767055Z [command]/usr/bin/git config --local --unset-all extensions.worktreeConfig
2025-04-16T15:20:34.7800837Z ##[group]Checking out the ref
2025-04-16T15:20:34.7806270Z [command]/usr/bin/git checkout --progress --force -B main refs/remotes/origin/main
2025-04-16T15:20:35.2886871Z Switched to a new branch 'main'
2025-04-16T15:20:35.2893241Z branch 'main' set up to track 'origin/main'.
2025-04-16T15:20:35.2913616Z ##[endgroup]
2025-04-16T15:20:35.2957343Z [command]/usr/bin/git log -1 --format=%H
2025-04-16T15:20:35.2982446Z eb698adacbd9ea5eee3d3f6f2b6d03026a1233b2
2025-04-16T15:20:35.3221210Z ##[group]Run actions/setup-node@v4
2025-04-16T15:20:35.3221559Z with:
2025-04-16T15:20:35.3221764Z   node-version: 22.x
2025-04-16T15:20:35.3221986Z   cache: npm
2025-04-16T15:20:35.3222266Z   cache-dependency-path: client-angular/package-lock.json
2025-04-16T15:20:35.3222609Z   always-auth: false
2025-04-16T15:20:35.3222829Z   check-latest: false
2025-04-16T15:20:35.3223196Z   token: ***
2025-04-16T15:20:35.3223638Z env:
2025-04-16T15:20:35.3223945Z   CI: true
2025-04-16T15:20:35.3224143Z ##[endgroup]
2025-04-16T15:20:35.5121919Z Found in cache @ /opt/hostedtoolcache/node/22.14.0/x64
2025-04-16T15:20:35.5122851Z ##[group]Environment details
2025-04-16T15:20:38.0895024Z node: v22.14.0
2025-04-16T15:20:38.0896366Z npm: 10.9.2
2025-04-16T15:20:38.0897647Z yarn: 1.22.22
2025-04-16T15:20:38.0902014Z ##[endgroup]
2025-04-16T15:20:38.0927533Z [command]/opt/hostedtoolcache/node/22.14.0/x64/bin/npm config get cache
2025-04-16T15:20:38.3974286Z /home/runner/.npm
2025-04-16T15:20:38.7040113Z Cache hit for: node-cache-Linux-x64-npm-eed186788acb99c392cc79891935d042040413390720b7932c16d8b7ca478e8b
2025-04-16T15:20:40.0078198Z Received 4194304 of 69351304 (6.0%), 4.0 MBs/sec
2025-04-16T15:20:40.7754174Z Received 69351304 of 69351304 (100.0%), 37.4 MBs/sec
2025-04-16T15:20:40.7759467Z Cache Size: ~66 MB (69351304 B)
2025-04-16T15:20:40.7859524Z [command]/usr/bin/tar -xf /home/runner/work/_temp/a1098ec6-e5cf-4655-b027-b88b739978e5/cache.tzst -P -C /home/runner/work/date-night-app2/date-night-app2 --use-compress-program unzstd
2025-04-16T15:20:41.0957216Z Cache restored successfully
2025-04-16T15:20:41.1111712Z Cache restored from key: node-cache-Linux-x64-npm-eed186788acb99c392cc79891935d042040413390720b7932c16d8b7ca478e8b
2025-04-16T15:20:41.1268076Z ##[group]Run npm ci
2025-04-16T15:20:41.1268340Z [36;1mnpm ci[0m
2025-04-16T15:20:41.1324394Z shell: /usr/bin/bash -e {0}
2025-04-16T15:20:41.1324652Z env:
2025-04-16T15:20:41.1324831Z   CI: true
2025-04-16T15:20:41.1325001Z ##[endgroup]
2025-04-16T15:20:48.1266755Z npm warn deprecated inflight@1.0.6: This module is not supported, and leaks memory. Do not use it. Check out lru-cache if you want a good and tested way to coalesce async requests by a key value, which is much more comprehensive and powerful.
2025-04-16T15:20:48.6097053Z npm warn deprecated rimraf@3.0.2: Rimraf versions prior to v4 are no longer supported
2025-04-16T15:20:48.6701638Z npm warn deprecated abab@2.0.6: Use your platform's native atob() and btoa() methods instead
2025-04-16T15:20:48.9631504Z npm warn deprecated glob@7.2.3: Glob versions prior to v9 are no longer supported
2025-04-16T15:20:49.2300035Z npm warn deprecated domexception@4.0.0: Use your platform's native DOMException instead
2025-04-16T15:20:50.6327867Z npm warn deprecated @humanwhocodes/object-schema@2.0.3: Use @eslint/object-schema instead
2025-04-16T15:20:50.7601968Z npm warn deprecated @humanwhocodes/config-array@0.11.14: Use @eslint/config-array instead
2025-04-16T15:20:55.3640129Z npm warn deprecated eslint@8.56.0: This version is no longer supported. Please see https://eslint.org/version-support for other options.
2025-04-16T15:21:11.4991113Z 
2025-04-16T15:21:11.4992794Z > date-night-app@1.0.0 preinstall
2025-04-16T15:21:11.4994456Z > node scripts/disable-husky-in-ci.js
2025-04-16T15:21:11.4994901Z 
2025-04-16T15:21:11.5339688Z .huskyrc file created to disable husky in CI environments
2025-04-16T15:21:11.5347642Z .huskyrc file made executable
2025-04-16T15:21:11.5401236Z 
2025-04-16T15:21:11.5401953Z > date-night-app@1.0.0 prepare
2025-04-16T15:21:11.5402644Z > [ -n "$CI" ] || husky
2025-04-16T15:21:11.5403026Z 
2025-04-16T15:21:11.5804836Z 
2025-04-16T15:21:11.5806735Z added 1463 packages, and audited 1465 packages in 30s
2025-04-16T15:21:11.5807797Z 
2025-04-16T15:21:11.5816583Z 294 packages are looking for funding
2025-04-16T15:21:11.5817104Z   run `npm fund` for details
2025-04-16T15:21:11.6072082Z 
2025-04-16T15:21:11.6090420Z 3 moderate severity vulnerabilities
2025-04-16T15:21:11.6090967Z 
2025-04-16T15:21:11.6091386Z To address all issues, run:
2025-04-16T15:21:11.6091995Z   npm audit fix --force
2025-04-16T15:21:11.6092359Z 
2025-04-16T15:21:11.6092652Z Run `npm audit` for details.
2025-04-16T15:21:11.7084782Z ##[group]Run npm test -- --watch=false --browsers=ChromeHeadless --no-progress
2025-04-16T15:21:11.7085948Z [36;1mnpm test -- --watch=false --browsers=ChromeHeadless --no-progress[0m
2025-04-16T15:21:11.7134656Z shell: /usr/bin/bash -e {0}
2025-04-16T15:21:11.7134899Z env:
2025-04-16T15:21:11.7135071Z   CI: true
2025-04-16T15:21:11.7135238Z ##[endgroup]
2025-04-16T15:21:11.8482139Z 
2025-04-16T15:21:11.8483105Z > client-angular@0.0.0 test
2025-04-16T15:21:11.8485401Z > ng test client-angular --watch=false --browsers=ChromeHeadless --no-progress
2025-04-16T15:21:11.8486361Z 
2025-04-16T15:21:48.1228495Z [1m[31m
2025-04-16T15:21:48.1230940Z ./src/app/admin/telemetry-dashboard/telemetry-dashboard.component.ts:20:0-48 - Error: Module not found: Error: Can't resolve 'chart.js' in '/home/runner/work/date-night-app2/date-night-app2/client-angular/src/app/admin/telemetry-dashboard'
2025-04-16T15:21:48.1234046Z 
2025-04-16T15:21:48.1237004Z ./src/app/shared/components/map/map.component.ts - Error: Module build failed (from ./node_modules/@angular-devkit/build-angular/src/tools/babel/webpack-loader.js):
2025-04-16T15:21:48.1243455Z SyntaxError: /home/runner/work/date-night-app2/date-night-app2/client-angular/src/app/shared/components/map/map.component.ts: Identifier 'MapComponent' has already been declared. (630:4)
2025-04-16T15:21:48.1244739Z 
2025-04-16T15:21:48.1245386Z [0m [90m 628 |[31m ][33m,[31m [33mMapComponent[31m)[33m;[31m
2025-04-16T15:21:48.1246556Z  [90m 629 |[31m [36mexport[31m { [33mMapComponent[31m }[33m;[31m
2025-04-16T15:21:48.1247976Z [31m[1m>[22m[1m[31m[90m 630 |[31m [36mlet[31m [33mMapComponent[31m [33m=[31m [36mclass[31m [33mMapComponent[31m {
2025-04-16T15:21:48.1249081Z  [90m     |[31m     [31m[1m^[22m[1m[31m
2025-04-16T15:21:48.1249756Z  [90m 631 |[31m     geocodingService[33m;[31m
2025-04-16T15:21:48.1250535Z  [90m 632 |[31m     height [33m=[31m [32m'400px'[31m[33m;[31m
2025-04-16T15:21:48.1251465Z  [90m 633 |[31m     initialLatitude [33m=[31m [35m59.9139[31m[33m;[31m[0m
2025-04-16T15:21:48.1251936Z 
2025-04-16T15:21:48.1253306Z ./src/app/shared/emerald/card-grid/card-grid.component.spec.ts - Error: Module build failed (from ./node_modules/@angular-devkit/build-angular/src/tools/babel/webpack-loader.js):
2025-04-16T15:21:48.1256042Z SyntaxError: /home/runner/work/date-night-app2/date-night-app2/client-angular/src/app/shared/emerald/card-grid/card-grid.component.spec.ts: Unexpected token (11:45)
2025-04-16T15:21:48.1257245Z 
2025-04-16T15:21:48.1257866Z [0m [90m  9 |[31m [90m// ===================================================[31m
2025-04-16T15:21:48.1259092Z  [90m 10 |[31m [36mimport[31m { [33mTestBed[31m } [36mfrom[31m [32m'@angular/core/testing'[31m[33m;[31m
2025-04-16T15:21:48.1260860Z [31m[1m>[22m[1m[31m[90m 11 |[31m [36mimport[31m { [33mComponent[31m[33m,[31m [33mNO_ERRORS_SCHEMA[31m[33m,[31m } [36mfrom[31m [33m;[31m
2025-04-16T15:21:48.1262159Z  [90m    |[31m                                              [31m[1m^[22m[1m[31m
2025-04-16T15:21:48.1263313Z  [90m 12 |[31m [36mimport[31m { [33mCardGridComponent[31m } [36mfrom[31m [32m'./card-grid.component'[31m[33m;[31m
2025-04-16T15:21:48.1265205Z  [90m 13 |[31m [36mimport[31m { [33mSkeletonLoaderComponent[31m } [36mfrom[31m [32m'../components/skeleton-loader/skeleton-loader.component'[31m[33m;[31m
2025-04-16T15:21:48.1271986Z  [90m 14 |[31m [36mimport[31m { [33mCommonTestModule[31m } [36mfrom[31m [32m'../../../testing/common-test.module'[31m[33m;[31m[0m
2025-04-16T15:21:48.1273196Z 
2025-04-16T15:21:48.1274972Z Error: [96msrc/app/admin/telemetry-dashboard/telemetry-dashboard.component.ts[0m:[93m18[0m:[93m38[0m - [91merror[0m[90m TS2307: [0mCannot find module 'chart.js' or its corresponding type declarations.
2025-04-16T15:21:48.1276376Z 
2025-04-16T15:21:48.1276884Z [7m18[0m import { Chart, registerables } from 'chart.js';
2025-04-16T15:21:48.1278075Z [7m  [0m [91m                                     ~~~~~~~~~~[0m
2025-04-16T15:21:48.1278441Z 
2025-04-16T15:21:48.1278452Z 
2025-04-16T15:21:48.1279816Z Error: [96msrc/app/core/services/alert.service.ts[0m:[93m180[0m:[93m9[0m - [91merror[0m[90m TS2322: [0mType 'string' is not assignable to type 'AlertTimeWindow'.
2025-04-16T15:21:48.1280713Z 
2025-04-16T15:21:48.1281021Z [7m180[0m         timeWindow,
2025-04-16T15:21:48.1281558Z [7m   [0m [91m        ~~~~~~~~~~[0m
2025-04-16T15:21:48.1281838Z 
2025-04-16T15:21:48.1282305Z   [96msrc/app/core/models/alert.model.ts[0m:[93m52[0m:[93m3[0m
2025-04-16T15:21:48.1283058Z     [7m52[0m   timeWindow: AlertTimeWindow;
2025-04-16T15:21:48.1283656Z     [7m  [0m [96m  ~~~~~~~~~~[0m
2025-04-16T15:21:48.1284535Z     The expected type comes from property 'timeWindow' which is declared here on type 'AlertCondition'
2025-04-16T15:21:48.1285181Z 
2025-04-16T15:21:48.1285190Z 
2025-04-16T15:21:48.1286757Z Error: [96msrc/app/core/services/alert.service.ts[0m:[93m185[0m:[93m11[0m - [91merror[0m[90m TS2322: [0mType '"ui"' is not assignable to type 'AlertChannel'.
2025-04-16T15:21:48.1287643Z 
2025-04-16T15:21:48.1288020Z [7m185[0m           channel: 'ui',
2025-04-16T15:21:48.1288620Z [7m   [0m [91m          ~~~~~~~[0m
2025-04-16T15:21:48.1288916Z 
2025-04-16T15:21:48.1289402Z   [96msrc/app/core/models/alert.model.ts[0m:[93m66[0m:[93m3[0m
2025-04-16T15:21:48.1290167Z     [7m66[0m   channel: AlertChannel;
2025-04-16T15:21:48.1290730Z     [7m  [0m [96m  ~~~~~~~[0m
2025-04-16T15:21:48.1291593Z     The expected type comes from property 'channel' which is declared here on type 'AlertNotification'
2025-04-16T15:21:48.1292252Z 
2025-04-16T15:21:48.1292261Z 
2025-04-16T15:21:48.1293591Z Error: [96msrc/app/core/services/alert.service.ts[0m:[93m188[0m:[93m11[0m - [91merror[0m[90m TS2322: [0mType '"email"' is not assignable to type 'AlertChannel'.
2025-04-16T15:21:48.1294539Z 
2025-04-16T15:21:48.1294922Z [7m188[0m           channel: 'email',
2025-04-16T15:21:48.1295564Z [7m   [0m [91m          ~~~~~~~[0m
2025-04-16T15:21:48.1296194Z 
2025-04-16T15:21:48.1296757Z   [96msrc/app/core/models/alert.model.ts[0m:[93m66[0m:[93m3[0m
2025-04-16T15:21:48.1297556Z     [7m66[0m   channel: AlertChannel;
2025-04-16T15:21:48.1298191Z     [7m  [0m [96m  ~~~~~~~[0m
2025-04-16T15:21:48.1299050Z     The expected type comes from property 'channel' which is declared here on type 'AlertNotification'
2025-04-16T15:21:48.1299688Z 
2025-04-16T15:21:48.1299698Z 
2025-04-16T15:21:48.1301101Z Error: [96msrc/app/core/services/alert.service.ts[0m:[93m219[0m:[93m9[0m - [91merror[0m[90m TS2322: [0mType 'string' is not assignable to type 'AlertTimeWindow'.
2025-04-16T15:21:48.1302103Z 
2025-04-16T15:21:48.1302459Z [7m219[0m         timeWindow,
2025-04-16T15:21:48.1303059Z [7m   [0m [91m        ~~~~~~~~~~[0m
2025-04-16T15:21:48.1303355Z 
2025-04-16T15:21:48.1303878Z   [96msrc/app/core/models/alert.model.ts[0m:[93m52[0m:[93m3[0m
2025-04-16T15:21:48.1304709Z     [7m52[0m   timeWindow: AlertTimeWindow;
2025-04-16T15:21:48.1305323Z     [7m  [0m [96m  ~~~~~~~~~~[0m
2025-04-16T15:21:48.1306404Z     The expected type comes from property 'timeWindow' which is declared here on type 'AlertCondition'
2025-04-16T15:21:48.1307048Z 
2025-04-16T15:21:48.1307056Z 
2025-04-16T15:21:48.1308405Z Error: [96msrc/app/core/services/alert.service.ts[0m:[93m223[0m:[93m11[0m - [91merror[0m[90m TS2322: [0mType '"ui"' is not assignable to type 'AlertChannel'.
2025-04-16T15:21:48.1309308Z 
2025-04-16T15:21:48.1309634Z [7m223[0m           channel: 'ui',
2025-04-16T15:21:48.1310514Z [7m   [0m [91m          ~~~~~~~[0m
2025-04-16T15:21:48.1310811Z 
2025-04-16T15:21:48.1311289Z   [96msrc/app/core/models/alert.model.ts[0m:[93m66[0m:[93m3[0m
2025-04-16T15:21:48.1312036Z     [7m66[0m   channel: AlertChannel;
2025-04-16T15:21:48.1312582Z     [7m  [0m [96m  ~~~~~~~[0m
2025-04-16T15:21:48.1313659Z     The expected type comes from property 'channel' which is declared here on type 'AlertNotification'
2025-04-16T15:21:48.1314331Z 
2025-04-16T15:21:48.1314340Z 
2025-04-16T15:21:48.1315947Z Error: [96msrc/app/core/services/alert.service.ts[0m:[93m226[0m:[93m11[0m - [91merror[0m[90m TS2322: [0mType '"email"' is not assignable to type 'AlertChannel'.
2025-04-16T15:21:48.1317041Z 
2025-04-16T15:21:48.1317432Z [7m226[0m           channel: 'email',
2025-04-16T15:21:48.1318060Z [7m   [0m [91m          ~~~~~~~[0m
2025-04-16T15:21:48.1318369Z 
2025-04-16T15:21:48.1318828Z   [96msrc/app/core/models/alert.model.ts[0m:[93m66[0m:[93m3[0m
2025-04-16T15:21:48.1319571Z     [7m66[0m   channel: AlertChannel;
2025-04-16T15:21:48.1320140Z     [7m  [0m [96m  ~~~~~~~[0m
2025-04-16T15:21:48.1320992Z     The expected type comes from property 'channel' which is declared here on type 'AlertNotification'
2025-04-16T15:21:48.1321759Z 
2025-04-16T15:21:48.1321769Z 
2025-04-16T15:21:48.1323198Z Error: [96msrc/app/core/services/alert.service.ts[0m:[93m259[0m:[93m9[0m - [91merror[0m[90m TS2322: [0mType 'string' is not assignable to type 'AlertTimeWindow'.
2025-04-16T15:21:48.1324224Z 
2025-04-16T15:21:48.1324537Z [7m259[0m         timeWindow,
2025-04-16T15:21:48.1325156Z [7m   [0m [91m        ~~~~~~~~~~[0m
2025-04-16T15:21:48.1325513Z 
2025-04-16T15:21:48.1326286Z   [96msrc/app/core/models/alert.model.ts[0m:[93m52[0m:[93m3[0m
2025-04-16T15:21:48.1327120Z     [7m52[0m   timeWindow: AlertTimeWindow;
2025-04-16T15:21:48.1327705Z     [7m  [0m [96m  ~~~~~~~~~~[0m
2025-04-16T15:21:48.1328555Z     The expected type comes from property 'timeWindow' which is declared here on type 'AlertCondition'
2025-04-16T15:21:48.1329176Z 
2025-04-16T15:21:48.1329185Z 
2025-04-16T15:21:48.1330394Z Error: [96msrc/app/core/services/alert.service.ts[0m:[93m264[0m:[93m11[0m - [91merror[0m[90m TS2322: [0mType '"ui"' is not assignable to type 'AlertChannel'.
2025-04-16T15:21:48.1331234Z 
2025-04-16T15:21:48.1331543Z [7m264[0m           channel: 'ui',
2025-04-16T15:21:48.1332090Z [7m   [0m [91m          ~~~~~~~[0m
2025-04-16T15:21:48.1332360Z 
2025-04-16T15:21:48.1332805Z   [96msrc/app/core/models/alert.model.ts[0m:[93m66[0m:[93m3[0m
2025-04-16T15:21:48.1333526Z     [7m66[0m   channel: AlertChannel;
2025-04-16T15:21:48.1334040Z     [7m  [0m [96m  ~~~~~~~[0m
2025-04-16T15:21:48.1334849Z     The expected type comes from property 'channel' which is declared here on type 'AlertNotification'
2025-04-16T15:21:48.1335443Z 
2025-04-16T15:21:48.1335452Z 
2025-04-16T15:21:48.1337073Z Error: [96msrc/app/core/services/alert.service.ts[0m:[93m267[0m:[93m11[0m - [91merror[0m[90m TS2322: [0mType '"slack"' is not assignable to type 'AlertChannel'.
2025-04-16T15:21:48.1337943Z 
2025-04-16T15:21:48.1338274Z [7m267[0m           channel: 'slack',
2025-04-16T15:21:48.1338815Z [7m   [0m [91m          ~~~~~~~[0m
2025-04-16T15:21:48.1339071Z 
2025-04-16T15:21:48.1339533Z   [96msrc/app/core/models/alert.model.ts[0m:[93m66[0m:[93m3[0m
2025-04-16T15:21:48.1340255Z     [7m66[0m   channel: AlertChannel;
2025-04-16T15:21:48.1340797Z     [7m  [0m [96m  ~~~~~~~[0m
2025-04-16T15:21:48.1341552Z     The expected type comes from property 'channel' which is declared here on type 'AlertNotification'
2025-04-16T15:21:48.1342167Z 
2025-04-16T15:21:48.1342177Z 
2025-04-16T15:21:48.1343618Z Error: [96msrc/app/core/services/alert.service.ts[0m:[93m300[0m:[93m9[0m - [91merror[0m[90m TS2322: [0mType 'string' is not assignable to type 'AlertTimeWindow'.
2025-04-16T15:21:48.1344626Z 
2025-04-16T15:21:48.1344960Z [7m300[0m         timeWindow,
2025-04-16T15:21:48.1346068Z [7m   [0m [91m        ~~~~~~~~~~[0m
2025-04-16T15:21:48.1346379Z 
2025-04-16T15:21:48.1346881Z   [96msrc/app/core/models/alert.model.ts[0m:[93m52[0m:[93m3[0m
2025-04-16T15:21:48.1347663Z     [7m52[0m   timeWindow: AlertTimeWindow;
2025-04-16T15:21:48.1348250Z     [7m  [0m [96m  ~~~~~~~~~~[0m
2025-04-16T15:21:48.1349379Z     The expected type comes from property 'timeWindow' which is declared here on type 'AlertCondition'
2025-04-16T15:21:48.1350136Z 
2025-04-16T15:21:48.1350146Z 
2025-04-16T15:21:48.1351524Z Error: [96msrc/app/core/services/alert.service.ts[0m:[93m305[0m:[93m11[0m - [91merror[0m[90m TS2322: [0mType '"ui"' is not assignable to type 'AlertChannel'.
2025-04-16T15:21:48.1352470Z 
2025-04-16T15:21:48.1352826Z [7m305[0m           channel: 'ui',
2025-04-16T15:21:48.1353444Z [7m   [0m [91m          ~~~~~~~[0m
2025-04-16T15:21:48.1353731Z 
2025-04-16T15:21:48.1354239Z   [96msrc/app/core/models/alert.model.ts[0m:[93m66[0m:[93m3[0m
2025-04-16T15:21:48.1354986Z     [7m66[0m   channel: AlertChannel;
2025-04-16T15:21:48.1355515Z     [7m  [0m [96m  ~~~~~~~[0m
2025-04-16T15:21:48.1356506Z     The expected type comes from property 'channel' which is declared here on type 'AlertNotification'
2025-04-16T15:21:48.1357113Z 
2025-04-16T15:21:48.1357121Z 
2025-04-16T15:21:48.1358451Z Error: [96msrc/app/core/services/alert.service.ts[0m:[93m308[0m:[93m11[0m - [91merror[0m[90m TS2322: [0mType '"email"' is not assignable to type 'AlertChannel'.
2025-04-16T15:21:48.1359355Z 
2025-04-16T15:21:48.1359718Z [7m308[0m           channel: 'email',
2025-04-16T15:21:48.1360289Z [7m   [0m [91m          ~~~~~~~[0m
2025-04-16T15:21:48.1360567Z 
2025-04-16T15:21:48.1361069Z   [96msrc/app/core/models/alert.model.ts[0m:[93m66[0m:[93m3[0m
2025-04-16T15:21:48.1361789Z     [7m66[0m   channel: AlertChannel;
2025-04-16T15:21:48.1362350Z     [7m  [0m [96m  ~~~~~~~[0m
2025-04-16T15:21:48.1363210Z     The expected type comes from property 'channel' which is declared here on type 'AlertNotification'
2025-04-16T15:21:48.1363866Z 
2025-04-16T15:21:48.1363877Z 
2025-04-16T15:21:48.1366032Z Error: [96msrc/app/core/services/encryption.service.spec.ts[0m:[93m77[0m:[93m22[0m - [91merror[0m[90m TS2551: [0mProperty 'getCurrentUserId' does not exist on type 'SpyObj<AuthService>'. Did you mean 'getCurrentUser'?
2025-04-16T15:21:48.1367376Z 
2025-04-16T15:21:48.1368013Z [7m77[0m       authServiceSpy.getCurrentUserId.and.returnValue('');
2025-04-16T15:21:48.1368849Z [7m  [0m [91m                     ~~~~~~~~~~~~~~~~[0m
2025-04-16T15:21:48.1369184Z 
2025-04-16T15:21:48.1369696Z   [96msrc/app/core/services/auth.service.ts[0m:[93m135[0m:[93m3[0m
2025-04-16T15:21:48.1370511Z     [7m135[0m   getCurrentUser(): User | null {
2025-04-16T15:21:48.1371112Z     [7m   [0m [96m  ~~~~~~~~~~~~~~[0m
2025-04-16T15:21:48.1371597Z     'getCurrentUser' is declared here.
2025-04-16T15:21:48.1371890Z 
2025-04-16T15:21:48.1371898Z 
2025-04-16T15:21:48.1373643Z Error: [96msrc/app/core/services/encryption.service.ts[0m:[93m73[0m:[93m39[0m - [91merror[0m[90m TS2551: [0mProperty 'getCurrentUserId' does not exist on type 'AuthService'. Did you mean 'getCurrentUser'?
2025-04-16T15:21:48.1374897Z 
2025-04-16T15:21:48.1375440Z [7m73[0m       const userId = this.authService.getCurrentUserId();
2025-04-16T15:21:48.1376536Z [7m  [0m [91m                                      ~~~~~~~~~~~~~~~~[0m
2025-04-16T15:21:48.1376895Z 
2025-04-16T15:21:48.1377421Z   [96msrc/app/core/services/auth.service.ts[0m:[93m135[0m:[93m3[0m
2025-04-16T15:21:48.1378209Z     [7m135[0m   getCurrentUser(): User | null {
2025-04-16T15:21:48.1378814Z     [7m   [0m [96m  ~~~~~~~~~~~~~~[0m
2025-04-16T15:21:48.1379296Z     'getCurrentUser' is declared here.
2025-04-16T15:21:48.1379602Z 
2025-04-16T15:21:48.1379612Z 
2025-04-16T15:21:48.1381357Z Error: [96msrc/app/core/services/encryption.service.ts[0m:[93m113[0m:[93m37[0m - [91merror[0m[90m TS2551: [0mProperty 'getCurrentUserId' does not exist on type 'AuthService'. Did you mean 'getCurrentUser'?
2025-04-16T15:21:48.1382921Z 
2025-04-16T15:21:48.1383455Z [7m113[0m     const userId = this.authService.getCurrentUserId();
2025-04-16T15:21:48.1384361Z [7m   [0m [91m                                    ~~~~~~~~~~~~~~~~[0m
2025-04-16T15:21:48.1384705Z 
2025-04-16T15:21:48.1385511Z   [96msrc/app/core/services/auth.service.ts[0m:[93m135[0m:[93m3[0m
2025-04-16T15:21:48.1386612Z     [7m135[0m   getCurrentUser(): User | null {
2025-04-16T15:21:48.1387228Z     [7m   [0m [96m  ~~~~~~~~~~~~~~[0m
2025-04-16T15:21:48.1387729Z     'getCurrentUser' is declared here.
2025-04-16T15:21:48.1388064Z 
2025-04-16T15:21:48.1388073Z 
2025-04-16T15:21:48.1389871Z Error: [96msrc/app/core/services/encryption.service.ts[0m:[93m389[0m:[93m37[0m - [91merror[0m[90m TS2551: [0mProperty 'getCurrentUserId' does not exist on type 'AuthService'. Did you mean 'getCurrentUser'?
2025-04-16T15:21:48.1391114Z 
2025-04-16T15:21:48.1391691Z [7m389[0m     const userId = this.authService.getCurrentUserId();
2025-04-16T15:21:48.1392577Z [7m   [0m [91m                                    ~~~~~~~~~~~~~~~~[0m
2025-04-16T15:21:48.1392934Z 
2025-04-16T15:21:48.1393445Z   [96msrc/app/core/services/auth.service.ts[0m:[93m135[0m:[93m3[0m
2025-04-16T15:21:48.1394247Z     [7m135[0m   getCurrentUser(): User | null {
2025-04-16T15:21:48.1394857Z     [7m   [0m [96m  ~~~~~~~~~~~~~~[0m
2025-04-16T15:21:48.1395344Z     'getCurrentUser' is declared here.
2025-04-16T15:21:48.1395653Z 
2025-04-16T15:21:48.1395671Z 
2025-04-16T15:21:48.1397561Z Error: [96msrc/app/core/services/encryption.service.ts[0m:[93m522[0m:[93m37[0m - [91merror[0m[90m TS2551: [0mProperty 'getCurrentUserId' does not exist on type 'AuthService'. Did you mean 'getCurrentUser'?
2025-04-16T15:21:48.1398823Z 
2025-04-16T15:21:48.1399393Z [7m522[0m     const userId = this.authService.getCurrentUserId();
2025-04-16T15:21:48.1400311Z [7m   [0m [91m                                    ~~~~~~~~~~~~~~~~[0m
2025-04-16T15:21:48.1400683Z 
2025-04-16T15:21:48.1401213Z   [96msrc/app/core/services/auth.service.ts[0m:[93m135[0m:[93m3[0m
2025-04-16T15:21:48.1402017Z     [7m135[0m   getCurrentUser(): User | null {
2025-04-16T15:21:48.1402625Z     [7m   [0m [96m  ~~~~~~~~~~~~~~[0m
2025-04-16T15:21:48.1403119Z     'getCurrentUser' is declared here.
2025-04-16T15:21:48.1403414Z 
2025-04-16T15:21:48.1403432Z 
2025-04-16T15:21:48.1405189Z Error: [96msrc/app/core/services/encryption.service.ts[0m:[93m721[0m:[93m37[0m - [91merror[0m[90m TS2551: [0mProperty 'getCurrentUserId' does not exist on type 'AuthService'. Did you mean 'getCurrentUser'?
2025-04-16T15:21:48.1406525Z 
2025-04-16T15:21:48.1407070Z [7m721[0m     const userId = this.authService.getCurrentUserId();
2025-04-16T15:21:48.1407962Z [7m   [0m [91m                                    ~~~~~~~~~~~~~~~~[0m
2025-04-16T15:21:48.1408336Z 
2025-04-16T15:21:48.1408863Z   [96msrc/app/core/services/auth.service.ts[0m:[93m135[0m:[93m3[0m
2025-04-16T15:21:48.1409673Z     [7m135[0m   getCurrentUser(): User | null {
2025-04-16T15:21:48.1410266Z     [7m   [0m [96m  ~~~~~~~~~~~~~~[0m
2025-04-16T15:21:48.1410759Z     'getCurrentUser' is declared here.
2025-04-16T15:21:48.1411074Z 
2025-04-16T15:21:48.1411083Z 
2025-04-16T15:21:48.1417240Z Error: [96msrc/app/core/services/encryption.service.ts[0m:[93m755[0m:[93m37[0m - [91merror[0m[90m TS2551: [0mProperty 'getCurrentUserId' does not exist on type 'AuthService'. Did you mean 'getCurrentUser'?
2025-04-16T15:21:48.1418434Z 
2025-04-16T15:21:48.1419043Z [7m755[0m     const userId = this.authService.getCurrentUserId();
2025-04-16T15:21:48.1419894Z [7m   [0m [91m                                    ~~~~~~~~~~~~~~~~[0m
2025-04-16T15:21:48.1420233Z 
2025-04-16T15:21:48.1420715Z   [96msrc/app/core/services/auth.service.ts[0m:[93m135[0m:[93m3[0m
2025-04-16T15:21:48.1421452Z     [7m135[0m   getCurrentUser(): User | null {
2025-04-16T15:21:48.1422338Z     [7m   [0m [96m  ~~~~~~~~~~~~~~[0m
2025-04-16T15:21:48.1422775Z     'getCurrentUser' is declared here.
2025-04-16T15:21:48.1423057Z 
2025-04-16T15:21:48.1423066Z 
2025-04-16T15:21:48.1425448Z Error: [96msrc/app/core/services/favorite.service.spec.ts[0m:[93m58[0m:[93m35[0m - [91merror[0m[90m TS2345: [0mArgument of type '{ _id: string; ad: { _id: string; title: string; }; }[]' is not assignable to parameter of type 'Expected<ArrayLike<Favorite>> | ArrayContaining<Favorite>'.
2025-04-16T15:21:48.1428016Z   Type '{ _id: string; ad: { _id: string; title: string; }; }[]' is not assignable to type '{ [x: number]: ExpectedRecursive<Favorite>; length: ExpectedRecursive<number>; }'.
2025-04-16T15:21:48.1429068Z     'number' index signatures are incompatible.
2025-04-16T15:21:48.1429982Z       Type '{ _id: string; ad: { _id: string; title: string; }; }' is not assignable to type 'ExpectedRecursive<Favorite>'.
2025-04-16T15:21:48.1432475Z         Type '{ _id: string; ad: { _id: string; title: string; }; }' is missing the following properties from type '{ _id: Any | ExpectedRecursive<string>; user: Any | ExpectedRecursive<string>; ad: Any | ExpectedRecursive<Ad>; ... 5 more ...; updatedAt: Any | ExpectedRecursive<...>; }': user, notes, notificationsEnabled, tags, and 3 more.
2025-04-16T15:21:48.1434210Z 
2025-04-16T15:21:48.1434716Z [7m58[0m         expect(favorites).toEqual(mockFavorites);
2025-04-16T15:21:48.1435546Z [7m  [0m [91m                                  ~~~~~~~~~~~~~[0m
2025-04-16T15:21:48.1436092Z 
2025-04-16T15:21:48.1436102Z 
2025-04-16T15:21:48.1437615Z Error: [96msrc/app/core/services/favorite.service.ts[0m:[93m101[0m:[93m19[0m - [91merror[0m[90m TS2339: [0mProperty 'priority' does not exist on type 'FavoriteFilterOptions'.
2025-04-16T15:21:48.1438653Z 
2025-04-16T15:21:48.1439000Z [7m101[0m       if (options.priority) {
2025-04-16T15:21:48.1439615Z [7m   [0m [91m                  ~~~~~~~~[0m
2025-04-16T15:21:48.1439910Z 
2025-04-16T15:21:48.1439918Z 
2025-04-16T15:21:48.1441355Z Error: [96msrc/app/core/services/favorite.service.ts[0m:[93m102[0m:[93m49[0m - [91merror[0m[90m TS2339: [0mProperty 'priority' does not exist on type 'FavoriteFilterOptions'.
2025-04-16T15:21:48.1442377Z 
2025-04-16T15:21:48.1442894Z [7m102[0m         params = params.set('priority', options.priority);
2025-04-16T15:21:48.1443740Z [7m   [0m [91m                                                ~~~~~~~~[0m
2025-04-16T15:21:48.1444078Z 
2025-04-16T15:21:48.1444087Z 
2025-04-16T15:21:48.1445530Z Error: [96msrc/app/core/services/favorite.service.ts[0m:[93m104[0m:[93m19[0m - [91merror[0m[90m TS2339: [0mProperty 'priceMin' does not exist on type 'FavoriteFilterOptions'.
2025-04-16T15:21:48.1447094Z 
2025-04-16T15:21:48.1447540Z [7m104[0m       if (options.priceMin !== undefined) {
2025-04-16T15:21:48.1448204Z [7m   [0m [91m                  ~~~~~~~~[0m
2025-04-16T15:21:48.1448506Z 
2025-04-16T15:21:48.1448515Z 
2025-04-16T15:21:48.1449966Z Error: [96msrc/app/core/services/favorite.service.ts[0m:[93m105[0m:[93m49[0m - [91merror[0m[90m TS2339: [0mProperty 'priceMin' does not exist on type 'FavoriteFilterOptions'.
2025-04-16T15:21:48.1451002Z 
2025-04-16T15:21:48.1451600Z [7m105[0m         params = params.set('priceMin', options.priceMin.toString());
2025-04-16T15:21:48.1452510Z [7m   [0m [91m                                                ~~~~~~~~[0m
2025-04-16T15:21:48.1452847Z 
2025-04-16T15:21:48.1452863Z 
2025-04-16T15:21:48.1454299Z Error: [96msrc/app/core/services/favorite.service.ts[0m:[93m107[0m:[93m19[0m - [91merror[0m[90m TS2339: [0mProperty 'priceMax' does not exist on type 'FavoriteFilterOptions'.
2025-04-16T15:21:48.1455289Z 
2025-04-16T15:21:48.1455692Z [7m107[0m       if (options.priceMax !== undefined) {
2025-04-16T15:21:48.1456544Z [7m   [0m [91m                  ~~~~~~~~[0m
2025-04-16T15:21:48.1456840Z 
2025-04-16T15:21:48.1456848Z 
2025-04-16T15:21:48.1458283Z Error: [96msrc/app/core/services/favorite.service.ts[0m:[93m108[0m:[93m49[0m - [91merror[0m[90m TS2339: [0mProperty 'priceMax' does not exist on type 'FavoriteFilterOptions'.
2025-04-16T15:21:48.1459587Z 
2025-04-16T15:21:48.1460193Z [7m108[0m         params = params.set('priceMax', options.priceMax.toString());
2025-04-16T15:21:48.1461111Z [7m   [0m [91m                                                ~~~~~~~~[0m
2025-04-16T15:21:48.1461458Z 
2025-04-16T15:21:48.1461467Z 
2025-04-16T15:21:48.1463090Z Error: [96msrc/app/core/services/favorite.service.ts[0m:[93m110[0m:[93m19[0m - [91merror[0m[90m TS2339: [0mProperty 'dateFrom' does not exist on type 'FavoriteFilterOptions'.
2025-04-16T15:21:48.1464134Z 
2025-04-16T15:21:48.1464484Z [7m110[0m       if (options.dateFrom) {
2025-04-16T15:21:48.1465132Z [7m   [0m [91m                  ~~~~~~~~[0m
2025-04-16T15:21:48.1465429Z 
2025-04-16T15:21:48.1465438Z 
2025-04-16T15:21:48.1470068Z Error: [96msrc/app/core/services/favorite.service.ts[0m:[93m111[0m:[93m58[0m - [91merror[0m[90m TS2339: [0mProperty 'dateFrom' does not exist on type 'FavoriteFilterOptions'.
2025-04-16T15:21:48.1471064Z 
2025-04-16T15:21:48.1471823Z [7m111[0m         params = params.set('dateFrom', new Date(options.dateFrom).toISOString());
2025-04-16T15:21:48.1472865Z [7m   [0m [91m                                                         ~~~~~~~~[0m
2025-04-16T15:21:48.1473233Z 
2025-04-16T15:21:48.1473241Z 
2025-04-16T15:21:48.1474601Z Error: [96msrc/app/core/services/favorite.service.ts[0m:[93m113[0m:[93m19[0m - [91merror[0m[90m TS2339: [0mProperty 'dateTo' does not exist on type 'FavoriteFilterOptions'.
2025-04-16T15:21:48.1475629Z 
2025-04-16T15:21:48.1476311Z [7m113[0m       if (options.dateTo) {
2025-04-16T15:21:48.1476954Z [7m   [0m [91m                  ~~~~~~[0m
2025-04-16T15:21:48.1477237Z 
2025-04-16T15:21:48.1477246Z 
2025-04-16T15:21:48.1478546Z Error: [96msrc/app/core/services/favorite.service.ts[0m:[93m114[0m:[93m56[0m - [91merror[0m[90m TS2339: [0mProperty 'dateTo' does not exist on type 'FavoriteFilterOptions'.
2025-04-16T15:21:48.1479555Z 
2025-04-16T15:21:48.1480256Z [7m114[0m         params = params.set('dateTo', new Date(options.dateTo).toISOString());
2025-04-16T15:21:48.1481218Z [7m   [0m [91m                                                       ~~~~~~[0m
2025-04-16T15:21:48.1481630Z 
2025-04-16T15:21:48.1481646Z 
2025-04-16T15:21:48.1483021Z Error: [96msrc/app/core/services/favorite.service.ts[0m:[93m116[0m:[93m19[0m - [91merror[0m[90m TS2339: [0mProperty 'tags' does not exist on type 'FavoriteFilterOptions'.
2025-04-16T15:21:48.1483952Z 
2025-04-16T15:21:48.1484430Z [7m116[0m       if (options.tags && options.tags.length > 0) {
2025-04-16T15:21:48.1485115Z [7m   [0m [91m                  ~~~~[0m
2025-04-16T15:21:48.1485393Z 
2025-04-16T15:21:48.1485403Z 
2025-04-16T15:21:48.1487016Z Error: [96msrc/app/core/services/favorite.service.ts[0m:[93m116[0m:[93m35[0m - [91merror[0m[90m TS2339: [0mProperty 'tags' does not exist on type 'FavoriteFilterOptions'.
2025-04-16T15:21:48.1488022Z 
2025-04-16T15:21:48.1488515Z [7m116[0m       if (options.tags && options.tags.length > 0) {
2025-04-16T15:21:48.1489255Z [7m   [0m [91m                                  ~~~~[0m
2025-04-16T15:21:48.1489577Z 
2025-04-16T15:21:48.1489585Z 
2025-04-16T15:21:48.1491003Z Error: [96msrc/app/core/services/favorite.service.ts[0m:[93m118[0m:[93m17[0m - [91merror[0m[90m TS2339: [0mProperty 'tags' does not exist on type 'FavoriteFilterOptions'.
2025-04-16T15:21:48.1491975Z 
2025-04-16T15:21:48.1492362Z [7m118[0m         options.tags.forEach(tag => {
2025-04-16T15:21:48.1492996Z [7m   [0m [91m                ~~~~[0m
2025-04-16T15:21:48.1493277Z 
2025-04-16T15:21:48.1493285Z 
2025-04-16T15:21:48.1495303Z Error: [96msrc/app/core/services/geocoding.service.ts[0m:[93m62[0m:[93m5[0m - [91merror[0m[90m TS2322: [0mType 'Observable<GeocodingResult | { type: string; coordinates: [number, number]; }>' is not assignable to type 'Observable<GeocodingResult>'.
2025-04-16T15:21:48.1497882Z   Type 'GeocodingResult | { type: string; coordinates: [number, number]; }' is not assignable to type 'GeocodingResult'.
2025-04-16T15:21:48.1499200Z     Type '{ type: string; coordinates: [number, number]; }' is not assignable to type 'GeocodingResult'.
2025-04-16T15:21:48.1500018Z       Types of property 'type' are incompatible.
2025-04-16T15:21:48.1504429Z         Type 'string' is not assignable to type '"Point"'.
2025-04-16T15:21:48.1504875Z 
2025-04-16T15:21:48.1505519Z [7m62[0m     return this.locationService.getCityCoordinates(city).pipe(
2025-04-16T15:21:48.1506452Z [7m  [0m [91m    ~~~~~~[0m
2025-04-16T15:21:48.1506702Z 
2025-04-16T15:21:48.1506710Z 
2025-04-16T15:21:48.1508460Z Error: [96msrc/app/core/services/geocoding.service.ts[0m:[93m155[0m:[93m5[0m - [91merror[0m[90m TS2322: [0mType 'Observable<{ type: string; coordinates: number[]; }>' is not assignable to type 'Observable<GeocodingResult>'.
2025-04-16T15:21:48.1510139Z   Type '{ type: string; coordinates: number[]; }' is not assignable to type 'GeocodingResult'.
2025-04-16T15:21:48.1510815Z     Types of property 'type' are incompatible.
2025-04-16T15:21:48.1511307Z       Type 'string' is not assignable to type '"Point"'.
2025-04-16T15:21:48.1511627Z 
2025-04-16T15:21:48.1512296Z [7m155[0m     return this.http.get<any[]>(`${this.nominatimUrl}?${queryString}`).pipe(
2025-04-16T15:21:48.1513107Z [7m   [0m [91m    ~~~~~~[0m
2025-04-16T15:21:48.1513363Z 
2025-04-16T15:21:48.1513373Z 
2025-04-16T15:21:48.1517276Z Error: [96msrc/app/features/favorites/favorites-list/favorites-list.component.spec.ts[0m:[93m98[0m:[93m53[0m - [91merror[0m[90m TS2345: [0mArgument of type 'Observable<{ _id: string; ad: { _id: string; title: string; price: number; location: { city: string; county: string; }; images: { url: string; }[]; advertiser: { _id: string; }; }; notes: string; notificationsEnabled: boolean; createdAt: string; }[]>' is not assignable to parameter of type 'Observable<Favorite[]>'.
2025-04-16T15:21:48.1521414Z   Type '{ _id: string; ad: { _id: string; title: string; price: number; location: { city: string; county: string; }; images: { url: string; }[]; advertiser: { _id: string; }; }; notes: string; notificationsEnabled: boolean; createdAt: string; }[]' is not assignable to type 'Favorite[]'.
2025-04-16T15:21:48.1524718Z     Type '{ _id: string; ad: { _id: string; title: string; price: number; location: { city: string; county: string; }; images: { url: string; }[]; advertiser: { _id: string; }; }; notes: string; notificationsEnabled: boolean; createdAt: string; }' is missing the following properties from type 'Favorite': user, tags, priority, updatedAt
2025-04-16T15:21:48.1526673Z 
2025-04-16T15:21:48.1527389Z [7m98[0m     favoriteServiceSpy.getFavorites.and.returnValue(of(mockFavorites));
2025-04-16T15:21:48.1528454Z [7m  [0m [91m                                                    ~~~~~~~~~~~~~~~~~[0m
2025-04-16T15:21:48.1528814Z 
2025-04-16T15:21:48.1528823Z 
2025-04-16T15:21:48.1532749Z Error: [96msrc/app/features/favorites/favorites-list/favorites-list.component.spec.ts[0m:[93m103[0m:[93m41[0m - [91merror[0m[90m TS2345: [0mArgument of type '{ _id: string; ad: { _id: string; title: string; price: number; location: { city: string; county: string; }; images: { url: string; }[]; advertiser: { _id: string; }; }; notes: string; notificationsEnabled: boolean; createdAt: string; }[]' is not assignable to parameter of type 'Expected<ArrayLike<Favorite>> | ArrayContaining<Favorite>'.
2025-04-16T15:21:48.1550499Z   Type '{ _id: string; ad: { _id: string; title: string; price: number; location: { city: string; county: string; }; images: { url: string; }[]; advertiser: { _id: string; }; }; notes: string; notificationsEnabled: boolean; createdAt: string; }[]' is not assignable to type '{ [x: number]: ExpectedRecursive<Favorite>; length: ExpectedRecursive<number>; }'.
2025-04-16T15:21:48.1552506Z     'number' index signatures are incompatible.
2025-04-16T15:21:48.1554407Z       Type '{ _id: string; ad: { _id: string; title: string; price: number; location: { city: string; county: string; }; images: { url: string; }[]; advertiser: { _id: string; }; }; notes: string; notificationsEnabled: boolean; createdAt: string; }' is not assignable to type 'ExpectedRecursive<Favorite>'.
2025-04-16T15:21:48.1590924Z         Type '{ _id: string; ad: { _id: string; title: string; price: number; location: { city: string; county: string; }; images: { url: string; }[]; advertiser: { _id: string; }; }; notes: string; notificationsEnabled: boolean; createdAt: string; }' is not assignable to type 'Favorite | { _id: Any | ExpectedRecursive<string>; user: Any | ExpectedRecursive<string>; ad: Any | ExpectedRecursive<Ad>; ... 5 more ...; updatedAt: Any | ExpectedRecursive<...>; }'.
2025-04-16T15:21:48.1596155Z           Type '{ _id: string; ad: { _id: string; title: string; price: number; location: { city: string; county: string; }; images: { url: string; }[]; advertiser: { _id: string; }; }; notes: string; notificationsEnabled: boolean; createdAt: string; }' is missing the following properties from type '{ _id: Any | ExpectedRecursive<string>; user: Any | ExpectedRecursive<string>; ad: Any | ExpectedRecursive<Ad>; ... 5 more ...; updatedAt: Any | ExpectedRecursive<...>; }': user, tags, priority, updatedAt
2025-04-16T15:21:48.1598741Z 
2025-04-16T15:21:48.1599499Z [7m103[0m     expect(component.favorites).toEqual(mockFavorites);
2025-04-16T15:21:48.1600449Z [7m   [0m [91m                                        ~~~~~~~~~~~~~[0m
2025-04-16T15:21:48.1600782Z 
2025-04-16T15:21:48.1600792Z 
2025-04-16T15:21:48.1604575Z Error: [96msrc/app/features/favorites/favorites-list/favorites-list.component.spec.ts[0m:[93m117[0m:[93m53[0m - [91merror[0m[90m TS2345: [0mArgument of type 'Observable<{ _id: string; ad: { _id: string; title: string; price: number; location: { city: string; county: string; }; images: { url: string; }[]; advertiser: { _id: string; }; }; notes: string; notificationsEnabled: boolean; createdAt: string; }[]>' is not assignable to parameter of type 'Observable<Favorite[]>'.
2025-04-16T15:21:48.1649234Z   Type '{ _id: string; ad: { _id: string; title: string; price: number; location: { city: string; county: string; }; images: { url: string; }[]; advertiser: { _id: string; }; }; notes: string; notificationsEnabled: boolean; createdAt: string; }[]' is not assignable to type 'Favorite[]'.
2025-04-16T15:21:48.1652242Z     Type '{ _id: string; ad: { _id: string; title: string; price: number; location: { city: string; county: string; }; images: { url: string; }[]; advertiser: { _id: string; }; }; notes: string; notificationsEnabled: boolean; createdAt: string; }' is missing the following properties from type 'Favorite': user, tags, priority, updatedAt
2025-04-16T15:21:48.1653900Z 
2025-04-16T15:21:48.1654882Z [7m117[0m     favoriteServiceSpy.getFavorites.and.returnValue(of(mockFavorites));
2025-04-16T15:21:48.1656314Z [7m   [0m [91m                                                    ~~~~~~~~~~~~~~~~~[0m
2025-04-16T15:21:48.1656685Z 
2025-04-16T15:21:48.1656694Z 
2025-04-16T15:21:48.1660473Z Error: [96msrc/app/features/favorites/favorites-list/favorites-list.component.spec.ts[0m:[93m130[0m:[93m53[0m - [91merror[0m[90m TS2345: [0mArgument of type 'Observable<{ _id: string; ad: { _id: string; title: string; price: number; location: { city: string; county: string; }; images: { url: string; }[]; advertiser: { _id: string; }; }; notes: string; notificationsEnabled: boolean; createdAt: string; }[]>' is not assignable to parameter of type 'Observable<Favorite[]>'.
2025-04-16T15:21:48.1664550Z   Type '{ _id: string; ad: { _id: string; title: string; price: number; location: { city: string; county: string; }; images: { url: string; }[]; advertiser: { _id: string; }; }; notes: string; notificationsEnabled: boolean; createdAt: string; }[]' is not assignable to type 'Favorite[]'.
2025-04-16T15:21:48.1679076Z     Type '{ _id: string; ad: { _id: string; title: string; price: number; location: { city: string; county: string; }; images: { url: string; }[]; advertiser: { _id: string; }; }; notes: string; notificationsEnabled: boolean; createdAt: string; }' is missing the following properties from type 'Favorite': user, tags, priority, updatedAt
2025-04-16T15:21:48.1681253Z 
2025-04-16T15:21:48.1682061Z [7m130[0m     favoriteServiceSpy.getFavorites.and.returnValue(of(mockFavorites));
2025-04-16T15:21:48.1683372Z [7m   [0m [91m                                                    ~~~~~~~~~~~~~~~~~[0m
2025-04-16T15:21:48.1683763Z 
2025-04-16T15:21:48.1683773Z 
2025-04-16T15:21:48.1707722Z Error: [96msrc/app/features/favorites/favorites-list/favorites-list.component.spec.ts[0m:[93m134[0m:[93m35[0m - [91merror[0m[90m TS2345: [0mArgument of type '{ _id: string; ad: { _id: string; title: string; price: number; location: { city: string; county: string; }; images: { url: string; }[]; advertiser: { _id: string; }; }; notes: string; notificationsEnabled: boolean; createdAt: string; }' is not assignable to parameter of type 'Favorite'.
2025-04-16T15:21:48.1712017Z   Type '{ _id: string; ad: { _id: string; title: string; price: number; location: { city: string; county: string; }; images: { url: string; }[]; advertiser: { _id: string; }; }; notes: string; notificationsEnabled: boolean; createdAt: string; }' is missing the following properties from type 'Favorite': user, tags, priority, updatedAt
2025-04-16T15:21:48.1713736Z 
2025-04-16T15:21:48.1714377Z [7m134[0m     component.toggleNotifications(mockFavorites[0]);
2025-04-16T15:21:48.1715312Z [7m   [0m [91m                                  ~~~~~~~~~~~~~~~~[0m
2025-04-16T15:21:48.1715680Z 
2025-04-16T15:21:48.1715691Z 
2025-04-16T15:21:48.1720443Z Error: [96msrc/app/features/favorites/favorites-list/favorites-list.component.spec.ts[0m:[93m144[0m:[93m53[0m - [91merror[0m[90m TS2345: [0mArgument of type 'Observable<{ _id: string; ad: { _id: string; title: string; price: number; location: { city: string; county: string; }; images: { url: string; }[]; advertiser: { _id: string; }; }; notes: string; notificationsEnabled: boolean; createdAt: string; }[]>' is not assignable to parameter of type 'Observable<Favorite[]>'.
2025-04-16T15:21:48.1724531Z   Type '{ _id: string; ad: { _id: string; title: string; price: number; location: { city: string; county: string; }; images: { url: string; }[]; advertiser: { _id: string; }; }; notes: string; notificationsEnabled: boolean; createdAt: string; }[]' is not assignable to type 'Favorite[]'.
2025-04-16T15:21:48.1727856Z     Type '{ _id: string; ad: { _id: string; title: string; price: number; location: { city: string; county: string; }; images: { url: string; }[]; advertiser: { _id: string; }; }; notes: string; notificationsEnabled: boolean; createdAt: string; }' is missing the following properties from type 'Favorite': user, tags, priority, updatedAt
2025-04-16T15:21:48.1729500Z 
2025-04-16T15:21:48.1730242Z [7m144[0m     favoriteServiceSpy.getFavorites.and.returnValue(of(mockFavorites));
2025-04-16T15:21:48.1731281Z [7m   [0m [91m                                                    ~~~~~~~~~~~~~~~~~[0m
2025-04-16T15:21:48.1731659Z 
2025-04-16T15:21:48.1731668Z 
2025-04-16T15:21:48.1735133Z Error: [96msrc/app/features/favorites/favorites-list/favorites-list.component.spec.ts[0m:[93m148[0m:[93m27[0m - [91merror[0m[90m TS2345: [0mArgument of type '{ _id: string; ad: { _id: string; title: string; price: number; location: { city: string; county: string; }; images: { url: string; }[]; advertiser: { _id: string; }; }; notes: string; notificationsEnabled: boolean; createdAt: string; }' is not assignable to parameter of type 'Favorite'.
2025-04-16T15:21:48.1769856Z   Type '{ _id: string; ad: { _id: string; title: string; price: number; location: { city: string; county: string; }; images: { url: string; }[]; advertiser: { _id: string; }; }; notes: string; notificationsEnabled: boolean; createdAt: string; }' is missing the following properties from type 'Favorite': user, tags, priority, updatedAt
2025-04-16T15:21:48.1771522Z 
2025-04-16T15:21:48.1772563Z [7m148[0m     component.updateNotes(mockFavorites[0], 'New notes');
2025-04-16T15:21:48.1773380Z [7m   [0m [91m                          ~~~~~~~~~~~~~~~~[0m
2025-04-16T15:21:48.1773708Z 
2025-04-16T15:21:48.1773717Z 
2025-04-16T15:21:48.1778188Z Error: [96msrc/app/features/favorites/favorites-list/favorites-list.component.spec.ts[0m:[93m156[0m:[93m53[0m - [91merror[0m[90m TS2345: [0mArgument of type 'Observable<{ _id: string; ad: { _id: string; title: string; price: number; location: { city: string; county: string; }; images: { url: string; }[]; advertiser: { _id: string; }; }; notes: string; notificationsEnabled: boolean; createdAt: string; }[]>' is not assignable to parameter of type 'Observable<Favorite[]>'.
2025-04-16T15:21:48.1782107Z   Type '{ _id: string; ad: { _id: string; title: string; price: number; location: { city: string; county: string; }; images: { url: string; }[]; advertiser: { _id: string; }; }; notes: string; notificationsEnabled: boolean; createdAt: string; }[]' is not assignable to type 'Favorite[]'.
2025-04-16T15:21:48.1785283Z     Type '{ _id: string; ad: { _id: string; title: string; price: number; location: { city: string; county: string; }; images: { url: string; }[]; advertiser: { _id: string; }; }; notes: string; notificationsEnabled: boolean; createdAt: string; }' is missing the following properties from type 'Favorite': user, tags, priority, updatedAt
2025-04-16T15:21:48.1787066Z 
2025-04-16T15:21:48.1787775Z [7m156[0m     favoriteServiceSpy.getFavorites.and.returnValue(of(mockFavorites));
2025-04-16T15:21:48.1788802Z [7m   [0m [91m                                                    ~~~~~~~~~~~~~~~~~[0m
2025-04-16T15:21:48.1789148Z 
2025-04-16T15:21:48.1789157Z 
2025-04-16T15:21:48.1792626Z Error: [96msrc/app/features/favorites/favorites-list/favorites-list.component.spec.ts[0m:[93m165[0m:[93m31[0m - [91merror[0m[90m TS2345: [0mArgument of type '{ _id: string; ad: { _id: string; title: string; price: number; location: { city: string; county: string; }; images: { url: string; }[]; advertiser: { _id: string; }; }; notes: string; notificationsEnabled: boolean; createdAt: string; }' is not assignable to parameter of type 'Favorite'.
2025-04-16T15:21:48.1796833Z   Type '{ _id: string; ad: { _id: string; title: string; price: number; location: { city: string; county: string; }; images: { url: string; }[]; advertiser: { _id: string; }; }; notes: string; notificationsEnabled: boolean; createdAt: string; }' is missing the following properties from type 'Favorite': user, tags, priority, updatedAt
2025-04-16T15:21:48.1798518Z 
2025-04-16T15:21:48.1798980Z [7m165[0m     component.openNotesDialog(mockFavorites[0]);
2025-04-16T15:21:48.1799758Z [7m   [0m [91m                              ~~~~~~~~~~~~~~~~[0m
2025-04-16T15:21:48.1800104Z 
2025-04-16T15:21:48.1800113Z 
2025-04-16T15:21:48.1801668Z Error: [96msrc/app/features/favorites/favorites-list/favorites-list.component.ts[0m:[93m875[0m:[93m36[0m - [91merror[0m[90m TS2339: [0mProperty 'selected' does not exist on type 'Favorite'.
2025-04-16T15:21:48.1802773Z 
2025-04-16T15:21:48.1803174Z [7m875[0m       .filter(favorite => favorite.selected)
2025-04-16T15:21:48.1803893Z [7m   [0m [91m                                   ~~~~~~~~[0m
2025-04-16T15:21:48.1804207Z 
2025-04-16T15:21:48.1804215Z 
2025-04-16T15:21:48.1806325Z Error: [96msrc/app/shared/components/chat-message/chat-message.component.ts[0m:[93m40[0m:[93m44[0m - [91merror[0m[90m TS2551: [0mProperty 'getCurrentUserId' does not exist on type 'AuthService'. Did you mean 'getCurrentUser'?
2025-04-16T15:21:48.1807535Z 
2025-04-16T15:21:48.1808102Z [7m40[0m     const currentUserId = this.authService.getCurrentUserId();
2025-04-16T15:21:48.1808977Z [7m  [0m [91m                                           ~~~~~~~~~~~~~~~~[0m
2025-04-16T15:21:48.1809282Z 
2025-04-16T15:21:48.1809739Z   [96msrc/app/core/services/auth.service.ts[0m:[93m135[0m:[93m3[0m
2025-04-16T15:21:48.1810470Z     [7m135[0m   getCurrentUser(): User | null {
2025-04-16T15:21:48.1811403Z     [7m   [0m [96m  ~~~~~~~~~~~~~~[0m
2025-04-16T15:21:48.1811853Z     'getCurrentUser' is declared here.
2025-04-16T15:21:48.1812129Z 
2025-04-16T15:21:48.1812138Z 
2025-04-16T15:21:48.1813659Z Error: [96msrc/app/shared/components/chat-message/chat-message.component.ts[0m:[93m109[0m:[93m60[0m - [91merror[0m[90m TS2339: [0mProperty 'createdAt' does not exist on type 'ChatMessage'.
2025-04-16T15:21:48.1815046Z 
2025-04-16T15:21:48.1816444Z [7m109[0m     return new Date(this.message.timestamp || this.message.createdAt || Date.now());
2025-04-16T15:21:48.1817589Z [7m   [0m [91m                                                           ~~~~~~~~~[0m
2025-04-16T15:21:48.1817967Z 
2025-04-16T15:21:48.1817977Z 
2025-04-16T15:21:48.1819147Z Error: [96msrc/app/shared/components/map/map.component.spec.ts[0m:[93m8[0m:[93m1[0m - [91merror[0m[90m TS2304: [0mCannot find name 'jest'.
2025-04-16T15:21:48.1819945Z 
2025-04-16T15:21:48.1820273Z [7m8[0m jest.mock('leaflet', () => {
2025-04-16T15:21:48.1820760Z [7m [0m [91m~~~~[0m
2025-04-16T15:21:48.1820965Z 
2025-04-16T15:21:48.1820974Z 
2025-04-16T15:21:48.1822090Z Error: [96msrc/app/shared/components/map/map.component.spec.ts[0m:[93m9[0m:[93m26[0m - [91merror[0m[90m TS2304: [0mCannot find name 'jest'.
2025-04-16T15:21:48.1822812Z 
2025-04-16T15:21:48.1823303Z [7m9[0m   const originalModule = jest.requireActual('leaflet');
2025-04-16T15:21:48.1824042Z [7m [0m [91m                         ~~~~[0m
2025-04-16T15:21:48.1824362Z 
2025-04-16T15:21:48.1824371Z 
2025-04-16T15:21:48.1825585Z Error: [96msrc/app/shared/components/map/map.component.spec.ts[0m:[93m13[0m:[93m14[0m - [91merror[0m[90m TS2304: [0mCannot find name 'jest'.
2025-04-16T15:21:48.1826821Z 
2025-04-16T15:21:48.1827290Z [7m13[0m     setView: jest.fn().mockReturnThis(),
2025-04-16T15:21:48.1827973Z [7m  [0m [91m             ~~~~[0m
2025-04-16T15:21:48.1828263Z 
2025-04-16T15:21:48.1828272Z 
2025-04-16T15:21:48.1829480Z Error: [96msrc/app/shared/components/map/map.component.spec.ts[0m:[93m14[0m:[93m13[0m - [91merror[0m[90m TS2304: [0mCannot find name 'jest'.
2025-04-16T15:21:48.1830375Z 
2025-04-16T15:21:48.1830727Z [7m14[0m     remove: jest.fn(),
2025-04-16T15:21:48.1831305Z [7m  [0m [91m            ~~~~[0m
2025-04-16T15:21:48.1831599Z 
2025-04-16T15:21:48.1831609Z 
2025-04-16T15:21:48.1832863Z Error: [96msrc/app/shared/components/map/map.component.spec.ts[0m:[93m15[0m:[93m9[0m - [91merror[0m[90m TS2304: [0mCannot find name 'jest'.
2025-04-16T15:21:48.1833754Z 
2025-04-16T15:21:48.1834175Z [7m15[0m     on: jest.fn().mockReturnThis(),
2025-04-16T15:21:48.1834827Z [7m  [0m [91m        ~~~~[0m
2025-04-16T15:21:48.1835093Z 
2025-04-16T15:21:48.1835102Z 
2025-04-16T15:21:48.1837655Z Error: [96msrc/app/shared/components/map/map.component.spec.ts[0m:[93m16[0m:[93m10[0m - [91merror[0m[90m TS2304: [0mCannot find name 'jest'.
2025-04-16T15:21:48.1838500Z 
2025-04-16T15:21:48.1838850Z [7m16[0m     off: jest.fn(),
2025-04-16T15:21:48.1839377Z [7m  [0m [91m         ~~~~[0m
2025-04-16T15:21:48.1839632Z 
2025-04-16T15:21:48.1839640Z 
2025-04-16T15:21:48.1840772Z Error: [96msrc/app/shared/components/map/map.component.spec.ts[0m:[93m17[0m:[93m21[0m - [91merror[0m[90m TS2304: [0mCannot find name 'jest'.
2025-04-16T15:21:48.1841594Z 
2025-04-16T15:21:48.1841926Z [7m17[0m     invalidateSize: jest.fn(),
2025-04-16T15:21:48.1842549Z [7m  [0m [91m                    ~~~~[0m
2025-04-16T15:21:48.1842834Z 
2025-04-16T15:21:48.1842851Z 
2025-04-16T15:21:48.1844001Z Error: [96msrc/app/shared/components/map/map.component.spec.ts[0m:[93m18[0m:[93m15[0m - [91merror[0m[90m TS2304: [0mCannot find name 'jest'.
2025-04-16T15:21:48.1844827Z 
2025-04-16T15:21:48.1845123Z [7m18[0m     addLayer: jest.fn(),
2025-04-16T15:21:48.1845677Z [7m  [0m [91m              ~~~~[0m
2025-04-16T15:21:48.1848932Z 
2025-04-16T15:21:48.1848941Z 
2025-04-16T15:21:48.1850111Z Error: [96msrc/app/shared/components/map/map.component.spec.ts[0m:[93m19[0m:[93m18[0m - [91merror[0m[90m TS2304: [0mCannot find name 'jest'.
2025-04-16T15:21:48.1851211Z 
2025-04-16T15:21:48.1851507Z [7m19[0m     removeLayer: jest.fn(),
2025-04-16T15:21:48.1852060Z [7m  [0m [91m                 ~~~~[0m
2025-04-16T15:21:48.1852332Z 
2025-04-16T15:21:48.1852340Z 
2025-04-16T15:21:48.1853614Z Error: [96msrc/app/shared/components/map/map.component.spec.ts[0m:[93m20[0m:[93m14[0m - [91merror[0m[90m TS2304: [0mCannot find name 'jest'.
2025-04-16T15:21:48.1854431Z 
2025-04-16T15:21:48.1854825Z [7m20[0m     getZoom: jest.fn().mockReturnValue(10),
2025-04-16T15:21:48.1855424Z [7m  [0m [91m             ~~~~[0m
2025-04-16T15:21:48.1855680Z 
2025-04-16T15:21:48.1855688Z 
2025-04-16T15:21:48.1856982Z Error: [96msrc/app/shared/components/map/map.component.spec.ts[0m:[93m21[0m:[93m14[0m - [91merror[0m[90m TS2304: [0mCannot find name 'jest'.
2025-04-16T15:21:48.1857798Z 
2025-04-16T15:21:48.1858091Z [7m21[0m     setZoom: jest.fn(),
2025-04-16T15:21:48.1858703Z [7m  [0m [91m             ~~~~[0m
2025-04-16T15:21:48.1858980Z 
2025-04-16T15:21:48.1858987Z 
2025-04-16T15:21:48.1860118Z Error: [96msrc/app/shared/components/map/map.component.spec.ts[0m:[93m22[0m:[93m16[0m - [91merror[0m[90m TS2304: [0mCannot find name 'jest'.
2025-04-16T15:21:48.1860946Z 
2025-04-16T15:21:48.1861488Z [7m22[0m     getCenter: jest.fn().mockReturnValue({ lat: 0, lng: 0 }),
2025-04-16T15:21:48.1862194Z [7m  [0m [91m               ~~~~[0m
2025-04-16T15:21:48.1862466Z 
2025-04-16T15:21:48.1862474Z 
2025-04-16T15:21:48.1863644Z Error: [96msrc/app/shared/components/map/map.component.spec.ts[0m:[93m23[0m:[93m12[0m - [91merror[0m[90m TS2304: [0mCannot find name 'jest'.
2025-04-16T15:21:48.1864470Z 
2025-04-16T15:21:48.1864740Z [7m23[0m     flyTo: jest.fn(),
2025-04-16T15:21:48.1865262Z [7m  [0m [91m           ~~~~[0m
2025-04-16T15:21:48.1865531Z 
2025-04-16T15:21:48.1865538Z 
2025-04-16T15:21:48.1866868Z Error: [96msrc/app/shared/components/map/map.component.spec.ts[0m:[93m28[0m:[93m12[0m - [91merror[0m[90m TS2304: [0mCannot find name 'jest'.
2025-04-16T15:21:48.1867726Z 
2025-04-16T15:21:48.1868104Z [7m28[0m     addTo: jest.fn().mockReturnThis(),
2025-04-16T15:21:48.1868700Z [7m  [0m [91m           ~~~~[0m
2025-04-16T15:21:48.1868961Z 
2025-04-16T15:21:48.1868969Z 
2025-04-16T15:21:48.1870142Z Error: [96msrc/app/shared/components/map/map.component.spec.ts[0m:[93m29[0m:[93m16[0m - [91merror[0m[90m TS2304: [0mCannot find name 'jest'.
2025-04-16T15:21:48.1870987Z 
2025-04-16T15:21:48.1871374Z [7m29[0m     setLatLng: jest.fn().mockReturnThis(),
2025-04-16T15:21:48.1871989Z [7m  [0m [91m               ~~~~[0m
2025-04-16T15:21:48.1872266Z 
2025-04-16T15:21:48.1872274Z 
2025-04-16T15:21:48.1873435Z Error: [96msrc/app/shared/components/map/map.component.spec.ts[0m:[93m30[0m:[93m16[0m - [91merror[0m[90m TS2304: [0mCannot find name 'jest'.
2025-04-16T15:21:48.1874291Z 
2025-04-16T15:21:48.1874694Z [7m30[0m     bindPopup: jest.fn().mockReturnThis(),
2025-04-16T15:21:48.1875323Z [7m  [0m [91m               ~~~~[0m
2025-04-16T15:21:48.1875670Z 
2025-04-16T15:21:48.1875678Z 
2025-04-16T15:21:48.1877024Z Error: [96msrc/app/shared/components/map/map.component.spec.ts[0m:[93m31[0m:[93m16[0m - [91merror[0m[90m TS2304: [0mCannot find name 'jest'.
2025-04-16T15:21:48.1877867Z 
2025-04-16T15:21:48.1878176Z [7m31[0m     openPopup: jest.fn(),
2025-04-16T15:21:48.1878715Z [7m  [0m [91m               ~~~~[0m
2025-04-16T15:21:48.1878986Z 
2025-04-16T15:21:48.1878994Z 
2025-04-16T15:21:48.1880154Z Error: [96msrc/app/shared/components/map/map.component.spec.ts[0m:[93m32[0m:[93m13[0m - [91merror[0m[90m TS2304: [0mCannot find name 'jest'.
2025-04-16T15:21:48.1881003Z 
2025-04-16T15:21:48.1881275Z [7m32[0m     remove: jest.fn(),
2025-04-16T15:21:48.1881800Z [7m  [0m [91m            ~~~~[0m
2025-04-16T15:21:48.1882058Z 
2025-04-16T15:21:48.1882066Z 
2025-04-16T15:21:48.1883432Z Error: [96msrc/app/shared/components/map/map.component.spec.ts[0m:[93m33[0m:[93m9[0m - [91merror[0m[90m TS2304: [0mCannot find name 'jest'.
2025-04-16T15:21:48.1884260Z 
2025-04-16T15:21:48.1884609Z [7m33[0m     on: jest.fn().mockReturnThis(),
2025-04-16T15:21:48.1885163Z [7m  [0m [91m        ~~~~[0m
2025-04-16T15:21:48.1885415Z 
2025-04-16T15:21:48.1885424Z 
2025-04-16T15:21:48.1886950Z Error: [96msrc/app/shared/components/map/map.component.spec.ts[0m:[93m38[0m:[93m16[0m - [91merror[0m[90m TS2304: [0mCannot find name 'jest'.
2025-04-16T15:21:48.1887805Z 
2025-04-16T15:21:48.1888200Z [7m38[0m     setLatLng: jest.fn().mockReturnThis(),
2025-04-16T15:21:48.1888825Z [7m  [0m [91m               ~~~~[0m
2025-04-16T15:21:48.1889096Z 
2025-04-16T15:21:48.1889104Z 
2025-04-16T15:21:48.1890272Z Error: [96msrc/app/shared/components/map/map.component.spec.ts[0m:[93m39[0m:[93m17[0m - [91merror[0m[90m TS2304: [0mCannot find name 'jest'.
2025-04-16T15:21:48.1891125Z 
2025-04-16T15:21:48.1891545Z [7m39[0m     setContent: jest.fn().mockReturnThis(),
2025-04-16T15:21:48.1892166Z [7m  [0m [91m                ~~~~[0m
2025-04-16T15:21:48.1892447Z 
2025-04-16T15:21:48.1892455Z 
2025-04-16T15:21:48.1893602Z Error: [96msrc/app/shared/components/map/map.component.spec.ts[0m:[93m40[0m:[93m13[0m - [91merror[0m[90m TS2304: [0mCannot find name 'jest'.
2025-04-16T15:21:48.1894434Z 
2025-04-16T15:21:48.1894725Z [7m40[0m     openOn: jest.fn(),
2025-04-16T15:21:48.1895259Z [7m  [0m [91m            ~~~~[0m
2025-04-16T15:21:48.1895518Z 
2025-04-16T15:21:48.1895525Z 
2025-04-16T15:21:48.1896856Z Error: [96msrc/app/shared/components/map/map.component.spec.ts[0m:[93m50[0m:[93m10[0m - [91merror[0m[90m TS2304: [0mCannot find name 'jest'.
2025-04-16T15:21:48.1897690Z 
2025-04-16T15:21:48.1898098Z [7m50[0m     map: jest.fn().mockReturnValue(mockMap),
2025-04-16T15:21:48.1898738Z [7m  [0m [91m         ~~~~[0m
2025-04-16T15:21:48.1898991Z 
2025-04-16T15:21:48.1899008Z 
2025-04-16T15:21:48.1900148Z Error: [96msrc/app/shared/components/map/map.component.spec.ts[0m:[93m51[0m:[93m13[0m - [91merror[0m[90m TS2304: [0mCannot find name 'jest'.
2025-04-16T15:21:48.1900987Z 
2025-04-16T15:21:48.1901425Z [7m51[0m     marker: jest.fn().mockReturnValue(mockMarker),
2025-04-16T15:21:48.1902052Z [7m  [0m [91m            ~~~~[0m
2025-04-16T15:21:48.1902314Z 
2025-04-16T15:21:48.1902322Z 
2025-04-16T15:21:48.1903499Z Error: [96msrc/app/shared/components/map/map.component.spec.ts[0m:[93m52[0m:[93m12[0m - [91merror[0m[90m TS2304: [0mCannot find name 'jest'.
2025-04-16T15:21:48.1904334Z 
2025-04-16T15:21:48.1904746Z [7m52[0m     popup: jest.fn().mockReturnValue(mockPopup),
2025-04-16T15:21:48.1905359Z [7m  [0m [91m           ~~~~[0m
2025-04-16T15:21:48.1905630Z 
2025-04-16T15:21:48.1905638Z 
2025-04-16T15:21:48.1906999Z Error: [96msrc/app/shared/components/map/map.component.spec.ts[0m:[93m53[0m:[93m11[0m - [91merror[0m[90m TS2304: [0mCannot find name 'jest'.
2025-04-16T15:21:48.1907832Z 
2025-04-16T15:21:48.1908228Z [7m53[0m     icon: jest.fn().mockReturnValue(mockIcon),
2025-04-16T15:21:48.1908839Z [7m  [0m [91m          ~~~~[0m
2025-04-16T15:21:48.1909080Z 
2025-04-16T15:21:48.1909096Z 
2025-04-16T15:21:48.1910245Z Error: [96msrc/app/shared/components/map/map.component.spec.ts[0m:[93m54[0m:[93m16[0m - [91merror[0m[90m TS2304: [0mCannot find name 'jest'.
2025-04-16T15:21:48.1911037Z 
2025-04-16T15:21:48.1911405Z [7m54[0m     tileLayer: jest.fn().mockReturnValue({
2025-04-16T15:21:48.1911961Z [7m  [0m [91m               ~~~~[0m
2025-04-16T15:21:48.1912202Z 
2025-04-16T15:21:48.1912210Z 
2025-04-16T15:21:48.1913310Z Error: [96msrc/app/shared/components/map/map.component.spec.ts[0m:[93m55[0m:[93m14[0m - [91merror[0m[90m TS2304: [0mCannot find name 'jest'.
2025-04-16T15:21:48.1914140Z 
2025-04-16T15:21:48.1914403Z [7m55[0m       addTo: jest.fn(),
2025-04-16T15:21:48.1914906Z [7m  [0m [91m             ~~~~[0m
2025-04-16T15:21:48.1915440Z 
2025-04-16T15:21:48.1915448Z 
2025-04-16T15:21:48.1916769Z Error: [96msrc/app/shared/components/map/map.component.spec.ts[0m:[93m57[0m:[93m14[0m - [91merror[0m[90m TS2304: [0mCannot find name 'jest'.
2025-04-16T15:21:48.1917600Z 
2025-04-16T15:21:48.1918009Z [7m57[0m     divIcon: jest.fn().mockReturnValue({}),
2025-04-16T15:21:48.1918610Z [7m  [0m [91m             ~~~~[0m
2025-04-16T15:21:48.1918867Z 
2025-04-16T15:21:48.1919050Z 
2025-04-16T15:21:48.1920606Z Error: [96msrc/app/shared/components/map/map.component.spec.ts[0m:[93m143[0m:[93m22[0m - [91merror[0m[90m TS2341: [0mProperty 'map' is private and only accessible within class 'MapComponent'.
2025-04-16T15:21:48.1921683Z 
2025-04-16T15:21:48.1922055Z [7m143[0m     expect(component.map).toBeNull();
2025-04-16T15:21:48.1922718Z [7m   [0m [91m                     ~~~[0m
2025-04-16T15:21:48.1923014Z 
2025-04-16T15:21:48.1923023Z 
2025-04-16T15:21:48.1924673Z Error: [96msrc/app/shared/components/map/map.component.spec.ts[0m:[93m169[0m:[93m15[0m - [91merror[0m[90m TS2551: [0mProperty 'onMapClick' does not exist on type 'MapComponent'. Did you mean 'mapClick'?
2025-04-16T15:21:48.1926087Z 
2025-04-16T15:21:48.1926517Z [7m169[0m     component.onMapClick(mockEvent as any);
2025-04-16T15:21:48.1927182Z [7m   [0m [91m              ~~~~~~~~~~[0m
2025-04-16T15:21:48.1927471Z 
2025-04-16T15:21:48.1928060Z   [96msrc/app/shared/components/map/map.component.ts[0m:[93m126[0m:[93m13[0m
2025-04-16T15:21:48.1929214Z     [7m126[0m   @Output() mapClick = new EventEmitter<{ latitude: number; longitude: number }>();
2025-04-16T15:21:48.1930004Z     [7m   [0m [96m            ~~~~~~~~[0m
2025-04-16T15:21:48.1930464Z     'mapClick' is declared here.
2025-04-16T15:21:48.1930717Z 
2025-04-16T15:21:48.1930725Z 
2025-04-16T15:21:48.1932238Z Error: [96msrc/app/shared/components/map/map.component.spec.ts[0m:[93m184[0m:[93m22[0m - [91merror[0m[90m TS2341: [0mProperty 'map' is private and only accessible within class 'MapComponent'.
2025-04-16T15:21:48.1933283Z 
2025-04-16T15:21:48.1933913Z [7m184[0m     expect(component.map?.flyTo).toHaveBeenCalledWith([60.0, 11.0], 12);
2025-04-16T15:21:48.1934731Z [7m   [0m [91m                     ~~~[0m
2025-04-16T15:21:48.1935006Z 
2025-04-16T15:21:48.1935014Z 
2025-04-16T15:21:48.1936766Z Error: [96msrc/app/shared/components/map/map.component.spec.ts[0m:[93m200[0m:[93m22[0m - [91merror[0m[90m TS2341: [0mProperty 'map' is private and only accessible within class 'MapComponent'.
2025-04-16T15:21:48.1937843Z 
2025-04-16T15:21:48.1938429Z [7m200[0m     expect(component.map?.invalidateSize).toHaveBeenCalled();
2025-04-16T15:21:48.1939198Z [7m   [0m [91m                     ~~~[0m
2025-04-16T15:21:48.1939489Z 
2025-04-16T15:21:48.1939496Z 
2025-04-16T15:21:48.1941218Z Error: [96msrc/app/shared/components/map/map.component.spec.ts[0m:[93m214[0m:[93m15[0m - [91merror[0m[90m TS2551: [0mProperty 'onMarkerClick' does not exist on type 'MapComponent'. Did you mean 'markerClick'?
2025-04-16T15:21:48.1942442Z 
2025-04-16T15:21:48.1942846Z [7m214[0m     component.onMarkerClick(testMarker);
2025-04-16T15:21:48.1943542Z [7m   [0m [91m              ~~~~~~~~~~~~~[0m
2025-04-16T15:21:48.1943861Z 
2025-04-16T15:21:48.1944462Z   [96msrc/app/shared/components/map/map.component.ts[0m:[93m120[0m:[93m13[0m
2025-04-16T15:21:48.1945456Z     [7m120[0m   @Output() markerClick = new EventEmitter<MapMarker>();
2025-04-16T15:21:48.1946430Z     [7m   [0m [96m            ~~~~~~~~~~~[0m
2025-04-16T15:21:48.1946921Z     'markerClick' is declared here.
2025-04-16T15:21:48.1947197Z 
2025-04-16T15:21:48.1947206Z 
2025-04-16T15:21:48.1948374Z Error: [96msrc/app/shared/components/map/map.component.spec.ts[0m:[93m227[0m:[93m27[0m - [91merror[0m[90m TS2304: [0mCannot find name 'jest'.
2025-04-16T15:21:48.1949206Z 
2025-04-16T15:21:48.1949801Z [7m227[0m       getCurrentPosition: jest.fn().mockImplementation(success => {
2025-04-16T15:21:48.1950676Z [7m   [0m [91m                          ~~~~[0m
2025-04-16T15:21:48.1951329Z 
2025-04-16T15:21:48.1951338Z 
2025-04-16T15:21:48.1952578Z Error: [96msrc/app/shared/components/map/map.component.spec.ts[0m:[93m238[0m:[93m27[0m - [91merror[0m[90m TS2304: [0mCannot find name 'global'.
2025-04-16T15:21:48.1953433Z 
2025-04-16T15:21:48.1954046Z [7m238[0m     Object.defineProperty(global.navigator, 'geolocation', {
2025-04-16T15:21:48.1955117Z [7m   [0m [91m                          ~~~~~~[0m
2025-04-16T15:21:48.1955475Z 
2025-04-16T15:21:48.1955485Z 
2025-04-16T15:21:48.1957650Z Error: [96msrc/app/shared/components/map/map.component.spec.ts[0m:[93m244[0m:[93m15[0m - [91merror[0m[90m TS2551: [0mProperty 'showCurrentPosition' does not exist on type 'MapComponent'. Did you mean 'showCurrentLocation'?
2025-04-16T15:21:48.1959039Z 
2025-04-16T15:21:48.1959475Z [7m244[0m     component.showCurrentPosition();
2025-04-16T15:21:48.1960238Z [7m   [0m [91m              ~~~~~~~~~~~~~~~~~~~[0m
2025-04-16T15:21:48.1960582Z 
2025-04-16T15:21:48.1961209Z   [96msrc/app/shared/components/map/map.component.ts[0m:[93m114[0m:[93m12[0m
2025-04-16T15:21:48.1962138Z     [7m114[0m   @Input() showCurrentLocation = false;
2025-04-16T15:21:48.1962833Z     [7m   [0m [96m           ~~~~~~~~~~~~~~~~~~~[0m
2025-04-16T15:21:48.1963383Z     'showCurrentLocation' is declared here.
2025-04-16T15:21:48.1963720Z 
2025-04-16T15:21:48.1963730Z 
2025-04-16T15:21:48.1964994Z Error: [96msrc/app/shared/components/map/map.component.ts[0m:[93m2[0m:[93m3[0m - [91merror[0m[90m TS2300: [0mDuplicate identifier 'Component'.
2025-04-16T15:21:48.1966135Z 
2025-04-16T15:21:48.1966398Z [7m2[0m   Component,
2025-04-16T15:21:48.1966960Z [7m [0m [91m  ~~~~~~~~~[0m
2025-04-16T15:21:48.1967231Z 
2025-04-16T15:21:48.1967241Z 
2025-04-16T15:21:48.1968450Z Error: [96msrc/app/shared/components/map/map.component.ts[0m:[93m3[0m:[93m3[0m - [91merror[0m[90m TS2300: [0mDuplicate identifier 'OnInit'.
2025-04-16T15:21:48.1969337Z 
2025-04-16T15:21:48.1969557Z [7m3[0m   OnInit,
2025-04-16T15:21:48.1969993Z [7m [0m [91m  ~~~~~~[0m
2025-04-16T15:21:48.1970234Z 
2025-04-16T15:21:48.1970243Z 
2025-04-16T15:21:48.1971453Z Error: [96msrc/app/shared/components/map/map.component.ts[0m:[93m4[0m:[93m3[0m - [91merror[0m[90m TS2300: [0mDuplicate identifier 'Input'.
2025-04-16T15:21:48.1972321Z 
2025-04-16T15:21:48.1972554Z [7m4[0m   Input,
2025-04-16T15:21:48.1972938Z [7m [0m [91m  ~~~~~[0m
2025-04-16T15:21:48.1973178Z 
2025-04-16T15:21:48.1973186Z 
2025-04-16T15:21:48.1974314Z Error: [96msrc/app/shared/components/map/map.component.ts[0m:[93m5[0m:[93m3[0m - [91merror[0m[90m TS2300: [0mDuplicate identifier 'Output'.
2025-04-16T15:21:48.1975156Z 
2025-04-16T15:21:48.1975372Z [7m5[0m   Output,
2025-04-16T15:21:48.1975978Z [7m [0m [91m  ~~~~~~[0m
2025-04-16T15:21:48.1976217Z 
2025-04-16T15:21:48.1976226Z 
2025-04-16T15:21:48.1977455Z Error: [96msrc/app/shared/components/map/map.component.ts[0m:[93m6[0m:[93m3[0m - [91merror[0m[90m TS2300: [0mDuplicate identifier 'EventEmitter'.
2025-04-16T15:21:48.1978359Z 
2025-04-16T15:21:48.1978617Z [7m6[0m   EventEmitter,
2025-04-16T15:21:48.1979117Z [7m [0m [91m  ~~~~~~~~~~~~[0m
2025-04-16T15:21:48.1979399Z 
2025-04-16T15:21:48.1979408Z 
2025-04-16T15:21:48.1980671Z Error: [96msrc/app/shared/components/map/map.component.ts[0m:[93m7[0m:[93m3[0m - [91merror[0m[90m TS2300: [0mDuplicate identifier 'AfterViewInit'.
2025-04-16T15:21:48.1981540Z 
2025-04-16T15:21:48.1981772Z [7m7[0m   AfterViewInit,
2025-04-16T15:21:48.1982266Z [7m [0m [91m  ~~~~~~~~~~~~~[0m
2025-04-16T15:21:48.1982522Z 
2025-04-16T15:21:48.1982530Z 
2025-04-16T15:21:48.1983700Z Error: [96msrc/app/shared/components/map/map.component.ts[0m:[93m8[0m:[93m3[0m - [91merror[0m[90m TS2300: [0mDuplicate identifier 'OnDestroy'.
2025-04-16T15:21:48.1984561Z 
2025-04-16T15:21:48.1984780Z [7m8[0m   OnDestroy,
2025-04-16T15:21:48.1985240Z [7m [0m [91m  ~~~~~~~~~[0m
2025-04-16T15:21:48.1985996Z 
2025-04-16T15:21:48.1986005Z 
2025-04-16T15:21:48.1987268Z Error: [96msrc/app/shared/components/map/map.component.ts[0m:[93m15[0m:[93m10[0m - [91merror[0m[90m TS2300: [0mDuplicate identifier 'CommonModule'.
2025-04-16T15:21:48.1988169Z 
2025-04-16T15:21:48.1988602Z [7m15[0m import { CommonModule } from '@angular/common';
2025-04-16T15:21:48.1989271Z [7m  [0m [91m         ~~~~~~~~~~~~[0m
2025-04-16T15:21:48.1989772Z 
2025-04-16T15:21:48.1989787Z 
2025-04-16T15:21:48.1990976Z Error: [96msrc/app/shared/components/map/map.component.ts[0m:[93m16[0m:[93m13[0m - [91merror[0m[90m TS2300: [0mDuplicate identifier 'L'.
2025-04-16T15:21:48.1991822Z 
2025-04-16T15:21:48.1992173Z [7m16[0m import * as L from 'leaflet';
2025-04-16T15:21:48.1992728Z [7m  [0m [91m            ~[0m
2025-04-16T15:21:48.1992993Z 
2025-04-16T15:21:48.1993001Z 
2025-04-16T15:21:48.1994270Z Error: [96msrc/app/shared/components/map/map.component.ts[0m:[93m17[0m:[93m10[0m - [91merror[0m[90m TS2300: [0mDuplicate identifier 'GeocodingService'.
2025-04-16T15:21:48.1995201Z 
2025-04-16T15:21:48.1996084Z [7m17[0m import { GeocodingService } from '../../../core/services/geocoding.service';
2025-04-16T15:21:48.1996948Z [7m  [0m [91m         ~~~~~~~~~~~~~~~~[0m
2025-04-16T15:21:48.1997243Z 
2025-04-16T15:21:48.1997263Z 
2025-04-16T15:21:48.1998543Z Error: [96msrc/app/shared/components/map/map.component.ts[0m:[93m71[0m:[93m14[0m - [91merror[0m[90m TS2300: [0mDuplicate identifier 'MapComponent'.
2025-04-16T15:21:48.1999397Z 
2025-04-16T15:21:48.2000148Z [7m71[0m export class MapComponent implements OnInit, AfterViewInit, OnDestroy, OnChanges {
2025-04-16T15:21:48.2001110Z [7m  [0m [91m             ~~~~~~~~~~~~[0m
2025-04-16T15:21:48.2001415Z 
2025-04-16T15:21:48.2001423Z 
2025-04-16T15:21:48.2003518Z Error: [96msrc/app/shared/components/map/map.component.ts[0m:[93m345[0m:[93m15[0m - [91merror[0m[90m TS2353: [0mObject literal may only specify known properties, and 'address' does not exist in type '{ latitude: number; longitude: number; }'.
2025-04-16T15:21:48.2004949Z 
2025-04-16T15:21:48.2005373Z [7m345[0m               address: result.address,
2025-04-16T15:21:48.2006271Z [7m   [0m [91m              ~~~~~~~[0m
2025-04-16T15:21:48.2006569Z 
2025-04-16T15:21:48.2006577Z 
2025-04-16T15:21:48.2007771Z Error: [96msrc/app/shared/components/map/map.component.ts[0m:[93m410[0m:[93m36[0m - [91merror[0m[90m TS2769: [0mNo overload matches this call.
2025-04-16T15:21:48.2008841Z   The last overload gave the following error.
2025-04-16T15:21:48.2009735Z     Argument of type '(e: KeyboardEvent) => void' is not assignable to parameter of type 'LeafletEventHandlerFn'.
2025-04-16T15:21:48.2010612Z       Types of parameters 'e' and 'event' are incompatible.
2025-04-16T15:21:48.2011661Z         Type 'LeafletEvent' is missing the following properties from type 'KeyboardEvent': altKey, charCode, code, ctrlKey, and 37 more.
2025-04-16T15:21:48.2012435Z 
2025-04-16T15:21:48.2012973Z [7m410[0m       leafletMarker.on('keypress', (e: KeyboardEvent) => {
2025-04-16T15:21:48.2013840Z [7m   [0m [91m                                   ~~~~~~~~~~~~~~~~~~~~~~~[0m
2025-04-16T15:21:48.2014177Z 
2025-04-16T15:21:48.2014690Z   [96m../node_modules/@types/leaflet/index.d.ts[0m:[93m1075[0m:[93m5[0m
2025-04-16T15:21:48.2015666Z     [7m1075[0m     on(type: string, fn: LeafletEventHandlerFn, context?: any): this;
2025-04-16T15:21:48.2016642Z     [7m    [0m [96m    ~~[0m
2025-04-16T15:21:48.2017092Z     The last overload is declared here.
2025-04-16T15:21:48.2017398Z 
2025-04-16T15:21:48.2017407Z 
2025-04-16T15:21:48.2018985Z Error: [96msrc/app/shared/components/map/map.component.ts[0m:[93m505[0m:[93m37[0m - [91merror[0m[90m TS2339: [0mProperty 'trackPerformance' does not exist on type 'MapMonitoringService'.
2025-04-16T15:21:48.2020321Z 
2025-04-16T15:21:48.2021117Z [7m505[0m           this.mapMonitoringService.trackPerformance('geolocation', geolocateTime);
2025-04-16T15:21:48.2022397Z [7m   [0m [91m                                    ~~~~~~~~~~~~~~~~[0m
2025-04-16T15:21:48.2022750Z 
2025-04-16T15:21:48.2022759Z 
2025-04-16T15:21:48.2024401Z Error: [96msrc/app/shared/components/map/map.component.ts[0m:[93m684[0m:[93m31[0m - [91merror[0m[90m TS2339: [0mProperty 'trackPerformance' does not exist on type 'MapMonitoringService'.
2025-04-16T15:21:48.2025527Z 
2025-04-16T15:21:48.2026681Z [7m684[0m     this.mapMonitoringService.trackPerformance('update_markers', updateTime, {
2025-04-16T15:21:48.2027761Z [7m   [0m [91m                              ~~~~~~~~~~~~~~~~[0m
2025-04-16T15:21:48.2028110Z 
2025-04-16T15:21:48.2028119Z 
2025-04-16T15:21:48.2029709Z Error: [96msrc/app/shared/components/map/map.component.ts[0m:[93m777[0m:[93m33[0m - [91merror[0m[90m TS2339: [0mProperty 'trackPerformance' does not exist on type 'MapMonitoringService'.
2025-04-16T15:21:48.2030845Z 
2025-04-16T15:21:48.2031628Z [7m777[0m       this.mapMonitoringService.trackPerformance('refresh_map', refreshTime);
2025-04-16T15:21:48.2032659Z [7m   [0m [91m                                ~~~~~~~~~~~~~~~~[0m
2025-04-16T15:21:48.2033007Z 
2025-04-16T15:21:48.2033014Z 
2025-04-16T15:21:48.2034254Z Error: [96msrc/app/shared/components/map/map.component.ts[0m:[93m782[0m:[93m3[0m - [91merror[0m[90m TS2300: [0mDuplicate identifier 'Component'.
2025-04-16T15:21:48.2035127Z 
2025-04-16T15:21:48.2035368Z [7m782[0m   Component,
2025-04-16T15:21:48.2036132Z [7m   [0m [91m  ~~~~~~~~~[0m
2025-04-16T15:21:48.2036394Z 
2025-04-16T15:21:48.2036403Z 
2025-04-16T15:21:48.2037654Z Error: [96msrc/app/shared/components/map/map.component.ts[0m:[93m783[0m:[93m3[0m - [91merror[0m[90m TS2300: [0mDuplicate identifier 'OnInit'.
2025-04-16T15:21:48.2038536Z 
2025-04-16T15:21:48.2038749Z [7m783[0m   OnInit,
2025-04-16T15:21:48.2039198Z [7m   [0m [91m  ~~~~~~[0m
2025-04-16T15:21:48.2039451Z 
2025-04-16T15:21:48.2039460Z 
2025-04-16T15:21:48.2040653Z Error: [96msrc/app/shared/components/map/map.component.ts[0m:[93m784[0m:[93m3[0m - [91merror[0m[90m TS2300: [0mDuplicate identifier 'Input'.
2025-04-16T15:21:48.2041530Z 
2025-04-16T15:21:48.2041742Z [7m784[0m   Input,
2025-04-16T15:21:48.2042164Z [7m   [0m [91m  ~~~~~[0m
2025-04-16T15:21:48.2042403Z 
2025-04-16T15:21:48.2042411Z 
2025-04-16T15:21:48.2043591Z Error: [96msrc/app/shared/components/map/map.component.ts[0m:[93m785[0m:[93m3[0m - [91merror[0m[90m TS2300: [0mDuplicate identifier 'Output'.
2025-04-16T15:21:48.2044459Z 
2025-04-16T15:21:48.2044689Z [7m785[0m   Output,
2025-04-16T15:21:48.2045135Z [7m   [0m [91m  ~~~~~~[0m
2025-04-16T15:21:48.2045373Z 
2025-04-16T15:21:48.2045381Z 
2025-04-16T15:21:48.2046800Z Error: [96msrc/app/shared/components/map/map.component.ts[0m:[93m786[0m:[93m3[0m - [91merror[0m[90m TS2300: [0mDuplicate identifier 'EventEmitter'.
2025-04-16T15:21:48.2047707Z 
2025-04-16T15:21:48.2047984Z [7m786[0m   EventEmitter,
2025-04-16T15:21:48.2048521Z [7m   [0m [91m  ~~~~~~~~~~~~[0m
2025-04-16T15:21:48.2048797Z 
2025-04-16T15:21:48.2048805Z 
2025-04-16T15:21:48.2050041Z Error: [96msrc/app/shared/components/map/map.component.ts[0m:[93m787[0m:[93m3[0m - [91merror[0m[90m TS2300: [0mDuplicate identifier 'AfterViewInit'.
2025-04-16T15:21:48.2050948Z 
2025-04-16T15:21:48.2051209Z [7m787[0m   AfterViewInit,
2025-04-16T15:21:48.2051730Z [7m   [0m [91m  ~~~~~~~~~~~~~[0m
2025-04-16T15:21:48.2052006Z 
2025-04-16T15:21:48.2052024Z 
2025-04-16T15:21:48.2053256Z Error: [96msrc/app/shared/components/map/map.component.ts[0m:[93m788[0m:[93m3[0m - [91merror[0m[90m TS2300: [0mDuplicate identifier 'OnDestroy'.
2025-04-16T15:21:48.2054170Z 
2025-04-16T15:21:48.2054425Z [7m788[0m   OnDestroy,
2025-04-16T15:21:48.2054946Z [7m   [0m [91m  ~~~~~~~~~[0m
2025-04-16T15:21:48.2055202Z 
2025-04-16T15:21:48.2055210Z 
2025-04-16T15:21:48.2056733Z Error: [96msrc/app/shared/components/map/map.component.ts[0m:[93m790[0m:[93m10[0m - [91merror[0m[90m TS2300: [0mDuplicate identifier 'CommonModule'.
2025-04-16T15:21:48.2057916Z 
2025-04-16T15:21:48.2058400Z [7m790[0m import { CommonModule } from '@angular/common';
2025-04-16T15:21:48.2059082Z [7m   [0m [91m         ~~~~~~~~~~~~[0m
2025-04-16T15:21:48.2059381Z 
2025-04-16T15:21:48.2059390Z 
2025-04-16T15:21:48.2060555Z Error: [96msrc/app/shared/components/map/map.component.ts[0m:[93m791[0m:[93m13[0m - [91merror[0m[90m TS2300: [0mDuplicate identifier 'L'.
2025-04-16T15:21:48.2061591Z 
2025-04-16T15:21:48.2061967Z [7m791[0m import * as L from 'leaflet';
2025-04-16T15:21:48.2062561Z [7m   [0m [91m            ~[0m
2025-04-16T15:21:48.2062828Z 
2025-04-16T15:21:48.2062838Z 
2025-04-16T15:21:48.2064128Z Error: [96msrc/app/shared/components/map/map.component.ts[0m:[93m792[0m:[93m10[0m - [91merror[0m[90m TS2300: [0mDuplicate identifier 'GeocodingService'.
2025-04-16T15:21:48.2065170Z 
2025-04-16T15:21:48.2066128Z [7m792[0m import { GeocodingService } from '../../../core/services/geocoding.service';
2025-04-16T15:21:48.2067062Z [7m   [0m [91m         ~~~~~~~~~~~~~~~~[0m
2025-04-16T15:21:48.2067391Z 
2025-04-16T15:21:48.2067400Z 
2025-04-16T15:21:48.2068673Z Error: [96msrc/app/shared/components/map/map.component.ts[0m:[93m811[0m:[93m14[0m - [91merror[0m[90m TS2300: [0mDuplicate identifier 'MapComponent'.
2025-04-16T15:21:48.2069577Z 
2025-04-16T15:21:48.2070252Z [7m811[0m export class MapComponent implements OnInit, AfterViewInit, OnDestroy {
2025-04-16T15:21:48.2071131Z [7m   [0m [91m             ~~~~~~~~~~~~[0m
2025-04-16T15:21:48.2071431Z 
2025-04-16T15:21:48.2071439Z 
2025-04-16T15:21:48.2072646Z Error: [96msrc/app/shared/emerald/card-grid/card-grid.component.spec.ts[0m:[93m18[0m:[93m1[0m - [91merror[0m[90m TS1005: [0m'from' expected.
2025-04-16T15:21:48.2073513Z 
2025-04-16T15:21:48.2074047Z [7m18[0m import { CardGridComponent } from './card-grid.component';
2025-04-16T15:21:48.2074689Z [7m  [0m [91m~~~~~~[0m
2025-04-16T15:21:48.2074926Z 
2025-04-16T15:21:48.2074933Z 
2025-04-16T15:21:48.2076520Z Error: [96msrc/app/shared/emerald/card-grid/card-grid.component.spec.ts[0m:[93m20[0m:[93m73[0m - [91merror[0m[90m TS2304: [0mCannot find name 'MockAppCardComponent'.
2025-04-16T15:21:48.2077527Z 
2025-04-16T15:21:48.2078737Z [7m20[0m import { CommonTestModule } from '../../../testing/common-test.module'; MockAppCardComponent } from '../../../testing/common-test.module';
2025-04-16T15:21:48.2080190Z [7m  [0m [91m                                                                        ~~~~~~~~~~~~~~~~~~~~[0m
2025-04-16T15:21:48.2080554Z 
2025-04-16T15:21:48.2080571Z 
2025-04-16T15:21:48.2081889Z Error: [96msrc/app/shared/emerald/card-grid/card-grid.component.spec.ts[0m:[93m20[0m:[93m94[0m - [91merror[0m[90m TS1128: [0mDeclaration or statement expected.
2025-04-16T15:21:48.2082821Z 
2025-04-16T15:21:48.2084013Z [7m20[0m import { CommonTestModule } from '../../../testing/common-test.module'; MockAppCardComponent } from '../../../testing/common-test.module';
2025-04-16T15:21:48.2085460Z [7m  [0m [91m                                                                                             ~[0m
2025-04-16T15:21:48.2086133Z 
2025-04-16T15:21:48.2086142Z 
2025-04-16T15:21:48.2087473Z Error: [96msrc/app/shared/emerald/card-grid/card-grid.component.spec.ts[0m:[93m20[0m:[93m96[0m - [91merror[0m[90m TS1434: [0mUnexpected keyword or identifier.
2025-04-16T15:21:48.2088414Z 
2025-04-16T15:21:48.2089597Z [7m20[0m import { CommonTestModule } from '../../../testing/common-test.module'; MockAppCardComponent } from '../../../testing/common-test.module';
2025-04-16T15:21:48.2091073Z [7m  [0m [91m                                                                                               ~~~~[0m
2025-04-16T15:21:48.2091452Z 
2025-04-16T15:21:48.2091460Z 
2025-04-16T15:21:48.2092720Z Error: [96msrc/app/shared/emerald/card-grid/card-grid.component.spec.ts[0m:[93m20[0m:[93m96[0m - [91merror[0m[90m TS2304: [0mCannot find name 'from'.
2025-04-16T15:21:48.2093889Z 
2025-04-16T15:21:48.2095080Z [7m20[0m import { CommonTestModule } from '../../../testing/common-test.module'; MockAppCardComponent } from '../../../testing/common-test.module';
2025-04-16T15:21:48.2097015Z [7m  [0m [91m                                                                                               ~~~~[0m
2025-04-16T15:21:48.2097418Z 
2025-04-16T15:21:48.2097428Z 
2025-04-16T15:21:48.2099028Z Error: [96msrc/app/shared/emerald/card-grid/card-grid.component.spec.ts[0m:[93m52[0m:[93m4[0m - [91merror[0m[90m TS2304: [0mCannot find name 'ViewChild'.
2025-04-16T15:21:48.2099972Z 
2025-04-16T15:21:48.2100577Z [7m52[0m   @ViewChild('itemTemplate') itemTemplate!: TemplateRef<any>;
2025-04-16T15:21:48.2101288Z [7m  [0m [91m   ~~~~~~~~~[0m
2025-04-16T15:21:48.2101539Z 
2025-04-16T15:21:48.2101547Z 
2025-04-16T15:21:48.2102901Z Error: [96msrc/app/shared/emerald/card-grid/card-grid.component.spec.ts[0m:[93m52[0m:[93m45[0m - [91merror[0m[90m TS2304: [0mCannot find name 'TemplateRef'.
2025-04-16T15:21:48.2103873Z 
2025-04-16T15:21:48.2104456Z [7m52[0m   @ViewChild('itemTemplate') itemTemplate!: TemplateRef<any>;
2025-04-16T15:21:48.2105408Z [7m  [0m [91m                                            ~~~~~~~~~~~[0m
2025-04-16T15:21:48.2106060Z 
2025-04-16T15:21:48.2106069Z 
2025-04-16T15:21:48.2107538Z Error: [96msrc/app/shared/emerald/card-grid/card-grid.component.spec.ts[0m:[93m103[0m:[93m9[0m - [91merror[0m[90m TS2304: [0mCannot find name 'MockAppCardComponent'.
2025-04-16T15:21:48.2108539Z 
2025-04-16T15:21:48.2108882Z [7m103[0m         MockAppCardComponent,
2025-04-16T15:21:48.2109516Z [7m   [0m [91m        ~~~~~~~~~~~~~~~~~~~~[0m
2025-04-16T15:21:48.2109833Z 
2025-04-16T15:21:48.2109842Z 
2025-04-16T15:21:48.2111289Z Error: [96msrc/app/shared/emerald/card-grid/card-grid.component.spec.ts[0m:[93m110[0m:[93m37[0m - [91merror[0m[90m TS2304: [0mCannot find name 'MockAppCardComponent'.
2025-04-16T15:21:48.2112316Z 
2025-04-16T15:21:48.2113089Z [7m110[0m         imports: [CommonTestModule, MockAppCardComponent, SkeletonLoaderComponent],
2025-04-16T15:21:48.2114116Z [7m   [0m [91m                                    ~~~~~~~~~~~~~~~~~~~~[0m
2025-04-16T15:21:48.2114474Z 
2025-04-16T15:21:48.2114483Z 
2025-04-16T15:21:48.2115418Z Error: Can't resolve 'node_modules/leaflet/dist/leaflet.css' in '/home/runner/work/date-night-app2/date-night-app2/client-angular'
2025-04-16T15:21:48.2116437Z 
2025-04-16T15:21:48.2116655Z [39m[22m
2025-04-16T15:21:48.2117769Z [32m16 04 2025 15:21:48.154:INFO [karma-server]: [39mKarma v6.4.4 server started at http://localhost:9876/
2025-04-16T15:21:48.2119188Z [32m16 04 2025 15:21:48.156:INFO [launcher]: [39mLaunching browsers ChromeHeadless with concurrency unlimited
2025-04-16T15:21:48.2120432Z [91m16 04 2025 15:21:48.156:ERROR [karma-server]: [39mError: Found 1 load error
2025-04-16T15:21:48.2121640Z     at Server.<anonymous> (/home/runner/work/date-night-app2/date-night-app2/node_modules/karma/lib/server.js:243:26)
2025-04-16T15:21:48.2122638Z     at Object.onceWrapper (node:events:632:28)
2025-04-16T15:21:48.2123207Z     at Server.emit (node:events:530:35)
2025-04-16T15:21:48.2123745Z     at emitListeningNT (node:net:1980:10)
2025-04-16T15:21:48.2124543Z     at process.processTicksAndRejections (node:internal/process/task_queues:89:21)
2025-04-16T15:21:48.7488942Z npm error Lifecycle script `test` failed with error:
2025-04-16T15:21:48.7493728Z npm error code 1
2025-04-16T15:21:48.7502378Z npm error path /home/runner/work/date-night-app2/date-night-app2/client-angular
2025-04-16T15:21:48.7511838Z npm error workspace client-angular@0.0.0
2025-04-16T15:21:48.7512739Z npm error location /home/runner/work/date-night-app2/date-night-app2/client-angular
2025-04-16T15:21:48.7513435Z npm error command failed
2025-04-16T15:21:48.7514324Z npm error command sh -c ng test client-angular --watch=false --browsers=ChromeHeadless --no-progress
2025-04-16T15:21:48.7581775Z ##[error]Process completed with exit code 1.
2025-04-16T15:21:48.7657440Z ##[group]Run actions/upload-artifact@v4
2025-04-16T15:21:48.7657720Z with:
2025-04-16T15:21:48.7657892Z   name: test-results
2025-04-16T15:21:48.7658094Z   path: ./client-angular/coverage
2025-04-16T15:21:48.7658324Z   if-no-files-found: warn
2025-04-16T15:21:48.7658532Z   compression-level: 6
2025-04-16T15:21:48.7658725Z   overwrite: false
2025-04-16T15:21:48.7658907Z   include-hidden-files: false
2025-04-16T15:21:48.7659116Z env:
2025-04-16T15:21:48.7659269Z   CI: true
2025-04-16T15:21:48.7659421Z ##[endgroup]
2025-04-16T15:21:49.0123982Z ##[warning]No files were found with the provided path: ./client-angular/coverage. No artifacts will be uploaded.
2025-04-16T15:21:49.0278655Z Post job cleanup.
2025-04-16T15:21:49.1264993Z [command]/usr/bin/git version
2025-04-16T15:21:49.1308266Z git version 2.49.0
2025-04-16T15:21:49.1357067Z Temporarily overriding HOME='/home/runner/work/_temp/1e2f92b5-038d-4045-b210-83f266b45bd0' before making global git config changes
2025-04-16T15:21:49.1359127Z Adding repository directory to the temporary git global config as a safe directory
2025-04-16T15:21:49.1364853Z [command]/usr/bin/git config --global --add safe.directory /home/runner/work/date-night-app2/date-night-app2
2025-04-16T15:21:49.1414481Z [command]/usr/bin/git config --local --name-only --get-regexp core\.sshCommand
2025-04-16T15:21:49.1456481Z [command]/usr/bin/git submodule foreach --recursive sh -c "git config --local --name-only --get-regexp 'core\.sshCommand' && git config --local --unset-all 'core.sshCommand' || :"
2025-04-16T15:21:49.1722704Z [command]/usr/bin/git config --local --name-only --get-regexp http\.https\:\/\/github\.com\/\.extraheader
2025-04-16T15:21:49.1750577Z http.https://github.com/.extraheader
2025-04-16T15:21:49.1765049Z [command]/usr/bin/git config --local --unset-all http.https://github.com/.extraheader
2025-04-16T15:21:49.1803953Z [command]/usr/bin/git submodule foreach --recursive sh -c "git config --local --name-only --get-regexp 'http\.https\:\/\/github\.com\/\.extraheader' && git config --local --unset-all 'http.https://github.com/.extraheader' || :"
2025-04-16T15:21:49.2171373Z Cleaning up orphan processes
