2025-04-16T06:04:22.9593479Z Current runner version: '2.323.0'
2025-04-16T06:04:22.9616253Z ##[group]Operating System
2025-04-16T06:04:22.9617048Z Ubuntu
2025-04-16T06:04:22.9617501Z 24.04.2
2025-04-16T06:04:22.9618039Z LTS
2025-04-16T06:04:22.9618524Z ##[endgroup]
2025-04-16T06:04:22.9618996Z ##[group]Runner Image
2025-04-16T06:04:22.9619607Z Image: ubuntu-24.04
2025-04-16T06:04:22.9620113Z Version: 20250406.1.0
2025-04-16T06:04:22.9621131Z Included Software: https://github.com/actions/runner-images/blob/ubuntu24/20250406.1/images/ubuntu/Ubuntu2404-Readme.md
2025-04-16T06:04:22.9622462Z Image Release: https://github.com/actions/runner-images/releases/tag/ubuntu24%2F20250406.1
2025-04-16T06:04:22.9623410Z ##[endgroup]
2025-04-16T06:04:22.9623946Z ##[group]Runner Image Provisioner
2025-04-16T06:04:22.9624460Z 2.0.422.1
2025-04-16T06:04:22.9624972Z ##[endgroup]
2025-04-16T06:04:22.9626304Z ##[group]GITHUB_TOKEN Permissions
2025-04-16T06:04:22.9628174Z Contents: read
2025-04-16T06:04:22.9628735Z Metadata: read
2025-04-16T06:04:22.9629359Z Packages: read
2025-04-16T06:04:22.9630010Z ##[endgroup]
2025-04-16T06:04:22.9632196Z Secret source: Actions
2025-04-16T06:04:22.9633074Z Prepare workflow directory
2025-04-16T06:04:22.9953126Z Prepare all required actions
2025-04-16T06:04:22.9996476Z Getting action download info
2025-04-16T06:04:23.6557884Z ##[group]Download immutable action package 'actions/checkout@v4'
2025-04-16T06:04:23.6558943Z Version: 4.2.2
2025-04-16T06:04:23.6559932Z Digest: sha256:ccb2698953eaebd21c7bf6268a94f9c26518a7e38e27e0b83c1fe1ad049819b1
2025-04-16T06:04:23.6561072Z Source commit SHA: 11bd71901bbe5b1630ceea73d27597364c9af683
2025-04-16T06:04:23.6561848Z ##[endgroup]
2025-04-16T06:04:24.2432414Z ##[group]Download immutable action package 'actions/setup-node@v4'
2025-04-16T06:04:24.2433582Z Version: 4.4.0
2025-04-16T06:04:24.2434792Z Digest: sha256:9427cefe82346e992fb5b949e3569b39d537ae41aa3086483b14eceebfc16bc1
2025-04-16T06:04:24.2436700Z Source commit SHA: 49933ea5288caeca8642d1e84afbd3f7d6820020
2025-04-16T06:04:24.2437880Z ##[endgroup]
2025-04-16T06:04:24.5883712Z Download action repository 'cypress-io/github-action@v6' (SHA:108b8684ae52e735ff7891524cbffbcd4be5b19f)
2025-04-16T06:04:25.2157660Z ##[group]Download immutable action package 'actions/upload-artifact@v4'
2025-04-16T06:04:25.2158315Z Version: 4.6.2
2025-04-16T06:04:25.2158909Z Digest: sha256:290722aa3281d5caf23d0acdc3dbeb3424786a1a01a9cc97e72f147225e37c38
2025-04-16T06:04:25.2159604Z Source commit SHA: ea165f8d65b6e75b540449e92b4886f43607fa02
2025-04-16T06:04:25.2160116Z ##[endgroup]
2025-04-16T06:04:25.5479945Z Complete job name: e2e (22.x)
2025-04-16T06:04:25.6034211Z ##[group]Run actions/checkout@v4
2025-04-16T06:04:25.6034884Z with:
2025-04-16T06:04:25.6035228Z   repository: mrkurger/date-night-app2
2025-04-16T06:04:25.6036089Z   token: ***
2025-04-16T06:04:25.6036388Z   ssh-strict: true
2025-04-16T06:04:25.6036683Z   ssh-user: git
2025-04-16T06:04:25.6036987Z   persist-credentials: true
2025-04-16T06:04:25.6037302Z   clean: true
2025-04-16T06:04:25.6037609Z   sparse-checkout-cone-mode: true
2025-04-16T06:04:25.6037974Z   fetch-depth: 1
2025-04-16T06:04:25.6038261Z   fetch-tags: false
2025-04-16T06:04:25.6038560Z   show-progress: true
2025-04-16T06:04:25.6038846Z   lfs: false
2025-04-16T06:04:25.6039125Z   submodules: false
2025-04-16T06:04:25.6039418Z   set-safe-directory: true
2025-04-16T06:04:25.6040049Z ##[endgroup]
2025-04-16T06:04:28.1566202Z Syncing repository: mrkurger/date-night-app2
2025-04-16T06:04:28.1567869Z ##[group]Getting Git version info
2025-04-16T06:04:28.1568522Z Working directory is '/home/runner/work/date-night-app2/date-night-app2'
2025-04-16T06:04:28.1569306Z [command]/usr/bin/git version
2025-04-16T06:04:28.3249049Z git version 2.49.0
2025-04-16T06:04:28.3347352Z ##[endgroup]
2025-04-16T06:04:28.3364235Z Temporarily overriding HOME='/home/runner/work/_temp/cc32e572-7a0c-40e3-b126-9fc0346a9885' before making global git config changes
2025-04-16T06:04:28.3366504Z Adding repository directory to the temporary git global config as a safe directory
2025-04-16T06:04:28.3383043Z [command]/usr/bin/git config --global --add safe.directory /home/runner/work/date-night-app2/date-night-app2
2025-04-16T06:04:28.3481513Z Deleting the contents of '/home/runner/work/date-night-app2/date-night-app2'
2025-04-16T06:04:28.3486718Z ##[group]Initializing the repository
2025-04-16T06:04:28.3492163Z [command]/usr/bin/git init /home/runner/work/date-night-app2/date-night-app2
2025-04-16T06:04:28.4103474Z hint: Using 'master' as the name for the initial branch. This default branch name
2025-04-16T06:04:28.4105204Z hint: is subject to change. To configure the initial branch name to use in all
2025-04-16T06:04:28.4106681Z hint: of your new repositories, which will suppress this warning, call:
2025-04-16T06:04:28.4107594Z hint:
2025-04-16T06:04:28.4108341Z hint: 	git config --global init.defaultBranch <name>
2025-04-16T06:04:28.4109366Z hint:
2025-04-16T06:04:28.4110045Z hint: Names commonly chosen instead of 'master' are 'main', 'trunk' and
2025-04-16T06:04:28.4111676Z hint: 'development'. The just-created branch can be renamed via this command:
2025-04-16T06:04:28.4112427Z hint:
2025-04-16T06:04:28.4112795Z hint: 	git branch -m <name>
2025-04-16T06:04:28.4253131Z Initialized empty Git repository in /home/runner/work/date-night-app2/date-night-app2/.git/
2025-04-16T06:04:28.4269725Z [command]/usr/bin/git remote add origin https://github.com/mrkurger/date-night-app2
2025-04-16T06:04:28.4394491Z ##[endgroup]
2025-04-16T06:04:28.4396107Z ##[group]Disabling automatic garbage collection
2025-04-16T06:04:28.4397202Z [command]/usr/bin/git config --local gc.auto 0
2025-04-16T06:04:28.4440328Z ##[endgroup]
2025-04-16T06:04:28.4441776Z ##[group]Setting up auth
2025-04-16T06:04:28.4450129Z [command]/usr/bin/git config --local --name-only --get-regexp core\.sshCommand
2025-04-16T06:04:28.4511614Z [command]/usr/bin/git submodule foreach --recursive sh -c "git config --local --name-only --get-regexp 'core\.sshCommand' && git config --local --unset-all 'core.sshCommand' || :"
2025-04-16T06:04:28.6815029Z [command]/usr/bin/git config --local --name-only --get-regexp http\.https\:\/\/github\.com\/\.extraheader
2025-04-16T06:04:28.6848493Z [command]/usr/bin/git submodule foreach --recursive sh -c "git config --local --name-only --get-regexp 'http\.https\:\/\/github\.com\/\.extraheader' && git config --local --unset-all 'http.https://github.com/.extraheader' || :"
2025-04-16T06:04:28.7085837Z [command]/usr/bin/git config --local http.https://github.com/.extraheader AUTHORIZATION: basic ***
2025-04-16T06:04:28.7127251Z ##[endgroup]
2025-04-16T06:04:28.7129046Z ##[group]Fetching the repository
2025-04-16T06:04:28.7138859Z [command]/usr/bin/git -c protocol.version=2 fetch --no-tags --prune --no-recurse-submodules --depth=1 origin +ac714081475a3d74e72ccd9d68627260d8654667:refs/remotes/origin/main
2025-04-16T06:04:31.8111022Z From https://github.com/mrkurger/date-night-app2
2025-04-16T06:04:31.8117393Z  * [new ref]         ac714081475a3d74e72ccd9d68627260d8654667 -> origin/main
2025-04-16T06:04:31.8215050Z ##[endgroup]
2025-04-16T06:04:31.8216156Z ##[group]Determining the checkout info
2025-04-16T06:04:31.8217530Z ##[endgroup]
2025-04-16T06:04:31.8224860Z [command]/usr/bin/git sparse-checkout disable
2025-04-16T06:04:31.8345872Z [command]/usr/bin/git config --local --unset-all extensions.worktreeConfig
2025-04-16T06:04:31.8380298Z ##[group]Checking out the ref
2025-04-16T06:04:31.8383380Z [command]/usr/bin/git checkout --progress --force -B main refs/remotes/origin/main
2025-04-16T06:04:32.2753070Z Switched to a new branch 'main'
2025-04-16T06:04:32.2776312Z branch 'main' set up to track 'origin/main'.
2025-04-16T06:04:32.2806095Z ##[endgroup]
2025-04-16T06:04:32.2831796Z [command]/usr/bin/git log -1 --format=%H
2025-04-16T06:04:32.2857866Z ac714081475a3d74e72ccd9d68627260d8654667
2025-04-16T06:04:32.3097939Z ##[group]Run actions/setup-node@v4
2025-04-16T06:04:32.3098355Z with:
2025-04-16T06:04:32.3098597Z   node-version: 22.x
2025-04-16T06:04:32.3098935Z   cache: npm
2025-04-16T06:04:32.3099316Z   cache-dependency-path: client-angular/package-lock.json
2025-04-16T06:04:32.3099867Z   always-auth: false
2025-04-16T06:04:32.3100250Z   check-latest: false
2025-04-16T06:04:32.3100669Z   token: ***
2025-04-16T06:04:32.3100939Z ##[endgroup]
2025-04-16T06:04:32.4851570Z Found in cache @ /opt/hostedtoolcache/node/22.14.0/x64
2025-04-16T06:04:32.4856650Z ##[group]Environment details
2025-04-16T06:04:36.0225892Z node: v22.14.0
2025-04-16T06:04:36.0228958Z npm: 10.9.2
2025-04-16T06:04:36.0229245Z yarn: 1.22.22
2025-04-16T06:04:36.0230020Z ##[endgroup]
2025-04-16T06:04:36.0253412Z [command]/opt/hostedtoolcache/node/22.14.0/x64/bin/npm config get cache
2025-04-16T06:04:36.3419285Z /home/runner/.npm
2025-04-16T06:04:36.7600167Z Cache hit for: node-cache-Linux-x64-npm-eed186788acb99c392cc79891935d042040413390720b7932c16d8b7ca478e8b
2025-04-16T06:04:38.0610878Z Received 4194304 of 69351304 (6.0%), 4.0 MBs/sec
2025-04-16T06:04:38.7702477Z Received 69351304 of 69351304 (100.0%), 38.7 MBs/sec
2025-04-16T06:04:38.7705677Z Cache Size: ~66 MB (69351304 B)
2025-04-16T06:04:38.7753584Z [command]/usr/bin/tar -xf /home/runner/work/_temp/296ace45-f9d7-4c5c-a792-5f85bba5ec65/cache.tzst -P -C /home/runner/work/date-night-app2/date-night-app2 --use-compress-program unzstd
2025-04-16T06:04:39.1058550Z Cache restored successfully
2025-04-16T06:04:39.1217401Z Cache restored from key: node-cache-Linux-x64-npm-eed186788acb99c392cc79891935d042040413390720b7932c16d8b7ca478e8b
2025-04-16T06:04:39.1380641Z ##[group]Run npm ci
2025-04-16T06:04:39.1380919Z [36;1mnpm ci[0m
2025-04-16T06:04:39.1432138Z shell: /usr/bin/bash -e {0}
2025-04-16T06:04:39.1432390Z ##[endgroup]
2025-04-16T06:04:45.2855673Z npm warn deprecated inflight@1.0.6: This module is not supported, and leaks memory. Do not use it. Check out lru-cache if you want a good and tested way to coalesce async requests by a key value, which is much more comprehensive and powerful.
2025-04-16T06:04:45.5100641Z npm warn deprecated rimraf@3.0.2: Rimraf versions prior to v4 are no longer supported
2025-04-16T06:04:45.5291867Z npm warn deprecated abab@2.0.6: Use your platform's native atob() and btoa() methods instead
2025-04-16T06:04:45.6388987Z npm warn deprecated glob@7.2.3: Glob versions prior to v9 are no longer supported
2025-04-16T06:04:45.7280501Z npm warn deprecated domexception@4.0.0: Use your platform's native DOMException instead
2025-04-16T06:05:02.4363708Z 
2025-04-16T06:05:02.4364701Z added 1237 packages, and audited 1239 packages in 23s
2025-04-16T06:05:02.4365174Z 
2025-04-16T06:05:02.4365642Z 189 packages are looking for funding
2025-04-16T06:05:02.4366161Z   run `npm fund` for details
2025-04-16T06:05:02.4549528Z 
2025-04-16T06:05:02.4550172Z 3 moderate severity vulnerabilities
2025-04-16T06:05:02.4550574Z 
2025-04-16T06:05:02.4550948Z To address all issues (including breaking changes), run:
2025-04-16T06:05:02.4551523Z   npm audit fix --force
2025-04-16T06:05:02.4551757Z 
2025-04-16T06:05:02.4551945Z Run `npm audit` for details.
2025-04-16T06:05:02.5535083Z ##[warning]Unexpected input(s) 'headless', valid inputs are ['record', 'auto-cancel-after-failures', 'config', 'config-file', 'env', 'browser', 'command', 'start', 'start-windows', 'build', 'install', 'install-command', 'runTests', 'wait-on', 'wait-on-timeout', 'parallel', 'group', 'tag', 'working-directory', 'headed', 'publish-summary', 'summary-title', 'spec', 'project', 'command-prefix', 'ci-build-id', 'cache-key', 'quiet', 'component']
2025-04-16T06:05:02.5548240Z ##[group]Run cypress-io/github-action@v6
2025-04-16T06:05:02.5548493Z with:
2025-04-16T06:05:02.5548677Z   working-directory: ./client-angular
2025-04-16T06:05:02.5548921Z   build: npm run build
2025-04-16T06:05:02.5549107Z   start: npm start
2025-04-16T06:05:02.5549314Z   wait-on: http://localhost:4200
2025-04-16T06:05:02.5549557Z   browser: chrome
2025-04-16T06:05:02.5549732Z   headless: true
2025-04-16T06:05:02.5549906Z   record: false
2025-04-16T06:05:02.5550099Z   publish-summary: true
2025-04-16T06:05:02.5550340Z   component: false
2025-04-16T06:05:02.5550513Z ##[endgroup]
2025-04-16T06:05:03.0086010Z Cache hit for: npm-linux-x64-1d233aaccb68d004b711b451817eab777690f3623def55195bf0d740b39cc99b48ca48e70d82b3444ce09ad374c63e3f1e277558b747562d914ab0a8adec8060
2025-04-16T06:05:03.0664446Z Cache hit for: cypress-linux-x64-1d233aaccb68d004b711b451817eab777690f3623def55195bf0d740b39cc99b48ca48e70d82b3444ce09ad374c63e3f1e277558b747562d914ab0a8adec8060
2025-04-16T06:05:04.3775836Z Received 0 of 69358748 (0.0%), 0.0 MBs/sec
2025-04-16T06:05:04.3954454Z Received 4194304 of 178373466 (2.4%), 4.0 MBs/sec
2025-04-16T06:05:05.1530954Z Received 69358748 of 69358748 (100.0%), 37.1 MBs/sec
2025-04-16T06:05:05.1534636Z Cache Size: ~66 MB (69358748 B)
2025-04-16T06:05:05.1966864Z [command]/usr/bin/tar -xf /home/runner/work/_temp/19062e3c-c714-49b9-98b4-99c2dcf0b5aa/cache.tzst -P -C /home/runner/work/date-night-app2/date-night-app2 --use-compress-program unzstd
2025-04-16T06:05:05.3967687Z Received 121634816 of 178373466 (68.2%), 58.0 MBs/sec
2025-04-16T06:05:05.7342497Z Cache restored successfully
2025-04-16T06:05:06.1120099Z Received 178373466 of 178373466 (100.0%), 62.6 MBs/sec
2025-04-16T06:05:06.1158027Z Cache Size: ~170 MB (178373466 B)
2025-04-16T06:05:06.1399457Z [command]/usr/bin/tar -xf /home/runner/work/_temp/7a968035-c781-4094-9437-807ae0b27a93/cache.tzst -P -C /home/runner/work/date-night-app2/date-night-app2 --use-compress-program unzstd
2025-04-16T06:05:10.2884415Z Cache restored successfully
2025-04-16T06:05:10.3253643Z [command]/opt/hostedtoolcache/node/22.14.0/x64/bin/npm ci
2025-04-16T06:05:16.5349824Z npm warn deprecated inflight@1.0.6: This module is not supported, and leaks memory. Do not use it. Check out lru-cache if you want a good and tested way to coalesce async requests by a key value, which is much more comprehensive and powerful.
2025-04-16T06:05:16.7680541Z npm warn deprecated rimraf@3.0.2: Rimraf versions prior to v4 are no longer supported
2025-04-16T06:05:16.7854600Z npm warn deprecated abab@2.0.6: Use your platform's native atob() and btoa() methods instead
2025-04-16T06:05:16.8924922Z npm warn deprecated glob@7.2.3: Glob versions prior to v9 are no longer supported
2025-04-16T06:05:16.9921210Z npm warn deprecated domexception@4.0.0: Use your platform's native DOMException instead
2025-04-16T06:05:22.0703587Z 
2025-04-16T06:05:22.0704386Z added 1237 packages, and audited 1239 packages in 12s
2025-04-16T06:05:22.0704834Z 
2025-04-16T06:05:22.0705110Z 189 packages are looking for funding
2025-04-16T06:05:22.0715633Z   run `npm fund` for details
2025-04-16T06:05:22.0871228Z 
2025-04-16T06:05:22.0873419Z 3 moderate severity vulnerabilities
2025-04-16T06:05:22.0876851Z 
2025-04-16T06:05:22.0877310Z To address all issues (including breaking changes), run:
2025-04-16T06:05:22.0877873Z   npm audit fix --force
2025-04-16T06:05:22.0878122Z 
2025-04-16T06:05:22.0878327Z Run `npm audit` for details.
2025-04-16T06:05:22.1463645Z [command]/opt/hostedtoolcache/node/22.14.0/x64/bin/npx cypress cache list
2025-04-16T06:05:22.5887042Z ‚îå‚îÄ‚îÄ‚îÄ‚îÄ‚îÄ‚îÄ‚îÄ‚îÄ‚îÄ‚î¨‚îÄ‚îÄ‚îÄ‚îÄ‚îÄ‚îÄ‚îÄ‚îÄ‚îÄ‚îÄ‚îÄ‚îÄ‚îÄ‚îÄ‚îÄ‚îÄ‚îÄ‚îÄ‚îÄ‚îê
2025-04-16T06:05:22.5887837Z ‚îÇ version ‚îÇ last used         ‚îÇ
2025-04-16T06:05:22.5888389Z ‚îú‚îÄ‚îÄ‚îÄ‚îÄ‚îÄ‚îÄ‚îÄ‚îÄ‚îÄ‚îº‚îÄ‚îÄ‚îÄ‚îÄ‚îÄ‚îÄ‚îÄ‚îÄ‚îÄ‚îÄ‚îÄ‚îÄ‚îÄ‚îÄ‚îÄ‚îÄ‚îÄ‚îÄ‚îÄ‚î§
2025-04-16T06:05:22.5888867Z ‚îÇ 14.3.0  ‚îÇ a few seconds ago ‚îÇ
2025-04-16T06:05:22.5889535Z ‚îî‚îÄ‚îÄ‚îÄ‚îÄ‚îÄ‚îÄ‚îÄ‚îÄ‚îÄ‚î¥‚îÄ‚îÄ‚îÄ‚îÄ‚îÄ‚îÄ‚îÄ‚îÄ‚îÄ‚îÄ‚îÄ‚îÄ‚îÄ‚îÄ‚îÄ‚îÄ‚îÄ‚îÄ‚îÄ‚îò
2025-04-16T06:05:22.6050299Z build app command "npm run build"
2025-04-16T06:05:22.6053391Z current working directory "/home/runner/work/date-night-app2/date-night-app2/client-angular"
2025-04-16T06:05:22.6074797Z [command]/opt/hostedtoolcache/node/22.14.0/x64/bin/npm run build
2025-04-16T06:05:22.7378392Z 
2025-04-16T06:05:22.7380522Z > client-angular@0.0.0 build
2025-04-16T06:05:22.7381707Z > ng build client-angular
2025-04-16T06:05:22.7382214Z 
2025-04-16T06:05:23.4541088Z [33m‚ùØ[39m Building...
2025-04-16T06:05:40.6363080Z [32m‚úî[39m Building...
2025-04-16T06:05:40.6400499Z Application bundle generation failed. [17.182 seconds]
2025-04-16T06:05:40.6401181Z 
2025-04-16T06:05:40.6459987Z [1m[33m[33m‚ñ≤ [43;33m[[43;30mWARNING[43;33m][0m [1m2 repetitive deprecation warnings omitted.
2025-04-16T06:05:40.6466652Z Run in verbose mode to see all warnings.[0m [1m[35m[plugin angular-sass][0m
2025-04-16T06:05:40.6469874Z 
2025-04-16T06:05:40.6470039Z   null
2025-04-16T06:05:40.6470221Z 
2025-04-16T06:05:40.6470230Z 
2025-04-16T06:05:40.6470978Z [33m‚ñ≤ [43;33m[[43;30mWARNING[43;33m][0m [1m14 repetitive deprecation warnings omitted.
2025-04-16T06:05:40.6472248Z Run in verbose mode to see all warnings.[0m [1m[35m[plugin angular-sass][0m
2025-04-16T06:05:40.6472723Z 
2025-04-16T06:05:40.6472855Z   null
2025-04-16T06:05:40.6473016Z 
2025-04-16T06:05:40.6473026Z 
2025-04-16T06:05:40.6473752Z [33m‚ñ≤ [43;33m[[43;30mWARNING[43;33m][0m [1mDeprecation[0m [1m[35m[plugin angular-sass][0m
2025-04-16T06:05:40.6474266Z 
2025-04-16T06:05:40.6474520Z     src/app/core/design/components.scss:8:8:
2025-04-16T06:05:40.6475237Z [37m      8 ‚îÇ @import [32m[37m'design-tokens';
2025-04-16T06:05:40.6475998Z         ‚ïµ         [32m^[0m
2025-04-16T06:05:40.6495942Z 
2025-04-16T06:05:40.6495955Z 
2025-04-16T06:05:40.6496458Z   Sass @import rules are deprecated and will be removed in Dart Sass 3.0.0.
2025-04-16T06:05:40.6497077Z   
2025-04-16T06:05:40.6497818Z   More info and automated migrator: [4mhttps://sass-lang.com/d/import[0m
2025-04-16T06:05:40.6498322Z 
2025-04-16T06:05:40.6498331Z 
2025-04-16T06:05:40.6499380Z [33m‚ñ≤ [43;33m[[43;30mWARNING[43;33m][0m [1mDeprecation[0m [1m[35m[plugin angular-sass][0m
2025-04-16T06:05:40.6500082Z 
2025-04-16T06:05:40.6517402Z     src/app/core/design/components.scss:8:8:
2025-04-16T06:05:40.6536250Z [37m      8 ‚îÇ @import [32m[37m'design-tokens';
2025-04-16T06:05:40.6537024Z         ‚ïµ         [32m^[0m
2025-04-16T06:05:40.6537400Z 
2025-04-16T06:05:40.6537535Z 
2025-04-16T06:05:40.6538058Z   Sass @import rules are deprecated and will be removed in Dart Sass 3.0.0.
2025-04-16T06:05:40.6538790Z   
2025-04-16T06:05:40.6539646Z   More info and automated migrator: [4mhttps://sass-lang.com/d/import[0m
2025-04-16T06:05:40.6540292Z 
2025-04-16T06:05:40.6540419Z 
2025-04-16T06:05:40.6541287Z [33m‚ñ≤ [43;33m[[43;30mWARNING[43;33m][0m [1mDeprecation[0m [1m[35m[plugin angular-sass][0m
2025-04-16T06:05:40.6541961Z 
2025-04-16T06:05:40.6542330Z     src/app/core/design/components.scss:374:9:
2025-04-16T06:05:40.6543268Z [37m      374 ‚îÇ   color: [32m[37mdarken($success, 30%);
2025-04-16T06:05:40.6544109Z           ‚ïµ          [32m^[0m
2025-04-16T06:05:40.6544488Z 
2025-04-16T06:05:40.6544607Z 
2025-04-16T06:05:40.6545207Z   Global built-in functions are deprecated and will be removed in Dart Sass 3.0.0.
2025-04-16T06:05:40.6559801Z   Use color.adjust instead.
2025-04-16T06:05:40.6575969Z   
2025-04-16T06:05:40.6576927Z   More info and automated migrator: [4mhttps://sass-lang.com/d/import[0m
2025-04-16T06:05:40.6577655Z 
2025-04-16T06:05:40.6578691Z 
2025-04-16T06:05:40.6579622Z [33m‚ñ≤ [43;33m[[43;30mWARNING[43;33m][0m [1mDeprecation[0m [1m[35m[plugin angular-sass][0m
2025-04-16T06:05:40.6580438Z 
2025-04-16T06:05:40.6580696Z     src/app/core/design/components.scss:374:9:
2025-04-16T06:05:40.6581671Z [37m      374 ‚îÇ   color: [32m[37mdarken($success, 30%);
2025-04-16T06:05:40.6582642Z           ‚ïµ          [32m^[0m
2025-04-16T06:05:40.6583044Z 
2025-04-16T06:05:40.6625759Z 
2025-04-16T06:05:40.6626680Z   darken() is deprecated. Suggestions:
2025-04-16T06:05:40.6627110Z   
2025-04-16T06:05:40.6627528Z   color.scale($color, $lightness: -60.9561752988%)
2025-04-16T06:05:40.6646068Z   color.adjust($color, $lightness: -30%)
2025-04-16T06:05:40.6646505Z   
2025-04-16T06:05:40.6647387Z   More info: [4mhttps://sass-lang.com/d/color-functions[0m
2025-04-16T06:05:40.6647946Z 
2025-04-16T06:05:40.6648006Z 
2025-04-16T06:05:40.6648804Z [33m‚ñ≤ [43;33m[[43;30mWARNING[43;33m][0m [1mDeprecation[0m [1m[35m[plugin angular-sass][0m
2025-04-16T06:05:40.6649357Z 
2025-04-16T06:05:40.6649824Z     src/app/core/design/components.scss:374:9:
2025-04-16T06:05:40.6650735Z [37m      374 ‚îÇ   color: [32m[37mdarken($success, 30%);
2025-04-16T06:05:40.6651507Z           ‚ïµ          [32m^[0m
2025-04-16T06:05:40.6652243Z 
2025-04-16T06:05:40.6652292Z 
2025-04-16T06:05:40.6652785Z   Global built-in functions are deprecated and will be removed in Dart Sass 3.0.0.
2025-04-16T06:05:40.6653502Z   Use color.adjust instead.
2025-04-16T06:05:40.6653999Z   
2025-04-16T06:05:40.6654836Z   More info and automated migrator: [4mhttps://sass-lang.com/d/import[0m
2025-04-16T06:05:40.6655722Z 
2025-04-16T06:05:40.6655770Z 
2025-04-16T06:05:40.6656571Z [33m‚ñ≤ [43;33m[[43;30mWARNING[43;33m][0m [1mDeprecation[0m [1m[35m[plugin angular-sass][0m
2025-04-16T06:05:40.6657236Z 
2025-04-16T06:05:40.6657539Z     src/app/core/design/components.scss:374:9:
2025-04-16T06:05:40.6658342Z [37m      374 ‚îÇ   color: [32m[37mdarken($success, 30%);
2025-04-16T06:05:40.6659088Z           ‚ïµ          [32m^[0m
2025-04-16T06:05:40.6659449Z 
2025-04-16T06:05:40.6659491Z 
2025-04-16T06:05:40.6659743Z   darken() is deprecated. Suggestions:
2025-04-16T06:05:40.6660186Z   
2025-04-16T06:05:40.6660761Z   color.scale($color, $lightness: -60.9561752988%)
2025-04-16T06:05:40.6661430Z   color.adjust($color, $lightness: -30%)
2025-04-16T06:05:40.6661963Z   
2025-04-16T06:05:40.6662691Z   More info: [4mhttps://sass-lang.com/d/color-functions[0m
2025-04-16T06:05:40.6663233Z 
2025-04-16T06:05:40.6663277Z 
2025-04-16T06:05:40.6664036Z [33m‚ñ≤ [43;33m[[43;30mWARNING[43;33m][0m [1mDeprecation[0m [1m[35m[plugin angular-sass][0m
2025-04-16T06:05:40.6664713Z 
2025-04-16T06:05:40.6665018Z     src/app/core/design/components.scss:375:20:
2025-04-16T06:05:40.6666463Z [37m      375 ‚îÇ   background-color: [32m[37mlighten($success, 40%);
2025-04-16T06:05:40.6667396Z           ‚ïµ                     [32m^[0m
2025-04-16T06:05:40.6667704Z 
2025-04-16T06:05:40.6667829Z 
2025-04-16T06:05:40.6669676Z   Global built-in functions are deprecated and will be removed in Dart Sass 3.0.0.
2025-04-16T06:05:40.6670425Z   Use color.adjust instead.
2025-04-16T06:05:40.6671523Z   
2025-04-16T06:05:40.6678615Z   More info and automated migrator: [4mhttps://sass-lang.com/d/import[0m
2025-04-16T06:05:40.6686466Z 
2025-04-16T06:05:40.6686517Z 
2025-04-16T06:05:40.6707061Z [33m‚ñ≤ [43;33m[[43;30mWARNING[43;33m][0m [1mDeprecation[0m [1m[35m[plugin angular-sass][0m
2025-04-16T06:05:40.6707813Z 
2025-04-16T06:05:40.6708204Z     src/app/core/design/components.scss:375:20:
2025-04-16T06:05:40.6728290Z [37m      375 ‚îÇ   background-color: [32m[37mlighten($success, 40%);
2025-04-16T06:05:40.6729216Z           ‚ïµ                     [32m^[0m
2025-04-16T06:05:40.6729938Z 
2025-04-16T06:05:40.6730043Z 
2025-04-16T06:05:40.6730400Z   lighten() is deprecated. Suggestions:
2025-04-16T06:05:40.6731192Z   
2025-04-16T06:05:40.6731848Z   color.scale($color, $lightness: 78.7644787645%)
2025-04-16T06:05:40.6732665Z   color.adjust($color, $lightness: 40%)
2025-04-16T06:05:40.6733427Z   
2025-04-16T06:05:40.6734394Z   More info: [4mhttps://sass-lang.com/d/color-functions[0m
2025-04-16T06:05:40.6747021Z 
2025-04-16T06:05:40.6747549Z 
2025-04-16T06:05:40.6748788Z [33m‚ñ≤ [43;33m[[43;30mWARNING[43;33m][0m [1mDeprecation[0m [1m[35m[plugin angular-sass][0m
2025-04-16T06:05:40.6749770Z 
2025-04-16T06:05:40.6750360Z     src/app/core/design/components.scss:375:20:
2025-04-16T06:05:40.6751683Z [37m      375 ‚îÇ   background-color: [32m[37mlighten($success, 40%);
2025-04-16T06:05:40.6758055Z           ‚ïµ                     [32m^[0m
2025-04-16T06:05:40.6758377Z 
2025-04-16T06:05:40.6758387Z 
2025-04-16T06:05:40.6758865Z   Global built-in functions are deprecated and will be removed in Dart Sass 3.0.0.
2025-04-16T06:05:40.6759562Z   Use color.adjust instead.
2025-04-16T06:05:40.6759947Z   
2025-04-16T06:05:40.6760614Z   More info and automated migrator: [4mhttps://sass-lang.com/d/import[0m
2025-04-16T06:05:40.6761107Z 
2025-04-16T06:05:40.6761116Z 
2025-04-16T06:05:40.6761836Z [33m‚ñ≤ [43;33m[[43;30mWARNING[43;33m][0m [1mDeprecation[0m [1m[35m[plugin angular-sass][0m
2025-04-16T06:05:40.6762397Z 
2025-04-16T06:05:40.6762655Z     src/app/core/design/components.scss:375:20:
2025-04-16T06:05:40.6763828Z [37m      375 ‚îÇ   background-color: [32m[37mlighten($success, 40%);
2025-04-16T06:05:40.6764536Z           ‚ïµ                     [32m^[0m
2025-04-16T06:05:40.6764832Z 
2025-04-16T06:05:40.6764841Z 
2025-04-16T06:05:40.6765054Z   lighten() is deprecated. Suggestions:
2025-04-16T06:05:40.6765670Z   
2025-04-16T06:05:40.6766073Z   color.scale($color, $lightness: 78.7644787645%)
2025-04-16T06:05:40.6766623Z   color.adjust($color, $lightness: 40%)
2025-04-16T06:05:40.6767045Z   
2025-04-16T06:05:40.6767698Z   More info: [4mhttps://sass-lang.com/d/color-functions[0m
2025-04-16T06:05:40.6768145Z 
2025-04-16T06:05:40.6768155Z 
2025-04-16T06:05:40.6768895Z [33m‚ñ≤ [43;33m[[43;30mWARNING[43;33m][0m [1mDeprecation[0m [1m[35m[plugin angular-sass][0m
2025-04-16T06:05:40.6769464Z 
2025-04-16T06:05:40.6769724Z     src/app/core/design/components.scss:376:16:
2025-04-16T06:05:40.6770604Z [37m      376 ‚îÇ   border-color: [32m[37mlighten($success, 30%);
2025-04-16T06:05:40.6771368Z           ‚ïµ                 [32m^[0m
2025-04-16T06:05:40.6771669Z 
2025-04-16T06:05:40.6771689Z 
2025-04-16T06:05:40.6772160Z   Global built-in functions are deprecated and will be removed in Dart Sass 3.0.0.
2025-04-16T06:05:40.6772858Z   Use color.adjust instead.
2025-04-16T06:05:40.6773220Z   
2025-04-16T06:05:40.6773927Z   More info and automated migrator: [4mhttps://sass-lang.com/d/import[0m
2025-04-16T06:05:40.6774427Z 
2025-04-16T06:05:40.6774437Z 
2025-04-16T06:05:40.6775162Z [33m‚ñ≤ [43;33m[[43;30mWARNING[43;33m][0m [1mDeprecation[0m [1m[35m[plugin angular-sass][0m
2025-04-16T06:05:40.6775908Z 
2025-04-16T06:05:40.6776154Z     src/app/core/design/components.scss:376:16:
2025-04-16T06:05:40.6776968Z [37m      376 ‚îÇ   border-color: [32m[37mlighten($success, 30%);
2025-04-16T06:05:40.6777571Z           ‚ïµ                 [32m^[0m
2025-04-16T06:05:40.6777828Z 
2025-04-16T06:05:40.6777836Z 
2025-04-16T06:05:40.6778059Z   lighten() is deprecated. Suggestions:
2025-04-16T06:05:40.6778496Z   
2025-04-16T06:05:40.6778893Z   color.scale($color, $lightness: 59.0733590734%)
2025-04-16T06:05:40.6779439Z   color.adjust($color, $lightness: 30%)
2025-04-16T06:05:40.6779837Z   
2025-04-16T06:05:40.6780423Z   More info: [4mhttps://sass-lang.com/d/color-functions[0m
2025-04-16T06:05:40.6780828Z 
2025-04-16T06:05:40.6780845Z 
2025-04-16T06:05:40.6781553Z [33m‚ñ≤ [43;33m[[43;30mWARNING[43;33m][0m [1mDeprecation[0m [1m[35m[plugin angular-sass][0m
2025-04-16T06:05:40.6782082Z 
2025-04-16T06:05:40.6782332Z     src/app/core/design/components.scss:376:16:
2025-04-16T06:05:40.6783158Z [37m      376 ‚îÇ   border-color: [32m[37mlighten($success, 30%);
2025-04-16T06:05:40.6783814Z           ‚ïµ                 [32m^[0m
2025-04-16T06:05:40.6784105Z 
2025-04-16T06:05:40.6784113Z 
2025-04-16T06:05:40.6784556Z   Global built-in functions are deprecated and will be removed in Dart Sass 3.0.0.
2025-04-16T06:05:40.6786094Z   Use color.adjust instead.
2025-04-16T06:05:40.6786503Z   
2025-04-16T06:05:40.6787218Z   More info and automated migrator: [4mhttps://sass-lang.com/d/import[0m
2025-04-16T06:05:40.6787709Z 
2025-04-16T06:05:40.6787717Z 
2025-04-16T06:05:40.6788426Z [33m‚ñ≤ [43;33m[[43;30mWARNING[43;33m][0m [1mDeprecation[0m [1m[35m[plugin angular-sass][0m
2025-04-16T06:05:40.6788965Z 
2025-04-16T06:05:40.6789206Z     src/app/core/design/components.scss:376:16:
2025-04-16T06:05:40.6790002Z [37m      376 ‚îÇ   border-color: [32m[37mlighten($success, 30%);
2025-04-16T06:05:40.6790625Z           ‚ïµ                 [32m^[0m
2025-04-16T06:05:40.6790893Z 
2025-04-16T06:05:40.6790901Z 
2025-04-16T06:05:40.6791110Z   lighten() is deprecated. Suggestions:
2025-04-16T06:05:40.6791513Z   
2025-04-16T06:05:40.6791901Z   color.scale($color, $lightness: 59.0733590734%)
2025-04-16T06:05:40.6792450Z   color.adjust($color, $lightness: 30%)
2025-04-16T06:05:40.6792842Z   
2025-04-16T06:05:40.6793404Z   More info: [4mhttps://sass-lang.com/d/color-functions[0m
2025-04-16T06:05:40.6794005Z 
2025-04-16T06:05:40.6794013Z 
2025-04-16T06:05:40.6794719Z [33m‚ñ≤ [43;33m[[43;30mWARNING[43;33m][0m [1mDeprecation[0m [1m[35m[plugin angular-sass][0m
2025-04-16T06:05:40.6795244Z 
2025-04-16T06:05:40.6795657Z     src/app/core/design/components.scss:380:9:
2025-04-16T06:05:40.6796399Z [37m      380 ‚îÇ   color: [32m[37mdarken($warning, 30%);
2025-04-16T06:05:40.6796970Z           ‚ïµ          [32m^[0m
2025-04-16T06:05:40.6797257Z 
2025-04-16T06:05:40.6797265Z 
2025-04-16T06:05:40.6797705Z   Global built-in functions are deprecated and will be removed in Dart Sass 3.0.0.
2025-04-16T06:05:40.6798347Z   Use color.adjust instead.
2025-04-16T06:05:40.6798699Z   
2025-04-16T06:05:40.6799342Z   More info and automated migrator: [4mhttps://sass-lang.com/d/import[0m
2025-04-16T06:05:40.6799811Z 
2025-04-16T06:05:40.6799819Z 
2025-04-16T06:05:40.6800512Z [33m‚ñ≤ [43;33m[[43;30mWARNING[43;33m][0m [1mDeprecation[0m [1m[35m[plugin angular-sass][0m
2025-04-16T06:05:40.6801024Z 
2025-04-16T06:05:40.6801268Z     src/app/core/design/components.scss:380:9:
2025-04-16T06:05:40.6801979Z [37m      380 ‚îÇ   color: [32m[37mdarken($warning, 30%);
2025-04-16T06:05:40.6802541Z           ‚ïµ          [32m^[0m
2025-04-16T06:05:40.6802782Z 
2025-04-16T06:05:40.6802790Z 
2025-04-16T06:05:40.6802991Z   darken() is deprecated. Suggestions:
2025-04-16T06:05:40.6803393Z   
2025-04-16T06:05:40.6803775Z   color.scale($color, $lightness: -58.3969465649%)
2025-04-16T06:05:40.6804317Z   color.adjust($color, $lightness: -30%)
2025-04-16T06:05:40.6804722Z   
2025-04-16T06:05:40.6805267Z   More info: [4mhttps://sass-lang.com/d/color-functions[0m
2025-04-16T06:05:40.6805809Z 
2025-04-16T06:05:40.6805818Z 
2025-04-16T06:05:40.6806576Z [33m‚ñ≤ [43;33m[[43;30mWARNING[43;33m][0m [1mDeprecation[0m [1m[35m[plugin angular-sass][0m
2025-04-16T06:05:40.6807106Z 
2025-04-16T06:05:40.6807354Z     src/app/core/design/components.scss:380:9:
2025-04-16T06:05:40.6808207Z [37m      380 ‚îÇ   color: [32m[37mdarken($warning, 30%);
2025-04-16T06:05:40.6808892Z           ‚ïµ          [32m^[0m
2025-04-16T06:05:40.6809163Z 
2025-04-16T06:05:40.6809172Z 
2025-04-16T06:05:40.6809657Z   Global built-in functions are deprecated and will be removed in Dart Sass 3.0.0.
2025-04-16T06:05:40.6810396Z   Use color.adjust instead.
2025-04-16T06:05:40.6810788Z   
2025-04-16T06:05:40.6811552Z   More info and automated migrator: [4mhttps://sass-lang.com/d/import[0m
2025-04-16T06:05:40.6812089Z 
2025-04-16T06:05:40.6812098Z 
2025-04-16T06:05:40.6812901Z [33m‚ñ≤ [43;33m[[43;30mWARNING[43;33m][0m [1mDeprecation[0m [1m[35m[plugin angular-sass][0m
2025-04-16T06:05:40.6813457Z 
2025-04-16T06:05:40.6813746Z     src/app/core/design/components.scss:380:9:
2025-04-16T06:05:40.6814584Z [37m      380 ‚îÇ   color: [32m[37mdarken($warning, 30%);
2025-04-16T06:05:40.6815222Z           ‚ïµ          [32m^[0m
2025-04-16T06:05:40.6815824Z 
2025-04-16T06:05:40.6815835Z 
2025-04-16T06:05:40.6816321Z   darken() is deprecated. Suggestions:
2025-04-16T06:05:40.6816812Z   
2025-04-16T06:05:40.6817257Z   color.scale($color, $lightness: -58.3969465649%)
2025-04-16T06:05:40.6817838Z   color.adjust($color, $lightness: -30%)
2025-04-16T06:05:40.6818570Z   
2025-04-16T06:05:40.6819224Z   More info: [4mhttps://sass-lang.com/d/color-functions[0m
2025-04-16T06:05:40.6819637Z 
2025-04-16T06:05:40.6819645Z 
2025-04-16T06:05:40.6820368Z [33m‚ñ≤ [43;33m[[43;30mWARNING[43;33m][0m [1mDeprecation[0m [1m[35m[plugin angular-sass][0m
2025-04-16T06:05:40.6820882Z 
2025-04-16T06:05:40.6821133Z     src/app/core/design/components.scss:381:20:
2025-04-16T06:05:40.6821948Z [37m      381 ‚îÇ   background-color: [32m[37mlighten($warning, 40%);
2025-04-16T06:05:40.6822612Z           ‚ïµ                     [32m^[0m
2025-04-16T06:05:40.6822899Z 
2025-04-16T06:05:40.6822907Z 
2025-04-16T06:05:40.6823345Z   Global built-in functions are deprecated and will be removed in Dart Sass 3.0.0.
2025-04-16T06:05:40.6824019Z   Use color.adjust instead.
2025-04-16T06:05:40.6824366Z   
2025-04-16T06:05:40.6825482Z   More info and automated migrator: [4mhttps://sass-lang.com/d/import[0m
2025-04-16T06:05:40.6825992Z 
2025-04-16T06:05:40.6826001Z 
2025-04-16T06:05:40.6826726Z [33m‚ñ≤ [43;33m[[43;30mWARNING[43;33m][0m [1mDeprecation[0m [1m[35m[plugin angular-sass][0m
2025-04-16T06:05:40.6827253Z 
2025-04-16T06:05:40.6827497Z     src/app/core/design/components.scss:381:20:
2025-04-16T06:05:40.6828342Z [37m      381 ‚îÇ   background-color: [32m[37mlighten($warning, 40%);
2025-04-16T06:05:40.6829006Z           ‚ïµ                     [32m^[0m
2025-04-16T06:05:40.6829282Z 
2025-04-16T06:05:40.6829290Z 
2025-04-16T06:05:40.6829505Z   lighten() is deprecated. Suggestions:
2025-04-16T06:05:40.6829905Z   
2025-04-16T06:05:40.6830289Z   color.scale($color, $lightness: 82.2580645161%)
2025-04-16T06:05:40.6830820Z   color.adjust($color, $lightness: 40%)
2025-04-16T06:05:40.6831213Z   
2025-04-16T06:05:40.6831773Z   More info: [4mhttps://sass-lang.com/d/color-functions[0m
2025-04-16T06:05:40.6832173Z 
2025-04-16T06:05:40.6832191Z 
2025-04-16T06:05:40.6832884Z [33m‚ñ≤ [43;33m[[43;30mWARNING[43;33m][0m [1mDeprecation[0m [1m[35m[plugin angular-sass][0m
2025-04-16T06:05:40.6833402Z 
2025-04-16T06:05:40.6833638Z     src/app/core/design/components.scss:381:20:
2025-04-16T06:05:40.6834450Z [37m      381 ‚îÇ   background-color: [32m[37mlighten($warning, 40%);
2025-04-16T06:05:40.6835103Z           ‚ïµ                     [32m^[0m
2025-04-16T06:05:40.6836081Z 
2025-04-16T06:05:40.6836090Z 
2025-04-16T06:05:40.6836740Z   Global built-in functions are deprecated and will be removed in Dart Sass 3.0.0.
2025-04-16T06:05:40.6837421Z   Use color.adjust instead.
2025-04-16T06:05:40.6837771Z   
2025-04-16T06:05:40.6838455Z   More info and automated migrator: [4mhttps://sass-lang.com/d/import[0m
2025-04-16T06:05:40.6838937Z 
2025-04-16T06:05:40.6838945Z 
2025-04-16T06:05:40.6839664Z [33m‚ñ≤ [43;33m[[43;30mWARNING[43;33m][0m [1mDeprecation[0m [1m[35m[plugin angular-sass][0m
2025-04-16T06:05:40.6840181Z 
2025-04-16T06:05:40.6840436Z     src/app/core/design/components.scss:381:20:
2025-04-16T06:05:40.6841246Z [37m      381 ‚îÇ   background-color: [32m[37mlighten($warning, 40%);
2025-04-16T06:05:40.6841898Z           ‚ïµ                     [32m^[0m
2025-04-16T06:05:40.6842172Z 
2025-04-16T06:05:40.6842191Z 
2025-04-16T06:05:40.6842397Z   lighten() is deprecated. Suggestions:
2025-04-16T06:05:40.6842798Z   
2025-04-16T06:05:40.6843175Z   color.scale($color, $lightness: 82.2580645161%)
2025-04-16T06:05:40.6843699Z   color.adjust($color, $lightness: 40%)
2025-04-16T06:05:40.6844096Z   
2025-04-16T06:05:40.6844643Z   More info: [4mhttps://sass-lang.com/d/color-functions[0m
2025-04-16T06:05:40.6845039Z 
2025-04-16T06:05:40.6845047Z 
2025-04-16T06:05:40.6845905Z [33m‚ñ≤ [43;33m[[43;30mWARNING[43;33m][0m [1mDeprecation[0m [1m[35m[plugin angular-sass][0m
2025-04-16T06:05:40.6846516Z 
2025-04-16T06:05:40.6846717Z     src/app/core/design/main.scss:8:8:
2025-04-16T06:05:40.6847602Z [37m      8 ‚îÇ @import [32m[37m'design-tokens';
2025-04-16T06:05:40.6848144Z         ‚ïµ         [32m^[0m
2025-04-16T06:05:40.6848378Z 
2025-04-16T06:05:40.6848387Z 
2025-04-16T06:05:40.6848791Z   Sass @import rules are deprecated and will be removed in Dart Sass 3.0.0.
2025-04-16T06:05:40.6849363Z   
2025-04-16T06:05:40.6850017Z   More info and automated migrator: [4mhttps://sass-lang.com/d/import[0m
2025-04-16T06:05:40.6850495Z 
2025-04-16T06:05:40.6850503Z 
2025-04-16T06:05:40.6851185Z [33m‚ñ≤ [43;33m[[43;30mWARNING[43;33m][0m [1mDeprecation[0m [1m[35m[plugin angular-sass][0m
2025-04-16T06:05:40.6851694Z 
2025-04-16T06:05:40.6851892Z     src/app/core/design/main.scss:8:8:
2025-04-16T06:05:40.6852525Z [37m      8 ‚îÇ @import [32m[37m'design-tokens';
2025-04-16T06:05:40.6853020Z         ‚ïµ         [32m^[0m
2025-04-16T06:05:40.6853246Z 
2025-04-16T06:05:40.6853254Z 
2025-04-16T06:05:40.6853639Z   Sass @import rules are deprecated and will be removed in Dart Sass 3.0.0.
2025-04-16T06:05:40.6854217Z   
2025-04-16T06:05:40.6854859Z   More info and automated migrator: [4mhttps://sass-lang.com/d/import[0m
2025-04-16T06:05:40.6855781Z 
2025-04-16T06:05:40.6855790Z 
2025-04-16T06:05:40.6856522Z [33m‚ñ≤ [43;33m[[43;30mWARNING[43;33m][0m [1mDeprecation[0m [1m[35m[plugin angular-sass][0m
2025-04-16T06:05:40.6857027Z 
2025-04-16T06:05:40.6857236Z     src/app/core/design/main.scss:9:8:
2025-04-16T06:05:40.6857854Z [37m      9 ‚îÇ @import [32m[37m'components';
2025-04-16T06:05:40.6858351Z         ‚ïµ         [32m^[0m
2025-04-16T06:05:40.6858586Z 
2025-04-16T06:05:40.6858593Z 
2025-04-16T06:05:40.6858977Z   Sass @import rules are deprecated and will be removed in Dart Sass 3.0.0.
2025-04-16T06:05:40.6859547Z   
2025-04-16T06:05:40.6860201Z   More info and automated migrator: [4mhttps://sass-lang.com/d/import[0m
2025-04-16T06:05:40.6860671Z 
2025-04-16T06:05:40.6860679Z 
2025-04-16T06:05:40.6861376Z [33m‚ñ≤ [43;33m[[43;30mWARNING[43;33m][0m [1mDeprecation[0m [1m[35m[plugin angular-sass][0m
2025-04-16T06:05:40.6861876Z 
2025-04-16T06:05:40.6862087Z     src/app/core/design/main.scss:9:8:
2025-04-16T06:05:40.6862736Z [37m      9 ‚îÇ @import [32m[37m'components';
2025-04-16T06:05:40.6863211Z         ‚ïµ         [32m^[0m
2025-04-16T06:05:40.6863443Z 
2025-04-16T06:05:40.6863451Z 
2025-04-16T06:05:40.6863835Z   Sass @import rules are deprecated and will be removed in Dart Sass 3.0.0.
2025-04-16T06:05:40.6864389Z   
2025-04-16T06:05:40.6865023Z   More info and automated migrator: [4mhttps://sass-lang.com/d/import[0m
2025-04-16T06:05:40.6865734Z 
2025-04-16T06:05:40.6865743Z 
2025-04-16T06:05:40.6866437Z [33m‚ñ≤ [43;33m[[43;30mWARNING[43;33m][0m [1mDeprecation[0m [1m[35m[plugin angular-sass][0m
2025-04-16T06:05:40.6866957Z 
2025-04-16T06:05:40.6867173Z     src/app/core/design/main.scss:190:18:
2025-04-16T06:05:40.6867965Z [37m      190 ‚îÇ   margin-right: -([32m[37m$grid-gutter-width / 2);
2025-04-16T06:05:40.6868603Z           ‚ïµ                   [32m^[0m
2025-04-16T06:05:40.6868898Z 
2025-04-16T06:05:40.6868907Z 
2025-04-16T06:05:40.6869406Z   Using / for division outside of calc() is deprecated and will be removed in Dart Sass 2.0.0.
2025-04-16T06:05:40.6870050Z   
2025-04-16T06:05:40.6870614Z   Recommendation: math.div($grid-gutter-width, 2) or calc($grid-gutter-width / 2)
2025-04-16T06:05:40.6871213Z   
2025-04-16T06:05:40.6871898Z   More info and automated migrator: [4mhttps://sass-lang.com/d/slash-div[0m
2025-04-16T06:05:40.6872378Z 
2025-04-16T06:05:40.6872386Z 
2025-04-16T06:05:40.6873253Z [33m‚ñ≤ [43;33m[[43;30mWARNING[43;33m][0m [1mDeprecation[0m [1m[35m[plugin angular-sass][0m
2025-04-16T06:05:40.6873762Z 
2025-04-16T06:05:40.6873976Z     src/app/core/design/main.scss:190:18:
2025-04-16T06:05:40.6874792Z [37m      190 ‚îÇ   margin-right: -([32m[37m$grid-gutter-width / 2);
2025-04-16T06:05:40.6875769Z           ‚ïµ                   [32m^[0m
2025-04-16T06:05:40.6876057Z 
2025-04-16T06:05:40.6876065Z 
2025-04-16T06:05:40.6876759Z   Using / for division outside of calc() is deprecated and will be removed in Dart Sass 2.0.0.
2025-04-16T06:05:40.6877440Z   
2025-04-16T06:05:40.6878032Z   Recommendation: math.div($grid-gutter-width, 2) or calc($grid-gutter-width / 2)
2025-04-16T06:05:40.6878634Z   
2025-04-16T06:05:40.6879314Z   More info and automated migrator: [4mhttps://sass-lang.com/d/slash-div[0m
2025-04-16T06:05:40.6879807Z 
2025-04-16T06:05:40.6879815Z 
2025-04-16T06:05:40.6880505Z [33m‚ñ≤ [43;33m[[43;30mWARNING[43;33m][0m [1mDeprecation[0m [1m[35m[plugin angular-sass][0m
2025-04-16T06:05:40.6881023Z 
2025-04-16T06:05:40.6881233Z     src/app/core/design/main.scss:191:17:
2025-04-16T06:05:40.6882009Z [37m      191 ‚îÇ   margin-left: -([32m[37m$grid-gutter-width / 2);
2025-04-16T06:05:40.6882643Z           ‚ïµ                  [32m^[0m
2025-04-16T06:05:40.6882922Z 
2025-04-16T06:05:40.6882930Z 
2025-04-16T06:05:40.6883419Z   Using / for division outside of calc() is deprecated and will be removed in Dart Sass 2.0.0.
2025-04-16T06:05:40.6884063Z   
2025-04-16T06:05:40.6884657Z   Recommendation: math.div($grid-gutter-width, 2) or calc($grid-gutter-width / 2)
2025-04-16T06:05:40.6895819Z   
2025-04-16T06:05:40.6896617Z   More info and automated migrator: [4mhttps://sass-lang.com/d/slash-div[0m
2025-04-16T06:05:40.6897121Z 
2025-04-16T06:05:40.6897131Z 
2025-04-16T06:05:40.6897853Z [33m‚ñ≤ [43;33m[[43;30mWARNING[43;33m][0m [1mDeprecation[0m [1m[35m[plugin angular-sass][0m
2025-04-16T06:05:40.6898384Z 
2025-04-16T06:05:40.6898597Z     src/app/core/design/main.scss:191:17:
2025-04-16T06:05:40.6899411Z [37m      191 ‚îÇ   margin-left: -([32m[37m$grid-gutter-width / 2);
2025-04-16T06:05:40.6900060Z           ‚ïµ                  [32m^[0m
2025-04-16T06:05:40.6900337Z 
2025-04-16T06:05:40.6900345Z 
2025-04-16T06:05:40.6900832Z   Using / for division outside of calc() is deprecated and will be removed in Dart Sass 2.0.0.
2025-04-16T06:05:40.6901475Z   
2025-04-16T06:05:40.6902078Z   Recommendation: math.div($grid-gutter-width, 2) or calc($grid-gutter-width / 2)
2025-04-16T06:05:40.6902695Z   
2025-04-16T06:05:40.6903371Z   More info and automated migrator: [4mhttps://sass-lang.com/d/slash-div[0m
2025-04-16T06:05:40.6903833Z 
2025-04-16T06:05:40.6903841Z 
2025-04-16T06:05:40.6904534Z [33m‚ñ≤ [43;33m[[43;30mWARNING[43;33m][0m [1mDeprecation[0m [1m[35m[plugin angular-sass][0m
2025-04-16T06:05:40.6905039Z 
2025-04-16T06:05:40.6905249Z     src/app/core/design/main.scss:198:18:
2025-04-16T06:05:40.6910108Z [37m      198 ‚îÇ   padding-right: ([32m[37m$grid-gutter-width / 2);
2025-04-16T06:05:40.6910886Z           ‚ïµ                   [32m^[0m
2025-04-16T06:05:40.6911171Z 
2025-04-16T06:05:40.6911179Z 
2025-04-16T06:05:40.6911693Z   Using / for division outside of calc() is deprecated and will be removed in Dart Sass 2.0.0.
2025-04-16T06:05:40.6912338Z   
2025-04-16T06:05:40.6912929Z   Recommendation: math.div($grid-gutter-width, 2) or calc($grid-gutter-width / 2)
2025-04-16T06:05:40.6913535Z   
2025-04-16T06:05:40.6914229Z   More info and automated migrator: [4mhttps://sass-lang.com/d/slash-div[0m
2025-04-16T06:05:40.6914730Z 
2025-04-16T06:05:40.6914737Z 
2025-04-16T06:05:40.6915630Z [33m‚ñ≤ [43;33m[[43;30mWARNING[43;33m][0m [1mDeprecation[0m [1m[35m[plugin angular-sass][0m
2025-04-16T06:05:40.6916155Z 
2025-04-16T06:05:40.6916373Z     src/app/core/design/main.scss:198:18:
2025-04-16T06:05:40.6917179Z [37m      198 ‚îÇ   padding-right: ([32m[37m$grid-gutter-width / 2);
2025-04-16T06:05:40.6917819Z           ‚ïµ                   [32m^[0m
2025-04-16T06:05:40.6918091Z 
2025-04-16T06:05:40.6918108Z 
2025-04-16T06:05:40.6918599Z   Using / for division outside of calc() is deprecated and will be removed in Dart Sass 2.0.0.
2025-04-16T06:05:40.6919241Z   
2025-04-16T06:05:40.6919812Z   Recommendation: math.div($grid-gutter-width, 2) or calc($grid-gutter-width / 2)
2025-04-16T06:05:40.6920423Z   
2025-04-16T06:05:40.6921082Z   More info and automated migrator: [4mhttps://sass-lang.com/d/slash-div[0m
2025-04-16T06:05:40.6921556Z 
2025-04-16T06:05:40.6921775Z 
2025-04-16T06:05:40.6922502Z [33m‚ñ≤ [43;33m[[43;30mWARNING[43;33m][0m [1mDeprecation[0m [1m[35m[plugin angular-sass][0m
2025-04-16T06:05:40.6923019Z 
2025-04-16T06:05:40.6923240Z     src/app/core/design/main.scss:199:17:
2025-04-16T06:05:40.6924009Z [37m      199 ‚îÇ   padding-left: ([32m[37m$grid-gutter-width / 2);
2025-04-16T06:05:40.6924683Z           ‚ïµ                  [32m^[0m
2025-04-16T06:05:40.6924958Z 
2025-04-16T06:05:40.6924966Z 
2025-04-16T06:05:40.6925681Z   Using / for division outside of calc() is deprecated and will be removed in Dart Sass 2.0.0.
2025-04-16T06:05:40.6926334Z   
2025-04-16T06:05:40.6926906Z   Recommendation: math.div($grid-gutter-width, 2) or calc($grid-gutter-width / 2)
2025-04-16T06:05:40.6927511Z   
2025-04-16T06:05:40.6928190Z   More info and automated migrator: [4mhttps://sass-lang.com/d/slash-div[0m
2025-04-16T06:05:40.6928665Z 
2025-04-16T06:05:40.6928673Z 
2025-04-16T06:05:40.6929369Z [33m‚ñ≤ [43;33m[[43;30mWARNING[43;33m][0m [1mDeprecation[0m [1m[35m[plugin angular-sass][0m
2025-04-16T06:05:40.6930095Z 
2025-04-16T06:05:40.6930310Z     src/app/core/design/main.scss:199:17:
2025-04-16T06:05:40.6931102Z [37m      199 ‚îÇ   padding-left: ([32m[37m$grid-gutter-width / 2);
2025-04-16T06:05:40.6931715Z           ‚ïµ                  [32m^[0m
2025-04-16T06:05:40.6931993Z 
2025-04-16T06:05:40.6932000Z 
2025-04-16T06:05:40.6932491Z   Using / for division outside of calc() is deprecated and will be removed in Dart Sass 2.0.0.
2025-04-16T06:05:40.6933143Z   
2025-04-16T06:05:40.6933721Z   Recommendation: math.div($grid-gutter-width, 2) or calc($grid-gutter-width / 2)
2025-04-16T06:05:40.6934332Z   
2025-04-16T06:05:40.6934992Z   More info and automated migrator: [4mhttps://sass-lang.com/d/slash-div[0m
2025-04-16T06:05:40.6935650Z 
2025-04-16T06:05:40.6935658Z 
2025-04-16T06:05:40.6936343Z [33m‚ñ≤ [43;33m[[43;30mWARNING[43;33m][0m [1mDeprecation[0m [1m[35m[plugin angular-sass][0m
2025-04-16T06:05:40.6936867Z 
2025-04-16T06:05:40.6937090Z     src/app/core/design/main.scss:204:25:
2025-04-16T06:05:40.6937880Z [37m      204 ‚îÇ     flex: 0 0 percentage([32m[37m$i / $grid-columns);
2025-04-16T06:05:40.6938539Z           ‚ïµ                          [32m^[0m
2025-04-16T06:05:40.6938826Z 
2025-04-16T06:05:40.6938834Z 
2025-04-16T06:05:40.6939323Z   Using / for division outside of calc() is deprecated and will be removed in Dart Sass 2.0.0.
2025-04-16T06:05:40.6939951Z   
2025-04-16T06:05:40.6940476Z   Recommendation: math.div($i, $grid-columns) or calc($i / $grid-columns)
2025-04-16T06:05:40.6941048Z   
2025-04-16T06:05:40.6973954Z   More info and automated migrator: [4mhttps://sass-lang.com/d/slash-div[0m
2025-04-16T06:05:40.6974487Z 
2025-04-16T06:05:40.6974495Z 
2025-04-16T06:05:40.6975221Z [33m‚ñ≤ [43;33m[[43;30mWARNING[43;33m][0m [1mDeprecation[0m [1m[35m[plugin angular-sass][0m
2025-04-16T06:05:40.6976017Z 
2025-04-16T06:05:40.6976240Z     src/app/core/design/main.scss:204:25:
2025-04-16T06:05:40.6977088Z [37m      204 ‚îÇ     flex: 0 0 percentage([32m[37m$i / $grid-columns);
2025-04-16T06:05:40.6977774Z           ‚ïµ                          [32m^[0m
2025-04-16T06:05:40.6978072Z 
2025-04-16T06:05:40.6978080Z 
2025-04-16T06:05:40.6978590Z   Using / for division outside of calc() is deprecated and will be removed in Dart Sass 2.0.0.
2025-04-16T06:05:40.6979244Z   
2025-04-16T06:05:40.6979781Z   Recommendation: math.div($i, $grid-columns) or calc($i / $grid-columns)
2025-04-16T06:05:40.6980356Z   
2025-04-16T06:05:40.6981022Z   More info and automated migrator: [4mhttps://sass-lang.com/d/slash-div[0m
2025-04-16T06:05:40.6981509Z 
2025-04-16T06:05:40.6981517Z 
2025-04-16T06:05:40.6982207Z [33m‚ñ≤ [43;33m[[43;30mWARNING[43;33m][0m [1mDeprecation[0m [1m[35m[plugin angular-sass][0m
2025-04-16T06:05:40.6982717Z 
2025-04-16T06:05:40.6983015Z     src/app/features/auth/login/login.component.scss:1:8:
2025-04-16T06:05:40.6983870Z [37m      1 ‚îÇ @import [32m[37m'../../../core/design/design-tokens';
2025-04-16T06:05:40.6984704Z         ‚ïµ         [32m^[0m
2025-04-16T06:05:40.6984948Z 
2025-04-16T06:05:40.6984968Z 
2025-04-16T06:05:40.6985530Z   Sass @import rules are deprecated and will be removed in Dart Sass 3.0.0.
2025-04-16T06:05:40.6986107Z   
2025-04-16T06:05:40.6986762Z   More info and automated migrator: [4mhttps://sass-lang.com/d/import[0m
2025-04-16T06:05:40.6987241Z 
2025-04-16T06:05:40.6987249Z 
2025-04-16T06:05:40.6987928Z [33m‚ñ≤ [43;33m[[43;30mWARNING[43;33m][0m [1mDeprecation[0m [1m[35m[plugin angular-sass][0m
2025-04-16T06:05:40.6988447Z 
2025-04-16T06:05:40.6988764Z     src/app/features/auth/login/login.component.scss:233:11:
2025-04-16T06:05:40.6989558Z [37m      233 ‚îÇ     color: [32m[37mdarken($success, 10%);
2025-04-16T06:05:40.6990137Z           ‚ïµ            [32m^[0m
2025-04-16T06:05:40.6990387Z 
2025-04-16T06:05:40.6990395Z 
2025-04-16T06:05:40.6990843Z   Global built-in functions are deprecated and will be removed in Dart Sass 3.0.0.
2025-04-16T06:05:40.6991497Z   Use color.adjust instead.
2025-04-16T06:05:40.6991858Z   
2025-04-16T06:05:40.6992504Z   More info and automated migrator: [4mhttps://sass-lang.com/d/import[0m
2025-04-16T06:05:40.6993199Z 
2025-04-16T06:05:40.6993207Z 
2025-04-16T06:05:40.6993908Z [33m‚ñ≤ [43;33m[[43;30mWARNING[43;33m][0m [1mDeprecation[0m [1m[35m[plugin angular-sass][0m
2025-04-16T06:05:40.6994416Z 
2025-04-16T06:05:40.6994739Z     src/app/features/auth/login/login.component.scss:233:11:
2025-04-16T06:05:40.6995792Z [37m      233 ‚îÇ     color: [32m[37mdarken($success, 10%);
2025-04-16T06:05:40.6996387Z           ‚ïµ            [32m^[0m
2025-04-16T06:05:40.6996650Z 
2025-04-16T06:05:40.6996658Z 
2025-04-16T06:05:40.6996862Z   darken() is deprecated. Suggestions:
2025-04-16T06:05:40.6997266Z   
2025-04-16T06:05:40.6997657Z   color.scale($color, $lightness: -20.3187250996%)
2025-04-16T06:05:40.6998203Z   color.adjust($color, $lightness: -10%)
2025-04-16T06:05:40.6998612Z   
2025-04-16T06:05:40.6999161Z   More info: [4mhttps://sass-lang.com/d/color-functions[0m
2025-04-16T06:05:40.6999568Z 
2025-04-16T06:05:40.6999577Z 
2025-04-16T06:05:40.7000276Z [33m‚ñ≤ [43;33m[[43;30mWARNING[43;33m][0m [1mDeprecation[0m [1m[35m[plugin angular-sass][0m
2025-04-16T06:05:40.7000795Z 
2025-04-16T06:05:40.7001047Z     src/app/features/chat/chat.component.scss:1:8:
2025-04-16T06:05:40.7001847Z [37m      1 ‚îÇ @import [32m[37m'../../core/design/design-tokens';
2025-04-16T06:05:40.7002398Z         ‚ïµ         [32m^[0m
2025-04-16T06:05:40.7002625Z 
2025-04-16T06:05:40.7002633Z 
2025-04-16T06:05:40.7003031Z   Sass @import rules are deprecated and will be removed in Dart Sass 3.0.0.
2025-04-16T06:05:40.7003605Z   
2025-04-16T06:05:40.7004242Z   More info and automated migrator: [4mhttps://sass-lang.com/d/import[0m
2025-04-16T06:05:40.7004718Z 
2025-04-16T06:05:40.7004726Z 
2025-04-16T06:05:40.7005559Z [33m‚ñ≤ [43;33m[[43;30mWARNING[43;33m][0m [1mDeprecation[0m [1m[35m[plugin angular-sass][0m
2025-04-16T06:05:40.7006071Z 
2025-04-16T06:05:40.7006398Z     src/app/features/list-view/list-view.component.scss:1:8:
2025-04-16T06:05:40.7007274Z [37m      1 ‚îÇ @import [32m[37m'../../core/design/design-tokens';
2025-04-16T06:05:40.7007851Z         ‚ïµ         [32m^[0m
2025-04-16T06:05:40.7008078Z 
2025-04-16T06:05:40.7008086Z 
2025-04-16T06:05:40.7008481Z   Sass @import rules are deprecated and will be removed in Dart Sass 3.0.0.
2025-04-16T06:05:40.7009034Z   
2025-04-16T06:05:40.7009677Z   More info and automated migrator: [4mhttps://sass-lang.com/d/import[0m
2025-04-16T06:05:40.7010152Z 
2025-04-16T06:05:40.7010167Z 
2025-04-16T06:05:40.7011477Z [33m‚ñ≤ [43;33m[[43;30mWARNING[43;33m][0m [1mTS-998113: AdCardComponent is not used within the template of ListViewComponent[0m [1m[35m[plugin angular-compiler][0m
2025-04-16T06:05:40.7012363Z 
2025-04-16T06:05:40.7012685Z     src/app/features/list-view/list-view.component.ts:86:4:
2025-04-16T06:05:40.7013410Z [37m      86 ‚îÇ     [32mAdCardComponent[37m,
2025-04-16T06:05:40.7013959Z          ‚ïµ     [32m~~~~~~~~~~~~~~~[0m
2025-04-16T06:05:40.7014428Z 
2025-04-16T06:05:40.7014441Z 
2025-04-16T06:05:40.7015153Z [33m‚ñ≤ [43;33m[[43;30mWARNING[43;33m][0m [1mDeprecation[0m [1m[35m[plugin angular-sass][0m
2025-04-16T06:05:40.7015913Z 
2025-04-16T06:05:40.7016301Z     src/app/features/netflix-view/netflix-view.component.scss:1:8:
2025-04-16T06:05:40.7017222Z [37m      1 ‚îÇ @import [32m[37m'../../core/design/design-tokens';
2025-04-16T06:05:40.7017784Z         ‚ïµ         [32m^[0m
2025-04-16T06:05:40.7018019Z 
2025-04-16T06:05:40.7018028Z 
2025-04-16T06:05:40.7018433Z   Sass @import rules are deprecated and will be removed in Dart Sass 3.0.0.
2025-04-16T06:05:40.7019010Z   
2025-04-16T06:05:40.7019674Z   More info and automated migrator: [4mhttps://sass-lang.com/d/import[0m
2025-04-16T06:05:40.7020163Z 
2025-04-16T06:05:40.7020171Z 
2025-04-16T06:05:40.7020858Z [33m‚ñ≤ [43;33m[[43;30mWARNING[43;33m][0m [1mDeprecation[0m [1m[35m[plugin angular-sass][0m
2025-04-16T06:05:40.7021362Z 
2025-04-16T06:05:40.7021659Z     src/app/features/tinder/tinder.component.scss:1:8:
2025-04-16T06:05:40.7022633Z [37m      1 ‚îÇ @import [32m[37m'../../../styles/variables';
2025-04-16T06:05:40.7023163Z         ‚ïµ         [32m^[0m
2025-04-16T06:05:40.7023398Z 
2025-04-16T06:05:40.7023405Z 
2025-04-16T06:05:40.7025215Z   Sass @import rules are deprecated and will be removed in Dart Sass 3.0.0.
2025-04-16T06:05:40.7025989Z   
2025-04-16T06:05:40.7026705Z   More info and automated migrator: [4mhttps://sass-lang.com/d/import[0m
2025-04-16T06:05:40.7027179Z 
2025-04-16T06:05:40.7027187Z 
2025-04-16T06:05:40.7027904Z [33m‚ñ≤ [43;33m[[43;30mWARNING[43;33m][0m [1mDeprecation[0m [1m[35m[plugin angular-sass][0m
2025-04-16T06:05:40.7028421Z 
2025-04-16T06:05:40.7028699Z     src/app/features/tinder/tinder.component.scss:2:8:
2025-04-16T06:05:40.7029451Z [37m      2 ‚îÇ @import [32m[37m'../../../styles/mixins';
2025-04-16T06:05:40.7029978Z         ‚ïµ         [32m^[0m
2025-04-16T06:05:40.7030204Z 
2025-04-16T06:05:40.7030222Z 
2025-04-16T06:05:40.7030635Z   Sass @import rules are deprecated and will be removed in Dart Sass 3.0.0.
2025-04-16T06:05:40.7031210Z   
2025-04-16T06:05:40.7031854Z   More info and automated migrator: [4mhttps://sass-lang.com/d/import[0m
2025-04-16T06:05:40.7032330Z 
2025-04-16T06:05:40.7032338Z 
2025-04-16T06:05:40.7033022Z [33m‚ñ≤ [43;33m[[43;30mWARNING[43;33m][0m [1mDeprecation[0m [1m[35m[plugin angular-sass][0m
2025-04-16T06:05:40.7033539Z 
2025-04-16T06:05:40.7033838Z     src/app/features/tinder/tinder.component.scss:124:24:
2025-04-16T06:05:40.7034721Z [37m      124 ‚îÇ       background-color: [32m[37mdarken($primary, 10%);
2025-04-16T06:05:40.7035621Z           ‚ïµ                         [32m^[0m
2025-04-16T06:05:40.7035918Z 
2025-04-16T06:05:40.7035927Z 
2025-04-16T06:05:40.7036387Z   Global built-in functions are deprecated and will be removed in Dart Sass 3.0.0.
2025-04-16T06:05:40.7037037Z   Use color.adjust instead.
2025-04-16T06:05:40.7037386Z   
2025-04-16T06:05:40.7038057Z   More info and automated migrator: [4mhttps://sass-lang.com/d/import[0m
2025-04-16T06:05:40.7038532Z 
2025-04-16T06:05:40.7038540Z 
2025-04-16T06:05:40.7039220Z [33m‚ñ≤ [43;33m[[43;30mWARNING[43;33m][0m [1mDeprecation[0m [1m[35m[plugin angular-sass][0m
2025-04-16T06:05:40.7039718Z 
2025-04-16T06:05:40.7040023Z     src/app/features/tinder/tinder.component.scss:124:24:
2025-04-16T06:05:40.7040896Z [37m      124 ‚îÇ       background-color: [32m[37mdarken($primary, 10%);
2025-04-16T06:05:40.7041553Z           ‚ïµ                         [32m^[0m
2025-04-16T06:05:40.7041846Z 
2025-04-16T06:05:40.7041853Z 
2025-04-16T06:05:40.7042048Z   darken() is deprecated. Suggestions:
2025-04-16T06:05:40.7042439Z   
2025-04-16T06:05:40.7042785Z   color.scale($color, $lightness: -20%)
2025-04-16T06:05:40.7043276Z   color.adjust($color, $lightness: -10%)
2025-04-16T06:05:40.7043676Z   
2025-04-16T06:05:40.7044210Z   More info: [4mhttps://sass-lang.com/d/color-functions[0m
2025-04-16T06:05:40.7044599Z 
2025-04-16T06:05:40.7044606Z 
2025-04-16T06:05:40.7046225Z [33m‚ñ≤ [43;33m[[43;30mWARNING[43;33m][0m [1mTS-998113: LabelComponent is not used within the template of TinderComponent[0m [1m[35m[plugin angular-compiler][0m
2025-04-16T06:05:40.7047119Z 
2025-04-16T06:05:40.7047409Z     src/app/features/tinder/tinder.component.ts:46:4:
2025-04-16T06:05:40.7048106Z [37m      46 ‚îÇ     [32mLabelComponent[37m
2025-04-16T06:05:40.7048640Z          ‚ïµ     [32m~~~~~~~~~~~~~~[0m
2025-04-16T06:05:40.7048906Z 
2025-04-16T06:05:40.7048914Z 
2025-04-16T06:05:40.7049603Z [33m‚ñ≤ [43;33m[[43;30mWARNING[43;33m][0m [1mDeprecation[0m [1m[35m[plugin angular-sass][0m
2025-04-16T06:05:40.7050108Z 
2025-04-16T06:05:40.7050381Z     src/app/features/wallet/wallet.component.scss:1:8:
2025-04-16T06:05:40.7051271Z [37m      1 ‚îÇ @import [32m[37m'../../../app/core/design/design-tokens.scss';
2025-04-16T06:05:40.7051870Z         ‚ïµ         [32m^[0m
2025-04-16T06:05:40.7052102Z 
2025-04-16T06:05:40.7052110Z 
2025-04-16T06:05:40.7052521Z   Sass @import rules are deprecated and will be removed in Dart Sass 3.0.0.
2025-04-16T06:05:40.7053281Z   
2025-04-16T06:05:40.7053948Z   More info and automated migrator: [4mhttps://sass-lang.com/d/import[0m
2025-04-16T06:05:40.7054435Z 
2025-04-16T06:05:40.7054443Z 
2025-04-16T06:05:40.7055144Z [33m‚ñ≤ [43;33m[[43;30mWARNING[43;33m][0m [1mDeprecation[0m [1m[35m[plugin angular-sass][0m
2025-04-16T06:05:40.7055892Z 
2025-04-16T06:05:40.7056262Z     src/app/shared/components/ad-card/ad-card.component.scss:1:8:
2025-04-16T06:05:40.7057200Z [37m      1 ‚îÇ @import [32m[37m'../../../core/design/design-tokens';
2025-04-16T06:05:40.7057771Z         ‚ïµ         [32m^[0m
2025-04-16T06:05:40.7058009Z 
2025-04-16T06:05:40.7058017Z 
2025-04-16T06:05:40.7058403Z   Sass @import rules are deprecated and will be removed in Dart Sass 3.0.0.
2025-04-16T06:05:40.7058971Z   
2025-04-16T06:05:40.7059614Z   More info and automated migrator: [4mhttps://sass-lang.com/d/import[0m
2025-04-16T06:05:40.7060082Z 
2025-04-16T06:05:40.7060090Z 
2025-04-16T06:05:40.7060796Z [33m‚ñ≤ [43;33m[[43;30mWARNING[43;33m][0m [1mDeprecation[0m [1m[35m[plugin angular-sass][0m
2025-04-16T06:05:40.7061302Z 
2025-04-16T06:05:40.7061725Z     src/app/shared/components/main-layout/main-layout.component.scss:1:8:
2025-04-16T06:05:40.7062686Z [37m      1 ‚îÇ @import [32m[37m'../../../core/design/design-tokens';
2025-04-16T06:05:40.7063254Z         ‚ïµ         [32m^[0m
2025-04-16T06:05:40.7063483Z 
2025-04-16T06:05:40.7063491Z 
2025-04-16T06:05:40.7063876Z   Sass @import rules are deprecated and will be removed in Dart Sass 3.0.0.
2025-04-16T06:05:40.7064444Z   
2025-04-16T06:05:40.7065089Z   More info and automated migrator: [4mhttps://sass-lang.com/d/import[0m
2025-04-16T06:05:40.7065724Z 
2025-04-16T06:05:40.7065732Z 
2025-04-16T06:05:40.7066425Z [33m‚ñ≤ [43;33m[[43;30mWARNING[43;33m][0m [1mDeprecation[0m [1m[35m[plugin angular-sass][0m
2025-04-16T06:05:40.7066917Z 
2025-04-16T06:05:40.7067366Z     src/app/shared/emerald/components/app-card/app-card.component.scss:1:8:
2025-04-16T06:05:40.7068417Z [37m      1 ‚îÇ @import [32m[37m'../../../../../app/core/design/design-tokens';
2025-04-16T06:05:40.7069040Z         ‚ïµ         [32m^[0m
2025-04-16T06:05:40.7069264Z 
2025-04-16T06:05:40.7069272Z 
2025-04-16T06:05:40.7069678Z   Sass @import rules are deprecated and will be removed in Dart Sass 3.0.0.
2025-04-16T06:05:40.7070251Z   
2025-04-16T06:05:40.7070901Z   More info and automated migrator: [4mhttps://sass-lang.com/d/import[0m
2025-04-16T06:05:40.7071381Z 
2025-04-16T06:05:40.7071389Z 
2025-04-16T06:05:40.7072090Z [33m‚ñ≤ [43;33m[[43;30mWARNING[43;33m][0m [1mDeprecation[0m [1m[35m[plugin angular-sass][0m
2025-04-16T06:05:40.7072609Z 
2025-04-16T06:05:40.7073070Z     src/app/shared/emerald/components/app-card/app-card.component.scss:231:26:
2025-04-16T06:05:40.7074077Z [37m      231 ‚îÇ         background-color: [32m[37mdarken($danger, 10%);
2025-04-16T06:05:40.7074748Z           ‚ïµ                           [32m^[0m
2025-04-16T06:05:40.7075037Z 
2025-04-16T06:05:40.7075229Z 
2025-04-16T06:05:40.7075926Z   Global built-in functions are deprecated and will be removed in Dart Sass 3.0.0.
2025-04-16T06:05:40.7076615Z   Use color.adjust instead.
2025-04-16T06:05:40.7076972Z   
2025-04-16T06:05:40.7077648Z   More info and automated migrator: [4mhttps://sass-lang.com/d/import[0m
2025-04-16T06:05:40.7078113Z 
2025-04-16T06:05:40.7078121Z 
2025-04-16T06:05:40.7078826Z [33m‚ñ≤ [43;33m[[43;30mWARNING[43;33m][0m [1mDeprecation[0m [1m[35m[plugin angular-sass][0m
2025-04-16T06:05:40.7079338Z 
2025-04-16T06:05:40.7079798Z     src/app/shared/emerald/components/app-card/app-card.component.scss:231:26:
2025-04-16T06:05:40.7080826Z [37m      231 ‚îÇ         background-color: [32m[37mdarken($danger, 10%);
2025-04-16T06:05:40.7081503Z           ‚ïµ                           [32m^[0m
2025-04-16T06:05:40.7081791Z 
2025-04-16T06:05:40.7081799Z 
2025-04-16T06:05:40.7081999Z   darken() is deprecated. Suggestions:
2025-04-16T06:05:40.7082399Z   
2025-04-16T06:05:40.7082802Z   color.scale($color, $lightness: -17.1140939597%)
2025-04-16T06:05:40.7083545Z   color.adjust($color, $lightness: -10%)
2025-04-16T06:05:40.7083956Z   
2025-04-16T06:05:40.7084527Z   More info: [4mhttps://sass-lang.com/d/color-functions[0m
2025-04-16T06:05:40.7084928Z 
2025-04-16T06:05:40.7084935Z 
2025-04-16T06:05:40.7085794Z [33m‚ñ≤ [43;33m[[43;30mWARNING[43;33m][0m [1mDeprecation[0m [1m[35m[plugin angular-sass][0m
2025-04-16T06:05:40.7086308Z 
2025-04-16T06:05:40.7086770Z     src/app/shared/emerald/components/app-card/app-card.component.scss:240:26:
2025-04-16T06:05:40.7087807Z [37m      240 ‚îÇ         background-color: [32m[37mdarken($primary, 10%);
2025-04-16T06:05:40.7088481Z           ‚ïµ                           [32m^[0m
2025-04-16T06:05:40.7088769Z 
2025-04-16T06:05:40.7088776Z 
2025-04-16T06:05:40.7089208Z   Global built-in functions are deprecated and will be removed in Dart Sass 3.0.0.
2025-04-16T06:05:40.7089856Z   Use color.adjust instead.
2025-04-16T06:05:40.7090195Z   
2025-04-16T06:05:40.7090852Z   More info and automated migrator: [4mhttps://sass-lang.com/d/import[0m
2025-04-16T06:05:40.7091343Z 
2025-04-16T06:05:40.7091351Z 
2025-04-16T06:05:40.7092030Z [33m‚ñ≤ [43;33m[[43;30mWARNING[43;33m][0m [1mDeprecation[0m [1m[35m[plugin angular-sass][0m
2025-04-16T06:05:40.7092542Z 
2025-04-16T06:05:40.7092989Z     src/app/shared/emerald/components/app-card/app-card.component.scss:240:26:
2025-04-16T06:05:40.7094016Z [37m      240 ‚îÇ         background-color: [32m[37mdarken($primary, 10%);
2025-04-16T06:05:40.7094691Z           ‚ïµ                           [32m^[0m
2025-04-16T06:05:40.7094971Z 
2025-04-16T06:05:40.7094978Z 
2025-04-16T06:05:40.7095192Z   darken() is deprecated. Suggestions:
2025-04-16T06:05:40.7095801Z   
2025-04-16T06:05:40.7096184Z   color.scale($color, $lightness: -18.1494661922%)
2025-04-16T06:05:40.7096730Z   color.adjust($color, $lightness: -10%)
2025-04-16T06:05:40.7097132Z   
2025-04-16T06:05:40.7097697Z   More info: [4mhttps://sass-lang.com/d/color-functions[0m
2025-04-16T06:05:40.7098092Z 
2025-04-16T06:05:40.7098109Z 
2025-04-16T06:05:40.7098801Z [33m‚ñ≤ [43;33m[[43;30mWARNING[43;33m][0m [1mDeprecation[0m [1m[35m[plugin angular-sass][0m
2025-04-16T06:05:40.7099318Z 
2025-04-16T06:05:40.7099768Z     src/app/shared/emerald/components/app-card/app-card.component.scss:275:26:
2025-04-16T06:05:40.7100793Z [37m      275 ‚îÇ         background-color: [32m[37mdarken($danger, 10%);
2025-04-16T06:05:40.7101459Z           ‚ïµ                           [32m^[0m
2025-04-16T06:05:40.7101742Z 
2025-04-16T06:05:40.7101749Z 
2025-04-16T06:05:40.7102192Z   Global built-in functions are deprecated and will be removed in Dart Sass 3.0.0.
2025-04-16T06:05:40.7102838Z   Use color.adjust instead.
2025-04-16T06:05:40.7103177Z   
2025-04-16T06:05:40.7103816Z   More info and automated migrator: [4mhttps://sass-lang.com/d/import[0m
2025-04-16T06:05:40.7104279Z 
2025-04-16T06:05:40.7104288Z 
2025-04-16T06:05:40.7105173Z [33m‚ñ≤ [43;33m[[43;30mWARNING[43;33m][0m [1mDeprecation[0m [1m[35m[plugin angular-sass][0m
2025-04-16T06:05:40.7105873Z 
2025-04-16T06:05:40.7106341Z     src/app/shared/emerald/components/app-card/app-card.component.scss:275:26:
2025-04-16T06:05:40.7107375Z [37m      275 ‚îÇ         background-color: [32m[37mdarken($danger, 10%);
2025-04-16T06:05:40.7108077Z           ‚ïµ                           [32m^[0m
2025-04-16T06:05:40.7108367Z 
2025-04-16T06:05:40.7108374Z 
2025-04-16T06:05:40.7108578Z   darken() is deprecated. Suggestions:
2025-04-16T06:05:40.7108977Z   
2025-04-16T06:05:40.7109363Z   color.scale($color, $lightness: -17.1140939597%)
2025-04-16T06:05:40.7109895Z   color.adjust($color, $lightness: -10%)
2025-04-16T06:05:40.7110287Z   
2025-04-16T06:05:40.7110848Z   More info: [4mhttps://sass-lang.com/d/color-functions[0m
2025-04-16T06:05:40.7111245Z 
2025-04-16T06:05:40.7111253Z 
2025-04-16T06:05:40.7111949Z [33m‚ñ≤ [43;33m[[43;30mWARNING[43;33m][0m [1mDeprecation[0m [1m[35m[plugin angular-sass][0m
2025-04-16T06:05:40.7112477Z 
2025-04-16T06:05:40.7112937Z     src/app/shared/emerald/components/app-card/app-card.component.scss:288:26:
2025-04-16T06:05:40.7114164Z [37m      288 ‚îÇ         background-color: [32m[37mdarken($success, 10%);
2025-04-16T06:05:40.7114835Z           ‚ïµ                           [32m^[0m
2025-04-16T06:05:40.7115128Z 
2025-04-16T06:05:40.7115136Z 
2025-04-16T06:05:40.7115797Z   Global built-in functions are deprecated and will be removed in Dart Sass 3.0.0.
2025-04-16T06:05:40.7116466Z   Use color.adjust instead.
2025-04-16T06:05:40.7116818Z   
2025-04-16T06:05:40.7117480Z   More info and automated migrator: [4mhttps://sass-lang.com/d/import[0m
2025-04-16T06:05:40.7117958Z 
2025-04-16T06:05:40.7117967Z 
2025-04-16T06:05:40.7118653Z [33m‚ñ≤ [43;33m[[43;30mWARNING[43;33m][0m [1mDeprecation[0m [1m[35m[plugin angular-sass][0m
2025-04-16T06:05:40.7119160Z 
2025-04-16T06:05:40.7119610Z     src/app/shared/emerald/components/app-card/app-card.component.scss:288:26:
2025-04-16T06:05:40.7120647Z [37m      288 ‚îÇ         background-color: [32m[37mdarken($success, 10%);
2025-04-16T06:05:40.7121331Z           ‚ïµ                           [32m^[0m
2025-04-16T06:05:40.7121604Z 
2025-04-16T06:05:40.7121612Z 
2025-04-16T06:05:40.7121813Z   darken() is deprecated. Suggestions:
2025-04-16T06:05:40.7122200Z   
2025-04-16T06:05:40.7122588Z   color.scale($color, $lightness: -20.3187250996%)
2025-04-16T06:05:40.7123123Z   color.adjust($color, $lightness: -10%)
2025-04-16T06:05:40.7123529Z   
2025-04-16T06:05:40.7124066Z   More info: [4mhttps://sass-lang.com/d/color-functions[0m
2025-04-16T06:05:40.7124459Z 
2025-04-16T06:05:40.7124467Z 
2025-04-16T06:05:40.7125195Z [33m‚ñ≤ [43;33m[[43;30mWARNING[43;33m][0m [1mDeprecation[0m [1m[35m[plugin angular-sass][0m
2025-04-16T06:05:40.7125850Z 
2025-04-16T06:05:40.7126261Z     src/app/shared/emerald/components/avatar/avatar.component.scss:1:8:
2025-04-16T06:05:40.7127246Z [37m      1 ‚îÇ @import [32m[37m'../../../../core/design/design-tokens';
2025-04-16T06:05:40.7127851Z         ‚ïµ         [32m^[0m
2025-04-16T06:05:40.7128094Z 
2025-04-16T06:05:40.7128102Z 
2025-04-16T06:05:40.7128493Z   Sass @import rules are deprecated and will be removed in Dart Sass 3.0.0.
2025-04-16T06:05:40.7129044Z   
2025-04-16T06:05:40.7129698Z   More info and automated migrator: [4mhttps://sass-lang.com/d/import[0m
2025-04-16T06:05:40.7130161Z 
2025-04-16T06:05:40.7130177Z 
2025-04-16T06:05:40.7130864Z [33m‚ñ≤ [43;33m[[43;30mWARNING[43;33m][0m [1mDeprecation[0m [1m[35m[plugin angular-sass][0m
2025-04-16T06:05:40.7131371Z 
2025-04-16T06:05:40.7131814Z     src/app/shared/emerald/components/card-grid/card-grid.component.scss:1:8:
2025-04-16T06:05:40.7132804Z [37m      1 ‚îÇ @import [32m[37m'../../../../core/design/design-tokens';
2025-04-16T06:05:40.7133381Z         ‚ïµ         [32m^[0m
2025-04-16T06:05:40.7133614Z 
2025-04-16T06:05:40.7133621Z 
2025-04-16T06:05:40.7134005Z   Sass @import rules are deprecated and will be removed in Dart Sass 3.0.0.
2025-04-16T06:05:40.7134564Z   
2025-04-16T06:05:40.7135543Z   More info and automated migrator: [4mhttps://sass-lang.com/d/import[0m
2025-04-16T06:05:40.7136054Z 
2025-04-16T06:05:40.7136062Z 
2025-04-16T06:05:40.7136776Z [33m‚ñ≤ [43;33m[[43;30mWARNING[43;33m][0m [1mDeprecation[0m [1m[35m[plugin angular-sass][0m
2025-04-16T06:05:40.7137279Z 
2025-04-16T06:05:40.7137950Z     src/app/shared/emerald/components/floating-action-button/floating-action-button.component.scss:1:8:
2025-04-16T06:05:40.7139139Z [37m      1 ‚îÇ @import [32m[37m'../../../../core/design/design-tokens';
2025-04-16T06:05:40.7139717Z         ‚ïµ         [32m^[0m
2025-04-16T06:05:40.7139950Z 
2025-04-16T06:05:40.7139958Z 
2025-04-16T06:05:40.7140344Z   Sass @import rules are deprecated and will be removed in Dart Sass 3.0.0.
2025-04-16T06:05:40.7140908Z   
2025-04-16T06:05:40.7141551Z   More info and automated migrator: [4mhttps://sass-lang.com/d/import[0m
2025-04-16T06:05:40.7142016Z 
2025-04-16T06:05:40.7142024Z 
2025-04-16T06:05:40.7142717Z [33m‚ñ≤ [43;33m[[43;30mWARNING[43;33m][0m [1mDeprecation[0m [1m[35m[plugin angular-sass][0m
2025-04-16T06:05:40.7143395Z 
2025-04-16T06:05:40.7143780Z     src/app/shared/emerald/components/label/label.component.scss:1:8:
2025-04-16T06:05:40.7144728Z [37m      1 ‚îÇ @import [32m[37m'../../../../core/design/design-tokens';
2025-04-16T06:05:40.7145530Z         ‚ïµ         [32m^[0m
2025-04-16T06:05:40.7145774Z 
2025-04-16T06:05:40.7145782Z 
2025-04-16T06:05:40.7146188Z   Sass @import rules are deprecated and will be removed in Dart Sass 3.0.0.
2025-04-16T06:05:40.7146749Z   
2025-04-16T06:05:40.7147410Z   More info and automated migrator: [4mhttps://sass-lang.com/d/import[0m
2025-04-16T06:05:40.7147879Z 
2025-04-16T06:05:40.7147887Z 
2025-04-16T06:05:40.7148577Z [33m‚ñ≤ [43;33m[[43;30mWARNING[43;33m][0m [1mDeprecation[0m [1m[35m[plugin angular-sass][0m
2025-04-16T06:05:40.7149088Z 
2025-04-16T06:05:40.7149484Z     src/app/shared/emerald/components/label/label.component.scss:4:14:
2025-04-16T06:05:40.7150421Z [37m      4 ‚îÇ $success-100: [32m[37mlighten($success, 40%);
2025-04-16T06:05:40.7151032Z         ‚ïµ               [32m^[0m
2025-04-16T06:05:40.7151276Z 
2025-04-16T06:05:40.7151284Z 
2025-04-16T06:05:40.7151721Z   Global built-in functions are deprecated and will be removed in Dart Sass 3.0.0.
2025-04-16T06:05:40.7152377Z   Use color.adjust instead.
2025-04-16T06:05:40.7152724Z   
2025-04-16T06:05:40.7153368Z   More info and automated migrator: [4mhttps://sass-lang.com/d/import[0m
2025-04-16T06:05:40.7153833Z 
2025-04-16T06:05:40.7153841Z 
2025-04-16T06:05:40.7154521Z [33m‚ñ≤ [43;33m[[43;30mWARNING[43;33m][0m [1mDeprecation[0m [1m[35m[plugin angular-sass][0m
2025-04-16T06:05:40.7155024Z 
2025-04-16T06:05:40.7155562Z     src/app/shared/emerald/components/label/label.component.scss:4:14:
2025-04-16T06:05:40.7156487Z [37m      4 ‚îÇ $success-100: [32m[37mlighten($success, 40%);
2025-04-16T06:05:40.7157075Z         ‚ïµ               [32m^[0m
2025-04-16T06:05:40.7157327Z 
2025-04-16T06:05:40.7157335Z 
2025-04-16T06:05:40.7157561Z   lighten() is deprecated. Suggestions:
2025-04-16T06:05:40.7157972Z   
2025-04-16T06:05:40.7158347Z   color.scale($color, $lightness: 78.7644787645%)
2025-04-16T06:05:40.7158876Z   color.adjust($color, $lightness: 40%)
2025-04-16T06:05:40.7159276Z   
2025-04-16T06:05:40.7159824Z   More info: [4mhttps://sass-lang.com/d/color-functions[0m
2025-04-16T06:05:40.7160215Z 
2025-04-16T06:05:40.7160223Z 
2025-04-16T06:05:40.7160900Z [33m‚ñ≤ [43;33m[[43;30mWARNING[43;33m][0m [1mDeprecation[0m [1m[35m[plugin angular-sass][0m
2025-04-16T06:05:40.7161415Z 
2025-04-16T06:05:40.7161775Z     src/app/shared/emerald/components/label/label.component.scss:5:14:
2025-04-16T06:05:40.7162673Z [37m      5 ‚îÇ $success-300: [32m[37mlighten($success, 20%);
2025-04-16T06:05:40.7163234Z         ‚ïµ               [32m^[0m
2025-04-16T06:05:40.7163460Z 
2025-04-16T06:05:40.7163467Z 
2025-04-16T06:05:40.7163914Z   Global built-in functions are deprecated and will be removed in Dart Sass 3.0.0.
2025-04-16T06:05:40.7164713Z   Use color.adjust instead.
2025-04-16T06:05:40.7165068Z   
2025-04-16T06:05:40.7165937Z   More info and automated migrator: [4mhttps://sass-lang.com/d/import[0m
2025-04-16T06:05:40.7166410Z 
2025-04-16T06:05:40.7166425Z 
2025-04-16T06:05:40.7167084Z [33m‚ñ≤ [43;33m[[43;30mWARNING[43;33m][0m [1mDeprecation[0m [1m[35m[plugin angular-sass][0m
2025-04-16T06:05:40.7167582Z 
2025-04-16T06:05:40.7167976Z     src/app/shared/emerald/components/label/label.component.scss:5:14:
2025-04-16T06:05:40.7168819Z [37m      5 ‚îÇ $success-300: [32m[37mlighten($success, 20%);
2025-04-16T06:05:40.7169367Z         ‚ïµ               [32m^[0m
2025-04-16T06:05:40.7169626Z 
2025-04-16T06:05:40.7169633Z 
2025-04-16T06:05:40.7169815Z   lighten() is deprecated. Suggestions:
2025-04-16T06:05:40.7170208Z   
2025-04-16T06:05:40.7170561Z   color.scale($color, $lightness: 39.3822393822%)
2025-04-16T06:05:40.7171061Z   color.adjust($color, $lightness: 20%)
2025-04-16T06:05:40.7171439Z   
2025-04-16T06:05:40.7171982Z   More info: [4mhttps://sass-lang.com/d/color-functions[0m
2025-04-16T06:05:40.7172548Z 
2025-04-16T06:05:40.7172556Z 
2025-04-16T06:05:40.7173236Z [33m‚ñ≤ [43;33m[[43;30mWARNING[43;33m][0m [1mDeprecation[0m [1m[35m[plugin angular-sass][0m
2025-04-16T06:05:40.7173724Z 
2025-04-16T06:05:40.7174106Z     src/app/shared/emerald/components/label/label.component.scss:6:14:
2025-04-16T06:05:40.7174962Z [37m      6 ‚îÇ $success-700: [32m[37mdarken($success, 10%);
2025-04-16T06:05:40.7175714Z         ‚ïµ               [32m^[0m
2025-04-16T06:05:40.7175968Z 
2025-04-16T06:05:40.7175976Z 
2025-04-16T06:05:40.7176418Z   Global built-in functions are deprecated and will be removed in Dart Sass 3.0.0.
2025-04-16T06:05:40.7177069Z   Use color.adjust instead.
2025-04-16T06:05:40.7177388Z   
2025-04-16T06:05:40.7178026Z   More info and automated migrator: [4mhttps://sass-lang.com/d/import[0m
2025-04-16T06:05:40.7178489Z 
2025-04-16T06:05:40.7178497Z 
2025-04-16T06:05:40.7179178Z [33m‚ñ≤ [43;33m[[43;30mWARNING[43;33m][0m [1mDeprecation[0m [1m[35m[plugin angular-sass][0m
2025-04-16T06:05:40.7179677Z 
2025-04-16T06:05:40.7180070Z     src/app/shared/emerald/components/label/label.component.scss:6:14:
2025-04-16T06:05:40.7180918Z [37m      6 ‚îÇ $success-700: [32m[37mdarken($success, 10%);
2025-04-16T06:05:40.7181484Z         ‚ïµ               [32m^[0m
2025-04-16T06:05:40.7181723Z 
2025-04-16T06:05:40.7181731Z 
2025-04-16T06:05:40.7181940Z   darken() is deprecated. Suggestions:
2025-04-16T06:05:40.7182320Z   
2025-04-16T06:05:40.7182685Z   color.scale($color, $lightness: -20.3187250996%)
2025-04-16T06:05:40.7183223Z   color.adjust($color, $lightness: -10%)
2025-04-16T06:05:40.7183620Z   
2025-04-16T06:05:40.7184155Z   More info: [4mhttps://sass-lang.com/d/color-functions[0m
2025-04-16T06:05:40.7184545Z 
2025-04-16T06:05:40.7184552Z 
2025-04-16T06:05:40.7185208Z [33m‚ñ≤ [43;33m[[43;30mWARNING[43;33m][0m [1mDeprecation[0m [1m[35m[plugin angular-sass][0m
2025-04-16T06:05:40.7185973Z 
2025-04-16T06:05:40.7186392Z     src/app/shared/emerald/components/label/label.component.scss:8:14:
2025-04-16T06:05:40.7187302Z [37m      8 ‚îÇ $warning-100: [32m[37mlighten($warning, 40%);
2025-04-16T06:05:40.7187873Z         ‚ïµ               [32m^[0m
2025-04-16T06:05:40.7188122Z 
2025-04-16T06:05:40.7188130Z 
2025-04-16T06:05:40.7188554Z   Global built-in functions are deprecated and will be removed in Dart Sass 3.0.0.
2025-04-16T06:05:40.7189176Z   Use color.adjust instead.
2025-04-16T06:05:40.7189517Z   
2025-04-16T06:05:40.7190148Z   More info and automated migrator: [4mhttps://sass-lang.com/d/import[0m
2025-04-16T06:05:40.7190609Z 
2025-04-16T06:05:40.7190617Z 
2025-04-16T06:05:40.7191286Z [33m‚ñ≤ [43;33m[[43;30mWARNING[43;33m][0m [1mDeprecation[0m [1m[35m[plugin angular-sass][0m
2025-04-16T06:05:40.7191786Z 
2025-04-16T06:05:40.7192175Z     src/app/shared/emerald/components/label/label.component.scss:8:14:
2025-04-16T06:05:40.7193054Z [37m      8 ‚îÇ $warning-100: [32m[37mlighten($warning, 40%);
2025-04-16T06:05:40.7193808Z         ‚ïµ               [32m^[0m
2025-04-16T06:05:40.7194081Z 
2025-04-16T06:05:40.7194098Z 
2025-04-16T06:05:40.7194306Z   lighten() is deprecated. Suggestions:
2025-04-16T06:05:40.7194707Z   
2025-04-16T06:05:40.7195079Z   color.scale($color, $lightness: 82.2580645161%)
2025-04-16T06:05:40.7195793Z   color.adjust($color, $lightness: 40%)
2025-04-16T06:05:40.7196194Z   
2025-04-16T06:05:40.7196759Z   More info: [4mhttps://sass-lang.com/d/color-functions[0m
2025-04-16T06:05:40.7197150Z 
2025-04-16T06:05:40.7197159Z 
2025-04-16T06:05:40.7197854Z [33m‚ñ≤ [43;33m[[43;30mWARNING[43;33m][0m [1mDeprecation[0m [1m[35m[plugin angular-sass][0m
2025-04-16T06:05:40.7198362Z 
2025-04-16T06:05:40.7198755Z     src/app/shared/emerald/components/label/label.component.scss:9:14:
2025-04-16T06:05:40.7199656Z [37m      9 ‚îÇ $warning-300: [32m[37mlighten($warning, 20%);
2025-04-16T06:05:40.7200243Z         ‚ïµ               [32m^[0m
2025-04-16T06:05:40.7200495Z 
2025-04-16T06:05:40.7200503Z 
2025-04-16T06:05:40.7200960Z   Global built-in functions are deprecated and will be removed in Dart Sass 3.0.0.
2025-04-16T06:05:40.7201815Z   Use color.adjust instead.
2025-04-16T06:05:40.7202156Z   
2025-04-16T06:05:40.7202815Z   More info and automated migrator: [4mhttps://sass-lang.com/d/import[0m
2025-04-16T06:05:40.7203293Z 
2025-04-16T06:05:40.7203301Z 
2025-04-16T06:05:40.7203981Z [33m‚ñ≤ [43;33m[[43;30mWARNING[43;33m][0m [1mDeprecation[0m [1m[35m[plugin angular-sass][0m
2025-04-16T06:05:40.7204501Z 
2025-04-16T06:05:40.7204901Z     src/app/shared/emerald/components/label/label.component.scss:9:14:
2025-04-16T06:05:40.7205962Z [37m      9 ‚îÇ $warning-300: [32m[37mlighten($warning, 20%);
2025-04-16T06:05:40.7206542Z         ‚ïµ               [32m^[0m
2025-04-16T06:05:40.7206797Z 
2025-04-16T06:05:40.7206804Z 
2025-04-16T06:05:40.7206999Z   lighten() is deprecated. Suggestions:
2025-04-16T06:05:40.7207393Z   
2025-04-16T06:05:40.7207770Z   color.scale($color, $lightness: 41.1290322581%)
2025-04-16T06:05:40.7208294Z   color.adjust($color, $lightness: 20%)
2025-04-16T06:05:40.7208694Z   
2025-04-16T06:05:40.7209234Z   More info: [4mhttps://sass-lang.com/d/color-functions[0m
2025-04-16T06:05:40.7209626Z 
2025-04-16T06:05:40.7209634Z 
2025-04-16T06:05:40.7210330Z [33m‚ñ≤ [43;33m[[43;30mWARNING[43;33m][0m [1mDeprecation[0m [1m[35m[plugin angular-sass][0m
2025-04-16T06:05:40.7210850Z 
2025-04-16T06:05:40.7211348Z     src/app/shared/emerald/components/page-header/page-header.component.scss:1:8:
2025-04-16T06:05:40.7212397Z [37m      1 ‚îÇ @import [32m[37m'../../../../core/design/design-tokens';
2025-04-16T06:05:40.7212971Z         ‚ïµ         [32m^[0m
2025-04-16T06:05:40.7213206Z 
2025-04-16T06:05:40.7213214Z 
2025-04-16T06:05:40.7213588Z   Sass @import rules are deprecated and will be removed in Dart Sass 3.0.0.
2025-04-16T06:05:40.7214153Z   
2025-04-16T06:05:40.7214792Z   More info and automated migrator: [4mhttps://sass-lang.com/d/import[0m
2025-04-16T06:05:40.7215266Z 
2025-04-16T06:05:40.7215284Z 
2025-04-16T06:05:40.7216199Z [33m‚ñ≤ [43;33m[[43;30mWARNING[43;33m][0m [1mDeprecation[0m [1m[35m[plugin angular-sass][0m
2025-04-16T06:05:40.7216727Z 
2025-04-16T06:05:40.7217215Z     src/app/shared/emerald/components/page-header/page-header.component.scss:8:14:
2025-04-16T06:05:40.7218232Z [37m      8 ‚îÇ $primary-700: [32m[37mdarken($primary-500, 10%);
2025-04-16T06:05:40.7218833Z         ‚ïµ               [32m^[0m
2025-04-16T06:05:40.7219082Z 
2025-04-16T06:05:40.7219097Z 
2025-04-16T06:05:40.7219533Z   Global built-in functions are deprecated and will be removed in Dart Sass 3.0.0.
2025-04-16T06:05:40.7220185Z   Use color.adjust instead.
2025-04-16T06:05:40.7220518Z   
2025-04-16T06:05:40.7221163Z   More info and automated migrator: [4mhttps://sass-lang.com/d/import[0m
2025-04-16T06:05:40.7221645Z 
2025-04-16T06:05:40.7221654Z 
2025-04-16T06:05:40.7222326Z [33m‚ñ≤ [43;33m[[43;30mWARNING[43;33m][0m [1mDeprecation[0m [1m[35m[plugin angular-sass][0m
2025-04-16T06:05:40.7222836Z 
2025-04-16T06:05:40.7223517Z     src/app/shared/emerald/components/page-header/page-header.component.scss:8:14:
2025-04-16T06:05:40.7224571Z [37m      8 ‚îÇ $primary-700: [32m[37mdarken($primary-500, 10%);
2025-04-16T06:05:40.7225229Z         ‚ïµ               [32m^[0m
2025-04-16T06:05:40.7225636Z 
2025-04-16T06:05:40.7225644Z 
2025-04-16T06:05:40.7225850Z   darken() is deprecated. Suggestions:
2025-04-16T06:05:40.7226248Z   
2025-04-16T06:05:40.7226638Z   color.scale($color, $lightness: -18.1494661922%)
2025-04-16T06:05:40.7227192Z   color.adjust($color, $lightness: -10%)
2025-04-16T06:05:40.7227589Z   
2025-04-16T06:05:40.7228142Z   More info: [4mhttps://sass-lang.com/d/color-functions[0m
2025-04-16T06:05:40.7228543Z 
2025-04-16T06:05:40.7228552Z 
2025-04-16T06:05:40.7229239Z [33m‚ñ≤ [43;33m[[43;30mWARNING[43;33m][0m [1mDeprecation[0m [1m[35m[plugin angular-sass][0m
2025-04-16T06:05:40.7229755Z 
2025-04-16T06:05:40.7230278Z     src/app/shared/emerald/components/page-header/page-header.component.scss:226:26:
2025-04-16T06:05:40.7231361Z [37m      226 ‚îÇ         background-color: [32m[37mdarken($primary, 10%);
2025-04-16T06:05:40.7232232Z           ‚ïµ                           [32m^[0m
2025-04-16T06:05:40.7232533Z 
2025-04-16T06:05:40.7232541Z 
2025-04-16T06:05:40.7232984Z   Global built-in functions are deprecated and will be removed in Dart Sass 3.0.0.
2025-04-16T06:05:40.7233648Z   Use color.adjust instead.
2025-04-16T06:05:40.7233993Z   
2025-04-16T06:05:40.7234641Z   More info and automated migrator: [4mhttps://sass-lang.com/d/import[0m
2025-04-16T06:05:40.7235118Z 
2025-04-16T06:05:40.7235126Z 
2025-04-16T06:05:40.7236048Z [33m‚ñ≤ [43;33m[[43;30mWARNING[43;33m][0m [1mDeprecation[0m [1m[35m[plugin angular-sass][0m
2025-04-16T06:05:40.7236572Z 
2025-04-16T06:05:40.7237083Z     src/app/shared/emerald/components/page-header/page-header.component.scss:226:26:
2025-04-16T06:05:40.7238178Z [37m      226 ‚îÇ         background-color: [32m[37mdarken($primary, 10%);
2025-04-16T06:05:40.7238868Z           ‚ïµ                           [32m^[0m
2025-04-16T06:05:40.7239164Z 
2025-04-16T06:05:40.7239172Z 
2025-04-16T06:05:40.7239380Z   darken() is deprecated. Suggestions:
2025-04-16T06:05:40.7239780Z   
2025-04-16T06:05:40.7240163Z   color.scale($color, $lightness: -18.1494661922%)
2025-04-16T06:05:40.7240701Z   color.adjust($color, $lightness: -10%)
2025-04-16T06:05:40.7241105Z   
2025-04-16T06:05:40.7241651Z   More info: [4mhttps://sass-lang.com/d/color-functions[0m
2025-04-16T06:05:40.7242049Z 
2025-04-16T06:05:40.7242057Z 
2025-04-16T06:05:40.7242743Z [33m‚ñ≤ [43;33m[[43;30mWARNING[43;33m][0m [1mDeprecation[0m [1m[35m[plugin angular-sass][0m
2025-04-16T06:05:40.7243269Z 
2025-04-16T06:05:40.7243776Z     src/app/shared/emerald/components/page-header/page-header.component.scss:244:26:
2025-04-16T06:05:40.7244841Z [37m      244 ‚îÇ         background-color: [32m[37mdarken($success, 10%);
2025-04-16T06:05:40.7245664Z           ‚ïµ                           [32m^[0m
2025-04-16T06:05:40.7245965Z 
2025-04-16T06:05:40.7245974Z 
2025-04-16T06:05:40.7246428Z   Global built-in functions are deprecated and will be removed in Dart Sass 3.0.0.
2025-04-16T06:05:40.7247089Z   Use color.adjust instead.
2025-04-16T06:05:40.7247432Z   
2025-04-16T06:05:40.7248092Z   More info and automated migrator: [4mhttps://sass-lang.com/d/import[0m
2025-04-16T06:05:40.7248564Z 
2025-04-16T06:05:40.7248577Z 
2025-04-16T06:05:40.7249272Z [33m‚ñ≤ [43;33m[[43;30mWARNING[43;33m][0m [1mDeprecation[0m [1m[35m[plugin angular-sass][0m
2025-04-16T06:05:40.7249780Z 
2025-04-16T06:05:40.7250301Z     src/app/shared/emerald/components/page-header/page-header.component.scss:244:26:
2025-04-16T06:05:40.7251385Z [37m      244 ‚îÇ         background-color: [32m[37mdarken($success, 10%);
2025-04-16T06:05:40.7252051Z           ‚ïµ                           [32m^[0m
2025-04-16T06:05:40.7252344Z 
2025-04-16T06:05:40.7252352Z 
2025-04-16T06:05:40.7252554Z   darken() is deprecated. Suggestions:
2025-04-16T06:05:40.7252946Z   
2025-04-16T06:05:40.7253515Z   color.scale($color, $lightness: -20.3187250996%)
2025-04-16T06:05:40.7254085Z   color.adjust($color, $lightness: -10%)
2025-04-16T06:05:40.7254497Z   
2025-04-16T06:05:40.7255050Z   More info: [4mhttps://sass-lang.com/d/color-functions[0m
2025-04-16T06:05:40.7255605Z 
2025-04-16T06:05:40.7255613Z 
2025-04-16T06:05:40.7256326Z [33m‚ñ≤ [43;33m[[43;30mWARNING[43;33m][0m [1mDeprecation[0m [1m[35m[plugin angular-sass][0m
2025-04-16T06:05:40.7256838Z 
2025-04-16T06:05:40.7257349Z     src/app/shared/emerald/components/page-header/page-header.component.scss:253:26:
2025-04-16T06:05:40.7258417Z [37m      253 ‚îÇ         background-color: [32m[37mdarken($danger, 10%);
2025-04-16T06:05:40.7259080Z           ‚ïµ                           [32m^[0m
2025-04-16T06:05:40.7259374Z 
2025-04-16T06:05:40.7259382Z 
2025-04-16T06:05:40.7259823Z   Global built-in functions are deprecated and will be removed in Dart Sass 3.0.0.
2025-04-16T06:05:40.7260473Z   Use color.adjust instead.
2025-04-16T06:05:40.7260839Z   
2025-04-16T06:05:40.7261481Z   More info and automated migrator: [4mhttps://sass-lang.com/d/import[0m
2025-04-16T06:05:40.7262153Z 
2025-04-16T06:05:40.7262162Z 
2025-04-16T06:05:40.7262859Z [33m‚ñ≤ [43;33m[[43;30mWARNING[43;33m][0m [1mDeprecation[0m [1m[35m[plugin angular-sass][0m
2025-04-16T06:05:40.7263379Z 
2025-04-16T06:05:40.7263878Z     src/app/shared/emerald/components/page-header/page-header.component.scss:253:26:
2025-04-16T06:05:40.7264939Z [37m      253 ‚îÇ         background-color: [32m[37mdarken($danger, 10%);
2025-04-16T06:05:40.7265836Z           ‚ïµ                           [32m^[0m
2025-04-16T06:05:40.7266167Z 
2025-04-16T06:05:40.7266175Z 
2025-04-16T06:05:40.7266387Z   darken() is deprecated. Suggestions:
2025-04-16T06:05:40.7266787Z   
2025-04-16T06:05:40.7267175Z   color.scale($color, $lightness: -17.1140939597%)
2025-04-16T06:05:40.7267717Z   color.adjust($color, $lightness: -10%)
2025-04-16T06:05:40.7268122Z   
2025-04-16T06:05:40.7268685Z   More info: [4mhttps://sass-lang.com/d/color-functions[0m
2025-04-16T06:05:40.7269101Z 
2025-04-16T06:05:40.7269109Z 
2025-04-16T06:05:40.7269803Z [33m‚ñ≤ [43;33m[[43;30mWARNING[43;33m][0m [1mDeprecation[0m [1m[35m[plugin angular-sass][0m
2025-04-16T06:05:40.7270315Z 
2025-04-16T06:05:40.7270810Z     src/app/shared/emerald/components/page-header/page-header.component.scss:262:26:
2025-04-16T06:05:40.7271804Z [37m      262 ‚îÇ         background-color: [32m[37mdarken($warning, 10%);
2025-04-16T06:05:40.7272440Z           ‚ïµ                           [32m^[0m
2025-04-16T06:05:40.7272718Z 
2025-04-16T06:05:40.7272727Z 
2025-04-16T06:05:40.7273169Z   Global built-in functions are deprecated and will be removed in Dart Sass 3.0.0.
2025-04-16T06:05:40.7273812Z   Use color.adjust instead.
2025-04-16T06:05:40.7274145Z   
2025-04-16T06:05:40.7274777Z   More info and automated migrator: [4mhttps://sass-lang.com/d/import[0m
2025-04-16T06:05:40.7275237Z 
2025-04-16T06:05:40.7275246Z 
2025-04-16T06:05:40.7276113Z [33m‚ñ≤ [43;33m[[43;30mWARNING[43;33m][0m [1mDeprecation[0m [1m[35m[plugin angular-sass][0m
2025-04-16T06:05:40.7276632Z 
2025-04-16T06:05:40.7277138Z     src/app/shared/emerald/components/page-header/page-header.component.scss:262:26:
2025-04-16T06:05:40.7278193Z [37m      262 ‚îÇ         background-color: [32m[37mdarken($warning, 10%);
2025-04-16T06:05:40.7278873Z           ‚ïµ                           [32m^[0m
2025-04-16T06:05:40.7279175Z 
2025-04-16T06:05:40.7279183Z 
2025-04-16T06:05:40.7279386Z   darken() is deprecated. Suggestions:
2025-04-16T06:05:40.7279791Z   
2025-04-16T06:05:40.7280173Z   color.scale($color, $lightness: -19.465648855%)
2025-04-16T06:05:40.7280724Z   color.adjust($color, $lightness: -10%)
2025-04-16T06:05:40.7281121Z   
2025-04-16T06:05:40.7281674Z   More info: [4mhttps://sass-lang.com/d/color-functions[0m
2025-04-16T06:05:40.7282068Z 
2025-04-16T06:05:40.7282076Z 
2025-04-16T06:05:40.7282964Z [33m‚ñ≤ [43;33m[[43;30mWARNING[43;33m][0m [1mDeprecation[0m [1m[35m[plugin angular-sass][0m
2025-04-16T06:05:40.7283507Z 
2025-04-16T06:05:40.7283928Z     src/app/shared/emerald/components/pager/pager.component.scss:1:8:
2025-04-16T06:05:40.7284861Z [37m      1 ‚îÇ @import [32m[37m'../../../../core/design/design-tokens';
2025-04-16T06:05:40.7285695Z         ‚ïµ         [32m^[0m
2025-04-16T06:05:40.7285941Z 
2025-04-16T06:05:40.7285951Z 
2025-04-16T06:05:40.7286702Z   Sass @import rules are deprecated and will be removed in Dart Sass 3.0.0.
2025-04-16T06:05:40.7287593Z   
2025-04-16T06:05:40.7288348Z   More info and automated migrator: [4mhttps://sass-lang.com/d/import[0m
2025-04-16T06:05:40.7288860Z 
2025-04-16T06:05:40.7288869Z 
2025-04-16T06:05:40.7289628Z [33m‚ñ≤ [43;33m[[43;30mWARNING[43;33m][0m [1mDeprecation[0m [1m[35m[plugin angular-sass][0m
2025-04-16T06:05:40.7290191Z 
2025-04-16T06:05:40.7290746Z     src/app/shared/emerald/components/skeleton-loader/skeleton-loader.component.scss:1:8:
2025-04-16T06:05:40.7291805Z [37m      1 ‚îÇ @import [32m[37m'../../../../core/design/design-tokens';
2025-04-16T06:05:40.7292356Z         ‚ïµ         [32m^[0m
2025-04-16T06:05:40.7292825Z 
2025-04-16T06:05:40.7292834Z 
2025-04-16T06:05:40.7293242Z   Sass @import rules are deprecated and will be removed in Dart Sass 3.0.0.
2025-04-16T06:05:40.7293823Z   
2025-04-16T06:05:40.7294513Z   More info and automated migrator: [4mhttps://sass-lang.com/d/import[0m
2025-04-16T06:05:40.7295005Z 
2025-04-16T06:05:40.7295013Z 
2025-04-16T06:05:40.7297869Z [33m‚ñ≤ [43;33m[[43;30mWARNING[43;33m][0m [1mDeprecation[0m [1m[35m[plugin angular-sass][0m
2025-04-16T06:05:40.7298420Z 
2025-04-16T06:05:40.7298858Z     src/app/shared/emerald/components/toggle/toggle.component.scss:1:8:
2025-04-16T06:05:40.7299899Z [37m      1 ‚îÇ @import [32m[37m'../../../../core/design/design-tokens';
2025-04-16T06:05:40.7300517Z         ‚ïµ         [32m^[0m
2025-04-16T06:05:40.7300755Z 
2025-04-16T06:05:40.7300763Z 
2025-04-16T06:05:40.7301194Z   Sass @import rules are deprecated and will be removed in Dart Sass 3.0.0.
2025-04-16T06:05:40.7301786Z   
2025-04-16T06:05:40.7302488Z   More info and automated migrator: [4mhttps://sass-lang.com/d/import[0m
2025-04-16T06:05:40.7302975Z 
2025-04-16T06:05:40.7302984Z 
2025-04-16T06:05:40.7303712Z [33m‚ñ≤ [43;33m[[43;30mWARNING[43;33m][0m [1mDeprecation[0m [1m[35m[plugin angular-sass][0m
2025-04-16T06:05:40.7304230Z 
2025-04-16T06:05:40.7304476Z     src/app/core/design/components.scss:8:8:
2025-04-16T06:05:40.7305161Z [37m      8 ‚îÇ @import [32m[37m'design-tokens';
2025-04-16T06:05:40.7305883Z         ‚ïµ         [32m^[0m
2025-04-16T06:05:40.7306132Z 
2025-04-16T06:05:40.7306140Z 
2025-04-16T06:05:40.7306537Z   Sass @import rules are deprecated and will be removed in Dart Sass 3.0.0.
2025-04-16T06:05:40.7307119Z   
2025-04-16T06:05:40.7307787Z   More info and automated migrator: [4mhttps://sass-lang.com/d/import[0m
2025-04-16T06:05:40.7308259Z 
2025-04-16T06:05:40.7308553Z   The plugin "angular-sass" was triggered by this import
2025-04-16T06:05:40.7308933Z 
2025-04-16T06:05:40.7309155Z     angular:styles/global:styles:1:8:
2025-04-16T06:05:40.7309874Z [37m      1 ‚îÇ @import [32m'src/styles/main.scss'[37m;
2025-04-16T06:05:40.7310505Z         ‚ïµ         [32m~~~~~~~~~~~~~~~~~~~~~~[0m
2025-04-16T06:05:40.7310801Z 
2025-04-16T06:05:40.7310809Z 
2025-04-16T06:05:40.7311525Z [33m‚ñ≤ [43;33m[[43;30mWARNING[43;33m][0m [1mDeprecation[0m [1m[35m[plugin angular-sass][0m
2025-04-16T06:05:40.7312041Z 
2025-04-16T06:05:40.7312292Z     src/app/core/design/components.scss:374:9:
2025-04-16T06:05:40.7313036Z [37m      374 ‚îÇ   color: [32m[37mdarken($success, 30%);
2025-04-16T06:05:40.7313619Z           ‚ïµ          [32m^[0m
2025-04-16T06:05:40.7313864Z 
2025-04-16T06:05:40.7313879Z 
2025-04-16T06:05:40.7314320Z   Global built-in functions are deprecated and will be removed in Dart Sass 3.0.0.
2025-04-16T06:05:40.7314970Z   Use color.adjust instead.
2025-04-16T06:05:40.7315499Z   
2025-04-16T06:05:40.7316375Z   More info and automated migrator: [4mhttps://sass-lang.com/d/import[0m
2025-04-16T06:05:40.7316864Z 
2025-04-16T06:05:40.7317162Z   The plugin "angular-sass" was triggered by this import
2025-04-16T06:05:40.7317533Z 
2025-04-16T06:05:40.7317741Z     angular:styles/global:styles:1:8:
2025-04-16T06:05:40.7318441Z [37m      1 ‚îÇ @import [32m'src/styles/main.scss'[37m;
2025-04-16T06:05:40.7319062Z         ‚ïµ         [32m~~~~~~~~~~~~~~~~~~~~~~[0m
2025-04-16T06:05:40.7319359Z 
2025-04-16T06:05:40.7319367Z 
2025-04-16T06:05:40.7320076Z [33m‚ñ≤ [43;33m[[43;30mWARNING[43;33m][0m [1mDeprecation[0m [1m[35m[plugin angular-sass][0m
2025-04-16T06:05:40.7320606Z 
2025-04-16T06:05:40.7320840Z     src/app/core/design/components.scss:374:9:
2025-04-16T06:05:40.7321579Z [37m      374 ‚îÇ   color: [32m[37mdarken($success, 30%);
2025-04-16T06:05:40.7322154Z           ‚ïµ          [32m^[0m
2025-04-16T06:05:40.7322389Z 
2025-04-16T06:05:40.7322397Z 
2025-04-16T06:05:40.7322607Z   darken() is deprecated. Suggestions:
2025-04-16T06:05:40.7323007Z   
2025-04-16T06:05:40.7323418Z   color.scale($color, $lightness: -60.9561752988%)
2025-04-16T06:05:40.7324132Z   color.adjust($color, $lightness: -30%)
2025-04-16T06:05:40.7324542Z   
2025-04-16T06:05:40.7325177Z   More info: [4mhttps://sass-lang.com/d/color-functions[0m
2025-04-16T06:05:40.7325852Z 
2025-04-16T06:05:40.7326154Z   The plugin "angular-sass" was triggered by this import
2025-04-16T06:05:40.7326526Z 
2025-04-16T06:05:40.7326727Z     angular:styles/global:styles:1:8:
2025-04-16T06:05:40.7327440Z [37m      1 ‚îÇ @import [32m'src/styles/main.scss'[37m;
2025-04-16T06:05:40.7328075Z         ‚ïµ         [32m~~~~~~~~~~~~~~~~~~~~~~[0m
2025-04-16T06:05:40.7328369Z 
2025-04-16T06:05:40.7328377Z 
2025-04-16T06:05:40.7329090Z [33m‚ñ≤ [43;33m[[43;30mWARNING[43;33m][0m [1mDeprecation[0m [1m[35m[plugin angular-sass][0m
2025-04-16T06:05:40.7329619Z 
2025-04-16T06:05:40.7329864Z     src/app/core/design/components.scss:375:20:
2025-04-16T06:05:40.7330702Z [37m      375 ‚îÇ   background-color: [32m[37mlighten($success, 40%);
2025-04-16T06:05:40.7331397Z           ‚ïµ                     [32m^[0m
2025-04-16T06:05:40.7331694Z 
2025-04-16T06:05:40.7331702Z 
2025-04-16T06:05:40.7332156Z   Global built-in functions are deprecated and will be removed in Dart Sass 3.0.0.
2025-04-16T06:05:40.7332819Z   Use color.adjust instead.
2025-04-16T06:05:40.7333174Z   
2025-04-16T06:05:40.7333822Z   More info and automated migrator: [4mhttps://sass-lang.com/d/import[0m
2025-04-16T06:05:40.7334301Z 
2025-04-16T06:05:40.7334602Z   The plugin "angular-sass" was triggered by this import
2025-04-16T06:05:40.7334970Z 
2025-04-16T06:05:40.7335183Z     angular:styles/global:styles:1:8:
2025-04-16T06:05:40.7336393Z [37m      1 ‚îÇ @import [32m'src/styles/main.scss'[37m;
2025-04-16T06:05:40.7337060Z         ‚ïµ         [32m~~~~~~~~~~~~~~~~~~~~~~[0m
2025-04-16T06:05:40.7337385Z 
2025-04-16T06:05:40.7337566Z 
2025-04-16T06:05:40.7338489Z [33m‚ñ≤ [43;33m[[43;30mWARNING[43;33m][0m [1mDeprecation[0m [1m[35m[plugin angular-sass][0m
2025-04-16T06:05:40.7339054Z 
2025-04-16T06:05:40.7339323Z     src/app/core/design/components.scss:375:20:
2025-04-16T06:05:40.7340232Z [37m      375 ‚îÇ   background-color: [32m[37mlighten($success, 40%);
2025-04-16T06:05:40.7341139Z           ‚ïµ                     [32m^[0m
2025-04-16T06:05:40.7341449Z 
2025-04-16T06:05:40.7341458Z 
2025-04-16T06:05:40.7341677Z   lighten() is deprecated. Suggestions:
2025-04-16T06:05:40.7342286Z   
2025-04-16T06:05:40.7342679Z   color.scale($color, $lightness: 78.7644787645%)
2025-04-16T06:05:40.7343218Z   color.adjust($color, $lightness: 40%)
2025-04-16T06:05:40.7343610Z   
2025-04-16T06:05:40.7344197Z   More info: [4mhttps://sass-lang.com/d/color-functions[0m
2025-04-16T06:05:40.7344601Z 
2025-04-16T06:05:40.7344893Z   The plugin "angular-sass" was triggered by this import
2025-04-16T06:05:40.7345258Z 
2025-04-16T06:05:40.7347187Z     angular:styles/global:styles:1:8:
2025-04-16T06:05:40.7347919Z [37m      1 ‚îÇ @import [32m'src/styles/main.scss'[37m;
2025-04-16T06:05:40.7348732Z         ‚ïµ         [32m~~~~~~~~~~~~~~~~~~~~~~[0m
2025-04-16T06:05:40.7349057Z 
2025-04-16T06:05:40.7349077Z 
2025-04-16T06:05:40.7349800Z [33m‚ñ≤ [43;33m[[43;30mWARNING[43;33m][0m [1mDeprecation[0m [1m[35m[plugin angular-sass][0m
2025-04-16T06:05:40.7350325Z 
2025-04-16T06:05:40.7350566Z     src/app/core/design/components.scss:376:16:
2025-04-16T06:05:40.7351385Z [37m      376 ‚îÇ   border-color: [32m[37mlighten($success, 30%);
2025-04-16T06:05:40.7352027Z           ‚ïµ                 [32m^[0m
2025-04-16T06:05:40.7352300Z 
2025-04-16T06:05:40.7352307Z 
2025-04-16T06:05:40.7352749Z   Global built-in functions are deprecated and will be removed in Dart Sass 3.0.0.
2025-04-16T06:05:40.7353413Z   Use color.adjust instead.
2025-04-16T06:05:40.7353759Z   
2025-04-16T06:05:40.7354423Z   More info and automated migrator: [4mhttps://sass-lang.com/d/import[0m
2025-04-16T06:05:40.7354903Z 
2025-04-16T06:05:40.7355192Z   The plugin "angular-sass" was triggered by this import
2025-04-16T06:05:40.7355741Z 
2025-04-16T06:05:40.7355964Z     angular:styles/global:styles:1:8:
2025-04-16T06:05:40.7356836Z [37m      1 ‚îÇ @import [32m'src/styles/main.scss'[37m;
2025-04-16T06:05:40.7357456Z         ‚ïµ         [32m~~~~~~~~~~~~~~~~~~~~~~[0m
2025-04-16T06:05:40.7357749Z 
2025-04-16T06:05:40.7357757Z 
2025-04-16T06:05:40.7358467Z [33m‚ñ≤ [43;33m[[43;30mWARNING[43;33m][0m [1mDeprecation[0m [1m[35m[plugin angular-sass][0m
2025-04-16T06:05:40.7358982Z 
2025-04-16T06:05:40.7359231Z     src/app/core/design/components.scss:376:16:
2025-04-16T06:05:40.7360025Z [37m      376 ‚îÇ   border-color: [32m[37mlighten($success, 30%);
2025-04-16T06:05:40.7360670Z           ‚ïµ                 [32m^[0m
2025-04-16T06:05:40.7360941Z 
2025-04-16T06:05:40.7360949Z 
2025-04-16T06:05:40.7361156Z   lighten() is deprecated. Suggestions:
2025-04-16T06:05:40.7361559Z   
2025-04-16T06:05:40.7361938Z   color.scale($color, $lightness: 59.0733590734%)
2025-04-16T06:05:40.7362457Z   color.adjust($color, $lightness: 30%)
2025-04-16T06:05:40.7362859Z   
2025-04-16T06:05:40.7363469Z   More info: [4mhttps://sass-lang.com/d/color-functions[0m
2025-04-16T06:05:40.7363887Z 
2025-04-16T06:05:40.7364173Z   The plugin "angular-sass" was triggered by this import
2025-04-16T06:05:40.7364738Z 
2025-04-16T06:05:40.7364950Z     angular:styles/global:styles:1:8:
2025-04-16T06:05:40.7365928Z [37m      1 ‚îÇ @import [32m'src/styles/main.scss'[37m;
2025-04-16T06:05:40.7366583Z         ‚ïµ         [32m~~~~~~~~~~~~~~~~~~~~~~[0m
2025-04-16T06:05:40.7366878Z 
2025-04-16T06:05:40.7366894Z 
2025-04-16T06:05:40.7367594Z [33m‚ñ≤ [43;33m[[43;30mWARNING[43;33m][0m [1mDeprecation[0m [1m[35m[plugin angular-sass][0m
2025-04-16T06:05:40.7368116Z 
2025-04-16T06:05:40.7368362Z     src/app/core/design/components.scss:380:9:
2025-04-16T06:05:40.7369105Z [37m      380 ‚îÇ   color: [32m[37mdarken($warning, 30%);
2025-04-16T06:05:40.7369672Z           ‚ïµ          [32m^[0m
2025-04-16T06:05:40.7369912Z 
2025-04-16T06:05:40.7369919Z 
2025-04-16T06:05:40.7370380Z   Global built-in functions are deprecated and will be removed in Dart Sass 3.0.0.
2025-04-16T06:05:40.7371090Z   Use color.adjust instead.
2025-04-16T06:05:40.7371613Z   
2025-04-16T06:05:40.7372312Z   More info and automated migrator: [4mhttps://sass-lang.com/d/import[0m
2025-04-16T06:05:40.7372804Z 
2025-04-16T06:05:40.7373085Z   The plugin "angular-sass" was triggered by this import
2025-04-16T06:05:40.7373456Z 
2025-04-16T06:05:40.7373655Z     angular:styles/global:styles:1:8:
2025-04-16T06:05:40.7374352Z [37m      1 ‚îÇ @import [32m'src/styles/main.scss'[37m;
2025-04-16T06:05:40.7374967Z         ‚ïµ         [32m~~~~~~~~~~~~~~~~~~~~~~[0m
2025-04-16T06:05:40.7375261Z 
2025-04-16T06:05:40.7375269Z 
2025-04-16T06:05:40.7376394Z [33m‚ñ≤ [43;33m[[43;30mWARNING[43;33m][0m [1mDeprecation[0m [1m[35m[plugin angular-sass][0m
2025-04-16T06:05:40.7376920Z 
2025-04-16T06:05:40.7377156Z     src/app/core/design/components.scss:380:9:
2025-04-16T06:05:40.7377896Z [37m      380 ‚îÇ   color: [32m[37mdarken($warning, 30%);
2025-04-16T06:05:40.7378640Z           ‚ïµ          [32m^[0m
2025-04-16T06:05:40.7378904Z 
2025-04-16T06:05:40.7378912Z 
2025-04-16T06:05:40.7379132Z   darken() is deprecated. Suggestions:
2025-04-16T06:05:40.7379540Z   
2025-04-16T06:05:40.7379925Z   color.scale($color, $lightness: -58.3969465649%)
2025-04-16T06:05:40.7380474Z   color.adjust($color, $lightness: -30%)
2025-04-16T06:05:40.7380883Z   
2025-04-16T06:05:40.7381455Z   More info: [4mhttps://sass-lang.com/d/color-functions[0m
2025-04-16T06:05:40.7381860Z 
2025-04-16T06:05:40.7382142Z   The plugin "angular-sass" was triggered by this import
2025-04-16T06:05:40.7382513Z 
2025-04-16T06:05:40.7382713Z     angular:styles/global:styles:1:8:
2025-04-16T06:05:40.7383401Z [37m      1 ‚îÇ @import [32m'src/styles/main.scss'[37m;
2025-04-16T06:05:40.7384022Z         ‚ïµ         [32m~~~~~~~~~~~~~~~~~~~~~~[0m
2025-04-16T06:05:40.7384311Z 
2025-04-16T06:05:40.7384319Z 
2025-04-16T06:05:40.7385066Z [33m‚ñ≤ [43;33m[[43;30mWARNING[43;33m][0m [1mDeprecation[0m [1m[35m[plugin angular-sass][0m
2025-04-16T06:05:40.7385928Z 
2025-04-16T06:05:40.7386395Z     src/app/core/design/components.scss:381:20:
2025-04-16T06:05:40.7387292Z [37m      381 ‚îÇ   background-color: [32m[37mlighten($warning, 40%);
2025-04-16T06:05:40.7388171Z           ‚ïµ                     [32m^[0m
2025-04-16T06:05:40.7388455Z 
2025-04-16T06:05:40.7388470Z 
2025-04-16T06:05:40.7388915Z   Global built-in functions are deprecated and will be removed in Dart Sass 3.0.0.
2025-04-16T06:05:40.7389609Z   Use color.adjust instead.
2025-04-16T06:05:40.7389960Z   
2025-04-16T06:05:40.7390846Z   More info and automated migrator: [4mhttps://sass-lang.com/d/import[0m
2025-04-16T06:05:40.7391343Z 
2025-04-16T06:05:40.7391634Z   The plugin "angular-sass" was triggered by this import
2025-04-16T06:05:40.7392001Z 
2025-04-16T06:05:40.7392213Z     angular:styles/global:styles:1:8:
2025-04-16T06:05:40.7392900Z [37m      1 ‚îÇ @import [32m'src/styles/main.scss'[37m;
2025-04-16T06:05:40.7393508Z         ‚ïµ         [32m~~~~~~~~~~~~~~~~~~~~~~[0m
2025-04-16T06:05:40.7393804Z 
2025-04-16T06:05:40.7393822Z 
2025-04-16T06:05:40.7394503Z [33m‚ñ≤ [43;33m[[43;30mWARNING[43;33m][0m [1mDeprecation[0m [1m[35m[plugin angular-sass][0m
2025-04-16T06:05:40.7395008Z 
2025-04-16T06:05:40.7395239Z     src/app/core/design/components.scss:381:20:
2025-04-16T06:05:40.7396326Z [37m      381 ‚îÇ   background-color: [32m[37mlighten($warning, 40%);
2025-04-16T06:05:40.7397005Z           ‚ïµ                     [32m^[0m
2025-04-16T06:05:40.7397283Z 
2025-04-16T06:05:40.7397291Z 
2025-04-16T06:05:40.7397502Z   lighten() is deprecated. Suggestions:
2025-04-16T06:05:40.7397901Z   
2025-04-16T06:05:40.7398287Z   color.scale($color, $lightness: 82.2580645161%)
2025-04-16T06:05:40.7398813Z   color.adjust($color, $lightness: 40%)
2025-04-16T06:05:40.7399207Z   
2025-04-16T06:05:40.7399759Z   More info: [4mhttps://sass-lang.com/d/color-functions[0m
2025-04-16T06:05:40.7400163Z 
2025-04-16T06:05:40.7400458Z   The plugin "angular-sass" was triggered by this import
2025-04-16T06:05:40.7400827Z 
2025-04-16T06:05:40.7401023Z     angular:styles/global:styles:1:8:
2025-04-16T06:05:40.7401704Z [37m      1 ‚îÇ @import [32m'src/styles/main.scss'[37m;
2025-04-16T06:05:40.7402319Z         ‚ïµ         [32m~~~~~~~~~~~~~~~~~~~~~~[0m
2025-04-16T06:05:40.7402609Z 
2025-04-16T06:05:40.7402616Z 
2025-04-16T06:05:40.7403304Z [33m‚ñ≤ [43;33m[[43;30mWARNING[43;33m][0m [1mDeprecation[0m [1m[35m[plugin angular-sass][0m
2025-04-16T06:05:40.7403819Z 
2025-04-16T06:05:40.7404019Z     src/app/core/design/main.scss:8:8:
2025-04-16T06:05:40.7404654Z [37m      8 ‚îÇ @import [32m[37m'design-tokens';
2025-04-16T06:05:40.7405163Z         ‚ïµ         [32m^[0m
2025-04-16T06:05:40.7405560Z 
2025-04-16T06:05:40.7405568Z 
2025-04-16T06:05:40.7405972Z   Sass @import rules are deprecated and will be removed in Dart Sass 3.0.0.
2025-04-16T06:05:40.7406542Z   
2025-04-16T06:05:40.7407197Z   More info and automated migrator: [4mhttps://sass-lang.com/d/import[0m
2025-04-16T06:05:40.7407662Z 
2025-04-16T06:05:40.7408136Z   The plugin "angular-sass" was triggered by this import
2025-04-16T06:05:40.7408532Z 
2025-04-16T06:05:40.7408745Z     angular:styles/global:styles:1:8:
2025-04-16T06:05:40.7409450Z [37m      1 ‚îÇ @import [32m'src/styles/main.scss'[37m;
2025-04-16T06:05:40.7410067Z         ‚ïµ         [32m~~~~~~~~~~~~~~~~~~~~~~[0m
2025-04-16T06:05:40.7410374Z 
2025-04-16T06:05:40.7410383Z 
2025-04-16T06:05:40.7411110Z [33m‚ñ≤ [43;33m[[43;30mWARNING[43;33m][0m [1mDeprecation[0m [1m[35m[plugin angular-sass][0m
2025-04-16T06:05:40.7411637Z 
2025-04-16T06:05:40.7411843Z     src/app/core/design/main.scss:9:8:
2025-04-16T06:05:40.7412483Z [37m      9 ‚îÇ @import [32m[37m'components';
2025-04-16T06:05:40.7413222Z         ‚ïµ         [32m^[0m
2025-04-16T06:05:40.7413459Z 
2025-04-16T06:05:40.7413467Z 
2025-04-16T06:05:40.7413870Z   Sass @import rules are deprecated and will be removed in Dart Sass 3.0.0.
2025-04-16T06:05:40.7414619Z   
2025-04-16T06:05:40.7415301Z   More info and automated migrator: [4mhttps://sass-lang.com/d/import[0m
2025-04-16T06:05:40.7416210Z 
2025-04-16T06:05:40.7416514Z   The plugin "angular-sass" was triggered by this import
2025-04-16T06:05:40.7416885Z 
2025-04-16T06:05:40.7417098Z     angular:styles/global:styles:1:8:
2025-04-16T06:05:40.7417789Z [37m      1 ‚îÇ @import [32m'src/styles/main.scss'[37m;
2025-04-16T06:05:40.7418416Z         ‚ïµ         [32m~~~~~~~~~~~~~~~~~~~~~~[0m
2025-04-16T06:05:40.7418719Z 
2025-04-16T06:05:40.7418727Z 
2025-04-16T06:05:40.7419431Z [33m‚ñ≤ [43;33m[[43;30mWARNING[43;33m][0m [1mDeprecation[0m [1m[35m[plugin angular-sass][0m
2025-04-16T06:05:40.7419954Z 
2025-04-16T06:05:40.7420167Z     src/app/core/design/main.scss:190:18:
2025-04-16T06:05:40.7420968Z [37m      190 ‚îÇ   margin-right: -([32m[37m$grid-gutter-width / 2);
2025-04-16T06:05:40.7421675Z           ‚ïµ                   [32m^[0m
2025-04-16T06:05:40.7421972Z 
2025-04-16T06:05:40.7421980Z 
2025-04-16T06:05:40.7422484Z   Using / for division outside of calc() is deprecated and will be removed in Dart Sass 2.0.0.
2025-04-16T06:05:40.7423147Z   
2025-04-16T06:05:40.7423737Z   Recommendation: math.div($grid-gutter-width, 2) or calc($grid-gutter-width / 2)
2025-04-16T06:05:40.7424354Z   
2025-04-16T06:05:40.7425097Z   More info and automated migrator: [4mhttps://sass-lang.com/d/slash-div[0m
2025-04-16T06:05:40.7425752Z 
2025-04-16T06:05:40.7426041Z   The plugin "angular-sass" was triggered by this import
2025-04-16T06:05:40.7426415Z 
2025-04-16T06:05:40.7426612Z     angular:styles/global:styles:1:8:
2025-04-16T06:05:40.7427322Z [37m      1 ‚îÇ @import [32m'src/styles/main.scss'[37m;
2025-04-16T06:05:40.7427987Z         ‚ïµ         [32m~~~~~~~~~~~~~~~~~~~~~~[0m
2025-04-16T06:05:40.7428477Z 
2025-04-16T06:05:40.7428487Z 
2025-04-16T06:05:40.7429219Z [33m‚ñ≤ [43;33m[[43;30mWARNING[43;33m][0m [1mDeprecation[0m [1m[35m[plugin angular-sass][0m
2025-04-16T06:05:40.7429739Z 
2025-04-16T06:05:40.7429952Z     src/app/core/design/main.scss:191:17:
2025-04-16T06:05:40.7430785Z [37m      191 ‚îÇ   margin-left: -([32m[37m$grid-gutter-width / 2);
2025-04-16T06:05:40.7431676Z           ‚ïµ                  [32m^[0m
2025-04-16T06:05:40.7431957Z 
2025-04-16T06:05:40.7431964Z 
2025-04-16T06:05:40.7432461Z   Using / for division outside of calc() is deprecated and will be removed in Dart Sass 2.0.0.
2025-04-16T06:05:40.7433114Z   
2025-04-16T06:05:40.7433701Z   Recommendation: math.div($grid-gutter-width, 2) or calc($grid-gutter-width / 2)
2025-04-16T06:05:40.7434313Z   
2025-04-16T06:05:40.7435006Z   More info and automated migrator: [4mhttps://sass-lang.com/d/slash-div[0m
2025-04-16T06:05:40.7435732Z 
2025-04-16T06:05:40.7436031Z   The plugin "angular-sass" was triggered by this import
2025-04-16T06:05:40.7436401Z 
2025-04-16T06:05:40.7436609Z     angular:styles/global:styles:1:8:
2025-04-16T06:05:40.7437305Z [37m      1 ‚îÇ @import [32m'src/styles/main.scss'[37m;
2025-04-16T06:05:40.7437926Z         ‚ïµ         [32m~~~~~~~~~~~~~~~~~~~~~~[0m
2025-04-16T06:05:40.7438212Z 
2025-04-16T06:05:40.7438397Z 
2025-04-16T06:05:40.7439122Z [33m‚ñ≤ [43;33m[[43;30mWARNING[43;33m][0m [1mDeprecation[0m [1m[35m[plugin angular-sass][0m
2025-04-16T06:05:40.7439656Z 
2025-04-16T06:05:40.7439880Z     src/app/core/design/main.scss:198:18:
2025-04-16T06:05:40.7440686Z [37m      198 ‚îÇ   padding-right: ([32m[37m$grid-gutter-width / 2);
2025-04-16T06:05:40.7441350Z           ‚ïµ                   [32m^[0m
2025-04-16T06:05:40.7441629Z 
2025-04-16T06:05:40.7441637Z 
2025-04-16T06:05:40.7442134Z   Using / for division outside of calc() is deprecated and will be removed in Dart Sass 2.0.0.
2025-04-16T06:05:40.7442782Z   
2025-04-16T06:05:40.7443367Z   Recommendation: math.div($grid-gutter-width, 2) or calc($grid-gutter-width / 2)
2025-04-16T06:05:40.7443977Z   
2025-04-16T06:05:40.7444674Z   More info and automated migrator: [4mhttps://sass-lang.com/d/slash-div[0m
2025-04-16T06:05:40.7445173Z 
2025-04-16T06:05:40.7445629Z   The plugin "angular-sass" was triggered by this import
2025-04-16T06:05:40.7446007Z 
2025-04-16T06:05:40.7446228Z     angular:styles/global:styles:1:8:
2025-04-16T06:05:40.7447094Z [37m      1 ‚îÇ @import [32m'src/styles/main.scss'[37m;
2025-04-16T06:05:40.7447714Z         ‚ïµ         [32m~~~~~~~~~~~~~~~~~~~~~~[0m
2025-04-16T06:05:40.7448012Z 
2025-04-16T06:05:40.7448020Z 
2025-04-16T06:05:40.7448746Z [33m‚ñ≤ [43;33m[[43;30mWARNING[43;33m][0m [1mDeprecation[0m [1m[35m[plugin angular-sass][0m
2025-04-16T06:05:40.7449277Z 
2025-04-16T06:05:40.7449485Z     src/app/core/design/main.scss:199:17:
2025-04-16T06:05:40.7450278Z [37m      199 ‚îÇ   padding-left: ([32m[37m$grid-gutter-width / 2);
2025-04-16T06:05:40.7450927Z           ‚ïµ                  [32m^[0m
2025-04-16T06:05:40.7451204Z 
2025-04-16T06:05:40.7451212Z 
2025-04-16T06:05:40.7451704Z   Using / for division outside of calc() is deprecated and will be removed in Dart Sass 2.0.0.
2025-04-16T06:05:40.7452358Z   
2025-04-16T06:05:40.7452953Z   Recommendation: math.div($grid-gutter-width, 2) or calc($grid-gutter-width / 2)
2025-04-16T06:05:40.7453591Z   
2025-04-16T06:05:40.7454275Z   More info and automated migrator: [4mhttps://sass-lang.com/d/slash-div[0m
2025-04-16T06:05:40.7454772Z 
2025-04-16T06:05:40.7455052Z   The plugin "angular-sass" was triggered by this import
2025-04-16T06:05:40.7455668Z 
2025-04-16T06:05:40.7455880Z     angular:styles/global:styles:1:8:
2025-04-16T06:05:40.7456589Z [37m      1 ‚îÇ @import [32m'src/styles/main.scss'[37m;
2025-04-16T06:05:40.7457215Z         ‚ïµ         [32m~~~~~~~~~~~~~~~~~~~~~~[0m
2025-04-16T06:05:40.7457504Z 
2025-04-16T06:05:40.7457512Z 
2025-04-16T06:05:40.7458229Z [33m‚ñ≤ [43;33m[[43;30mWARNING[43;33m][0m [1mDeprecation[0m [1m[35m[plugin angular-sass][0m
2025-04-16T06:05:40.7458747Z 
2025-04-16T06:05:40.7458964Z     src/app/core/design/main.scss:204:25:
2025-04-16T06:05:40.7459760Z [37m      204 ‚îÇ     flex: 0 0 percentage([32m[37m$i / $grid-columns);
2025-04-16T06:05:40.7460441Z           ‚ïµ                          [32m^[0m
2025-04-16T06:05:40.7460730Z 
2025-04-16T06:05:40.7460753Z 
2025-04-16T06:05:40.7461252Z   Using / for division outside of calc() is deprecated and will be removed in Dart Sass 2.0.0.
2025-04-16T06:05:40.7461950Z   
2025-04-16T06:05:40.7462508Z   Recommendation: math.div($i, $grid-columns) or calc($i / $grid-columns)
2025-04-16T06:05:40.7463262Z   
2025-04-16T06:05:40.7463985Z   More info and automated migrator: [4mhttps://sass-lang.com/d/slash-div[0m
2025-04-16T06:05:40.7464470Z 
2025-04-16T06:05:40.7464772Z   The plugin "angular-sass" was triggered by this import
2025-04-16T06:05:40.7465134Z 
2025-04-16T06:05:40.7465499Z     angular:styles/global:styles:1:8:
2025-04-16T06:05:40.7466210Z [37m      1 ‚îÇ @import [32m'src/styles/main.scss'[37m;
2025-04-16T06:05:40.7466822Z         ‚ïµ         [32m~~~~~~~~~~~~~~~~~~~~~~[0m
2025-04-16T06:05:40.7467126Z 
2025-04-16T06:05:40.7467288Z [39m[22m
2025-04-16T06:05:40.7468294Z [1m[31m[31m‚úò [41;31m[[41;97mERROR[41;31m][0m [1mTwo forwarded modules both define a variable named $primary-100.
2025-04-16T06:05:40.7469209Z     ‚ï∑
2025-04-16T06:05:40.7469784Z 5   ‚îÇ @forward '../../app/core/design/design-tokens';
2025-04-16T06:05:40.7470559Z     ‚îÇ ‚îÅ‚îÅ‚îÅ‚îÅ‚îÅ‚îÅ‚îÅ‚îÅ‚îÅ‚îÅ‚îÅ‚îÅ‚îÅ‚îÅ‚îÅ‚îÅ‚îÅ‚îÅ‚îÅ‚îÅ‚îÅ‚îÅ‚îÅ‚îÅ‚îÅ‚îÅ‚îÅ‚îÅ‚îÅ‚îÅ‚îÅ‚îÅ‚îÅ‚îÅ‚îÅ‚îÅ‚îÅ‚îÅ‚îÅ‚îÅ‚îÅ‚îÅ‚îÅ‚îÅ‚îÅ‚îÅ original @forward
2025-04-16T06:05:40.7471048Z ... ‚îÇ
2025-04-16T06:05:40.7471528Z 7   ‚îÇ @forward '../../app/core/design/main';
2025-04-16T06:05:40.7472112Z     ‚îÇ ^^^^^^^^^^^^^^^^^^^^^^^^^^^^^^^^^^^^^ new @forward
2025-04-16T06:05:40.7472551Z     ‚ïµ
2025-04-16T06:05:40.7473116Z   src/styles/design-system/index.scss 7:1                           @use
2025-04-16T06:05:40.7474719Z   src/app/features/user-settings/user-settings.component.scss 11:1  root stylesheet[0m [1m[35m[plugin angular-sass][0m
2025-04-16T06:05:40.7475756Z 
2025-04-16T06:05:40.7475765Z 
2025-04-16T06:05:40.7476633Z [31m‚úò [41;31m[[41;97mERROR[41;31m][0m [1mTwo forwarded modules both define a variable named $primary-100.
2025-04-16T06:05:40.7477390Z     ‚ï∑
2025-04-16T06:05:40.7477937Z 5   ‚îÇ @forward '../../app/core/design/design-tokens';
2025-04-16T06:05:40.7478721Z     ‚îÇ ‚îÅ‚îÅ‚îÅ‚îÅ‚îÅ‚îÅ‚îÅ‚îÅ‚îÅ‚îÅ‚îÅ‚îÅ‚îÅ‚îÅ‚îÅ‚îÅ‚îÅ‚îÅ‚îÅ‚îÅ‚îÅ‚îÅ‚îÅ‚îÅ‚îÅ‚îÅ‚îÅ‚îÅ‚îÅ‚îÅ‚îÅ‚îÅ‚îÅ‚îÅ‚îÅ‚îÅ‚îÅ‚îÅ‚îÅ‚îÅ‚îÅ‚îÅ‚îÅ‚îÅ‚îÅ‚îÅ original @forward
2025-04-16T06:05:40.7479411Z ... ‚îÇ
2025-04-16T06:05:40.7479930Z 7   ‚îÇ @forward '../../app/core/design/main';
2025-04-16T06:05:40.7480777Z     ‚îÇ ^^^^^^^^^^^^^^^^^^^^^^^^^^^^^^^^^^^^^ new @forward
2025-04-16T06:05:40.7481231Z     ‚ïµ
2025-04-16T06:05:40.7481818Z   src/styles/design-system/index.scss 7:1                                    @use
2025-04-16T06:05:40.7483566Z   src/app/features/advertiser-profile/advertiser-profile.component.scss 1:1  root stylesheet[0m [1m[35m[plugin angular-sass][0m
2025-04-16T06:05:40.7484452Z 
2025-04-16T06:05:40.7484462Z 
2025-04-16T06:05:40.7485169Z [31m‚úò [41;31m[[41;97mERROR[41;31m][0m [1mUndefined variable.
2025-04-16T06:05:40.7485899Z     ‚ï∑
2025-04-16T06:05:40.7486508Z 124 ‚îÇ           background-color: $success-100;
2025-04-16T06:05:40.7487107Z     ‚îÇ                             ^^^^^^^^^^^^
2025-04-16T06:05:40.7487530Z     ‚ïµ
2025-04-16T06:05:40.7488522Z   src/app/features/wallet/wallet.component.scss 124:29  root stylesheet[0m [1m[35m[plugin angular-sass][0m
2025-04-16T06:05:40.7489240Z 
2025-04-16T06:05:40.7489248Z 
2025-04-16T06:05:40.7489749Z [31m‚úò [41;31m[[41;97mERROR[41;31m][0m [1mUndefined variable.
2025-04-16T06:05:40.7490283Z    ‚ï∑
2025-04-16T06:05:40.7490753Z 29 ‚îÇ   background-color: $neutral-50;
2025-04-16T06:05:40.7491295Z    ‚îÇ                     ^^^^^^^^^^^
2025-04-16T06:05:40.7491691Z    ‚ïµ
2025-04-16T06:05:40.7492604Z   src/app/features/chat/chat.component.scss 29:21  root stylesheet[0m [1m[35m[plugin angular-sass][0m
2025-04-16T06:05:40.7493293Z 
2025-04-16T06:05:40.7493302Z 
2025-04-16T06:05:40.7493977Z [31m‚úò [41;31m[[41;97mERROR[41;31m][0m [1mUndefined variable.
2025-04-16T06:05:40.7494554Z     ‚ï∑
2025-04-16T06:05:40.7495048Z 227 ‚îÇ       background-color: $error-100;
2025-04-16T06:05:40.7495852Z     ‚îÇ                         ^^^^^^^^^^
2025-04-16T06:05:40.7496298Z     ‚ïµ
2025-04-16T06:05:40.7497466Z   src/app/features/list-view/list-view.component.scss 227:25  root stylesheet[0m [1m[35m[plugin angular-sass][0m
2025-04-16T06:05:40.7498220Z 
2025-04-16T06:05:40.7498236Z 
2025-04-16T06:05:40.7499456Z [31m‚úò [41;31m[[41;97mERROR[41;31m][0m [1mNG8002: Can't bind to 'aria-label' since it isn't a known property of 'span'.[0m [1m[35m[plugin angular-compiler][0m
2025-04-16T06:05:40.7500375Z 
2025-04-16T06:05:40.7500690Z     src/app/app.component.html:45:61:
2025-04-16T06:05:40.7501838Z [37m      45 ‚îÇ ...readMessages > 0" [32maria-label="{{unreadMessages}} unread messages"[37m>
2025-04-16T06:05:40.7503057Z          ‚ïµ                      [32m~~~~~~~~~~~~~~~~~~~~~~~~~~~~~~~~~~~~~~~~~~~~~~~[0m
2025-04-16T06:05:40.7503727Z 
2025-04-16T06:05:40.7504166Z   Error occurs in the template of component AppComponent.
2025-04-16T06:05:40.7504606Z 
2025-04-16T06:05:40.7504908Z     src/app/app.component.ts:28:15:
2025-04-16T06:05:40.7506068Z [37m      28 ‚îÇ   templateUrl: [32m'./app.component.html'[37m,
2025-04-16T06:05:40.7506988Z          ‚ïµ                [32m~~~~~~~~~~~~~~~~~~~~~~[0m
2025-04-16T06:05:40.7507393Z 
2025-04-16T06:05:40.7507564Z 
2025-04-16T06:05:40.7508398Z [31m‚úò [41;31m[[41;97mERROR[41;31m][0m [1mCould not resolve "./features/tinder/tinder.module"[0m
2025-04-16T06:05:40.7509108Z 
2025-04-16T06:05:40.7509377Z     src/app/app.routes.ts:85:31:
2025-04-16T06:05:40.7510459Z [37m      85 ‚îÇ ...: () => import([32m'./features/tinder/tinder.module'[37m).then(m => m.T...
2025-04-16T06:05:40.7511476Z          ‚ïµ                   [32m~~~~~~~~~~~~~~~~~~~~~~~~~~~~~~~~~[0m
2025-04-16T06:05:40.7511945Z 
2025-04-16T06:05:40.7511954Z 
2025-04-16T06:05:40.7513582Z [31m‚úò [41;31m[[41;97mERROR[41;31m][0m [1mTS2307: Cannot find module './features/tinder/tinder.module' or its corresponding type declarations.[0m [1m[35m[plugin angular-compiler][0m
2025-04-16T06:05:40.7514658Z 
2025-04-16T06:05:40.7514909Z     src/app/app.routes.ts:85:31:
2025-04-16T06:05:40.7516287Z [37m      85 ‚îÇ ...: () => import([32m'./features/tinder/tinder.module'[37m).then(m => m.T...
2025-04-16T06:05:40.7517416Z          ‚ïµ                   [32m~~~~~~~~~~~~~~~~~~~~~~~~~~~~~~~~~[0m
2025-04-16T06:05:40.7517450Z 
2025-04-16T06:05:40.7517458Z 
2025-04-16T06:05:40.7518631Z [31m‚úò [41;31m[[41;97mERROR[41;31m][0m [1mNG2: Type 'string[] | { type: string; url: string; }[]' is not assignable to type 'NgIterable<string>'.
2025-04-16T06:05:40.7519164Z   Type '{ type: string; url: string; }[]' is not assignable to type 'NgIterable<string>'.
2025-04-16T06:05:40.7519635Z     Type '{ type: string; url: string; }[]' is not assignable to type 'string[]'.
2025-04-16T06:05:40.7520558Z       Type '{ type: string; url: string; }' is not assignable to type 'string'.[0m [1m[35m[plugin angular-compiler][0m
2025-04-16T06:05:40.7520579Z 
2025-04-16T06:05:40.7521208Z     src/app/features/advertiser-profile/advertiser-profile.component.html:38:55:
2025-04-16T06:05:40.7521946Z [37m      38 ‚îÇ ...="thumbnail" *ngFor="let media [32mof[37m ad.media || ad.images; let i ...
2025-04-16T06:05:40.7522413Z          ‚ïµ                                   [32m~~[0m
2025-04-16T06:05:40.7522438Z 
2025-04-16T06:05:40.7522884Z   Error occurs in the template of component AdvertiserProfileComponent.
2025-04-16T06:05:40.7522898Z 
2025-04-16T06:05:40.7523534Z     src/app/features/advertiser-profile/advertiser-profile.component.ts:23:15:
2025-04-16T06:05:40.7524253Z [37m      23 ‚îÇ   templateUrl: [32m'./advertiser-profile.component.html'[37m,
2025-04-16T06:05:40.7524969Z          ‚ïµ                [32m~~~~~~~~~~~~~~~~~~~~~~~~~~~~~~~~~~~~~[0m
2025-04-16T06:05:40.7524991Z 
2025-04-16T06:05:40.7525000Z 
2025-04-16T06:05:40.7526333Z [31m‚úò [41;31m[[41;97mERROR[41;31m][0m [1mNG9: Property 'services' does not exist on type 'Ad'.[0m [1m[35m[plugin angular-compiler][0m
2025-04-16T06:05:40.7526352Z 
2025-04-16T06:05:40.7526941Z     src/app/features/advertiser-profile/advertiser-profile.component.html:194:64:
2025-04-16T06:05:40.7527831Z [37m      194 ‚îÇ ...v class="service-item" *ngFor="let service of ad.[32mservices[37m || []">
2025-04-16T06:05:40.7528454Z           ‚ïµ                                                     [32m~~~~~~~~[0m
2025-04-16T06:05:40.7528487Z 
2025-04-16T06:05:40.7528959Z   Error occurs in the template of component AdvertiserProfileComponent.
2025-04-16T06:05:40.7528972Z 
2025-04-16T06:05:40.7529534Z     src/app/features/advertiser-profile/advertiser-profile.component.ts:23:15:
2025-04-16T06:05:40.7530214Z [37m      23 ‚îÇ   templateUrl: [32m'./advertiser-profile.component.html'[37m,
2025-04-16T06:05:40.7530693Z          ‚ïµ                [32m~~~~~~~~~~~~~~~~~~~~~~~~~~~~~~~~~~~~~[0m
2025-04-16T06:05:40.7530711Z 
2025-04-16T06:05:40.7530719Z 
2025-04-16T06:05:40.7532103Z [31m‚úò [41;31m[[41;97mERROR[41;31m][0m [1mNG9: Property 'services' does not exist on type 'Ad'.[0m [1m[35m[plugin angular-compiler][0m
2025-04-16T06:05:40.7532126Z 
2025-04-16T06:05:40.7532774Z     src/app/features/advertiser-profile/advertiser-profile.component.html:198:51:
2025-04-16T06:05:40.7548168Z [37m      198 ‚îÇ ...empty-services" *ngIf="!ad.[32mservices[37m || ad.services.length === 0">
2025-04-16T06:05:40.7548797Z           ‚ïµ                               [32m~~~~~~~~[0m
2025-04-16T06:05:40.7548814Z 
2025-04-16T06:05:40.7549240Z   Error occurs in the template of component AdvertiserProfileComponent.
2025-04-16T06:05:40.7549257Z 
2025-04-16T06:05:40.7549731Z     src/app/features/advertiser-profile/advertiser-profile.component.ts:23:15:
2025-04-16T06:05:40.7550352Z [37m      23 ‚îÇ   templateUrl: [32m'./advertiser-profile.component.html'[37m,
2025-04-16T06:05:40.7550750Z          ‚ïµ                [32m~~~~~~~~~~~~~~~~~~~~~~~~~~~~~~~~~~~~~[0m
2025-04-16T06:05:40.7550769Z 
2025-04-16T06:05:40.7550776Z 
2025-04-16T06:05:40.7551854Z [31m‚úò [41;31m[[41;97mERROR[41;31m][0m [1mNG9: Property 'services' does not exist on type 'Ad'.[0m [1m[35m[plugin angular-compiler][0m
2025-04-16T06:05:40.7551872Z 
2025-04-16T06:05:40.7552551Z     src/app/features/advertiser-profile/advertiser-profile.component.html:198:66:
2025-04-16T06:05:40.7553311Z [37m      198 ‚îÇ ...empty-services" *ngIf="!ad.services || ad.[32mservices[37m.length === 0">
2025-04-16T06:05:40.7553699Z           ‚ïµ                                              [32m~~~~~~~~[0m
2025-04-16T06:05:40.7553714Z 
2025-04-16T06:05:40.7554111Z   Error occurs in the template of component AdvertiserProfileComponent.
2025-04-16T06:05:40.7554122Z 
2025-04-16T06:05:40.7554578Z     src/app/features/advertiser-profile/advertiser-profile.component.ts:23:15:
2025-04-16T06:05:40.7555189Z [37m      23 ‚îÇ   templateUrl: [32m'./advertiser-profile.component.html'[37m,
2025-04-16T06:05:40.7555794Z          ‚ïµ                [32m~~~~~~~~~~~~~~~~~~~~~~~~~~~~~~~~~~~~~[0m
2025-04-16T06:05:40.7555811Z 
2025-04-16T06:05:40.7555819Z 
2025-04-16T06:05:40.7557037Z [31m‚úò [41;31m[[41;97mERROR[41;31m][0m [1mNG1: Property 'reviews' does not exist on type 'Ad'. Did you mean 'views'?[0m [1m[35m[plugin angular-compiler][0m
2025-04-16T06:05:40.7557056Z 
2025-04-16T06:05:40.7557593Z     src/app/features/advertiser-profile/advertiser-profile.component.html:207:62:
2025-04-16T06:05:40.7558515Z [37m      207 ‚îÇ ...<div class="review-item" *ngFor="let review of ad.[32mreviews[37m || []">
2025-04-16T06:05:40.7558919Z           ‚ïµ                                                      [32m~~~~~~~[0m
2025-04-16T06:05:40.7558934Z 
2025-04-16T06:05:40.7559327Z   Error occurs in the template of component AdvertiserProfileComponent.
2025-04-16T06:05:40.7559340Z 
2025-04-16T06:05:40.7559805Z     src/app/features/advertiser-profile/advertiser-profile.component.ts:23:15:
2025-04-16T06:05:40.7560405Z [37m      23 ‚îÇ   templateUrl: [32m'./advertiser-profile.component.html'[37m,
2025-04-16T06:05:40.7560770Z          ‚ïµ                [32m~~~~~~~~~~~~~~~~~~~~~~~~~~~~~~~~~~~~~[0m
2025-04-16T06:05:40.7560785Z 
2025-04-16T06:05:40.7560793Z 
2025-04-16T06:05:40.7562366Z [31m‚úò [41;31m[[41;97mERROR[41;31m][0m [1mNG1: Property 'reviews' does not exist on type 'Ad'. Did you mean 'views'?[0m [1m[35m[plugin angular-compiler][0m
2025-04-16T06:05:40.7562393Z 
2025-04-16T06:05:40.7562921Z     src/app/features/advertiser-profile/advertiser-profile.component.html:217:50:
2025-04-16T06:05:40.7563643Z [37m      217 ‚îÇ ...s="empty-reviews" *ngIf="!ad.[32mreviews[37m || ad.reviews.length === 0">
2025-04-16T06:05:40.7564003Z           ‚ïµ                                 [32m~~~~~~~[0m
2025-04-16T06:05:40.7564017Z 
2025-04-16T06:05:40.7564600Z   Error occurs in the template of component AdvertiserProfileComponent.
2025-04-16T06:05:40.7564618Z 
2025-04-16T06:05:40.7565084Z     src/app/features/advertiser-profile/advertiser-profile.component.ts:23:15:
2025-04-16T06:05:40.7565909Z [37m      23 ‚îÇ   templateUrl: [32m'./advertiser-profile.component.html'[37m,
2025-04-16T06:05:40.7566298Z          ‚ïµ                [32m~~~~~~~~~~~~~~~~~~~~~~~~~~~~~~~~~~~~~[0m
2025-04-16T06:05:40.7566312Z 
2025-04-16T06:05:40.7566319Z 
2025-04-16T06:05:40.7567503Z [31m‚úò [41;31m[[41;97mERROR[41;31m][0m [1mNG1: Property 'reviews' does not exist on type 'Ad'. Did you mean 'views'?[0m [1m[35m[plugin angular-compiler][0m
2025-04-16T06:05:40.7567679Z 
2025-04-16T06:05:40.7568179Z     src/app/features/advertiser-profile/advertiser-profile.component.html:217:64:
2025-04-16T06:05:40.7568876Z [37m      217 ‚îÇ ...s="empty-reviews" *ngIf="!ad.reviews || ad.[32mreviews[37m.length === 0">
2025-04-16T06:05:40.7569244Z           ‚ïµ                                               [32m~~~~~~~[0m
2025-04-16T06:05:40.7569257Z 
2025-04-16T06:05:40.7569642Z   Error occurs in the template of component AdvertiserProfileComponent.
2025-04-16T06:05:40.7569654Z 
2025-04-16T06:05:40.7570112Z     src/app/features/advertiser-profile/advertiser-profile.component.ts:23:15:
2025-04-16T06:05:40.7570700Z [37m      23 ‚îÇ   templateUrl: [32m'./advertiser-profile.component.html'[37m,
2025-04-16T06:05:40.7571086Z          ‚ïµ                [32m~~~~~~~~~~~~~~~~~~~~~~~~~~~~~~~~~~~~~[0m
2025-04-16T06:05:40.7571102Z 
2025-04-16T06:05:40.7571109Z 
2025-04-16T06:05:40.7572973Z [31m‚úò [41;31m[[41;97mERROR[41;31m][0m [1mTS-996008: Component LoginComponent is standalone, and cannot be declared in an NgModule. Did you mean to import it instead?[0m [1m[35m[plugin angular-compiler][0m
2025-04-16T06:05:40.7573007Z 
2025-04-16T06:05:40.7573259Z     src/app/features/auth/auth.module.ts:38:4:
2025-04-16T06:05:40.7573633Z [37m      38 ‚îÇ     [32mLoginComponent[37m,
2025-04-16T06:05:40.7573899Z          ‚ïµ     [32m~~~~~~~~~~~~~~[0m
2025-04-16T06:05:40.7573913Z 
2025-04-16T06:05:40.7573921Z 
2025-04-16T06:05:40.7575794Z [31m‚úò [41;31m[[41;97mERROR[41;31m][0m [1mTS-996008: Component RegisterComponent is standalone, and cannot be declared in an NgModule. Did you mean to import it instead?[0m [1m[35m[plugin angular-compiler][0m
2025-04-16T06:05:40.7575817Z 
2025-04-16T06:05:40.7576067Z     src/app/features/auth/auth.module.ts:39:4:
2025-04-16T06:05:40.7576442Z [37m      39 ‚îÇ     [32mRegisterComponent[37m
2025-04-16T06:05:40.7576738Z          ‚ïµ     [32m~~~~~~~~~~~~~~~~~[0m
2025-04-16T06:05:40.7576752Z 
2025-04-16T06:05:40.7576772Z 
2025-04-16T06:05:40.7577711Z [31m‚úò [41;31m[[41;97mERROR[41;31m][0m [1mNG5: Argument of type 'Event' is not assignable to parameter of type 'KeyboardEvent'.
2025-04-16T06:05:40.7578865Z   Type 'Event' is missing the following properties from type 'KeyboardEvent': altKey, charCode, code, ctrlKey, and 17 more.[0m [1m[35m[plugin angular-compiler][0m
2025-04-16T06:05:40.7578882Z 
2025-04-16T06:05:40.7579167Z     src/app/features/chat/chat.component.html:286:42:
2025-04-16T06:05:40.7579683Z [37m      286 ‚îÇ             (keyup.enter)="handleEnterKey([32m$event[37m)"
2025-04-16T06:05:40.7580036Z           ‚ïµ                                           [32m~~~~~~[0m
2025-04-16T06:05:40.7580057Z 
2025-04-16T06:05:40.7580353Z   Error occurs in the template of component ChatComponent.
2025-04-16T06:05:40.7580366Z 
2025-04-16T06:05:40.7580617Z     src/app/features/chat/chat.component.ts:110:15:
2025-04-16T06:05:40.7581277Z [37m      110 ‚îÇ   templateUrl: [32m'./chat.component.html'[37m,
2025-04-16T06:05:40.7581619Z           ‚ïµ                [32m~~~~~~~~~~~~~~~~~~~~~~~[0m
2025-04-16T06:05:40.7581634Z 
2025-04-16T06:05:40.7581650Z 
2025-04-16T06:05:40.7584018Z [31m‚úò [41;31m[[41;97mERROR[41;31m][0m [1mNG5: Argument of type 'import("/home/runner/work/date-night-app2/date-night-app2/client-angular/src/app/shared/emerald/components/page-header/page-header.component").HeaderAction' is not assignable to parameter of type 'HeaderAction'.
2025-04-16T06:05:40.7585003Z   Property 'icon' is optional in type 'HeaderAction' but required in type 'HeaderAction'.[0m [1m[35m[plugin angular-compiler][0m
2025-04-16T06:05:40.7585024Z 
2025-04-16T06:05:40.7585690Z     src/app/features/list-view/list-view.component.html:8:41:
2025-04-16T06:05:40.7586253Z [37m      8 ‚îÇ       (actionClick)="onHeaderActionClick([32m$event[37m)">
2025-04-16T06:05:40.7586621Z         ‚ïµ                                          [32m~~~~~~[0m
2025-04-16T06:05:40.7586637Z 
2025-04-16T06:05:40.7586994Z   Error occurs in the template of component ListViewComponent.
2025-04-16T06:05:40.7587197Z 
2025-04-16T06:05:40.7587535Z     src/app/features/list-view/list-view.component.ts:78:15:
2025-04-16T06:05:40.7588264Z [37m      78 ‚îÇ   templateUrl: [32m'./list-view.component.html'[37m,
2025-04-16T06:05:40.7588648Z          ‚ïµ                [32m~~~~~~~~~~~~~~~~~~~~~~~~~~~~[0m
2025-04-16T06:05:40.7588665Z 
2025-04-16T06:05:40.7588673Z 
2025-04-16T06:05:40.7591050Z [31m‚úò [41;31m[[41;97mERROR[41;31m][0m [1mNG9: Type 'AbstractControl<any, any>' is missing the following properties from type 'FormControl<any>': defaultValue, registerOnChange, registerOnDisabledChange[0m [1m[35m[plugin angular-compiler][0m
2025-04-16T06:05:40.7591088Z 
2025-04-16T06:05:40.7591446Z     src/app/features/list-view/list-view.component.html:16:27:
2025-04-16T06:05:40.7592132Z [37m      16 ‚îÇ           <input matInput [[32mformControl[37m]="filterForm.controls['sear...
2025-04-16T06:05:40.7592483Z          ‚ïµ                            [32m~~~~~~~~~~~[0m
2025-04-16T06:05:40.7592508Z 
2025-04-16T06:05:40.7592837Z   Error occurs in the template of component ListViewComponent.
2025-04-16T06:05:40.7592859Z 
2025-04-16T06:05:40.7593181Z     src/app/features/list-view/list-view.component.ts:78:15:
2025-04-16T06:05:40.7593720Z [37m      78 ‚îÇ   templateUrl: [32m'./list-view.component.html'[37m,
2025-04-16T06:05:40.7594074Z          ‚ïµ                [32m~~~~~~~~~~~~~~~~~~~~~~~~~~~~[0m
2025-04-16T06:05:40.7594088Z 
2025-04-16T06:05:40.7594096Z 
2025-04-16T06:05:40.7595519Z [31m‚úò [41;31m[[41;97mERROR[41;31m][0m [1mNG2: Type '"netflix" | "list" | "compact"' is not assignable to type '"netflix" | "tinder" | "list"'.
2025-04-16T06:05:40.7596631Z   Type '"compact"' is not assignable to type '"netflix" | "tinder" | "list"'.[0m [1m[35m[plugin angular-compiler][0m
2025-04-16T06:05:40.7596654Z 
2025-04-16T06:05:40.7597003Z     src/app/features/list-view/list-view.component.html:205:15:
2025-04-16T06:05:40.7597969Z [37m      205 ‚îÇ               [[32mlayout[37m]="viewMode === 'list' ? 'list' : (viewMode ...
2025-04-16T06:05:40.7598396Z           ‚ïµ                [32m~~~~~~[0m
2025-04-16T06:05:40.7598414Z 
2025-04-16T06:05:40.7598763Z   Error occurs in the template of component ListViewComponent.
2025-04-16T06:05:40.7598776Z 
2025-04-16T06:05:40.7599105Z     src/app/features/list-view/list-view.component.ts:78:15:
2025-04-16T06:05:40.7599649Z [37m      78 ‚îÇ   templateUrl: [32m'./list-view.component.html'[37m,
2025-04-16T06:05:40.7600094Z          ‚ïµ                [32m~~~~~~~~~~~~~~~~~~~~~~~~~~~~[0m
2025-04-16T06:05:40.7600107Z 
2025-04-16T06:05:40.7600115Z 
2025-04-16T06:05:40.7601271Z [31m‚úò [41;31m[[41;97mERROR[41;31m][0m [1mTS2339: Property 'isAdvertiserOnline' does not exist on type 'Ad'.[0m [1m[35m[plugin angular-compiler][0m
2025-04-16T06:05:40.7601289Z 
2025-04-16T06:05:40.7601626Z     src/app/features/list-view/list-view.component.ts:233:33:
2025-04-16T06:05:40.7602521Z [37m      233 ‚îÇ ...sAdvertiserOnline: ad.[32misAdvertiserOnline[37m || Math.random() > 0....
2025-04-16T06:05:40.7602893Z           ‚ïµ                          [32m~~~~~~~~~~~~~~~~~~[0m
2025-04-16T06:05:40.7602908Z 
2025-04-16T06:05:40.7602916Z 
2025-04-16T06:05:40.7604200Z [31m‚úò [41;31m[[41;97mERROR[41;31m][0m [1mTS2339: Property 'isAdvertiserOnline' does not exist on type 'Ad'.[0m [1m[35m[plugin angular-compiler][0m
2025-04-16T06:05:40.7604223Z 
2025-04-16T06:05:40.7607114Z     src/app/features/list-view/list-view.component.ts:294:41:
2025-04-16T06:05:40.7607939Z [37m      294 ‚îÇ         if (filters.status.online && !ad.[32misAdvertiserOnline[37m) {
2025-04-16T06:05:40.7608487Z           ‚ïµ                                          [32m~~~~~~~~~~~~~~~~~~[0m
2025-04-16T06:05:40.7608655Z 
2025-04-16T06:05:40.7608708Z 
2025-04-16T06:05:40.7609831Z [31m‚úò [41;31m[[41;97mERROR[41;31m][0m [1mTS2339: Property 'isVerified' does not exist on type 'Ad'.[0m [1m[35m[plugin angular-compiler][0m
2025-04-16T06:05:40.7609996Z 
2025-04-16T06:05:40.7610384Z     src/app/features/list-view/list-view.component.ts:302:43:
2025-04-16T06:05:40.7611365Z [37m      302 ‚îÇ         if (filters.status.verified && !ad.[32misVerified[37m) {
2025-04-16T06:05:40.7611915Z           ‚ïµ                                            [32m~~~~~~~~~~[0m
2025-04-16T06:05:40.7612173Z 
2025-04-16T06:05:40.7612182Z 
2025-04-16T06:05:40.7613524Z [31m‚úò [41;31m[[41;97mERROR[41;31m][0m [1mNG1: Property 'advertiserImage' does not exist on type 'Ad'. Did you mean 'advertiser'?[0m [1m[35m[plugin angular-compiler][0m
2025-04-16T06:05:40.7613553Z 
2025-04-16T06:05:40.7613952Z     src/app/features/netflix-view/netflix-view.component.html:9:30:
2025-04-16T06:05:40.7614463Z [37m      9 ‚îÇ       [avatarUrl]="featuredAd.[32madvertiserImage[37m"
2025-04-16T06:05:40.7614809Z         ‚ïµ                               [32m~~~~~~~~~~~~~~~[0m
2025-04-16T06:05:40.7614822Z 
2025-04-16T06:05:40.7615190Z   Error occurs in the template of component NetflixViewComponent.
2025-04-16T06:05:40.7615204Z 
2025-04-16T06:05:40.7615821Z     src/app/features/netflix-view/netflix-view.component.ts:35:15:
2025-04-16T06:05:40.7616388Z [37m      35 ‚îÇ   templateUrl: [32m'./netflix-view.component.html'[37m,
2025-04-16T06:05:40.7616757Z          ‚ïµ                [32m~~~~~~~~~~~~~~~~~~~~~~~~~~~~~~~[0m
2025-04-16T06:05:40.7616773Z 
2025-04-16T06:05:40.7616781Z 
2025-04-16T06:05:40.7618257Z [31m‚úò [41;31m[[41;97mERROR[41;31m][0m [1mNG1: Property 'advertiserName' does not exist on type 'Ad'. Did you mean 'advertiser'?[0m [1m[35m[plugin angular-compiler][0m
2025-04-16T06:05:40.7618290Z 
2025-04-16T06:05:40.7618705Z     src/app/features/netflix-view/netflix-view.component.html:10:31:
2025-04-16T06:05:40.7619452Z [37m      10 ‚îÇ       [avatarName]="featuredAd.[32madvertiserName[37m"
2025-04-16T06:05:40.7620113Z          ‚ïµ                                [32m~~~~~~~~~~~~~~[0m
2025-04-16T06:05:40.7620208Z 
2025-04-16T06:05:40.7620632Z   Error occurs in the template of component NetflixViewComponent.
2025-04-16T06:05:40.7620647Z 
2025-04-16T06:05:40.7621041Z     src/app/features/netflix-view/netflix-view.component.ts:35:15:
2025-04-16T06:05:40.7621790Z [37m      35 ‚îÇ   templateUrl: [32m'./netflix-view.component.html'[37m,
2025-04-16T06:05:40.7622289Z          ‚ïµ                [32m~~~~~~~~~~~~~~~~~~~~~~~~~~~~~~~[0m
2025-04-16T06:05:40.7622392Z 
2025-04-16T06:05:40.7622539Z 
2025-04-16T06:05:40.7623697Z [31m‚úò [41;31m[[41;97mERROR[41;31m][0m [1mNG9: Property 'isAdvertiserOnline' does not exist on type 'Ad'.[0m [1m[35m[plugin angular-compiler][0m
2025-04-16T06:05:40.7623852Z 
2025-04-16T06:05:40.7624368Z     src/app/features/netflix-view/netflix-view.component.html:11:35:
2025-04-16T06:05:40.7625037Z [37m      11 ‚îÇ       [avatarIsOnline]="featuredAd.[32misAdvertiserOnline[37m"
2025-04-16T06:05:40.7625725Z          ‚ïµ                                    [32m~~~~~~~~~~~~~~~~~~[0m
2025-04-16T06:05:40.7625743Z 
2025-04-16T06:05:40.7626412Z   Error occurs in the template of component NetflixViewComponent.
2025-04-16T06:05:40.7626546Z 
2025-04-16T06:05:40.7627027Z     src/app/features/netflix-view/netflix-view.component.ts:35:15:
2025-04-16T06:05:40.7627606Z [37m      35 ‚îÇ   templateUrl: [32m'./netflix-view.component.html'[37m,
2025-04-16T06:05:40.7628152Z          ‚ïµ                [32m~~~~~~~~~~~~~~~~~~~~~~~~~~~~~~~[0m
2025-04-16T06:05:40.7628286Z 
2025-04-16T06:05:40.7628328Z 
2025-04-16T06:05:40.7630007Z [31m‚úò [41;31m[[41;97mERROR[41;31m][0m [1mNG3: Object literal may only specify known properties, and '"primary"' does not exist in type 'HeaderAction'.[0m [1m[35m[plugin angular-compiler][0m
2025-04-16T06:05:40.7630034Z 
2025-04-16T06:05:40.7630773Z     src/app/features/netflix-view/netflix-view.component.html:13:81:
2025-04-16T06:05:40.7631630Z [37m      13 ‚îÇ ...label: 'View Profile', icon: 'fas fa-info-circle', primary: [32mtrue[37m},
2025-04-16T06:05:40.7632217Z          ‚ïµ                                                                [32m~~~~[0m
2025-04-16T06:05:40.7632355Z 
2025-04-16T06:05:40.7632760Z   Error occurs in the template of component NetflixViewComponent.
2025-04-16T06:05:40.7632963Z 
2025-04-16T06:05:40.7633530Z     src/app/features/netflix-view/netflix-view.component.ts:35:15:
2025-04-16T06:05:40.7634272Z [37m      35 ‚îÇ   templateUrl: [32m'./netflix-view.component.html'[37m,
2025-04-16T06:05:40.7634804Z          ‚ïµ                [32m~~~~~~~~~~~~~~~~~~~~~~~~~~~~~~~[0m
2025-04-16T06:05:40.7634937Z 
2025-04-16T06:05:40.7634980Z 
2025-04-16T06:05:40.7636551Z [31m‚úò [41;31m[[41;97mERROR[41;31m][0m [1mNG2: Type 'string' is not assignable to type '"netflix" | "grid" | "masonry"'.[0m [1m[35m[plugin angular-compiler][0m
2025-04-16T06:05:40.7636745Z 
2025-04-16T06:05:40.7637337Z     src/app/features/netflix-view/netflix-view.component.html:85:15:
2025-04-16T06:05:40.7637884Z [37m      85 ‚îÇ               [[32mlayout[37m]="cardGridConfig.layout"
2025-04-16T06:05:40.7638357Z          ‚ïµ                [32m~~~~~~[0m
2025-04-16T06:05:40.7638392Z 
2025-04-16T06:05:40.7638772Z   Error occurs in the template of component NetflixViewComponent.
2025-04-16T06:05:40.7638797Z 
2025-04-16T06:05:40.7639178Z     src/app/features/netflix-view/netflix-view.component.ts:35:15:
2025-04-16T06:05:40.7639938Z [37m      35 ‚îÇ   templateUrl: [32m'./netflix-view.component.html'[37m,
2025-04-16T06:05:40.7640309Z          ‚ïµ                [32m~~~~~~~~~~~~~~~~~~~~~~~~~~~~~~~[0m
2025-04-16T06:05:40.7640325Z 
2025-04-16T06:05:40.7640333Z 
2025-04-16T06:05:40.7641636Z [31m‚úò [41;31m[[41;97mERROR[41;31m][0m [1mNG5: Argument of type 'Event' is not assignable to parameter of type '{ id: string; itemId?: string; }'.
2025-04-16T06:05:40.7642777Z   Property 'id' is missing in type 'Event' but required in type '{ id: string; itemId?: string; }'.[0m [1m[35m[plugin angular-compiler][0m
2025-04-16T06:05:40.7642942Z 
2025-04-16T06:05:40.7643427Z     src/app/features/netflix-view/netflix-view.component.html:107:46:
2025-04-16T06:05:40.7644244Z [37m      107 ‚îÇ                   (actionClick)="onCardAction([32m$event[37m, ad._id)">
2025-04-16T06:05:40.7644831Z           ‚ïµ                                               [32m~~~~~~[0m
2025-04-16T06:05:40.7644948Z 
2025-04-16T06:05:40.7645497Z   Error occurs in the template of component NetflixViewComponent.
2025-04-16T06:05:40.7645514Z 
2025-04-16T06:05:40.7645918Z     src/app/features/netflix-view/netflix-view.component.ts:35:15:
2025-04-16T06:05:40.7646796Z [37m      35 ‚îÇ   templateUrl: [32m'./netflix-view.component.html'[37m,
2025-04-16T06:05:40.7647318Z          ‚ïµ                [32m~~~~~~~~~~~~~~~~~~~~~~~~~~~~~~~[0m
2025-04-16T06:05:40.7647442Z 
2025-04-16T06:05:40.7647484Z 
2025-04-16T06:05:40.7648667Z [31m‚úò [41;31m[[41;97mERROR[41;31m][0m [1mTS2339: Property 'website' does not exist on type 'UserProfile'.[0m [1m[35m[plugin angular-compiler][0m
2025-04-16T06:05:40.7648860Z 
2025-04-16T06:05:40.7649483Z     src/app/features/profile/edit-profile.component.ts:139:26:
2025-04-16T06:05:40.7650299Z [37m      139 ‚îÇ             website: user.[32mwebsite[37m || '',
2025-04-16T06:05:40.7650819Z           ‚ïµ                           [32m~~~~~~~[0m
2025-04-16T06:05:40.7650950Z 
2025-04-16T06:05:40.7650989Z 
2025-04-16T06:05:40.7651785Z [31m‚úò [41;31m[[41;97mERROR[41;31m][0m [1mExpected "}" but found "onSubmit"[0m
2025-04-16T06:05:40.7651806Z 
2025-04-16T06:05:40.7652204Z     src/app/features/profile/profile.component.ts:12:2:
2025-04-16T06:05:40.7652700Z [37m      12 ‚îÇ   [32monSubmit[37m(): void {
2025-04-16T06:05:40.7653081Z          ‚îÇ   [32m~~~~~~~~[37m
2025-04-16T06:05:40.7653380Z          ‚ïµ   [32m}[0m
2025-04-16T06:05:40.7653406Z 
2025-04-16T06:05:40.7653414Z 
2025-04-16T06:05:40.7654201Z [31m‚úò [41;31m[[41;97mERROR[41;31m][0m [1mTS1005: ',' expected.[0m [1m[35m[plugin angular-compiler][0m
2025-04-16T06:05:40.7654347Z 
2025-04-16T06:05:40.7654684Z     src/app/features/profile/profile.component.ts:12:2:
2025-04-16T06:05:40.7655147Z [37m      12 ‚îÇ   [32monSubmit[37m(): void {
2025-04-16T06:05:40.7655635Z          ‚ïµ   [32m~~~~~~~~[0m
2025-04-16T06:05:40.7655987Z 
2025-04-16T06:05:40.7656059Z 
2025-04-16T06:05:40.7656906Z [31m‚úò [41;31m[[41;97mERROR[41;31m][0m [1mTS1005: ',' expected.[0m [1m[35m[plugin angular-compiler][0m
2025-04-16T06:05:40.7656929Z 
2025-04-16T06:05:40.7657513Z     src/app/features/profile/profile.component.ts:12:10:
2025-04-16T06:05:40.7657910Z [37m      12 ‚îÇ   onSubmit[32m([37m): void {
2025-04-16T06:05:40.7658302Z          ‚ïµ           [32m^[0m
2025-04-16T06:05:40.7658379Z 
2025-04-16T06:05:40.7658396Z 
2025-04-16T06:05:40.7659293Z [31m‚úò [41;31m[[41;97mERROR[41;31m][0m [1mTS1141: String literal expected.[0m [1m[35m[plugin angular-compiler][0m
2025-04-16T06:05:40.7659434Z 
2025-04-16T06:05:40.7659804Z     src/app/features/profile/profile.component.ts:12:10:
2025-04-16T06:05:40.7660186Z [37m      12 ‚îÇ   onSubmit[32m(): void {[37m
2025-04-16T06:05:40.7660444Z          ‚ïµ           [32m~~~~~~~~~~[0m
2025-04-16T06:05:40.7660594Z 
2025-04-16T06:05:40.7660620Z 
2025-04-16T06:05:40.7661496Z [31m‚úò [41;31m[[41;97mERROR[41;31m][0m [1mTS1005: '=>' expected.[0m [1m[35m[plugin angular-compiler][0m
2025-04-16T06:05:40.7661528Z 
2025-04-16T06:05:40.7661981Z     src/app/features/profile/profile.component.ts:12:19:
2025-04-16T06:05:40.7662448Z [37m      12 ‚îÇ   onSubmit(): void [32m{[37m
2025-04-16T06:05:40.7662815Z          ‚ïµ                    [32m^[0m
2025-04-16T06:05:40.7662923Z 
2025-04-16T06:05:40.7662962Z 
2025-04-16T06:05:40.7663957Z [31m‚úò [41;31m[[41;97mERROR[41;31m][0m [1mTS1128: Declaration or statement expected.[0m [1m[35m[plugin angular-compiler][0m
2025-04-16T06:05:40.7663975Z 
2025-04-16T06:05:40.7664415Z     src/app/features/profile/profile.component.ts:72:0:
2025-04-16T06:05:40.7664800Z [37m      72 ‚îÇ [32m}[37m from '@angular/core';
2025-04-16T06:05:40.7665127Z          ‚ïµ [32m^[0m
2025-04-16T06:05:40.7665141Z 
2025-04-16T06:05:40.7665262Z 
2025-04-16T06:05:40.7666401Z [31m‚úò [41;31m[[41;97mERROR[41;31m][0m [1mTS1434: Unexpected keyword or identifier.[0m [1m[35m[plugin angular-compiler][0m
2025-04-16T06:05:40.7666445Z 
2025-04-16T06:05:40.7666745Z     src/app/features/profile/profile.component.ts:72:2:
2025-04-16T06:05:40.7667139Z [37m      72 ‚îÇ } [32mfrom[37m '@angular/core';
2025-04-16T06:05:40.7667695Z          ‚ïµ   [32m~~~~[0m
2025-04-16T06:05:40.7667736Z 
2025-04-16T06:05:40.7667759Z 
2025-04-16T06:05:40.7668657Z [31m‚úò [41;31m[[41;97mERROR[41;31m][0m [1mTS2304: Cannot find name 'from'.[0m [1m[35m[plugin angular-compiler][0m
2025-04-16T06:05:40.7668820Z 
2025-04-16T06:05:40.7669200Z     src/app/features/profile/profile.component.ts:72:2:
2025-04-16T06:05:40.7669580Z [37m      72 ‚îÇ } [32mfrom[37m '@angular/core';
2025-04-16T06:05:40.7669925Z          ‚ïµ   [32m~~~~[0m
2025-04-16T06:05:40.7669952Z 
2025-04-16T06:05:40.7669969Z 
2025-04-16T06:05:40.7670905Z [31m‚úò [41;31m[[41;97mERROR[41;31m][0m [1mTS2304: Cannot find name 'AuthService'.[0m [1m[35m[plugin angular-compiler][0m
2025-04-16T06:05:40.7671111Z 
2025-04-16T06:05:40.7671616Z     src/app/features/profile/profile.component.ts:98:25:
2025-04-16T06:05:40.7672392Z [37m      98 ‚îÇ     private authService: [32mAuthService[37m,
2025-04-16T06:05:40.7672858Z          ‚ïµ                          [32m~~~~~~~~~~~[0m
2025-04-16T06:05:40.7673007Z 
2025-04-16T06:05:40.7673056Z 
2025-04-16T06:05:40.7674661Z [31m‚úò [41;31m[[41;97mERROR[41;31m][0m [1mTS2339: Property 'privacy' does not exist on type '{ notifications?: boolean; darkMode?: boolean; language?: string; }'.[0m [1m[35m[plugin angular-compiler][0m
2025-04-16T06:05:40.7674828Z 
2025-04-16T06:05:40.7675200Z     src/app/features/profile/profile.component.ts:146:59:
2025-04-16T06:05:40.7676201Z [37m      146 ‚îÇ ...ences.privacy': this.userProfile.preferences?.[32mprivacy[37m || 'public'
2025-04-16T06:05:40.7676592Z           ‚ïµ                                                  [32m~~~~~~~[0m
2025-04-16T06:05:40.7676770Z 
2025-04-16T06:05:40.7676830Z 
2025-04-16T06:05:40.7678133Z [31m‚úò [41;31m[[41;97mERROR[41;31m][0m [1mTS-996002: 'ProfileComponent' does not appear to be an NgModule class.[0m [1m[35m[plugin angular-compiler][0m
2025-04-16T06:05:40.7678342Z 
2025-04-16T06:05:40.7678640Z     src/app/features/profile/profile.module.ts:28:4:
2025-04-16T06:05:40.7679175Z [37m      28 ‚îÇ     [32mProfileComponent[37m,
2025-04-16T06:05:40.7679557Z          ‚ïµ     [32m~~~~~~~~~~~~~~~~[0m
2025-04-16T06:05:40.7679662Z 
2025-04-16T06:05:40.7679903Z   Is it missing an @NgModule annotation?
2025-04-16T06:05:40.7679916Z 
2025-04-16T06:05:40.7680310Z     src/app/features/profile/profile.component.ts:88:13:
2025-04-16T06:05:40.7680986Z [37m      88 ‚îÇ export class [32mProfileComponent[37m implements OnInit {
2025-04-16T06:05:40.7681439Z          ‚ïµ              [32m~~~~~~~~~~~~~~~~[0m
2025-04-16T06:05:40.7681558Z 
2025-04-16T06:05:40.7681599Z 
2025-04-16T06:05:40.7682630Z [31m‚úò [41;31m[[41;97mERROR[41;31m][0m [1mNG8002: Can't bind to 'layout' since it isn't a known property of 'emerald-skeleton-loader'.
2025-04-16T06:05:40.7683832Z 1. If 'emerald-skeleton-loader' is an Angular component and it has 'layout' input, then verify that it is included in the '@Component.imports' of this component.
2025-04-16T06:05:40.7685038Z 2. If 'emerald-skeleton-loader' is a Web Component then add 'CUSTOM_ELEMENTS_SCHEMA' to the '@Component.schemas' of this component to suppress this message.
2025-04-16T06:05:40.7686430Z 3. To allow any property add 'NO_ERRORS_SCHEMA' to the '@Component.schemas' of this component.[0m [1m[35m[plugin angular-compiler][0m
2025-04-16T06:05:40.7686482Z 
2025-04-16T06:05:40.7687921Z     src/app/features/tinder/tinder.component.html:18:8:
2025-04-16T06:05:40.7688943Z [37m      18 ‚îÇ         [32m[layout]="'tinder'"[37m>
2025-04-16T06:05:40.7690481Z          ‚ïµ         [32m~~~~~~~~~~~~~~~~~~~[0m
2025-04-16T06:05:40.7690497Z 
2025-04-16T06:05:40.7690824Z   Error occurs in the template of component TinderComponent.
2025-04-16T06:05:40.7690836Z 
2025-04-16T06:05:40.7691127Z     src/app/features/tinder/tinder.component.ts:34:15:
2025-04-16T06:05:40.7691619Z [37m      34 ‚îÇ   templateUrl: [32m'./tinder.component.html'[37m,
2025-04-16T06:05:40.7691925Z          ‚ïµ                [32m~~~~~~~~~~~~~~~~~~~~~~~~~[0m
2025-04-16T06:05:40.7691936Z 
2025-04-16T06:05:40.7691945Z 
2025-04-16T06:05:40.7692951Z [31m‚úò [41;31m[[41;97mERROR[41;31m][0m [1mNG2: Type 'number' is not assignable to type 'string'.[0m [1m[35m[plugin angular-compiler][0m
2025-04-16T06:05:40.7692964Z 
2025-04-16T06:05:40.7693237Z     src/app/features/tinder/tinder.component.html:53:9:
2025-04-16T06:05:40.7693609Z [37m      53 ‚îÇ         [[32mage[37m]="currentAd.age"
2025-04-16T06:05:40.7693841Z          ‚ïµ          [32m~~~[0m
2025-04-16T06:05:40.7693852Z 
2025-04-16T06:05:40.7694153Z   Error occurs in the template of component TinderComponent.
2025-04-16T06:05:40.7694165Z 
2025-04-16T06:05:40.7694423Z     src/app/features/tinder/tinder.component.ts:34:15:
2025-04-16T06:05:40.7695100Z [37m      34 ‚îÇ   templateUrl: [32m'./tinder.component.html'[37m,
2025-04-16T06:05:40.7695701Z          ‚ïµ                [32m~~~~~~~~~~~~~~~~~~~~~~~~~[0m
2025-04-16T06:05:40.7695717Z 
2025-04-16T06:05:40.7695725Z 
2025-04-16T06:05:40.7696845Z [31m‚úò [41;31m[[41;97mERROR[41;31m][0m [1mNG2: Type 'string' is not assignable to type '"" | "like" | "dislike"'.[0m [1m[35m[plugin angular-compiler][0m
2025-04-16T06:05:40.7696859Z 
2025-04-16T06:05:40.7697132Z     src/app/features/tinder/tinder.component.html:54:9:
2025-04-16T06:05:40.7697501Z [37m      54 ‚îÇ         [[32mstate[37m]="cardState"
2025-04-16T06:05:40.7697733Z          ‚ïµ          [32m~~~~~[0m
2025-04-16T06:05:40.7697744Z 
2025-04-16T06:05:40.7698052Z   Error occurs in the template of component TinderComponent.
2025-04-16T06:05:40.7698063Z 
2025-04-16T06:05:40.7698322Z     src/app/features/tinder/tinder.component.ts:34:15:
2025-04-16T06:05:40.7698789Z [37m      34 ‚îÇ   templateUrl: [32m'./tinder.component.html'[37m,
2025-04-16T06:05:40.7699099Z          ‚ïµ                [32m~~~~~~~~~~~~~~~~~~~~~~~~~[0m
2025-04-16T06:05:40.7699283Z 
2025-04-16T06:05:40.7699291Z 
2025-04-16T06:05:40.7700305Z [31m‚úò [41;31m[[41;97mERROR[41;31m][0m [1mNG2: Type 'number' is not assignable to type 'string'.[0m [1m[35m[plugin angular-compiler][0m
2025-04-16T06:05:40.7700321Z 
2025-04-16T06:05:40.7700599Z     src/app/features/tinder/tinder.component.html:71:9:
2025-04-16T06:05:40.7700972Z [37m      71 ‚îÇ         [[32mage[37m]="nextAd.age"
2025-04-16T06:05:40.7701239Z          ‚ïµ          [32m~~~[0m
2025-04-16T06:05:40.7701252Z 
2025-04-16T06:05:40.7701576Z   Error occurs in the template of component TinderComponent.
2025-04-16T06:05:40.7701597Z 
2025-04-16T06:05:40.7701875Z     src/app/features/tinder/tinder.component.ts:34:15:
2025-04-16T06:05:40.7702355Z [37m      34 ‚îÇ   templateUrl: [32m'./tinder.component.html'[37m,
2025-04-16T06:05:40.7702677Z          ‚ïµ                [32m~~~~~~~~~~~~~~~~~~~~~~~~~[0m
2025-04-16T06:05:40.7702690Z 
2025-04-16T06:05:40.7702697Z 
2025-04-16T06:05:40.7703618Z [31m‚úò [41;31m[[41;97mERROR[41;31m][0m [1mNG8002: Can't bind to 'value' since it isn't a known property of 'emerald-toggle'.
2025-04-16T06:05:40.7704607Z 1. If 'emerald-toggle' is an Angular component and it has 'value' input, then verify that it is included in the '@Component.imports' of this component.
2025-04-16T06:05:40.7705735Z 2. If 'emerald-toggle' is a Web Component then add 'CUSTOM_ELEMENTS_SCHEMA' to the '@Component.schemas' of this component to suppress this message.
2025-04-16T06:05:40.7706822Z 3. To allow any property add 'NO_ERRORS_SCHEMA' to the '@Component.schemas' of this component.[0m [1m[35m[plugin angular-compiler][0m
2025-04-16T06:05:40.7706838Z 
2025-04-16T06:05:40.7707144Z     src/app/features/tinder/tinder.component.html:133:16:
2025-04-16T06:05:40.7707733Z [37m      133 ‚îÇ                 [32m[value]="filterForm.get('touringOnly')?.value"[37m
2025-04-16T06:05:40.7708145Z           ‚ïµ                 [32m~~~~~~~~~~~~~~~~~~~~~~~~~~~~~~~~~~~~~~~~~~~~~~[0m
2025-04-16T06:05:40.7708170Z 
2025-04-16T06:05:40.7708494Z   Error occurs in the template of component TinderComponent.
2025-04-16T06:05:40.7708518Z 
2025-04-16T06:05:40.7708789Z     src/app/features/tinder/tinder.component.ts:34:15:
2025-04-16T06:05:40.7709284Z [37m      34 ‚îÇ   templateUrl: [32m'./tinder.component.html'[37m,
2025-04-16T06:05:40.7709602Z          ‚ïµ                [32m~~~~~~~~~~~~~~~~~~~~~~~~~[0m
2025-04-16T06:05:40.7709615Z 
2025-04-16T06:05:40.7709623Z 
2025-04-16T06:05:40.7710234Z [31m‚úò [41;31m[[41;97mERROR[41;31m][0m [1mCould not resolve "angularx-qrcode"[0m
2025-04-16T06:05:40.7710248Z 
2025-04-16T06:05:40.7710654Z     src/app/features/wallet/dialogs/deposit-dialog.component.ts:24:29:
2025-04-16T06:05:40.7711190Z [37m      24 ‚îÇ import { QRCodeModule } from [32m'angularx-qrcode'[37m;
2025-04-16T06:05:40.7711536Z          ‚ïµ                              [32m~~~~~~~~~~~~~~~~~[0m
2025-04-16T06:05:40.7711548Z 
2025-04-16T06:05:40.7712632Z   You can mark the path "angularx-qrcode" as external to exclude it from the bundle, which will remove this error and leave the unresolved path in the bundle.
2025-04-16T06:05:40.7712657Z 
2025-04-16T06:05:40.7712665Z 
2025-04-16T06:05:40.7713994Z [31m‚úò [41;31m[[41;97mERROR[41;31m][0m [1mTS2307: Cannot find module 'angularx-qrcode' or its corresponding type declarations.[0m [1m[35m[plugin angular-compiler][0m
2025-04-16T06:05:40.7714011Z 
2025-04-16T06:05:40.7714425Z     src/app/features/wallet/dialogs/deposit-dialog.component.ts:24:29:
2025-04-16T06:05:40.7714956Z [37m      24 ‚îÇ import { QRCodeModule } from [32m'angularx-qrcode'[37m;
2025-04-16T06:05:40.7715498Z          ‚ïµ                              [32m~~~~~~~~~~~~~~~~~[0m
2025-04-16T06:05:40.7715517Z 
2025-04-16T06:05:40.7715525Z 
2025-04-16T06:05:40.7716502Z [31m‚úò [41;31m[[41;97mERROR[41;31m][0m [1mTS-991010: 'imports' must be an array of components, directives, pipes, or NgModules.
2025-04-16T06:05:40.7717133Z   Value could not be determined statically.[0m [1m[35m[plugin angular-compiler][0m
2025-04-16T06:05:40.7717148Z 
2025-04-16T06:05:40.7717716Z     src/app/features/wallet/dialogs/deposit-dialog.component.ts:282:4:
2025-04-16T06:05:40.7718067Z [37m      282 ‚îÇ     [32mQRCodeModule[37m,
2025-04-16T06:05:40.7718333Z           ‚ïµ     [32m~~~~~~~~~~~~[0m
2025-04-16T06:05:40.7718346Z 
2025-04-16T06:05:40.7718494Z   Unknown reference.
2025-04-16T06:05:40.7718505Z 
2025-04-16T06:05:40.7718910Z     src/app/features/wallet/dialogs/deposit-dialog.component.ts:282:4:
2025-04-16T06:05:40.7719252Z [37m      282 ‚îÇ     [32mQRCodeModule[37m,
2025-04-16T06:05:40.7719506Z           ‚ïµ     [32m~~~~~~~~~~~~[0m
2025-04-16T06:05:40.7719518Z 
2025-04-16T06:05:40.7719526Z 
2025-04-16T06:05:40.7720349Z [31m‚úò [41;31m[[41;97mERROR[41;31m][0m [1mNG5002: Unclosed block ""[0m [1m[35m[plugin angular-compiler][0m
2025-04-16T06:05:40.7720364Z 
2025-04-16T06:05:40.7720778Z     src/app/features/wallet/dialogs/transfer-dialog.component.ts:84:46:
2025-04-16T06:05:40.7721432Z [37m      84 ‚îÇ ...           <span class="user-username">[32m@{[37m{ user.username }}</span>
2025-04-16T06:05:40.7721782Z          ‚ïµ                                           [32m~~[0m
2025-04-16T06:05:40.7721795Z 
2025-04-16T06:05:40.7721802Z 
2025-04-16T06:05:40.7722711Z [31m‚úò [41;31m[[41;97mERROR[41;31m][0m [1mNG5002: Invalid ICU message. Missing '}'.[0m [1m[35m[plugin angular-compiler][0m
2025-04-16T06:05:40.7722727Z 
2025-04-16T06:05:40.7723134Z     src/app/features/wallet/dialogs/transfer-dialog.component.ts:124:2:
2025-04-16T06:05:40.7723403Z [37m      124 ‚îÇ   [32m`[37m,
2025-04-16T06:05:40.7723585Z           ‚ïµ   [32m^[0m
2025-04-16T06:05:40.7723597Z 
2025-04-16T06:05:40.7723604Z 
2025-04-16T06:05:40.7725074Z [31m‚úò [41;31m[[41;97mERROR[41;31m][0m [1mNG5002: Unexpected character "EOF" (Do you have an unescaped "{" in your template? Use "{{ '{' }}") to escape it.)[0m [1m[35m[plugin angular-compiler][0m
2025-04-16T06:05:40.7725087Z 
2025-04-16T06:05:40.7725646Z     src/app/features/wallet/dialogs/transfer-dialog.component.ts:124:2:
2025-04-16T06:05:40.7725927Z [37m      124 ‚îÇ   [32m`[37m,
2025-04-16T06:05:40.7726106Z           ‚ïµ   [32m^[0m
2025-04-16T06:05:40.7726117Z 
2025-04-16T06:05:40.7726125Z 
2025-04-16T06:05:40.7727332Z [31m‚úò [41;31m[[41;97mERROR[41;31m][0m [1mTS2322: Type 'Observable<any[] | User[] | UserSearchResult[]>' is not assignable to type 'Observable<UserSearchResult[]>'.
2025-04-16T06:05:40.7727801Z   Type 'any[] | User[] | UserSearchResult[]' is not assignable to type 'UserSearchResult[]'.
2025-04-16T06:05:40.7728131Z     Type 'User[]' is not assignable to type 'UserSearchResult[]'.
2025-04-16T06:05:40.7729056Z       Property 'displayName' is missing in type 'User' but required in type 'UserSearchResult'.[0m [1m[35m[plugin angular-compiler][0m
2025-04-16T06:05:40.7729068Z 
2025-04-16T06:05:40.7729468Z     src/app/features/wallet/dialogs/transfer-dialog.component.ts:282:4:
2025-04-16T06:05:40.7730194Z [37m      282 ‚îÇ     [32mreturn[37m this.userService.searchUsers(query).pipe(
2025-04-16T06:05:40.7730440Z           ‚ïµ     [32m~~~~~~[0m
2025-04-16T06:05:40.7730462Z 
2025-04-16T06:05:40.7730653Z   'displayName' is declared here.
2025-04-16T06:05:40.7730665Z 
2025-04-16T06:05:40.7731070Z     src/app/features/wallet/dialogs/transfer-dialog.component.ts:31:2:
2025-04-16T06:05:40.7731412Z [37m      31 ‚îÇ   [32mdisplayName[37m: string;
2025-04-16T06:05:40.7731644Z          ‚ïµ   [32m~~~~~~~~~~~[0m
2025-04-16T06:05:40.7731656Z 
2025-04-16T06:05:40.7731663Z 
2025-04-16T06:05:40.7732244Z [31m‚úò [41;31m[[41;97mERROR[41;31m][0m [1mCould not resolve "angularx-qrcode"[0m
2025-04-16T06:05:40.7732255Z 
2025-04-16T06:05:40.7732530Z     src/app/features/wallet/wallet.component.ts:43:29:
2025-04-16T06:05:40.7733037Z [37m      43 ‚îÇ import { QRCodeModule } from [32m'angularx-qrcode'[37m;
2025-04-16T06:05:40.7733369Z          ‚ïµ                              [32m~~~~~~~~~~~~~~~~~[0m
2025-04-16T06:05:40.7733381Z 
2025-04-16T06:05:40.7734262Z   You can mark the path "angularx-qrcode" as external to exclude it from the bundle, which will remove this error and leave the unresolved path in the bundle.
2025-04-16T06:05:40.7734427Z 
2025-04-16T06:05:40.7734435Z 
2025-04-16T06:05:40.7735938Z [31m‚úò [41;31m[[41;97mERROR[41;31m][0m [1mTS2307: Cannot find module 'angularx-qrcode' or its corresponding type declarations.[0m [1m[35m[plugin angular-compiler][0m
2025-04-16T06:05:40.7735961Z 
2025-04-16T06:05:40.7736251Z     src/app/features/wallet/wallet.component.ts:43:29:
2025-04-16T06:05:40.7736824Z [37m      43 ‚îÇ import { QRCodeModule } from [32m'angularx-qrcode'[37m;
2025-04-16T06:05:40.7737184Z          ‚ïµ                              [32m~~~~~~~~~~~~~~~~~[0m
2025-04-16T06:05:40.7737201Z 
2025-04-16T06:05:40.7737209Z 
2025-04-16T06:05:40.7738172Z [31m‚úò [41;31m[[41;97mERROR[41;31m][0m [1mTS-991010: 'imports' must be an array of components, directives, pipes, or NgModules.
2025-04-16T06:05:40.7738801Z   Value could not be determined statically.[0m [1m[35m[plugin angular-compiler][0m
2025-04-16T06:05:40.7738816Z 
2025-04-16T06:05:40.7739114Z     src/app/features/wallet/wallet.component.ts:91:4:
2025-04-16T06:05:40.7739455Z [37m      91 ‚îÇ     [32mQRCodeModule[37m,
2025-04-16T06:05:40.7739706Z          ‚ïµ     [32m~~~~~~~~~~~~[0m
2025-04-16T06:05:40.7739719Z 
2025-04-16T06:05:40.7739854Z   Unknown reference.
2025-04-16T06:05:40.7739866Z 
2025-04-16T06:05:40.7740134Z     src/app/features/wallet/wallet.component.ts:91:4:
2025-04-16T06:05:40.7740460Z [37m      91 ‚îÇ     [32mQRCodeModule[37m,
2025-04-16T06:05:40.7740698Z          ‚ïµ     [32m~~~~~~~~~~~~[0m
2025-04-16T06:05:40.7740716Z 
2025-04-16T06:05:40.7740725Z 
2025-04-16T06:05:40.7741312Z [31m‚úò [41;31m[[41;97mERROR[41;31m][0m [1mCould not resolve "angularx-qrcode"[0m
2025-04-16T06:05:40.7741328Z 
2025-04-16T06:05:40.7741595Z     src/app/features/wallet/wallet.module.ts:37:29:
2025-04-16T06:05:40.7742125Z [37m      37 ‚îÇ import { QRCodeModule } from [32m'angularx-qrcode'[37m;
2025-04-16T06:05:40.7742483Z          ‚ïµ                              [32m~~~~~~~~~~~~~~~~~[0m
2025-04-16T06:05:40.7742515Z 
2025-04-16T06:05:40.7743391Z   You can mark the path "angularx-qrcode" as external to exclude it from the bundle, which will remove this error and leave the unresolved path in the bundle.
2025-04-16T06:05:40.7743407Z 
2025-04-16T06:05:40.7743415Z 
2025-04-16T06:05:40.7744748Z [31m‚úò [41;31m[[41;97mERROR[41;31m][0m [1mTS2307: Cannot find module 'angularx-qrcode' or its corresponding type declarations.[0m [1m[35m[plugin angular-compiler][0m
2025-04-16T06:05:40.7744765Z 
2025-04-16T06:05:40.7745020Z     src/app/features/wallet/wallet.module.ts:37:29:
2025-04-16T06:05:40.7745738Z [37m      37 ‚îÇ import { QRCodeModule } from [32m'angularx-qrcode'[37m;
2025-04-16T06:05:40.7746098Z          ‚ïµ                              [32m~~~~~~~~~~~~~~~~~[0m
2025-04-16T06:05:40.7746110Z 
2025-04-16T06:05:40.7746118Z 
2025-04-16T06:05:40.7747248Z [31m‚úò [41;31m[[41;97mERROR[41;31m][0m [1mTS-991010: Value at position 26 in the NgModule.imports of WalletModule is not a reference
2025-04-16T06:05:40.7747867Z   Value could not be determined statically.[0m [1m[35m[plugin angular-compiler][0m
2025-04-16T06:05:40.7747882Z 
2025-04-16T06:05:40.7748148Z     src/app/features/wallet/wallet.module.ts:62:11:
2025-04-16T06:05:40.7748453Z [37m      62 ‚îÇ   imports: [32m[[37m
2025-04-16T06:05:40.7748681Z          ‚ïµ            [32m^[0m
2025-04-16T06:05:40.7748699Z 
2025-04-16T06:05:40.7748832Z   Unknown reference.
2025-04-16T06:05:40.7748844Z 
2025-04-16T06:05:40.7749085Z     src/app/features/wallet/wallet.module.ts:89:4:
2025-04-16T06:05:40.7749411Z [37m      89 ‚îÇ     [32mQRCodeModule[37m,
2025-04-16T06:05:40.7749651Z          ‚ïµ     [32m~~~~~~~~~~~~[0m
2025-04-16T06:05:40.7749662Z 
2025-04-16T06:05:40.7749670Z 
2025-04-16T06:05:40.7751304Z [31m‚úò [41;31m[[41;97mERROR[41;31m][0m [1mTS-996008: Component CardGridComponent is standalone, and cannot be declared in an NgModule. Did you mean to import it instead?[0m [1m[35m[plugin angular-compiler][0m
2025-04-16T06:05:40.7751324Z 
2025-04-16T06:05:40.7751736Z     src/app/shared/emerald/emerald.module.ts:55:4:
2025-04-16T06:05:40.7752106Z [37m      55 ‚îÇ     [32mCardGridComponent[37m,
2025-04-16T06:05:40.7752578Z          ‚ïµ     [32m~~~~~~~~~~~~~~~~~[0m
2025-04-16T06:05:40.7752595Z 
2025-04-16T06:05:40.7752603Z 
2025-04-16T06:05:40.7754624Z [31m‚úò [41;31m[[41;97mERROR[41;31m][0m [1mTS-996008: Component FloatingActionButtonComponent is standalone, and cannot be declared in an NgModule. Did you mean to import it instead?[0m [1m[35m[plugin angular-compiler][0m
2025-04-16T06:05:40.7754640Z 
2025-04-16T06:05:40.7754894Z     src/app/shared/emerald/emerald.module.ts:56:4:
2025-04-16T06:05:40.7755515Z [37m      56 ‚îÇ     [32mFloatingActionButtonComponent[37m
2025-04-16T06:05:40.7755817Z          ‚ïµ     [32m~~~~~~~~~~~~~~~~~~~~~~~~~~~~~[0m
2025-04-16T06:05:40.7755829Z 
2025-04-16T06:05:40.7755836Z 
2025-04-16T06:05:40.7757048Z [31m‚úò [41;31m[[41;97mERROR[41;31m][0m [1mTS-996004: Can't be exported from this NgModule, as it must be imported first[0m [1m[35m[plugin angular-compiler][0m
2025-04-16T06:05:40.7757073Z 
2025-04-16T06:05:40.7757324Z     src/app/shared/emerald/emerald.module.ts:83:4:
2025-04-16T06:05:40.7757693Z [37m      83 ‚îÇ     [32mCardGridComponent[37m,
2025-04-16T06:05:40.7757958Z          ‚ïµ     [32m~~~~~~~~~~~~~~~~~[0m
2025-04-16T06:05:40.7757971Z 
2025-04-16T06:05:40.7757978Z 
2025-04-16T06:05:40.7759169Z [31m‚úò [41;31m[[41;97mERROR[41;31m][0m [1mTS-996004: Can't be exported from this NgModule, as it must be imported first[0m [1m[35m[plugin angular-compiler][0m
2025-04-16T06:05:40.7759186Z 
2025-04-16T06:05:40.7759431Z     src/app/shared/emerald/emerald.module.ts:85:4:
2025-04-16T06:05:40.7759865Z [37m      85 ‚îÇ     [32mFloatingActionButtonComponent[37m
2025-04-16T06:05:40.7760160Z          ‚ïµ     [32m~~~~~~~~~~~~~~~~~~~~~~~~~~~~~[0m
2025-04-16T06:05:40.7760174Z 
2025-04-16T06:05:40.7760182Z 
2025-04-16T06:05:40.7761003Z [31m‚úò [41;31m[[41;97mERROR[41;31m][0m [1mTwo forwarded modules both define a variable named $primary-100.
2025-04-16T06:05:40.7761164Z     ‚ï∑
2025-04-16T06:05:40.7761568Z 5   ‚îÇ @forward '../../app/core/design/design-tokens';
2025-04-16T06:05:40.7761983Z     ‚îÇ ‚îÅ‚îÅ‚îÅ‚îÅ‚îÅ‚îÅ‚îÅ‚îÅ‚îÅ‚îÅ‚îÅ‚îÅ‚îÅ‚îÅ‚îÅ‚îÅ‚îÅ‚îÅ‚îÅ‚îÅ‚îÅ‚îÅ‚îÅ‚îÅ‚îÅ‚îÅ‚îÅ‚îÅ‚îÅ‚îÅ‚îÅ‚îÅ‚îÅ‚îÅ‚îÅ‚îÅ‚îÅ‚îÅ‚îÅ‚îÅ‚îÅ‚îÅ‚îÅ‚îÅ‚îÅ‚îÅ original @forward
2025-04-16T06:05:40.7762129Z ... ‚îÇ
2025-04-16T06:05:40.7762467Z 7   ‚îÇ @forward '../../app/core/design/main';
2025-04-16T06:05:40.7762772Z     ‚îÇ ^^^^^^^^^^^^^^^^^^^^^^^^^^^^^^^^^^^^^ new @forward
2025-04-16T06:05:40.7762912Z     ‚ïµ
2025-04-16T06:05:40.7763160Z   src/styles/design-system/index.scss 7:1  @use
2025-04-16T06:05:40.7763771Z   src/styles/main.scss 5:1                 root stylesheet[0m [1m[35m[plugin angular-sass][0m
2025-04-16T06:05:40.7763786Z 
2025-04-16T06:05:40.7763980Z     angular:styles/global:styles:1:8:
2025-04-16T06:05:40.7764387Z [37m      1 ‚îÇ @import [32m'src/styles/main.scss'[37m;
2025-04-16T06:05:40.7764680Z         ‚ïµ         [32m~~~~~~~~~~~~~~~~~~~~~~[0m
2025-04-16T06:05:40.7764892Z 
2025-04-16T06:05:40.7765072Z [39m[22m
2025-04-16T06:05:40.8922672Z npm error Lifecycle script `build` failed with error:
2025-04-16T06:05:40.8924125Z npm error code 1
2025-04-16T06:05:40.8924742Z npm error path /home/runner/work/date-night-app2/date-night-app2/client-angular
2025-04-16T06:05:40.8925110Z npm error workspace client-angular@0.0.0
2025-04-16T06:05:40.8930934Z npm error location /home/runner/work/date-night-app2/date-night-app2/client-angular
2025-04-16T06:05:40.8931165Z npm error command failed
2025-04-16T06:05:40.8931501Z npm error command sh -c ng build client-angular
2025-04-16T06:05:40.9077615Z ##[error]The process '/opt/hostedtoolcache/node/22.14.0/x64/bin/npm' failed with exit code 1
2025-04-16T06:05:40.9209880Z ##[group]Run actions/upload-artifact@v4
2025-04-16T06:05:40.9209968Z with:
2025-04-16T06:05:40.9210073Z   name: cypress-screenshots
2025-04-16T06:05:40.9210182Z   path: ./client-angular/cypress/screenshots
2025-04-16T06:05:40.9210268Z   if-no-files-found: warn
2025-04-16T06:05:40.9210346Z   compression-level: 6
2025-04-16T06:05:40.9210588Z   overwrite: false
2025-04-16T06:05:40.9210678Z   include-hidden-files: false
2025-04-16T06:05:40.9210741Z env:
2025-04-16T06:05:40.9210807Z   CI: 1
2025-04-16T06:05:40.9210936Z   CYPRESS_CACHE_FOLDER: /home/runner/.cache/Cypress
2025-04-16T06:05:40.9211027Z   npm_config_cache: /home/runner/.npm
2025-04-16T06:05:40.9211094Z ##[endgroup]
2025-04-16T06:05:41.1557268Z ##[warning]No files were found with the provided path: ./client-angular/cypress/screenshots. No artifacts will be uploaded.
2025-04-16T06:05:41.1701956Z Post job cleanup.
2025-04-16T06:05:41.2631544Z [command]/usr/bin/git version
2025-04-16T06:05:41.2672873Z git version 2.49.0
2025-04-16T06:05:41.2719215Z Temporarily overriding HOME='/home/runner/work/_temp/e5a3e253-6f22-4599-bcd0-fd39733af0e5' before making global git config changes
2025-04-16T06:05:41.2721254Z Adding repository directory to the temporary git global config as a safe directory
2025-04-16T06:05:41.2726428Z [command]/usr/bin/git config --global --add safe.directory /home/runner/work/date-night-app2/date-night-app2
2025-04-16T06:05:41.2769649Z [command]/usr/bin/git config --local --name-only --get-regexp core\.sshCommand
2025-04-16T06:05:41.2807277Z [command]/usr/bin/git submodule foreach --recursive sh -c "git config --local --name-only --get-regexp 'core\.sshCommand' && git config --local --unset-all 'core.sshCommand' || :"
2025-04-16T06:05:41.3112282Z [command]/usr/bin/git config --local --name-only --get-regexp http\.https\:\/\/github\.com\/\.extraheader
2025-04-16T06:05:41.3135717Z http.https://github.com/.extraheader
2025-04-16T06:05:41.3151263Z [command]/usr/bin/git config --local --unset-all http.https://github.com/.extraheader
2025-04-16T06:05:41.3185924Z [command]/usr/bin/git submodule foreach --recursive sh -c "git config --local --name-only --get-regexp 'http\.https\:\/\/github\.com\/\.extraheader' && git config --local --unset-all 'http.https://github.com/.extraheader' || :"
2025-04-16T06:05:41.3525835Z Cleaning up orphan processes
