2025-04-16T08:42:07.4469329Z Current runner version: '2.323.0'
2025-04-16T08:42:07.4503956Z ##[group]Operating System
2025-04-16T08:42:07.4505273Z Ubuntu
2025-04-16T08:42:07.4505988Z 24.04.2
2025-04-16T08:42:07.4506730Z LTS
2025-04-16T08:42:07.4507671Z ##[endgroup]
2025-04-16T08:42:07.4508555Z ##[group]Runner Image
2025-04-16T08:42:07.4509767Z Image: ubuntu-24.04
2025-04-16T08:42:07.4510785Z Version: 20250406.1.0
2025-04-16T08:42:07.4512586Z Included Software: https://github.com/actions/runner-images/blob/ubuntu24/20250406.1/images/ubuntu/Ubuntu2404-Readme.md
2025-04-16T08:42:07.4515241Z Image Release: https://github.com/actions/runner-images/releases/tag/ubuntu24%2F20250406.1
2025-04-16T08:42:07.4517015Z ##[endgroup]
2025-04-16T08:42:07.4517876Z ##[group]Runner Image Provisioner
2025-04-16T08:42:07.4518925Z 2.0.422.1
2025-04-16T08:42:07.4519979Z ##[endgroup]
2025-04-16T08:42:07.4521848Z ##[group]GITHUB_TOKEN Permissions
2025-04-16T08:42:07.4524515Z Contents: read
2025-04-16T08:42:07.4525578Z Metadata: read
2025-04-16T08:42:07.4526611Z Packages: read
2025-04-16T08:42:07.4527709Z ##[endgroup]
2025-04-16T08:42:07.4531241Z Secret source: Actions
2025-04-16T08:42:07.4532433Z Prepare workflow directory
2025-04-16T08:42:07.5215180Z Prepare all required actions
2025-04-16T08:42:07.5273991Z Getting action download info
2025-04-16T08:42:08.1798125Z ##[group]Download immutable action package 'actions/checkout@v4'
2025-04-16T08:42:08.1799299Z Version: 4.2.2
2025-04-16T08:42:08.1800616Z Digest: sha256:ccb2698953eaebd21c7bf6268a94f9c26518a7e38e27e0b83c1fe1ad049819b1
2025-04-16T08:42:08.1802127Z Source commit SHA: 11bd71901bbe5b1630ceea73d27597364c9af683
2025-04-16T08:42:08.1802952Z ##[endgroup]
2025-04-16T08:42:08.2724712Z ##[group]Download immutable action package 'actions/setup-node@v4'
2025-04-16T08:42:08.2725616Z Version: 4.4.0
2025-04-16T08:42:08.2726575Z Digest: sha256:9427cefe82346e992fb5b949e3569b39d537ae41aa3086483b14eceebfc16bc1
2025-04-16T08:42:08.2727739Z Source commit SHA: 49933ea5288caeca8642d1e84afbd3f7d6820020
2025-04-16T08:42:08.2728524Z ##[endgroup]
2025-04-16T08:42:08.6154268Z Download action repository 'cypress-io/github-action@v6' (SHA:108b8684ae52e735ff7891524cbffbcd4be5b19f)
2025-04-16T08:42:09.2940623Z ##[group]Download immutable action package 'actions/upload-artifact@v4'
2025-04-16T08:42:09.2941801Z Version: 4.6.2
2025-04-16T08:42:09.2942838Z Digest: sha256:290722aa3281d5caf23d0acdc3dbeb3424786a1a01a9cc97e72f147225e37c38
2025-04-16T08:42:09.2944339Z Source commit SHA: ea165f8d65b6e75b540449e92b4886f43607fa02
2025-04-16T08:42:09.2945335Z ##[endgroup]
2025-04-16T08:42:09.5273432Z Complete job name: e2e (22.x)
2025-04-16T08:42:09.5953416Z ##[group]Run actions/checkout@v4
2025-04-16T08:42:09.5954727Z with:
2025-04-16T08:42:09.5955509Z   repository: mrkurger/date-night-app2
2025-04-16T08:42:09.5956800Z   token: ***
2025-04-16T08:42:09.5957537Z   ssh-strict: true
2025-04-16T08:42:09.5958294Z   ssh-user: git
2025-04-16T08:42:09.5959071Z   persist-credentials: true
2025-04-16T08:42:09.5960124Z   clean: true
2025-04-16T08:42:09.5960914Z   sparse-checkout-cone-mode: true
2025-04-16T08:42:09.5961892Z   fetch-depth: 1
2025-04-16T08:42:09.5962647Z   fetch-tags: false
2025-04-16T08:42:09.5963424Z   show-progress: true
2025-04-16T08:42:09.5964228Z   lfs: false
2025-04-16T08:42:09.5964975Z   submodules: false
2025-04-16T08:42:09.5965758Z   set-safe-directory: true
2025-04-16T08:42:09.5966878Z ##[endgroup]
2025-04-16T08:42:09.7917474Z Syncing repository: mrkurger/date-night-app2
2025-04-16T08:42:09.7921707Z ##[group]Getting Git version info
2025-04-16T08:42:09.7924173Z Working directory is '/home/runner/work/date-night-app2/date-night-app2'
2025-04-16T08:42:09.7927572Z [command]/usr/bin/git version
2025-04-16T08:42:09.7929882Z git version 2.49.0
2025-04-16T08:42:09.7956476Z ##[endgroup]
2025-04-16T08:42:09.7972961Z Temporarily overriding HOME='/home/runner/work/_temp/318d5f1c-c3ad-4fd9-b376-2abdb37f718e' before making global git config changes
2025-04-16T08:42:09.7980141Z Adding repository directory to the temporary git global config as a safe directory
2025-04-16T08:42:09.7984671Z [command]/usr/bin/git config --global --add safe.directory /home/runner/work/date-night-app2/date-night-app2
2025-04-16T08:42:09.8037145Z Deleting the contents of '/home/runner/work/date-night-app2/date-night-app2'
2025-04-16T08:42:09.8043104Z ##[group]Initializing the repository
2025-04-16T08:42:09.8048161Z [command]/usr/bin/git init /home/runner/work/date-night-app2/date-night-app2
2025-04-16T08:42:09.8118378Z hint: Using 'master' as the name for the initial branch. This default branch name
2025-04-16T08:42:09.8122326Z hint: is subject to change. To configure the initial branch name to use in all
2025-04-16T08:42:09.8126807Z hint: of your new repositories, which will suppress this warning, call:
2025-04-16T08:42:09.8129071Z hint:
2025-04-16T08:42:09.8131124Z hint: 	git config --global init.defaultBranch <name>
2025-04-16T08:42:09.8133164Z hint:
2025-04-16T08:42:09.8135042Z hint: Names commonly chosen instead of 'master' are 'main', 'trunk' and
2025-04-16T08:42:09.8138416Z hint: 'development'. The just-created branch can be renamed via this command:
2025-04-16T08:42:09.8141376Z hint:
2025-04-16T08:42:09.8142648Z hint: 	git branch -m <name>
2025-04-16T08:42:09.8146078Z Initialized empty Git repository in /home/runner/work/date-night-app2/date-night-app2/.git/
2025-04-16T08:42:09.8151788Z [command]/usr/bin/git remote add origin https://github.com/mrkurger/date-night-app2
2025-04-16T08:42:09.8181083Z ##[endgroup]
2025-04-16T08:42:09.8183533Z ##[group]Disabling automatic garbage collection
2025-04-16T08:42:09.8186872Z [command]/usr/bin/git config --local gc.auto 0
2025-04-16T08:42:09.8221456Z ##[endgroup]
2025-04-16T08:42:09.8223679Z ##[group]Setting up auth
2025-04-16T08:42:09.8231566Z [command]/usr/bin/git config --local --name-only --get-regexp core\.sshCommand
2025-04-16T08:42:09.8264700Z [command]/usr/bin/git submodule foreach --recursive sh -c "git config --local --name-only --get-regexp 'core\.sshCommand' && git config --local --unset-all 'core.sshCommand' || :"
2025-04-16T08:42:09.8563817Z [command]/usr/bin/git config --local --name-only --get-regexp http\.https\:\/\/github\.com\/\.extraheader
2025-04-16T08:42:09.8607999Z [command]/usr/bin/git submodule foreach --recursive sh -c "git config --local --name-only --get-regexp 'http\.https\:\/\/github\.com\/\.extraheader' && git config --local --unset-all 'http.https://github.com/.extraheader' || :"
2025-04-16T08:42:09.8839282Z [command]/usr/bin/git config --local http.https://github.com/.extraheader AUTHORIZATION: basic ***
2025-04-16T08:42:09.8895409Z ##[endgroup]
2025-04-16T08:42:09.8900094Z ##[group]Fetching the repository
2025-04-16T08:42:09.8906781Z [command]/usr/bin/git -c protocol.version=2 fetch --no-tags --prune --no-recurse-submodules --depth=1 origin +aa89cbc78c7760448b85371e4e32b3d9e1c01bff:refs/remotes/origin/main
2025-04-16T08:42:12.7081183Z From https://github.com/mrkurger/date-night-app2
2025-04-16T08:42:12.7083253Z  * [new ref]         aa89cbc78c7760448b85371e4e32b3d9e1c01bff -> origin/main
2025-04-16T08:42:12.7127565Z ##[endgroup]
2025-04-16T08:42:12.7128596Z ##[group]Determining the checkout info
2025-04-16T08:42:12.7129774Z ##[endgroup]
2025-04-16T08:42:12.7134980Z [command]/usr/bin/git sparse-checkout disable
2025-04-16T08:42:12.7185662Z [command]/usr/bin/git config --local --unset-all extensions.worktreeConfig
2025-04-16T08:42:12.7239673Z ##[group]Checking out the ref
2025-04-16T08:42:12.7246326Z [command]/usr/bin/git checkout --progress --force -B main refs/remotes/origin/main
2025-04-16T08:42:13.1625818Z Switched to a new branch 'main'
2025-04-16T08:42:13.1626586Z branch 'main' set up to track 'origin/main'.
2025-04-16T08:42:13.1658073Z ##[endgroup]
2025-04-16T08:42:13.1723730Z [command]/usr/bin/git log -1 --format=%H
2025-04-16T08:42:13.1756136Z aa89cbc78c7760448b85371e4e32b3d9e1c01bff
2025-04-16T08:42:13.1999996Z ##[group]Run actions/setup-node@v4
2025-04-16T08:42:13.2000500Z with:
2025-04-16T08:42:13.2000763Z   node-version: 22.x
2025-04-16T08:42:13.2001066Z   cache: npm
2025-04-16T08:42:13.2001376Z   cache-dependency-path: client-angular/package-lock.json
2025-04-16T08:42:13.2002144Z   always-auth: false
2025-04-16T08:42:13.2002405Z   check-latest: false
2025-04-16T08:42:13.2002829Z   token: ***
2025-04-16T08:42:13.2003183Z ##[endgroup]
2025-04-16T08:42:13.3752070Z Found in cache @ /opt/hostedtoolcache/node/22.14.0/x64
2025-04-16T08:42:13.3760778Z ##[group]Environment details
2025-04-16T08:42:13.7746466Z node: v22.14.0
2025-04-16T08:42:13.7751502Z npm: 10.9.2
2025-04-16T08:42:13.7751855Z yarn: 1.22.22
2025-04-16T08:42:13.7752630Z ##[endgroup]
2025-04-16T08:42:13.7774980Z [command]/opt/hostedtoolcache/node/22.14.0/x64/bin/npm config get cache
2025-04-16T08:42:13.9329184Z /home/runner/.npm
2025-04-16T08:42:14.2807138Z Cache hit for: node-cache-Linux-x64-npm-eed186788acb99c392cc79891935d042040413390720b7932c16d8b7ca478e8b
2025-04-16T08:42:15.6011353Z Received 0 of 69351304 (0.0%), 0.0 MBs/sec
2025-04-16T08:42:16.3767345Z Received 69351304 of 69351304 (100.0%), 37.2 MBs/sec
2025-04-16T08:42:16.3769563Z Cache Size: ~66 MB (69351304 B)
2025-04-16T08:42:16.3898763Z [command]/usr/bin/tar -xf /home/runner/work/_temp/0aa2142c-ec97-4f4c-9f45-f79a3136f9f0/cache.tzst -P -C /home/runner/work/date-night-app2/date-night-app2 --use-compress-program unzstd
2025-04-16T08:42:16.7006398Z Cache restored successfully
2025-04-16T08:42:16.7161730Z Cache restored from key: node-cache-Linux-x64-npm-eed186788acb99c392cc79891935d042040413390720b7932c16d8b7ca478e8b
2025-04-16T08:42:16.7316120Z ##[group]Run npm ci
2025-04-16T08:42:16.7316402Z [36;1mnpm ci[0m
2025-04-16T08:42:16.7368042Z shell: /usr/bin/bash -e {0}
2025-04-16T08:42:16.7368294Z ##[endgroup]
2025-04-16T08:42:21.9652589Z npm warn deprecated inflight@1.0.6: This module is not supported, and leaks memory. Do not use it. Check out lru-cache if you want a good and tested way to coalesce async requests by a key value, which is much more comprehensive and powerful.
2025-04-16T08:42:22.3004636Z npm warn deprecated rimraf@3.0.2: Rimraf versions prior to v4 are no longer supported
2025-04-16T08:42:22.3294325Z npm warn deprecated abab@2.0.6: Use your platform's native atob() and btoa() methods instead
2025-04-16T08:42:22.5475474Z npm warn deprecated glob@7.2.3: Glob versions prior to v9 are no longer supported
2025-04-16T08:42:22.7083343Z npm warn deprecated domexception@4.0.0: Use your platform's native DOMException instead
2025-04-16T08:42:23.7108146Z npm warn deprecated @humanwhocodes/config-array@0.11.14: Use @eslint/config-array instead
2025-04-16T08:42:23.7401513Z npm warn deprecated @humanwhocodes/object-schema@2.0.3: Use @eslint/object-schema instead
2025-04-16T08:42:28.2456838Z npm warn deprecated eslint@8.56.0: This version is no longer supported. Please see https://eslint.org/version-support for other options.
2025-04-16T08:42:42.3215971Z 
2025-04-16T08:42:42.3216981Z > date-night-app@1.0.0 prepare
2025-04-16T08:42:42.3217453Z > husky
2025-04-16T08:42:42.3217625Z 
2025-04-16T08:42:42.3366023Z sh: 1: husky: not found
2025-04-16T08:42:42.3401220Z npm error code 127
2025-04-16T08:42:42.3424929Z npm error path /home/runner/work/date-night-app2/date-night-app2
2025-04-16T08:42:42.3429050Z npm error command failed
2025-04-16T08:42:42.3430134Z npm error command sh -c husky
2025-04-16T08:42:42.3449124Z npm error A complete log of this run can be found in: /home/runner/.npm/_logs/2025-04-16T08_42_16_797Z-debug-0.log
2025-04-16T08:42:42.4390372Z ##[error]Process completed with exit code 127.
2025-04-16T08:42:42.4468856Z ##[group]Run actions/upload-artifact@v4
2025-04-16T08:42:42.4469143Z with:
2025-04-16T08:42:42.4469333Z   name: cypress-screenshots
2025-04-16T08:42:42.4469757Z   path: ./client-angular/cypress/screenshots
2025-04-16T08:42:42.4470033Z   if-no-files-found: warn
2025-04-16T08:42:42.4470247Z   compression-level: 6
2025-04-16T08:42:42.4470453Z   overwrite: false
2025-04-16T08:42:42.4470661Z   include-hidden-files: false
2025-04-16T08:42:42.4470881Z ##[endgroup]
2025-04-16T08:42:42.6789806Z ##[warning]No files were found with the provided path: ./client-angular/cypress/screenshots. No artifacts will be uploaded.
2025-04-16T08:42:42.6967479Z Post job cleanup.
2025-04-16T08:42:42.7930939Z [command]/usr/bin/git version
2025-04-16T08:42:42.7971854Z git version 2.49.0
2025-04-16T08:42:42.8019179Z Temporarily overriding HOME='/home/runner/work/_temp/d993684e-7d96-494b-bff3-096d2111c69c' before making global git config changes
2025-04-16T08:42:42.8022945Z Adding repository directory to the temporary git global config as a safe directory
2025-04-16T08:42:42.8026373Z [command]/usr/bin/git config --global --add safe.directory /home/runner/work/date-night-app2/date-night-app2
2025-04-16T08:42:42.8072431Z [command]/usr/bin/git config --local --name-only --get-regexp core\.sshCommand
2025-04-16T08:42:42.8109220Z [command]/usr/bin/git submodule foreach --recursive sh -c "git config --local --name-only --get-regexp 'core\.sshCommand' && git config --local --unset-all 'core.sshCommand' || :"
2025-04-16T08:42:42.8355413Z [command]/usr/bin/git config --local --name-only --get-regexp http\.https\:\/\/github\.com\/\.extraheader
2025-04-16T08:42:42.8379796Z http.https://github.com/.extraheader
2025-04-16T08:42:42.8395460Z [command]/usr/bin/git config --local --unset-all http.https://github.com/.extraheader
2025-04-16T08:42:42.8431101Z [command]/usr/bin/git submodule foreach --recursive sh -c "git config --local --name-only --get-regexp 'http\.https\:\/\/github\.com\/\.extraheader' && git config --local --unset-all 'http.https://github.com/.extraheader' || :"
2025-04-16T08:42:42.8777992Z Cleaning up orphan processes
