2025-04-17T00:30:07.0363349Z Current runner version: '2.323.0'
2025-04-17T00:30:07.0424086Z ##[group]Operating System
2025-04-17T00:30:07.0425110Z Ubuntu
2025-04-17T00:30:07.0425773Z 24.04.2
2025-04-17T00:30:07.0426574Z LTS
2025-04-17T00:30:07.0427258Z ##[endgroup]
2025-04-17T00:30:07.0428246Z ##[group]Runner Image
2025-04-17T00:30:07.0429231Z Image: ubuntu-24.04
2025-04-17T00:30:07.0429958Z Version: 20250413.1.0
2025-04-17T00:30:07.0431597Z Included Software: https://github.com/actions/runner-images/blob/ubuntu24/20250413.1/images/ubuntu/Ubuntu2404-Readme.md
2025-04-17T00:30:07.0434235Z Image Release: https://github.com/actions/runner-images/releases/tag/ubuntu24%2F20250413.1
2025-04-17T00:30:07.0435808Z ##[endgroup]
2025-04-17T00:30:07.0436676Z ##[group]Runner Image Provisioner
2025-04-17T00:30:07.0437661Z 2.0.422.1
2025-04-17T00:30:07.0438659Z ##[endgroup]
2025-04-17T00:30:07.0440243Z ##[group]GITHUB_TOKEN Permissions
2025-04-17T00:30:07.0442745Z Actions: read
2025-04-17T00:30:07.0443524Z Contents: write
2025-04-17T00:30:07.0444515Z Metadata: read
2025-04-17T00:30:07.0445321Z ##[endgroup]
2025-04-17T00:30:07.0448292Z Secret source: Actions
2025-04-17T00:30:07.0449557Z Prepare workflow directory
2025-04-17T00:30:07.1202700Z Prepare all required actions
2025-04-17T00:30:07.1253186Z Getting action download info
2025-04-17T00:30:07.6560970Z ##[group]Download immutable action package 'actions/checkout@v4'
2025-04-17T00:30:07.6561977Z Version: 4.2.2
2025-04-17T00:30:07.6562884Z Digest: sha256:ccb2698953eaebd21c7bf6268a94f9c26518a7e38e27e0b83c1fe1ad049819b1
2025-04-17T00:30:07.6563903Z Source commit SHA: 11bd71901bbe5b1630ceea73d27597364c9af683
2025-04-17T00:30:07.6564633Z ##[endgroup]
2025-04-17T00:30:07.7370954Z ##[group]Download immutable action package 'actions/setup-node@v4'
2025-04-17T00:30:07.7371654Z Version: 4.4.0
2025-04-17T00:30:07.7372317Z Digest: sha256:9427cefe82346e992fb5b949e3569b39d537ae41aa3086483b14eceebfc16bc1
2025-04-17T00:30:07.7373282Z Source commit SHA: 49933ea5288caeca8642d1e84afbd3f7d6820020
2025-04-17T00:30:07.7373935Z ##[endgroup]
2025-04-17T00:30:08.0386387Z Complete job name: sync-error-logs
2025-04-17T00:30:08.0985941Z ##[group]Run actions/checkout@v4
2025-04-17T00:30:08.0986691Z with:
2025-04-17T00:30:08.0987043Z   fetch-depth: 0
2025-04-17T00:30:08.0987553Z   token: ***
2025-04-17T00:30:08.0988110Z   repository: mrkurger/date-night-app2
2025-04-17T00:30:08.0988583Z   ssh-strict: true
2025-04-17T00:30:08.0988954Z   ssh-user: git
2025-04-17T00:30:08.0989315Z   persist-credentials: true
2025-04-17T00:30:08.0989730Z   clean: true
2025-04-17T00:30:08.0990100Z   sparse-checkout-cone-mode: true
2025-04-17T00:30:08.0990796Z   fetch-tags: false
2025-04-17T00:30:08.0991259Z   show-progress: true
2025-04-17T00:30:08.0991673Z   lfs: false
2025-04-17T00:30:08.0992005Z   submodules: false
2025-04-17T00:30:08.0992376Z   set-safe-directory: true
2025-04-17T00:30:08.0993038Z env:
2025-04-17T00:30:08.0993370Z   CI: true
2025-04-17T00:30:08.0993706Z ##[endgroup]
2025-04-17T00:30:08.2565536Z Syncing repository: mrkurger/date-night-app2
2025-04-17T00:30:08.2568322Z ##[group]Getting Git version info
2025-04-17T00:30:08.2569693Z Working directory is '/home/runner/work/date-night-app2/date-night-app2'
2025-04-17T00:30:08.2571634Z [command]/usr/bin/git version
2025-04-17T00:30:08.2617275Z git version 2.49.0
2025-04-17T00:30:08.2646596Z ##[endgroup]
2025-04-17T00:30:08.2659924Z Temporarily overriding HOME='/home/runner/work/_temp/d2d7798e-3c0b-4dee-b03a-9595160c673f' before making global git config changes
2025-04-17T00:30:08.2665116Z Adding repository directory to the temporary git global config as a safe directory
2025-04-17T00:30:08.2668725Z [command]/usr/bin/git config --global --add safe.directory /home/runner/work/date-night-app2/date-night-app2
2025-04-17T00:30:08.2699712Z Deleting the contents of '/home/runner/work/date-night-app2/date-night-app2'
2025-04-17T00:30:08.2703943Z ##[group]Initializing the repository
2025-04-17T00:30:08.2708846Z [command]/usr/bin/git init /home/runner/work/date-night-app2/date-night-app2
2025-04-17T00:30:08.2764293Z hint: Using 'master' as the name for the initial branch. This default branch name
2025-04-17T00:30:08.2766652Z hint: is subject to change. To configure the initial branch name to use in all
2025-04-17T00:30:08.2768748Z hint: of your new repositories, which will suppress this warning, call:
2025-04-17T00:30:08.2770509Z hint:
2025-04-17T00:30:08.2772043Z hint: 	git config --global init.defaultBranch <name>
2025-04-17T00:30:08.2774503Z hint:
2025-04-17T00:30:08.2775449Z hint: Names commonly chosen instead of 'master' are 'main', 'trunk' and
2025-04-17T00:30:08.2776945Z hint: 'development'. The just-created branch can be renamed via this command:
2025-04-17T00:30:08.2778370Z hint:
2025-04-17T00:30:08.2779040Z hint: 	git branch -m <name>
2025-04-17T00:30:08.2780248Z Initialized empty Git repository in /home/runner/work/date-night-app2/date-night-app2/.git/
2025-04-17T00:30:08.2785900Z [command]/usr/bin/git remote add origin https://github.com/mrkurger/date-night-app2
2025-04-17T00:30:08.2819973Z ##[endgroup]
2025-04-17T00:30:08.2822815Z ##[group]Disabling automatic garbage collection
2025-04-17T00:30:08.2824176Z [command]/usr/bin/git config --local gc.auto 0
2025-04-17T00:30:08.2855379Z ##[endgroup]
2025-04-17T00:30:08.2857809Z ##[group]Setting up auth
2025-04-17T00:30:08.2861756Z [command]/usr/bin/git config --local --name-only --get-regexp core\.sshCommand
2025-04-17T00:30:08.2892589Z [command]/usr/bin/git submodule foreach --recursive sh -c "git config --local --name-only --get-regexp 'core\.sshCommand' && git config --local --unset-all 'core.sshCommand' || :"
2025-04-17T00:30:08.3152813Z [command]/usr/bin/git config --local --name-only --get-regexp http\.https\:\/\/github\.com\/\.extraheader
2025-04-17T00:30:08.3184224Z [command]/usr/bin/git submodule foreach --recursive sh -c "git config --local --name-only --get-regexp 'http\.https\:\/\/github\.com\/\.extraheader' && git config --local --unset-all 'http.https://github.com/.extraheader' || :"
2025-04-17T00:30:08.3397393Z [command]/usr/bin/git config --local http.https://github.com/.extraheader AUTHORIZATION: basic ***
2025-04-17T00:30:08.3447900Z ##[endgroup]
2025-04-17T00:30:08.3450958Z ##[group]Fetching the repository
2025-04-17T00:30:08.3457504Z [command]/usr/bin/git -c protocol.version=2 fetch --prune --no-recurse-submodules origin +refs/heads/*:refs/remotes/origin/* +refs/tags/*:refs/tags/*
2025-04-17T00:30:16.2173833Z From https://github.com/mrkurger/date-night-app2
2025-04-17T00:30:16.2175553Z  * [new branch]      main       -> origin/main
2025-04-17T00:30:16.2210594Z [command]/usr/bin/git branch --list --remote origin/main
2025-04-17T00:30:16.2232189Z   origin/main
2025-04-17T00:30:16.2243996Z [command]/usr/bin/git rev-parse refs/remotes/origin/main
2025-04-17T00:30:16.2264843Z 3c2a9f17d1d13c599433d1dfa8417b82dd956709
2025-04-17T00:30:16.2276242Z ##[endgroup]
2025-04-17T00:30:16.2285605Z ##[group]Determining the checkout info
2025-04-17T00:30:16.2287395Z ##[endgroup]
2025-04-17T00:30:16.2288616Z [command]/usr/bin/git sparse-checkout disable
2025-04-17T00:30:16.2320298Z [command]/usr/bin/git config --local --unset-all extensions.worktreeConfig
2025-04-17T00:30:16.2349007Z ##[group]Checking out the ref
2025-04-17T00:30:16.2351529Z [command]/usr/bin/git checkout --progress --force -B main refs/remotes/origin/main
2025-04-17T00:30:16.5976698Z Switched to a new branch 'main'
2025-04-17T00:30:16.5982469Z branch 'main' set up to track 'origin/main'.
2025-04-17T00:30:16.6008870Z ##[endgroup]
2025-04-17T00:30:16.6049562Z [command]/usr/bin/git log -1 --format=%H
2025-04-17T00:30:16.6070861Z 3c2a9f17d1d13c599433d1dfa8417b82dd956709
2025-04-17T00:30:16.6273818Z ##[group]Run actions/setup-node@v4
2025-04-17T00:30:16.6274116Z with:
2025-04-17T00:30:16.6274327Z   node-version: 22.x
2025-04-17T00:30:16.6274541Z   always-auth: false
2025-04-17T00:30:16.6274760Z   check-latest: false
2025-04-17T00:30:16.6275096Z   token: ***
2025-04-17T00:30:16.6275292Z env:
2025-04-17T00:30:16.6275480Z   CI: true
2025-04-17T00:30:16.6275659Z ##[endgroup]
2025-04-17T00:30:16.7941781Z Found in cache @ /opt/hostedtoolcache/node/22.14.0/x64
2025-04-17T00:30:16.7945725Z ##[group]Environment details
2025-04-17T00:30:17.1690703Z node: v22.14.0
2025-04-17T00:30:17.1692713Z npm: 10.9.2
2025-04-17T00:30:17.1693014Z yarn: 1.22.22
2025-04-17T00:30:17.1693729Z ##[endgroup]
2025-04-17T00:30:17.1803084Z ##[group]Run npm install @octokit/rest@19.0.13 fs-extra@11.2.0
2025-04-17T00:30:17.1803515Z [36;1mnpm install @octokit/rest@19.0.13 fs-extra@11.2.0[0m
2025-04-17T00:30:17.1852535Z shell: /usr/bin/bash -e {0}
2025-04-17T00:30:17.1852764Z env:
2025-04-17T00:30:17.1852932Z   CI: true
2025-04-17T00:30:17.1853087Z ##[endgroup]
2025-04-17T00:30:21.6186585Z npm warn deprecated xss-clean@0.1.4: Package no longer supported. Contact Support at https://www.npmjs.com/support for more info.
2025-04-17T00:30:22.6380515Z npm warn deprecated rimraf@3.0.2: Rimraf versions prior to v4 are no longer supported
2025-04-17T00:30:23.0422548Z npm warn deprecated passport-reddit@1.1.0: While functionally complete, this library will not be receiving any updates going forwards. Users are actively discouraged from using OAuth2 for authentication. See archival notice on github for more details.
2025-04-17T00:30:23.2807532Z npm warn deprecated npmlog@5.0.1: This package is no longer supported.
2025-04-17T00:30:23.5937459Z npm warn deprecated superagent@8.1.2: Please upgrade to v9.0.0+ as we have fixed a public vulnerability with formidable dependency. Note that v9.0.0+ requires Node.js v14.18.0+. See https://github.com/ladjs/superagent/pull/1800 for insight. This project is supported and maintained by the team at Forward Email @ https://forwardemail.net
2025-04-17T00:30:24.0944370Z npm warn deprecated inflight@1.0.6: This module is not supported, and leaks memory. Do not use it. Check out lru-cache if you want a good and tested way to coalesce async requests by a key value, which is much more comprehensive and powerful.
2025-04-17T00:30:24.2700423Z npm warn deprecated glob@7.2.3: Glob versions prior to v9 are no longer supported
2025-04-17T00:30:24.5947757Z npm warn deprecated gauge@3.0.2: This package is no longer supported.
2025-04-17T00:30:24.9117798Z npm warn deprecated domexception@4.0.0: Use your platform's native DOMException instead
2025-04-17T00:30:25.7111265Z npm warn deprecated are-we-there-yet@2.0.0: This package is no longer supported.
2025-04-17T00:30:25.8481860Z npm warn deprecated abab@2.0.6: Use your platform's native atob() and btoa() methods instead
2025-04-17T00:30:27.1404704Z npm warn deprecated @humanwhocodes/object-schema@2.0.3: Use @eslint/object-schema instead
2025-04-17T00:30:27.1969554Z npm warn deprecated @humanwhocodes/config-array@0.11.14: Use @eslint/config-array instead
2025-04-17T00:30:34.3317383Z npm warn deprecated eslint@8.56.0: This version is no longer supported. Please see https://eslint.org/version-support for other options.
2025-04-17T00:30:34.3468556Z npm warn deprecated eslint@8.56.0: This version is no longer supported. Please see https://eslint.org/version-support for other options.
2025-04-17T00:30:55.6145279Z 
2025-04-17T00:30:55.6159131Z added 1921 packages, and audited 1924 packages in 38s
2025-04-17T00:30:55.6159589Z 
2025-04-17T00:30:55.6161264Z 354 packages are looking for funding
2025-04-17T00:30:55.6161979Z   run `npm fund` for details
2025-04-17T00:30:55.6264918Z 
2025-04-17T00:30:55.6280186Z 6 moderate severity vulnerabilities
2025-04-17T00:30:55.6282432Z 
2025-04-17T00:30:55.6282812Z To address issues that do not require attention, run:
2025-04-17T00:30:55.6283353Z   npm audit fix
2025-04-17T00:30:55.6283564Z 
2025-04-17T00:30:55.6283919Z To address all issues (including breaking changes), run:
2025-04-17T00:30:55.6284452Z   npm audit fix --force
2025-04-17T00:30:55.6284691Z 
2025-04-17T00:30:55.6284931Z Run `npm audit` for details.
2025-04-17T00:30:55.7047556Z ##[group]Run cat > fetch-workflow-logs.js << 'EOF'
2025-04-17T00:30:55.7057001Z [36;1mcat > fetch-workflow-logs.js << 'EOF'[0m
2025-04-17T00:30:55.7057305Z [36;1mconst { Octokit } = require('@octokit/rest');[0m
2025-04-17T00:30:55.7057883Z [36;1mconst fs = require('fs-extra');[0m
2025-04-17T00:30:55.7058385Z [36;1mconst path = require('path');[0m
2025-04-17T00:30:55.7058628Z [36;1m[0m
2025-04-17T00:30:55.7058802Z [36;1masync function main() {[0m
2025-04-17T00:30:55.7059039Z [36;1m  const owner = process.env.REPO_OWNER;[0m
2025-04-17T00:30:55.7059307Z [36;1m  const repo = process.env.REPO_NAME;[0m
2025-04-17T00:30:55.7059590Z [36;1m  const logsDir = path.join('workflow-error-logs');[0m
2025-04-17T00:30:55.7059849Z [36;1m  [0m
2025-04-17T00:30:55.7060075Z [36;1m  console.log(`Fetching workflow logs for ${owner}/${repo}`);[0m
2025-04-17T00:30:55.7060355Z [36;1m  [0m
2025-04-17T00:30:55.7060546Z [36;1m  // Create logs directory if it doesn't exist[0m
2025-04-17T00:30:55.7060828Z [36;1m  await fs.ensureDir(logsDir);[0m
2025-04-17T00:30:55.7061033Z [36;1m  [0m
2025-04-17T00:30:55.7061194Z [36;1m  const octokit = new Octokit({[0m
2025-04-17T00:30:55.7061426Z [36;1m    auth: process.env.GITHUB_TOKEN,[0m
2025-04-17T00:30:55.7061666Z [36;1m    request: {[0m
2025-04-17T00:30:55.7061846Z [36;1m      retries: 3,[0m
2025-04-17T00:30:55.7062059Z [36;1m      retryAfter: 1[0m
2025-04-17T00:30:55.7062238Z [36;1m    }[0m
2025-04-17T00:30:55.7062376Z [36;1m  });[0m
2025-04-17T00:30:55.7062522Z [36;1m  [0m
2025-04-17T00:30:55.7062671Z [36;1m  // Get all workflows[0m
2025-04-17T00:30:55.7062970Z [36;1m  const { data: workflows } = await octokit.actions.listRepoWorkflows({[0m
2025-04-17T00:30:55.7063275Z [36;1m    owner,[0m
2025-04-17T00:30:55.7063440Z [36;1m    repo,[0m
2025-04-17T00:30:55.7063593Z [36;1m  });[0m
2025-04-17T00:30:55.7063745Z [36;1m  [0m
2025-04-17T00:30:55.7063925Z [36;1m  // Get recent workflow runs (last 30 days)[0m
2025-04-17T00:30:55.7064179Z [36;1m  const thirtyDaysAgo = new Date();[0m
2025-04-17T00:30:55.7064477Z [36;1m  thirtyDaysAgo.setDate(thirtyDaysAgo.getDate() - 30);[0m
2025-04-17T00:30:55.7064739Z [36;1m  [0m
2025-04-17T00:30:55.7064930Z [36;1m  for (const workflow of workflows.workflows) {[0m
2025-04-17T00:30:55.7065285Z [36;1m    console.log(`Processing workflow: ${workflow.name} (${workflow.id})`);[0m
2025-04-17T00:30:55.7065597Z [36;1m    [0m
2025-04-17T00:30:55.7065752Z [36;1m    try {[0m
2025-04-17T00:30:55.7065995Z [36;1m      const { data: runs } = await octokit.actions.listWorkflowRuns({[0m
2025-04-17T00:30:55.7066288Z [36;1m        owner,[0m
2025-04-17T00:30:55.7066462Z [36;1m        repo,[0m
2025-04-17T00:30:55.7066653Z [36;1m        workflow_id: workflow.id,[0m
2025-04-17T00:30:55.7066941Z [36;1m        created: `>=${thirtyDaysAgo.toISOString().split('T')[0]}`,[0m
2025-04-17T00:30:55.7067212Z [36;1m      });[0m
2025-04-17T00:30:55.7067366Z [36;1m      [0m
2025-04-17T00:30:55.7067538Z [36;1m      // Process failed runs[0m
2025-04-17T00:30:55.7067810Z [36;1m      const failedRuns = runs.workflow_runs.filter(run => [0m
2025-04-17T00:30:55.7068381Z [36;1m        run.conclusion === 'failure' || run.conclusion === 'cancelled' || run.conclusion === 'timed_out'[0m
2025-04-17T00:30:55.7068759Z [36;1m      );[0m
2025-04-17T00:30:55.7068907Z [36;1m      [0m
2025-04-17T00:30:55.7069186Z [36;1m      console.log(`Found ${failedRuns.length} failed runs for ${workflow.name}`);[0m
2025-04-17T00:30:55.7069507Z [36;1m      [0m
2025-04-17T00:30:55.7069680Z [36;1m      for (const run of failedRuns) {[0m
2025-04-17T00:30:55.7070004Z [36;1m        const runDate = new Date(run.created_at).toISOString().split('T')[0];[0m
2025-04-17T00:30:55.7070488Z [36;1m        const workflowDir = path.join(logsDir, workflow.name.replace(/[^a-zA-Z0-9]/g, '-').toLowerCase());[0m
2025-04-17T00:30:55.7070971Z [36;1m        const runDir = path.join(workflowDir, `${runDate}_${run.id}`);[0m
2025-04-17T00:30:55.7071442Z [36;1m        [0m
2025-04-17T00:30:55.7071655Z [36;1m        await fs.ensureDir(runDir);[0m
2025-04-17T00:30:55.7071879Z [36;1m        [0m
2025-04-17T00:30:55.7072048Z [36;1m        // Save run metadata[0m
2025-04-17T00:30:55.7072395Z [36;1m        await fs.writeJson(path.join(runDir, 'metadata.json'), run, { spaces: 2 });[0m
2025-04-17T00:30:55.7072821Z [36;1m        [0m
2025-04-17T00:30:55.7072971Z [36;1m        try {[0m
2025-04-17T00:30:55.7073171Z [36;1m          // Get jobs for this run[0m
2025-04-17T00:30:55.7073500Z [36;1m          const { data: jobs } = await octokit.actions.listJobsForWorkflowRun({[0m
2025-04-17T00:30:55.7073818Z [36;1m            owner,[0m
2025-04-17T00:30:55.7073999Z [36;1m            repo,[0m
2025-04-17T00:30:55.7074189Z [36;1m            run_id: run.id,[0m
2025-04-17T00:30:55.7074391Z [36;1m          });[0m
2025-04-17T00:30:55.7074557Z [36;1m          [0m
2025-04-17T00:30:55.7074735Z [36;1m          // Save jobs metadata[0m
2025-04-17T00:30:55.7075061Z [36;1m          await fs.writeJson(path.join(runDir, 'jobs.json'), jobs, { spaces: 2 });[0m
2025-04-17T00:30:55.7075371Z [36;1m          [0m
2025-04-17T00:30:55.7075542Z [36;1m          // Process each job[0m
2025-04-17T00:30:55.7075767Z [36;1m          for (const job of jobs.jobs) {[0m
2025-04-17T00:30:55.7076160Z [36;1m            if (job.conclusion === 'failure' || job.conclusion === 'cancelled' || job.conclusion === 'timed_out') {[0m
2025-04-17T00:30:55.7076693Z [36;1m              const jobDir = path.join(runDir, job.name.replace(/[^a-zA-Z0-9]/g, '-').toLowerCase());[0m
2025-04-17T00:30:55.7077073Z [36;1m              await fs.ensureDir(jobDir);[0m
2025-04-17T00:30:55.7077302Z [36;1m              [0m
2025-04-17T00:30:55.7077485Z [36;1m              // Save job metadata[0m
2025-04-17T00:30:55.7077829Z [36;1m              await fs.writeJson(path.join(jobDir, 'job-metadata.json'), job, { spaces: 2 });[0m
2025-04-17T00:30:55.7078305Z [36;1m              [0m
2025-04-17T00:30:55.7078483Z [36;1m              try {[0m
2025-04-17T00:30:55.7078675Z [36;1m                // Get job logs[0m
2025-04-17T00:30:55.7078988Z [36;1m                const logs = await octokit.actions.downloadJobLogsForWorkflowRun({[0m
2025-04-17T00:30:55.7079310Z [36;1m                  owner,[0m
2025-04-17T00:30:55.7079509Z [36;1m                  repo,[0m
2025-04-17T00:30:55.7079717Z [36;1m                  job_id: job.id,[0m
2025-04-17T00:30:55.7079919Z [36;1m                });[0m
2025-04-17T00:30:55.7080101Z [36;1m                [0m
2025-04-17T00:30:55.7080283Z [36;1m                // Save logs[0m
2025-04-17T00:30:55.7080565Z [36;1m                await fs.writeFile(path.join(jobDir, 'logs.txt'), logs.data);[0m
2025-04-17T00:30:55.7080933Z [36;1m                console.log(`Saved logs for job ${job.name} (${job.id})`);[0m
2025-04-17T00:30:55.7081214Z [36;1m              } catch (error) {[0m
2025-04-17T00:30:55.7081538Z [36;1m                console.error(`Error fetching logs for job ${job.id}: ${error.message}`);[0m
2025-04-17T00:30:55.7082019Z [36;1m                await fs.writeFile(path.join(jobDir, 'error.txt'), `Error fetching logs: ${error.message}`);[0m
2025-04-17T00:30:55.7082378Z [36;1m              }[0m
2025-04-17T00:30:55.7082556Z [36;1m            }[0m
2025-04-17T00:30:55.7082716Z [36;1m          }[0m
2025-04-17T00:30:55.7082890Z [36;1m        } catch (error) {[0m
2025-04-17T00:30:55.7083187Z [36;1m          console.error(`Error processing run ${run.id}: ${error.message}`);[0m
2025-04-17T00:30:55.7083650Z [36;1m          await fs.writeFile(path.join(runDir, 'error.txt'), `Error processing run: ${error.message}`);[0m
2025-04-17T00:30:55.7084008Z [36;1m        }[0m
2025-04-17T00:30:55.7084160Z [36;1m      }[0m
2025-04-17T00:30:55.7084368Z [36;1m    } catch (error) {[0m
2025-04-17T00:30:55.7084679Z [36;1m      console.error(`Error processing workflow ${workflow.id}: ${error.message}`);[0m
2025-04-17T00:30:55.7085010Z [36;1m    }[0m
2025-04-17T00:30:55.7085268Z [36;1m  }[0m
2025-04-17T00:30:55.7085418Z [36;1m  [0m
2025-04-17T00:30:55.7085570Z [36;1m  // Create summary file[0m
2025-04-17T00:30:55.7085776Z [36;1m  const summary = {[0m
2025-04-17T00:30:55.7085995Z [36;1m    timestamp: new Date().toISOString(),[0m
2025-04-17T00:30:55.7086365Z [36;1m    totalWorkflows: workflows.workflows.length,[0m
2025-04-17T00:30:55.7086677Z [36;1m    workflowSummary: workflows.workflows.map(w => ({[0m
2025-04-17T00:30:55.7086940Z [36;1m      name: w.name,[0m
2025-04-17T00:30:55.7087123Z [36;1m      id: w.id,[0m
2025-04-17T00:30:55.7087292Z [36;1m      path: w.path,[0m
2025-04-17T00:30:55.7087472Z [36;1m    })),[0m
2025-04-17T00:30:55.7087621Z [36;1m  };[0m
2025-04-17T00:30:55.7087773Z [36;1m  [0m
2025-04-17T00:30:55.7088269Z [36;1m  await fs.writeJson(path.join(logsDir, 'summary.json'), summary, { spaces: 2 });[0m
2025-04-17T00:30:55.7088656Z [36;1m  console.log('Workflow error logs sync completed');[0m
2025-04-17T00:30:55.7088919Z [36;1m}[0m
2025-04-17T00:30:55.7089055Z [36;1m[0m
2025-04-17T00:30:55.7089206Z [36;1mmain().catch(error => {[0m
2025-04-17T00:30:55.7089455Z [36;1m  console.error('Error in main process:', error);[0m
2025-04-17T00:30:55.7089719Z [36;1m  process.exit(1);[0m
2025-04-17T00:30:55.7089904Z [36;1m});[0m
2025-04-17T00:30:55.7090047Z [36;1mEOF[0m
2025-04-17T00:30:55.7090187Z [36;1m[0m
2025-04-17T00:30:55.7090346Z [36;1mnode fetch-workflow-logs.js[0m
2025-04-17T00:30:55.7134780Z shell: /usr/bin/bash -e {0}
2025-04-17T00:30:55.7134992Z env:
2025-04-17T00:30:55.7135134Z   CI: true
2025-04-17T00:30:55.7135478Z   GITHUB_TOKEN: ***
2025-04-17T00:30:55.7135652Z   REPO_OWNER: mrkurger
2025-04-17T00:30:55.7135844Z   REPO_NAME: date-night-app2
2025-04-17T00:30:55.7136036Z ##[endgroup]
2025-04-17T00:30:55.7888912Z Fetching workflow logs for mrkurger/date-night-app2
2025-04-17T00:30:56.0009213Z Processing workflow: Angular Tests (156396503)
2025-04-17T00:30:56.6750035Z Found 28 failed runs for Angular Tests
2025-04-17T00:30:57.0852918Z Saved logs for job e2e (22.x) (40689420093)
2025-04-17T00:30:57.2006927Z Saved logs for job test (22.x) (40689420097)
2025-04-17T00:30:57.5912480Z Saved logs for job test (22.x) (40674483684)
2025-04-17T00:30:57.7458226Z Saved logs for job e2e (22.x) (40674483730)
2025-04-17T00:30:58.2664028Z Saved logs for job e2e (22.x) (40671285255)
2025-04-17T00:30:58.4331069Z Saved logs for job test (22.x) (40671285283)
2025-04-17T00:30:59.0280169Z Saved logs for job e2e (22.x) (40665045272)
2025-04-17T00:30:59.1384204Z Saved logs for job test (22.x) (40665045274)
2025-04-17T00:30:59.5489401Z Saved logs for job test (22.x) (40664496095)
2025-04-17T00:30:59.7619355Z Saved logs for job e2e (22.x) (40664496108)
2025-04-17T00:31:00.2206276Z Saved logs for job e2e (22.x) (40663459721)
2025-04-17T00:31:00.3620585Z Saved logs for job test (22.x) (40663459733)
2025-04-17T00:31:00.8405692Z Saved logs for job e2e (22.x) (40662876861)
2025-04-17T00:31:00.9842617Z Saved logs for job test (22.x) (40662876876)
2025-04-17T00:31:01.4275066Z Saved logs for job e2e (22.x) (40662340818)
2025-04-17T00:31:01.5400163Z Saved logs for job test (22.x) (40662340822)
2025-04-17T00:31:02.0501683Z Saved logs for job test (22.x) (40660813802)
2025-04-17T00:31:02.2400072Z Saved logs for job e2e (22.x) (40660813807)
2025-04-17T00:31:02.6864547Z Saved logs for job e2e (22.x) (40659963795)
2025-04-17T00:31:02.8109785Z Saved logs for job test (22.x) (40659963797)
2025-04-17T00:31:02.9930890Z Saved logs for job lint (22.x) (40659963816)
2025-04-17T00:31:03.3907145Z Saved logs for job e2e (22.x) (40658470007)
2025-04-17T00:31:03.5520656Z Saved logs for job lint (22.x) (40658470023)
2025-04-17T00:31:03.6697371Z Saved logs for job test (22.x) (40658470025)
2025-04-17T00:31:04.0565904Z Saved logs for job test (22.x) (40656595432)
2025-04-17T00:31:04.1765031Z Saved logs for job e2e (22.x) (40656595450)
2025-04-17T00:31:04.2729828Z Saved logs for job lint (22.x) (40656595451)
2025-04-17T00:31:04.6066713Z Saved logs for job lint (22.x) (40648995689)
2025-04-17T00:31:04.7240639Z Saved logs for job e2e (22.x) (40648995690)
2025-04-17T00:31:04.8351523Z Saved logs for job test (22.x) (40648995699)
2025-04-17T00:31:05.3120544Z Saved logs for job test (22.x) (40648936041)
2025-04-17T00:31:05.4680244Z Saved logs for job lint (22.x) (40648936049)
2025-04-17T00:31:05.5961507Z Saved logs for job e2e (22.x) (40648936088)
2025-04-17T00:31:05.9854986Z Saved logs for job test (22.x) (40645363558)
2025-04-17T00:31:06.0999604Z Saved logs for job e2e (22.x) (40645363568)
2025-04-17T00:31:06.1951614Z Saved logs for job lint (22.x) (40645363582)
2025-04-17T00:31:06.5923939Z Saved logs for job test (22.x) (40642315715)
2025-04-17T00:31:06.7510867Z Saved logs for job e2e (22.x) (40642315733)
2025-04-17T00:31:06.8733585Z Saved logs for job lint (22.x) (40642315744)
2025-04-17T00:31:07.2136865Z Saved logs for job test (22.x) (40640408484)
2025-04-17T00:31:07.4000595Z Saved logs for job e2e (22.x) (40640408487)
2025-04-17T00:31:07.5035570Z Saved logs for job lint (22.x) (40640408495)
2025-04-17T00:31:07.7678779Z Saved logs for job test (22.x) (40639200761)
2025-04-17T00:31:07.8761428Z Saved logs for job e2e (22.x) (40639200762)
2025-04-17T00:31:07.9958486Z Saved logs for job lint (22.x) (40639200772)
2025-04-17T00:31:08.4218973Z Saved logs for job test (22.x) (40638434179)
2025-04-17T00:31:08.5682332Z Saved logs for job lint (22.x) (40638434180)
2025-04-17T00:31:08.6936801Z Saved logs for job e2e (22.x) (40638434197)
2025-04-17T00:31:08.9799346Z Saved logs for job test (22.x) (40638117917)
2025-04-17T00:31:09.0930152Z Saved logs for job e2e (22.x) (40638117918)
2025-04-17T00:31:09.1940539Z Saved logs for job lint (22.x) (40638117931)
2025-04-17T00:31:09.8246564Z Saved logs for job test (22.x) (40637222574)
2025-04-17T00:31:09.9624089Z Saved logs for job e2e (22.x) (40637222590)
2025-04-17T00:31:10.0870418Z Saved logs for job lint (22.x) (40637222627)
2025-04-17T00:31:10.4623202Z Saved logs for job e2e (22.x) (40636317713)
2025-04-17T00:31:10.6040167Z Saved logs for job test (22.x) (40636317717)
2025-04-17T00:31:10.7391863Z Saved logs for job lint (22.x) (40636317718)
2025-04-17T00:31:11.1691329Z Saved logs for job test (22.x) (40635520017)
2025-04-17T00:31:11.3127427Z Saved logs for job e2e (22.x) (40635520024)
2025-04-17T00:31:11.4260732Z Saved logs for job lint (22.x) (40635520025)
2025-04-17T00:31:12.0251534Z Saved logs for job e2e (22.x) (40631138588)
2025-04-17T00:31:12.1766379Z Saved logs for job test (22.x) (40631138593)
2025-04-17T00:31:12.4767799Z Saved logs for job test (22.x) (40628452555)
2025-04-17T00:31:12.6189844Z Saved logs for job e2e (22.x) (40628452573)
2025-04-17T00:31:13.1239595Z Saved logs for job test (22.x) (40625114143)
2025-04-17T00:31:13.2512841Z Saved logs for job e2e (22.x) (40625114153)
2025-04-17T00:31:13.6051641Z Saved logs for job e2e (22.x) (40623556700)
2025-04-17T00:31:13.7217500Z Saved logs for job test (22.x) (40623556710)
2025-04-17T00:31:14.1556724Z Saved logs for job e2e (22.x) (40623232672)
2025-04-17T00:31:14.2754317Z Saved logs for job test (22.x) (40623232677)
2025-04-17T00:31:14.2755423Z Processing workflow: Security Alerts Report (Alternative) (156517337)
2025-04-17T00:31:14.4051941Z Found 0 failed runs for Security Alerts Report (Alternative)
2025-04-17T00:31:14.4053557Z Processing workflow: Security Alerts Report (156511788)
2025-04-17T00:31:14.6406556Z Found 1 failed runs for Security Alerts Report
2025-04-17T00:31:15.0740414Z Saved logs for job generate-report (40657820058)
2025-04-17T00:31:15.0741404Z Processing workflow: Server Tests (156396504)
2025-04-17T00:31:15.3920975Z Found 8 failed runs for Server Tests
2025-04-17T00:31:15.7576051Z Saved logs for job test (22.x) (40674483676)
2025-04-17T00:31:16.0474636Z Saved logs for job test (22.x) (40663459741)
2025-04-17T00:31:16.4046295Z Saved logs for job test (22.x) (40659963757)
2025-04-17T00:31:16.5186970Z Saved logs for job lint (22.x) (40659963777)
2025-04-17T00:31:16.8760817Z Saved logs for job lint (22.x) (40656595380)
2025-04-17T00:31:17.0064654Z Saved logs for job test (22.x) (40656595382)
2025-04-17T00:31:17.4375260Z Saved logs for job test (22.x) (40648936051)
2025-04-17T00:31:17.5424908Z Saved logs for job lint (22.x) (40648936076)
2025-04-17T00:31:17.9078976Z Saved logs for job lint (22.x) (40636317715)
2025-04-17T00:31:18.0708588Z Saved logs for job test (22.x) (40636317724)
2025-04-17T00:31:18.3475235Z Saved logs for job lint (22.x) (40636157199)
2025-04-17T00:31:18.4602425Z Saved logs for job test (22.x) (40636157200)
2025-04-17T00:31:18.8979411Z Saved logs for job test (22.x) (40631138589)
2025-04-17T00:31:18.8981266Z Processing workflow: Sync GitHub Insights (Alternative) (156517338)
2025-04-17T00:31:19.0342339Z Found 0 failed runs for Sync GitHub Insights (Alternative)
2025-04-17T00:31:19.0344175Z Processing workflow: Sync GitHub Insights (Fixed) (156518590)
2025-04-17T00:31:19.2200748Z Found 0 failed runs for Sync GitHub Insights (Fixed)
2025-04-17T00:31:19.2201796Z Processing workflow: Sync GitHub Insights (156511789)
2025-04-17T00:31:19.4049017Z Found 3 failed runs for Sync GitHub Insights
2025-04-17T00:31:19.7267421Z Saved logs for job sync-insights (40658529730)
2025-04-17T00:31:20.1387071Z Saved logs for job sync-insights (40657800158)
2025-04-17T00:31:20.5225642Z Saved logs for job sync-insights (40656793753)
2025-04-17T00:31:20.5226623Z Processing workflow: Sync Snyk Issues (156557032)
2025-04-17T00:31:20.6302351Z Found 0 failed runs for Sync Snyk Issues
2025-04-17T00:31:20.6303769Z Processing workflow: Sync Test Reports (156511790)
2025-04-17T00:31:21.0475804Z Found 2 failed runs for Sync Test Reports
2025-04-17T00:31:21.3825682Z Saved logs for job sync-reports (40656664593)
2025-04-17T00:31:21.7207417Z Saved logs for job sync-reports (40656644372)
2025-04-17T00:31:21.7211055Z Processing workflow: Sync Workflow Error Logs (156531139)
2025-04-17T00:31:22.0812453Z Found 13 failed runs for Sync Workflow Error Logs
2025-04-17T00:31:22.4986688Z Saved logs for job sync-error-logs (40663884504)
2025-04-17T00:31:22.8606699Z Saved logs for job sync-error-logs (40663871175)
2025-04-17T00:31:23.2265778Z Saved logs for job sync-error-logs (40663862163)
2025-04-17T00:31:23.5722778Z Saved logs for job sync-error-logs (40663803075)
2025-04-17T00:31:23.9202034Z Saved logs for job sync-error-logs (40663762300)
2025-04-17T00:31:24.3598442Z Saved logs for job sync-error-logs (40663734511)
2025-04-17T00:31:24.7584602Z Saved logs for job sync-error-logs (40663704386)
2025-04-17T00:31:25.1843504Z Saved logs for job sync-error-logs (40663657537)
2025-04-17T00:31:25.4997183Z Saved logs for job sync-error-logs (40663640084)
2025-04-17T00:31:25.7489477Z Saved logs for job sync-error-logs (40663610469)
2025-04-17T00:31:26.1045305Z Saved logs for job sync-error-logs (40663581882)
2025-04-17T00:31:26.4136862Z Saved logs for job sync-error-logs (40663556539)
2025-04-17T00:31:26.7825778Z Saved logs for job sync-error-logs (40663029643)
2025-04-17T00:31:26.7827608Z Processing workflow: Sync Workflow Error Logs (Robust) (156532769)
2025-04-17T00:31:27.4922633Z Found 29 failed runs for Sync Workflow Error Logs (Robust)
2025-04-17T00:31:27.8341463Z Saved logs for job sync-error-logs (40693614540)
2025-04-17T00:31:28.0775593Z Saved logs for job sync-error-logs (40692926447)
2025-04-17T00:31:28.4713627Z Saved logs for job sync-error-logs (40689562156)
2025-04-17T00:31:28.8316143Z Saved logs for job sync-error-logs (40689546791)
2025-04-17T00:31:29.1124365Z Saved logs for job sync-error-logs (40675235687)
2025-04-17T00:31:29.4748899Z Saved logs for job sync-error-logs (40674614570)
2025-04-17T00:31:29.7087780Z Saved logs for job sync-error-logs (40674612775)
2025-04-17T00:31:29.9892269Z Saved logs for job sync-error-logs (40674610625)
2025-04-17T00:31:30.4415265Z Saved logs for job sync-error-logs (40674579990)
2025-04-17T00:31:30.7543893Z Saved logs for job sync-error-logs (40674578990)
2025-04-17T00:31:31.0249228Z Saved logs for job sync-error-logs (40674578982)
2025-04-17T00:31:31.5056379Z Saved logs for job sync-error-logs (40672633017)
2025-04-17T00:31:31.8904797Z Saved logs for job sync-error-logs (40671412670)
2025-04-17T00:31:32.2870180Z Saved logs for job sync-error-logs (40671398924)
2025-04-17T00:31:32.5743268Z Saved logs for job sync-error-logs (40671389821)
2025-04-17T00:31:32.8923292Z Saved logs for job sync-error-logs (40671384641)
2025-04-17T00:31:33.1595932Z Saved logs for job sync-error-logs (40667363362)
2025-04-17T00:31:33.4573021Z Saved logs for job sync-error-logs (40667339786)
2025-04-17T00:31:33.7608509Z Saved logs for job sync-error-logs (40667169107)
2025-04-17T00:31:34.0003027Z Saved logs for job sync-error-logs (40665192111)
2025-04-17T00:31:34.2503771Z Saved logs for job sync-error-logs (40665160549)
2025-04-17T00:31:34.5780297Z Saved logs for job sync-error-logs (40664651912)
2025-04-17T00:31:35.0317025Z Saved logs for job sync-error-logs (40664616106)
2025-04-17T00:31:35.4482243Z Saved logs for job sync-error-logs (40664499845)
2025-04-17T00:31:35.8483005Z Saved logs for job sync-error-logs (40664435963)
2025-04-17T00:31:36.1213848Z Saved logs for job sync-error-logs (40663852786)
2025-04-17T00:31:36.5143374Z Saved logs for job sync-error-logs (40663768800)
2025-04-17T00:31:36.7809245Z Saved logs for job sync-error-logs (40663746533)
2025-04-17T00:31:37.1387621Z Saved logs for job sync-error-logs (40663734604)
2025-04-17T00:31:37.1390448Z Processing workflow: Sync Workflow Error Logs (156529457)
2025-04-17T00:31:37.5397147Z Found 16 failed runs for Sync Workflow Error Logs
2025-04-17T00:31:37.8178251Z Saved logs for job sync-error-logs (40663978660)
2025-04-17T00:31:38.0925712Z Saved logs for job sync-error-logs (40663935374)
2025-04-17T00:31:38.4985805Z Saved logs for job sync-error-logs (40663840001)
2025-04-17T00:31:38.8209934Z Saved logs for job sync-error-logs (40663802949)
2025-04-17T00:31:39.2264486Z Saved logs for job sync-error-logs (40663762365)
2025-04-17T00:31:39.5783637Z Saved logs for job sync-error-logs (40663734602)
2025-04-17T00:31:39.8172424Z Saved logs for job sync-error-logs (40663704422)
2025-04-17T00:31:40.1572581Z Saved logs for job sync-error-logs (40663657651)
2025-04-17T00:31:40.5730700Z Saved logs for job sync-error-logs (40663640395)
2025-04-17T00:31:40.8467489Z Saved logs for job sync-error-logs (40663610514)
2025-04-17T00:31:41.2155315Z Saved logs for job sync-error-logs (40663581717)
2025-04-17T00:31:41.5248372Z Saved logs for job sync-error-logs (40663556577)
2025-04-17T00:31:41.8856091Z Saved logs for job sync-error-logs (40663029928)
2025-04-17T00:31:42.2187684Z Saved logs for job sync-error-logs (40662993597)
2025-04-17T00:31:42.4843514Z Saved logs for job sync-error-logs (40662475242)
2025-04-17T00:31:42.9310272Z Saved logs for job sync-error-logs (40662446363)
2025-04-17T00:31:42.9311863Z Processing workflow: Dependabot Updates (153911032)
2025-04-17T00:31:43.7656606Z Found 13 failed runs for Dependabot Updates
2025-04-17T00:31:44.0907063Z Saved logs for job Dependabot (40674491910)
2025-04-17T00:31:44.5088507Z Saved logs for job Dependabot (40674491931)
2025-04-17T00:31:45.0408838Z Saved logs for job Dependabot (40672175776)
2025-04-17T00:31:45.4350632Z Saved logs for job Dependabot (40671290570)
2025-04-17T00:31:45.8406431Z Saved logs for job Dependabot (40671289916)
2025-04-17T00:31:46.2328560Z Saved logs for job Dependabot (40667240338)
2025-04-17T00:31:46.5936621Z Saved logs for job Dependabot (40667235385)
2025-04-17T00:31:46.9577584Z Saved logs for job Dependabot (40657560162)
2025-04-17T00:31:47.2650956Z Saved logs for job Dependabot (40657559762)
2025-04-17T00:31:47.6246471Z Saved logs for job Dependabot (40657410431)
2025-04-17T00:31:48.0033958Z Saved logs for job Dependabot (40657409984)
2025-04-17T00:31:48.4783081Z Saved logs for job Dependabot (40656602439)
2025-04-17T00:31:48.9463711Z Saved logs for job Dependabot (40656599224)
2025-04-17T00:31:48.9466057Z Workflow error logs sync completed
2025-04-17T00:31:48.9567310Z ##[group]Run cat > workflow-error-logs/README.md << 'EOF'
2025-04-17T00:31:48.9567685Z [36;1mcat > workflow-error-logs/README.md << 'EOF'[0m
2025-04-17T00:31:48.9568106Z [36;1m# Workflow Error Logs[0m
2025-04-17T00:31:48.9568433Z [36;1m[0m
2025-04-17T00:31:48.9568927Z [36;1mThis directory contains logs from failed GitHub Actions workflow runs. These logs are automatically collected by the "Sync Workflow Error Logs" workflow.[0m
2025-04-17T00:31:48.9569465Z [36;1m[0m
2025-04-17T00:31:48.9569790Z [36;1m## Directory Structure[0m
2025-04-17T00:31:48.9569979Z [36;1m[0m
2025-04-17T00:31:48.9570119Z [36;1m```[0m
2025-04-17T00:31:48.9570279Z [36;1mworkflow-error-logs/[0m
2025-04-17T00:31:48.9570524Z [36;1mâ”œâ”€â”€ {workflow-name}/[0m
2025-04-17T00:31:48.9570717Z [36;1mâ”‚   â”œâ”€â”€ {date}_{run-id}/[0m
2025-04-17T00:31:48.9570958Z [36;1mâ”‚   â”‚   â”œâ”€â”€ metadata.json       # Run metadata[0m
2025-04-17T00:31:48.9571230Z [36;1mâ”‚   â”‚   â”œâ”€â”€ jobs.json           # Jobs metadata[0m
2025-04-17T00:31:48.9571503Z [36;1mâ”‚   â”‚   â”œâ”€â”€ {job-name}/[0m
2025-04-17T00:31:48.9571733Z [36;1mâ”‚   â”‚   â”‚   â”œâ”€â”€ job-metadata.json  # Job metadata[0m
2025-04-17T00:31:48.9571991Z [36;1mâ”‚   â”‚   â”‚   â””â”€â”€ logs.txt           # Job logs[0m
2025-04-17T00:31:48.9572215Z [36;1mâ”‚   â”‚   â””â”€â”€ ...[0m
2025-04-17T00:31:48.9572390Z [36;1mâ”‚   â””â”€â”€ ...[0m
2025-04-17T00:31:48.9572552Z [36;1mâ””â”€â”€ ...[0m
2025-04-17T00:31:48.9572703Z [36;1m```[0m
2025-04-17T00:31:48.9572847Z [36;1m[0m
2025-04-17T00:31:48.9572991Z [36;1m## Using These Logs[0m
2025-04-17T00:31:48.9573186Z [36;1m[0m
2025-04-17T00:31:48.9573654Z [36;1mThese logs can be used to diagnose and fix issues with GitHub Actions workflows. Look for error messages, failed steps, and other indicators of problems.[0m
2025-04-17T00:31:48.9574171Z [36;1m[0m
2025-04-17T00:31:48.9574315Z [36;1m## Automatic Collection[0m
2025-04-17T00:31:48.9574507Z [36;1m[0m
2025-04-17T00:31:48.9574653Z [36;1mLogs are collected:[0m
2025-04-17T00:31:48.9574865Z [36;1m- After any workflow completes[0m
2025-04-17T00:31:48.9575105Z [36;1m- Every 6 hours via scheduled run[0m
2025-04-17T00:31:48.9575335Z [36;1m- Manually via workflow dispatch[0m
2025-04-17T00:31:48.9575550Z [36;1m[0m
2025-04-17T00:31:48.9575687Z [36;1m## Retention[0m
2025-04-17T00:31:48.9575851Z [36;1m[0m
2025-04-17T00:31:48.9576038Z [36;1mOnly logs from the past 30 days are collected.[0m
2025-04-17T00:31:48.9576284Z [36;1mEOF[0m
2025-04-17T00:31:48.9620088Z shell: /usr/bin/bash -e {0}
2025-04-17T00:31:48.9620285Z env:
2025-04-17T00:31:48.9620441Z   CI: true
2025-04-17T00:31:48.9620587Z ##[endgroup]
2025-04-17T00:31:48.9731049Z ##[group]Run git config --local user.email "action@github.com"
2025-04-17T00:31:48.9731411Z [36;1mgit config --local user.email "action@github.com"[0m
2025-04-17T00:31:48.9731714Z [36;1mgit config --local user.name "GitHub Action"[0m
2025-04-17T00:31:48.9770093Z shell: /usr/bin/bash -e {0}
2025-04-17T00:31:48.9770296Z env:
2025-04-17T00:31:48.9770443Z   CI: true
2025-04-17T00:31:48.9770590Z ##[endgroup]
2025-04-17T00:31:48.9875941Z ##[group]Run # Fetch the latest changes from the remote repository
2025-04-17T00:31:48.9876320Z [36;1m# Fetch the latest changes from the remote repository[0m
2025-04-17T00:31:48.9876606Z [36;1mgit fetch origin main[0m
2025-04-17T00:31:48.9915407Z shell: /usr/bin/bash -e {0}
2025-04-17T00:31:48.9915606Z env:
2025-04-17T00:31:48.9915754Z   CI: true
2025-04-17T00:31:48.9915899Z ##[endgroup]
2025-04-17T00:31:49.2188958Z From https://github.com/mrkurger/date-night-app2
2025-04-17T00:31:49.2189952Z  * branch            main       -> FETCH_HEAD
2025-04-17T00:31:49.2250988Z ##[group]Run # Check if there are any conflicts between local and remote
2025-04-17T00:31:49.2251440Z [36;1m# Check if there are any conflicts between local and remote[0m
2025-04-17T00:31:49.2251887Z [36;1mif git merge-tree $(git merge-base HEAD origin/main) HEAD origin/main | grep -e "^<<<<<<< ";[0m
2025-04-17T00:31:49.2252253Z [36;1mthen[0m
2025-04-17T00:31:49.2252455Z [36;1m  echo "has_conflicts=true" >> $GITHUB_OUTPUT[0m
2025-04-17T00:31:49.2252692Z [36;1melse[0m
2025-04-17T00:31:49.2252884Z [36;1m  echo "has_conflicts=false" >> $GITHUB_OUTPUT[0m
2025-04-17T00:31:49.2253120Z [36;1mfi[0m
2025-04-17T00:31:49.2295377Z shell: /usr/bin/bash -e {0}
2025-04-17T00:31:49.2295579Z env:
2025-04-17T00:31:49.2295728Z   CI: true
2025-04-17T00:31:49.2295877Z ##[endgroup]
2025-04-17T00:31:49.2429817Z ##[group]Run # Pull the latest changes with rebase strategy
2025-04-17T00:31:49.2430186Z [36;1m# Pull the latest changes with rebase strategy[0m
2025-04-17T00:31:49.2430620Z [36;1mgit pull --rebase origin main[0m
2025-04-17T00:31:49.2430837Z [36;1m[0m
2025-04-17T00:31:49.2431015Z [36;1mgit add workflow-error-logs[0m
2025-04-17T00:31:49.2431229Z [36;1m[0m
2025-04-17T00:31:49.2431398Z [36;1m# Only commit if there are changes[0m
2025-04-17T00:31:49.2431644Z [36;1mif git diff --staged --quiet; then[0m
2025-04-17T00:31:49.2431869Z [36;1m  echo "No changes to commit"[0m
2025-04-17T00:31:49.2432078Z [36;1melse[0m
2025-04-17T00:31:49.2432293Z [36;1m  git commit -m "Update workflow error logs [skip ci]"[0m
2025-04-17T00:31:49.2432569Z [36;1m  git push[0m
2025-04-17T00:31:49.2432735Z [36;1mfi[0m
2025-04-17T00:31:49.2470285Z shell: /usr/bin/bash -e {0}
2025-04-17T00:31:49.2470490Z env:
2025-04-17T00:31:49.2470628Z   CI: true
2025-04-17T00:31:49.2470777Z ##[endgroup]
2025-04-17T00:31:49.7125802Z error: cannot pull with rebase: You have unstaged changes.
2025-04-17T00:31:49.7131429Z error: Please commit or stash them.
2025-04-17T00:31:49.7144929Z ##[error]Process completed with exit code 128.
2025-04-17T00:31:49.7234006Z Post job cleanup.
2025-04-17T00:31:49.8119224Z [command]/usr/bin/git version
2025-04-17T00:31:49.8157173Z git version 2.49.0
2025-04-17T00:31:49.8201177Z Temporarily overriding HOME='/home/runner/work/_temp/df45a077-6521-47be-b747-6e0505bd0974' before making global git config changes
2025-04-17T00:31:49.8203012Z Adding repository directory to the temporary git global config as a safe directory
2025-04-17T00:31:49.8216045Z [command]/usr/bin/git config --global --add safe.directory /home/runner/work/date-night-app2/date-night-app2
2025-04-17T00:31:49.8253659Z [command]/usr/bin/git config --local --name-only --get-regexp core\.sshCommand
2025-04-17T00:31:49.8288313Z [command]/usr/bin/git submodule foreach --recursive sh -c "git config --local --name-only --get-regexp 'core\.sshCommand' && git config --local --unset-all 'core.sshCommand' || :"
2025-04-17T00:31:49.8510451Z [command]/usr/bin/git config --local --name-only --get-regexp http\.https\:\/\/github\.com\/\.extraheader
2025-04-17T00:31:49.8531509Z http.https://github.com/.extraheader
2025-04-17T00:31:49.8544871Z [command]/usr/bin/git config --local --unset-all http.https://github.com/.extraheader
2025-04-17T00:31:49.8579772Z [command]/usr/bin/git submodule foreach --recursive sh -c "git config --local --name-only --get-regexp 'http\.https\:\/\/github\.com\/\.extraheader' && git config --local --unset-all 'http.https://github.com/.extraheader' || :"
2025-04-17T00:31:49.8890167Z Cleaning up orphan processes
