2025-04-16T17:50:16.1751278Z Current runner version: '2.323.0'
2025-04-16T17:50:16.1786712Z ##[group]Operating System
2025-04-16T17:50:16.1787835Z Ubuntu
2025-04-16T17:50:16.1788573Z 24.04.2
2025-04-16T17:50:16.1789247Z LTS
2025-04-16T17:50:16.1790084Z ##[endgroup]
2025-04-16T17:50:16.1790912Z ##[group]Runner Image
2025-04-16T17:50:16.1791776Z Image: ubuntu-24.04
2025-04-16T17:50:16.1793007Z Version: 20250413.1.0
2025-04-16T17:50:16.1794726Z Included Software: https://github.com/actions/runner-images/blob/ubuntu24/20250413.1/images/ubuntu/Ubuntu2404-Readme.md
2025-04-16T17:50:16.1797321Z Image Release: https://github.com/actions/runner-images/releases/tag/ubuntu24%2F20250413.1
2025-04-16T17:50:16.1799027Z ##[endgroup]
2025-04-16T17:50:16.1799871Z ##[group]Runner Image Provisioner
2025-04-16T17:50:16.1800828Z 2.0.422.1
2025-04-16T17:50:16.1801649Z ##[endgroup]
2025-04-16T17:50:16.1806338Z ##[group]GITHUB_TOKEN Permissions
2025-04-16T17:50:16.1809144Z Actions: write
2025-04-16T17:50:16.1810314Z Attestations: write
2025-04-16T17:50:16.1811457Z Checks: write
2025-04-16T17:50:16.1812252Z Contents: write
2025-04-16T17:50:16.1813425Z Deployments: write
2025-04-16T17:50:16.1814351Z Discussions: write
2025-04-16T17:50:16.1815265Z Issues: write
2025-04-16T17:50:16.1816050Z Metadata: read
2025-04-16T17:50:16.1817016Z Models: read
2025-04-16T17:50:16.1817910Z Packages: write
2025-04-16T17:50:16.1818731Z Pages: write
2025-04-16T17:50:16.1819722Z PullRequests: write
2025-04-16T17:50:16.1820703Z RepositoryProjects: write
2025-04-16T17:50:16.1821671Z SecurityEvents: write
2025-04-16T17:50:16.1822785Z Statuses: write
2025-04-16T17:50:16.1823882Z ##[endgroup]
2025-04-16T17:50:16.1827274Z Secret source: Actions
2025-04-16T17:50:16.1828753Z Prepare workflow directory
2025-04-16T17:50:16.2597687Z Prepare all required actions
2025-04-16T17:50:16.2654391Z Getting action download info
2025-04-16T17:50:16.7987756Z ##[group]Download immutable action package 'actions/checkout@v4'
2025-04-16T17:50:16.7989040Z Version: 4.2.2
2025-04-16T17:50:16.7990203Z Digest: sha256:ccb2698953eaebd21c7bf6268a94f9c26518a7e38e27e0b83c1fe1ad049819b1
2025-04-16T17:50:16.7991457Z Source commit SHA: 11bd71901bbe5b1630ceea73d27597364c9af683
2025-04-16T17:50:16.7992167Z ##[endgroup]
2025-04-16T17:50:16.9203629Z ##[group]Download immutable action package 'actions/setup-node@v4'
2025-04-16T17:50:16.9204500Z Version: 4.4.0
2025-04-16T17:50:16.9205264Z Digest: sha256:9427cefe82346e992fb5b949e3569b39d537ae41aa3086483b14eceebfc16bc1
2025-04-16T17:50:16.9206156Z Source commit SHA: 49933ea5288caeca8642d1e84afbd3f7d6820020
2025-04-16T17:50:16.9206873Z ##[endgroup]
2025-04-16T17:50:17.2275045Z ##[group]Download immutable action package 'actions/upload-artifact@v4'
2025-04-16T17:50:17.2275847Z Version: 4.6.2
2025-04-16T17:50:17.2276616Z Digest: sha256:290722aa3281d5caf23d0acdc3dbeb3424786a1a01a9cc97e72f147225e37c38
2025-04-16T17:50:17.2277562Z Source commit SHA: ea165f8d65b6e75b540449e92b4886f43607fa02
2025-04-16T17:50:17.2278201Z ##[endgroup]
2025-04-16T17:50:17.4368331Z Complete job name: test (22.x)
2025-04-16T17:50:17.4950792Z ##[group]Run actions/checkout@v4
2025-04-16T17:50:17.4951609Z with:
2025-04-16T17:50:17.4952011Z   repository: mrkurger/date-night-app2
2025-04-16T17:50:17.4952996Z   token: ***
2025-04-16T17:50:17.4953370Z   ssh-strict: true
2025-04-16T17:50:17.4953740Z   ssh-user: git
2025-04-16T17:50:17.4954126Z   persist-credentials: true
2025-04-16T17:50:17.4954540Z   clean: true
2025-04-16T17:50:17.4954929Z   sparse-checkout-cone-mode: true
2025-04-16T17:50:17.4955380Z   fetch-depth: 1
2025-04-16T17:50:17.4955760Z   fetch-tags: false
2025-04-16T17:50:17.4956147Z   show-progress: true
2025-04-16T17:50:17.4956531Z   lfs: false
2025-04-16T17:50:17.4956872Z   submodules: false
2025-04-16T17:50:17.4957261Z   set-safe-directory: true
2025-04-16T17:50:17.4957961Z env:
2025-04-16T17:50:17.4958300Z   CI: true
2025-04-16T17:50:17.4958631Z ##[endgroup]
2025-04-16T17:50:17.7543151Z Syncing repository: mrkurger/date-night-app2
2025-04-16T17:50:17.7546351Z ##[group]Getting Git version info
2025-04-16T17:50:17.7548709Z Working directory is '/home/runner/work/date-night-app2/date-night-app2'
2025-04-16T17:50:17.7550909Z [command]/usr/bin/git version
2025-04-16T17:50:17.7626564Z git version 2.49.0
2025-04-16T17:50:17.7660289Z ##[endgroup]
2025-04-16T17:50:17.7678532Z Temporarily overriding HOME='/home/runner/work/_temp/57b4269e-f089-4090-a66e-fda7961183c5' before making global git config changes
2025-04-16T17:50:17.7681626Z Adding repository directory to the temporary git global config as a safe directory
2025-04-16T17:50:17.7700112Z [command]/usr/bin/git config --global --add safe.directory /home/runner/work/date-night-app2/date-night-app2
2025-04-16T17:50:17.7745112Z Deleting the contents of '/home/runner/work/date-night-app2/date-night-app2'
2025-04-16T17:50:17.7747770Z ##[group]Initializing the repository
2025-04-16T17:50:17.7753207Z [command]/usr/bin/git init /home/runner/work/date-night-app2/date-night-app2
2025-04-16T17:50:17.7855789Z hint: Using 'master' as the name for the initial branch. This default branch name
2025-04-16T17:50:17.7857617Z hint: is subject to change. To configure the initial branch name to use in all
2025-04-16T17:50:17.7858638Z hint: of your new repositories, which will suppress this warning, call:
2025-04-16T17:50:17.7859422Z hint:
2025-04-16T17:50:17.7859921Z hint: 	git config --global init.defaultBranch <name>
2025-04-16T17:50:17.7860517Z hint:
2025-04-16T17:50:17.7861075Z hint: Names commonly chosen instead of 'master' are 'main', 'trunk' and
2025-04-16T17:50:17.7861987Z hint: 'development'. The just-created branch can be renamed via this command:
2025-04-16T17:50:17.7863036Z hint:
2025-04-16T17:50:17.7863456Z hint: 	git branch -m <name>
2025-04-16T17:50:17.7875352Z Initialized empty Git repository in /home/runner/work/date-night-app2/date-night-app2/.git/
2025-04-16T17:50:17.7888385Z [command]/usr/bin/git remote add origin https://github.com/mrkurger/date-night-app2
2025-04-16T17:50:17.7932775Z ##[endgroup]
2025-04-16T17:50:17.7934280Z ##[group]Disabling automatic garbage collection
2025-04-16T17:50:17.7936976Z [command]/usr/bin/git config --local gc.auto 0
2025-04-16T17:50:17.7971552Z ##[endgroup]
2025-04-16T17:50:17.7973279Z ##[group]Setting up auth
2025-04-16T17:50:17.7984409Z [command]/usr/bin/git config --local --name-only --get-regexp core\.sshCommand
2025-04-16T17:50:17.8015223Z [command]/usr/bin/git submodule foreach --recursive sh -c "git config --local --name-only --get-regexp 'core\.sshCommand' && git config --local --unset-all 'core.sshCommand' || :"
2025-04-16T17:50:17.8373479Z [command]/usr/bin/git config --local --name-only --get-regexp http\.https\:\/\/github\.com\/\.extraheader
2025-04-16T17:50:17.8409463Z [command]/usr/bin/git submodule foreach --recursive sh -c "git config --local --name-only --get-regexp 'http\.https\:\/\/github\.com\/\.extraheader' && git config --local --unset-all 'http.https://github.com/.extraheader' || :"
2025-04-16T17:50:17.8654201Z [command]/usr/bin/git config --local http.https://github.com/.extraheader AUTHORIZATION: basic ***
2025-04-16T17:50:17.8705416Z ##[endgroup]
2025-04-16T17:50:17.8708296Z ##[group]Fetching the repository
2025-04-16T17:50:17.8714388Z [command]/usr/bin/git -c protocol.version=2 fetch --no-tags --prune --no-recurse-submodules --depth=1 origin +c105d335e584b4ccd26d29723ec78e539f006739:refs/remotes/origin/main
2025-04-16T17:50:20.6263495Z From https://github.com/mrkurger/date-night-app2
2025-04-16T17:50:20.6265011Z  * [new ref]         c105d335e584b4ccd26d29723ec78e539f006739 -> origin/main
2025-04-16T17:50:20.6305052Z ##[endgroup]
2025-04-16T17:50:20.6306282Z ##[group]Determining the checkout info
2025-04-16T17:50:20.6307482Z ##[endgroup]
2025-04-16T17:50:20.6314266Z [command]/usr/bin/git sparse-checkout disable
2025-04-16T17:50:20.6379749Z [command]/usr/bin/git config --local --unset-all extensions.worktreeConfig
2025-04-16T17:50:20.6440767Z ##[group]Checking out the ref
2025-04-16T17:50:20.6441890Z [command]/usr/bin/git checkout --progress --force -B main refs/remotes/origin/main
2025-04-16T17:50:21.1595602Z Switched to a new branch 'main'
2025-04-16T17:50:21.1601096Z branch 'main' set up to track 'origin/main'.
2025-04-16T17:50:21.1627905Z ##[endgroup]
2025-04-16T17:50:21.1667625Z [command]/usr/bin/git log -1 --format=%H
2025-04-16T17:50:21.1693074Z c105d335e584b4ccd26d29723ec78e539f006739
2025-04-16T17:50:21.1923158Z ##[group]Run actions/setup-node@v4
2025-04-16T17:50:21.1923483Z with:
2025-04-16T17:50:21.1923660Z   node-version: 22.x
2025-04-16T17:50:21.1923859Z   cache: npm
2025-04-16T17:50:21.1924118Z   cache-dependency-path: client-angular/package-lock.json
2025-04-16T17:50:21.1924417Z   always-auth: false
2025-04-16T17:50:21.1924618Z   check-latest: false
2025-04-16T17:50:21.1924943Z   token: ***
2025-04-16T17:50:21.1925136Z env:
2025-04-16T17:50:21.1925287Z   CI: true
2025-04-16T17:50:21.1925451Z ##[endgroup]
2025-04-16T17:50:21.3721984Z Found in cache @ /opt/hostedtoolcache/node/22.14.0/x64
2025-04-16T17:50:21.3727328Z ##[group]Environment details
2025-04-16T17:50:21.8555730Z node: v22.14.0
2025-04-16T17:50:21.8563193Z npm: 10.9.2
2025-04-16T17:50:21.8563739Z yarn: 1.22.22
2025-04-16T17:50:21.8564552Z ##[endgroup]
2025-04-16T17:50:21.8600312Z [command]/opt/hostedtoolcache/node/22.14.0/x64/bin/npm config get cache
2025-04-16T17:50:22.0041791Z /home/runner/.npm
2025-04-16T17:50:22.3184562Z Cache hit for: node-cache-Linux-x64-npm-eed186788acb99c392cc79891935d042040413390720b7932c16d8b7ca478e8b
2025-04-16T17:50:23.6403489Z Received 0 of 69351304 (0.0%), 0.0 MBs/sec
2025-04-16T17:50:24.5187445Z Received 69351304 of 69351304 (100.0%), 35.2 MBs/sec
2025-04-16T17:50:24.5190910Z Cache Size: ~66 MB (69351304 B)
2025-04-16T17:50:24.5242077Z [command]/usr/bin/tar -xf /home/runner/work/_temp/96aa09b0-15e9-4e38-95d6-19d9e3e174ec/cache.tzst -P -C /home/runner/work/date-night-app2/date-night-app2 --use-compress-program unzstd
2025-04-16T17:50:24.8387323Z Cache restored successfully
2025-04-16T17:50:24.8543184Z Cache restored from key: node-cache-Linux-x64-npm-eed186788acb99c392cc79891935d042040413390720b7932c16d8b7ca478e8b
2025-04-16T17:50:24.8706645Z ##[group]Run npm ci
2025-04-16T17:50:24.8706929Z [36;1mnpm ci[0m
2025-04-16T17:50:24.8761959Z shell: /usr/bin/bash -e {0}
2025-04-16T17:50:24.8762211Z env:
2025-04-16T17:50:24.8762661Z   CI: true
2025-04-16T17:50:24.8762839Z ##[endgroup]
2025-04-16T17:50:30.3790294Z npm warn deprecated inflight@1.0.6: This module is not supported, and leaks memory. Do not use it. Check out lru-cache if you want a good and tested way to coalesce async requests by a key value, which is much more comprehensive and powerful.
2025-04-16T17:50:30.6923220Z npm warn deprecated rimraf@3.0.2: Rimraf versions prior to v4 are no longer supported
2025-04-16T17:50:30.7265987Z npm warn deprecated abab@2.0.6: Use your platform's native atob() and btoa() methods instead
2025-04-16T17:50:30.9394996Z npm warn deprecated glob@7.2.3: Glob versions prior to v9 are no longer supported
2025-04-16T17:50:31.1157137Z npm warn deprecated domexception@4.0.0: Use your platform's native DOMException instead
2025-04-16T17:50:32.1063998Z npm warn deprecated @humanwhocodes/config-array@0.11.14: Use @eslint/config-array instead
2025-04-16T17:50:32.1074309Z npm warn deprecated @humanwhocodes/object-schema@2.0.3: Use @eslint/object-schema instead
2025-04-16T17:50:36.4926171Z npm warn deprecated eslint@8.56.0: This version is no longer supported. Please see https://eslint.org/version-support for other options.
2025-04-16T17:50:51.3077133Z 
2025-04-16T17:50:51.3078152Z > date-night-app@1.0.0 preinstall
2025-04-16T17:50:51.3079042Z > node scripts/disable-husky-in-ci.js
2025-04-16T17:50:51.3080516Z 
2025-04-16T17:50:51.3427870Z .huskyrc file created to disable husky in CI environments
2025-04-16T17:50:51.3435555Z .huskyrc file made executable
2025-04-16T17:50:51.3486387Z 
2025-04-16T17:50:51.3491645Z > date-night-app@1.0.0 prepare
2025-04-16T17:50:51.3496266Z > [ -n "$CI" ] || husky
2025-04-16T17:50:51.3510367Z 
2025-04-16T17:50:51.3856167Z 
2025-04-16T17:50:51.3858774Z added 1470 packages, and audited 1472 packages in 26s
2025-04-16T17:50:51.3859541Z 
2025-04-16T17:50:51.3860342Z 294 packages are looking for funding
2025-04-16T17:50:51.3861047Z   run `npm fund` for details
2025-04-16T17:50:51.3871754Z 
2025-04-16T17:50:51.3872169Z found 0 vulnerabilities
2025-04-16T17:50:51.4909515Z ##[group]Run npm test -- --watch=false --browsers=ChromeHeadless --no-progress
2025-04-16T17:50:51.4910048Z [36;1mnpm test -- --watch=false --browsers=ChromeHeadless --no-progress[0m
2025-04-16T17:50:51.4967182Z shell: /usr/bin/bash -e {0}
2025-04-16T17:50:51.4967405Z env:
2025-04-16T17:50:51.4967573Z   CI: true
2025-04-16T17:50:51.4967738Z ##[endgroup]
2025-04-16T17:50:51.6232799Z 
2025-04-16T17:50:51.6234671Z > client-angular@0.0.0 test
2025-04-16T17:50:51.6235553Z > ng test client-angular --watch=false --browsers=ChromeHeadless --no-progress
2025-04-16T17:50:51.6236062Z 
2025-04-16T17:51:26.6575853Z [1m[31m
2025-04-16T17:51:26.6578699Z ./src/app/admin/telemetry-dashboard/telemetry-dashboard.component.ts:20:0-48 - Error: Module not found: Error: Can't resolve 'chart.js' in '/home/runner/work/date-night-app2/date-night-app2/client-angular/src/app/admin/telemetry-dashboard'
2025-04-16T17:51:26.6580665Z 
2025-04-16T17:51:26.6586108Z ./src/app/shared/components/map/map.component.ts - Error: Module build failed (from ../node_modules/@angular-devkit/build-angular/src/tools/babel/webpack-loader.js):
2025-04-16T17:51:26.6588759Z SyntaxError: /home/runner/work/date-night-app2/date-night-app2/client-angular/src/app/shared/components/map/map.component.ts: Identifier 'MapComponent' has already been declared. (630:4)
2025-04-16T17:51:26.6590042Z 
2025-04-16T17:51:26.6590661Z [0m [90m 628 |[31m ][33m,[31m [33mMapComponent[31m)[33m;[31m
2025-04-16T17:51:26.6591615Z  [90m 629 |[31m [36mexport[31m { [33mMapComponent[31m }[33m;[31m
2025-04-16T17:51:26.6593325Z [31m[1m>[22m[1m[31m[90m 630 |[31m [36mlet[31m [33mMapComponent[31m [33m=[31m [36mclass[31m [33mMapComponent[31m {
2025-04-16T17:51:26.6594343Z  [90m     |[31m     [31m[1m^[22m[1m[31m
2025-04-16T17:51:26.6595005Z  [90m 631 |[31m     geocodingService[33m;[31m
2025-04-16T17:51:26.6595797Z  [90m 632 |[31m     height [33m=[31m [32m'400px'[31m[33m;[31m
2025-04-16T17:51:26.6596769Z  [90m 633 |[31m     initialLatitude [33m=[31m [35m59.9139[31m[33m;[31m[0m
2025-04-16T17:51:26.6597300Z 
2025-04-16T17:51:26.6598664Z ./src/app/shared/emerald/card-grid/card-grid.component.spec.ts - Error: Module build failed (from ../node_modules/@angular-devkit/build-angular/src/tools/babel/webpack-loader.js):
2025-04-16T17:51:26.6601173Z SyntaxError: /home/runner/work/date-night-app2/date-night-app2/client-angular/src/app/shared/emerald/card-grid/card-grid.component.spec.ts: Unexpected token (11:45)
2025-04-16T17:51:26.6636095Z 
2025-04-16T17:51:26.6636783Z [0m [90m  9 |[31m [90m// ===================================================[31m
2025-04-16T17:51:26.6637912Z  [90m 10 |[31m [36mimport[31m { [33mTestBed[31m } [36mfrom[31m [32m'@angular/core/testing'[31m[33m;[31m
2025-04-16T17:51:26.6639530Z [31m[1m>[22m[1m[31m[90m 11 |[31m [36mimport[31m { [33mComponent[31m[33m,[31m [33mNO_ERRORS_SCHEMA[31m[33m,[31m } [36mfrom[31m [33m;[31m
2025-04-16T17:51:26.6640710Z  [90m    |[31m                                              [31m[1m^[22m[1m[31m
2025-04-16T17:51:26.6641887Z  [90m 12 |[31m [36mimport[31m { [33mCardGridComponent[31m } [36mfrom[31m [32m'./card-grid.component'[31m[33m;[31m
2025-04-16T17:51:26.6665618Z  [90m 13 |[31m [36mimport[31m { [33mSkeletonLoaderComponent[31m } [36mfrom[31m [32m'../components/skeleton-loader/skeleton-loader.component'[31m[33m;[31m
2025-04-16T17:51:26.6667406Z  [90m 14 |[31m [36mimport[31m { [33mCommonTestModule[31m } [36mfrom[31m [32m'../../../testing/common-test.module'[31m[33m;[31m[0m
2025-04-16T17:51:26.6668143Z 
2025-04-16T17:51:26.6669393Z ./src/app/features/advertiser-profile/advertiser-profile.component.scss?ngResource - Error: Module build failed (from ../node_modules/sass-loader/dist/cjs.js):
2025-04-16T17:51:26.6671433Z Two forwarded modules both define a variable named $color-primary.
2025-04-16T17:51:26.6672134Z    ‚ï∑
2025-04-16T17:51:26.6672815Z 20 ‚îÇ @forward 'components';
2025-04-16T17:51:26.6673772Z    ‚îÇ ‚îÅ‚îÅ‚îÅ‚îÅ‚îÅ‚îÅ‚îÅ‚îÅ‚îÅ‚îÅ‚îÅ‚îÅ‚îÅ‚îÅ‚îÅ‚îÅ‚îÅ‚îÅ‚îÅ‚îÅ‚îÅ original @forward
2025-04-16T17:51:26.6674471Z 21 ‚îÇ @forward 'typography-mixins';
2025-04-16T17:51:26.6675104Z    ‚îÇ ^^^^^^^^^^^^^^^^^^^^^^^^^^^^ new @forward
2025-04-16T17:51:26.6675588Z    ‚ïµ
2025-04-16T17:51:26.6676216Z   src/app/core/design/main.scss 21:1                                         @forward
2025-04-16T17:51:26.6677187Z   src/styles/design-system/index.scss 23:1                                   @use
2025-04-16T17:51:26.6678329Z   src/app/features/advertiser-profile/advertiser-profile.component.scss 1:1  root stylesheet
2025-04-16T17:51:26.6679004Z 
2025-04-16T17:51:26.6680192Z ./src/app/features/user-settings/user-settings.component.scss?ngResource - Error: Module build failed (from ../node_modules/sass-loader/dist/cjs.js):
2025-04-16T17:51:26.6681669Z Two forwarded modules both define a variable named $color-primary.
2025-04-16T17:51:26.6685881Z    ‚ï∑
2025-04-16T17:51:26.6686400Z 20 ‚îÇ @forward 'components';
2025-04-16T17:51:26.6687026Z    ‚îÇ ‚îÅ‚îÅ‚îÅ‚îÅ‚îÅ‚îÅ‚îÅ‚îÅ‚îÅ‚îÅ‚îÅ‚îÅ‚îÅ‚îÅ‚îÅ‚îÅ‚îÅ‚îÅ‚îÅ‚îÅ‚îÅ original @forward
2025-04-16T17:51:26.6687661Z 21 ‚îÇ @forward 'typography-mixins';
2025-04-16T17:51:26.6688725Z    ‚îÇ ^^^^^^^^^^^^^^^^^^^^^^^^^^^^ new @forward
2025-04-16T17:51:26.6689182Z    ‚ïµ
2025-04-16T17:51:26.6689740Z   src/app/core/design/main.scss 21:1                                @forward
2025-04-16T17:51:26.6690592Z   src/styles/design-system/index.scss 23:1                          @use
2025-04-16T17:51:26.6691565Z   src/app/features/user-settings/user-settings.component.scss 10:1  root stylesheet
2025-04-16T17:51:26.6692159Z 
2025-04-16T17:51:26.6694352Z Error: [96msrc/app/admin/telemetry-dashboard/telemetry-dashboard.component.ts[0m:[93m18[0m:[93m38[0m - [91merror[0m[90m TS2307: [0mCannot find module 'chart.js' or its corresponding type declarations.
2025-04-16T17:51:26.6695616Z 
2025-04-16T17:51:26.6696175Z [7m18[0m import { Chart, registerables } from 'chart.js';
2025-04-16T17:51:26.6697053Z [7m  [0m [91m                                     ~~~~~~~~~~[0m
2025-04-16T17:51:26.6697411Z 
2025-04-16T17:51:26.6697424Z 
2025-04-16T17:51:26.6698806Z Error: [96msrc/app/core/services/alert.service.ts[0m:[93m180[0m:[93m9[0m - [91merror[0m[90m TS2322: [0mType 'string' is not assignable to type 'AlertTimeWindow'.
2025-04-16T17:51:26.6699743Z 
2025-04-16T17:51:26.6700034Z [7m180[0m         timeWindow,
2025-04-16T17:51:26.6700630Z [7m   [0m [91m        ~~~~~~~~~~[0m
2025-04-16T17:51:26.6700925Z 
2025-04-16T17:51:26.6701412Z   [96msrc/app/core/models/alert.model.ts[0m:[93m52[0m:[93m3[0m
2025-04-16T17:51:26.6702182Z     [7m52[0m   timeWindow: AlertTimeWindow;
2025-04-16T17:51:26.6703149Z     [7m  [0m [96m  ~~~~~~~~~~[0m
2025-04-16T17:51:26.6704028Z     The expected type comes from property 'timeWindow' which is declared here on type 'AlertCondition'
2025-04-16T17:51:26.6704688Z 
2025-04-16T17:51:26.6704698Z 
2025-04-16T17:51:26.6706098Z Error: [96msrc/app/core/services/alert.service.ts[0m:[93m185[0m:[93m11[0m - [91merror[0m[90m TS2322: [0mType '"ui"' is not assignable to type 'AlertChannel'.
2025-04-16T17:51:26.6707046Z 
2025-04-16T17:51:26.6707408Z [7m185[0m           channel: 'ui',
2025-04-16T17:51:26.6708016Z [7m   [0m [91m          ~~~~~~~[0m
2025-04-16T17:51:26.6708303Z 
2025-04-16T17:51:26.6708814Z   [96msrc/app/core/models/alert.model.ts[0m:[93m66[0m:[93m3[0m
2025-04-16T17:51:26.6709601Z     [7m66[0m   channel: AlertChannel;
2025-04-16T17:51:26.6710197Z     [7m  [0m [96m  ~~~~~~~[0m
2025-04-16T17:51:26.6711074Z     The expected type comes from property 'channel' which is declared here on type 'AlertNotification'
2025-04-16T17:51:26.6711728Z 
2025-04-16T17:51:26.6711748Z 
2025-04-16T17:51:26.6713439Z Error: [96msrc/app/core/services/alert.service.ts[0m:[93m188[0m:[93m11[0m - [91merror[0m[90m TS2322: [0mType '"email"' is not assignable to type 'AlertChannel'.
2025-04-16T17:51:26.6714732Z 
2025-04-16T17:51:26.6715126Z [7m188[0m           channel: 'email',
2025-04-16T17:51:26.6715777Z [7m   [0m [91m          ~~~~~~~[0m
2025-04-16T17:51:26.6716391Z 
2025-04-16T17:51:26.6716954Z   [96msrc/app/core/models/alert.model.ts[0m:[93m66[0m:[93m3[0m
2025-04-16T17:51:26.6717701Z     [7m66[0m   channel: AlertChannel;
2025-04-16T17:51:26.6718254Z     [7m  [0m [96m  ~~~~~~~[0m
2025-04-16T17:51:26.6719126Z     The expected type comes from property 'channel' which is declared here on type 'AlertNotification'
2025-04-16T17:51:26.6719846Z 
2025-04-16T17:51:26.6719863Z 
2025-04-16T17:51:26.6721271Z Error: [96msrc/app/core/services/alert.service.ts[0m:[93m219[0m:[93m9[0m - [91merror[0m[90m TS2322: [0mType 'string' is not assignable to type 'AlertTimeWindow'.
2025-04-16T17:51:26.6722161Z 
2025-04-16T17:51:26.6722712Z [7m219[0m         timeWindow,
2025-04-16T17:51:26.6723268Z [7m   [0m [91m        ~~~~~~~~~~[0m
2025-04-16T17:51:26.6723565Z 
2025-04-16T17:51:26.6724060Z   [96msrc/app/core/models/alert.model.ts[0m:[93m52[0m:[93m3[0m
2025-04-16T17:51:26.6724849Z     [7m52[0m   timeWindow: AlertTimeWindow;
2025-04-16T17:51:26.6725449Z     [7m  [0m [96m  ~~~~~~~~~~[0m
2025-04-16T17:51:26.6726287Z     The expected type comes from property 'timeWindow' which is declared here on type 'AlertCondition'
2025-04-16T17:51:26.6726942Z 
2025-04-16T17:51:26.6726952Z 
2025-04-16T17:51:26.6728324Z Error: [96msrc/app/core/services/alert.service.ts[0m:[93m223[0m:[93m11[0m - [91merror[0m[90m TS2322: [0mType '"ui"' is not assignable to type 'AlertChannel'.
2025-04-16T17:51:26.6729220Z 
2025-04-16T17:51:26.6729578Z [7m223[0m           channel: 'ui',
2025-04-16T17:51:26.6730159Z [7m   [0m [91m          ~~~~~~~[0m
2025-04-16T17:51:26.6730461Z 
2025-04-16T17:51:26.6730972Z   [96msrc/app/core/models/alert.model.ts[0m:[93m66[0m:[93m3[0m
2025-04-16T17:51:26.6731712Z     [7m66[0m   channel: AlertChannel;
2025-04-16T17:51:26.6732218Z     [7m  [0m [96m  ~~~~~~~[0m
2025-04-16T17:51:26.6733213Z     The expected type comes from property 'channel' which is declared here on type 'AlertNotification'
2025-04-16T17:51:26.6733784Z 
2025-04-16T17:51:26.6733806Z 
2025-04-16T17:51:26.6735078Z Error: [96msrc/app/core/services/alert.service.ts[0m:[93m226[0m:[93m11[0m - [91merror[0m[90m TS2322: [0mType '"email"' is not assignable to type 'AlertChannel'.
2025-04-16T17:51:26.6735985Z 
2025-04-16T17:51:26.6736318Z [7m226[0m           channel: 'email',
2025-04-16T17:51:26.6736870Z [7m   [0m [91m          ~~~~~~~[0m
2025-04-16T17:51:26.6737143Z 
2025-04-16T17:51:26.6737596Z   [96msrc/app/core/models/alert.model.ts[0m:[93m66[0m:[93m3[0m
2025-04-16T17:51:26.6738267Z     [7m66[0m   channel: AlertChannel;
2025-04-16T17:51:26.6738775Z     [7m  [0m [96m  ~~~~~~~[0m
2025-04-16T17:51:26.6739540Z     The expected type comes from property 'channel' which is declared here on type 'AlertNotification'
2025-04-16T17:51:26.6740139Z 
2025-04-16T17:51:26.6740160Z 
2025-04-16T17:51:26.6741523Z Error: [96msrc/app/core/services/alert.service.ts[0m:[93m259[0m:[93m9[0m - [91merror[0m[90m TS2322: [0mType 'string' is not assignable to type 'AlertTimeWindow'.
2025-04-16T17:51:26.6743258Z 
2025-04-16T17:51:26.6743593Z [7m259[0m         timeWindow,
2025-04-16T17:51:26.6744145Z [7m   [0m [91m        ~~~~~~~~~~[0m
2025-04-16T17:51:26.6744427Z 
2025-04-16T17:51:26.6744900Z   [96msrc/app/core/models/alert.model.ts[0m:[93m52[0m:[93m3[0m
2025-04-16T17:51:26.6745611Z     [7m52[0m   timeWindow: AlertTimeWindow;
2025-04-16T17:51:26.6746189Z     [7m  [0m [96m  ~~~~~~~~~~[0m
2025-04-16T17:51:26.6747069Z     The expected type comes from property 'timeWindow' which is declared here on type 'AlertCondition'
2025-04-16T17:51:26.6747742Z 
2025-04-16T17:51:26.6747754Z 
2025-04-16T17:51:26.6749124Z Error: [96msrc/app/core/services/alert.service.ts[0m:[93m264[0m:[93m11[0m - [91merror[0m[90m TS2322: [0mType '"ui"' is not assignable to type 'AlertChannel'.
2025-04-16T17:51:26.6750346Z 
2025-04-16T17:51:26.6750699Z [7m264[0m           channel: 'ui',
2025-04-16T17:51:26.6751315Z [7m   [0m [91m          ~~~~~~~[0m
2025-04-16T17:51:26.6751860Z 
2025-04-16T17:51:26.6752605Z   [96msrc/app/core/models/alert.model.ts[0m:[93m66[0m:[93m3[0m
2025-04-16T17:51:26.6754789Z     [7m66[0m   channel: AlertChannel;
2025-04-16T17:51:26.6755687Z     [7m  [0m [96m  ~~~~~~~[0m
2025-04-16T17:51:26.6756555Z     The expected type comes from property 'channel' which is declared here on type 'AlertNotification'
2025-04-16T17:51:26.6757205Z 
2025-04-16T17:51:26.6757214Z 
2025-04-16T17:51:26.6758615Z Error: [96msrc/app/core/services/alert.service.ts[0m:[93m267[0m:[93m11[0m - [91merror[0m[90m TS2322: [0mType '"slack"' is not assignable to type 'AlertChannel'.
2025-04-16T17:51:26.6759550Z 
2025-04-16T17:51:26.6759889Z [7m267[0m           channel: 'slack',
2025-04-16T17:51:26.6760443Z [7m   [0m [91m          ~~~~~~~[0m
2025-04-16T17:51:26.6760743Z 
2025-04-16T17:51:26.6761210Z   [96msrc/app/core/models/alert.model.ts[0m:[93m66[0m:[93m3[0m
2025-04-16T17:51:26.6761947Z     [7m66[0m   channel: AlertChannel;
2025-04-16T17:51:26.6762695Z     [7m  [0m [96m  ~~~~~~~[0m
2025-04-16T17:51:26.6763546Z     The expected type comes from property 'channel' which is declared here on type 'AlertNotification'
2025-04-16T17:51:26.6764157Z 
2025-04-16T17:51:26.6764166Z 
2025-04-16T17:51:26.6765508Z Error: [96msrc/app/core/services/alert.service.ts[0m:[93m300[0m:[93m9[0m - [91merror[0m[90m TS2322: [0mType 'string' is not assignable to type 'AlertTimeWindow'.
2025-04-16T17:51:26.6766442Z 
2025-04-16T17:51:26.6766730Z [7m300[0m         timeWindow,
2025-04-16T17:51:26.6767283Z [7m   [0m [91m        ~~~~~~~~~~[0m
2025-04-16T17:51:26.6767570Z 
2025-04-16T17:51:26.6768039Z   [96msrc/app/core/models/alert.model.ts[0m:[93m52[0m:[93m3[0m
2025-04-16T17:51:26.6768784Z     [7m52[0m   timeWindow: AlertTimeWindow;
2025-04-16T17:51:26.6769350Z     [7m  [0m [96m  ~~~~~~~~~~[0m
2025-04-16T17:51:26.6770209Z     The expected type comes from property 'timeWindow' which is declared here on type 'AlertCondition'
2025-04-16T17:51:26.6770849Z 
2025-04-16T17:51:26.6770865Z 
2025-04-16T17:51:26.6772181Z Error: [96msrc/app/core/services/alert.service.ts[0m:[93m305[0m:[93m11[0m - [91merror[0m[90m TS2322: [0mType '"ui"' is not assignable to type 'AlertChannel'.
2025-04-16T17:51:26.6773535Z 
2025-04-16T17:51:26.6773907Z [7m305[0m           channel: 'ui',
2025-04-16T17:51:26.6774519Z [7m   [0m [91m          ~~~~~~~[0m
2025-04-16T17:51:26.6774814Z 
2025-04-16T17:51:26.6775310Z   [96msrc/app/core/models/alert.model.ts[0m:[93m66[0m:[93m3[0m
2025-04-16T17:51:26.6776058Z     [7m66[0m   channel: AlertChannel;
2025-04-16T17:51:26.6776569Z     [7m  [0m [96m  ~~~~~~~[0m
2025-04-16T17:51:26.6777387Z     The expected type comes from property 'channel' which is declared here on type 'AlertNotification'
2025-04-16T17:51:26.6778032Z 
2025-04-16T17:51:26.6778055Z 
2025-04-16T17:51:26.6779370Z Error: [96msrc/app/core/services/alert.service.ts[0m:[93m308[0m:[93m11[0m - [91merror[0m[90m TS2322: [0mType '"email"' is not assignable to type 'AlertChannel'.
2025-04-16T17:51:26.6780521Z 
2025-04-16T17:51:26.6780897Z [7m308[0m           channel: 'email',
2025-04-16T17:51:26.6781456Z [7m   [0m [91m          ~~~~~~~[0m
2025-04-16T17:51:26.6781713Z 
2025-04-16T17:51:26.6782181Z   [96msrc/app/core/models/alert.model.ts[0m:[93m66[0m:[93m3[0m
2025-04-16T17:51:26.6783101Z     [7m66[0m   channel: AlertChannel;
2025-04-16T17:51:26.6783631Z     [7m  [0m [96m  ~~~~~~~[0m
2025-04-16T17:51:26.6784471Z     The expected type comes from property 'channel' which is declared here on type 'AlertNotification'
2025-04-16T17:51:26.6785016Z 
2025-04-16T17:51:26.6785024Z 
2025-04-16T17:51:26.6786717Z Error: [96msrc/app/core/services/encryption.service.spec.ts[0m:[93m77[0m:[93m22[0m - [91merror[0m[90m TS2551: [0mProperty 'getCurrentUserId' does not exist on type 'SpyObj<AuthService>'. Did you mean 'getCurrentUser'?
2025-04-16T17:51:26.6788388Z 
2025-04-16T17:51:26.6788983Z [7m77[0m       authServiceSpy.getCurrentUserId.and.returnValue('');
2025-04-16T17:51:26.6790006Z [7m  [0m [91m                     ~~~~~~~~~~~~~~~~[0m
2025-04-16T17:51:26.6790358Z 
2025-04-16T17:51:26.6790884Z   [96msrc/app/core/services/auth.service.ts[0m:[93m135[0m:[93m3[0m
2025-04-16T17:51:26.6791691Z     [7m135[0m   getCurrentUser(): User | null {
2025-04-16T17:51:26.6792278Z     [7m   [0m [96m  ~~~~~~~~~~~~~~[0m
2025-04-16T17:51:26.6792989Z     'getCurrentUser' is declared here.
2025-04-16T17:51:26.6793289Z 
2025-04-16T17:51:26.6793298Z 
2025-04-16T17:51:26.6795072Z Error: [96msrc/app/core/services/encryption.service.ts[0m:[93m88[0m:[93m39[0m - [91merror[0m[90m TS2551: [0mProperty 'getCurrentUserId' does not exist on type 'AuthService'. Did you mean 'getCurrentUser'?
2025-04-16T17:51:26.6796270Z 
2025-04-16T17:51:26.6796793Z [7m88[0m       const userId = this.authService.getCurrentUserId();
2025-04-16T17:51:26.6797678Z [7m  [0m [91m                                      ~~~~~~~~~~~~~~~~[0m
2025-04-16T17:51:26.6798032Z 
2025-04-16T17:51:26.6798546Z   [96msrc/app/core/services/auth.service.ts[0m:[93m135[0m:[93m3[0m
2025-04-16T17:51:26.6799334Z     [7m135[0m   getCurrentUser(): User | null {
2025-04-16T17:51:26.6799918Z     [7m   [0m [96m  ~~~~~~~~~~~~~~[0m
2025-04-16T17:51:26.6800406Z     'getCurrentUser' is declared here.
2025-04-16T17:51:26.6800706Z 
2025-04-16T17:51:26.6800715Z 
2025-04-16T17:51:26.6802844Z Error: [96msrc/app/core/services/encryption.service.ts[0m:[93m136[0m:[93m37[0m - [91merror[0m[90m TS2551: [0mProperty 'getCurrentUserId' does not exist on type 'AuthService'. Did you mean 'getCurrentUser'?
2025-04-16T17:51:26.6804114Z 
2025-04-16T17:51:26.6804683Z [7m136[0m     const userId = this.authService.getCurrentUserId();
2025-04-16T17:51:26.6805673Z [7m   [0m [91m                                    ~~~~~~~~~~~~~~~~[0m
2025-04-16T17:51:26.6806052Z 
2025-04-16T17:51:26.6806617Z   [96msrc/app/core/services/auth.service.ts[0m:[93m135[0m:[93m3[0m
2025-04-16T17:51:26.6807426Z     [7m135[0m   getCurrentUser(): User | null {
2025-04-16T17:51:26.6808020Z     [7m   [0m [96m  ~~~~~~~~~~~~~~[0m
2025-04-16T17:51:26.6808493Z     'getCurrentUser' is declared here.
2025-04-16T17:51:26.6808798Z 
2025-04-16T17:51:26.6808808Z 
2025-04-16T17:51:26.6810584Z Error: [96msrc/app/core/services/encryption.service.ts[0m:[93m220[0m:[93m37[0m - [91merror[0m[90m TS2551: [0mProperty 'getCurrentUserId' does not exist on type 'AuthService'. Did you mean 'getCurrentUser'?
2025-04-16T17:51:26.6811855Z 
2025-04-16T17:51:26.6812718Z [7m220[0m     const userId = this.authService.getCurrentUserId();
2025-04-16T17:51:26.6813626Z [7m   [0m [91m                                    ~~~~~~~~~~~~~~~~[0m
2025-04-16T17:51:26.6813961Z 
2025-04-16T17:51:26.6814483Z   [96msrc/app/core/services/auth.service.ts[0m:[93m135[0m:[93m3[0m
2025-04-16T17:51:26.6815307Z     [7m135[0m   getCurrentUser(): User | null {
2025-04-16T17:51:26.6815903Z     [7m   [0m [96m  ~~~~~~~~~~~~~~[0m
2025-04-16T17:51:26.6816421Z     'getCurrentUser' is declared here.
2025-04-16T17:51:26.6816736Z 
2025-04-16T17:51:26.6816744Z 
2025-04-16T17:51:26.6818546Z Error: [96msrc/app/core/services/encryption.service.ts[0m:[93m496[0m:[93m37[0m - [91merror[0m[90m TS2551: [0mProperty 'getCurrentUserId' does not exist on type 'AuthService'. Did you mean 'getCurrentUser'?
2025-04-16T17:51:26.6819779Z 
2025-04-16T17:51:26.6820303Z [7m496[0m     const userId = this.authService.getCurrentUserId();
2025-04-16T17:51:26.6821225Z [7m   [0m [91m                                    ~~~~~~~~~~~~~~~~[0m
2025-04-16T17:51:26.6821596Z 
2025-04-16T17:51:26.6822123Z   [96msrc/app/core/services/auth.service.ts[0m:[93m135[0m:[93m3[0m
2025-04-16T17:51:26.6823157Z     [7m135[0m   getCurrentUser(): User | null {
2025-04-16T17:51:26.6823786Z     [7m   [0m [96m  ~~~~~~~~~~~~~~[0m
2025-04-16T17:51:26.6824584Z     'getCurrentUser' is declared here.
2025-04-16T17:51:26.6824892Z 
2025-04-16T17:51:26.6824901Z 
2025-04-16T17:51:26.6826914Z Error: [96msrc/app/core/services/encryption.service.ts[0m:[93m629[0m:[93m37[0m - [91merror[0m[90m TS2551: [0mProperty 'getCurrentUserId' does not exist on type 'AuthService'. Did you mean 'getCurrentUser'?
2025-04-16T17:51:26.6828183Z 
2025-04-16T17:51:26.6828791Z [7m629[0m     const userId = this.authService.getCurrentUserId();
2025-04-16T17:51:26.6829716Z [7m   [0m [91m                                    ~~~~~~~~~~~~~~~~[0m
2025-04-16T17:51:26.6830072Z 
2025-04-16T17:51:26.6830604Z   [96msrc/app/core/services/auth.service.ts[0m:[93m135[0m:[93m3[0m
2025-04-16T17:51:26.6831428Z     [7m135[0m   getCurrentUser(): User | null {
2025-04-16T17:51:26.6832029Z     [7m   [0m [96m  ~~~~~~~~~~~~~~[0m
2025-04-16T17:51:26.6832836Z     'getCurrentUser' is declared here.
2025-04-16T17:51:26.6833147Z 
2025-04-16T17:51:26.6833170Z 
2025-04-16T17:51:26.6834944Z Error: [96msrc/app/core/services/encryption.service.ts[0m:[93m692[0m:[93m37[0m - [91merror[0m[90m TS2551: [0mProperty 'getCurrentUserId' does not exist on type 'AuthService'. Did you mean 'getCurrentUser'?
2025-04-16T17:51:26.6836196Z 
2025-04-16T17:51:26.6836750Z [7m692[0m     const userId = this.authService.getCurrentUserId();
2025-04-16T17:51:26.6837613Z [7m   [0m [91m                                    ~~~~~~~~~~~~~~~~[0m
2025-04-16T17:51:26.6837967Z 
2025-04-16T17:51:26.6838480Z   [96msrc/app/core/services/auth.service.ts[0m:[93m135[0m:[93m3[0m
2025-04-16T17:51:26.6839281Z     [7m135[0m   getCurrentUser(): User | null {
2025-04-16T17:51:26.6839868Z     [7m   [0m [96m  ~~~~~~~~~~~~~~[0m
2025-04-16T17:51:26.6840362Z     'getCurrentUser' is declared here.
2025-04-16T17:51:26.6840662Z 
2025-04-16T17:51:26.6840671Z 
2025-04-16T17:51:26.6851402Z Error: [96msrc/app/core/services/encryption.service.ts[0m:[93m713[0m:[93m37[0m - [91merror[0m[90m TS2551: [0mProperty 'getCurrentUserId' does not exist on type 'AuthService'. Did you mean 'getCurrentUser'?
2025-04-16T17:51:26.6852827Z 
2025-04-16T17:51:26.6853457Z [7m713[0m     const userId = this.authService.getCurrentUserId();
2025-04-16T17:51:26.6854388Z [7m   [0m [91m                                    ~~~~~~~~~~~~~~~~[0m
2025-04-16T17:51:26.6854758Z 
2025-04-16T17:51:26.6855289Z   [96msrc/app/core/services/auth.service.ts[0m:[93m135[0m:[93m3[0m
2025-04-16T17:51:26.6856098Z     [7m135[0m   getCurrentUser(): User | null {
2025-04-16T17:51:26.6856700Z     [7m   [0m [96m  ~~~~~~~~~~~~~~[0m
2025-04-16T17:51:26.6857188Z     'getCurrentUser' is declared here.
2025-04-16T17:51:26.6857498Z 
2025-04-16T17:51:26.6857508Z 
2025-04-16T17:51:26.6859215Z Error: [96msrc/app/core/services/encryption.service.ts[0m:[93m929[0m:[93m37[0m - [91merror[0m[90m TS2551: [0mProperty 'getCurrentUserId' does not exist on type 'AuthService'. Did you mean 'getCurrentUser'?
2025-04-16T17:51:26.6860378Z 
2025-04-16T17:51:26.6860945Z [7m929[0m     const userId = this.authService.getCurrentUserId();
2025-04-16T17:51:26.6861835Z [7m   [0m [91m                                    ~~~~~~~~~~~~~~~~[0m
2025-04-16T17:51:26.6862209Z 
2025-04-16T17:51:26.6862962Z   [96msrc/app/core/services/auth.service.ts[0m:[93m135[0m:[93m3[0m
2025-04-16T17:51:26.6863797Z     [7m135[0m   getCurrentUser(): User | null {
2025-04-16T17:51:26.6864426Z     [7m   [0m [96m  ~~~~~~~~~~~~~~[0m
2025-04-16T17:51:26.6864969Z     'getCurrentUser' is declared here.
2025-04-16T17:51:26.6865275Z 
2025-04-16T17:51:26.6865286Z 
2025-04-16T17:51:26.6867005Z Error: [96msrc/app/core/services/encryption.service.ts[0m:[93m963[0m:[93m37[0m - [91merror[0m[90m TS2551: [0mProperty 'getCurrentUserId' does not exist on type 'AuthService'. Did you mean 'getCurrentUser'?
2025-04-16T17:51:26.6868254Z 
2025-04-16T17:51:26.6868848Z [7m963[0m     const userId = this.authService.getCurrentUserId();
2025-04-16T17:51:26.6869781Z [7m   [0m [91m                                    ~~~~~~~~~~~~~~~~[0m
2025-04-16T17:51:26.6870428Z 
2025-04-16T17:51:26.6870958Z   [96msrc/app/core/services/auth.service.ts[0m:[93m135[0m:[93m3[0m
2025-04-16T17:51:26.6871916Z     [7m135[0m   getCurrentUser(): User | null {
2025-04-16T17:51:26.6872761Z     [7m   [0m [96m  ~~~~~~~~~~~~~~[0m
2025-04-16T17:51:26.6873281Z     'getCurrentUser' is declared here.
2025-04-16T17:51:26.6873573Z 
2025-04-16T17:51:26.6873581Z 
2025-04-16T17:51:26.6875931Z Error: [96msrc/app/core/services/favorite.service.spec.ts[0m:[93m58[0m:[93m35[0m - [91merror[0m[90m TS2345: [0mArgument of type '{ _id: string; ad: { _id: string; title: string; }; }[]' is not assignable to parameter of type 'Expected<ArrayLike<Favorite>> | ArrayContaining<Favorite>'.
2025-04-16T17:51:26.6885070Z   Type '{ _id: string; ad: { _id: string; title: string; }; }[]' is not assignable to type '{ [x: number]: ExpectedRecursive<Favorite>; length: ExpectedRecursive<number>; }'.
2025-04-16T17:51:26.6886255Z     'number' index signatures are incompatible.
2025-04-16T17:51:26.6887219Z       Type '{ _id: string; ad: { _id: string; title: string; }; }' is not assignable to type 'ExpectedRecursive<Favorite>'.
2025-04-16T17:51:26.6889731Z         Type '{ _id: string; ad: { _id: string; title: string; }; }' is missing the following properties from type '{ _id: Any | ExpectedRecursive<string>; user: Any | ExpectedRecursive<string>; ad: Any | ExpectedRecursive<Ad>; ... 5 more ...; updatedAt: Any | ExpectedRecursive<...>; }': user, notes, notificationsEnabled, tags, and 3 more.
2025-04-16T17:51:26.6891425Z 
2025-04-16T17:51:26.6895897Z [7m58[0m         expect(favorites).toEqual(mockFavorites);
2025-04-16T17:51:26.6896850Z [7m  [0m [91m                                  ~~~~~~~~~~~~~[0m
2025-04-16T17:51:26.6897180Z 
2025-04-16T17:51:26.6897189Z 
2025-04-16T17:51:26.6898700Z Error: [96msrc/app/core/services/favorite.service.ts[0m:[93m101[0m:[93m19[0m - [91merror[0m[90m TS2339: [0mProperty 'priority' does not exist on type 'FavoriteFilterOptions'.
2025-04-16T17:51:26.6899778Z 
2025-04-16T17:51:26.6900171Z [7m101[0m       if (options.priority) {
2025-04-16T17:51:26.6900867Z [7m   [0m [91m                  ~~~~~~~~[0m
2025-04-16T17:51:26.6901195Z 
2025-04-16T17:51:26.6901204Z 
2025-04-16T17:51:26.6923567Z Error: [96msrc/app/core/services/favorite.service.ts[0m:[93m102[0m:[93m49[0m - [91merror[0m[90m TS2339: [0mProperty 'priority' does not exist on type 'FavoriteFilterOptions'.
2025-04-16T17:51:26.6924698Z 
2025-04-16T17:51:26.6925339Z [7m102[0m         params = params.set('priority', options.priority);
2025-04-16T17:51:26.6926250Z [7m   [0m [91m                                                ~~~~~~~~[0m
2025-04-16T17:51:26.6926612Z 
2025-04-16T17:51:26.6926622Z 
2025-04-16T17:51:26.6928106Z Error: [96msrc/app/core/services/favorite.service.ts[0m:[93m104[0m:[93m19[0m - [91merror[0m[90m TS2339: [0mProperty 'priceMin' does not exist on type 'FavoriteFilterOptions'.
2025-04-16T17:51:26.6929149Z 
2025-04-16T17:51:26.6929576Z [7m104[0m       if (options.priceMin !== undefined) {
2025-04-16T17:51:26.6930218Z [7m   [0m [91m                  ~~~~~~~~[0m
2025-04-16T17:51:26.6930508Z 
2025-04-16T17:51:26.6930517Z 
2025-04-16T17:51:26.6931913Z Error: [96msrc/app/core/services/favorite.service.ts[0m:[93m105[0m:[93m49[0m - [91merror[0m[90m TS2339: [0mProperty 'priceMin' does not exist on type 'FavoriteFilterOptions'.
2025-04-16T17:51:26.6933282Z 
2025-04-16T17:51:26.6934004Z [7m105[0m         params = params.set('priceMin', options.priceMin.toString());
2025-04-16T17:51:26.6934984Z [7m   [0m [91m                                                ~~~~~~~~[0m
2025-04-16T17:51:26.6935357Z 
2025-04-16T17:51:26.6935366Z 
2025-04-16T17:51:26.6936890Z Error: [96msrc/app/core/services/favorite.service.ts[0m:[93m107[0m:[93m19[0m - [91merror[0m[90m TS2339: [0mProperty 'priceMax' does not exist on type 'FavoriteFilterOptions'.
2025-04-16T17:51:26.6937988Z 
2025-04-16T17:51:26.6938783Z [7m107[0m       if (options.priceMax !== undefined) {
2025-04-16T17:51:26.6939553Z [7m   [0m [91m                  ~~~~~~~~[0m
2025-04-16T17:51:26.6939881Z 
2025-04-16T17:51:26.6939892Z 
2025-04-16T17:51:26.6941797Z Error: [96msrc/app/core/services/favorite.service.ts[0m:[93m108[0m:[93m49[0m - [91merror[0m[90m TS2339: [0mProperty 'priceMax' does not exist on type 'FavoriteFilterOptions'.
2025-04-16T17:51:26.6943252Z 
2025-04-16T17:51:26.6943815Z [7m108[0m         params = params.set('priceMax', options.priceMax.toString());
2025-04-16T17:51:26.6944706Z [7m   [0m [91m                                                ~~~~~~~~[0m
2025-04-16T17:51:26.6945058Z 
2025-04-16T17:51:26.6945067Z 
2025-04-16T17:51:26.6946510Z Error: [96msrc/app/core/services/favorite.service.ts[0m:[93m110[0m:[93m19[0m - [91merror[0m[90m TS2339: [0mProperty 'dateFrom' does not exist on type 'FavoriteFilterOptions'.
2025-04-16T17:51:26.6947509Z 
2025-04-16T17:51:26.6947831Z [7m110[0m       if (options.dateFrom) {
2025-04-16T17:51:26.6948467Z [7m   [0m [91m                  ~~~~~~~~[0m
2025-04-16T17:51:26.6948761Z 
2025-04-16T17:51:26.6948769Z 
2025-04-16T17:51:26.6950214Z Error: [96msrc/app/core/services/favorite.service.ts[0m:[93m111[0m:[93m58[0m - [91merror[0m[90m TS2339: [0mProperty 'dateFrom' does not exist on type 'FavoriteFilterOptions'.
2025-04-16T17:51:26.6951209Z 
2025-04-16T17:51:26.6951910Z [7m111[0m         params = params.set('dateFrom', new Date(options.dateFrom).toISOString());
2025-04-16T17:51:26.6953114Z [7m   [0m [91m                                                         ~~~~~~~~[0m
2025-04-16T17:51:26.6953475Z 
2025-04-16T17:51:26.6953482Z 
2025-04-16T17:51:26.6954909Z Error: [96msrc/app/core/services/favorite.service.ts[0m:[93m113[0m:[93m19[0m - [91merror[0m[90m TS2339: [0mProperty 'dateTo' does not exist on type 'FavoriteFilterOptions'.
2025-04-16T17:51:26.6955897Z 
2025-04-16T17:51:26.6956210Z [7m113[0m       if (options.dateTo) {
2025-04-16T17:51:26.6956816Z [7m   [0m [91m                  ~~~~~~[0m
2025-04-16T17:51:26.6957102Z 
2025-04-16T17:51:26.6957109Z 
2025-04-16T17:51:26.6958553Z Error: [96msrc/app/core/services/favorite.service.ts[0m:[93m114[0m:[93m56[0m - [91merror[0m[90m TS2339: [0mProperty 'dateTo' does not exist on type 'FavoriteFilterOptions'.
2025-04-16T17:51:26.6959545Z 
2025-04-16T17:51:26.6960202Z [7m114[0m         params = params.set('dateTo', new Date(options.dateTo).toISOString());
2025-04-16T17:51:26.6961165Z [7m   [0m [91m                                                       ~~~~~~[0m
2025-04-16T17:51:26.6961517Z 
2025-04-16T17:51:26.6961526Z 
2025-04-16T17:51:26.6963130Z Error: [96msrc/app/core/services/favorite.service.ts[0m:[93m116[0m:[93m19[0m - [91merror[0m[90m TS2339: [0mProperty 'tags' does not exist on type 'FavoriteFilterOptions'.
2025-04-16T17:51:26.6964185Z 
2025-04-16T17:51:26.6964704Z [7m116[0m       if (options.tags && options.tags.length > 0) {
2025-04-16T17:51:26.6965444Z [7m   [0m [91m                  ~~~~[0m
2025-04-16T17:51:26.6965778Z 
2025-04-16T17:51:26.6965787Z 
2025-04-16T17:51:26.6967260Z Error: [96msrc/app/core/services/favorite.service.ts[0m:[93m116[0m:[93m35[0m - [91merror[0m[90m TS2339: [0mProperty 'tags' does not exist on type 'FavoriteFilterOptions'.
2025-04-16T17:51:26.6968294Z 
2025-04-16T17:51:26.6968811Z [7m116[0m       if (options.tags && options.tags.length > 0) {
2025-04-16T17:51:26.6969631Z [7m   [0m [91m                                  ~~~~[0m
2025-04-16T17:51:26.6969985Z 
2025-04-16T17:51:26.6969994Z 
2025-04-16T17:51:26.6971514Z Error: [96msrc/app/core/services/favorite.service.ts[0m:[93m118[0m:[93m17[0m - [91merror[0m[90m TS2339: [0mProperty 'tags' does not exist on type 'FavoriteFilterOptions'.
2025-04-16T17:51:26.6972899Z 
2025-04-16T17:51:26.6973354Z [7m118[0m         options.tags.forEach(tag => {
2025-04-16T17:51:26.6974010Z [7m   [0m [91m                ~~~~[0m
2025-04-16T17:51:26.6974313Z 
2025-04-16T17:51:26.6974322Z 
2025-04-16T17:51:26.6978216Z Error: [96msrc/app/core/services/geocoding.service.ts[0m:[93m23[0m:[93m41[0m - [91merror[0m[90m TS2339: [0mProperty 'googleMapsApiKey' does not exist on type '{ production: boolean; apiUrl: string; chatWsUrl: string; socketUrl: string; defaultImageUrl: string; maxUploadSize: number; supportedImageTypes: string[]; mapboxToken: string; stripePublicKey: string; cdnUrl: string; imageSizes: number[]; }'.
2025-04-16T17:51:26.6980548Z 
2025-04-16T17:51:26.6981118Z [7m23[0m const GOOGLE_MAPS_API_KEY = environment.googleMapsApiKey || '';
2025-04-16T17:51:26.6981987Z [7m  [0m [91m                                        ~~~~~~~~~~~~~~~~[0m
2025-04-16T17:51:26.6982512Z 
2025-04-16T17:51:26.6982529Z 
2025-04-16T17:51:26.6984538Z Error: [96msrc/app/core/services/geocoding.service.ts[0m:[93m122[0m:[93m5[0m - [91merror[0m[90m TS2322: [0mType 'Observable<GeocodingResult | { type: string; coordinates: [number, number]; }>' is not assignable to type 'Observable<GeocodingResult>'.
2025-04-16T17:51:26.6986664Z   Type 'GeocodingResult | { type: string; coordinates: [number, number]; }' is not assignable to type 'GeocodingResult'.
2025-04-16T17:51:26.6987921Z     Type '{ type: string; coordinates: [number, number]; }' is not assignable to type 'GeocodingResult'.
2025-04-16T17:51:26.6988768Z       Types of property 'type' are incompatible.
2025-04-16T17:51:26.6989377Z         Type 'string' is not assignable to type '"Point"'.
2025-04-16T17:51:26.6989743Z 
2025-04-16T17:51:26.6990321Z [7m122[0m     return this.locationService.getCityCoordinates(city).pipe(
2025-04-16T17:51:26.6991080Z [7m   [0m [91m    ~~~~~~[0m
2025-04-16T17:51:26.6991326Z 
2025-04-16T17:51:26.6991335Z 
2025-04-16T17:51:26.6993458Z Error: [96msrc/app/core/services/geocoding.service.ts[0m:[93m215[0m:[93m5[0m - [91merror[0m[90m TS2322: [0mType 'Observable<{ type: string; coordinates: number[]; }>' is not assignable to type 'Observable<GeocodingResult>'.
2025-04-16T17:51:26.6995336Z   Type '{ type: string; coordinates: number[]; }' is not assignable to type 'GeocodingResult'.
2025-04-16T17:51:26.6996243Z     Types of property 'type' are incompatible.
2025-04-16T17:51:26.6996907Z       Type 'string' is not assignable to type '"Point"'.
2025-04-16T17:51:26.6997308Z 
2025-04-16T17:51:26.6997962Z [7m215[0m     return this.http.get<any[]>(`${this.nominatimUrl}?${queryString}`).pipe(
2025-04-16T17:51:26.6998789Z [7m   [0m [91m    ~~~~~~[0m
2025-04-16T17:51:26.6999045Z 
2025-04-16T17:51:26.6999055Z 
2025-04-16T17:51:26.7000482Z Error: [96msrc/app/core/services/geocoding.service.ts[0m:[93m296[0m:[93m12[0m - [91merror[0m[90m TS2678: [0mType '"mapbox"' is not comparable to type '"nominatim"'.
2025-04-16T17:51:26.7001486Z 
2025-04-16T17:51:26.7001798Z [7m296[0m       case 'mapbox':
2025-04-16T17:51:26.7007550Z [7m   [0m [91m           ~~~~~~~~[0m
2025-04-16T17:51:26.7007905Z 
2025-04-16T17:51:26.7007915Z 
2025-04-16T17:51:26.7009359Z Error: [96msrc/app/core/services/geocoding.service.ts[0m:[93m304[0m:[93m12[0m - [91merror[0m[90m TS2678: [0mType '"google"' is not comparable to type '"nominatim"'.
2025-04-16T17:51:26.7010315Z 
2025-04-16T17:51:26.7010636Z [7m304[0m       case 'google':
2025-04-16T17:51:26.7011192Z [7m   [0m [91m           ~~~~~~~~[0m
2025-04-16T17:51:26.7011476Z 
2025-04-16T17:51:26.7011485Z 
2025-04-16T17:51:26.7013136Z Error: [96msrc/app/core/services/geocoding.service.ts[0m:[93m344[0m:[93m12[0m - [91merror[0m[90m TS2678: [0mType '"mapbox"' is not comparable to type '"nominatim"'.
2025-04-16T17:51:26.7014122Z 
2025-04-16T17:51:26.7014453Z [7m344[0m       case 'mapbox':
2025-04-16T17:51:26.7015022Z [7m   [0m [91m           ~~~~~~~~[0m
2025-04-16T17:51:26.7015303Z 
2025-04-16T17:51:26.7015313Z 
2025-04-16T17:51:26.7032866Z Error: [96msrc/app/core/services/geocoding.service.ts[0m:[93m352[0m:[93m12[0m - [91merror[0m[90m TS2678: [0mType '"google"' is not comparable to type '"nominatim"'.
2025-04-16T17:51:26.7033898Z 
2025-04-16T17:51:26.7034286Z [7m352[0m       case 'google':
2025-04-16T17:51:26.7035347Z [7m   [0m [91m           ~~~~~~~~[0m
2025-04-16T17:51:26.7035649Z 
2025-04-16T17:51:26.7035668Z 
2025-04-16T17:51:26.7037290Z Error: [96msrc/app/core/services/geocoding.service.ts[0m:[93m416[0m:[93m12[0m - [91merror[0m[90m TS2678: [0mType '"mapbox"' is not comparable to type '"nominatim"'.
2025-04-16T17:51:26.7038283Z 
2025-04-16T17:51:26.7038616Z [7m416[0m       case 'mapbox':
2025-04-16T17:51:26.7039205Z [7m   [0m [91m           ~~~~~~~~[0m
2025-04-16T17:51:26.7039495Z 
2025-04-16T17:51:26.7039503Z 
2025-04-16T17:51:26.7040898Z Error: [96msrc/app/core/services/geocoding.service.ts[0m:[93m420[0m:[93m12[0m - [91merror[0m[90m TS2678: [0mType '"google"' is not comparable to type '"nominatim"'.
2025-04-16T17:51:26.7041894Z 
2025-04-16T17:51:26.7042242Z [7m420[0m       case 'google':
2025-04-16T17:51:26.7063233Z [7m   [0m [91m           ~~~~~~~~[0m
2025-04-16T17:51:26.7063568Z 
2025-04-16T17:51:26.7063579Z 
2025-04-16T17:51:26.7065400Z Error: [96msrc/app/core/services/geocoding.service.ts[0m:[93m626[0m:[93m59[0m - [91merror[0m[90m TS2345: [0mArgument of type 'unknown' is not assignable to parameter of type 'string | number | boolean'.
2025-04-16T17:51:26.7066635Z 
2025-04-16T17:51:26.7067313Z [7m626[0m       .map(([key, value]) => `${key}=${encodeURIComponent(value)}`)
2025-04-16T17:51:26.7068295Z [7m   [0m [91m                                                          ~~~~~[0m
2025-04-16T17:51:26.7068673Z 
2025-04-16T17:51:26.7068683Z 
2025-04-16T17:51:26.7070727Z Error: [96msrc/app/features/chat/chat.component.spec.ts[0m:[93m52[0m:[93m48[0m - [91merror[0m[90m TS2345: [0mArgument of type 'Observable<{ _id: string; timestamp: Date; }>' is not assignable to parameter of type 'Observable<ChatMessage>'.
2025-04-16T17:51:26.7073083Z   Type '{ _id: string; timestamp: Date; }' is missing the following properties from type 'ChatMessage': roomId, sender, read
2025-04-16T17:51:26.7073791Z 
2025-04-16T17:51:26.7074657Z [7m52[0m     chatServiceSpy.sendMessage.and.returnValue(of({ _id: '123', timestamp: new Date() }));
2025-04-16T17:51:26.7075866Z [7m  [0m [91m                                               ~~~~~~~~~~~~~~~~~~~~~~~~~~~~~~~~~~~~~~~~~[0m
2025-04-16T17:51:26.7076236Z 
2025-04-16T17:51:26.7076245Z 
2025-04-16T17:51:26.7078023Z Error: [96msrc/app/features/chat/chat.component.spec.ts[0m:[93m55[0m:[93m51[0m - [91merror[0m[90m TS2345: [0mArgument of type 'Observable<{ id: string; username: string; }>' is not assignable to parameter of type 'User'.
2025-04-16T17:51:26.7080089Z   Type 'Observable<{ id: string; username: string; }>' is missing the following properties from type 'User': _id, username, email, role, and 2 more.
2025-04-16T17:51:26.7080911Z 
2025-04-16T17:51:26.7081750Z [7m55[0m     authServiceSpy.getCurrentUser.and.returnValue(of({ id: 'user1', username: 'testuser' }));
2025-04-16T17:51:26.7090343Z [7m  [0m [91m                                                  ~~~~~~~~~~~~~~~~~~~~~~~~~~~~~~~~~~~~~~~~~[0m
2025-04-16T17:51:26.7090765Z 
2025-04-16T17:51:26.7090775Z 
2025-04-16T17:51:26.7092712Z Error: [96msrc/app/features/chat/chat.component.spec.ts[0m:[93m127[0m:[93m24[0m - [91merror[0m[90m TS2341: [0mProperty 'formatTTL' is private and only accessible within class 'ChatComponent'.
2025-04-16T17:51:26.7093819Z 
2025-04-16T17:51:26.7094361Z [7m127[0m       expect(component.formatTTL(1)).toBe('1 hour');
2025-04-16T17:51:26.7095113Z [7m   [0m [91m                       ~~~~~~~~~[0m
2025-04-16T17:51:26.7095424Z 
2025-04-16T17:51:26.7095433Z 
2025-04-16T17:51:26.7096993Z Error: [96msrc/app/features/chat/chat.component.spec.ts[0m:[93m128[0m:[93m24[0m - [91merror[0m[90m TS2341: [0mProperty 'formatTTL' is private and only accessible within class 'ChatComponent'.
2025-04-16T17:51:26.7098071Z 
2025-04-16T17:51:26.7098546Z [7m128[0m       expect(component.formatTTL(2)).toBe('2 hours');
2025-04-16T17:51:26.7099272Z [7m   [0m [91m                       ~~~~~~~~~[0m
2025-04-16T17:51:26.7099904Z 
2025-04-16T17:51:26.7099912Z 
2025-04-16T17:51:26.7101654Z Error: [96msrc/app/features/chat/chat.component.spec.ts[0m:[93m129[0m:[93m24[0m - [91merror[0m[90m TS2341: [0mProperty 'formatTTL' is private and only accessible within class 'ChatComponent'.
2025-04-16T17:51:26.7102919Z 
2025-04-16T17:51:26.7103429Z [7m129[0m       expect(component.formatTTL(24)).toBe('24 hours');
2025-04-16T17:51:26.7104221Z [7m   [0m [91m                       ~~~~~~~~~[0m
2025-04-16T17:51:26.7104541Z 
2025-04-16T17:51:26.7104550Z 
2025-04-16T17:51:26.7105875Z Error: [96msrc/app/features/chat/chat.component.ts[0m:[93m160[0m:[93m3[0m - [91merror[0m[90m TS2300: [0mDuplicate identifier 'temporaryMessageMode'.
2025-04-16T17:51:26.7106773Z 
2025-04-16T17:51:26.7107537Z [7m160[0m   temporaryMessageMode = false; // When true, next message will be temporary
2025-04-16T17:51:26.7108445Z [7m   [0m [91m  ~~~~~~~~~~~~~~~~~~~~[0m
2025-04-16T17:51:26.7108762Z 
2025-04-16T17:51:26.7108786Z 
2025-04-16T17:51:26.7110080Z Error: [96msrc/app/features/chat/chat.component.ts[0m:[93m161[0m:[93m3[0m - [91merror[0m[90m TS2300: [0mDuplicate identifier 'temporaryMessageTTL'.
2025-04-16T17:51:26.7110992Z 
2025-04-16T17:51:26.7111694Z [7m161[0m   temporaryMessageTTL = 24 * 60 * 60 * 1000; // 24 hours in milliseconds
2025-04-16T17:51:26.7118815Z [7m   [0m [91m  ~~~~~~~~~~~~~~~~~~~[0m
2025-04-16T17:51:26.7119130Z 
2025-04-16T17:51:26.7119140Z 
2025-04-16T17:51:26.7120385Z Error: [96msrc/app/features/chat/chat.component.ts[0m:[93m588[0m:[93m15[0m - [91merror[0m[90m TS2322: [0mType 'number' is not assignable to type 'Date'.
2025-04-16T17:51:26.7128907Z 
2025-04-16T17:51:26.7129717Z [7m588[0m               expiresAt: response.expiresAt || (ttl ? Date.now() + ttl : undefined),
2025-04-16T17:51:26.7130625Z [7m   [0m [91m              ~~~~~~~~~[0m
2025-04-16T17:51:26.7130947Z 
2025-04-16T17:51:26.7131492Z   [96msrc/app/features/chat/chat.component.ts[0m:[93m60[0m:[93m3[0m
2025-04-16T17:51:26.7132883Z     [7m60[0m   expiresAt?: Date; // Optional expiration date for temporary messages
2025-04-16T17:51:26.7133682Z     [7m  [0m [96m  ~~~~~~~~~[0m
2025-04-16T17:51:26.7134515Z     The expected type comes from property 'expiresAt' which is declared here on type 'ChatMessage'
2025-04-16T17:51:26.7135079Z 
2025-04-16T17:51:26.7135088Z 
2025-04-16T17:51:26.7136332Z Error: [96msrc/app/features/chat/chat.component.ts[0m:[93m614[0m:[93m3[0m - [91merror[0m[90m TS2393: [0mDuplicate function implementation.
2025-04-16T17:51:26.7137118Z 
2025-04-16T17:51:26.7137463Z [7m614[0m   toggleTemporaryMessageMode(): void {
2025-04-16T17:51:26.7138167Z [7m   [0m [91m  ~~~~~~~~~~~~~~~~~~~~~~~~~~[0m
2025-04-16T17:51:26.7138482Z 
2025-04-16T17:51:26.7138492Z 
2025-04-16T17:51:26.7139692Z Error: [96msrc/app/features/chat/chat.component.ts[0m:[93m630[0m:[93m3[0m - [91merror[0m[90m TS2393: [0mDuplicate function implementation.
2025-04-16T17:51:26.7140553Z 
2025-04-16T17:51:26.7141057Z [7m630[0m   setTemporaryMessageTTL(hours: number): void {
2025-04-16T17:51:26.7141826Z [7m   [0m [91m  ~~~~~~~~~~~~~~~~~~~~~~[0m
2025-04-16T17:51:26.7142152Z 
2025-04-16T17:51:26.7142173Z 
2025-04-16T17:51:26.7143567Z Error: [96msrc/app/features/chat/chat.component.ts[0m:[93m643[0m:[93m11[0m - [91merror[0m[90m TS2393: [0mDuplicate function implementation.
2025-04-16T17:51:26.7144331Z 
2025-04-16T17:51:26.7144748Z [7m643[0m   private formatTTL(ttl: number): string {
2025-04-16T17:51:26.7145385Z [7m   [0m [91m          ~~~~~~~~~[0m
2025-04-16T17:51:26.7145682Z 
2025-04-16T17:51:26.7145690Z 
2025-04-16T17:51:26.7146775Z Error: [96msrc/app/features/chat/chat.component.ts[0m:[93m701[0m:[93m3[0m - [91merror[0m[90m TS2393: [0mDuplicate function implementation.
2025-04-16T17:51:26.7147578Z 
2025-04-16T17:51:26.7148012Z [7m701[0m   toggleTemporaryMessageMode(): void {
2025-04-16T17:51:26.7148703Z [7m   [0m [91m  ~~~~~~~~~~~~~~~~~~~~~~~~~~[0m
2025-04-16T17:51:26.7149303Z 
2025-04-16T17:51:26.7149312Z 
2025-04-16T17:51:26.7150703Z Error: [96msrc/app/features/chat/chat.component.ts[0m:[93m716[0m:[93m3[0m - [91merror[0m[90m TS2393: [0mDuplicate function implementation.
2025-04-16T17:51:26.7151520Z 
2025-04-16T17:51:26.7151980Z [7m716[0m   setTemporaryMessageTTL(hours: number): void {
2025-04-16T17:51:26.7152893Z [7m   [0m [91m  ~~~~~~~~~~~~~~~~~~~~~~[0m
2025-04-16T17:51:26.7153187Z 
2025-04-16T17:51:26.7153195Z 
2025-04-16T17:51:26.7154331Z Error: [96msrc/app/features/chat/chat.component.ts[0m:[93m725[0m:[93m3[0m - [91merror[0m[90m TS2393: [0mDuplicate function implementation.
2025-04-16T17:51:26.7155138Z 
2025-04-16T17:51:26.7155499Z [7m725[0m   formatTTL(hours: number): string {
2025-04-16T17:51:26.7156082Z [7m   [0m [91m  ~~~~~~~~~[0m
2025-04-16T17:51:26.7156326Z 
2025-04-16T17:51:26.7156335Z 
2025-04-16T17:51:26.7160090Z Error: [96msrc/app/features/favorites/favorites-list/favorites-list.component.spec.ts[0m:[93m98[0m:[93m53[0m - [91merror[0m[90m TS2345: [0mArgument of type 'Observable<{ _id: string; ad: { _id: string; title: string; price: number; location: { city: string; county: string; }; images: { url: string; }[]; advertiser: { _id: string; }; }; notes: string; notificationsEnabled: boolean; createdAt: string; }[]>' is not assignable to parameter of type 'Observable<Favorite[]>'.
2025-04-16T17:51:26.7164426Z   Type '{ _id: string; ad: { _id: string; title: string; price: number; location: { city: string; county: string; }; images: { url: string; }[]; advertiser: { _id: string; }; }; notes: string; notificationsEnabled: boolean; createdAt: string; }[]' is not assignable to type 'Favorite[]'.
2025-04-16T17:51:26.7167850Z     Type '{ _id: string; ad: { _id: string; title: string; price: number; location: { city: string; county: string; }; images: { url: string; }[]; advertiser: { _id: string; }; }; notes: string; notificationsEnabled: boolean; createdAt: string; }' is missing the following properties from type 'Favorite': user, tags, priority, updatedAt
2025-04-16T17:51:26.7169620Z 
2025-04-16T17:51:26.7170398Z [7m98[0m     favoriteServiceSpy.getFavorites.and.returnValue(of(mockFavorites));
2025-04-16T17:51:26.7171519Z [7m  [0m [91m                                                    ~~~~~~~~~~~~~~~~~[0m
2025-04-16T17:51:26.7171879Z 
2025-04-16T17:51:26.7171889Z 
2025-04-16T17:51:26.7176023Z Error: [96msrc/app/features/favorites/favorites-list/favorites-list.component.spec.ts[0m:[93m103[0m:[93m41[0m - [91merror[0m[90m TS2345: [0mArgument of type '{ _id: string; ad: { _id: string; title: string; price: number; location: { city: string; county: string; }; images: { url: string; }[]; advertiser: { _id: string; }; }; notes: string; notificationsEnabled: boolean; createdAt: string; }[]' is not assignable to parameter of type 'Expected<ArrayLike<Favorite>> | ArrayContaining<Favorite>'.
2025-04-16T17:51:26.7180630Z   Type '{ _id: string; ad: { _id: string; title: string; price: number; location: { city: string; county: string; }; images: { url: string; }[]; advertiser: { _id: string; }; }; notes: string; notificationsEnabled: boolean; createdAt: string; }[]' is not assignable to type '{ [x: number]: ExpectedRecursive<Favorite>; length: ExpectedRecursive<number>; }'.
2025-04-16T17:51:26.7182853Z     'number' index signatures are incompatible.
2025-04-16T17:51:26.7184851Z       Type '{ _id: string; ad: { _id: string; title: string; price: number; location: { city: string; county: string; }; images: { url: string; }[]; advertiser: { _id: string; }; }; notes: string; notificationsEnabled: boolean; createdAt: string; }' is not assignable to type 'ExpectedRecursive<Favorite>'.
2025-04-16T17:51:26.7188931Z         Type '{ _id: string; ad: { _id: string; title: string; price: number; location: { city: string; county: string; }; images: { url: string; }[]; advertiser: { _id: string; }; }; notes: string; notificationsEnabled: boolean; createdAt: string; }' is not assignable to type 'Favorite | { _id: Any | ExpectedRecursive<string>; user: Any | ExpectedRecursive<string>; ad: Any | ExpectedRecursive<Ad>; ... 5 more ...; updatedAt: Any | ExpectedRecursive<...>; }'.
2025-04-16T17:51:26.7194768Z           Type '{ _id: string; ad: { _id: string; title: string; price: number; location: { city: string; county: string; }; images: { url: string; }[]; advertiser: { _id: string; }; }; notes: string; notificationsEnabled: boolean; createdAt: string; }' is missing the following properties from type '{ _id: Any | ExpectedRecursive<string>; user: Any | ExpectedRecursive<string>; ad: Any | ExpectedRecursive<Ad>; ... 5 more ...; updatedAt: Any | ExpectedRecursive<...>; }': user, tags, priority, updatedAt
2025-04-16T17:51:26.7197301Z 
2025-04-16T17:51:26.7197863Z [7m103[0m     expect(component.favorites).toEqual(mockFavorites);
2025-04-16T17:51:26.7198728Z [7m   [0m [91m                                        ~~~~~~~~~~~~~[0m
2025-04-16T17:51:26.7199066Z 
2025-04-16T17:51:26.7199075Z 
2025-04-16T17:51:26.7203094Z Error: [96msrc/app/features/favorites/favorites-list/favorites-list.component.spec.ts[0m:[93m117[0m:[93m53[0m - [91merror[0m[90m TS2345: [0mArgument of type 'Observable<{ _id: string; ad: { _id: string; title: string; price: number; location: { city: string; county: string; }; images: { url: string; }[]; advertiser: { _id: string; }; }; notes: string; notificationsEnabled: boolean; createdAt: string; }[]>' is not assignable to parameter of type 'Observable<Favorite[]>'.
2025-04-16T17:51:26.7207201Z   Type '{ _id: string; ad: { _id: string; title: string; price: number; location: { city: string; county: string; }; images: { url: string; }[]; advertiser: { _id: string; }; }; notes: string; notificationsEnabled: boolean; createdAt: string; }[]' is not assignable to type 'Favorite[]'.
2025-04-16T17:51:26.7210487Z     Type '{ _id: string; ad: { _id: string; title: string; price: number; location: { city: string; county: string; }; images: { url: string; }[]; advertiser: { _id: string; }; }; notes: string; notificationsEnabled: boolean; createdAt: string; }' is missing the following properties from type 'Favorite': user, tags, priority, updatedAt
2025-04-16T17:51:26.7212209Z 
2025-04-16T17:51:26.7213105Z [7m117[0m     favoriteServiceSpy.getFavorites.and.returnValue(of(mockFavorites));
2025-04-16T17:51:26.7214170Z [7m   [0m [91m                                                    ~~~~~~~~~~~~~~~~~[0m
2025-04-16T17:51:26.7214528Z 
2025-04-16T17:51:26.7214536Z 
2025-04-16T17:51:26.7218374Z Error: [96msrc/app/features/favorites/favorites-list/favorites-list.component.spec.ts[0m:[93m130[0m:[93m53[0m - [91merror[0m[90m TS2345: [0mArgument of type 'Observable<{ _id: string; ad: { _id: string; title: string; price: number; location: { city: string; county: string; }; images: { url: string; }[]; advertiser: { _id: string; }; }; notes: string; notificationsEnabled: boolean; createdAt: string; }[]>' is not assignable to parameter of type 'Observable<Favorite[]>'.
2025-04-16T17:51:26.7222589Z   Type '{ _id: string; ad: { _id: string; title: string; price: number; location: { city: string; county: string; }; images: { url: string; }[]; advertiser: { _id: string; }; }; notes: string; notificationsEnabled: boolean; createdAt: string; }[]' is not assignable to type 'Favorite[]'.
2025-04-16T17:51:26.7225874Z     Type '{ _id: string; ad: { _id: string; title: string; price: number; location: { city: string; county: string; }; images: { url: string; }[]; advertiser: { _id: string; }; }; notes: string; notificationsEnabled: boolean; createdAt: string; }' is missing the following properties from type 'Favorite': user, tags, priority, updatedAt
2025-04-16T17:51:26.7227415Z 
2025-04-16T17:51:26.7228084Z [7m130[0m     favoriteServiceSpy.getFavorites.and.returnValue(of(mockFavorites));
2025-04-16T17:51:26.7229115Z [7m   [0m [91m                                                    ~~~~~~~~~~~~~~~~~[0m
2025-04-16T17:51:26.7229462Z 
2025-04-16T17:51:26.7229471Z 
2025-04-16T17:51:26.7233447Z Error: [96msrc/app/features/favorites/favorites-list/favorites-list.component.spec.ts[0m:[93m134[0m:[93m35[0m - [91merror[0m[90m TS2345: [0mArgument of type '{ _id: string; ad: { _id: string; title: string; price: number; location: { city: string; county: string; }; images: { url: string; }[]; advertiser: { _id: string; }; }; notes: string; notificationsEnabled: boolean; createdAt: string; }' is not assignable to parameter of type 'Favorite'.
2025-04-16T17:51:26.7237744Z   Type '{ _id: string; ad: { _id: string; title: string; price: number; location: { city: string; county: string; }; images: { url: string; }[]; advertiser: { _id: string; }; }; notes: string; notificationsEnabled: boolean; createdAt: string; }' is missing the following properties from type 'Favorite': user, tags, priority, updatedAt
2025-04-16T17:51:26.7239432Z 
2025-04-16T17:51:26.7239982Z [7m134[0m     component.toggleNotifications(mockFavorites[0]);
2025-04-16T17:51:26.7240839Z [7m   [0m [91m                                  ~~~~~~~~~~~~~~~~[0m
2025-04-16T17:51:26.7241177Z 
2025-04-16T17:51:26.7241199Z 
2025-04-16T17:51:26.7245227Z Error: [96msrc/app/features/favorites/favorites-list/favorites-list.component.spec.ts[0m:[93m144[0m:[93m53[0m - [91merror[0m[90m TS2345: [0mArgument of type 'Observable<{ _id: string; ad: { _id: string; title: string; price: number; location: { city: string; county: string; }; images: { url: string; }[]; advertiser: { _id: string; }; }; notes: string; notificationsEnabled: boolean; createdAt: string; }[]>' is not assignable to parameter of type 'Observable<Favorite[]>'.
2025-04-16T17:51:26.7249169Z   Type '{ _id: string; ad: { _id: string; title: string; price: number; location: { city: string; county: string; }; images: { url: string; }[]; advertiser: { _id: string; }; }; notes: string; notificationsEnabled: boolean; createdAt: string; }[]' is not assignable to type 'Favorite[]'.
2025-04-16T17:51:26.7252619Z     Type '{ _id: string; ad: { _id: string; title: string; price: number; location: { city: string; county: string; }; images: { url: string; }[]; advertiser: { _id: string; }; }; notes: string; notificationsEnabled: boolean; createdAt: string; }' is missing the following properties from type 'Favorite': user, tags, priority, updatedAt
2025-04-16T17:51:26.7254302Z 
2025-04-16T17:51:26.7255093Z [7m144[0m     favoriteServiceSpy.getFavorites.and.returnValue(of(mockFavorites));
2025-04-16T17:51:26.7256185Z [7m   [0m [91m                                                    ~~~~~~~~~~~~~~~~~[0m
2025-04-16T17:51:26.7256551Z 
2025-04-16T17:51:26.7256561Z 
2025-04-16T17:51:26.7260210Z Error: [96msrc/app/features/favorites/favorites-list/favorites-list.component.spec.ts[0m:[93m148[0m:[93m27[0m - [91merror[0m[90m TS2345: [0mArgument of type '{ _id: string; ad: { _id: string; title: string; price: number; location: { city: string; county: string; }; images: { url: string; }[]; advertiser: { _id: string; }; }; notes: string; notificationsEnabled: boolean; createdAt: string; }' is not assignable to parameter of type 'Favorite'.
2025-04-16T17:51:26.7264728Z   Type '{ _id: string; ad: { _id: string; title: string; price: number; location: { city: string; county: string; }; images: { url: string; }[]; advertiser: { _id: string; }; }; notes: string; notificationsEnabled: boolean; createdAt: string; }' is missing the following properties from type 'Favorite': user, tags, priority, updatedAt
2025-04-16T17:51:26.7266476Z 
2025-04-16T17:51:26.7267089Z [7m148[0m     component.updateNotes(mockFavorites[0], 'New notes');
2025-04-16T17:51:26.7267936Z [7m   [0m [91m                          ~~~~~~~~~~~~~~~~[0m
2025-04-16T17:51:26.7268291Z 
2025-04-16T17:51:26.7268301Z 
2025-04-16T17:51:26.7272508Z Error: [96msrc/app/features/favorites/favorites-list/favorites-list.component.spec.ts[0m:[93m156[0m:[93m53[0m - [91merror[0m[90m TS2345: [0mArgument of type 'Observable<{ _id: string; ad: { _id: string; title: string; price: number; location: { city: string; county: string; }; images: { url: string; }[]; advertiser: { _id: string; }; }; notes: string; notificationsEnabled: boolean; createdAt: string; }[]>' is not assignable to parameter of type 'Observable<Favorite[]>'.
2025-04-16T17:51:26.7277367Z   Type '{ _id: string; ad: { _id: string; title: string; price: number; location: { city: string; county: string; }; images: { url: string; }[]; advertiser: { _id: string; }; }; notes: string; notificationsEnabled: boolean; createdAt: string; }[]' is not assignable to type 'Favorite[]'.
2025-04-16T17:51:26.7280890Z     Type '{ _id: string; ad: { _id: string; title: string; price: number; location: { city: string; county: string; }; images: { url: string; }[]; advertiser: { _id: string; }; }; notes: string; notificationsEnabled: boolean; createdAt: string; }' is missing the following properties from type 'Favorite': user, tags, priority, updatedAt
2025-04-16T17:51:26.7282858Z 
2025-04-16T17:51:26.7283662Z [7m156[0m     favoriteServiceSpy.getFavorites.and.returnValue(of(mockFavorites));
2025-04-16T17:51:26.7284806Z [7m   [0m [91m                                                    ~~~~~~~~~~~~~~~~~[0m
2025-04-16T17:51:26.7285204Z 
2025-04-16T17:51:26.7285214Z 
2025-04-16T17:51:26.7288929Z Error: [96msrc/app/features/favorites/favorites-list/favorites-list.component.spec.ts[0m:[93m165[0m:[93m31[0m - [91merror[0m[90m TS2345: [0mArgument of type '{ _id: string; ad: { _id: string; title: string; price: number; location: { city: string; county: string; }; images: { url: string; }[]; advertiser: { _id: string; }; }; notes: string; notificationsEnabled: boolean; createdAt: string; }' is not assignable to parameter of type 'Favorite'.
2025-04-16T17:51:26.7293540Z   Type '{ _id: string; ad: { _id: string; title: string; price: number; location: { city: string; county: string; }; images: { url: string; }[]; advertiser: { _id: string; }; }; notes: string; notificationsEnabled: boolean; createdAt: string; }' is missing the following properties from type 'Favorite': user, tags, priority, updatedAt
2025-04-16T17:51:26.7295336Z 
2025-04-16T17:51:26.7295871Z [7m165[0m     component.openNotesDialog(mockFavorites[0]);
2025-04-16T17:51:26.7296721Z [7m   [0m [91m                              ~~~~~~~~~~~~~~~~[0m
2025-04-16T17:51:26.7297073Z 
2025-04-16T17:51:26.7297082Z 
2025-04-16T17:51:26.7298770Z Error: [96msrc/app/features/favorites/favorites-list/favorites-list.component.ts[0m:[93m875[0m:[93m36[0m - [91merror[0m[90m TS2339: [0mProperty 'selected' does not exist on type 'Favorite'.
2025-04-16T17:51:26.7299977Z 
2025-04-16T17:51:26.7300428Z [7m875[0m       .filter(favorite => favorite.selected)
2025-04-16T17:51:26.7301213Z [7m   [0m [91m                                   ~~~~~~~~[0m
2025-04-16T17:51:26.7301554Z 
2025-04-16T17:51:26.7301563Z 
2025-04-16T17:51:26.7303897Z Error: [96msrc/app/shared/components/chat-message/chat-message.component.ts[0m:[93m40[0m:[93m44[0m - [91merror[0m[90m TS2551: [0mProperty 'getCurrentUserId' does not exist on type 'AuthService'. Did you mean 'getCurrentUser'?
2025-04-16T17:51:26.7305296Z 
2025-04-16T17:51:26.7305993Z [7m40[0m     const currentUserId = this.authService.getCurrentUserId();
2025-04-16T17:51:26.7306972Z [7m  [0m [91m                                           ~~~~~~~~~~~~~~~~[0m
2025-04-16T17:51:26.7307362Z 
2025-04-16T17:51:26.7307898Z   [96msrc/app/core/services/auth.service.ts[0m:[93m135[0m:[93m3[0m
2025-04-16T17:51:26.7308734Z     [7m135[0m   getCurrentUser(): User | null {
2025-04-16T17:51:26.7309370Z     [7m   [0m [96m  ~~~~~~~~~~~~~~[0m
2025-04-16T17:51:26.7309868Z     'getCurrentUser' is declared here.
2025-04-16T17:51:26.7310166Z 
2025-04-16T17:51:26.7310174Z 
2025-04-16T17:51:26.7311824Z Error: [96msrc/app/shared/components/chat-message/chat-message.component.ts[0m:[93m109[0m:[93m60[0m - [91merror[0m[90m TS2339: [0mProperty 'createdAt' does not exist on type 'ChatMessage'.
2025-04-16T17:51:26.7313167Z 
2025-04-16T17:51:26.7313966Z [7m109[0m     return new Date(this.message.timestamp || this.message.createdAt || Date.now());
2025-04-16T17:51:26.7315125Z [7m   [0m [91m                                                           ~~~~~~~~~[0m
2025-04-16T17:51:26.7315789Z 
2025-04-16T17:51:26.7315800Z 
2025-04-16T17:51:26.7317228Z Error: [96msrc/app/shared/components/map/map.component.spec.ts[0m:[93m8[0m:[93m1[0m - [91merror[0m[90m TS2304: [0mCannot find name 'jest'.
2025-04-16T17:51:26.7318132Z 
2025-04-16T17:51:26.7318495Z [7m8[0m jest.mock('leaflet', () => {
2025-04-16T17:51:26.7319029Z [7m [0m [91m~~~~[0m
2025-04-16T17:51:26.7319254Z 
2025-04-16T17:51:26.7319261Z 
2025-04-16T17:51:26.7320476Z Error: [96msrc/app/shared/components/map/map.component.spec.ts[0m:[93m9[0m:[93m26[0m - [91merror[0m[90m TS2304: [0mCannot find name 'jest'.
2025-04-16T17:51:26.7321305Z 
2025-04-16T17:51:26.7321797Z [7m9[0m   const originalModule = jest.requireActual('leaflet');
2025-04-16T17:51:26.7322744Z [7m [0m [91m                         ~~~~[0m
2025-04-16T17:51:26.7323035Z 
2025-04-16T17:51:26.7323043Z 
2025-04-16T17:51:26.7324134Z Error: [96msrc/app/shared/components/map/map.component.spec.ts[0m:[93m13[0m:[93m14[0m - [91merror[0m[90m TS2304: [0mCannot find name 'jest'.
2025-04-16T17:51:26.7324954Z 
2025-04-16T17:51:26.7325348Z [7m13[0m     setView: jest.fn().mockReturnThis(),
2025-04-16T17:51:26.7325985Z [7m  [0m [91m             ~~~~[0m
2025-04-16T17:51:26.7326243Z 
2025-04-16T17:51:26.7326251Z 
2025-04-16T17:51:26.7327388Z Error: [96msrc/app/shared/components/map/map.component.spec.ts[0m:[93m14[0m:[93m13[0m - [91merror[0m[90m TS2304: [0mCannot find name 'jest'.
2025-04-16T17:51:26.7328185Z 
2025-04-16T17:51:26.7328466Z [7m14[0m     remove: jest.fn(),
2025-04-16T17:51:26.7328970Z [7m  [0m [91m            ~~~~[0m
2025-04-16T17:51:26.7329225Z 
2025-04-16T17:51:26.7329233Z 
2025-04-16T17:51:26.7330413Z Error: [96msrc/app/shared/components/map/map.component.spec.ts[0m:[93m15[0m:[93m9[0m - [91merror[0m[90m TS2304: [0mCannot find name 'jest'.
2025-04-16T17:51:26.7331280Z 
2025-04-16T17:51:26.7331648Z [7m15[0m     on: jest.fn().mockReturnThis(),
2025-04-16T17:51:26.7332239Z [7m  [0m [91m        ~~~~[0m
2025-04-16T17:51:26.7332659Z 
2025-04-16T17:51:26.7332666Z 
2025-04-16T17:51:26.7333943Z Error: [96msrc/app/shared/components/map/map.component.spec.ts[0m:[93m16[0m:[93m10[0m - [91merror[0m[90m TS2304: [0mCannot find name 'jest'.
2025-04-16T17:51:26.7334831Z 
2025-04-16T17:51:26.7335134Z [7m16[0m     off: jest.fn(),
2025-04-16T17:51:26.7335649Z [7m  [0m [91m         ~~~~[0m
2025-04-16T17:51:26.7335915Z 
2025-04-16T17:51:26.7335923Z 
2025-04-16T17:51:26.7337173Z Error: [96msrc/app/shared/components/map/map.component.spec.ts[0m:[93m17[0m:[93m21[0m - [91merror[0m[90m TS2304: [0mCannot find name 'jest'.
2025-04-16T17:51:26.7338096Z 
2025-04-16T17:51:26.7338474Z [7m17[0m     invalidateSize: jest.fn(),
2025-04-16T17:51:26.7339099Z [7m  [0m [91m                    ~~~~[0m
2025-04-16T17:51:26.7339390Z 
2025-04-16T17:51:26.7339399Z 
2025-04-16T17:51:26.7340627Z Error: [96msrc/app/shared/components/map/map.component.spec.ts[0m:[93m18[0m:[93m15[0m - [91merror[0m[90m TS2304: [0mCannot find name 'jest'.
2025-04-16T17:51:26.7341535Z 
2025-04-16T17:51:26.7341884Z [7m18[0m     addLayer: jest.fn(),
2025-04-16T17:51:26.7342860Z [7m  [0m [91m              ~~~~[0m
2025-04-16T17:51:26.7343158Z 
2025-04-16T17:51:26.7343166Z 
2025-04-16T17:51:26.7344418Z Error: [96msrc/app/shared/components/map/map.component.spec.ts[0m:[93m19[0m:[93m18[0m - [91merror[0m[90m TS2304: [0mCannot find name 'jest'.
2025-04-16T17:51:26.7345358Z 
2025-04-16T17:51:26.7345708Z [7m19[0m     removeLayer: jest.fn(),
2025-04-16T17:51:26.7346314Z [7m  [0m [91m                 ~~~~[0m
2025-04-16T17:51:26.7346612Z 
2025-04-16T17:51:26.7346621Z 
2025-04-16T17:51:26.7347860Z Error: [96msrc/app/shared/components/map/map.component.spec.ts[0m:[93m20[0m:[93m14[0m - [91merror[0m[90m TS2304: [0mCannot find name 'jest'.
2025-04-16T17:51:26.7348742Z 
2025-04-16T17:51:26.7349189Z [7m20[0m     getZoom: jest.fn().mockReturnValue(10),
2025-04-16T17:51:26.7350098Z [7m  [0m [91m             ~~~~[0m
2025-04-16T17:51:26.7350395Z 
2025-04-16T17:51:26.7350403Z 
2025-04-16T17:51:26.7351880Z Error: [96msrc/app/shared/components/map/map.component.spec.ts[0m:[93m21[0m:[93m14[0m - [91merror[0m[90m TS2304: [0mCannot find name 'jest'.
2025-04-16T17:51:26.7353136Z 
2025-04-16T17:51:26.7353471Z [7m21[0m     setZoom: jest.fn(),
2025-04-16T17:51:26.7354056Z [7m  [0m [91m             ~~~~[0m
2025-04-16T17:51:26.7354340Z 
2025-04-16T17:51:26.7354349Z 
2025-04-16T17:51:26.7355599Z Error: [96msrc/app/shared/components/map/map.component.spec.ts[0m:[93m22[0m:[93m16[0m - [91merror[0m[90m TS2304: [0mCannot find name 'jest'.
2025-04-16T17:51:26.7356481Z 
2025-04-16T17:51:26.7357042Z [7m22[0m     getCenter: jest.fn().mockReturnValue({ lat: 0, lng: 0 }),
2025-04-16T17:51:26.7357770Z [7m  [0m [91m               ~~~~[0m
2025-04-16T17:51:26.7358077Z 
2025-04-16T17:51:26.7358087Z 
2025-04-16T17:51:26.7359318Z Error: [96msrc/app/shared/components/map/map.component.spec.ts[0m:[93m23[0m:[93m12[0m - [91merror[0m[90m TS2304: [0mCannot find name 'jest'.
2025-04-16T17:51:26.7360226Z 
2025-04-16T17:51:26.7360555Z [7m23[0m     flyTo: jest.fn(),
2025-04-16T17:51:26.7361143Z [7m  [0m [91m           ~~~~[0m
2025-04-16T17:51:26.7361424Z 
2025-04-16T17:51:26.7361433Z 
2025-04-16T17:51:26.7362847Z Error: [96msrc/app/shared/components/map/map.component.spec.ts[0m:[93m28[0m:[93m12[0m - [91merror[0m[90m TS2304: [0mCannot find name 'jest'.
2025-04-16T17:51:26.7363727Z 
2025-04-16T17:51:26.7364159Z [7m28[0m     addTo: jest.fn().mockReturnThis(),
2025-04-16T17:51:26.7364817Z [7m  [0m [91m           ~~~~[0m
2025-04-16T17:51:26.7365086Z 
2025-04-16T17:51:26.7365094Z 
2025-04-16T17:51:26.7366334Z Error: [96msrc/app/shared/components/map/map.component.spec.ts[0m:[93m29[0m:[93m16[0m - [91merror[0m[90m TS2304: [0mCannot find name 'jest'.
2025-04-16T17:51:26.7367226Z 
2025-04-16T17:51:26.7367842Z [7m29[0m     setLatLng: jest.fn().mockReturnThis(),
2025-04-16T17:51:26.7368579Z [7m  [0m [91m               ~~~~[0m
2025-04-16T17:51:26.7368870Z 
2025-04-16T17:51:26.7368887Z 
2025-04-16T17:51:26.7370136Z Error: [96msrc/app/shared/components/map/map.component.spec.ts[0m:[93m30[0m:[93m16[0m - [91merror[0m[90m TS2304: [0mCannot find name 'jest'.
2025-04-16T17:51:26.7371030Z 
2025-04-16T17:51:26.7371465Z [7m30[0m     bindPopup: jest.fn().mockReturnThis(),
2025-04-16T17:51:26.7372109Z [7m  [0m [91m               ~~~~[0m
2025-04-16T17:51:26.7372560Z 
2025-04-16T17:51:26.7372568Z 
2025-04-16T17:51:26.7373806Z Error: [96msrc/app/shared/components/map/map.component.spec.ts[0m:[93m31[0m:[93m16[0m - [91merror[0m[90m TS2304: [0mCannot find name 'jest'.
2025-04-16T17:51:26.7374684Z 
2025-04-16T17:51:26.7375005Z [7m31[0m     openPopup: jest.fn(),
2025-04-16T17:51:26.7375611Z [7m  [0m [91m               ~~~~[0m
2025-04-16T17:51:26.7375895Z 
2025-04-16T17:51:26.7375905Z 
2025-04-16T17:51:26.7377112Z Error: [96msrc/app/shared/components/map/map.component.spec.ts[0m:[93m32[0m:[93m13[0m - [91merror[0m[90m TS2304: [0mCannot find name 'jest'.
2025-04-16T17:51:26.7378026Z 
2025-04-16T17:51:26.7378393Z [7m32[0m     remove: jest.fn(),
2025-04-16T17:51:26.7378991Z [7m  [0m [91m            ~~~~[0m
2025-04-16T17:51:26.7379271Z 
2025-04-16T17:51:26.7379280Z 
2025-04-16T17:51:26.7380519Z Error: [96msrc/app/shared/components/map/map.component.spec.ts[0m:[93m33[0m:[93m9[0m - [91merror[0m[90m TS2304: [0mCannot find name 'jest'.
2025-04-16T17:51:26.7381413Z 
2025-04-16T17:51:26.7381816Z [7m33[0m     on: jest.fn().mockReturnThis(),
2025-04-16T17:51:26.7382931Z [7m  [0m [91m        ~~~~[0m
2025-04-16T17:51:26.7383206Z 
2025-04-16T17:51:26.7383215Z 
2025-04-16T17:51:26.7384446Z Error: [96msrc/app/shared/components/map/map.component.spec.ts[0m:[93m38[0m:[93m16[0m - [91merror[0m[90m TS2304: [0mCannot find name 'jest'.
2025-04-16T17:51:26.7385338Z 
2025-04-16T17:51:26.7385770Z [7m38[0m     setLatLng: jest.fn().mockReturnThis(),
2025-04-16T17:51:26.7386679Z [7m  [0m [91m               ~~~~[0m
2025-04-16T17:51:26.7386960Z 
2025-04-16T17:51:26.7386969Z 
2025-04-16T17:51:26.7388361Z Error: [96msrc/app/shared/components/map/map.component.spec.ts[0m:[93m39[0m:[93m17[0m - [91merror[0m[90m TS2304: [0mCannot find name 'jest'.
2025-04-16T17:51:26.7389296Z 
2025-04-16T17:51:26.7389707Z [7m39[0m     setContent: jest.fn().mockReturnThis(),
2025-04-16T17:51:26.7390375Z [7m  [0m [91m                ~~~~[0m
2025-04-16T17:51:26.7390674Z 
2025-04-16T17:51:26.7390682Z 
2025-04-16T17:51:26.7391896Z Error: [96msrc/app/shared/components/map/map.component.spec.ts[0m:[93m40[0m:[93m13[0m - [91merror[0m[90m TS2304: [0mCannot find name 'jest'.
2025-04-16T17:51:26.7392976Z 
2025-04-16T17:51:26.7393302Z [7m40[0m     openOn: jest.fn(),
2025-04-16T17:51:26.7393847Z [7m  [0m [91m            ~~~~[0m
2025-04-16T17:51:26.7394114Z 
2025-04-16T17:51:26.7394122Z 
2025-04-16T17:51:26.7395337Z Error: [96msrc/app/shared/components/map/map.component.spec.ts[0m:[93m50[0m:[93m10[0m - [91merror[0m[90m TS2304: [0mCannot find name 'jest'.
2025-04-16T17:51:26.7396184Z 
2025-04-16T17:51:26.7396636Z [7m50[0m     map: jest.fn().mockReturnValue(mockMap),
2025-04-16T17:51:26.7397243Z [7m  [0m [91m         ~~~~[0m
2025-04-16T17:51:26.7397505Z 
2025-04-16T17:51:26.7397512Z 
2025-04-16T17:51:26.7398705Z Error: [96msrc/app/shared/components/map/map.component.spec.ts[0m:[93m51[0m:[93m13[0m - [91merror[0m[90m TS2304: [0mCannot find name 'jest'.
2025-04-16T17:51:26.7399588Z 
2025-04-16T17:51:26.7400057Z [7m51[0m     marker: jest.fn().mockReturnValue(mockMarker),
2025-04-16T17:51:26.7400708Z [7m  [0m [91m            ~~~~[0m
2025-04-16T17:51:26.7400962Z 
2025-04-16T17:51:26.7400970Z 
2025-04-16T17:51:26.7402151Z Error: [96msrc/app/shared/components/map/map.component.spec.ts[0m:[93m52[0m:[93m12[0m - [91merror[0m[90m TS2304: [0mCannot find name 'jest'.
2025-04-16T17:51:26.7403309Z 
2025-04-16T17:51:26.7403790Z [7m52[0m     popup: jest.fn().mockReturnValue(mockPopup),
2025-04-16T17:51:26.7404442Z [7m  [0m [91m           ~~~~[0m
2025-04-16T17:51:26.7404720Z 
2025-04-16T17:51:26.7404728Z 
2025-04-16T17:51:26.7406029Z Error: [96msrc/app/shared/components/map/map.component.spec.ts[0m:[93m53[0m:[93m11[0m - [91merror[0m[90m TS2304: [0mCannot find name 'jest'.
2025-04-16T17:51:26.7406914Z 
2025-04-16T17:51:26.7407354Z [7m53[0m     icon: jest.fn().mockReturnValue(mockIcon),
2025-04-16T17:51:26.7407994Z [7m  [0m [91m          ~~~~[0m
2025-04-16T17:51:26.7408249Z 
2025-04-16T17:51:26.7408257Z 
2025-04-16T17:51:26.7409461Z Error: [96msrc/app/shared/components/map/map.component.spec.ts[0m:[93m54[0m:[93m16[0m - [91merror[0m[90m TS2304: [0mCannot find name 'jest'.
2025-04-16T17:51:26.7410315Z 
2025-04-16T17:51:26.7410937Z [7m54[0m     tileLayer: jest.fn().mockReturnValue({
2025-04-16T17:51:26.7411662Z [7m  [0m [91m               ~~~~[0m
2025-04-16T17:51:26.7411978Z 
2025-04-16T17:51:26.7412001Z 
2025-04-16T17:51:26.7413433Z Error: [96msrc/app/shared/components/map/map.component.spec.ts[0m:[93m55[0m:[93m14[0m - [91merror[0m[90m TS2304: [0mCannot find name 'jest'.
2025-04-16T17:51:26.7414321Z 
2025-04-16T17:51:26.7414649Z [7m55[0m       addTo: jest.fn(),
2025-04-16T17:51:26.7415229Z [7m  [0m [91m             ~~~~[0m
2025-04-16T17:51:26.7415511Z 
2025-04-16T17:51:26.7415519Z 
2025-04-16T17:51:26.7416708Z Error: [96msrc/app/shared/components/map/map.component.spec.ts[0m:[93m57[0m:[93m14[0m - [91merror[0m[90m TS2304: [0mCannot find name 'jest'.
2025-04-16T17:51:26.7417579Z 
2025-04-16T17:51:26.7418018Z [7m57[0m     divIcon: jest.fn().mockReturnValue({}),
2025-04-16T17:51:26.7418676Z [7m  [0m [91m             ~~~~[0m
2025-04-16T17:51:26.7418970Z 
2025-04-16T17:51:26.7418978Z 
2025-04-16T17:51:26.7420631Z Error: [96msrc/app/shared/components/map/map.component.spec.ts[0m:[93m143[0m:[93m22[0m - [91merror[0m[90m TS2341: [0mProperty 'map' is private and only accessible within class 'MapComponent'.
2025-04-16T17:51:26.7422057Z 
2025-04-16T17:51:26.7422694Z [7m143[0m     expect(component.map).toBeNull();
2025-04-16T17:51:26.7423572Z [7m   [0m [91m                     ~~~[0m
2025-04-16T17:51:26.7423881Z 
2025-04-16T17:51:26.7423890Z 
2025-04-16T17:51:26.7425637Z Error: [96msrc/app/shared/components/map/map.component.spec.ts[0m:[93m169[0m:[93m15[0m - [91merror[0m[90m TS2551: [0mProperty 'onMapClick' does not exist on type 'MapComponent'. Did you mean 'mapClick'?
2025-04-16T17:51:26.7426855Z 
2025-04-16T17:51:26.7427348Z [7m169[0m     component.onMapClick(mockEvent as any);
2025-04-16T17:51:26.7428038Z [7m   [0m [91m              ~~~~~~~~~~[0m
2025-04-16T17:51:26.7428332Z 
2025-04-16T17:51:26.7428918Z   [96msrc/app/shared/components/map/map.component.ts[0m:[93m126[0m:[93m13[0m
2025-04-16T17:51:26.7430131Z     [7m126[0m   @Output() mapClick = new EventEmitter<{ latitude: number; longitude: number }>();
2025-04-16T17:51:26.7431030Z     [7m   [0m [96m            ~~~~~~~~[0m
2025-04-16T17:51:26.7431523Z     'mapClick' is declared here.
2025-04-16T17:51:26.7431792Z 
2025-04-16T17:51:26.7431801Z 
2025-04-16T17:51:26.7433738Z Error: [96msrc/app/shared/components/map/map.component.spec.ts[0m:[93m184[0m:[93m22[0m - [91merror[0m[90m TS2341: [0mProperty 'map' is private and only accessible within class 'MapComponent'.
2025-04-16T17:51:26.7434873Z 
2025-04-16T17:51:26.7435591Z [7m184[0m     expect(component.map?.flyTo).toHaveBeenCalledWith([60.0, 11.0], 12);
2025-04-16T17:51:26.7436553Z [7m   [0m [91m                     ~~~[0m
2025-04-16T17:51:26.7436889Z 
2025-04-16T17:51:26.7436898Z 
2025-04-16T17:51:26.7438532Z Error: [96msrc/app/shared/components/map/map.component.spec.ts[0m:[93m200[0m:[93m22[0m - [91merror[0m[90m TS2341: [0mProperty 'map' is private and only accessible within class 'MapComponent'.
2025-04-16T17:51:26.7439691Z 
2025-04-16T17:51:26.7440326Z [7m200[0m     expect(component.map?.invalidateSize).toHaveBeenCalled();
2025-04-16T17:51:26.7441200Z [7m   [0m [91m                     ~~~[0m
2025-04-16T17:51:26.7441523Z 
2025-04-16T17:51:26.7441532Z 
2025-04-16T17:51:26.7443587Z Error: [96msrc/app/shared/components/map/map.component.spec.ts[0m:[93m214[0m:[93m15[0m - [91merror[0m[90m TS2551: [0mProperty 'onMarkerClick' does not exist on type 'MapComponent'. Did you mean 'markerClick'?
2025-04-16T17:51:26.7444815Z 
2025-04-16T17:51:26.7445285Z [7m214[0m     component.onMarkerClick(testMarker);
2025-04-16T17:51:26.7446026Z [7m   [0m [91m              ~~~~~~~~~~~~~[0m
2025-04-16T17:51:26.7446348Z 
2025-04-16T17:51:26.7446997Z   [96msrc/app/shared/components/map/map.component.ts[0m:[93m120[0m:[93m13[0m
2025-04-16T17:51:26.7448058Z     [7m120[0m   @Output() markerClick = new EventEmitter<MapMarker>();
2025-04-16T17:51:26.7448783Z     [7m   [0m [96m            ~~~~~~~~~~~[0m
2025-04-16T17:51:26.7449321Z     'markerClick' is declared here.
2025-04-16T17:51:26.7449615Z 
2025-04-16T17:51:26.7449636Z 
2025-04-16T17:51:26.7450905Z Error: [96msrc/app/shared/components/map/map.component.spec.ts[0m:[93m227[0m:[93m27[0m - [91merror[0m[90m TS2304: [0mCannot find name 'jest'.
2025-04-16T17:51:26.7451808Z 
2025-04-16T17:51:26.7452685Z [7m227[0m       getCurrentPosition: jest.fn().mockImplementation(success => {
2025-04-16T17:51:26.7453564Z [7m   [0m [91m                          ~~~~[0m
2025-04-16T17:51:26.7453873Z 
2025-04-16T17:51:26.7453881Z 
2025-04-16T17:51:26.7455093Z Error: [96msrc/app/shared/components/map/map.component.spec.ts[0m:[93m238[0m:[93m27[0m - [91merror[0m[90m TS2304: [0mCannot find name 'global'.
2025-04-16T17:51:26.7456024Z 
2025-04-16T17:51:26.7456622Z [7m238[0m     Object.defineProperty(global.navigator, 'geolocation', {
2025-04-16T17:51:26.7457445Z [7m   [0m [91m                          ~~~~~~[0m
2025-04-16T17:51:26.7457764Z 
2025-04-16T17:51:26.7457773Z 
2025-04-16T17:51:26.7459670Z Error: [96msrc/app/shared/components/map/map.component.spec.ts[0m:[93m244[0m:[93m15[0m - [91merror[0m[90m TS2551: [0mProperty 'showCurrentPosition' does not exist on type 'MapComponent'. Did you mean 'showCurrentLocation'?
2025-04-16T17:51:26.7461324Z 
2025-04-16T17:51:26.7461975Z [7m244[0m     component.showCurrentPosition();
2025-04-16T17:51:26.7462930Z [7m   [0m [91m              ~~~~~~~~~~~~~~~~~~~[0m
2025-04-16T17:51:26.7463270Z 
2025-04-16T17:51:26.7463889Z   [96msrc/app/shared/components/map/map.component.ts[0m:[93m114[0m:[93m12[0m
2025-04-16T17:51:26.7464813Z     [7m114[0m   @Input() showCurrentLocation = false;
2025-04-16T17:51:26.7465468Z     [7m   [0m [96m           ~~~~~~~~~~~~~~~~~~~[0m
2025-04-16T17:51:26.7466028Z     'showCurrentLocation' is declared here.
2025-04-16T17:51:26.7466371Z 
2025-04-16T17:51:26.7466379Z 
2025-04-16T17:51:26.7467665Z Error: [96msrc/app/shared/components/map/map.component.ts[0m:[93m2[0m:[93m3[0m - [91merror[0m[90m TS2300: [0mDuplicate identifier 'Component'.
2025-04-16T17:51:26.7468569Z 
2025-04-16T17:51:26.7468851Z [7m2[0m   Component,
2025-04-16T17:51:26.7469380Z [7m [0m [91m  ~~~~~~~~~[0m
2025-04-16T17:51:26.7469633Z 
2025-04-16T17:51:26.7469641Z 
2025-04-16T17:51:26.7470884Z Error: [96msrc/app/shared/components/map/map.component.ts[0m:[93m3[0m:[93m3[0m - [91merror[0m[90m TS2300: [0mDuplicate identifier 'OnInit'.
2025-04-16T17:51:26.7471787Z 
2025-04-16T17:51:26.7472038Z [7m3[0m   OnInit,
2025-04-16T17:51:26.7472807Z [7m [0m [91m  ~~~~~~[0m
2025-04-16T17:51:26.7473069Z 
2025-04-16T17:51:26.7473077Z 
2025-04-16T17:51:26.7474260Z Error: [96msrc/app/shared/components/map/map.component.ts[0m:[93m4[0m:[93m3[0m - [91merror[0m[90m TS2300: [0mDuplicate identifier 'Input'.
2025-04-16T17:51:26.7475095Z 
2025-04-16T17:51:26.7475346Z [7m4[0m   Input,
2025-04-16T17:51:26.7475792Z [7m [0m [91m  ~~~~~[0m
2025-04-16T17:51:26.7476047Z 
2025-04-16T17:51:26.7476057Z 
2025-04-16T17:51:26.7477211Z Error: [96msrc/app/shared/components/map/map.component.ts[0m:[93m5[0m:[93m3[0m - [91merror[0m[90m TS2300: [0mDuplicate identifier 'Output'.
2025-04-16T17:51:26.7478091Z 
2025-04-16T17:51:26.7478310Z [7m5[0m   Output,
2025-04-16T17:51:26.7478724Z [7m [0m [91m  ~~~~~~[0m
2025-04-16T17:51:26.7478956Z 
2025-04-16T17:51:26.7478964Z 
2025-04-16T17:51:26.7480197Z Error: [96msrc/app/shared/components/map/map.component.ts[0m:[93m6[0m:[93m3[0m - [91merror[0m[90m TS2300: [0mDuplicate identifier 'EventEmitter'.
2025-04-16T17:51:26.7481080Z 
2025-04-16T17:51:26.7481341Z [7m6[0m   EventEmitter,
2025-04-16T17:51:26.7481854Z [7m [0m [91m  ~~~~~~~~~~~~[0m
2025-04-16T17:51:26.7482123Z 
2025-04-16T17:51:26.7482132Z 
2025-04-16T17:51:26.7483446Z Error: [96msrc/app/shared/components/map/map.component.ts[0m:[93m7[0m:[93m3[0m - [91merror[0m[90m TS2300: [0mDuplicate identifier 'AfterViewInit'.
2025-04-16T17:51:26.7484300Z 
2025-04-16T17:51:26.7484535Z [7m7[0m   AfterViewInit,
2025-04-16T17:51:26.7485061Z [7m [0m [91m  ~~~~~~~~~~~~~[0m
2025-04-16T17:51:26.7485351Z 
2025-04-16T17:51:26.7485361Z 
2025-04-16T17:51:26.7486603Z Error: [96msrc/app/shared/components/map/map.component.ts[0m:[93m8[0m:[93m3[0m - [91merror[0m[90m TS2300: [0mDuplicate identifier 'OnDestroy'.
2025-04-16T17:51:26.7487477Z 
2025-04-16T17:51:26.7487709Z [7m8[0m   OnDestroy,
2025-04-16T17:51:26.7488183Z [7m [0m [91m  ~~~~~~~~~[0m
2025-04-16T17:51:26.7488430Z 
2025-04-16T17:51:26.7488439Z 
2025-04-16T17:51:26.7489728Z Error: [96msrc/app/shared/components/map/map.component.ts[0m:[93m15[0m:[93m10[0m - [91merror[0m[90m TS2300: [0mDuplicate identifier 'CommonModule'.
2025-04-16T17:51:26.7490651Z 
2025-04-16T17:51:26.7491106Z [7m15[0m import { CommonModule } from '@angular/common';
2025-04-16T17:51:26.7491785Z [7m  [0m [91m         ~~~~~~~~~~~~[0m
2025-04-16T17:51:26.7492079Z 
2025-04-16T17:51:26.7492087Z 
2025-04-16T17:51:26.7493467Z Error: [96msrc/app/shared/components/map/map.component.ts[0m:[93m16[0m:[93m13[0m - [91merror[0m[90m TS2300: [0mDuplicate identifier 'L'.
2025-04-16T17:51:26.7494514Z 
2025-04-16T17:51:26.7494860Z [7m16[0m import * as L from 'leaflet';
2025-04-16T17:51:26.7495405Z [7m  [0m [91m            ~[0m
2025-04-16T17:51:26.7495662Z 
2025-04-16T17:51:26.7495884Z 
2025-04-16T17:51:26.7497146Z Error: [96msrc/app/shared/components/map/map.component.ts[0m:[93m17[0m:[93m10[0m - [91merror[0m[90m TS2300: [0mDuplicate identifier 'GeocodingService'.
2025-04-16T17:51:26.7497976Z 
2025-04-16T17:51:26.7498637Z [7m17[0m import { GeocodingService } from '../../../core/services/geocoding.service';
2025-04-16T17:51:26.7499480Z [7m  [0m [91m         ~~~~~~~~~~~~~~~~[0m
2025-04-16T17:51:26.7499773Z 
2025-04-16T17:51:26.7499781Z 
2025-04-16T17:51:26.7501029Z Error: [96msrc/app/shared/components/map/map.component.ts[0m:[93m71[0m:[93m14[0m - [91merror[0m[90m TS2300: [0mDuplicate identifier 'MapComponent'.
2025-04-16T17:51:26.7501867Z 
2025-04-16T17:51:26.7502776Z [7m71[0m export class MapComponent implements OnInit, AfterViewInit, OnDestroy, OnChanges {
2025-04-16T17:51:26.7503681Z [7m  [0m [91m             ~~~~~~~~~~~~[0m
2025-04-16T17:51:26.7503968Z 
2025-04-16T17:51:26.7503976Z 
2025-04-16T17:51:26.7506233Z Error: [96msrc/app/shared/components/map/map.component.ts[0m:[93m345[0m:[93m15[0m - [91merror[0m[90m TS2353: [0mObject literal may only specify known properties, and 'address' does not exist in type '{ latitude: number; longitude: number; }'.
2025-04-16T17:51:26.7507702Z 
2025-04-16T17:51:26.7508142Z [7m345[0m               address: result.address,
2025-04-16T17:51:26.7508828Z [7m   [0m [91m              ~~~~~~~[0m
2025-04-16T17:51:26.7537540Z 
2025-04-16T17:51:26.7537551Z 
2025-04-16T17:51:26.7538896Z Error: [96msrc/app/shared/components/map/map.component.ts[0m:[93m410[0m:[93m36[0m - [91merror[0m[90m TS2769: [0mNo overload matches this call.
2025-04-16T17:51:26.7540077Z   The last overload gave the following error.
2025-04-16T17:51:26.7541080Z     Argument of type '(e: KeyboardEvent) => void' is not assignable to parameter of type 'LeafletEventHandlerFn'.
2025-04-16T17:51:26.7542082Z       Types of parameters 'e' and 'event' are incompatible.
2025-04-16T17:51:26.7544483Z         Type 'LeafletEvent' is missing the following properties from type 'KeyboardEvent': altKey, charCode, code, ctrlKey, and 37 more.
2025-04-16T17:51:26.7545332Z 
2025-04-16T17:51:26.7545964Z [7m410[0m       leafletMarker.on('keypress', (e: KeyboardEvent) => {
2025-04-16T17:51:26.7546942Z [7m   [0m [91m                                   ~~~~~~~~~~~~~~~~~~~~~~~[0m
2025-04-16T17:51:26.7547332Z 
2025-04-16T17:51:26.7547909Z   [96m../node_modules/@types/leaflet/index.d.ts[0m:[93m1075[0m:[93m5[0m
2025-04-16T17:51:26.7549019Z     [7m1075[0m     on(type: string, fn: LeafletEventHandlerFn, context?: any): this;
2025-04-16T17:51:26.7549840Z     [7m    [0m [96m    ~~[0m
2025-04-16T17:51:26.7550344Z     The last overload is declared here.
2025-04-16T17:51:26.7550666Z 
2025-04-16T17:51:26.7550676Z 
2025-04-16T17:51:26.7552588Z Error: [96msrc/app/shared/components/map/map.component.ts[0m:[93m505[0m:[93m37[0m - [91merror[0m[90m TS2339: [0mProperty 'trackPerformance' does not exist on type 'MapMonitoringService'.
2025-04-16T17:51:26.7553745Z 
2025-04-16T17:51:26.7554630Z [7m505[0m           this.mapMonitoringService.trackPerformance('geolocation', geolocateTime);
2025-04-16T17:51:26.7555776Z [7m   [0m [91m                                    ~~~~~~~~~~~~~~~~[0m
2025-04-16T17:51:26.7556146Z 
2025-04-16T17:51:26.7556156Z 
2025-04-16T17:51:26.7557821Z Error: [96msrc/app/shared/components/map/map.component.ts[0m:[93m684[0m:[93m31[0m - [91merror[0m[90m TS2339: [0mProperty 'trackPerformance' does not exist on type 'MapMonitoringService'.
2025-04-16T17:51:26.7558981Z 
2025-04-16T17:51:26.7559818Z [7m684[0m     this.mapMonitoringService.trackPerformance('update_markers', updateTime, {
2025-04-16T17:51:26.7560949Z [7m   [0m [91m                              ~~~~~~~~~~~~~~~~[0m
2025-04-16T17:51:26.7561325Z 
2025-04-16T17:51:26.7561621Z 
2025-04-16T17:51:26.7563902Z Error: [96msrc/app/shared/components/map/map.component.ts[0m:[93m777[0m:[93m33[0m - [91merror[0m[90m TS2339: [0mProperty 'trackPerformance' does not exist on type 'MapMonitoringService'.
2025-04-16T17:51:26.7565098Z 
2025-04-16T17:51:26.7565911Z [7m777[0m       this.mapMonitoringService.trackPerformance('refresh_map', refreshTime);
2025-04-16T17:51:26.7566997Z [7m   [0m [91m                                ~~~~~~~~~~~~~~~~[0m
2025-04-16T17:51:26.7567369Z 
2025-04-16T17:51:26.7567380Z 
2025-04-16T17:51:26.7568695Z Error: [96msrc/app/shared/components/map/map.component.ts[0m:[93m782[0m:[93m3[0m - [91merror[0m[90m TS2300: [0mDuplicate identifier 'Component'.
2025-04-16T17:51:26.7569612Z 
2025-04-16T17:51:26.7569900Z [7m782[0m   Component,
2025-04-16T17:51:26.7570408Z [7m   [0m [91m  ~~~~~~~~~[0m
2025-04-16T17:51:26.7570691Z 
2025-04-16T17:51:26.7570701Z 
2025-04-16T17:51:26.7571937Z Error: [96msrc/app/shared/components/map/map.component.ts[0m:[93m783[0m:[93m3[0m - [91merror[0m[90m TS2300: [0mDuplicate identifier 'OnInit'.
2025-04-16T17:51:26.7573047Z 
2025-04-16T17:51:26.7573294Z [7m783[0m   OnInit,
2025-04-16T17:51:26.7573762Z [7m   [0m [91m  ~~~~~~[0m
2025-04-16T17:51:26.7574028Z 
2025-04-16T17:51:26.7574036Z 
2025-04-16T17:51:26.7575286Z Error: [96msrc/app/shared/components/map/map.component.ts[0m:[93m784[0m:[93m3[0m - [91merror[0m[90m TS2300: [0mDuplicate identifier 'Input'.
2025-04-16T17:51:26.7576176Z 
2025-04-16T17:51:26.7576440Z [7m784[0m   Input,
2025-04-16T17:51:26.7576894Z [7m   [0m [91m  ~~~~~[0m
2025-04-16T17:51:26.7577152Z 
2025-04-16T17:51:26.7577161Z 
2025-04-16T17:51:26.7578413Z Error: [96msrc/app/shared/components/map/map.component.ts[0m:[93m785[0m:[93m3[0m - [91merror[0m[90m TS2300: [0mDuplicate identifier 'Output'.
2025-04-16T17:51:26.7579292Z 
2025-04-16T17:51:26.7579536Z [7m785[0m   Output,
2025-04-16T17:51:26.7579984Z [7m   [0m [91m  ~~~~~~[0m
2025-04-16T17:51:26.7580239Z 
2025-04-16T17:51:26.7580248Z 
2025-04-16T17:51:26.7581534Z Error: [96msrc/app/shared/components/map/map.component.ts[0m:[93m786[0m:[93m3[0m - [91merror[0m[90m TS2300: [0mDuplicate identifier 'EventEmitter'.
2025-04-16T17:51:26.7582655Z 
2025-04-16T17:51:26.7582908Z [7m786[0m   EventEmitter,
2025-04-16T17:51:26.7583407Z [7m   [0m [91m  ~~~~~~~~~~~~[0m
2025-04-16T17:51:26.7583678Z 
2025-04-16T17:51:26.7583686Z 
2025-04-16T17:51:26.7584920Z Error: [96msrc/app/shared/components/map/map.component.ts[0m:[93m787[0m:[93m3[0m - [91merror[0m[90m TS2300: [0mDuplicate identifier 'AfterViewInit'.
2025-04-16T17:51:26.7585794Z 
2025-04-16T17:51:26.7586022Z [7m787[0m   AfterViewInit,
2025-04-16T17:51:26.7586531Z [7m   [0m [91m  ~~~~~~~~~~~~~[0m
2025-04-16T17:51:26.7586793Z 
2025-04-16T17:51:26.7586801Z 
2025-04-16T17:51:26.7588017Z Error: [96msrc/app/shared/components/map/map.component.ts[0m:[93m788[0m:[93m3[0m - [91merror[0m[90m TS2300: [0mDuplicate identifier 'OnDestroy'.
2025-04-16T17:51:26.7588936Z 
2025-04-16T17:51:26.7589225Z [7m788[0m   OnDestroy,
2025-04-16T17:51:26.7589759Z [7m   [0m [91m  ~~~~~~~~~[0m
2025-04-16T17:51:26.7590045Z 
2025-04-16T17:51:26.7590053Z 
2025-04-16T17:51:26.7591392Z Error: [96msrc/app/shared/components/map/map.component.ts[0m:[93m790[0m:[93m10[0m - [91merror[0m[90m TS2300: [0mDuplicate identifier 'CommonModule'.
2025-04-16T17:51:26.7592585Z 
2025-04-16T17:51:26.7593131Z [7m790[0m import { CommonModule } from '@angular/common';
2025-04-16T17:51:26.7593879Z [7m   [0m [91m         ~~~~~~~~~~~~[0m
2025-04-16T17:51:26.7594185Z 
2025-04-16T17:51:26.7594194Z 
2025-04-16T17:51:26.7595452Z Error: [96msrc/app/shared/components/map/map.component.ts[0m:[93m791[0m:[93m13[0m - [91merror[0m[90m TS2300: [0mDuplicate identifier 'L'.
2025-04-16T17:51:26.7596319Z 
2025-04-16T17:51:26.7596689Z [7m791[0m import * as L from 'leaflet';
2025-04-16T17:51:26.7597263Z [7m   [0m [91m            ~[0m
2025-04-16T17:51:26.7597534Z 
2025-04-16T17:51:26.7597776Z 
2025-04-16T17:51:26.7599224Z Error: [96msrc/app/shared/components/map/map.component.ts[0m:[93m792[0m:[93m10[0m - [91merror[0m[90m TS2300: [0mDuplicate identifier 'GeocodingService'.
2025-04-16T17:51:26.7600166Z 
2025-04-16T17:51:26.7600849Z [7m792[0m import { GeocodingService } from '../../../core/services/geocoding.service';
2025-04-16T17:51:26.7601730Z [7m   [0m [91m         ~~~~~~~~~~~~~~~~[0m
2025-04-16T17:51:26.7602031Z 
2025-04-16T17:51:26.7602039Z 
2025-04-16T17:51:26.7603563Z Error: [96msrc/app/shared/components/map/map.component.ts[0m:[93m811[0m:[93m14[0m - [91merror[0m[90m TS2300: [0mDuplicate identifier 'MapComponent'.
2025-04-16T17:51:26.7604498Z 
2025-04-16T17:51:26.7605265Z [7m811[0m export class MapComponent implements OnInit, AfterViewInit, OnDestroy {
2025-04-16T17:51:26.7606289Z [7m   [0m [91m             ~~~~~~~~~~~~[0m
2025-04-16T17:51:26.7606593Z 
2025-04-16T17:51:26.7606601Z 
2025-04-16T17:51:26.7607890Z Error: [96msrc/app/shared/emerald/card-grid/card-grid.component.spec.ts[0m:[93m18[0m:[93m1[0m - [91merror[0m[90m TS1005: [0m'from' expected.
2025-04-16T17:51:26.7608794Z 
2025-04-16T17:51:26.7609369Z [7m18[0m import { CardGridComponent } from './card-grid.component';
2025-04-16T17:51:26.7633321Z [7m  [0m [91m~~~~~~[0m
2025-04-16T17:51:26.7633617Z 
2025-04-16T17:51:26.7633627Z 
2025-04-16T17:51:26.7635133Z Error: [96msrc/app/shared/emerald/card-grid/card-grid.component.spec.ts[0m:[93m20[0m:[93m73[0m - [91merror[0m[90m TS2304: [0mCannot find name 'MockAppCardComponent'.
2025-04-16T17:51:26.7636177Z 
2025-04-16T17:51:26.7637499Z [7m20[0m import { CommonTestModule } from '../../../testing/common-test.module'; MockAppCardComponent } from '../../../testing/common-test.module';
2025-04-16T17:51:26.7639093Z [7m  [0m [91m                                                                        ~~~~~~~~~~~~~~~~~~~~[0m
2025-04-16T17:51:26.7639504Z 
2025-04-16T17:51:26.7639514Z 
2025-04-16T17:51:26.7640987Z Error: [96msrc/app/shared/emerald/card-grid/card-grid.component.spec.ts[0m:[93m20[0m:[93m94[0m - [91merror[0m[90m TS1128: [0mDeclaration or statement expected.
2025-04-16T17:51:26.7642029Z 
2025-04-16T17:51:26.7643576Z [7m20[0m import { CommonTestModule } from '../../../testing/common-test.module'; MockAppCardComponent } from '../../../testing/common-test.module';
2025-04-16T17:51:26.7645180Z [7m  [0m [91m                                                                                             ~[0m
2025-04-16T17:51:26.7645596Z 
2025-04-16T17:51:26.7645606Z 
2025-04-16T17:51:26.7647064Z Error: [96msrc/app/shared/emerald/card-grid/card-grid.component.spec.ts[0m:[93m20[0m:[93m96[0m - [91merror[0m[90m TS1434: [0mUnexpected keyword or identifier.
2025-04-16T17:51:26.7648082Z 
2025-04-16T17:51:26.7649409Z [7m20[0m import { CommonTestModule } from '../../../testing/common-test.module'; MockAppCardComponent } from '../../../testing/common-test.module';
2025-04-16T17:51:26.7651008Z [7m  [0m [91m                                                                                               ~~~~[0m
2025-04-16T17:51:26.7651428Z 
2025-04-16T17:51:26.7651438Z 
2025-04-16T17:51:26.7652957Z Error: [96msrc/app/shared/emerald/card-grid/card-grid.component.spec.ts[0m:[93m20[0m:[93m96[0m - [91merror[0m[90m TS2304: [0mCannot find name 'from'.
2025-04-16T17:51:26.7653928Z 
2025-04-16T17:51:26.7655141Z [7m20[0m import { CommonTestModule } from '../../../testing/common-test.module'; MockAppCardComponent } from '../../../testing/common-test.module';
2025-04-16T17:51:26.7656590Z [7m  [0m [91m                                                                                               ~~~~[0m
2025-04-16T17:51:26.7656958Z 
2025-04-16T17:51:26.7656970Z 
2025-04-16T17:51:26.7658412Z Error: [96msrc/app/shared/emerald/card-grid/card-grid.component.spec.ts[0m:[93m52[0m:[93m4[0m - [91merror[0m[90m TS2304: [0mCannot find name 'ViewChild'.
2025-04-16T17:51:26.7659345Z 
2025-04-16T17:51:26.7659950Z [7m52[0m   @ViewChild('itemTemplate') itemTemplate!: TemplateRef<any>;
2025-04-16T17:51:26.7661017Z [7m  [0m [91m   ~~~~~~~~~[0m
2025-04-16T17:51:26.7661296Z 
2025-04-16T17:51:26.7661305Z 
2025-04-16T17:51:26.7676780Z Error: [96msrc/app/shared/emerald/card-grid/card-grid.component.spec.ts[0m:[93m52[0m:[93m45[0m - [91merror[0m[90m TS2304: [0mCannot find name 'TemplateRef'.
2025-04-16T17:51:26.7677798Z 
2025-04-16T17:51:26.7678443Z [7m52[0m   @ViewChild('itemTemplate') itemTemplate!: TemplateRef<any>;
2025-04-16T17:51:26.7679370Z [7m  [0m [91m                                            ~~~~~~~~~~~[0m
2025-04-16T17:51:26.7679722Z 
2025-04-16T17:51:26.7679731Z 
2025-04-16T17:51:26.7681113Z Error: [96msrc/app/shared/emerald/card-grid/card-grid.component.spec.ts[0m:[93m103[0m:[93m9[0m - [91merror[0m[90m TS2304: [0mCannot find name 'MockAppCardComponent'.
2025-04-16T17:51:26.7682137Z 
2025-04-16T17:51:26.7682658Z [7m103[0m         MockAppCardComponent,
2025-04-16T17:51:26.7683350Z [7m   [0m [91m        ~~~~~~~~~~~~~~~~~~~~[0m
2025-04-16T17:51:26.7683686Z 
2025-04-16T17:51:26.7683694Z 
2025-04-16T17:51:26.7685149Z Error: [96msrc/app/shared/emerald/card-grid/card-grid.component.spec.ts[0m:[93m110[0m:[93m37[0m - [91merror[0m[90m TS2304: [0mCannot find name 'MockAppCardComponent'.
2025-04-16T17:51:26.7686162Z 
2025-04-16T17:51:26.7686939Z [7m110[0m         imports: [CommonTestModule, MockAppCardComponent, SkeletonLoaderComponent],
2025-04-16T17:51:26.7688012Z [7m   [0m [91m                                    ~~~~~~~~~~~~~~~~~~~~[0m
2025-04-16T17:51:26.7688368Z 
2025-04-16T17:51:26.7688385Z 
2025-04-16T17:51:26.7689340Z Error: Can't resolve 'node_modules/leaflet/dist/leaflet.css' in '/home/runner/work/date-night-app2/date-night-app2/client-angular'
2025-04-16T17:51:26.7690179Z 
2025-04-16T17:51:26.7690368Z [39m[22m
2025-04-16T17:51:26.7691541Z [32m16 04 2025 17:51:26.686:INFO [karma-server]: [39mKarma v6.4.4 server started at http://localhost:9876/
2025-04-16T17:51:26.7693612Z [32m16 04 2025 17:51:26.687:INFO [launcher]: [39mLaunching browsers ChromeHeadless with concurrency unlimited
2025-04-16T17:51:26.7694995Z [91m16 04 2025 17:51:26.688:ERROR [karma-server]: [39mError: Found 1 load error
2025-04-16T17:51:26.7696203Z     at Server.<anonymous> (/home/runner/work/date-night-app2/date-night-app2/node_modules/karma/lib/server.js:243:26)
2025-04-16T17:51:26.7697202Z     at Object.onceWrapper (node:events:632:28)
2025-04-16T17:51:26.7697768Z     at Server.emit (node:events:530:35)
2025-04-16T17:51:26.7698300Z     at emitListeningNT (node:net:1980:10)
2025-04-16T17:51:26.7699138Z     at process.processTicksAndRejections (node:internal/process/task_queues:89:21)
2025-04-16T17:51:27.2553629Z npm error Lifecycle script `test` failed with error:
2025-04-16T17:51:27.2555627Z npm error code 1
2025-04-16T17:51:27.2557573Z npm error path /home/runner/work/date-night-app2/date-night-app2/client-angular
2025-04-16T17:51:27.2559721Z npm error workspace client-angular@0.0.0
2025-04-16T17:51:27.2562799Z npm error location /home/runner/work/date-night-app2/date-night-app2/client-angular
2025-04-16T17:51:27.2563758Z npm error command failed
2025-04-16T17:51:27.2565385Z npm error command sh -c ng test client-angular --watch=false --browsers=ChromeHeadless --no-progress
2025-04-16T17:51:27.2641939Z ##[error]Process completed with exit code 1.
2025-04-16T17:51:27.2713769Z ##[group]Run actions/upload-artifact@v4
2025-04-16T17:51:27.2714057Z with:
2025-04-16T17:51:27.2714238Z   name: test-results
2025-04-16T17:51:27.2714451Z   path: ./client-angular/coverage
2025-04-16T17:51:27.2714682Z   if-no-files-found: warn
2025-04-16T17:51:27.2714892Z   compression-level: 6
2025-04-16T17:51:27.2715084Z   overwrite: false
2025-04-16T17:51:27.2715271Z   include-hidden-files: false
2025-04-16T17:51:27.2715481Z env:
2025-04-16T17:51:27.2715635Z   CI: true
2025-04-16T17:51:27.2715792Z ##[endgroup]
2025-04-16T17:51:27.5043177Z ##[warning]No files were found with the provided path: ./client-angular/coverage. No artifacts will be uploaded.
2025-04-16T17:51:27.5231291Z Post job cleanup.
2025-04-16T17:51:27.6193181Z [command]/usr/bin/git version
2025-04-16T17:51:27.6235390Z git version 2.49.0
2025-04-16T17:51:27.6284153Z Temporarily overriding HOME='/home/runner/work/_temp/43817291-5400-4b93-a0f5-227e43e1c2a1' before making global git config changes
2025-04-16T17:51:27.6287539Z Adding repository directory to the temporary git global config as a safe directory
2025-04-16T17:51:27.6292722Z [command]/usr/bin/git config --global --add safe.directory /home/runner/work/date-night-app2/date-night-app2
2025-04-16T17:51:27.6340172Z [command]/usr/bin/git config --local --name-only --get-regexp core\.sshCommand
2025-04-16T17:51:27.6379014Z [command]/usr/bin/git submodule foreach --recursive sh -c "git config --local --name-only --get-regexp 'core\.sshCommand' && git config --local --unset-all 'core.sshCommand' || :"
2025-04-16T17:51:27.6630094Z [command]/usr/bin/git config --local --name-only --get-regexp http\.https\:\/\/github\.com\/\.extraheader
2025-04-16T17:51:27.6656040Z http.https://github.com/.extraheader
2025-04-16T17:51:27.6672085Z [command]/usr/bin/git config --local --unset-all http.https://github.com/.extraheader
2025-04-16T17:51:27.6714063Z [command]/usr/bin/git submodule foreach --recursive sh -c "git config --local --name-only --get-regexp 'http\.https\:\/\/github\.com\/\.extraheader' && git config --local --unset-all 'http.https://github.com/.extraheader' || :"
2025-04-16T17:51:27.7057633Z Cleaning up orphan processes
