2025-04-18T12:24:31.7185373Z Current runner version: '2.323.0'
2025-04-18T12:24:31.7219946Z ##[group]Operating System
2025-04-18T12:24:31.7221606Z Ubuntu
2025-04-18T12:24:31.7222460Z 24.04.2
2025-04-18T12:24:31.7223316Z LTS
2025-04-18T12:24:31.7224267Z ##[endgroup]
2025-04-18T12:24:31.7225097Z ##[group]Runner Image
2025-04-18T12:24:31.7226145Z Image: ubuntu-24.04
2025-04-18T12:24:31.7227135Z Version: 20250413.1.0
2025-04-18T12:24:31.7228893Z Included Software: https://github.com/actions/runner-images/blob/ubuntu24/20250413.1/images/ubuntu/Ubuntu2404-Readme.md
2025-04-18T12:24:31.7231775Z Image Release: https://github.com/actions/runner-images/releases/tag/ubuntu24%2F20250413.1
2025-04-18T12:24:31.7233494Z ##[endgroup]
2025-04-18T12:24:31.7234518Z ##[group]Runner Image Provisioner
2025-04-18T12:24:31.7235471Z 2.0.422.1
2025-04-18T12:24:31.7236411Z ##[endgroup]
2025-04-18T12:24:31.7241441Z ##[group]GITHUB_TOKEN Permissions
2025-04-18T12:24:31.7244313Z Actions: write
2025-04-18T12:24:31.7245614Z Attestations: write
2025-04-18T12:24:31.7246756Z Checks: write
2025-04-18T12:24:31.7247688Z Contents: write
2025-04-18T12:24:31.7248636Z Deployments: write
2025-04-18T12:24:31.7249459Z Discussions: write
2025-04-18T12:24:31.7250806Z Issues: write
2025-04-18T12:24:31.7251657Z Metadata: read
2025-04-18T12:24:31.7252528Z Models: read
2025-04-18T12:24:31.7253564Z Packages: write
2025-04-18T12:24:31.7254432Z Pages: write
2025-04-18T12:24:31.7255291Z PullRequests: write
2025-04-18T12:24:31.7256422Z RepositoryProjects: write
2025-04-18T12:24:31.7257403Z SecurityEvents: write
2025-04-18T12:24:31.7258253Z Statuses: write
2025-04-18T12:24:31.7259248Z ##[endgroup]
2025-04-18T12:24:31.7262782Z Secret source: Actions
2025-04-18T12:24:31.7264194Z Prepare workflow directory
2025-04-18T12:24:31.8044958Z Prepare all required actions
2025-04-18T12:24:31.8102591Z Getting action download info
2025-04-18T12:24:32.2537028Z ##[group]Download immutable action package 'actions/checkout@v4'
2025-04-18T12:24:32.2538182Z Version: 4.2.2
2025-04-18T12:24:32.2539205Z Digest: sha256:ccb2698953eaebd21c7bf6268a94f9c26518a7e38e27e0b83c1fe1ad049819b1
2025-04-18T12:24:32.2540670Z Source commit SHA: 11bd71901bbe5b1630ceea73d27597364c9af683
2025-04-18T12:24:32.2541521Z ##[endgroup]
2025-04-18T12:24:32.3788651Z ##[group]Download immutable action package 'actions/setup-node@v4'
2025-04-18T12:24:32.3789514Z Version: 4.4.0
2025-04-18T12:24:32.3790506Z Digest: sha256:9427cefe82346e992fb5b949e3569b39d537ae41aa3086483b14eceebfc16bc1
2025-04-18T12:24:32.3791460Z Source commit SHA: 49933ea5288caeca8642d1e84afbd3f7d6820020
2025-04-18T12:24:32.3792249Z ##[endgroup]
2025-04-18T12:24:32.6902749Z Download action repository 'cypress-io/github-action@v6' (SHA:108b8684ae52e735ff7891524cbffbcd4be5b19f)
2025-04-18T12:24:33.2976101Z ##[group]Download immutable action package 'actions/upload-artifact@v4'
2025-04-18T12:24:33.2977032Z Version: 4.6.2
2025-04-18T12:24:33.2977870Z Digest: sha256:290722aa3281d5caf23d0acdc3dbeb3424786a1a01a9cc97e72f147225e37c38
2025-04-18T12:24:33.2978959Z Source commit SHA: ea165f8d65b6e75b540449e92b4886f43607fa02
2025-04-18T12:24:33.2979677Z ##[endgroup]
2025-04-18T12:24:33.6067329Z Complete job name: e2e (22.x)
2025-04-18T12:24:33.6742985Z ##[group]Run actions/checkout@v4
2025-04-18T12:24:33.6744223Z with:
2025-04-18T12:24:33.6744928Z   repository: mrkurger/date-night-app2
2025-04-18T12:24:33.6746177Z   token: ***
2025-04-18T12:24:33.6746837Z   ssh-strict: true
2025-04-18T12:24:33.6747500Z   ssh-user: git
2025-04-18T12:24:33.6748204Z   persist-credentials: true
2025-04-18T12:24:33.6748997Z   clean: true
2025-04-18T12:24:33.6749703Z   sparse-checkout-cone-mode: true
2025-04-18T12:24:33.6750879Z   fetch-depth: 1
2025-04-18T12:24:33.6751549Z   fetch-tags: false
2025-04-18T12:24:33.6752246Z   show-progress: true
2025-04-18T12:24:33.6752941Z   lfs: false
2025-04-18T12:24:33.6753579Z   submodules: false
2025-04-18T12:24:33.6754291Z   set-safe-directory: true
2025-04-18T12:24:33.6755354Z env:
2025-04-18T12:24:33.6755937Z   CI: true
2025-04-18T12:24:33.6756540Z ##[endgroup]
2025-04-18T12:24:33.9059878Z Syncing repository: mrkurger/date-night-app2
2025-04-18T12:24:33.9063834Z ##[group]Getting Git version info
2025-04-18T12:24:33.9065943Z Working directory is '/home/runner/work/date-night-app2/date-night-app2'
2025-04-18T12:24:33.9068969Z [command]/usr/bin/git version
2025-04-18T12:24:33.9126694Z git version 2.49.0
2025-04-18T12:24:33.9167223Z ##[endgroup]
2025-04-18T12:24:33.9184556Z Temporarily overriding HOME='/home/runner/work/_temp/a80d397e-6068-4401-b8c9-ae742bc3fffc' before making global git config changes
2025-04-18T12:24:33.9188719Z Adding repository directory to the temporary git global config as a safe directory
2025-04-18T12:24:33.9201614Z [command]/usr/bin/git config --global --add safe.directory /home/runner/work/date-night-app2/date-night-app2
2025-04-18T12:24:33.9245302Z Deleting the contents of '/home/runner/work/date-night-app2/date-night-app2'
2025-04-18T12:24:33.9250973Z ##[group]Initializing the repository
2025-04-18T12:24:33.9257817Z [command]/usr/bin/git init /home/runner/work/date-night-app2/date-night-app2
2025-04-18T12:24:33.9341558Z hint: Using 'master' as the name for the initial branch. This default branch name
2025-04-18T12:24:33.9344663Z hint: is subject to change. To configure the initial branch name to use in all
2025-04-18T12:24:33.9346328Z hint: of your new repositories, which will suppress this warning, call:
2025-04-18T12:24:33.9347540Z hint:
2025-04-18T12:24:33.9348354Z hint: 	git config --global init.defaultBranch <name>
2025-04-18T12:24:33.9349369Z hint:
2025-04-18T12:24:33.9350656Z hint: Names commonly chosen instead of 'master' are 'main', 'trunk' and
2025-04-18T12:24:33.9353534Z hint: 'development'. The just-created branch can be renamed via this command:
2025-04-18T12:24:33.9355682Z hint:
2025-04-18T12:24:33.9356707Z hint: 	git branch -m <name>
2025-04-18T12:24:33.9359221Z Initialized empty Git repository in /home/runner/work/date-night-app2/date-night-app2/.git/
2025-04-18T12:24:33.9375227Z [command]/usr/bin/git remote add origin https://github.com/mrkurger/date-night-app2
2025-04-18T12:24:33.9418335Z ##[endgroup]
2025-04-18T12:24:33.9421542Z ##[group]Disabling automatic garbage collection
2025-04-18T12:24:33.9425644Z [command]/usr/bin/git config --local gc.auto 0
2025-04-18T12:24:33.9464153Z ##[endgroup]
2025-04-18T12:24:33.9466052Z ##[group]Setting up auth
2025-04-18T12:24:33.9470389Z [command]/usr/bin/git config --local --name-only --get-regexp core\.sshCommand
2025-04-18T12:24:33.9507842Z [command]/usr/bin/git submodule foreach --recursive sh -c "git config --local --name-only --get-regexp 'core\.sshCommand' && git config --local --unset-all 'core.sshCommand' || :"
2025-04-18T12:24:33.9857336Z [command]/usr/bin/git config --local --name-only --get-regexp http\.https\:\/\/github\.com\/\.extraheader
2025-04-18T12:24:33.9895094Z [command]/usr/bin/git submodule foreach --recursive sh -c "git config --local --name-only --get-regexp 'http\.https\:\/\/github\.com\/\.extraheader' && git config --local --unset-all 'http.https://github.com/.extraheader' || :"
2025-04-18T12:24:34.0145663Z [command]/usr/bin/git config --local http.https://github.com/.extraheader AUTHORIZATION: basic ***
2025-04-18T12:24:34.0202009Z ##[endgroup]
2025-04-18T12:24:34.0204432Z ##[group]Fetching the repository
2025-04-18T12:24:34.0214634Z [command]/usr/bin/git -c protocol.version=2 fetch --no-tags --prune --no-recurse-submodules --depth=1 origin +33c1cf6d569fdddb1f0f8121c091c086533cb0eb:refs/remotes/origin/main
2025-04-18T12:24:36.7364382Z From https://github.com/mrkurger/date-night-app2
2025-04-18T12:24:36.7365217Z  * [new ref]         33c1cf6d569fdddb1f0f8121c091c086533cb0eb -> origin/main
2025-04-18T12:24:36.7414527Z ##[endgroup]
2025-04-18T12:24:36.7415580Z ##[group]Determining the checkout info
2025-04-18T12:24:36.7416873Z ##[endgroup]
2025-04-18T12:24:36.7421484Z [command]/usr/bin/git sparse-checkout disable
2025-04-18T12:24:36.7545291Z [command]/usr/bin/git config --local --unset-all extensions.worktreeConfig
2025-04-18T12:24:36.7582392Z ##[group]Checking out the ref
2025-04-18T12:24:36.7588440Z [command]/usr/bin/git checkout --progress --force -B main refs/remotes/origin/main
2025-04-18T12:24:37.3382243Z Switched to a new branch 'main'
2025-04-18T12:24:37.3393978Z branch 'main' set up to track 'origin/main'.
2025-04-18T12:24:37.3417096Z ##[endgroup]
2025-04-18T12:24:37.3466113Z [command]/usr/bin/git log -1 --format=%H
2025-04-18T12:24:37.3492233Z 33c1cf6d569fdddb1f0f8121c091c086533cb0eb
2025-04-18T12:24:37.3742027Z ##[group]Run actions/setup-node@v4
2025-04-18T12:24:37.3742456Z with:
2025-04-18T12:24:37.3742703Z   node-version: 22.x
2025-04-18T12:24:37.3743100Z   cache: npm
2025-04-18T12:24:37.3743420Z   cache-dependency-path: client-angular/package-lock.json
2025-04-18T12:24:37.3743827Z   always-auth: false
2025-04-18T12:24:37.3744181Z   check-latest: false
2025-04-18T12:24:37.3744570Z   token: ***
2025-04-18T12:24:37.3744837Z env:
2025-04-18T12:24:37.3745119Z   CI: true
2025-04-18T12:24:37.3745379Z ##[endgroup]
2025-04-18T12:24:37.5503345Z Found in cache @ /opt/hostedtoolcache/node/22.14.0/x64
2025-04-18T12:24:37.5511908Z ##[group]Environment details
2025-04-18T12:24:39.4352036Z node: v22.14.0
2025-04-18T12:24:39.4352863Z npm: 10.9.2
2025-04-18T12:24:39.4353940Z yarn: 1.22.22
2025-04-18T12:24:39.4355895Z ##[endgroup]
2025-04-18T12:24:39.4387031Z [command]/opt/hostedtoolcache/node/22.14.0/x64/bin/npm config get cache
2025-04-18T12:24:39.6826681Z /home/runner/.npm
2025-04-18T12:24:39.6976104Z ##[error]Some specified paths were not resolved, unable to cache dependencies.
2025-04-18T12:24:39.7177258Z ##[group]Run actions/upload-artifact@v4
2025-04-18T12:24:39.7177533Z with:
2025-04-18T12:24:39.7177711Z   name: cypress-screenshots
2025-04-18T12:24:39.7177947Z   path: ./client-angular/cypress/screenshots
2025-04-18T12:24:39.7178219Z   if-no-files-found: warn
2025-04-18T12:24:39.7178427Z   compression-level: 6
2025-04-18T12:24:39.7178619Z   overwrite: false
2025-04-18T12:24:39.7178802Z   include-hidden-files: false
2025-04-18T12:24:39.7179003Z env:
2025-04-18T12:24:39.7179145Z   CI: true
2025-04-18T12:24:39.7179315Z ##[endgroup]
2025-04-18T12:24:39.9342016Z ##[warning]No files were found with the provided path: ./client-angular/cypress/screenshots. No artifacts will be uploaded.
2025-04-18T12:24:39.9505782Z Post job cleanup.
2025-04-18T12:24:40.0458306Z [command]/usr/bin/git version
2025-04-18T12:24:40.0499740Z git version 2.49.0
2025-04-18T12:24:40.0549054Z Temporarily overriding HOME='/home/runner/work/_temp/fa8b419a-81a4-462c-9991-3d6b4f54cdd3' before making global git config changes
2025-04-18T12:24:40.0551160Z Adding repository directory to the temporary git global config as a safe directory
2025-04-18T12:24:40.0556428Z [command]/usr/bin/git config --global --add safe.directory /home/runner/work/date-night-app2/date-night-app2
2025-04-18T12:24:40.0602030Z [command]/usr/bin/git config --local --name-only --get-regexp core\.sshCommand
2025-04-18T12:24:40.0638893Z [command]/usr/bin/git submodule foreach --recursive sh -c "git config --local --name-only --get-regexp 'core\.sshCommand' && git config --local --unset-all 'core.sshCommand' || :"
2025-04-18T12:24:40.0895206Z [command]/usr/bin/git config --local --name-only --get-regexp http\.https\:\/\/github\.com\/\.extraheader
2025-04-18T12:24:40.0920515Z http.https://github.com/.extraheader
2025-04-18T12:24:40.0936322Z [command]/usr/bin/git config --local --unset-all http.https://github.com/.extraheader
2025-04-18T12:24:40.0972279Z [command]/usr/bin/git submodule foreach --recursive sh -c "git config --local --name-only --get-regexp 'http\.https\:\/\/github\.com\/\.extraheader' && git config --local --unset-all 'http.https://github.com/.extraheader' || :"
2025-04-18T12:24:40.1506508Z Cleaning up orphan processes
