2025-04-16T15:03:38.4882857Z Current runner version: '2.323.0'
2025-04-16T15:03:38.4909759Z ##[group]Operating System
2025-04-16T15:03:38.4910904Z Ubuntu
2025-04-16T15:03:38.4911437Z 24.04.2
2025-04-16T15:03:38.4911912Z LTS
2025-04-16T15:03:38.4912474Z ##[endgroup]
2025-04-16T15:03:38.4912983Z ##[group]Runner Image
2025-04-16T15:03:38.4913595Z Image: ubuntu-24.04
2025-04-16T15:03:38.4914450Z Version: 20250413.1.0
2025-04-16T15:03:38.4915585Z Included Software: https://github.com/actions/runner-images/blob/ubuntu24/20250413.1/images/ubuntu/Ubuntu2404-Readme.md
2025-04-16T15:03:38.4917042Z Image Release: https://github.com/actions/runner-images/releases/tag/ubuntu24%2F20250413.1
2025-04-16T15:03:38.4918000Z ##[endgroup]
2025-04-16T15:03:38.4918589Z ##[group]Runner Image Provisioner
2025-04-16T15:03:38.4919293Z 2.0.422.1
2025-04-16T15:03:38.4919883Z ##[endgroup]
2025-04-16T15:03:38.4921153Z ##[group]GITHUB_TOKEN Permissions
2025-04-16T15:03:38.4923335Z Actions: read
2025-04-16T15:03:38.4923981Z Contents: write
2025-04-16T15:03:38.4924685Z Metadata: read
2025-04-16T15:03:38.4925358Z ##[endgroup]
2025-04-16T15:03:38.4927811Z Secret source: Actions
2025-04-16T15:03:38.4928690Z Prepare workflow directory
2025-04-16T15:03:38.5371206Z Prepare all required actions
2025-04-16T15:03:38.5414787Z Getting action download info
2025-04-16T15:03:39.0519567Z ##[group]Download immutable action package 'actions/checkout@v4'
2025-04-16T15:03:39.0520608Z Version: 4.2.2
2025-04-16T15:03:39.0521941Z Digest: sha256:ccb2698953eaebd21c7bf6268a94f9c26518a7e38e27e0b83c1fe1ad049819b1
2025-04-16T15:03:39.0523155Z Source commit SHA: 11bd71901bbe5b1630ceea73d27597364c9af683
2025-04-16T15:03:39.0523888Z ##[endgroup]
2025-04-16T15:03:39.1434572Z ##[group]Download immutable action package 'actions/setup-node@v4'
2025-04-16T15:03:39.1435489Z Version: 4.4.0
2025-04-16T15:03:39.1436239Z Digest: sha256:9427cefe82346e992fb5b949e3569b39d537ae41aa3086483b14eceebfc16bc1
2025-04-16T15:03:39.1437226Z Source commit SHA: 49933ea5288caeca8642d1e84afbd3f7d6820020
2025-04-16T15:03:39.1438098Z ##[endgroup]
2025-04-16T15:03:39.6096232Z Complete job name: sync-error-logs
2025-04-16T15:03:39.6754981Z ##[group]Run actions/checkout@v4
2025-04-16T15:03:39.6755849Z with:
2025-04-16T15:03:39.6756254Z   fetch-depth: 0
2025-04-16T15:03:39.6756701Z   repository: mrkurger/date-night-app2
2025-04-16T15:03:39.6757400Z   token: ***
2025-04-16T15:03:39.6757806Z   ssh-strict: true
2025-04-16T15:03:39.6758226Z   ssh-user: git
2025-04-16T15:03:39.6758646Z   persist-credentials: true
2025-04-16T15:03:39.6759116Z   clean: true
2025-04-16T15:03:39.6759529Z   sparse-checkout-cone-mode: true
2025-04-16T15:03:39.6760042Z   fetch-tags: false
2025-04-16T15:03:39.6760467Z   show-progress: true
2025-04-16T15:03:39.6761043Z   lfs: false
2025-04-16T15:03:39.6761443Z   submodules: false
2025-04-16T15:03:39.6761867Z   set-safe-directory: true
2025-04-16T15:03:39.6762555Z env:
2025-04-16T15:03:39.6762929Z   CI: true
2025-04-16T15:03:39.6763306Z ##[endgroup]
2025-04-16T15:03:39.8793438Z Syncing repository: mrkurger/date-night-app2
2025-04-16T15:03:39.8797441Z ##[group]Getting Git version info
2025-04-16T15:03:39.8799948Z Working directory is '/home/runner/work/date-night-app2/date-night-app2'
2025-04-16T15:03:39.8801963Z [command]/usr/bin/git version
2025-04-16T15:03:39.8857485Z git version 2.49.0
2025-04-16T15:03:39.8903440Z ##[endgroup]
2025-04-16T15:03:39.8919475Z Temporarily overriding HOME='/home/runner/work/_temp/7f3eff53-12f1-4474-a70f-6ae32b82443a' before making global git config changes
2025-04-16T15:03:39.8923366Z Adding repository directory to the temporary git global config as a safe directory
2025-04-16T15:03:39.8927370Z [command]/usr/bin/git config --global --add safe.directory /home/runner/work/date-night-app2/date-night-app2
2025-04-16T15:03:39.8965646Z Deleting the contents of '/home/runner/work/date-night-app2/date-night-app2'
2025-04-16T15:03:39.8970298Z ##[group]Initializing the repository
2025-04-16T15:03:39.8975713Z [command]/usr/bin/git init /home/runner/work/date-night-app2/date-night-app2
2025-04-16T15:03:39.9042714Z hint: Using 'master' as the name for the initial branch. This default branch name
2025-04-16T15:03:39.9044278Z hint: is subject to change. To configure the initial branch name to use in all
2025-04-16T15:03:39.9046127Z hint: of your new repositories, which will suppress this warning, call:
2025-04-16T15:03:39.9048275Z hint:
2025-04-16T15:03:39.9049105Z hint: 	git config --global init.defaultBranch <name>
2025-04-16T15:03:39.9050159Z hint:
2025-04-16T15:03:39.9051453Z hint: Names commonly chosen instead of 'master' are 'main', 'trunk' and
2025-04-16T15:03:39.9053181Z hint: 'development'. The just-created branch can be renamed via this command:
2025-04-16T15:03:39.9054514Z hint:
2025-04-16T15:03:39.9055245Z hint: 	git branch -m <name>
2025-04-16T15:03:39.9057570Z Initialized empty Git repository in /home/runner/work/date-night-app2/date-night-app2/.git/
2025-04-16T15:03:39.9063619Z [command]/usr/bin/git remote add origin https://github.com/mrkurger/date-night-app2
2025-04-16T15:03:39.9101429Z ##[endgroup]
2025-04-16T15:03:39.9102773Z ##[group]Disabling automatic garbage collection
2025-04-16T15:03:39.9105550Z [command]/usr/bin/git config --local gc.auto 0
2025-04-16T15:03:39.9139005Z ##[endgroup]
2025-04-16T15:03:39.9140305Z ##[group]Setting up auth
2025-04-16T15:03:39.9146453Z [command]/usr/bin/git config --local --name-only --get-regexp core\.sshCommand
2025-04-16T15:03:39.9180915Z [command]/usr/bin/git submodule foreach --recursive sh -c "git config --local --name-only --get-regexp 'core\.sshCommand' && git config --local --unset-all 'core.sshCommand' || :"
2025-04-16T15:03:39.9527727Z [command]/usr/bin/git config --local --name-only --get-regexp http\.https\:\/\/github\.com\/\.extraheader
2025-04-16T15:03:39.9563317Z [command]/usr/bin/git submodule foreach --recursive sh -c "git config --local --name-only --get-regexp 'http\.https\:\/\/github\.com\/\.extraheader' && git config --local --unset-all 'http.https://github.com/.extraheader' || :"
2025-04-16T15:03:39.9801279Z [command]/usr/bin/git config --local http.https://github.com/.extraheader AUTHORIZATION: basic ***
2025-04-16T15:03:39.9857881Z ##[endgroup]
2025-04-16T15:03:39.9860472Z ##[group]Fetching the repository
2025-04-16T15:03:39.9868835Z [command]/usr/bin/git -c protocol.version=2 fetch --prune --no-recurse-submodules origin +refs/heads/*:refs/remotes/origin/* +refs/tags/*:refs/tags/*
2025-04-16T15:03:48.7078855Z From https://github.com/mrkurger/date-night-app2
2025-04-16T15:03:48.7085609Z  * [new branch]      dependabot/github_actions/dawidd6/action-download-artifact-9 -> origin/dependabot/github_actions/dawidd6/action-download-artifact-9
2025-04-16T15:03:48.7089404Z  * [new branch]      dependabot/npm_and_yarn/server/multi-94fa72f662 -> origin/dependabot/npm_and_yarn/server/multi-94fa72f662
2025-04-16T15:03:48.7093266Z  * [new branch]      main       -> origin/main
2025-04-16T15:03:48.7125929Z [command]/usr/bin/git branch --list --remote origin/main
2025-04-16T15:03:48.7152168Z   origin/main
2025-04-16T15:03:48.7165179Z [command]/usr/bin/git rev-parse refs/remotes/origin/main
2025-04-16T15:03:48.7187805Z b7b02b02b67d186f71e3b6a43ebe9f432064fd3a
2025-04-16T15:03:48.7196718Z ##[endgroup]
2025-04-16T15:03:48.7198423Z ##[group]Determining the checkout info
2025-04-16T15:03:48.7199589Z ##[endgroup]
2025-04-16T15:03:48.7203991Z [command]/usr/bin/git sparse-checkout disable
2025-04-16T15:03:48.7246055Z [command]/usr/bin/git config --local --unset-all extensions.worktreeConfig
2025-04-16T15:03:48.7275408Z ##[group]Checking out the ref
2025-04-16T15:03:48.7281452Z [command]/usr/bin/git checkout --progress --force -B main refs/remotes/origin/main
2025-04-16T15:03:49.1091612Z Switched to a new branch 'main'
2025-04-16T15:03:49.1094389Z branch 'main' set up to track 'origin/main'.
2025-04-16T15:03:49.1133943Z ##[endgroup]
2025-04-16T15:03:49.1202371Z [command]/usr/bin/git log -1 --format=%H
2025-04-16T15:03:49.1240678Z b7b02b02b67d186f71e3b6a43ebe9f432064fd3a
2025-04-16T15:03:49.1467771Z ##[group]Run actions/setup-node@v4
2025-04-16T15:03:49.1468061Z with:
2025-04-16T15:03:49.1468541Z   node-version: 22.x
2025-04-16T15:03:49.1468743Z   always-auth: false
2025-04-16T15:03:49.1468946Z   check-latest: false
2025-04-16T15:03:49.1469271Z   token: ***
2025-04-16T15:03:49.1469444Z env:
2025-04-16T15:03:49.1469611Z   CI: true
2025-04-16T15:03:49.1469772Z ##[endgroup]
2025-04-16T15:03:49.3217481Z Found in cache @ /opt/hostedtoolcache/node/22.14.0/x64
2025-04-16T15:03:49.3225318Z ##[group]Environment details
2025-04-16T15:03:49.8334406Z node: v22.14.0
2025-04-16T15:03:49.8334792Z npm: 10.9.2
2025-04-16T15:03:49.8335084Z yarn: 1.22.22
2025-04-16T15:03:49.8335914Z ##[endgroup]
2025-04-16T15:03:49.8444427Z ##[group]Run npm install @octokit/rest@19.0.13 fs-extra@11.2.0
2025-04-16T15:03:49.8444902Z [36;1mnpm install @octokit/rest@19.0.13 fs-extra@11.2.0[0m
2025-04-16T15:03:49.8499450Z shell: /usr/bin/bash -e {0}
2025-04-16T15:03:49.8499714Z env:
2025-04-16T15:03:49.8499883Z   CI: true
2025-04-16T15:03:49.8500057Z ##[endgroup]
2025-04-16T15:03:55.0712435Z npm warn deprecated xss-clean@0.1.4: Package no longer supported. Contact Support at https://www.npmjs.com/support for more info.
2025-04-16T15:03:56.3624720Z npm warn deprecated rimraf@3.0.2: Rimraf versions prior to v4 are no longer supported
2025-04-16T15:03:57.0199901Z npm warn deprecated passport-reddit@1.1.0: While functionally complete, this library will not be receiving any updates going forwards. Users are actively discouraged from using OAuth2 for authentication. See archival notice on github for more details.
2025-04-16T15:03:57.4337081Z npm warn deprecated npmlog@5.0.1: This package is no longer supported.
2025-04-16T15:03:57.8635870Z npm warn deprecated superagent@8.1.2: Please upgrade to v9.0.0+ as we have fixed a public vulnerability with formidable dependency. Note that v9.0.0+ requires Node.js v14.18.0+. See https://github.com/ladjs/superagent/pull/1800 for insight. This project is supported and maintained by the team at Forward Email @ https://forwardemail.net
2025-04-16T15:03:58.7126725Z npm warn deprecated inflight@1.0.6: This module is not supported, and leaks memory. Do not use it. Check out lru-cache if you want a good and tested way to coalesce async requests by a key value, which is much more comprehensive and powerful.
2025-04-16T15:03:59.1443997Z npm warn deprecated glob@7.2.3: Glob versions prior to v9 are no longer supported
2025-04-16T15:03:59.6183003Z npm warn deprecated gauge@3.0.2: This package is no longer supported.
2025-04-16T15:04:00.1385187Z npm warn deprecated domexception@4.0.0: Use your platform's native DOMException instead
2025-04-16T15:04:01.1582682Z npm warn deprecated are-we-there-yet@2.0.0: This package is no longer supported.
2025-04-16T15:04:01.4747060Z npm warn deprecated abab@2.0.6: Use your platform's native atob() and btoa() methods instead
2025-04-16T15:04:02.5066923Z npm warn deprecated @humanwhocodes/config-array@0.11.14: Use @eslint/config-array instead
2025-04-16T15:04:02.5096137Z npm warn deprecated @humanwhocodes/object-schema@2.0.3: Use @eslint/object-schema instead
2025-04-16T15:04:09.6794549Z npm warn deprecated eslint@8.56.0: This version is no longer supported. Please see https://eslint.org/version-support for other options.
2025-04-16T15:04:09.7347585Z npm warn deprecated eslint@8.56.0: This version is no longer supported. Please see https://eslint.org/version-support for other options.
2025-04-16T15:04:32.3843425Z 
2025-04-16T15:04:32.3844154Z added 1914 packages, and audited 1917 packages in 42s
2025-04-16T15:04:32.3844715Z 
2025-04-16T15:04:32.3844992Z 354 packages are looking for funding
2025-04-16T15:04:32.3845506Z   run `npm fund` for details
2025-04-16T15:04:32.4033088Z 
2025-04-16T15:04:32.4037200Z 9 moderate severity vulnerabilities
2025-04-16T15:04:32.4041473Z 
2025-04-16T15:04:32.4045648Z To address issues that do not require attention, run:
2025-04-16T15:04:32.4049867Z   npm audit fix
2025-04-16T15:04:32.4052292Z 
2025-04-16T15:04:32.4052954Z To address all issues (including breaking changes), run:
2025-04-16T15:04:32.4054158Z   npm audit fix --force
2025-04-16T15:04:32.4072147Z 
2025-04-16T15:04:32.4092872Z Run `npm audit` for details.
2025-04-16T15:04:32.4902974Z ##[group]Run cat > fetch-workflow-logs.js << 'EOF'
2025-04-16T15:04:32.4903969Z [36;1mcat > fetch-workflow-logs.js << 'EOF'[0m
2025-04-16T15:04:32.4904485Z [36;1mconst { Octokit } = require('@octokit/rest');[0m
2025-04-16T15:04:32.4904976Z [36;1mconst fs = require('fs-extra');[0m
2025-04-16T15:04:32.4905422Z [36;1mconst path = require('path');[0m
2025-04-16T15:04:32.4905836Z [36;1m[0m
2025-04-16T15:04:32.4906131Z [36;1masync function main() {[0m
2025-04-16T15:04:32.4906574Z [36;1m  const owner = process.env.REPO_OWNER;[0m
2025-04-16T15:04:32.4907090Z [36;1m  const repo = process.env.REPO_NAME;[0m
2025-04-16T15:04:32.4907637Z [36;1m  const logsDir = path.join('workflow-error-logs');[0m
2025-04-16T15:04:32.4908125Z [36;1m  [0m
2025-04-16T15:04:32.4908546Z [36;1m  console.log(`Fetching workflow logs for ${owner}/${repo}`);[0m
2025-04-16T15:04:32.4909084Z [36;1m  [0m
2025-04-16T15:04:32.4909445Z [36;1m  // Create logs directory if it doesn't exist[0m
2025-04-16T15:04:32.4909974Z [36;1m  await fs.ensureDir(logsDir);[0m
2025-04-16T15:04:32.4910354Z [36;1m  [0m
2025-04-16T15:04:32.4910650Z [36;1m  const octokit = new Octokit({[0m
2025-04-16T15:04:32.4911293Z [36;1m    auth: process.env.GITHUB_TOKEN,[0m
2025-04-16T15:04:32.4911732Z [36;1m    request: {[0m
2025-04-16T15:04:32.4912075Z [36;1m      retries: 3,[0m
2025-04-16T15:04:32.4912457Z [36;1m      retryAfter: 1[0m
2025-04-16T15:04:32.4912821Z [36;1m    }[0m
2025-04-16T15:04:32.4913106Z [36;1m  });[0m
2025-04-16T15:04:32.4913389Z [36;1m  [0m
2025-04-16T15:04:32.4913674Z [36;1m  // Get all workflows[0m
2025-04-16T15:04:32.4914258Z [36;1m  const { data: workflows } = await octokit.actions.listRepoWorkflows({[0m
2025-04-16T15:04:32.4914891Z [36;1m    owner,[0m
2025-04-16T15:04:32.4915196Z [36;1m    repo,[0m
2025-04-16T15:04:32.4915483Z [36;1m  });[0m
2025-04-16T15:04:32.4915753Z [36;1m  [0m
2025-04-16T15:04:32.4916094Z [36;1m  // Get recent workflow runs (last 30 days)[0m
2025-04-16T15:04:32.4916586Z [36;1m  const thirtyDaysAgo = new Date();[0m
2025-04-16T15:04:32.4917143Z [36;1m  thirtyDaysAgo.setDate(thirtyDaysAgo.getDate() - 30);[0m
2025-04-16T15:04:32.4917636Z [36;1m  [0m
2025-04-16T15:04:32.4917984Z [36;1m  for (const workflow of workflows.workflows) {[0m
2025-04-16T15:04:32.4918664Z [36;1m    console.log(`Processing workflow: ${workflow.name} (${workflow.id})`);[0m
2025-04-16T15:04:32.4919296Z [36;1m    [0m
2025-04-16T15:04:32.4919595Z [36;1m    try {[0m
2025-04-16T15:04:32.4920079Z [36;1m      const { data: runs } = await octokit.actions.listWorkflowRuns({[0m
2025-04-16T15:04:32.4920655Z [36;1m        owner,[0m
2025-04-16T15:04:32.4921160Z [36;1m        repo,[0m
2025-04-16T15:04:32.4921545Z [36;1m        workflow_id: workflow.id,[0m
2025-04-16T15:04:32.4922104Z [36;1m        created: `>=${thirtyDaysAgo.toISOString().split('T')[0]}`,[0m
2025-04-16T15:04:32.4922672Z [36;1m      });[0m
2025-04-16T15:04:32.4922986Z [36;1m      [0m
2025-04-16T15:04:32.4923309Z [36;1m      // Process failed runs[0m
2025-04-16T15:04:32.4923806Z [36;1m      const failedRuns = runs.workflow_runs.filter(run => [0m
2025-04-16T15:04:32.4924647Z [36;1m        run.conclusion === 'failure' || run.conclusion === 'cancelled' || run.conclusion === 'timed_out'[0m
2025-04-16T15:04:32.4925371Z [36;1m      );[0m
2025-04-16T15:04:32.4925664Z [36;1m      [0m
2025-04-16T15:04:32.4926211Z [36;1m      console.log(`Found ${failedRuns.length} failed runs for ${workflow.name}`);[0m
2025-04-16T15:04:32.4926853Z [36;1m      [0m
2025-04-16T15:04:32.4927213Z [36;1m      for (const run of failedRuns) {[0m
2025-04-16T15:04:32.4927848Z [36;1m        const runDate = new Date(run.created_at).toISOString().split('T')[0];[0m
2025-04-16T15:04:32.4928814Z [36;1m        const workflowDir = path.join(logsDir, workflow.name.replace(/[^a-zA-Z0-9]/g, '-').toLowerCase());[0m
2025-04-16T15:04:32.4929771Z [36;1m        const runDir = path.join(workflowDir, `${runDate}_${run.id}`);[0m
2025-04-16T15:04:32.4931011Z [36;1m        [0m
2025-04-16T15:04:32.4931402Z [36;1m        await fs.ensureDir(runDir);[0m
2025-04-16T15:04:32.4931830Z [36;1m        [0m
2025-04-16T15:04:32.4932133Z [36;1m        // Save run metadata[0m
2025-04-16T15:04:32.4932746Z [36;1m        await fs.writeJson(path.join(runDir, 'metadata.json'), run, { spaces: 2 });[0m
2025-04-16T15:04:32.4933353Z [36;1m        [0m
2025-04-16T15:04:32.4933651Z [36;1m        try {[0m
2025-04-16T15:04:32.4934012Z [36;1m          // Get jobs for this run[0m
2025-04-16T15:04:32.4934610Z [36;1m          const { data: jobs } = await octokit.actions.listJobsForWorkflowRun({[0m
2025-04-16T15:04:32.4935196Z [36;1m            owner,[0m
2025-04-16T15:04:32.4935536Z [36;1m            repo,[0m
2025-04-16T15:04:32.4935878Z [36;1m            run_id: run.id,[0m
2025-04-16T15:04:32.4936248Z [36;1m          });[0m
2025-04-16T15:04:32.4936555Z [36;1m          [0m
2025-04-16T15:04:32.4936890Z [36;1m          // Save jobs metadata[0m
2025-04-16T15:04:32.4937505Z [36;1m          await fs.writeJson(path.join(runDir, 'jobs.json'), jobs, { spaces: 2 });[0m
2025-04-16T15:04:32.4938103Z [36;1m          [0m
2025-04-16T15:04:32.4938426Z [36;1m          // Process each job[0m
2025-04-16T15:04:32.4938868Z [36;1m          for (const job of jobs.jobs) {[0m
2025-04-16T15:04:32.4939614Z [36;1m            if (job.conclusion === 'failure' || job.conclusion === 'cancelled' || job.conclusion === 'timed_out') {[0m
2025-04-16T15:04:32.4940612Z [36;1m              const jobDir = path.join(runDir, job.name.replace(/[^a-zA-Z0-9]/g, '-').toLowerCase());[0m
2025-04-16T15:04:32.4941503Z [36;1m              await fs.ensureDir(jobDir);[0m
2025-04-16T15:04:32.4941941Z [36;1m              [0m
2025-04-16T15:04:32.4942300Z [36;1m              // Save job metadata[0m
2025-04-16T15:04:32.4942955Z [36;1m              await fs.writeJson(path.join(jobDir, 'job-metadata.json'), job, { spaces: 2 });[0m
2025-04-16T15:04:32.4943626Z [36;1m              [0m
2025-04-16T15:04:32.4943964Z [36;1m              try {[0m
2025-04-16T15:04:32.4944324Z [36;1m                // Get job logs[0m
2025-04-16T15:04:32.4944917Z [36;1m                const logs = await octokit.actions.downloadJobLogsForWorkflowRun({[0m
2025-04-16T15:04:32.4945544Z [36;1m                  owner,[0m
2025-04-16T15:04:32.4945937Z [36;1m                  repo,[0m
2025-04-16T15:04:32.4946325Z [36;1m                  job_id: job.id,[0m
2025-04-16T15:04:32.4946729Z [36;1m                });[0m
2025-04-16T15:04:32.4947075Z [36;1m                [0m
2025-04-16T15:04:32.4947411Z [36;1m                // Save logs[0m
2025-04-16T15:04:32.4947969Z [36;1m                await fs.writeFile(path.join(jobDir, 'logs.txt'), logs.data);[0m
2025-04-16T15:04:32.4948674Z [36;1m                console.log(`Saved logs for job ${job.name} (${job.id})`);[0m
2025-04-16T15:04:32.4949203Z [36;1m              } catch (error) {[0m
2025-04-16T15:04:32.4949794Z [36;1m                console.error(`Error fetching logs for job ${job.id}: ${error.message}`);[0m
2025-04-16T15:04:32.4950864Z [36;1m                await fs.writeFile(path.join(jobDir, 'error.txt'), `Error fetching logs: ${error.message}`);[0m
2025-04-16T15:04:32.4951576Z [36;1m              }[0m
2025-04-16T15:04:32.4951894Z [36;1m            }[0m
2025-04-16T15:04:32.4952189Z [36;1m          }[0m
2025-04-16T15:04:32.4952498Z [36;1m        } catch (error) {[0m
2025-04-16T15:04:32.4953080Z [36;1m          console.error(`Error processing run ${run.id}: ${error.message}`);[0m
2025-04-16T15:04:32.4954002Z [36;1m          await fs.writeFile(path.join(runDir, 'error.txt'), `Error processing run: ${error.message}`);[0m
2025-04-16T15:04:32.4954715Z [36;1m        }[0m
2025-04-16T15:04:32.4955006Z [36;1m      }[0m
2025-04-16T15:04:32.4955320Z [36;1m    } catch (error) {[0m
2025-04-16T15:04:32.4956279Z [36;1m      console.error(`Error processing workflow ${workflow.id}: ${error.message}`);[0m
2025-04-16T15:04:32.4957144Z [36;1m    }[0m
2025-04-16T15:04:32.4957640Z [36;1m  }[0m
2025-04-16T15:04:32.4957930Z [36;1m  [0m
2025-04-16T15:04:32.4958234Z [36;1m  // Create summary file[0m
2025-04-16T15:04:32.4958634Z [36;1m  const summary = {[0m
2025-04-16T15:04:32.4959057Z [36;1m    timestamp: new Date().toISOString(),[0m
2025-04-16T15:04:32.4959606Z [36;1m    totalWorkflows: workflows.workflows.length,[0m
2025-04-16T15:04:32.4960585Z [36;1m    workflowSummary: workflows.workflows.map(w => ({[0m
2025-04-16T15:04:32.4961251Z [36;1m      name: w.name,[0m
2025-04-16T15:04:32.4961614Z [36;1m      id: w.id,[0m
2025-04-16T15:04:32.4961966Z [36;1m      path: w.path,[0m
2025-04-16T15:04:32.4962318Z [36;1m    })),[0m
2025-04-16T15:04:32.4962614Z [36;1m  };[0m
2025-04-16T15:04:32.4963124Z [36;1m  [0m
2025-04-16T15:04:32.4963629Z [36;1m  await fs.writeJson(path.join(logsDir, 'summary.json'), summary, { spaces: 2 });[0m
2025-04-16T15:04:32.4964369Z [36;1m  console.log('Workflow error logs sync completed');[0m
2025-04-16T15:04:32.4964890Z [36;1m}[0m
2025-04-16T15:04:32.4965174Z [36;1m[0m
2025-04-16T15:04:32.4965466Z [36;1mmain().catch(error => {[0m
2025-04-16T15:04:32.4965955Z [36;1m  console.error('Error in main process:', error);[0m
2025-04-16T15:04:32.4966458Z [36;1m  process.exit(1);[0m
2025-04-16T15:04:32.4966818Z [36;1m});[0m
2025-04-16T15:04:32.4967105Z [36;1mEOF[0m
2025-04-16T15:04:32.4967392Z [36;1m[0m
2025-04-16T15:04:32.4967700Z [36;1mnode fetch-workflow-logs.js[0m
2025-04-16T15:04:32.5024992Z shell: /usr/bin/bash -e {0}
2025-04-16T15:04:32.5025227Z env:
2025-04-16T15:04:32.5025395Z   CI: true
2025-04-16T15:04:32.5025764Z   GITHUB_TOKEN: ***
2025-04-16T15:04:32.5025988Z   REPO_OWNER: mrkurger
2025-04-16T15:04:32.5026204Z   REPO_NAME: date-night-app2
2025-04-16T15:04:32.5026432Z ##[endgroup]
2025-04-16T15:04:32.5858783Z Fetching workflow logs for mrkurger/date-night-app2
2025-04-16T15:04:32.8194978Z Processing workflow: Angular Tests (156396503)
2025-04-16T15:04:33.5798917Z Found 23 failed runs for Angular Tests
2025-04-16T15:04:34.1874585Z Saved logs for job e2e (22.x) (40663459721)
2025-04-16T15:04:34.3335925Z Saved logs for job test (22.x) (40663459733)
2025-04-16T15:04:34.9491658Z Saved logs for job e2e (22.x) (40662876861)
2025-04-16T15:04:35.1206723Z Saved logs for job test (22.x) (40662876876)
2025-04-16T15:04:35.5207653Z Saved logs for job e2e (22.x) (40662340818)
2025-04-16T15:04:35.7055980Z Saved logs for job test (22.x) (40662340822)
2025-04-16T15:04:36.2711617Z Saved logs for job test (22.x) (40660813802)
2025-04-16T15:04:36.7331448Z Saved logs for job e2e (22.x) (40660813807)
2025-04-16T15:04:37.1765387Z Saved logs for job e2e (22.x) (40659963795)
2025-04-16T15:04:37.3520654Z Saved logs for job test (22.x) (40659963797)
2025-04-16T15:04:37.5246674Z Saved logs for job lint (22.x) (40659963816)
2025-04-16T15:04:38.0201090Z Saved logs for job e2e (22.x) (40658470007)
2025-04-16T15:04:38.1524221Z Saved logs for job lint (22.x) (40658470023)
2025-04-16T15:04:38.2955356Z Saved logs for job test (22.x) (40658470025)
2025-04-16T15:04:38.7602897Z Saved logs for job test (22.x) (40656595432)
2025-04-16T15:04:38.9222018Z Saved logs for job e2e (22.x) (40656595450)
2025-04-16T15:04:39.0797155Z Saved logs for job lint (22.x) (40656595451)
2025-04-16T15:04:39.5064968Z Saved logs for job lint (22.x) (40648995689)
2025-04-16T15:04:39.6697690Z Saved logs for job e2e (22.x) (40648995690)
2025-04-16T15:04:39.8269964Z Saved logs for job test (22.x) (40648995699)
2025-04-16T15:04:40.3728999Z Saved logs for job test (22.x) (40648936041)
2025-04-16T15:04:40.5259060Z Saved logs for job lint (22.x) (40648936049)
2025-04-16T15:04:40.6828778Z Saved logs for job e2e (22.x) (40648936088)
2025-04-16T15:04:41.2675884Z Saved logs for job test (22.x) (40645363558)
2025-04-16T15:04:41.4307599Z Saved logs for job e2e (22.x) (40645363568)
2025-04-16T15:04:41.5671192Z Saved logs for job lint (22.x) (40645363582)
2025-04-16T15:04:42.0604465Z Saved logs for job test (22.x) (40642315715)
2025-04-16T15:04:42.1875174Z Saved logs for job e2e (22.x) (40642315733)
2025-04-16T15:04:42.3377301Z Saved logs for job lint (22.x) (40642315744)
2025-04-16T15:04:42.7714800Z Saved logs for job test (22.x) (40640408484)
2025-04-16T15:04:42.9187407Z Saved logs for job e2e (22.x) (40640408487)
2025-04-16T15:04:43.1026438Z Saved logs for job lint (22.x) (40640408495)
2025-04-16T15:04:43.4837359Z Saved logs for job test (22.x) (40639200761)
2025-04-16T15:04:43.6382717Z Saved logs for job e2e (22.x) (40639200762)
2025-04-16T15:04:43.8195781Z Saved logs for job lint (22.x) (40639200772)
2025-04-16T15:04:44.3833110Z Saved logs for job test (22.x) (40638434179)
2025-04-16T15:04:44.5379566Z Saved logs for job lint (22.x) (40638434180)
2025-04-16T15:04:44.7080389Z Saved logs for job e2e (22.x) (40638434197)
2025-04-16T15:04:45.0874702Z Saved logs for job test (22.x) (40638117917)
2025-04-16T15:04:45.2484947Z Saved logs for job e2e (22.x) (40638117918)
2025-04-16T15:04:45.3751959Z Saved logs for job lint (22.x) (40638117931)
2025-04-16T15:04:45.8815092Z Saved logs for job test (22.x) (40637222574)
2025-04-16T15:04:46.0286151Z Saved logs for job e2e (22.x) (40637222590)
2025-04-16T15:04:46.1862326Z Saved logs for job lint (22.x) (40637222627)
2025-04-16T15:04:46.6306873Z Saved logs for job e2e (22.x) (40636317713)
2025-04-16T15:04:46.8781514Z Saved logs for job test (22.x) (40636317717)
2025-04-16T15:04:47.0737126Z Saved logs for job lint (22.x) (40636317718)
2025-04-16T15:04:47.5491727Z Saved logs for job test (22.x) (40635520017)
2025-04-16T15:04:47.7244876Z Saved logs for job e2e (22.x) (40635520024)
2025-04-16T15:04:47.8778352Z Saved logs for job lint (22.x) (40635520025)
2025-04-16T15:04:48.4750559Z Saved logs for job e2e (22.x) (40631138588)
2025-04-16T15:04:48.6846480Z Saved logs for job test (22.x) (40631138593)
2025-04-16T15:04:49.0876056Z Saved logs for job test (22.x) (40628452555)
2025-04-16T15:04:49.3066291Z Saved logs for job e2e (22.x) (40628452573)
2025-04-16T15:04:49.9126888Z Saved logs for job test (22.x) (40625114143)
2025-04-16T15:04:50.1081799Z Saved logs for job e2e (22.x) (40625114153)
2025-04-16T15:04:50.5338155Z Saved logs for job e2e (22.x) (40623556700)
2025-04-16T15:04:50.6862840Z Saved logs for job test (22.x) (40623556710)
2025-04-16T15:04:51.2724650Z Saved logs for job e2e (22.x) (40623232672)
2025-04-16T15:04:51.4639518Z Saved logs for job test (22.x) (40623232677)
2025-04-16T15:04:51.4641690Z Processing workflow: Security Alerts Report (Alternative) (156517337)
2025-04-16T15:04:51.6460614Z Found 0 failed runs for Security Alerts Report (Alternative)
2025-04-16T15:04:51.6462328Z Processing workflow: Security Alerts Report (156511788)
2025-04-16T15:04:51.8732010Z Found 1 failed runs for Security Alerts Report
2025-04-16T15:04:52.3932787Z Saved logs for job generate-report (40657820058)
2025-04-16T15:04:52.3934263Z Processing workflow: Server Tests (156396504)
2025-04-16T15:04:52.8077584Z Found 7 failed runs for Server Tests
2025-04-16T15:04:53.1478828Z Saved logs for job test (22.x) (40663459741)
2025-04-16T15:04:53.6107698Z Saved logs for job test (22.x) (40659963757)
2025-04-16T15:04:53.7793192Z Saved logs for job lint (22.x) (40659963777)
2025-04-16T15:04:54.2875147Z Saved logs for job lint (22.x) (40656595380)
2025-04-16T15:04:54.4979752Z Saved logs for job test (22.x) (40656595382)
2025-04-16T15:04:54.9727867Z Saved logs for job test (22.x) (40648936051)
2025-04-16T15:04:55.1285360Z Saved logs for job lint (22.x) (40648936076)
2025-04-16T15:04:55.5802408Z Saved logs for job lint (22.x) (40636317715)
2025-04-16T15:04:55.7556879Z Saved logs for job test (22.x) (40636317724)
2025-04-16T15:04:56.0732072Z Saved logs for job lint (22.x) (40636157199)
2025-04-16T15:04:56.2220349Z Saved logs for job test (22.x) (40636157200)
2025-04-16T15:04:56.7319953Z Saved logs for job test (22.x) (40631138589)
2025-04-16T15:04:56.7324469Z Processing workflow: Sync GitHub Insights (Alternative) (156517338)
2025-04-16T15:04:56.8725846Z Found 0 failed runs for Sync GitHub Insights (Alternative)
2025-04-16T15:04:56.8728484Z Processing workflow: Sync GitHub Insights (Fixed) (156518590)
2025-04-16T15:04:57.1197200Z Found 0 failed runs for Sync GitHub Insights (Fixed)
2025-04-16T15:04:57.1203708Z Processing workflow: Sync GitHub Insights (156511789)
2025-04-16T15:04:57.3722580Z Found 3 failed runs for Sync GitHub Insights
2025-04-16T15:04:57.7720980Z Saved logs for job sync-insights (40658529730)
2025-04-16T15:04:58.2549470Z Saved logs for job sync-insights (40657800158)
2025-04-16T15:04:58.7393948Z Saved logs for job sync-insights (40656793753)
2025-04-16T15:04:58.7395409Z Processing workflow: Sync Test Reports (156511790)
2025-04-16T15:04:59.2496783Z Found 2 failed runs for Sync Test Reports
2025-04-16T15:04:59.6354715Z Saved logs for job sync-reports (40656664593)
2025-04-16T15:05:00.0582495Z Saved logs for job sync-reports (40656644372)
2025-04-16T15:05:00.0586546Z Processing workflow: Sync Workflow Error Logs (156531139)
2025-04-16T15:05:00.4520988Z Found 8 failed runs for Sync Workflow Error Logs
2025-04-16T15:05:00.9522125Z Saved logs for job sync-error-logs (40663734511)
2025-04-16T15:05:01.4562875Z Saved logs for job sync-error-logs (40663704386)
2025-04-16T15:05:01.8120076Z Saved logs for job sync-error-logs (40663657537)
2025-04-16T15:05:02.2539252Z Saved logs for job sync-error-logs (40663640084)
2025-04-16T15:05:02.6907226Z Saved logs for job sync-error-logs (40663610469)
2025-04-16T15:05:03.1782131Z Saved logs for job sync-error-logs (40663581882)
2025-04-16T15:05:03.5398914Z Saved logs for job sync-error-logs (40663556539)
2025-04-16T15:05:04.0482335Z Saved logs for job sync-error-logs (40663029643)
2025-04-16T15:05:04.0483773Z Processing workflow: Sync Workflow Error Logs (Robust) (156532769)
2025-04-16T15:05:04.5451350Z Found 12 failed runs for Sync Workflow Error Logs (Robust)
2025-04-16T15:05:05.0386463Z Saved logs for job sync-error-logs (40663746533)
2025-04-16T15:05:05.3466003Z Saved logs for job sync-error-logs (40663734211)
2025-04-16T15:05:05.6868692Z Saved logs for job sync-error-logs (40663726146)
2025-04-16T15:05:06.1660607Z Saved logs for job sync-error-logs (40663694016)
2025-04-16T15:05:06.5897076Z Saved logs for job sync-error-logs (40663680006)
2025-04-16T15:05:06.9608632Z Saved logs for job sync-error-logs (40663676815)
2025-04-16T15:05:07.4545201Z Saved logs for job sync-error-logs (40663642603)
2025-04-16T15:05:07.8270195Z Saved logs for job sync-error-logs (40663640193)
2025-04-16T15:05:08.2890243Z Saved logs for job sync-error-logs (40663610483)
2025-04-16T15:05:08.6070026Z Saved logs for job sync-error-logs (40663581813)
2025-04-16T15:05:09.0120980Z Saved logs for job sync-error-logs (40663556527)
2025-04-16T15:05:09.3276128Z Saved logs for job sync-error-logs (40663489150)
2025-04-16T15:05:09.3277274Z Processing workflow: Sync Workflow Error Logs (156529457)
2025-04-16T15:05:09.7849102Z Found 13 failed runs for Sync Workflow Error Logs
2025-04-16T15:05:10.2192372Z Saved logs for job sync-error-logs (40663802949)
2025-04-16T15:05:10.6763689Z Saved logs for job sync-error-logs (40663762365)
2025-04-16T15:05:11.0241958Z Saved logs for job sync-error-logs (40663734602)
2025-04-16T15:05:11.5079153Z Saved logs for job sync-error-logs (40663704422)
2025-04-16T15:05:11.9826472Z Saved logs for job sync-error-logs (40663657651)
2025-04-16T15:05:12.3661843Z Saved logs for job sync-error-logs (40663640395)
2025-04-16T15:05:12.8294677Z Saved logs for job sync-error-logs (40663610514)
2025-04-16T15:05:13.3452139Z Saved logs for job sync-error-logs (40663581717)
2025-04-16T15:05:13.7717769Z Saved logs for job sync-error-logs (40663556577)
2025-04-16T15:05:14.2123488Z Saved logs for job sync-error-logs (40663029928)
2025-04-16T15:05:14.7273800Z Saved logs for job sync-error-logs (40662993597)
2025-04-16T15:05:15.0738937Z Saved logs for job sync-error-logs (40662475242)
2025-04-16T15:05:15.5381116Z Saved logs for job sync-error-logs (40662446363)
2025-04-16T15:05:15.5383053Z Processing workflow: Dependabot Updates (153911032)
2025-04-16T15:05:16.3488006Z Found 15 failed runs for Dependabot Updates
2025-04-16T15:05:16.8899310Z Saved logs for job Dependabot (40657560162)
2025-04-16T15:05:17.4182142Z Saved logs for job Dependabot (40657559762)
2025-04-16T15:05:17.9253695Z Saved logs for job Dependabot (40657410431)
2025-04-16T15:05:18.4162126Z Saved logs for job Dependabot (40657409984)
2025-04-16T15:05:18.9194735Z Saved logs for job Dependabot (40656602439)
2025-04-16T15:05:19.5903791Z Saved logs for job Dependabot (40656599224)
2025-04-16T15:05:20.1903658Z Saved logs for job Dependabot (40656599232)
2025-04-16T15:05:20.7175134Z Saved logs for job Dependabot (40648953960)
2025-04-16T15:05:21.0414531Z Saved logs for job Dependabot (40636173412)
2025-04-16T15:05:21.5390050Z Saved logs for job Dependabot (40635535253)
2025-04-16T15:05:21.8725919Z Saved logs for job Dependabot (40620670121)
2025-04-16T15:05:22.3380617Z Saved logs for job Dependabot (40620661666)
2025-04-16T15:05:22.8717518Z Saved logs for job Dependabot (40615377452)
2025-04-16T15:05:23.3886712Z Saved logs for job Dependabot (40615364053)
2025-04-16T15:05:23.7400554Z Saved logs for job Dependabot (40405591413)
2025-04-16T15:05:23.7404658Z Workflow error logs sync completed
2025-04-16T15:05:23.7528298Z ##[group]Run cat > workflow-error-logs/README.md << 'EOF'
2025-04-16T15:05:23.7529019Z [36;1mcat > workflow-error-logs/README.md << 'EOF'[0m
2025-04-16T15:05:23.7529533Z [36;1m# Workflow Error Logs[0m
2025-04-16T15:05:23.7529924Z [36;1m[0m
2025-04-16T15:05:23.7531162Z [36;1mThis directory contains logs from failed GitHub Actions workflow runs. These logs are automatically collected by the "Sync Workflow Error Logs" workflow.[0m
2025-04-16T15:05:23.7532285Z [36;1m[0m
2025-04-16T15:05:23.7532599Z [36;1m## Directory Structure[0m
2025-04-16T15:05:23.7532982Z [36;1m[0m
2025-04-16T15:05:23.7533267Z [36;1m```[0m
2025-04-16T15:05:23.7533571Z [36;1mworkflow-error-logs/[0m
2025-04-16T15:05:23.7534011Z [36;1m├── {workflow-name}/[0m
2025-04-16T15:05:23.7534402Z [36;1m│   ├── {date}_{run-id}/[0m
2025-04-16T15:05:23.7534868Z [36;1m│   │   ├── metadata.json       # Run metadata[0m
2025-04-16T15:05:23.7535412Z [36;1m│   │   ├── jobs.json           # Jobs metadata[0m
2025-04-16T15:05:23.7535926Z [36;1m│   │   ├── {job-name}/[0m
2025-04-16T15:05:23.7536384Z [36;1m│   │   │   ├── job-metadata.json  # Job metadata[0m
2025-04-16T15:05:23.7536923Z [36;1m│   │   │   └── logs.txt           # Job logs[0m
2025-04-16T15:05:23.7537380Z [36;1m│   │   └── ...[0m
2025-04-16T15:05:23.7537739Z [36;1m│   └── ...[0m
2025-04-16T15:05:23.7538069Z [36;1m└── ...[0m
2025-04-16T15:05:23.7538380Z [36;1m```[0m
2025-04-16T15:05:23.7538676Z [36;1m[0m
2025-04-16T15:05:23.7538969Z [36;1m## Using These Logs[0m
2025-04-16T15:05:23.7539346Z [36;1m[0m
2025-04-16T15:05:23.7540290Z [36;1mThese logs can be used to diagnose and fix issues with GitHub Actions workflows. Look for error messages, failed steps, and other indicators of problems.[0m
2025-04-16T15:05:23.7541646Z [36;1m[0m
2025-04-16T15:05:23.7541949Z [36;1m## Automatic Collection[0m
2025-04-16T15:05:23.7542334Z [36;1m[0m
2025-04-16T15:05:23.7542674Z [36;1mLogs are collected:[0m
2025-04-16T15:05:23.7543122Z [36;1m- After any workflow completes[0m
2025-04-16T15:05:23.7543612Z [36;1m- Every 6 hours via scheduled run[0m
2025-04-16T15:05:23.7544075Z [36;1m- Manually via workflow dispatch[0m
2025-04-16T15:05:23.7544492Z [36;1m[0m
2025-04-16T15:05:23.7544766Z [36;1m## Retention[0m
2025-04-16T15:05:23.7545098Z [36;1m[0m
2025-04-16T15:05:23.7545471Z [36;1mOnly logs from the past 30 days are collected.[0m
2025-04-16T15:05:23.7545955Z [36;1mEOF[0m
2025-04-16T15:05:23.7611879Z shell: /usr/bin/bash -e {0}
2025-04-16T15:05:23.7612258Z env:
2025-04-16T15:05:23.7612541Z   CI: true
2025-04-16T15:05:23.7612820Z ##[endgroup]
2025-04-16T15:05:23.7751333Z ##[group]Run git config --local user.email "action@github.com"
2025-04-16T15:05:23.7751789Z [36;1mgit config --local user.email "action@github.com"[0m
2025-04-16T15:05:23.7752132Z [36;1mgit config --local user.name "GitHub Action"[0m
2025-04-16T15:05:23.7752393Z [36;1m[0m
2025-04-16T15:05:23.7752854Z [36;1m# Pull the latest changes with rebase strategy to avoid merge commits[0m
2025-04-16T15:05:23.7753218Z [36;1mgit pull --rebase origin main[0m
2025-04-16T15:05:23.7753447Z [36;1m[0m
2025-04-16T15:05:23.7753624Z [36;1mgit add workflow-error-logs[0m
2025-04-16T15:05:23.7753843Z [36;1m[0m
2025-04-16T15:05:23.7754021Z [36;1m# Only commit if there are changes[0m
2025-04-16T15:05:23.7754279Z [36;1mif git diff --staged --quiet; then[0m
2025-04-16T15:05:23.7754533Z [36;1m  echo "No changes to commit"[0m
2025-04-16T15:05:23.7754757Z [36;1melse[0m
2025-04-16T15:05:23.7755007Z [36;1m  git commit -m "Update workflow error logs [skip ci]"[0m
2025-04-16T15:05:23.7755328Z [36;1m  git push[0m
2025-04-16T15:05:23.7755506Z [36;1mfi[0m
2025-04-16T15:05:23.7796791Z shell: /usr/bin/bash -e {0}
2025-04-16T15:05:23.7797028Z env:
2025-04-16T15:05:23.7797195Z   CI: true
2025-04-16T15:05:23.7797361Z ##[endgroup]
2025-04-16T15:05:23.8981675Z error: cannot pull with rebase: You have unstaged changes.
2025-04-16T15:05:23.8983473Z error: Please commit or stash them.
2025-04-16T15:05:23.8999819Z ##[error]Process completed with exit code 128.
2025-04-16T15:05:23.9109069Z Post job cleanup.
2025-04-16T15:05:24.0062732Z [command]/usr/bin/git version
2025-04-16T15:05:24.0104203Z git version 2.49.0
2025-04-16T15:05:24.0151449Z Temporarily overriding HOME='/home/runner/work/_temp/aee34b8d-cbdd-4836-bf0c-be3b49494132' before making global git config changes
2025-04-16T15:05:24.0153520Z Adding repository directory to the temporary git global config as a safe directory
2025-04-16T15:05:24.0158075Z [command]/usr/bin/git config --global --add safe.directory /home/runner/work/date-night-app2/date-night-app2
2025-04-16T15:05:24.0204034Z [command]/usr/bin/git config --local --name-only --get-regexp core\.sshCommand
2025-04-16T15:05:24.0241803Z [command]/usr/bin/git submodule foreach --recursive sh -c "git config --local --name-only --get-regexp 'core\.sshCommand' && git config --local --unset-all 'core.sshCommand' || :"
2025-04-16T15:05:24.0488286Z [command]/usr/bin/git config --local --name-only --get-regexp http\.https\:\/\/github\.com\/\.extraheader
2025-04-16T15:05:24.0513673Z http.https://github.com/.extraheader
2025-04-16T15:05:24.0528222Z [command]/usr/bin/git config --local --unset-all http.https://github.com/.extraheader
2025-04-16T15:05:24.0563704Z [command]/usr/bin/git submodule foreach --recursive sh -c "git config --local --name-only --get-regexp 'http\.https\:\/\/github\.com\/\.extraheader' && git config --local --unset-all 'http.https://github.com/.extraheader' || :"
2025-04-16T15:05:24.0909063Z Cleaning up orphan processes
