2025-04-16T14:52:31.4664805Z Current runner version: '2.323.0'
2025-04-16T14:52:31.4702546Z ##[group]Operating System
2025-04-16T14:52:31.4703748Z Ubuntu
2025-04-16T14:52:31.4705368Z 24.04.2
2025-04-16T14:52:31.4706335Z LTS
2025-04-16T14:52:31.4707170Z ##[endgroup]
2025-04-16T14:52:31.4708613Z ##[group]Runner Image
2025-04-16T14:52:31.4709655Z Image: ubuntu-24.04
2025-04-16T14:52:31.4710555Z Version: 20250406.1.0
2025-04-16T14:52:31.4712369Z Included Software: https://github.com/actions/runner-images/blob/ubuntu24/20250406.1/images/ubuntu/Ubuntu2404-Readme.md
2025-04-16T14:52:31.4715339Z Image Release: https://github.com/actions/runner-images/releases/tag/ubuntu24%2F20250406.1
2025-04-16T14:52:31.4717364Z ##[endgroup]
2025-04-16T14:52:31.4718297Z ##[group]Runner Image Provisioner
2025-04-16T14:52:31.4719363Z 2.0.422.1
2025-04-16T14:52:31.4720182Z ##[endgroup]
2025-04-16T14:52:31.4722199Z ##[group]GITHUB_TOKEN Permissions
2025-04-16T14:52:31.4725293Z Actions: read
2025-04-16T14:52:31.4726344Z Contents: write
2025-04-16T14:52:31.4727665Z Metadata: read
2025-04-16T14:52:31.4728815Z ##[endgroup]
2025-04-16T14:52:31.4731773Z Secret source: Actions
2025-04-16T14:52:31.4733182Z Prepare workflow directory
2025-04-16T14:52:31.5293076Z Prepare all required actions
2025-04-16T14:52:31.5347812Z Getting action download info
2025-04-16T14:52:31.9561683Z ##[group]Download immutable action package 'actions/checkout@v4'
2025-04-16T14:52:31.9563773Z Version: 4.2.2
2025-04-16T14:52:31.9565818Z Digest: sha256:ccb2698953eaebd21c7bf6268a94f9c26518a7e38e27e0b83c1fe1ad049819b1
2025-04-16T14:52:31.9568303Z Source commit SHA: 11bd71901bbe5b1630ceea73d27597364c9af683
2025-04-16T14:52:31.9569721Z ##[endgroup]
2025-04-16T14:52:32.0589726Z ##[group]Download immutable action package 'actions/setup-node@v4'
2025-04-16T14:52:32.0590725Z Version: 4.4.0
2025-04-16T14:52:32.0591567Z Digest: sha256:9427cefe82346e992fb5b949e3569b39d537ae41aa3086483b14eceebfc16bc1
2025-04-16T14:52:32.0592643Z Source commit SHA: 49933ea5288caeca8642d1e84afbd3f7d6820020
2025-04-16T14:52:32.0593396Z ##[endgroup]
2025-04-16T14:52:32.3852749Z Complete job name: sync-error-logs
2025-04-16T14:52:32.4622580Z ##[group]Run actions/checkout@v4
2025-04-16T14:52:32.4624097Z with:
2025-04-16T14:52:32.4625205Z   fetch-depth: 0
2025-04-16T14:52:32.4626116Z   repository: mrkurger/date-night-app2
2025-04-16T14:52:32.4627474Z   token: ***
2025-04-16T14:52:32.4628202Z   ssh-strict: true
2025-04-16T14:52:32.4629020Z   ssh-user: git
2025-04-16T14:52:32.4629867Z   persist-credentials: true
2025-04-16T14:52:32.4630818Z   clean: true
2025-04-16T14:52:32.4631688Z   sparse-checkout-cone-mode: true
2025-04-16T14:52:32.4632714Z   fetch-tags: false
2025-04-16T14:52:32.4633589Z   show-progress: true
2025-04-16T14:52:32.4635338Z   lfs: false
2025-04-16T14:52:32.4636215Z   submodules: false
2025-04-16T14:52:32.4637069Z   set-safe-directory: true
2025-04-16T14:52:32.4638388Z env:
2025-04-16T14:52:32.4639175Z   CI: true
2025-04-16T14:52:32.4639912Z ##[endgroup]
2025-04-16T14:52:32.6899134Z Syncing repository: mrkurger/date-night-app2
2025-04-16T14:52:32.6902408Z ##[group]Getting Git version info
2025-04-16T14:52:32.6903822Z Working directory is '/home/runner/work/date-night-app2/date-night-app2'
2025-04-16T14:52:32.6905952Z [command]/usr/bin/git version
2025-04-16T14:52:32.6911364Z git version 2.49.0
2025-04-16T14:52:32.6914134Z ##[endgroup]
2025-04-16T14:52:32.6921168Z Temporarily overriding HOME='/home/runner/work/_temp/514782d1-6ec3-4b1f-bb49-83941295cd74' before making global git config changes
2025-04-16T14:52:32.6923633Z Adding repository directory to the temporary git global config as a safe directory
2025-04-16T14:52:32.6937056Z [command]/usr/bin/git config --global --add safe.directory /home/runner/work/date-night-app2/date-night-app2
2025-04-16T14:52:32.7114516Z Deleting the contents of '/home/runner/work/date-night-app2/date-night-app2'
2025-04-16T14:52:32.7117286Z ##[group]Initializing the repository
2025-04-16T14:52:32.7119201Z [command]/usr/bin/git init /home/runner/work/date-night-app2/date-night-app2
2025-04-16T14:52:32.7121818Z hint: Using 'master' as the name for the initial branch. This default branch name
2025-04-16T14:52:32.7125440Z hint: is subject to change. To configure the initial branch name to use in all
2025-04-16T14:52:32.7126932Z hint: of your new repositories, which will suppress this warning, call:
2025-04-16T14:52:32.7128256Z hint:
2025-04-16T14:52:32.7129103Z hint: 	git config --global init.defaultBranch <name>
2025-04-16T14:52:32.7130152Z hint:
2025-04-16T14:52:32.7131165Z hint: Names commonly chosen instead of 'master' are 'main', 'trunk' and
2025-04-16T14:52:32.7132949Z hint: 'development'. The just-created branch can be renamed via this command:
2025-04-16T14:52:32.7134291Z hint:
2025-04-16T14:52:32.7145483Z hint: 	git branch -m <name>
2025-04-16T14:52:32.7146796Z Initialized empty Git repository in /home/runner/work/date-night-app2/date-night-app2/.git/
2025-04-16T14:52:32.7149573Z [command]/usr/bin/git remote add origin https://github.com/mrkurger/date-night-app2
2025-04-16T14:52:32.7170439Z ##[endgroup]
2025-04-16T14:52:32.7172950Z ##[group]Disabling automatic garbage collection
2025-04-16T14:52:32.7175472Z [command]/usr/bin/git config --local gc.auto 0
2025-04-16T14:52:32.7214075Z ##[endgroup]
2025-04-16T14:52:32.7217789Z ##[group]Setting up auth
2025-04-16T14:52:32.7220860Z [command]/usr/bin/git config --local --name-only --get-regexp core\.sshCommand
2025-04-16T14:52:32.7257609Z [command]/usr/bin/git submodule foreach --recursive sh -c "git config --local --name-only --get-regexp 'core\.sshCommand' && git config --local --unset-all 'core.sshCommand' || :"
2025-04-16T14:52:32.7586837Z [command]/usr/bin/git config --local --name-only --get-regexp http\.https\:\/\/github\.com\/\.extraheader
2025-04-16T14:52:32.7606821Z [command]/usr/bin/git submodule foreach --recursive sh -c "git config --local --name-only --get-regexp 'http\.https\:\/\/github\.com\/\.extraheader' && git config --local --unset-all 'http.https://github.com/.extraheader' || :"
2025-04-16T14:52:32.7848456Z [command]/usr/bin/git config --local http.https://github.com/.extraheader AUTHORIZATION: basic ***
2025-04-16T14:52:32.7908567Z ##[endgroup]
2025-04-16T14:52:32.7911976Z ##[group]Fetching the repository
2025-04-16T14:52:32.7920346Z [command]/usr/bin/git -c protocol.version=2 fetch --prune --no-recurse-submodules origin +refs/heads/*:refs/remotes/origin/* +refs/tags/*:refs/tags/*
2025-04-16T14:52:41.2753098Z From https://github.com/mrkurger/date-night-app2
2025-04-16T14:52:41.2759184Z  * [new branch]      dependabot/github_actions/dawidd6/action-download-artifact-9 -> origin/dependabot/github_actions/dawidd6/action-download-artifact-9
2025-04-16T14:52:41.2761086Z  * [new branch]      dependabot/npm_and_yarn/server/multi-94fa72f662 -> origin/dependabot/npm_and_yarn/server/multi-94fa72f662
2025-04-16T14:52:41.2762232Z  * [new branch]      main       -> origin/main
2025-04-16T14:52:41.2799557Z [command]/usr/bin/git branch --list --remote origin/main
2025-04-16T14:52:41.2826326Z   origin/main
2025-04-16T14:52:41.2837037Z [command]/usr/bin/git rev-parse refs/remotes/origin/main
2025-04-16T14:52:41.2859766Z 0d3a79f35c3af2cd2a02470b7e43ff1ef5b4d62c
2025-04-16T14:52:41.2875482Z ##[endgroup]
2025-04-16T14:52:41.2877536Z ##[group]Determining the checkout info
2025-04-16T14:52:41.2878617Z ##[endgroup]
2025-04-16T14:52:41.2879157Z [command]/usr/bin/git sparse-checkout disable
2025-04-16T14:52:41.2919652Z [command]/usr/bin/git config --local --unset-all extensions.worktreeConfig
2025-04-16T14:52:41.2950508Z ##[group]Checking out the ref
2025-04-16T14:52:41.2955660Z [command]/usr/bin/git checkout --progress --force -B main refs/remotes/origin/main
2025-04-16T14:52:41.6805800Z Switched to a new branch 'main'
2025-04-16T14:52:41.6806557Z branch 'main' set up to track 'origin/main'.
2025-04-16T14:52:41.6832223Z ##[endgroup]
2025-04-16T14:52:41.6907233Z [command]/usr/bin/git log -1 --format=%H
2025-04-16T14:52:41.6949892Z 0d3a79f35c3af2cd2a02470b7e43ff1ef5b4d62c
2025-04-16T14:52:41.7201186Z ##[group]Run actions/setup-node@v4
2025-04-16T14:52:41.7201477Z with:
2025-04-16T14:52:41.7201940Z   node-version: 22.x
2025-04-16T14:52:41.7202141Z   always-auth: false
2025-04-16T14:52:41.7202334Z   check-latest: false
2025-04-16T14:52:41.7202675Z   token: ***
2025-04-16T14:52:41.7202849Z env:
2025-04-16T14:52:41.7203009Z   CI: true
2025-04-16T14:52:41.7203178Z ##[endgroup]
2025-04-16T14:52:41.8976313Z Found in cache @ /opt/hostedtoolcache/node/22.14.0/x64
2025-04-16T14:52:41.8979263Z ##[group]Environment details
2025-04-16T14:52:42.3365907Z node: v22.14.0
2025-04-16T14:52:42.3369485Z npm: 10.9.2
2025-04-16T14:52:42.3369777Z yarn: 1.22.22
2025-04-16T14:52:42.3370618Z ##[endgroup]
2025-04-16T14:52:42.3480671Z ##[group]Run npm install @octokit/rest@20.0.2 @octokit/plugin-throttling@9.0.3 fs-extra@11.2.0
2025-04-16T14:52:42.3481300Z [36;1mnpm install @octokit/rest@20.0.2 @octokit/plugin-throttling@9.0.3 fs-extra@11.2.0[0m
2025-04-16T14:52:42.3535763Z shell: /usr/bin/bash -e {0}
2025-04-16T14:52:42.3536008Z env:
2025-04-16T14:52:42.3536176Z   CI: true
2025-04-16T14:52:42.3536347Z ##[endgroup]
2025-04-16T14:52:47.4643647Z npm warn deprecated xss-clean@0.1.4: Package no longer supported. Contact Support at https://www.npmjs.com/support for more info.
2025-04-16T14:52:48.6438415Z npm warn deprecated rimraf@3.0.2: Rimraf versions prior to v4 are no longer supported
2025-04-16T14:52:49.1401382Z npm warn deprecated passport-reddit@1.1.0: While functionally complete, this library will not be receiving any updates going forwards. Users are actively discouraged from using OAuth2 for authentication. See archival notice on github for more details.
2025-04-16T14:52:49.4193447Z npm warn deprecated npmlog@5.0.1: This package is no longer supported.
2025-04-16T14:52:50.2648801Z npm warn deprecated superagent@8.1.2: Please upgrade to v9.0.0+ as we have fixed a public vulnerability with formidable dependency. Note that v9.0.0+ requires Node.js v14.18.0+. See https://github.com/ladjs/superagent/pull/1800 for insight. This project is supported and maintained by the team at Forward Email @ https://forwardemail.net
2025-04-16T14:52:50.8288133Z npm warn deprecated inflight@1.0.6: This module is not supported, and leaks memory. Do not use it. Check out lru-cache if you want a good and tested way to coalesce async requests by a key value, which is much more comprehensive and powerful.
2025-04-16T14:52:51.1808869Z npm warn deprecated glob@7.2.3: Glob versions prior to v9 are no longer supported
2025-04-16T14:52:51.6649229Z npm warn deprecated gauge@3.0.2: This package is no longer supported.
2025-04-16T14:52:52.0165790Z npm warn deprecated domexception@4.0.0: Use your platform's native DOMException instead
2025-04-16T14:52:53.1703322Z npm warn deprecated are-we-there-yet@2.0.0: This package is no longer supported.
2025-04-16T14:52:53.2902929Z npm warn deprecated abab@2.0.6: Use your platform's native atob() and btoa() methods instead
2025-04-16T14:52:54.7870382Z npm warn deprecated @humanwhocodes/object-schema@2.0.3: Use @eslint/object-schema instead
2025-04-16T14:52:58.5263774Z npm warn deprecated @humanwhocodes/config-array@0.11.14: Use @eslint/config-array instead
2025-04-16T14:53:02.8118199Z npm warn deprecated eslint@8.56.0: This version is no longer supported. Please see https://eslint.org/version-support for other options.
2025-04-16T14:53:02.8366663Z npm warn deprecated eslint@8.56.0: This version is no longer supported. Please see https://eslint.org/version-support for other options.
2025-04-16T14:53:25.3162261Z 
2025-04-16T14:53:25.3162975Z added 1931 packages, and audited 1934 packages in 43s
2025-04-16T14:53:25.3163425Z 
2025-04-16T14:53:25.3163696Z 355 packages are looking for funding
2025-04-16T14:53:25.3237950Z   run `npm fund` for details
2025-04-16T14:53:25.3238262Z 
2025-04-16T14:53:25.3239180Z 3 moderate severity vulnerabilities
2025-04-16T14:53:25.3240777Z 
2025-04-16T14:53:25.3241454Z To address all issues (including breaking changes), run:
2025-04-16T14:53:25.3242323Z   npm audit fix --force
2025-04-16T14:53:25.3249556Z 
2025-04-16T14:53:25.3250386Z Run `npm audit` for details.
2025-04-16T14:53:25.4016324Z ##[group]Run cat > fetch-workflow-logs.js << 'EOF'
2025-04-16T14:53:25.4016985Z [36;1mcat > fetch-workflow-logs.js << 'EOF'[0m
2025-04-16T14:53:25.4017297Z [36;1mconst { Octokit } = require('@octokit/rest');[0m
2025-04-16T14:53:25.4017664Z [36;1mconst { throttling } = require('@octokit/plugin-throttling');[0m
2025-04-16T14:53:25.4018016Z [36;1mconst fs = require('fs-extra');[0m
2025-04-16T14:53:25.4018268Z [36;1mconst path = require('path');[0m
2025-04-16T14:53:25.4018518Z [36;1m[0m
2025-04-16T14:53:25.4018766Z [36;1mconst ThrottledOctokit = Octokit.plugin(throttling);[0m
2025-04-16T14:53:25.4019074Z [36;1m[0m
2025-04-16T14:53:25.4019242Z [36;1masync function main() {[0m
2025-04-16T14:53:25.4019500Z [36;1m  const owner = process.env.REPO_OWNER;[0m
2025-04-16T14:53:25.4019799Z [36;1m  const repo = process.env.REPO_NAME;[0m
2025-04-16T14:53:25.4020120Z [36;1m  const logsDir = path.join('workflow-error-logs');[0m
2025-04-16T14:53:25.4020401Z [36;1m  [0m
2025-04-16T14:53:25.4020692Z [36;1m  console.log(`Fetching workflow logs for ${owner}/${repo}`);[0m
2025-04-16T14:53:25.4021010Z [36;1m  [0m
2025-04-16T14:53:25.4021341Z [36;1m  // Create logs directory if it doesn't exist[0m
2025-04-16T14:53:25.4021779Z [36;1m  await fs.ensureDir(logsDir);[0m
2025-04-16T14:53:25.4022017Z [36;1m  [0m
2025-04-16T14:53:25.4022212Z [36;1m  const octokit = new ThrottledOctokit({[0m
2025-04-16T14:53:25.4022509Z [36;1m    auth: process.env.GITHUB_TOKEN,[0m
2025-04-16T14:53:25.4022768Z [36;1m    throttle: {[0m
2025-04-16T14:53:25.4023006Z [36;1m      onRateLimit: (retryAfter, options) => {[0m
2025-04-16T14:53:25.4023398Z [36;1m        console.warn(`Rate limit exceeded for ${options.method} ${options.url}`);[0m
2025-04-16T14:53:25.4023795Z [36;1m        if (options.request.retryCount < 2) {[0m
2025-04-16T14:53:25.4024141Z [36;1m          console.log(`Retrying after ${retryAfter} seconds!`);[0m
2025-04-16T14:53:25.4025095Z [36;1m          return true;[0m
2025-04-16T14:53:25.4025476Z [36;1m        }[0m
2025-04-16T14:53:25.4025664Z [36;1m      },[0m
2025-04-16T14:53:25.4025903Z [36;1m      onSecondaryRateLimit: (retryAfter, options) => {[0m
2025-04-16T14:53:25.4026373Z [36;1m        console.warn(`Secondary rate limit exceeded for ${options.method} ${options.url}`);[0m
2025-04-16T14:53:25.4026805Z [36;1m        if (options.request.retryCount < 2) {[0m
2025-04-16T14:53:25.4027151Z [36;1m          console.log(`Retrying after ${retryAfter} seconds!`);[0m
2025-04-16T14:53:25.4027463Z [36;1m          return true;[0m
2025-04-16T14:53:25.4027916Z [36;1m        }[0m
2025-04-16T14:53:25.4028096Z [36;1m      },[0m
2025-04-16T14:53:25.4028259Z [36;1m    },[0m
2025-04-16T14:53:25.4028431Z [36;1m  });[0m
2025-04-16T14:53:25.4028736Z [36;1m  [0m
2025-04-16T14:53:25.4028919Z [36;1m  // Get all workflows[0m
2025-04-16T14:53:25.4029251Z [36;1m  const { data: workflows } = await octokit.actions.listRepoWorkflows({[0m
2025-04-16T14:53:25.4029932Z [36;1m    owner,[0m
2025-04-16T14:53:25.4030138Z [36;1m    repo,[0m
2025-04-16T14:53:25.4030310Z [36;1m  });[0m
2025-04-16T14:53:25.4030476Z [36;1m  [0m
2025-04-16T14:53:25.4030674Z [36;1m  // Get recent workflow runs (last 30 days)[0m
2025-04-16T14:53:25.4030964Z [36;1m  const thirtyDaysAgo = new Date();[0m
2025-04-16T14:53:25.4031617Z [36;1m  thirtyDaysAgo.setDate(thirtyDaysAgo.getDate() - 30);[0m
2025-04-16T14:53:25.4031981Z [36;1m  [0m
2025-04-16T14:53:25.4032193Z [36;1m  for (const workflow of workflows.workflows) {[0m
2025-04-16T14:53:25.4032594Z [36;1m    console.log(`Processing workflow: ${workflow.name} (${workflow.id})`);[0m
2025-04-16T14:53:25.4032948Z [36;1m    [0m
2025-04-16T14:53:25.4033207Z [36;1m    const { data: runs } = await octokit.actions.listWorkflowRuns({[0m
2025-04-16T14:53:25.4033528Z [36;1m      owner,[0m
2025-04-16T14:53:25.4033736Z [36;1m      repo,[0m
2025-04-16T14:53:25.4034071Z [36;1m      workflow_id: workflow.id,[0m
2025-04-16T14:53:25.4034994Z [36;1m      created: `>=${thirtyDaysAgo.toISOString().split('T')[0]}`,[0m
2025-04-16T14:53:25.4035597Z [36;1m    });[0m
2025-04-16T14:53:25.4035775Z [36;1m    [0m
2025-04-16T14:53:25.4035968Z [36;1m    // Process failed runs[0m
2025-04-16T14:53:25.4036281Z [36;1m    const failedRuns = runs.workflow_runs.filter(run => [0m
2025-04-16T14:53:25.4036769Z [36;1m      run.conclusion === 'failure' || run.conclusion === 'cancelled' || run.conclusion === 'timed_out'[0m
2025-04-16T14:53:25.4037175Z [36;1m    );[0m
2025-04-16T14:53:25.4037339Z [36;1m    [0m
2025-04-16T14:53:25.4037713Z [36;1m    console.log(`Found ${failedRuns.length} failed runs for ${workflow.name}`);[0m
2025-04-16T14:53:25.4038081Z [36;1m    [0m
2025-04-16T14:53:25.4038268Z [36;1m    for (const run of failedRuns) {[0m
2025-04-16T14:53:25.4038625Z [36;1m      const runDate = new Date(run.created_at).toISOString().split('T')[0];[0m
2025-04-16T14:53:25.4039177Z [36;1m      const workflowDir = path.join(logsDir, workflow.name.replace(/[^a-zA-Z0-9]/g, '-').toLowerCase());[0m
2025-04-16T14:53:25.4039747Z [36;1m      const runDir = path.join(workflowDir, `${runDate}_${run.id}`);[0m
2025-04-16T14:53:25.4040075Z [36;1m      [0m
2025-04-16T14:53:25.4040271Z [36;1m      await fs.ensureDir(runDir);[0m
2025-04-16T14:53:25.4040513Z [36;1m      [0m
2025-04-16T14:53:25.4040702Z [36;1m      // Save run metadata[0m
2025-04-16T14:53:25.4041058Z [36;1m      await fs.writeJson(path.join(runDir, 'metadata.json'), run, { spaces: 2 });[0m
2025-04-16T14:53:25.4041415Z [36;1m      [0m
2025-04-16T14:53:25.4041576Z [36;1m      try {[0m
2025-04-16T14:53:25.4041777Z [36;1m        // Get jobs for this run[0m
2025-04-16T14:53:25.4042133Z [36;1m        const { data: jobs } = await octokit.actions.listJobsForWorkflowRun({[0m
2025-04-16T14:53:25.4042479Z [36;1m          owner,[0m
2025-04-16T14:53:25.4042682Z [36;1m          repo,[0m
2025-04-16T14:53:25.4042880Z [36;1m          run_id: run.id,[0m
2025-04-16T14:53:25.4043097Z [36;1m        });[0m
2025-04-16T14:53:25.4043274Z [36;1m        [0m
2025-04-16T14:53:25.4043460Z [36;1m        // Save jobs metadata[0m
2025-04-16T14:53:25.4043814Z [36;1m        await fs.writeJson(path.join(runDir, 'jobs.json'), jobs, { spaces: 2 });[0m
2025-04-16T14:53:25.4044161Z [36;1m        [0m
2025-04-16T14:53:25.4044517Z [36;1m        // Process each job[0m
2025-04-16T14:53:25.4044822Z [36;1m        for (const job of jobs.jobs) {[0m
2025-04-16T14:53:25.4045262Z [36;1m          if (job.conclusion === 'failure' || job.conclusion === 'cancelled' || job.conclusion === 'timed_out') {[0m
2025-04-16T14:53:25.4045850Z [36;1m            const jobDir = path.join(runDir, job.name.replace(/[^a-zA-Z0-9]/g, '-').toLowerCase());[0m
2025-04-16T14:53:25.4046264Z [36;1m            await fs.ensureDir(jobDir);[0m
2025-04-16T14:53:25.4046514Z [36;1m            [0m
2025-04-16T14:53:25.4046708Z [36;1m            // Save job metadata[0m
2025-04-16T14:53:25.4047091Z [36;1m            await fs.writeJson(path.join(jobDir, 'job-metadata.json'), job, { spaces: 2 });[0m
2025-04-16T14:53:25.4047476Z [36;1m            [0m
2025-04-16T14:53:25.4047661Z [36;1m            try {[0m
2025-04-16T14:53:25.4047870Z [36;1m              // Get job logs[0m
2025-04-16T14:53:25.4048222Z [36;1m              const logs = await octokit.actions.downloadJobLogsForWorkflowRun({[0m
2025-04-16T14:53:25.4048588Z [36;1m                owner,[0m
2025-04-16T14:53:25.4048801Z [36;1m                repo,[0m
2025-04-16T14:53:25.4049139Z [36;1m                job_id: job.id,[0m
2025-04-16T14:53:25.4049375Z [36;1m              });[0m
2025-04-16T14:53:25.4049566Z [36;1m              [0m
2025-04-16T14:53:25.4049762Z [36;1m              // Save logs[0m
2025-04-16T14:53:25.4050071Z [36;1m              await fs.writeFile(path.join(jobDir, 'logs.txt'), logs.data);[0m
2025-04-16T14:53:25.4050479Z [36;1m              console.log(`Saved logs for job ${job.name} (${job.id})`);[0m
2025-04-16T14:53:25.4050794Z [36;1m            } catch (error) {[0m
2025-04-16T14:53:25.4051323Z [36;1m              console.error(`Error fetching logs for job ${job.id}: ${error.message}`);[0m
2025-04-16T14:53:25.4052010Z [36;1m              await fs.writeFile(path.join(jobDir, 'error.txt'), `Error fetching logs: ${error.message}`);[0m
2025-04-16T14:53:25.4052412Z [36;1m            }[0m
2025-04-16T14:53:25.4052605Z [36;1m          }[0m
2025-04-16T14:53:25.4052778Z [36;1m        }[0m
2025-04-16T14:53:25.4052965Z [36;1m      } catch (error) {[0m
2025-04-16T14:53:25.4053356Z [36;1m        console.error(`Error processing run ${run.id}: ${error.message}`);[0m
2025-04-16T14:53:25.4053880Z [36;1m        await fs.writeFile(path.join(runDir, 'error.txt'), `Error processing run: ${error.message}`);[0m
2025-04-16T14:53:25.4054291Z [36;1m      }[0m
2025-04-16T14:53:25.4054652Z [36;1m    }[0m
2025-04-16T14:53:25.4054831Z [36;1m  }[0m
2025-04-16T14:53:25.4054990Z [36;1m  [0m
2025-04-16T14:53:25.4055166Z [36;1m  // Create summary file[0m
2025-04-16T14:53:25.4055401Z [36;1m  const summary = {[0m
2025-04-16T14:53:25.4055652Z [36;1m    timestamp: new Date().toISOString(),[0m
2025-04-16T14:53:25.4055971Z [36;1m    totalWorkflows: workflows.workflows.length,[0m
2025-04-16T14:53:25.4056316Z [36;1m    workflowSummary: workflows.workflows.map(w => ({[0m
2025-04-16T14:53:25.4056622Z [36;1m      name: w.name,[0m
2025-04-16T14:53:25.4056823Z [36;1m      id: w.id,[0m
2025-04-16T14:53:25.4057017Z [36;1m      path: w.path,[0m
2025-04-16T14:53:25.4057208Z [36;1m    })),[0m
2025-04-16T14:53:25.4057375Z [36;1m  };[0m
2025-04-16T14:53:25.4057534Z [36;1m  [0m
2025-04-16T14:53:25.4057848Z [36;1m  await fs.writeJson(path.join(logsDir, 'summary.json'), summary, { spaces: 2 });[0m
2025-04-16T14:53:25.4058282Z [36;1m  console.log('Workflow error logs sync completed');[0m
2025-04-16T14:53:25.4058555Z [36;1m}[0m
2025-04-16T14:53:25.4058715Z [36;1m[0m
2025-04-16T14:53:25.4058879Z [36;1mmain().catch(error => {[0m
2025-04-16T14:53:25.4059169Z [36;1m  console.error('Error in main process:', error);[0m
2025-04-16T14:53:25.4059459Z [36;1m  process.exit(1);[0m
2025-04-16T14:53:25.4059661Z [36;1m});[0m
2025-04-16T14:53:25.4059818Z [36;1mEOF[0m
2025-04-16T14:53:25.4059976Z [36;1m[0m
2025-04-16T14:53:25.4060159Z [36;1mnode fetch-workflow-logs.js[0m
2025-04-16T14:53:25.4106334Z shell: /usr/bin/bash -e {0}
2025-04-16T14:53:25.4106566Z env:
2025-04-16T14:53:25.4106722Z   CI: true
2025-04-16T14:53:25.4107085Z   GITHUB_TOKEN: ***
2025-04-16T14:53:25.4107291Z   REPO_OWNER: mrkurger
2025-04-16T14:53:25.4107501Z   REPO_NAME: date-night-app2
2025-04-16T14:53:25.4107718Z ##[endgroup]
2025-04-16T14:53:25.4558365Z node:internal/modules/cjs/loader:646
2025-04-16T14:53:25.4559110Z       throw e;
2025-04-16T14:53:25.4559421Z       ^
2025-04-16T14:53:25.4559592Z 
2025-04-16T14:53:25.4560742Z Error [ERR_PACKAGE_PATH_NOT_EXPORTED]: No "exports" main defined in /home/runner/work/date-night-app2/date-night-app2/node_modules/@octokit/plugin-throttling/package.json
2025-04-16T14:53:25.4562126Z     at exportsNotFound (node:internal/modules/esm/resolve:314:10)
2025-04-16T14:53:25.4562902Z     at packageExportsResolve (node:internal/modules/esm/resolve:604:13)
2025-04-16T14:53:25.4563659Z     at resolveExports (node:internal/modules/cjs/loader:639:36)
2025-04-16T14:53:25.4564577Z     at Function._findPath (node:internal/modules/cjs/loader:728:31)
2025-04-16T14:53:25.4565389Z     at Function._resolveFilename (node:internal/modules/cjs/loader:1211:27)
2025-04-16T14:53:25.4566176Z     at Function._load (node:internal/modules/cjs/loader:1055:27)
2025-04-16T14:53:25.4566938Z     at TracingChannel.traceSync (node:diagnostics_channel:322:14)
2025-04-16T14:53:25.4567673Z     at wrapModuleLoad (node:internal/modules/cjs/loader:220:24)
2025-04-16T14:53:25.4568377Z     at Module.require (node:internal/modules/cjs/loader:1311:12)
2025-04-16T14:53:25.4569019Z     at require (node:internal/modules/helpers:136:16) {
2025-04-16T14:53:25.4569574Z   code: 'ERR_PACKAGE_PATH_NOT_EXPORTED'
2025-04-16T14:53:25.4569998Z }
2025-04-16T14:53:25.4570595Z 
2025-04-16T14:53:25.4570727Z Node.js v22.14.0
2025-04-16T14:53:25.4608058Z ##[error]Process completed with exit code 1.
2025-04-16T14:53:25.4705136Z Post job cleanup.
2025-04-16T14:53:25.5665152Z [command]/usr/bin/git version
2025-04-16T14:53:25.5708150Z git version 2.49.0
2025-04-16T14:53:25.5757610Z Temporarily overriding HOME='/home/runner/work/_temp/d3334eaf-359a-47f9-94de-1617744051b4' before making global git config changes
2025-04-16T14:53:25.5759753Z Adding repository directory to the temporary git global config as a safe directory
2025-04-16T14:53:25.5774848Z [command]/usr/bin/git config --global --add safe.directory /home/runner/work/date-night-app2/date-night-app2
2025-04-16T14:53:25.5813225Z [command]/usr/bin/git config --local --name-only --get-regexp core\.sshCommand
2025-04-16T14:53:25.5850928Z [command]/usr/bin/git submodule foreach --recursive sh -c "git config --local --name-only --get-regexp 'core\.sshCommand' && git config --local --unset-all 'core.sshCommand' || :"
2025-04-16T14:53:25.6152691Z [command]/usr/bin/git config --local --name-only --get-regexp http\.https\:\/\/github\.com\/\.extraheader
2025-04-16T14:53:25.6197504Z http.https://github.com/.extraheader
2025-04-16T14:53:25.6230351Z [command]/usr/bin/git config --local --unset-all http.https://github.com/.extraheader
2025-04-16T14:53:25.6290417Z [command]/usr/bin/git submodule foreach --recursive sh -c "git config --local --name-only --get-regexp 'http\.https\:\/\/github\.com\/\.extraheader' && git config --local --unset-all 'http.https://github.com/.extraheader' || :"
2025-04-16T14:53:25.6807122Z Cleaning up orphan processes
