2025-04-18T14:45:58.0669478Z Current runner version: '2.323.0'
2025-04-18T14:45:58.0697664Z ##[group]Operating System
2025-04-18T14:45:58.0698493Z Ubuntu
2025-04-18T14:45:58.0698951Z 24.04.2
2025-04-18T14:45:58.0699503Z LTS
2025-04-18T14:45:58.0699963Z ##[endgroup]
2025-04-18T14:45:58.0700489Z ##[group]Runner Image
2025-04-18T14:45:58.0701029Z Image: ubuntu-24.04
2025-04-18T14:45:58.0701632Z Version: 20250413.1.0
2025-04-18T14:45:58.0702616Z Included Software: https://github.com/actions/runner-images/blob/ubuntu24/20250413.1/images/ubuntu/Ubuntu2404-Readme.md
2025-04-18T14:45:58.0703975Z Image Release: https://github.com/actions/runner-images/releases/tag/ubuntu24%2F20250413.1
2025-04-18T14:45:58.0704950Z ##[endgroup]
2025-04-18T14:45:58.0705431Z ##[group]Runner Image Provisioner
2025-04-18T14:45:58.0706025Z 2.0.422.1
2025-04-18T14:45:58.0706712Z ##[endgroup]
2025-04-18T14:45:58.0709198Z ##[group]GITHUB_TOKEN Permissions
2025-04-18T14:45:58.0711334Z Actions: write
2025-04-18T14:45:58.0712096Z Attestations: write
2025-04-18T14:45:58.0712760Z Checks: write
2025-04-18T14:45:58.0713256Z Contents: write
2025-04-18T14:45:58.0713747Z Deployments: write
2025-04-18T14:45:58.0714318Z Discussions: write
2025-04-18T14:45:58.0714790Z Issues: write
2025-04-18T14:45:58.0715294Z Metadata: read
2025-04-18T14:45:58.0715783Z Models: read
2025-04-18T14:45:58.0716463Z Packages: write
2025-04-18T14:45:58.0716958Z Pages: write
2025-04-18T14:45:58.0717510Z PullRequests: write
2025-04-18T14:45:58.0718030Z RepositoryProjects: write
2025-04-18T14:45:58.0718623Z SecurityEvents: write
2025-04-18T14:45:58.0719184Z Statuses: write
2025-04-18T14:45:58.0719673Z ##[endgroup]
2025-04-18T14:45:58.0721927Z Secret source: Actions
2025-04-18T14:45:58.0722683Z Prepare workflow directory
2025-04-18T14:45:58.1183457Z Prepare all required actions
2025-04-18T14:45:58.1261597Z Getting action download info
2025-04-18T14:45:58.7332789Z ##[group]Download immutable action package 'actions/checkout@v4'
2025-04-18T14:45:58.7333866Z Version: 4.2.2
2025-04-18T14:45:58.7334886Z Digest: sha256:ccb2698953eaebd21c7bf6268a94f9c26518a7e38e27e0b83c1fe1ad049819b1
2025-04-18T14:45:58.7336054Z Source commit SHA: 11bd71901bbe5b1630ceea73d27597364c9af683
2025-04-18T14:45:58.7336892Z ##[endgroup]
2025-04-18T14:45:58.8376567Z ##[group]Download immutable action package 'actions/setup-node@v4'
2025-04-18T14:45:58.8377380Z Version: 4.4.0
2025-04-18T14:45:58.8378125Z Digest: sha256:9427cefe82346e992fb5b949e3569b39d537ae41aa3086483b14eceebfc16bc1
2025-04-18T14:45:58.8379098Z Source commit SHA: 49933ea5288caeca8642d1e84afbd3f7d6820020
2025-04-18T14:45:58.8379816Z ##[endgroup]
2025-04-18T14:45:59.1755665Z ##[group]Download immutable action package 'actions/upload-artifact@v4'
2025-04-18T14:45:59.1831621Z Version: 4.6.2
2025-04-18T14:45:59.1832627Z Digest: sha256:290722aa3281d5caf23d0acdc3dbeb3424786a1a01a9cc97e72f147225e37c38
2025-04-18T14:45:59.1833893Z Source commit SHA: ea165f8d65b6e75b540449e92b4886f43607fa02
2025-04-18T14:45:59.1834768Z ##[endgroup]
2025-04-18T14:45:59.3924759Z Complete job name: test (22.x)
2025-04-18T14:45:59.4316585Z ##[group]Checking docker version
2025-04-18T14:45:59.4329694Z ##[command]/usr/bin/docker version --format '{{.Server.APIVersion}}'
2025-04-18T14:45:59.5121833Z '1.45'
2025-04-18T14:45:59.5132895Z Docker daemon API version: '1.45'
2025-04-18T14:45:59.5133635Z ##[command]/usr/bin/docker version --format '{{.Client.APIVersion}}'
2025-04-18T14:45:59.5307778Z '1.45'
2025-04-18T14:45:59.5316586Z Docker client API version: '1.45'
2025-04-18T14:45:59.5322024Z ##[endgroup]
2025-04-18T14:45:59.5325258Z ##[group]Clean up resources from previous jobs
2025-04-18T14:45:59.5331059Z ##[command]/usr/bin/docker ps --all --quiet --no-trunc --filter "label=dd9f42"
2025-04-18T14:45:59.5484038Z ##[command]/usr/bin/docker network prune --force --filter "label=dd9f42"
2025-04-18T14:45:59.5618278Z ##[endgroup]
2025-04-18T14:45:59.5618775Z ##[group]Create local container network
2025-04-18T14:45:59.5629566Z ##[command]/usr/bin/docker network create --label dd9f42 github_network_1425c59940fd4ccf94bf8a57b069c66b
2025-04-18T14:45:59.6428028Z 1a1ab2fd111fc39c793de3a47944cad887e6e9055c2aead665295182e3e181ec
2025-04-18T14:45:59.6449214Z ##[endgroup]
2025-04-18T14:45:59.6474940Z ##[group]Starting mongodb service container
2025-04-18T14:45:59.6494444Z ##[command]/usr/bin/docker pull mongo:6
2025-04-18T14:46:00.6801108Z 6: Pulling from library/mongo
2025-04-18T14:46:00.9466421Z 30a9c22ae099: Pulling fs layer
2025-04-18T14:46:00.9468374Z abd374245ca5: Pulling fs layer
2025-04-18T14:46:00.9468706Z dfcc52b2e041: Pulling fs layer
2025-04-18T14:46:00.9469049Z b058d84e1082: Pulling fs layer
2025-04-18T14:46:00.9469360Z e12a18eb1ecf: Pulling fs layer
2025-04-18T14:46:00.9469655Z 546622740404: Pulling fs layer
2025-04-18T14:46:00.9469929Z 80a51fc6e5dc: Pulling fs layer
2025-04-18T14:46:00.9470264Z f7d23c7569c8: Pulling fs layer
2025-04-18T14:46:00.9470540Z e12a18eb1ecf: Waiting
2025-04-18T14:46:00.9470790Z 546622740404: Waiting
2025-04-18T14:46:00.9471027Z 80a51fc6e5dc: Waiting
2025-04-18T14:46:00.9471412Z f7d23c7569c8: Waiting
2025-04-18T14:46:00.9471679Z b058d84e1082: Waiting
2025-04-18T14:46:01.2209855Z abd374245ca5: Verifying Checksum
2025-04-18T14:46:01.2217662Z abd374245ca5: Download complete
2025-04-18T14:46:01.2438172Z dfcc52b2e041: Verifying Checksum
2025-04-18T14:46:01.2440197Z dfcc52b2e041: Download complete
2025-04-18T14:46:01.3967116Z 30a9c22ae099: Verifying Checksum
2025-04-18T14:46:01.3970461Z 30a9c22ae099: Download complete
2025-04-18T14:46:01.5260828Z e12a18eb1ecf: Verifying Checksum
2025-04-18T14:46:01.5261421Z e12a18eb1ecf: Download complete
2025-04-18T14:46:01.5406316Z b058d84e1082: Verifying Checksum
2025-04-18T14:46:01.5407947Z b058d84e1082: Download complete
2025-04-18T14:46:01.6595643Z 546622740404: Verifying Checksum
2025-04-18T14:46:01.6596398Z 546622740404: Download complete
2025-04-18T14:46:01.8115711Z f7d23c7569c8: Verifying Checksum
2025-04-18T14:46:01.8121659Z f7d23c7569c8: Download complete
2025-04-18T14:46:02.6134960Z 30a9c22ae099: Pull complete
2025-04-18T14:46:03.3777297Z 80a51fc6e5dc: Verifying Checksum
2025-04-18T14:46:03.3779814Z 80a51fc6e5dc: Download complete
2025-04-18T14:46:03.9235174Z abd374245ca5: Pull complete
2025-04-18T14:46:04.0715368Z dfcc52b2e041: Pull complete
2025-04-18T14:46:04.1204471Z b058d84e1082: Pull complete
2025-04-18T14:46:04.1339728Z e12a18eb1ecf: Pull complete
2025-04-18T14:46:04.1482171Z 546622740404: Pull complete
2025-04-18T14:46:10.6765545Z 80a51fc6e5dc: Pull complete
2025-04-18T14:46:10.7097834Z f7d23c7569c8: Pull complete
2025-04-18T14:46:10.7139357Z Digest: sha256:5e5dd359de06dabbd2fb587e8ded7afe1dd8ecfff736323aadb5d29a4bd697aa
2025-04-18T14:46:10.7157627Z Status: Downloaded newer image for mongo:6
2025-04-18T14:46:10.7172438Z docker.io/library/mongo:6
2025-04-18T14:46:10.7215813Z ##[command]/usr/bin/docker create --name bd1a3eadbb9a42ffad985dac64416832_mongo6_7223ee --label dd9f42 --network github_network_1425c59940fd4ccf94bf8a57b069c66b --network-alias mongodb -p 27017:27017  -e GITHUB_ACTIONS=true -e CI=true mongo:6
2025-04-18T14:46:10.7531452Z ca81a9ebe9c3d92183e608f9def31db6f0b42a27d389f1c2a004120eed645819
2025-04-18T14:46:10.7554012Z ##[command]/usr/bin/docker start ca81a9ebe9c3d92183e608f9def31db6f0b42a27d389f1c2a004120eed645819
2025-04-18T14:46:11.0385163Z ca81a9ebe9c3d92183e608f9def31db6f0b42a27d389f1c2a004120eed645819
2025-04-18T14:46:11.0412591Z ##[command]/usr/bin/docker ps --all --filter id=ca81a9ebe9c3d92183e608f9def31db6f0b42a27d389f1c2a004120eed645819 --filter status=running --no-trunc --format "{{.ID}} {{.Status}}"
2025-04-18T14:46:11.0586428Z ca81a9ebe9c3d92183e608f9def31db6f0b42a27d389f1c2a004120eed645819 Up Less than a second
2025-04-18T14:46:11.0603241Z ##[command]/usr/bin/docker port ca81a9ebe9c3d92183e608f9def31db6f0b42a27d389f1c2a004120eed645819
2025-04-18T14:46:11.0777539Z 27017/tcp -> 0.0.0.0:27017
2025-04-18T14:46:11.0790425Z 27017/tcp -> [::]:27017
2025-04-18T14:46:11.0839077Z ##[endgroup]
2025-04-18T14:46:11.0850385Z ##[group]Waiting for all services to be ready
2025-04-18T14:46:11.0870579Z ##[command]/usr/bin/docker inspect --format="{{if .Config.Healthcheck}}{{print .State.Health.Status}}{{end}}" ca81a9ebe9c3d92183e608f9def31db6f0b42a27d389f1c2a004120eed645819
2025-04-18T14:46:11.1095923Z mongodb service is healthy.
2025-04-18T14:46:11.1097051Z ##[endgroup]
2025-04-18T14:46:11.1408523Z ##[group]Run actions/checkout@v4
2025-04-18T14:46:11.1409350Z with:
2025-04-18T14:46:11.1409720Z   repository: mrkurger/date-night-app2
2025-04-18T14:46:11.1410403Z   token: ***
2025-04-18T14:46:11.1410742Z   ssh-strict: true
2025-04-18T14:46:11.1411102Z   ssh-user: git
2025-04-18T14:46:11.1411483Z   persist-credentials: true
2025-04-18T14:46:11.1411886Z   clean: true
2025-04-18T14:46:11.1412248Z   sparse-checkout-cone-mode: true
2025-04-18T14:46:11.1412688Z   fetch-depth: 1
2025-04-18T14:46:11.1413034Z   fetch-tags: false
2025-04-18T14:46:11.1413380Z   show-progress: true
2025-04-18T14:46:11.1413735Z   lfs: false
2025-04-18T14:46:11.1414046Z   submodules: false
2025-04-18T14:46:11.1414403Z   set-safe-directory: true
2025-04-18T14:46:11.1415033Z env:
2025-04-18T14:46:11.1415345Z   CI: true
2025-04-18T14:46:11.1415649Z ##[endgroup]
2025-04-18T14:46:11.4192353Z Syncing repository: mrkurger/date-night-app2
2025-04-18T14:46:11.4194077Z ##[group]Getting Git version info
2025-04-18T14:46:11.4194866Z Working directory is '/home/runner/work/date-night-app2/date-night-app2'
2025-04-18T14:46:11.4195942Z [command]/usr/bin/git version
2025-04-18T14:46:11.4255203Z git version 2.49.0
2025-04-18T14:46:11.4289710Z ##[endgroup]
2025-04-18T14:46:11.4302271Z Temporarily overriding HOME='/home/runner/work/_temp/e11ade7c-820c-474f-9b94-8b4cf84dd6e4' before making global git config changes
2025-04-18T14:46:11.4308314Z Adding repository directory to the temporary git global config as a safe directory
2025-04-18T14:46:11.4311665Z [command]/usr/bin/git config --global --add safe.directory /home/runner/work/date-night-app2/date-night-app2
2025-04-18T14:46:11.4355734Z Deleting the contents of '/home/runner/work/date-night-app2/date-night-app2'
2025-04-18T14:46:11.4360275Z ##[group]Initializing the repository
2025-04-18T14:46:11.4365445Z [command]/usr/bin/git init /home/runner/work/date-night-app2/date-night-app2
2025-04-18T14:46:11.4441016Z hint: Using 'master' as the name for the initial branch. This default branch name
2025-04-18T14:46:11.4443019Z hint: is subject to change. To configure the initial branch name to use in all
2025-04-18T14:46:11.4443834Z hint: of your new repositories, which will suppress this warning, call:
2025-04-18T14:46:11.4445345Z hint:
2025-04-18T14:46:11.4445646Z hint: 	git config --global init.defaultBranch <name>
2025-04-18T14:46:11.4445917Z hint:
2025-04-18T14:46:11.4446511Z hint: Names commonly chosen instead of 'master' are 'main', 'trunk' and
2025-04-18T14:46:11.4447346Z hint: 'development'. The just-created branch can be renamed via this command:
2025-04-18T14:46:11.4447987Z hint:
2025-04-18T14:46:11.4448294Z hint: 	git branch -m <name>
2025-04-18T14:46:11.4451394Z Initialized empty Git repository in /home/runner/work/date-night-app2/date-night-app2/.git/
2025-04-18T14:46:11.4463547Z [command]/usr/bin/git remote add origin https://github.com/mrkurger/date-night-app2
2025-04-18T14:46:11.4502311Z ##[endgroup]
2025-04-18T14:46:11.4503230Z ##[group]Disabling automatic garbage collection
2025-04-18T14:46:11.4505477Z [command]/usr/bin/git config --local gc.auto 0
2025-04-18T14:46:11.4538992Z ##[endgroup]
2025-04-18T14:46:11.4539591Z ##[group]Setting up auth
2025-04-18T14:46:11.4547127Z [command]/usr/bin/git config --local --name-only --get-regexp core\.sshCommand
2025-04-18T14:46:11.4580763Z [command]/usr/bin/git submodule foreach --recursive sh -c "git config --local --name-only --get-regexp 'core\.sshCommand' && git config --local --unset-all 'core.sshCommand' || :"
2025-04-18T14:46:11.5017348Z [command]/usr/bin/git config --local --name-only --get-regexp http\.https\:\/\/github\.com\/\.extraheader
2025-04-18T14:46:11.5019647Z [command]/usr/bin/git submodule foreach --recursive sh -c "git config --local --name-only --get-regexp 'http\.https\:\/\/github\.com\/\.extraheader' && git config --local --unset-all 'http.https://github.com/.extraheader' || :"
2025-04-18T14:46:11.5221563Z [command]/usr/bin/git config --local http.https://github.com/.extraheader AUTHORIZATION: basic ***
2025-04-18T14:46:11.5264254Z ##[endgroup]
2025-04-18T14:46:11.5266534Z ##[group]Fetching the repository
2025-04-18T14:46:11.5276974Z [command]/usr/bin/git -c protocol.version=2 fetch --no-tags --prune --no-recurse-submodules --depth=1 origin +a6e9e6f426eca587b561ca9dd44f93a8f81b3dc0:refs/remotes/origin/main
2025-04-18T14:46:13.4022659Z From https://github.com/mrkurger/date-night-app2
2025-04-18T14:46:13.4024512Z  * [new ref]         a6e9e6f426eca587b561ca9dd44f93a8f81b3dc0 -> origin/main
2025-04-18T14:46:13.4058410Z ##[endgroup]
2025-04-18T14:46:13.4059255Z ##[group]Determining the checkout info
2025-04-18T14:46:13.4061386Z ##[endgroup]
2025-04-18T14:46:13.4066939Z [command]/usr/bin/git sparse-checkout disable
2025-04-18T14:46:13.4111153Z [command]/usr/bin/git config --local --unset-all extensions.worktreeConfig
2025-04-18T14:46:13.4152297Z ##[group]Checking out the ref
2025-04-18T14:46:13.4157244Z [command]/usr/bin/git checkout --progress --force -B main refs/remotes/origin/main
2025-04-18T14:46:13.9929432Z Switched to a new branch 'main'
2025-04-18T14:46:13.9931904Z branch 'main' set up to track 'origin/main'.
2025-04-18T14:46:13.9956592Z ##[endgroup]
2025-04-18T14:46:14.0024971Z [command]/usr/bin/git log -1 --format=%H
2025-04-18T14:46:14.0055484Z a6e9e6f426eca587b561ca9dd44f93a8f81b3dc0
2025-04-18T14:46:14.0275368Z ##[group]Run actions/setup-node@v4
2025-04-18T14:46:14.0275628Z with:
2025-04-18T14:46:14.0275791Z   node-version: 22.x
2025-04-18T14:46:14.0275977Z   cache: npm
2025-04-18T14:46:14.0276549Z   cache-dependency-path: server/package-lock.json
2025-04-18T14:46:14.0276840Z   always-auth: false
2025-04-18T14:46:14.0277033Z   check-latest: false
2025-04-18T14:46:14.0277323Z   token: ***
2025-04-18T14:46:14.0277492Z env:
2025-04-18T14:46:14.0277638Z   CI: true
2025-04-18T14:46:14.0277796Z ##[endgroup]
2025-04-18T14:46:14.1987527Z Found in cache @ /opt/hostedtoolcache/node/22.14.0/x64
2025-04-18T14:46:14.1994708Z ##[group]Environment details
2025-04-18T14:46:16.1197952Z node: v22.14.0
2025-04-18T14:46:16.1198736Z npm: 10.9.2
2025-04-18T14:46:16.1199387Z yarn: 1.22.22
2025-04-18T14:46:16.1200604Z ##[endgroup]
2025-04-18T14:46:16.1226998Z [command]/opt/hostedtoolcache/node/22.14.0/x64/bin/npm config get cache
2025-04-18T14:46:16.3921298Z /home/runner/.npm
2025-04-18T14:46:16.4060361Z ##[error]Some specified paths were not resolved, unable to cache dependencies.
2025-04-18T14:46:16.4168501Z ##[group]Run actions/upload-artifact@v4
2025-04-18T14:46:16.4168760Z with:
2025-04-18T14:46:16.4168933Z   name: server-test-results
2025-04-18T14:46:16.4169141Z   path: ./server/coverage
2025-04-18T14:46:16.4169343Z   if-no-files-found: warn
2025-04-18T14:46:16.4169541Z   compression-level: 6
2025-04-18T14:46:16.4169732Z   overwrite: false
2025-04-18T14:46:16.4169911Z   include-hidden-files: false
2025-04-18T14:46:16.4170127Z env:
2025-04-18T14:46:16.4170267Z   CI: true
2025-04-18T14:46:16.4170421Z ##[endgroup]
2025-04-18T14:46:16.6288937Z ##[warning]No files were found with the provided path: ./server/coverage. No artifacts will be uploaded.
2025-04-18T14:46:16.6433485Z Post job cleanup.
2025-04-18T14:46:16.7394517Z [command]/usr/bin/git version
2025-04-18T14:46:16.7435307Z git version 2.49.0
2025-04-18T14:46:16.7482447Z Temporarily overriding HOME='/home/runner/work/_temp/ded17648-f0e4-4e3b-b99b-58d8fc491c45' before making global git config changes
2025-04-18T14:46:16.7484266Z Adding repository directory to the temporary git global config as a safe directory
2025-04-18T14:46:16.7489499Z [command]/usr/bin/git config --global --add safe.directory /home/runner/work/date-night-app2/date-night-app2
2025-04-18T14:46:16.7532130Z [command]/usr/bin/git config --local --name-only --get-regexp core\.sshCommand
2025-04-18T14:46:16.7568984Z [command]/usr/bin/git submodule foreach --recursive sh -c "git config --local --name-only --get-regexp 'core\.sshCommand' && git config --local --unset-all 'core.sshCommand' || :"
2025-04-18T14:46:16.7824499Z [command]/usr/bin/git config --local --name-only --get-regexp http\.https\:\/\/github\.com\/\.extraheader
2025-04-18T14:46:16.7849917Z http.https://github.com/.extraheader
2025-04-18T14:46:16.7863606Z [command]/usr/bin/git config --local --unset-all http.https://github.com/.extraheader
2025-04-18T14:46:16.7898775Z [command]/usr/bin/git submodule foreach --recursive sh -c "git config --local --name-only --get-regexp 'http\.https\:\/\/github\.com\/\.extraheader' && git config --local --unset-all 'http.https://github.com/.extraheader' || :"
2025-04-18T14:46:16.8314683Z Print service container logs: bd1a3eadbb9a42ffad985dac64416832_mongo6_7223ee
2025-04-18T14:46:16.8319701Z ##[command]/usr/bin/docker logs --details ca81a9ebe9c3d92183e608f9def31db6f0b42a27d389f1c2a004120eed645819
2025-04-18T14:46:16.8480230Z  {"t":{"$date":"2025-04-18T14:46:11.086+00:00"},"s":"I",  "c":"CONTROL",  "id":23285,   "ctx":"-","msg":"Automatically disabling TLS 1.0, to force-enable TLS 1.0 specify --sslDisabledProtocols 'none'"}
2025-04-18T14:46:16.8483335Z  {"t":{"$date":"2025-04-18T14:46:11.088+00:00"},"s":"I",  "c":"NETWORK",  "id":4915701, "ctx":"-","msg":"Initialized wire specification","attr":{"spec":{"incomingExternalClient":{"minWireVersion":0,"maxWireVersion":17},"incomingInternalClient":{"minWireVersion":0,"maxWireVersion":17},"outgoing":{"minWireVersion":6,"maxWireVersion":17},"isInternalClient":true}}}
2025-04-18T14:46:16.8487607Z  {"t":{"$date":"2025-04-18T14:46:11.088+00:00"},"s":"I",  "c":"NETWORK",  "id":4648601, "ctx":"main","msg":"Implicit TCP FastOpen unavailable. If TCP FastOpen is required, set tcpFastOpenServer, tcpFastOpenClient, and tcpFastOpenQueueSize."}
2025-04-18T14:46:16.8496470Z  {"t":{"$date":"2025-04-18T14:46:11.089+00:00"},"s":"I",  "c":"REPL",     "id":5123008, "ctx":"main","msg":"Successfully registered PrimaryOnlyService","attr":{"service":"TenantMigrationDonorService","namespace":"config.tenantMigrationDonors"}}
2025-04-18T14:46:16.8497773Z  {"t":{"$date":"2025-04-18T14:46:11.090+00:00"},"s":"I",  "c":"REPL",     "id":5123008, "ctx":"main","msg":"Successfully registered PrimaryOnlyService","attr":{"service":"TenantMigrationRecipientService","namespace":"config.tenantMigrationRecipients"}}
2025-04-18T14:46:16.8499003Z  {"t":{"$date":"2025-04-18T14:46:11.090+00:00"},"s":"I",  "c":"REPL",     "id":5123008, "ctx":"main","msg":"Successfully registered PrimaryOnlyService","attr":{"service":"ShardSplitDonorService","namespace":"config.tenantSplitDonors"}}
2025-04-18T14:46:16.8499865Z  {"t":{"$date":"2025-04-18T14:46:11.090+00:00"},"s":"I",  "c":"CONTROL",  "id":5945603, "ctx":"main","msg":"Multi threading initialized"}
2025-04-18T14:46:16.8500653Z  {"t":{"$date":"2025-04-18T14:46:11.090+00:00"},"s":"I",  "c":"CONTROL",  "id":4615611, "ctx":"initandlisten","msg":"MongoDB starting","attr":{"pid":1,"port":27017,"dbPath":"/data/db","architecture":"64-bit","host":"ca81a9ebe9c3"}}
2025-04-18T14:46:16.8502096Z  {"t":{"$date":"2025-04-18T14:46:11.090+00:00"},"s":"I",  "c":"CONTROL",  "id":23403,   "ctx":"initandlisten","msg":"Build Info","attr":{"buildInfo":{"version":"6.0.22","gitVersion":"ee527360b84c6798535ee0895de3c7186b3522f9","openSSLVersion":"OpenSSL 3.0.2 15 Mar 2022","modules":[],"allocator":"tcmalloc","environment":{"distmod":"ubuntu2204","distarch":"x86_64","target_arch":"x86_64"}}}}
2025-04-18T14:46:16.8503442Z  {"t":{"$date":"2025-04-18T14:46:11.090+00:00"},"s":"I",  "c":"CONTROL",  "id":51765,   "ctx":"initandlisten","msg":"Operating System","attr":{"os":{"name":"Ubuntu","version":"22.04"}}}
2025-04-18T14:46:16.8504233Z  {"t":{"$date":"2025-04-18T14:46:11.090+00:00"},"s":"I",  "c":"CONTROL",  "id":21951,   "ctx":"initandlisten","msg":"Options set by command line","attr":{"options":{"net":{"bindIp":"*"}}}}
2025-04-18T14:46:16.8506585Z  {"t":{"$date":"2025-04-18T14:46:11.091+00:00"},"s":"I",  "c":"STORAGE",  "id":22297,   "ctx":"initandlisten","msg":"Using the XFS filesystem is strongly recommended with the WiredTiger storage engine. See http://dochub.mongodb.org/core/prodnotes-filesystem","tags":["startupWarnings"]}
2025-04-18T14:46:16.8511707Z  {"t":{"$date":"2025-04-18T14:46:11.091+00:00"},"s":"I",  "c":"STORAGE",  "id":22315,   "ctx":"initandlisten","msg":"Opening WiredTiger","attr":{"config":"create,cache_size=3457M,session_max=33000,eviction=(threads_min=4,threads_max=4),config_base=false,statistics=(fast),log=(enabled=true,remove=true,path=journal,compressor=snappy),builtin_extension_config=(zstd=(compression_level=6)),file_manager=(close_idle_time=600,close_scan_interval=10,close_handle_minimum=2000),statistics_log=(wait=0),json_output=(error,message),verbose=[recovery_progress:1,checkpoint_progress:1,compact_progress:1,backup:0,checkpoint:0,compact:0,evict:0,history_store:0,recovery:0,rts:0,salvage:0,tiered:0,timestamp:0,transaction:0,verify:0,log:0],"}}
2025-04-18T14:46:16.8515832Z  {"t":{"$date":"2025-04-18T14:46:11.275+00:00"},"s":"I",  "c":"WTRECOV",  "id":22430,   "ctx":"initandlisten","msg":"WiredTiger message","attr":{"message":{"ts_sec":1744987571,"ts_usec":275771,"thread":"1:0x7f0c663a2cc0","session_name":"txn-recover","category":"WT_VERB_RECOVERY_PROGRESS","category_id":30,"verbose_level":"DEBUG","verbose_level_id":1,"msg":"recovery log replay has successfully finished and ran for 0 milliseconds"}}}
2025-04-18T14:46:16.8518282Z  {"t":{"$date":"2025-04-18T14:46:11.275+00:00"},"s":"I",  "c":"WTRECOV",  "id":22430,   "ctx":"initandlisten","msg":"WiredTiger message","attr":{"message":{"ts_sec":1744987571,"ts_usec":275860,"thread":"1:0x7f0c663a2cc0","session_name":"txn-recover","category":"WT_VERB_RECOVERY_PROGRESS","category_id":30,"verbose_level":"DEBUG","verbose_level_id":1,"msg":"Set global recovery timestamp: (0, 0)"}}}
2025-04-18T14:46:16.8520145Z  {"t":{"$date":"2025-04-18T14:46:11.275+00:00"},"s":"I",  "c":"WTRECOV",  "id":22430,   "ctx":"initandlisten","msg":"WiredTiger message","attr":{"message":{"ts_sec":1744987571,"ts_usec":275882,"thread":"1:0x7f0c663a2cc0","session_name":"txn-recover","category":"WT_VERB_RECOVERY_PROGRESS","category_id":30,"verbose_level":"DEBUG","verbose_level_id":1,"msg":"Set global oldest timestamp: (0, 0)"}}}
2025-04-18T14:46:16.8522289Z  {"t":{"$date":"2025-04-18T14:46:11.275+00:00"},"s":"I",  "c":"WTRECOV",  "id":22430,   "ctx":"initandlisten","msg":"WiredTiger message","attr":{"message":{"ts_sec":1744987571,"ts_usec":275915,"thread":"1:0x7f0c663a2cc0","session_name":"txn-recover","category":"WT_VERB_RECOVERY_PROGRESS","category_id":30,"verbose_level":"DEBUG","verbose_level_id":1,"msg":"recovery was completed successfully and took 0ms, including 0ms for the log replay, 0ms for the rollback to stable, and 0ms for the checkpoint."}}}
2025-04-18T14:46:16.8523866Z  {"t":{"$date":"2025-04-18T14:46:11.280+00:00"},"s":"I",  "c":"STORAGE",  "id":4795906, "ctx":"initandlisten","msg":"WiredTiger opened","attr":{"durationMillis":189}}
2025-04-18T14:46:16.8524693Z  {"t":{"$date":"2025-04-18T14:46:11.280+00:00"},"s":"I",  "c":"RECOVERY", "id":23987,   "ctx":"initandlisten","msg":"WiredTiger recoveryTimestamp","attr":{"recoveryTimestamp":{"$timestamp":{"t":0,"i":0}}}}
2025-04-18T14:46:16.8525765Z  {"t":{"$date":"2025-04-18T14:46:11.289+00:00"},"s":"W",  "c":"CONTROL",  "id":22120,   "ctx":"initandlisten","msg":"Access control is not enabled for the database. Read and write access to data and configuration is unrestricted","tags":["startupWarnings"]}
2025-04-18T14:46:16.8527169Z  {"t":{"$date":"2025-04-18T14:46:11.289+00:00"},"s":"W",  "c":"CONTROL",  "id":22178,   "ctx":"initandlisten","msg":"/sys/kernel/mm/transparent_hugepage/enabled is 'always'. We suggest setting it to 'never' in this binary version","tags":["startupWarnings"]}
2025-04-18T14:46:16.8528341Z  {"t":{"$date":"2025-04-18T14:46:11.290+00:00"},"s":"W",  "c":"CONTROL",  "id":5123300, "ctx":"initandlisten","msg":"vm.max_map_count is too low","attr":{"currentValue":262144,"recommendedMinimum":1677720,"maxConns":838860},"tags":["startupWarnings"]}
2025-04-18T14:46:16.8529718Z  {"t":{"$date":"2025-04-18T14:46:11.290+00:00"},"s":"I",  "c":"STORAGE",  "id":20320,   "ctx":"initandlisten","msg":"createCollection","attr":{"namespace":"admin.system.version","uuidDisposition":"provided","uuid":{"uuid":{"$uuid":"6c560d00-6536-4ac0-af8d-d7eadb6623e2"}},"options":{"uuid":{"$uuid":"6c560d00-6536-4ac0-af8d-d7eadb6623e2"}}}}
2025-04-18T14:46:16.8531809Z  {"t":{"$date":"2025-04-18T14:46:11.296+00:00"},"s":"I",  "c":"INDEX",    "id":20345,   "ctx":"initandlisten","msg":"Index build: done building","attr":{"buildUUID":null,"collectionUUID":{"uuid":{"$uuid":"6c560d00-6536-4ac0-af8d-d7eadb6623e2"}},"namespace":"admin.system.version","index":"_id_","ident":"index-1-6362222440314375257","collectionIdent":"collection-0-6362222440314375257","commitTimestamp":null}}
2025-04-18T14:46:16.8533210Z  {"t":{"$date":"2025-04-18T14:46:11.296+00:00"},"s":"I",  "c":"REPL",     "id":20459,   "ctx":"initandlisten","msg":"Setting featureCompatibilityVersion","attr":{"newVersion":"6.0"}}
2025-04-18T14:46:16.8534137Z  {"t":{"$date":"2025-04-18T14:46:11.296+00:00"},"s":"I",  "c":"REPL",     "id":5853300, "ctx":"initandlisten","msg":"current featureCompatibilityVersion value","attr":{"featureCompatibilityVersion":"6.0","context":"setFCV"}}
2025-04-18T14:46:16.8536438Z  {"t":{"$date":"2025-04-18T14:46:11.296+00:00"},"s":"I",  "c":"NETWORK",  "id":4915702, "ctx":"initandlisten","msg":"Updated wire specification","attr":{"oldSpec":{"incomingExternalClient":{"minWireVersion":0,"maxWireVersion":17},"incomingInternalClient":{"minWireVersion":0,"maxWireVersion":17},"outgoing":{"minWireVersion":6,"maxWireVersion":17},"isInternalClient":true},"newSpec":{"incomingExternalClient":{"minWireVersion":0,"maxWireVersion":17},"incomingInternalClient":{"minWireVersion":17,"maxWireVersion":17},"outgoing":{"minWireVersion":17,"maxWireVersion":17},"isInternalClient":true}}}
2025-04-18T14:46:16.8539611Z  {"t":{"$date":"2025-04-18T14:46:11.296+00:00"},"s":"I",  "c":"NETWORK",  "id":4915702, "ctx":"initandlisten","msg":"Updated wire specification","attr":{"oldSpec":{"incomingExternalClient":{"minWireVersion":0,"maxWireVersion":17},"incomingInternalClient":{"minWireVersion":17,"maxWireVersion":17},"outgoing":{"minWireVersion":17,"maxWireVersion":17},"isInternalClient":true},"newSpec":{"incomingExternalClient":{"minWireVersion":0,"maxWireVersion":17},"incomingInternalClient":{"minWireVersion":17,"maxWireVersion":17},"outgoing":{"minWireVersion":17,"maxWireVersion":17},"isInternalClient":true}}}
2025-04-18T14:46:16.8541764Z  {"t":{"$date":"2025-04-18T14:46:11.296+00:00"},"s":"I",  "c":"REPL",     "id":5853300, "ctx":"initandlisten","msg":"current featureCompatibilityVersion value","attr":{"featureCompatibilityVersion":"6.0","context":"startup"}}
2025-04-18T14:46:16.8542596Z  {"t":{"$date":"2025-04-18T14:46:11.296+00:00"},"s":"I",  "c":"STORAGE",  "id":5071100, "ctx":"initandlisten","msg":"Clearing temp directory"}
2025-04-18T14:46:16.8543219Z  {"t":{"$date":"2025-04-18T14:46:11.296+00:00"},"s":"I",  "c":"CONTROL",  "id":20536,   "ctx":"initandlisten","msg":"Flow Control is enabled on this deployment"}
2025-04-18T14:46:16.8544034Z  {"t":{"$date":"2025-04-18T14:46:11.296+00:00"},"s":"I",  "c":"FTDC",     "id":20625,   "ctx":"initandlisten","msg":"Initializing full-time diagnostic data capture","attr":{"dataDirectory":"/data/db/diagnostic.data"}}
2025-04-18T14:46:16.8545267Z  {"t":{"$date":"2025-04-18T14:46:11.298+00:00"},"s":"I",  "c":"STORAGE",  "id":20320,   "ctx":"initandlisten","msg":"createCollection","attr":{"namespace":"local.startup_log","uuidDisposition":"generated","uuid":{"uuid":{"$uuid":"e6bbe5f0-ffa7-4e18-aaa3-68f315796df7"}},"options":{"capped":true,"size":10485760}}}
2025-04-18T14:46:16.8547229Z  {"t":{"$date":"2025-04-18T14:46:11.308+00:00"},"s":"I",  "c":"INDEX",    "id":20345,   "ctx":"initandlisten","msg":"Index build: done building","attr":{"buildUUID":null,"collectionUUID":{"uuid":{"$uuid":"e6bbe5f0-ffa7-4e18-aaa3-68f315796df7"}},"namespace":"local.startup_log","index":"_id_","ident":"index-3-6362222440314375257","collectionIdent":"collection-2-6362222440314375257","commitTimestamp":null}}
2025-04-18T14:46:16.8548868Z  {"t":{"$date":"2025-04-18T14:46:11.308+00:00"},"s":"I",  "c":"REPL",     "id":6015317, "ctx":"initandlisten","msg":"Setting new configuration state","attr":{"newState":"ConfigReplicationDisabled","oldState":"ConfigPreStart"}}
2025-04-18T14:46:16.8549683Z  {"t":{"$date":"2025-04-18T14:46:11.308+00:00"},"s":"I",  "c":"STORAGE",  "id":22262,   "ctx":"initandlisten","msg":"Timestamp monitor starting"}
2025-04-18T14:46:16.8550802Z  {"t":{"$date":"2025-04-18T14:46:11.310+00:00"},"s":"I",  "c":"STORAGE",  "id":20320,   "ctx":"LogicalSessionCacheRefresh","msg":"createCollection","attr":{"namespace":"config.system.sessions","uuidDisposition":"generated","uuid":{"uuid":{"$uuid":"886adfca-b080-4470-a71f-6600988152da"}},"options":{}}}
2025-04-18T14:46:16.8552243Z  {"t":{"$date":"2025-04-18T14:46:11.310+00:00"},"s":"I",  "c":"CONTROL",  "id":20712,   "ctx":"LogicalSessionCacheReap","msg":"Sessions collection is not set up; waiting until next sessions reap interval","attr":{"error":"NamespaceNotFound: config.system.sessions does not exist"}}
2025-04-18T14:46:16.8553275Z  {"t":{"$date":"2025-04-18T14:46:11.310+00:00"},"s":"I",  "c":"NETWORK",  "id":23015,   "ctx":"listener","msg":"Listening on","attr":{"address":"/tmp/mongodb-27017.sock"}}
2025-04-18T14:46:16.8553933Z  {"t":{"$date":"2025-04-18T14:46:11.311+00:00"},"s":"I",  "c":"NETWORK",  "id":23015,   "ctx":"listener","msg":"Listening on","attr":{"address":"0.0.0.0"}}
2025-04-18T14:46:16.8554580Z  {"t":{"$date":"2025-04-18T14:46:11.311+00:00"},"s":"I",  "c":"NETWORK",  "id":23016,   "ctx":"listener","msg":"Waiting for connections","attr":{"port":27017,"ssl":"off"}}
2025-04-18T14:46:16.8558738Z  {"t":{"$date":"2025-04-18T14:46:11.311+00:00"},"s":"I",  "c":"CONTROL",  "id":8423403, "ctx":"initandlisten","msg":"mongod startup complete","attr":{"Summary of time elapsed":{"Startup from clean shutdown?":true,"Statistics":{"Transport layer setup":"0 ms","Run initial syncer crash recovery":"0 ms","Create storage engine lock file in the data directory":"0 ms","Create storage engine lock file in the data directory":"0 ms","Get metadata describing storage engine":"0 ms","Get metadata describing storage engine":"0 ms","Create storage engine":"0 ms","Create storage engine":"195 ms","Write current PID to file":"0 ms","Write current PID to file":"0 ms","Write a new metadata for storage engine":"0 ms","Write a new metadata for storage engine":"0 ms","Initialize FCV before rebuilding indexes":"0 ms","Initialize FCV before rebuilding indexes":"0 ms","Drop abandoned idents and get back indexes that need to be rebuilt or builds that need to be restarted":"0 ms","Drop abandoned idents and get back indexes that need to be rebuilt or builds that need to be restarted":"0 ms","Rebuild indexes for collections":"0 ms","Rebuild indexes for collections":"0 ms","Build user and roles graph":"0 ms","Set up the background thread pool responsible for waiting for opTimes to be majority committed":"1 ms","Start up the replication coordinator":"0 ms","Start transport layer":"1 ms","_initAndListen total elapsed time":"221 ms"}}}}
2025-04-18T14:46:16.8563559Z  {"t":{"$date":"2025-04-18T14:46:11.320+00:00"},"s":"I",  "c":"INDEX",    "id":20345,   "ctx":"LogicalSessionCacheRefresh","msg":"Index build: done building","attr":{"buildUUID":null,"collectionUUID":{"uuid":{"$uuid":"886adfca-b080-4470-a71f-6600988152da"}},"namespace":"config.system.sessions","index":"_id_","ident":"index-5-6362222440314375257","collectionIdent":"collection-4-6362222440314375257","commitTimestamp":null}}
2025-04-18T14:46:16.8565705Z  {"t":{"$date":"2025-04-18T14:46:11.320+00:00"},"s":"I",  "c":"INDEX",    "id":20345,   "ctx":"LogicalSessionCacheRefresh","msg":"Index build: done building","attr":{"buildUUID":null,"collectionUUID":{"uuid":{"$uuid":"886adfca-b080-4470-a71f-6600988152da"}},"namespace":"config.system.sessions","index":"lsidTTLIndex","ident":"index-6-6362222440314375257","collectionIdent":"collection-4-6362222440314375257","commitTimestamp":null}}
2025-04-18T14:46:16.8574100Z Stop and remove container: bd1a3eadbb9a42ffad985dac64416832_mongo6_7223ee
2025-04-18T14:46:16.8581893Z ##[command]/usr/bin/docker rm --force ca81a9ebe9c3d92183e608f9def31db6f0b42a27d389f1c2a004120eed645819
2025-04-18T14:46:17.0133520Z ca81a9ebe9c3d92183e608f9def31db6f0b42a27d389f1c2a004120eed645819
2025-04-18T14:46:17.0187671Z Remove container network: github_network_1425c59940fd4ccf94bf8a57b069c66b
2025-04-18T14:46:17.0192884Z ##[command]/usr/bin/docker network rm github_network_1425c59940fd4ccf94bf8a57b069c66b
2025-04-18T14:46:17.1134950Z github_network_1425c59940fd4ccf94bf8a57b069c66b
2025-04-18T14:46:17.1192358Z Cleaning up orphan processes
