2025-04-18T11:28:25.9259706Z Current runner version: '2.323.0'
2025-04-18T11:28:25.9316489Z ##[group]Operating System
2025-04-18T11:28:25.9317691Z Ubuntu
2025-04-18T11:28:25.9318687Z 24.04.2
2025-04-18T11:28:25.9319499Z LTS
2025-04-18T11:28:25.9320233Z ##[endgroup]
2025-04-18T11:28:25.9321176Z ##[group]Runner Image
2025-04-18T11:28:25.9322109Z Image: ubuntu-24.04
2025-04-18T11:28:25.9322935Z Version: 20250413.1.0
2025-04-18T11:28:25.9325178Z Included Software: https://github.com/actions/runner-images/blob/ubuntu24/20250413.1/images/ubuntu/Ubuntu2404-Readme.md
2025-04-18T11:28:25.9327774Z Image Release: https://github.com/actions/runner-images/releases/tag/ubuntu24%2F20250413.1
2025-04-18T11:28:25.9329382Z ##[endgroup]
2025-04-18T11:28:25.9330390Z ##[group]Runner Image Provisioner
2025-04-18T11:28:25.9331365Z 2.0.422.1
2025-04-18T11:28:25.9332211Z ##[endgroup]
2025-04-18T11:28:25.9357679Z ##[group]GITHUB_TOKEN Permissions
2025-04-18T11:28:25.9360350Z Actions: write
2025-04-18T11:28:25.9361578Z Attestations: write
2025-04-18T11:28:25.9362454Z Checks: write
2025-04-18T11:28:25.9363385Z Contents: write
2025-04-18T11:28:25.9364165Z Deployments: write
2025-04-18T11:28:25.9385323Z Discussions: write
2025-04-18T11:28:25.9386304Z Issues: write
2025-04-18T11:28:25.9387118Z Metadata: read
2025-04-18T11:28:25.9388079Z Models: read
2025-04-18T11:28:25.9388892Z Packages: write
2025-04-18T11:28:25.9389745Z Pages: write
2025-04-18T11:28:25.9390667Z PullRequests: write
2025-04-18T11:28:25.9391645Z RepositoryProjects: write
2025-04-18T11:28:25.9392599Z SecurityEvents: write
2025-04-18T11:28:25.9393812Z Statuses: write
2025-04-18T11:28:25.9398438Z ##[endgroup]
2025-04-18T11:28:25.9401437Z Secret source: Actions
2025-04-18T11:28:25.9402824Z Prepare workflow directory
2025-04-18T11:28:26.0543717Z Prepare all required actions
2025-04-18T11:28:26.0661204Z Getting action download info
2025-04-18T11:28:26.5757448Z ##[group]Download immutable action package 'actions/checkout@v4'
2025-04-18T11:28:26.5758535Z Version: 4.2.2
2025-04-18T11:28:26.5759500Z Digest: sha256:ccb2698953eaebd21c7bf6268a94f9c26518a7e38e27e0b83c1fe1ad049819b1
2025-04-18T11:28:26.5760651Z Source commit SHA: 11bd71901bbe5b1630ceea73d27597364c9af683
2025-04-18T11:28:26.5761380Z ##[endgroup]
2025-04-18T11:28:26.6924269Z ##[group]Download immutable action package 'actions/setup-node@v4'
2025-04-18T11:28:26.6925532Z Version: 4.4.0
2025-04-18T11:28:26.6926273Z Digest: sha256:9427cefe82346e992fb5b949e3569b39d537ae41aa3086483b14eceebfc16bc1
2025-04-18T11:28:26.6927310Z Source commit SHA: 49933ea5288caeca8642d1e84afbd3f7d6820020
2025-04-18T11:28:26.6928003Z ##[endgroup]
2025-04-18T11:28:26.8857703Z Download action repository 'cypress-io/github-action@v6' (SHA:108b8684ae52e735ff7891524cbffbcd4be5b19f)
2025-04-18T11:28:27.1182035Z ##[group]Download immutable action package 'actions/upload-artifact@v4'
2025-04-18T11:28:27.1182738Z Version: 4.6.2
2025-04-18T11:28:27.1183364Z Digest: sha256:290722aa3281d5caf23d0acdc3dbeb3424786a1a01a9cc97e72f147225e37c38
2025-04-18T11:28:27.1184219Z Source commit SHA: ea165f8d65b6e75b540449e92b4886f43607fa02
2025-04-18T11:28:27.1185084Z ##[endgroup]
2025-04-18T11:28:27.3651199Z Complete job name: e2e (22.x)
2025-04-18T11:28:27.4363134Z ##[group]Run actions/checkout@v4
2025-04-18T11:28:27.4364421Z with:
2025-04-18T11:28:27.4365560Z   repository: mrkurger/date-night-app2
2025-04-18T11:28:27.4366854Z   token: ***
2025-04-18T11:28:27.4367549Z   ssh-strict: true
2025-04-18T11:28:27.4368257Z   ssh-user: git
2025-04-18T11:28:27.4368993Z   persist-credentials: true
2025-04-18T11:28:27.4369828Z   clean: true
2025-04-18T11:28:27.4370576Z   sparse-checkout-cone-mode: true
2025-04-18T11:28:27.4371734Z   fetch-depth: 1
2025-04-18T11:28:27.4372478Z   fetch-tags: false
2025-04-18T11:28:27.4373244Z   show-progress: true
2025-04-18T11:28:27.4374038Z   lfs: false
2025-04-18T11:28:27.4374957Z   submodules: false
2025-04-18T11:28:27.4375902Z   set-safe-directory: true
2025-04-18T11:28:27.4377624Z env:
2025-04-18T11:28:27.4378695Z   CI: true
2025-04-18T11:28:27.4379765Z ##[endgroup]
2025-04-18T11:28:27.7522127Z Syncing repository: mrkurger/date-night-app2
2025-04-18T11:28:27.7523610Z ##[group]Getting Git version info
2025-04-18T11:28:27.7524198Z Working directory is '/home/runner/work/date-night-app2/date-night-app2'
2025-04-18T11:28:27.7525364Z [command]/usr/bin/git version
2025-04-18T11:28:27.7651687Z git version 2.49.0
2025-04-18T11:28:27.7691756Z ##[endgroup]
2025-04-18T11:28:27.7707783Z Temporarily overriding HOME='/home/runner/work/_temp/dceac308-72b7-4d8b-bf80-b6c4bd68d93a' before making global git config changes
2025-04-18T11:28:27.7709622Z Adding repository directory to the temporary git global config as a safe directory
2025-04-18T11:28:27.7711110Z [command]/usr/bin/git config --global --add safe.directory /home/runner/work/date-night-app2/date-night-app2
2025-04-18T11:28:27.7754299Z Deleting the contents of '/home/runner/work/date-night-app2/date-night-app2'
2025-04-18T11:28:27.7760295Z ##[group]Initializing the repository
2025-04-18T11:28:27.7764367Z [command]/usr/bin/git init /home/runner/work/date-night-app2/date-night-app2
2025-04-18T11:28:27.7868664Z hint: Using 'master' as the name for the initial branch. This default branch name
2025-04-18T11:28:27.7871431Z hint: is subject to change. To configure the initial branch name to use in all
2025-04-18T11:28:27.7872780Z hint: of your new repositories, which will suppress this warning, call:
2025-04-18T11:28:27.7873413Z hint:
2025-04-18T11:28:27.7874017Z hint: 	git config --global init.defaultBranch <name>
2025-04-18T11:28:27.7874560Z hint:
2025-04-18T11:28:27.7875560Z hint: Names commonly chosen instead of 'master' are 'main', 'trunk' and
2025-04-18T11:28:27.7876522Z hint: 'development'. The just-created branch can be renamed via this command:
2025-04-18T11:28:27.7877547Z hint:
2025-04-18T11:28:27.7878450Z hint: 	git branch -m <name>
2025-04-18T11:28:27.7882941Z Initialized empty Git repository in /home/runner/work/date-night-app2/date-night-app2/.git/
2025-04-18T11:28:27.7894038Z [command]/usr/bin/git remote add origin https://github.com/mrkurger/date-night-app2
2025-04-18T11:28:27.7933766Z ##[endgroup]
2025-04-18T11:28:27.7936079Z ##[group]Disabling automatic garbage collection
2025-04-18T11:28:27.7937747Z [command]/usr/bin/git config --local gc.auto 0
2025-04-18T11:28:27.7971122Z ##[endgroup]
2025-04-18T11:28:27.7973123Z ##[group]Setting up auth
2025-04-18T11:28:27.7980140Z [command]/usr/bin/git config --local --name-only --get-regexp core\.sshCommand
2025-04-18T11:28:27.8014834Z [command]/usr/bin/git submodule foreach --recursive sh -c "git config --local --name-only --get-regexp 'core\.sshCommand' && git config --local --unset-all 'core.sshCommand' || :"
2025-04-18T11:28:27.8376963Z [command]/usr/bin/git config --local --name-only --get-regexp http\.https\:\/\/github\.com\/\.extraheader
2025-04-18T11:28:27.8414118Z [command]/usr/bin/git submodule foreach --recursive sh -c "git config --local --name-only --get-regexp 'http\.https\:\/\/github\.com\/\.extraheader' && git config --local --unset-all 'http.https://github.com/.extraheader' || :"
2025-04-18T11:28:27.8747529Z [command]/usr/bin/git config --local http.https://github.com/.extraheader AUTHORIZATION: basic ***
2025-04-18T11:28:27.8836577Z ##[endgroup]
2025-04-18T11:28:27.8851710Z ##[group]Fetching the repository
2025-04-18T11:28:27.8858661Z [command]/usr/bin/git -c protocol.version=2 fetch --no-tags --prune --no-recurse-submodules --depth=1 origin +52a6788c219ea519a268290095eb8bdef5a3ba79:refs/remotes/origin/main
2025-04-18T11:28:30.4406442Z From https://github.com/mrkurger/date-night-app2
2025-04-18T11:28:30.4409392Z  * [new ref]         52a6788c219ea519a268290095eb8bdef5a3ba79 -> origin/main
2025-04-18T11:28:30.4444132Z ##[endgroup]
2025-04-18T11:28:30.4446102Z ##[group]Determining the checkout info
2025-04-18T11:28:30.4447414Z ##[endgroup]
2025-04-18T11:28:30.4452150Z [command]/usr/bin/git sparse-checkout disable
2025-04-18T11:28:30.4494910Z [command]/usr/bin/git config --local --unset-all extensions.worktreeConfig
2025-04-18T11:28:30.4525280Z ##[group]Checking out the ref
2025-04-18T11:28:30.4529095Z [command]/usr/bin/git checkout --progress --force -B main refs/remotes/origin/main
2025-04-18T11:28:30.9912235Z Switched to a new branch 'main'
2025-04-18T11:28:30.9915555Z branch 'main' set up to track 'origin/main'.
2025-04-18T11:28:30.9956698Z ##[endgroup]
2025-04-18T11:28:31.0004393Z [command]/usr/bin/git log -1 --format=%H
2025-04-18T11:28:31.0045646Z 52a6788c219ea519a268290095eb8bdef5a3ba79
2025-04-18T11:28:31.0280737Z ##[group]Run actions/setup-node@v4
2025-04-18T11:28:31.0281218Z with:
2025-04-18T11:28:31.0281493Z   node-version: 22.x
2025-04-18T11:28:31.0281743Z   cache: npm
2025-04-18T11:28:31.0282160Z   cache-dependency-path: client-angular/package-lock.json
2025-04-18T11:28:31.0282532Z   always-auth: false
2025-04-18T11:28:31.0282827Z   check-latest: false
2025-04-18T11:28:31.0283304Z   token: ***
2025-04-18T11:28:31.0283531Z env:
2025-04-18T11:28:31.0283795Z   CI: true
2025-04-18T11:28:31.0284047Z ##[endgroup]
2025-04-18T11:28:31.2075262Z Found in cache @ /opt/hostedtoolcache/node/22.14.0/x64
2025-04-18T11:28:31.2079083Z ##[group]Environment details
2025-04-18T11:28:31.7285808Z node: v22.14.0
2025-04-18T11:28:31.7295363Z npm: 10.9.2
2025-04-18T11:28:31.7295743Z yarn: 1.22.22
2025-04-18T11:28:31.7296860Z ##[endgroup]
2025-04-18T11:28:31.7320327Z [command]/opt/hostedtoolcache/node/22.14.0/x64/bin/npm config get cache
2025-04-18T11:28:31.8779249Z /home/runner/.npm
2025-04-18T11:28:31.8919967Z ##[error]Some specified paths were not resolved, unable to cache dependencies.
2025-04-18T11:28:31.9038129Z ##[group]Run actions/upload-artifact@v4
2025-04-18T11:28:31.9038403Z with:
2025-04-18T11:28:31.9038583Z   name: cypress-screenshots
2025-04-18T11:28:31.9038819Z   path: ./client-angular/cypress/screenshots
2025-04-18T11:28:31.9039078Z   if-no-files-found: warn
2025-04-18T11:28:31.9039292Z   compression-level: 6
2025-04-18T11:28:31.9039477Z   overwrite: false
2025-04-18T11:28:31.9039665Z   include-hidden-files: false
2025-04-18T11:28:31.9039862Z env:
2025-04-18T11:28:31.9040009Z   CI: true
2025-04-18T11:28:31.9040178Z ##[endgroup]
2025-04-18T11:28:32.1737218Z ##[warning]No files were found with the provided path: ./client-angular/cypress/screenshots. No artifacts will be uploaded.
2025-04-18T11:28:32.1864321Z Post job cleanup.
2025-04-18T11:28:32.2802970Z [command]/usr/bin/git version
2025-04-18T11:28:32.2844406Z git version 2.49.0
2025-04-18T11:28:32.2891054Z Temporarily overriding HOME='/home/runner/work/_temp/9f047a3d-d4d4-4ffe-98d8-939b63e5af6a' before making global git config changes
2025-04-18T11:28:32.2894265Z Adding repository directory to the temporary git global config as a safe directory
2025-04-18T11:28:32.2898897Z [command]/usr/bin/git config --global --add safe.directory /home/runner/work/date-night-app2/date-night-app2
2025-04-18T11:28:32.2942117Z [command]/usr/bin/git config --local --name-only --get-regexp core\.sshCommand
2025-04-18T11:28:32.2978802Z [command]/usr/bin/git submodule foreach --recursive sh -c "git config --local --name-only --get-regexp 'core\.sshCommand' && git config --local --unset-all 'core.sshCommand' || :"
2025-04-18T11:28:32.3230877Z [command]/usr/bin/git config --local --name-only --get-regexp http\.https\:\/\/github\.com\/\.extraheader
2025-04-18T11:28:32.3258230Z http.https://github.com/.extraheader
2025-04-18T11:28:32.3272918Z [command]/usr/bin/git config --local --unset-all http.https://github.com/.extraheader
2025-04-18T11:28:32.3308419Z [command]/usr/bin/git submodule foreach --recursive sh -c "git config --local --name-only --get-regexp 'http\.https\:\/\/github\.com\/\.extraheader' && git config --local --unset-all 'http.https://github.com/.extraheader' || :"
2025-04-18T11:28:32.3665852Z Cleaning up orphan processes
