2025-04-18T14:03:43.9292259Z Current runner version: '2.323.0'
2025-04-18T14:03:43.9346517Z ##[group]Operating System
2025-04-18T14:03:43.9368127Z Ubuntu
2025-04-18T14:03:43.9369050Z 24.04.2
2025-04-18T14:03:43.9369791Z LTS
2025-04-18T14:03:43.9370570Z ##[endgroup]
2025-04-18T14:03:43.9371560Z ##[group]Runner Image
2025-04-18T14:03:43.9372536Z Image: ubuntu-24.04
2025-04-18T14:03:43.9373442Z Version: 20250413.1.0
2025-04-18T14:03:43.9375215Z Included Software: https://github.com/actions/runner-images/blob/ubuntu24/20250413.1/images/ubuntu/Ubuntu2404-Readme.md
2025-04-18T14:03:43.9378074Z Image Release: https://github.com/actions/runner-images/releases/tag/ubuntu24%2F20250413.1
2025-04-18T14:03:43.9379736Z ##[endgroup]
2025-04-18T14:03:43.9380623Z ##[group]Runner Image Provisioner
2025-04-18T14:03:43.9381744Z 2.0.422.1
2025-04-18T14:03:43.9382448Z ##[endgroup]
2025-04-18T14:03:43.9407180Z ##[group]GITHUB_TOKEN Permissions
2025-04-18T14:03:43.9410265Z Actions: write
2025-04-18T14:03:43.9411454Z Attestations: write
2025-04-18T14:03:43.9412531Z Checks: write
2025-04-18T14:03:43.9413356Z Contents: write
2025-04-18T14:03:43.9414385Z Deployments: write
2025-04-18T14:03:43.9415233Z Discussions: write
2025-04-18T14:03:43.9416039Z Issues: write
2025-04-18T14:03:43.9417140Z Metadata: read
2025-04-18T14:03:43.9417977Z Models: read
2025-04-18T14:03:43.9419013Z Packages: write
2025-04-18T14:03:43.9419948Z Pages: write
2025-04-18T14:03:43.9420761Z PullRequests: write
2025-04-18T14:03:43.9421558Z RepositoryProjects: write
2025-04-18T14:03:43.9422574Z SecurityEvents: write
2025-04-18T14:03:43.9423362Z Statuses: write
2025-04-18T14:03:43.9424136Z ##[endgroup]
2025-04-18T14:03:43.9447744Z Secret source: Actions
2025-04-18T14:03:43.9449033Z Prepare workflow directory
2025-04-18T14:03:44.0365720Z Prepare all required actions
2025-04-18T14:03:44.0422059Z Getting action download info
2025-04-18T14:03:44.5697964Z ##[group]Download immutable action package 'actions/checkout@v4'
2025-04-18T14:03:44.5699172Z Version: 4.2.2
2025-04-18T14:03:44.5700336Z Digest: sha256:ccb2698953eaebd21c7bf6268a94f9c26518a7e38e27e0b83c1fe1ad049819b1
2025-04-18T14:03:44.5702003Z Source commit SHA: 11bd71901bbe5b1630ceea73d27597364c9af683
2025-04-18T14:03:44.5702868Z ##[endgroup]
2025-04-18T14:03:44.6715912Z ##[group]Download immutable action package 'actions/setup-node@v4'
2025-04-18T14:03:44.6717179Z Version: 4.4.0
2025-04-18T14:03:44.6718027Z Digest: sha256:9427cefe82346e992fb5b949e3569b39d537ae41aa3086483b14eceebfc16bc1
2025-04-18T14:03:44.6719246Z Source commit SHA: 49933ea5288caeca8642d1e84afbd3f7d6820020
2025-04-18T14:03:44.6720050Z ##[endgroup]
2025-04-18T14:03:44.9197899Z ##[group]Download immutable action package 'actions/upload-artifact@v4'
2025-04-18T14:03:44.9198863Z Version: 4.6.2
2025-04-18T14:03:44.9199741Z Digest: sha256:290722aa3281d5caf23d0acdc3dbeb3424786a1a01a9cc97e72f147225e37c38
2025-04-18T14:03:44.9200875Z Source commit SHA: ea165f8d65b6e75b540449e92b4886f43607fa02
2025-04-18T14:03:44.9201646Z ##[endgroup]
2025-04-18T14:03:45.1619311Z Complete job name: test (22.x)
2025-04-18T14:03:45.2228894Z ##[group]Run actions/checkout@v4
2025-04-18T14:03:45.2229855Z with:
2025-04-18T14:03:45.2230336Z   repository: mrkurger/date-night-app2
2025-04-18T14:03:45.2231092Z   token: ***
2025-04-18T14:03:45.2231534Z   ssh-strict: true
2025-04-18T14:03:45.2231973Z   ssh-user: git
2025-04-18T14:03:45.2232433Z   persist-credentials: true
2025-04-18T14:03:45.2232947Z   clean: true
2025-04-18T14:03:45.2233402Z   sparse-checkout-cone-mode: true
2025-04-18T14:03:45.2233945Z   fetch-depth: 1
2025-04-18T14:03:45.2234392Z   fetch-tags: false
2025-04-18T14:03:45.2234840Z   show-progress: true
2025-04-18T14:03:45.2235299Z   lfs: false
2025-04-18T14:03:45.2235723Z   submodules: false
2025-04-18T14:03:45.2236207Z   set-safe-directory: true
2025-04-18T14:03:45.2237089Z env:
2025-04-18T14:03:45.2237514Z   CI: true
2025-04-18T14:03:45.2237920Z ##[endgroup]
2025-04-18T14:03:45.4083741Z Syncing repository: mrkurger/date-night-app2
2025-04-18T14:03:45.4087261Z ##[group]Getting Git version info
2025-04-18T14:03:45.4090428Z Working directory is '/home/runner/work/date-night-app2/date-night-app2'
2025-04-18T14:03:45.4092349Z [command]/usr/bin/git version
2025-04-18T14:03:45.4155465Z git version 2.49.0
2025-04-18T14:03:45.4185752Z ##[endgroup]
2025-04-18T14:03:45.4202304Z Temporarily overriding HOME='/home/runner/work/_temp/6d80bfc3-42b3-4aec-9279-e0b4f0029d8c' before making global git config changes
2025-04-18T14:03:45.4205972Z Adding repository directory to the temporary git global config as a safe directory
2025-04-18T14:03:45.4220684Z [command]/usr/bin/git config --global --add safe.directory /home/runner/work/date-night-app2/date-night-app2
2025-04-18T14:03:45.4258196Z Deleting the contents of '/home/runner/work/date-night-app2/date-night-app2'
2025-04-18T14:03:45.4261875Z ##[group]Initializing the repository
2025-04-18T14:03:45.4266566Z [command]/usr/bin/git init /home/runner/work/date-night-app2/date-night-app2
2025-04-18T14:03:45.4331313Z hint: Using 'master' as the name for the initial branch. This default branch name
2025-04-18T14:03:45.4333334Z hint: is subject to change. To configure the initial branch name to use in all
2025-04-18T14:03:45.4335022Z hint: of your new repositories, which will suppress this warning, call:
2025-04-18T14:03:45.4336241Z hint:
2025-04-18T14:03:45.4337210Z hint: 	git config --global init.defaultBranch <name>
2025-04-18T14:03:45.4338243Z hint:
2025-04-18T14:03:45.4339538Z hint: Names commonly chosen instead of 'master' are 'main', 'trunk' and
2025-04-18T14:03:45.4341304Z hint: 'development'. The just-created branch can be renamed via this command:
2025-04-18T14:03:45.4342685Z hint:
2025-04-18T14:03:45.4343422Z hint: 	git branch -m <name>
2025-04-18T14:03:45.4345094Z Initialized empty Git repository in /home/runner/work/date-night-app2/date-night-app2/.git/
2025-04-18T14:03:45.4351761Z [command]/usr/bin/git remote add origin https://github.com/mrkurger/date-night-app2
2025-04-18T14:03:45.4387244Z ##[endgroup]
2025-04-18T14:03:45.4388595Z ##[group]Disabling automatic garbage collection
2025-04-18T14:03:45.4391634Z [command]/usr/bin/git config --local gc.auto 0
2025-04-18T14:03:45.4424110Z ##[endgroup]
2025-04-18T14:03:45.4425356Z ##[group]Setting up auth
2025-04-18T14:03:45.4431588Z [command]/usr/bin/git config --local --name-only --get-regexp core\.sshCommand
2025-04-18T14:03:45.4465013Z [command]/usr/bin/git submodule foreach --recursive sh -c "git config --local --name-only --get-regexp 'core\.sshCommand' && git config --local --unset-all 'core.sshCommand' || :"
2025-04-18T14:03:45.4760042Z [command]/usr/bin/git config --local --name-only --get-regexp http\.https\:\/\/github\.com\/\.extraheader
2025-04-18T14:03:45.4794195Z [command]/usr/bin/git submodule foreach --recursive sh -c "git config --local --name-only --get-regexp 'http\.https\:\/\/github\.com\/\.extraheader' && git config --local --unset-all 'http.https://github.com/.extraheader' || :"
2025-04-18T14:03:45.5047194Z [command]/usr/bin/git config --local http.https://github.com/.extraheader AUTHORIZATION: basic ***
2025-04-18T14:03:45.5092127Z ##[endgroup]
2025-04-18T14:03:45.5095899Z ##[group]Fetching the repository
2025-04-18T14:03:45.5105081Z [command]/usr/bin/git -c protocol.version=2 fetch --no-tags --prune --no-recurse-submodules --depth=1 origin +f2f91fe73c74902783bbbadd51038f0cbfbf1efa:refs/remotes/origin/main
2025-04-18T14:03:47.9449237Z From https://github.com/mrkurger/date-night-app2
2025-04-18T14:03:47.9455066Z  * [new ref]         f2f91fe73c74902783bbbadd51038f0cbfbf1efa -> origin/main
2025-04-18T14:03:47.9483214Z ##[endgroup]
2025-04-18T14:03:47.9491311Z ##[group]Determining the checkout info
2025-04-18T14:03:47.9492081Z ##[endgroup]
2025-04-18T14:03:47.9492567Z [command]/usr/bin/git sparse-checkout disable
2025-04-18T14:03:47.9531304Z [command]/usr/bin/git config --local --unset-all extensions.worktreeConfig
2025-04-18T14:03:47.9562005Z ##[group]Checking out the ref
2025-04-18T14:03:47.9565524Z [command]/usr/bin/git checkout --progress --force -B main refs/remotes/origin/main
2025-04-18T14:03:48.5345440Z Switched to a new branch 'main'
2025-04-18T14:03:48.5352649Z branch 'main' set up to track 'origin/main'.
2025-04-18T14:03:48.5380604Z ##[endgroup]
2025-04-18T14:03:48.5420229Z [command]/usr/bin/git log -1 --format=%H
2025-04-18T14:03:48.5445760Z f2f91fe73c74902783bbbadd51038f0cbfbf1efa
2025-04-18T14:03:48.5684896Z ##[group]Run actions/setup-node@v4
2025-04-18T14:03:48.5685251Z with:
2025-04-18T14:03:48.5685464Z   node-version: 22.x
2025-04-18T14:03:48.5685690Z   cache: npm
2025-04-18T14:03:48.5685976Z   cache-dependency-path: client-angular/package-lock.json
2025-04-18T14:03:48.5686321Z   always-auth: false
2025-04-18T14:03:48.5686558Z   check-latest: false
2025-04-18T14:03:48.5687104Z   token: ***
2025-04-18T14:03:48.5687328Z env:
2025-04-18T14:03:48.5687517Z   CI: true
2025-04-18T14:03:48.5687723Z ##[endgroup]
2025-04-18T14:03:48.7440835Z Found in cache @ /opt/hostedtoolcache/node/22.14.0/x64
2025-04-18T14:03:48.7449669Z ##[group]Environment details
2025-04-18T14:03:49.2041877Z node: v22.14.0
2025-04-18T14:03:49.2043549Z npm: 10.9.2
2025-04-18T14:03:49.2043900Z yarn: 1.22.22
2025-04-18T14:03:49.2045493Z ##[endgroup]
2025-04-18T14:03:49.2072397Z [command]/opt/hostedtoolcache/node/22.14.0/x64/bin/npm config get cache
2025-04-18T14:03:49.3884211Z /home/runner/.npm
2025-04-18T14:03:49.4078478Z ##[error]Some specified paths were not resolved, unable to cache dependencies.
2025-04-18T14:03:49.4201810Z ##[group]Run actions/upload-artifact@v4
2025-04-18T14:03:49.4202091Z with:
2025-04-18T14:03:49.4202263Z   name: test-results
2025-04-18T14:03:49.4202478Z   path: ./client-angular/coverage
2025-04-18T14:03:49.4202713Z   if-no-files-found: warn
2025-04-18T14:03:49.4202927Z   compression-level: 6
2025-04-18T14:03:49.4203126Z   overwrite: false
2025-04-18T14:03:49.4203319Z   include-hidden-files: false
2025-04-18T14:03:49.4203530Z env:
2025-04-18T14:03:49.4203682Z   CI: true
2025-04-18T14:03:49.4263324Z ##[endgroup]
2025-04-18T14:03:49.6386235Z ##[warning]No files were found with the provided path: ./client-angular/coverage. No artifacts will be uploaded.
2025-04-18T14:03:49.6550324Z Post job cleanup.
2025-04-18T14:03:49.7492940Z [command]/usr/bin/git version
2025-04-18T14:03:49.7534817Z git version 2.49.0
2025-04-18T14:03:49.7583537Z Temporarily overriding HOME='/home/runner/work/_temp/c7fed1c2-051b-4a57-be6c-1f783e26b7ab' before making global git config changes
2025-04-18T14:03:49.7586425Z Adding repository directory to the temporary git global config as a safe directory
2025-04-18T14:03:49.7591119Z [command]/usr/bin/git config --global --add safe.directory /home/runner/work/date-night-app2/date-night-app2
2025-04-18T14:03:49.7634301Z [command]/usr/bin/git config --local --name-only --get-regexp core\.sshCommand
2025-04-18T14:03:49.7671819Z [command]/usr/bin/git submodule foreach --recursive sh -c "git config --local --name-only --get-regexp 'core\.sshCommand' && git config --local --unset-all 'core.sshCommand' || :"
2025-04-18T14:03:49.7920508Z [command]/usr/bin/git config --local --name-only --get-regexp http\.https\:\/\/github\.com\/\.extraheader
2025-04-18T14:03:49.7945379Z http.https://github.com/.extraheader
2025-04-18T14:03:49.7959822Z [command]/usr/bin/git config --local --unset-all http.https://github.com/.extraheader
2025-04-18T14:03:49.7994923Z [command]/usr/bin/git submodule foreach --recursive sh -c "git config --local --name-only --get-regexp 'http\.https\:\/\/github\.com\/\.extraheader' && git config --local --unset-all 'http.https://github.com/.extraheader' || :"
2025-04-18T14:03:49.8433105Z Cleaning up orphan processes
