2025-04-16T15:53:04.9570829Z Current runner version: '2.323.0'
2025-04-16T15:53:04.9625769Z ##[group]Operating System
2025-04-16T15:53:04.9647327Z Ubuntu
2025-04-16T15:53:04.9648213Z 24.04.2
2025-04-16T15:53:04.9649185Z LTS
2025-04-16T15:53:04.9650038Z ##[endgroup]
2025-04-16T15:53:04.9650886Z ##[group]Runner Image
2025-04-16T15:53:04.9652047Z Image: ubuntu-24.04
2025-04-16T15:53:04.9652972Z Version: 20250413.1.0
2025-04-16T15:53:04.9654793Z Included Software: https://github.com/actions/runner-images/blob/ubuntu24/20250413.1/images/ubuntu/Ubuntu2404-Readme.md
2025-04-16T15:53:04.9658157Z Image Release: https://github.com/actions/runner-images/releases/tag/ubuntu24%2F20250413.1
2025-04-16T15:53:04.9659846Z ##[endgroup]
2025-04-16T15:53:04.9660772Z ##[group]Runner Image Provisioner
2025-04-16T15:53:04.9661864Z 2.0.422.1
2025-04-16T15:53:04.9662580Z ##[endgroup]
2025-04-16T15:53:04.9664328Z ##[group]GITHUB_TOKEN Permissions
2025-04-16T15:53:04.9687595Z Actions: read
2025-04-16T15:53:04.9688501Z Contents: write
2025-04-16T15:53:04.9689844Z Metadata: read
2025-04-16T15:53:04.9690913Z ##[endgroup]
2025-04-16T15:53:04.9694352Z Secret source: Actions
2025-04-16T15:53:04.9695774Z Prepare workflow directory
2025-04-16T15:53:05.0641676Z Prepare all required actions
2025-04-16T15:53:05.0696967Z Getting action download info
2025-04-16T15:53:05.7328223Z ##[group]Download immutable action package 'actions/checkout@v4'
2025-04-16T15:53:05.7329271Z Version: 4.2.2
2025-04-16T15:53:05.7330400Z Digest: sha256:ccb2698953eaebd21c7bf6268a94f9c26518a7e38e27e0b83c1fe1ad049819b1
2025-04-16T15:53:05.7331618Z Source commit SHA: 11bd71901bbe5b1630ceea73d27597364c9af683
2025-04-16T15:53:05.7332386Z ##[endgroup]
2025-04-16T15:53:05.8211997Z ##[group]Download immutable action package 'actions/setup-node@v4'
2025-04-16T15:53:05.8212893Z Version: 4.4.0
2025-04-16T15:53:05.8213718Z Digest: sha256:9427cefe82346e992fb5b949e3569b39d537ae41aa3086483b14eceebfc16bc1
2025-04-16T15:53:05.8214705Z Source commit SHA: 49933ea5288caeca8642d1e84afbd3f7d6820020
2025-04-16T15:53:05.8215480Z ##[endgroup]
2025-04-16T15:53:06.1541582Z Complete job name: sync-error-logs
2025-04-16T15:53:06.2226073Z ##[group]Run actions/checkout@v4
2025-04-16T15:53:06.2227161Z with:
2025-04-16T15:53:06.2227631Z   fetch-depth: 0
2025-04-16T15:53:06.2228256Z   token: ***
2025-04-16T15:53:06.2228699Z   repository: mrkurger/date-night-app2
2025-04-16T15:53:06.2229230Z   ssh-strict: true
2025-04-16T15:53:06.2229633Z   ssh-user: git
2025-04-16T15:53:06.2230091Z   persist-credentials: true
2025-04-16T15:53:06.2230555Z   clean: true
2025-04-16T15:53:06.2230978Z   sparse-checkout-cone-mode: true
2025-04-16T15:53:06.2231496Z   fetch-tags: false
2025-04-16T15:53:06.2231911Z   show-progress: true
2025-04-16T15:53:06.2232345Z   lfs: false
2025-04-16T15:53:06.2232724Z   submodules: false
2025-04-16T15:53:06.2233153Z   set-safe-directory: true
2025-04-16T15:53:06.2233857Z env:
2025-04-16T15:53:06.2234235Z   CI: true
2025-04-16T15:53:06.2234920Z ##[endgroup]
2025-04-16T15:53:06.4014058Z Syncing repository: mrkurger/date-night-app2
2025-04-16T15:53:06.4017025Z ##[group]Getting Git version info
2025-04-16T15:53:06.4018397Z Working directory is '/home/runner/work/date-night-app2/date-night-app2'
2025-04-16T15:53:06.4021202Z [command]/usr/bin/git version
2025-04-16T15:53:06.4030618Z git version 2.49.0
2025-04-16T15:53:06.4060887Z ##[endgroup]
2025-04-16T15:53:06.4076082Z Temporarily overriding HOME='/home/runner/work/_temp/1d494031-5708-434a-8923-14a67ab23dad' before making global git config changes
2025-04-16T15:53:06.4080772Z Adding repository directory to the temporary git global config as a safe directory
2025-04-16T15:53:06.4083926Z [command]/usr/bin/git config --global --add safe.directory /home/runner/work/date-night-app2/date-night-app2
2025-04-16T15:53:06.4122474Z Deleting the contents of '/home/runner/work/date-night-app2/date-night-app2'
2025-04-16T15:53:06.4127136Z ##[group]Initializing the repository
2025-04-16T15:53:06.4132401Z [command]/usr/bin/git init /home/runner/work/date-night-app2/date-night-app2
2025-04-16T15:53:06.4215604Z hint: Using 'master' as the name for the initial branch. This default branch name
2025-04-16T15:53:06.4218092Z hint: is subject to change. To configure the initial branch name to use in all
2025-04-16T15:53:06.4220249Z hint: of your new repositories, which will suppress this warning, call:
2025-04-16T15:53:06.4222968Z hint:
2025-04-16T15:53:06.4223852Z hint: 	git config --global init.defaultBranch <name>
2025-04-16T15:53:06.4225570Z hint:
2025-04-16T15:53:06.4226982Z hint: Names commonly chosen instead of 'master' are 'main', 'trunk' and
2025-04-16T15:53:06.4228907Z hint: 'development'. The just-created branch can be renamed via this command:
2025-04-16T15:53:06.4230428Z hint:
2025-04-16T15:53:06.4231293Z hint: 	git branch -m <name>
2025-04-16T15:53:06.4233648Z Initialized empty Git repository in /home/runner/work/date-night-app2/date-night-app2/.git/
2025-04-16T15:53:06.4238996Z [command]/usr/bin/git remote add origin https://github.com/mrkurger/date-night-app2
2025-04-16T15:53:06.4275254Z ##[endgroup]
2025-04-16T15:53:06.4276970Z ##[group]Disabling automatic garbage collection
2025-04-16T15:53:06.4279992Z [command]/usr/bin/git config --local gc.auto 0
2025-04-16T15:53:06.4313291Z ##[endgroup]
2025-04-16T15:53:06.4314807Z ##[group]Setting up auth
2025-04-16T15:53:06.4320752Z [command]/usr/bin/git config --local --name-only --get-regexp core\.sshCommand
2025-04-16T15:53:06.4355159Z [command]/usr/bin/git submodule foreach --recursive sh -c "git config --local --name-only --get-regexp 'core\.sshCommand' && git config --local --unset-all 'core.sshCommand' || :"
2025-04-16T15:53:06.4644080Z [command]/usr/bin/git config --local --name-only --get-regexp http\.https\:\/\/github\.com\/\.extraheader
2025-04-16T15:53:06.4678266Z [command]/usr/bin/git submodule foreach --recursive sh -c "git config --local --name-only --get-regexp 'http\.https\:\/\/github\.com\/\.extraheader' && git config --local --unset-all 'http.https://github.com/.extraheader' || :"
2025-04-16T15:53:06.4925911Z [command]/usr/bin/git config --local http.https://github.com/.extraheader AUTHORIZATION: basic ***
2025-04-16T15:53:06.4969702Z ##[endgroup]
2025-04-16T15:53:06.4972395Z ##[group]Fetching the repository
2025-04-16T15:53:06.4980537Z [command]/usr/bin/git -c protocol.version=2 fetch --prune --no-recurse-submodules origin +refs/heads/*:refs/remotes/origin/* +refs/tags/*:refs/tags/*
2025-04-16T15:53:15.1215472Z From https://github.com/mrkurger/date-night-app2
2025-04-16T15:53:15.1217194Z  * [new branch]      dependabot/github_actions/dawidd6/action-download-artifact-9 -> origin/dependabot/github_actions/dawidd6/action-download-artifact-9
2025-04-16T15:53:15.1218926Z  * [new branch]      dependabot/npm_and_yarn/server/multi-94fa72f662 -> origin/dependabot/npm_and_yarn/server/multi-94fa72f662
2025-04-16T15:53:15.1220008Z  * [new branch]      main       -> origin/main
2025-04-16T15:53:15.1260500Z [command]/usr/bin/git branch --list --remote origin/main
2025-04-16T15:53:15.1288079Z   origin/main
2025-04-16T15:53:15.1310521Z [command]/usr/bin/git rev-parse refs/remotes/origin/main
2025-04-16T15:53:15.1344250Z eb698adacbd9ea5eee3d3f6f2b6d03026a1233b2
2025-04-16T15:53:15.1368280Z ##[endgroup]
2025-04-16T15:53:15.1369368Z ##[group]Determining the checkout info
2025-04-16T15:53:15.1370421Z ##[endgroup]
2025-04-16T15:53:15.1371174Z [command]/usr/bin/git sparse-checkout disable
2025-04-16T15:53:15.1414435Z [command]/usr/bin/git config --local --unset-all extensions.worktreeConfig
2025-04-16T15:53:15.1461629Z ##[group]Checking out the ref
2025-04-16T15:53:15.1464600Z [command]/usr/bin/git checkout --progress --force -B main refs/remotes/origin/main
2025-04-16T15:53:15.5115921Z Switched to a new branch 'main'
2025-04-16T15:53:15.5120109Z branch 'main' set up to track 'origin/main'.
2025-04-16T15:53:15.5149380Z ##[endgroup]
2025-04-16T15:53:15.5225880Z [command]/usr/bin/git log -1 --format=%H
2025-04-16T15:53:15.5261293Z eb698adacbd9ea5eee3d3f6f2b6d03026a1233b2
2025-04-16T15:53:15.5490797Z ##[group]Run actions/setup-node@v4
2025-04-16T15:53:15.5491060Z with:
2025-04-16T15:53:15.5491449Z   node-version: 22.x
2025-04-16T15:53:15.5491640Z   always-auth: false
2025-04-16T15:53:15.5491828Z   check-latest: false
2025-04-16T15:53:15.5492152Z   token: ***
2025-04-16T15:53:15.5492309Z env:
2025-04-16T15:53:15.5492461Z   CI: true
2025-04-16T15:53:15.5492618Z ##[endgroup]
2025-04-16T15:53:15.7232119Z Found in cache @ /opt/hostedtoolcache/node/22.14.0/x64
2025-04-16T15:53:15.7239279Z ##[group]Environment details
2025-04-16T15:53:16.2239254Z node: v22.14.0
2025-04-16T15:53:16.2242866Z npm: 10.9.2
2025-04-16T15:53:16.2243129Z yarn: 1.22.22
2025-04-16T15:53:16.2244011Z ##[endgroup]
2025-04-16T15:53:16.2430880Z ##[group]Run npm install @octokit/rest@19.0.13 fs-extra@11.2.0
2025-04-16T15:53:16.2431319Z [36;1mnpm install @octokit/rest@19.0.13 fs-extra@11.2.0[0m
2025-04-16T15:53:16.2484735Z shell: /usr/bin/bash -e {0}
2025-04-16T15:53:16.2484963Z env:
2025-04-16T15:53:16.2485121Z   CI: true
2025-04-16T15:53:16.2485276Z ##[endgroup]
2025-04-16T15:53:23.1935910Z npm warn deprecated xss-clean@0.1.4: Package no longer supported. Contact Support at https://www.npmjs.com/support for more info.
2025-04-16T15:53:24.6891387Z npm warn deprecated rimraf@3.0.2: Rimraf versions prior to v4 are no longer supported
2025-04-16T15:53:25.2953710Z npm warn deprecated passport-reddit@1.1.0: While functionally complete, this library will not be receiving any updates going forwards. Users are actively discouraged from using OAuth2 for authentication. See archival notice on github for more details.
2025-04-16T15:53:25.7903197Z npm warn deprecated npmlog@5.0.1: This package is no longer supported.
2025-04-16T15:53:26.7272854Z npm warn deprecated superagent@8.1.2: Please upgrade to v9.0.0+ as we have fixed a public vulnerability with formidable dependency. Note that v9.0.0+ requires Node.js v14.18.0+. See https://github.com/ladjs/superagent/pull/1800 for insight. This project is supported and maintained by the team at Forward Email @ https://forwardemail.net
2025-04-16T15:53:26.8644853Z npm warn deprecated inflight@1.0.6: This module is not supported, and leaks memory. Do not use it. Check out lru-cache if you want a good and tested way to coalesce async requests by a key value, which is much more comprehensive and powerful.
2025-04-16T15:53:27.3108242Z npm warn deprecated glob@7.2.3: Glob versions prior to v9 are no longer supported
2025-04-16T15:53:27.7327829Z npm warn deprecated gauge@3.0.2: This package is no longer supported.
2025-04-16T15:53:28.0875802Z npm warn deprecated domexception@4.0.0: Use your platform's native DOMException instead
2025-04-16T15:53:29.0477186Z npm warn deprecated are-we-there-yet@2.0.0: This package is no longer supported.
2025-04-16T15:53:29.3100007Z npm warn deprecated abab@2.0.6: Use your platform's native atob() and btoa() methods instead
2025-04-16T15:53:30.2369145Z npm warn deprecated @humanwhocodes/object-schema@2.0.3: Use @eslint/object-schema instead
2025-04-16T15:53:30.2988091Z npm warn deprecated @humanwhocodes/config-array@0.11.14: Use @eslint/config-array instead
2025-04-16T15:53:37.6054117Z npm warn deprecated eslint@8.56.0: This version is no longer supported. Please see https://eslint.org/version-support for other options.
2025-04-16T15:53:37.6113377Z npm warn deprecated eslint@8.56.0: This version is no longer supported. Please see https://eslint.org/version-support for other options.
2025-04-16T15:54:01.1187260Z 
2025-04-16T15:54:01.1188386Z added 1914 packages, and audited 1917 packages in 45s
2025-04-16T15:54:01.1189200Z 
2025-04-16T15:54:01.1189628Z 354 packages are looking for funding
2025-04-16T15:54:01.1190262Z   run `npm fund` for details
2025-04-16T15:54:01.1395620Z 
2025-04-16T15:54:01.1400232Z 9 moderate severity vulnerabilities
2025-04-16T15:54:01.1406674Z 
2025-04-16T15:54:01.1447192Z To address issues that do not require attention, run:
2025-04-16T15:54:01.1447923Z   npm audit fix
2025-04-16T15:54:01.1448680Z 
2025-04-16T15:54:01.1458357Z To address all issues (including breaking changes), run:
2025-04-16T15:54:01.1458959Z   npm audit fix --force
2025-04-16T15:54:01.1461451Z 
2025-04-16T15:54:01.1461682Z Run `npm audit` for details.
2025-04-16T15:54:01.2292782Z ##[group]Run cat > fetch-workflow-logs.js << 'EOF'
2025-04-16T15:54:01.2293769Z [36;1mcat > fetch-workflow-logs.js << 'EOF'[0m
2025-04-16T15:54:01.2294248Z [36;1mconst { Octokit } = require('@octokit/rest');[0m
2025-04-16T15:54:01.2294710Z [36;1mconst fs = require('fs-extra');[0m
2025-04-16T15:54:01.2295121Z [36;1mconst path = require('path');[0m
2025-04-16T15:54:01.2295505Z [36;1m[0m
2025-04-16T15:54:01.2295777Z [36;1masync function main() {[0m
2025-04-16T15:54:01.2296164Z [36;1m  const owner = process.env.REPO_OWNER;[0m
2025-04-16T15:54:01.2296871Z [36;1m  const repo = process.env.REPO_NAME;[0m
2025-04-16T15:54:01.2297401Z [36;1m  const logsDir = path.join('workflow-error-logs');[0m
2025-04-16T15:54:01.2297863Z [36;1m  [0m
2025-04-16T15:54:01.2298280Z [36;1m  console.log(`Fetching workflow logs for ${owner}/${repo}`);[0m
2025-04-16T15:54:01.2298807Z [36;1m  [0m
2025-04-16T15:54:01.2299170Z [36;1m  // Create logs directory if it doesn't exist[0m
2025-04-16T15:54:01.2299682Z [36;1m  await fs.ensureDir(logsDir);[0m
2025-04-16T15:54:01.2300046Z [36;1m  [0m
2025-04-16T15:54:01.2300512Z [36;1m  const octokit = new Octokit({[0m
2025-04-16T15:54:01.2300840Z [36;1m    auth: process.env.GITHUB_TOKEN,[0m
2025-04-16T15:54:01.2301105Z [36;1m    request: {[0m
2025-04-16T15:54:01.2301305Z [36;1m      retries: 3,[0m
2025-04-16T15:54:01.2301500Z [36;1m      retryAfter: 1[0m
2025-04-16T15:54:01.2301694Z [36;1m    }[0m
2025-04-16T15:54:01.2301848Z [36;1m  });[0m
2025-04-16T15:54:01.2302004Z [36;1m  [0m
2025-04-16T15:54:01.2302165Z [36;1m  // Get all workflows[0m
2025-04-16T15:54:01.2302494Z [36;1m  const { data: workflows } = await octokit.actions.listRepoWorkflows({[0m
2025-04-16T15:54:01.2302820Z [36;1m    owner,[0m
2025-04-16T15:54:01.2302996Z [36;1m    repo,[0m
2025-04-16T15:54:01.2303158Z [36;1m  });[0m
2025-04-16T15:54:01.2303313Z [36;1m  [0m
2025-04-16T15:54:01.2303509Z [36;1m  // Get recent workflow runs (last 30 days)[0m
2025-04-16T15:54:01.2303786Z [36;1m  const thirtyDaysAgo = new Date();[0m
2025-04-16T15:54:01.2304104Z [36;1m  thirtyDaysAgo.setDate(thirtyDaysAgo.getDate() - 30);[0m
2025-04-16T15:54:01.2304399Z [36;1m  [0m
2025-04-16T15:54:01.2304604Z [36;1m  for (const workflow of workflows.workflows) {[0m
2025-04-16T15:54:01.2304979Z [36;1m    console.log(`Processing workflow: ${workflow.name} (${workflow.id})`);[0m
2025-04-16T15:54:01.2305315Z [36;1m    [0m
2025-04-16T15:54:01.2305477Z [36;1m    try {[0m
2025-04-16T15:54:01.2305741Z [36;1m      const { data: runs } = await octokit.actions.listWorkflowRuns({[0m
2025-04-16T15:54:01.2306057Z [36;1m        owner,[0m
2025-04-16T15:54:01.2306236Z [36;1m        repo,[0m
2025-04-16T15:54:01.2306712Z [36;1m        workflow_id: workflow.id,[0m
2025-04-16T15:54:01.2307051Z [36;1m        created: `>=${thirtyDaysAgo.toISOString().split('T')[0]}`,[0m
2025-04-16T15:54:01.2307344Z [36;1m      });[0m
2025-04-16T15:54:01.2307507Z [36;1m      [0m
2025-04-16T15:54:01.2307692Z [36;1m      // Process failed runs[0m
2025-04-16T15:54:01.2307976Z [36;1m      const failedRuns = runs.workflow_runs.filter(run => [0m
2025-04-16T15:54:01.2308432Z [36;1m        run.conclusion === 'failure' || run.conclusion === 'cancelled' || run.conclusion === 'timed_out'[0m
2025-04-16T15:54:01.2308824Z [36;1m      );[0m
2025-04-16T15:54:01.2308979Z [36;1m      [0m
2025-04-16T15:54:01.2309272Z [36;1m      console.log(`Found ${failedRuns.length} failed runs for ${workflow.name}`);[0m
2025-04-16T15:54:01.2309614Z [36;1m      [0m
2025-04-16T15:54:01.2309792Z [36;1m      for (const run of failedRuns) {[0m
2025-04-16T15:54:01.2310132Z [36;1m        const runDate = new Date(run.created_at).toISOString().split('T')[0];[0m
2025-04-16T15:54:01.2310649Z [36;1m        const workflowDir = path.join(logsDir, workflow.name.replace(/[^a-zA-Z0-9]/g, '-').toLowerCase());[0m
2025-04-16T15:54:01.2311155Z [36;1m        const runDir = path.join(workflowDir, `${runDate}_${run.id}`);[0m
2025-04-16T15:54:01.2311800Z [36;1m        [0m
2025-04-16T15:54:01.2311998Z [36;1m        await fs.ensureDir(runDir);[0m
2025-04-16T15:54:01.2312232Z [36;1m        [0m
2025-04-16T15:54:01.2312400Z [36;1m        // Save run metadata[0m
2025-04-16T15:54:01.2312745Z [36;1m        await fs.writeJson(path.join(runDir, 'metadata.json'), run, { spaces: 2 });[0m
2025-04-16T15:54:01.2313080Z [36;1m        [0m
2025-04-16T15:54:01.2313243Z [36;1m        try {[0m
2025-04-16T15:54:01.2313439Z [36;1m          // Get jobs for this run[0m
2025-04-16T15:54:01.2313783Z [36;1m          const { data: jobs } = await octokit.actions.listJobsForWorkflowRun({[0m
2025-04-16T15:54:01.2314138Z [36;1m            owner,[0m
2025-04-16T15:54:01.2314376Z [36;1m            repo,[0m
2025-04-16T15:54:01.2314573Z [36;1m            run_id: run.id,[0m
2025-04-16T15:54:01.2314775Z [36;1m          });[0m
2025-04-16T15:54:01.2314948Z [36;1m          [0m
2025-04-16T15:54:01.2315137Z [36;1m          // Save jobs metadata[0m
2025-04-16T15:54:01.2315470Z [36;1m          await fs.writeJson(path.join(runDir, 'jobs.json'), jobs, { spaces: 2 });[0m
2025-04-16T15:54:01.2315797Z [36;1m          [0m
2025-04-16T15:54:01.2315976Z [36;1m          // Process each job[0m
2025-04-16T15:54:01.2316218Z [36;1m          for (const job of jobs.jobs) {[0m
2025-04-16T15:54:01.2317162Z [36;1m            if (job.conclusion === 'failure' || job.conclusion === 'cancelled' || job.conclusion === 'timed_out') {[0m
2025-04-16T15:54:01.2317748Z [36;1m              const jobDir = path.join(runDir, job.name.replace(/[^a-zA-Z0-9]/g, '-').toLowerCase());[0m
2025-04-16T15:54:01.2318167Z [36;1m              await fs.ensureDir(jobDir);[0m
2025-04-16T15:54:01.2318419Z [36;1m              [0m
2025-04-16T15:54:01.2318637Z [36;1m              // Save job metadata[0m
2025-04-16T15:54:01.2319021Z [36;1m              await fs.writeJson(path.join(jobDir, 'job-metadata.json'), job, { spaces: 2 });[0m
2025-04-16T15:54:01.2319394Z [36;1m              [0m
2025-04-16T15:54:01.2319581Z [36;1m              try {[0m
2025-04-16T15:54:01.2319780Z [36;1m                // Get job logs[0m
2025-04-16T15:54:01.2320126Z [36;1m                const logs = await octokit.actions.downloadJobLogsForWorkflowRun({[0m
2025-04-16T15:54:01.2320472Z [36;1m                  owner,[0m
2025-04-16T15:54:01.2320687Z [36;1m                  repo,[0m
2025-04-16T15:54:01.2320901Z [36;1m                  job_id: job.id,[0m
2025-04-16T15:54:01.2321124Z [36;1m                });[0m
2025-04-16T15:54:01.2321312Z [36;1m                [0m
2025-04-16T15:54:01.2321495Z [36;1m                // Save logs[0m
2025-04-16T15:54:01.2321802Z [36;1m                await fs.writeFile(path.join(jobDir, 'logs.txt'), logs.data);[0m
2025-04-16T15:54:01.2322212Z [36;1m                console.log(`Saved logs for job ${job.name} (${job.id})`);[0m
2025-04-16T15:54:01.2322531Z [36;1m              } catch (error) {[0m
2025-04-16T15:54:01.2322886Z [36;1m                console.error(`Error fetching logs for job ${job.id}: ${error.message}`);[0m
2025-04-16T15:54:01.2323409Z [36;1m                await fs.writeFile(path.join(jobDir, 'error.txt'), `Error fetching logs: ${error.message}`);[0m
2025-04-16T15:54:01.2323801Z [36;1m              }[0m
2025-04-16T15:54:01.2323977Z [36;1m            }[0m
2025-04-16T15:54:01.2324151Z [36;1m          }[0m
2025-04-16T15:54:01.2324326Z [36;1m        } catch (error) {[0m
2025-04-16T15:54:01.2324645Z [36;1m          console.error(`Error processing run ${run.id}: ${error.message}`);[0m
2025-04-16T15:54:01.2325141Z [36;1m          await fs.writeFile(path.join(runDir, 'error.txt'), `Error processing run: ${error.message}`);[0m
2025-04-16T15:54:01.2325518Z [36;1m        }[0m
2025-04-16T15:54:01.2325685Z [36;1m      }[0m
2025-04-16T15:54:01.2325852Z [36;1m    } catch (error) {[0m
2025-04-16T15:54:01.2326193Z [36;1m      console.error(`Error processing workflow ${workflow.id}: ${error.message}`);[0m
2025-04-16T15:54:01.2326808Z [36;1m    }[0m
2025-04-16T15:54:01.2327120Z [36;1m  }[0m
2025-04-16T15:54:01.2327281Z [36;1m  [0m
2025-04-16T15:54:01.2327451Z [36;1m  // Create summary file[0m
2025-04-16T15:54:01.2327670Z [36;1m  const summary = {[0m
2025-04-16T15:54:01.2327893Z [36;1m    timestamp: new Date().toISOString(),[0m
2025-04-16T15:54:01.2328195Z [36;1m    totalWorkflows: workflows.workflows.length,[0m
2025-04-16T15:54:01.2328522Z [36;1m    workflowSummary: workflows.workflows.map(w => ({[0m
2025-04-16T15:54:01.2328795Z [36;1m      name: w.name,[0m
2025-04-16T15:54:01.2328991Z [36;1m      id: w.id,[0m
2025-04-16T15:54:01.2329171Z [36;1m      path: w.path,[0m
2025-04-16T15:54:01.2329359Z [36;1m    })),[0m
2025-04-16T15:54:01.2329511Z [36;1m  };[0m
2025-04-16T15:54:01.2329667Z [36;1m  [0m
2025-04-16T15:54:01.2329954Z [36;1m  await fs.writeJson(path.join(logsDir, 'summary.json'), summary, { spaces: 2 });[0m
2025-04-16T15:54:01.2330363Z [36;1m  console.log('Workflow error logs sync completed');[0m
2025-04-16T15:54:01.2330639Z [36;1m}[0m
2025-04-16T15:54:01.2330785Z [36;1m[0m
2025-04-16T15:54:01.2330945Z [36;1mmain().catch(error => {[0m
2025-04-16T15:54:01.2331199Z [36;1m  console.error('Error in main process:', error);[0m
2025-04-16T15:54:01.2331472Z [36;1m  process.exit(1);[0m
2025-04-16T15:54:01.2331657Z [36;1m});[0m
2025-04-16T15:54:01.2331810Z [36;1mEOF[0m
2025-04-16T15:54:01.2331954Z [36;1m[0m
2025-04-16T15:54:01.2332125Z [36;1mnode fetch-workflow-logs.js[0m
2025-04-16T15:54:01.2378594Z shell: /usr/bin/bash -e {0}
2025-04-16T15:54:01.2378842Z env:
2025-04-16T15:54:01.2378996Z   CI: true
2025-04-16T15:54:01.2379365Z   GITHUB_TOKEN: ***
2025-04-16T15:54:01.2379552Z   REPO_OWNER: mrkurger
2025-04-16T15:54:01.2379751Z   REPO_NAME: date-night-app2
2025-04-16T15:54:01.2379959Z ##[endgroup]
2025-04-16T15:54:01.3214526Z Fetching workflow logs for mrkurger/date-night-app2
2025-04-16T15:54:01.5337838Z Processing workflow: Angular Tests (156396503)
2025-04-16T15:54:02.1653155Z Found 25 failed runs for Angular Tests
2025-04-16T15:54:02.7106189Z Saved logs for job e2e (22.x) (40665045272)
2025-04-16T15:54:02.8354111Z Saved logs for job test (22.x) (40665045274)
2025-04-16T15:54:03.3491169Z Saved logs for job test (22.x) (40664496095)
2025-04-16T15:54:03.5427732Z Saved logs for job e2e (22.x) (40664496108)
2025-04-16T15:54:04.0251337Z Saved logs for job e2e (22.x) (40663459721)
2025-04-16T15:54:04.1948718Z Saved logs for job test (22.x) (40663459733)
2025-04-16T15:54:04.6691562Z Saved logs for job e2e (22.x) (40662876861)
2025-04-16T15:54:04.7852198Z Saved logs for job test (22.x) (40662876876)
2025-04-16T15:54:05.2152417Z Saved logs for job e2e (22.x) (40662340818)
2025-04-16T15:54:05.3573871Z Saved logs for job test (22.x) (40662340822)
2025-04-16T15:54:05.8598926Z Saved logs for job test (22.x) (40660813802)
2025-04-16T15:54:06.0799877Z Saved logs for job e2e (22.x) (40660813807)
2025-04-16T15:54:06.5056305Z Saved logs for job e2e (22.x) (40659963795)
2025-04-16T15:54:06.6537164Z Saved logs for job test (22.x) (40659963797)
2025-04-16T15:54:06.7951327Z Saved logs for job lint (22.x) (40659963816)
2025-04-16T15:54:07.2778079Z Saved logs for job e2e (22.x) (40658470007)
2025-04-16T15:54:07.4563462Z Saved logs for job lint (22.x) (40658470023)
2025-04-16T15:54:07.6349440Z Saved logs for job test (22.x) (40658470025)
2025-04-16T15:54:08.0133327Z Saved logs for job test (22.x) (40656595432)
2025-04-16T15:54:08.1387718Z Saved logs for job e2e (22.x) (40656595450)
2025-04-16T15:54:08.2811360Z Saved logs for job lint (22.x) (40656595451)
2025-04-16T15:54:08.6516711Z Saved logs for job lint (22.x) (40648995689)
2025-04-16T15:54:08.7959744Z Saved logs for job e2e (22.x) (40648995690)
2025-04-16T15:54:08.9565370Z Saved logs for job test (22.x) (40648995699)
2025-04-16T15:54:09.8866289Z Saved logs for job test (22.x) (40648936041)
2025-04-16T15:54:10.0779255Z Saved logs for job lint (22.x) (40648936049)
2025-04-16T15:54:10.2322225Z Saved logs for job e2e (22.x) (40648936088)
2025-04-16T15:54:10.7289653Z Saved logs for job test (22.x) (40645363558)
2025-04-16T15:54:10.8676926Z Saved logs for job e2e (22.x) (40645363568)
2025-04-16T15:54:11.0114590Z Saved logs for job lint (22.x) (40645363582)
2025-04-16T15:54:11.4649684Z Saved logs for job test (22.x) (40642315715)
2025-04-16T15:54:11.6267823Z Saved logs for job e2e (22.x) (40642315733)
2025-04-16T15:54:11.7557275Z Saved logs for job lint (22.x) (40642315744)
2025-04-16T15:54:12.1294649Z Saved logs for job test (22.x) (40640408484)
2025-04-16T15:54:12.3010550Z Saved logs for job e2e (22.x) (40640408487)
2025-04-16T15:54:12.4466038Z Saved logs for job lint (22.x) (40640408495)
2025-04-16T15:54:12.8231208Z Saved logs for job test (22.x) (40639200761)
2025-04-16T15:54:12.9767114Z Saved logs for job e2e (22.x) (40639200762)
2025-04-16T15:54:13.1175875Z Saved logs for job lint (22.x) (40639200772)
2025-04-16T15:54:13.6645947Z Saved logs for job test (22.x) (40638434179)
2025-04-16T15:54:13.8079885Z Saved logs for job lint (22.x) (40638434180)
2025-04-16T15:54:13.9536749Z Saved logs for job e2e (22.x) (40638434197)
2025-04-16T15:54:14.3200652Z Saved logs for job test (22.x) (40638117917)
2025-04-16T15:54:14.4385980Z Saved logs for job e2e (22.x) (40638117918)
2025-04-16T15:54:14.6062395Z Saved logs for job lint (22.x) (40638117931)
2025-04-16T15:54:15.0939857Z Saved logs for job test (22.x) (40637222574)
2025-04-16T15:54:15.2258181Z Saved logs for job e2e (22.x) (40637222590)
2025-04-16T15:54:15.3647859Z Saved logs for job lint (22.x) (40637222627)
2025-04-16T15:54:15.8078613Z Saved logs for job e2e (22.x) (40636317713)
2025-04-16T15:54:15.9548720Z Saved logs for job test (22.x) (40636317717)
2025-04-16T15:54:16.0850678Z Saved logs for job lint (22.x) (40636317718)
2025-04-16T15:54:16.5200482Z Saved logs for job test (22.x) (40635520017)
2025-04-16T15:54:16.6528827Z Saved logs for job e2e (22.x) (40635520024)
2025-04-16T15:54:16.7949400Z Saved logs for job lint (22.x) (40635520025)
2025-04-16T15:54:17.3557397Z Saved logs for job e2e (22.x) (40631138588)
2025-04-16T15:54:17.4925453Z Saved logs for job test (22.x) (40631138593)
2025-04-16T15:54:17.8974716Z Saved logs for job test (22.x) (40628452555)
2025-04-16T15:54:18.0364348Z Saved logs for job e2e (22.x) (40628452573)
2025-04-16T15:54:18.5378536Z Saved logs for job test (22.x) (40625114143)
2025-04-16T15:54:18.7213728Z Saved logs for job e2e (22.x) (40625114153)
2025-04-16T15:54:19.2073595Z Saved logs for job e2e (22.x) (40623556700)
2025-04-16T15:54:19.3222806Z Saved logs for job test (22.x) (40623556710)
2025-04-16T15:54:19.8384062Z Saved logs for job e2e (22.x) (40623232672)
2025-04-16T15:54:19.9620605Z Saved logs for job test (22.x) (40623232677)
2025-04-16T15:54:19.9626983Z Processing workflow: Security Alerts Report (Alternative) (156517337)
2025-04-16T15:54:20.1268697Z Found 0 failed runs for Security Alerts Report (Alternative)
2025-04-16T15:54:20.1270440Z Processing workflow: Security Alerts Report (156511788)
2025-04-16T15:54:20.3279065Z Found 1 failed runs for Security Alerts Report
2025-04-16T15:54:20.8438605Z Saved logs for job generate-report (40657820058)
2025-04-16T15:54:20.8442841Z Processing workflow: Server Tests (156396504)
2025-04-16T15:54:21.2025376Z Found 7 failed runs for Server Tests
2025-04-16T15:54:21.5345562Z Saved logs for job test (22.x) (40663459741)
2025-04-16T15:54:21.9228321Z Saved logs for job test (22.x) (40659963757)
2025-04-16T15:54:22.0476558Z Saved logs for job lint (22.x) (40659963777)
2025-04-16T15:54:22.4603696Z Saved logs for job lint (22.x) (40656595380)
2025-04-16T15:54:22.6518277Z Saved logs for job test (22.x) (40656595382)
2025-04-16T15:54:23.1215228Z Saved logs for job test (22.x) (40648936051)
2025-04-16T15:54:23.2404111Z Saved logs for job lint (22.x) (40648936076)
2025-04-16T15:54:23.6637716Z Saved logs for job lint (22.x) (40636317715)
2025-04-16T15:54:23.8297067Z Saved logs for job test (22.x) (40636317724)
2025-04-16T15:54:24.1891356Z Saved logs for job lint (22.x) (40636157199)
2025-04-16T15:54:24.3332631Z Saved logs for job test (22.x) (40636157200)
2025-04-16T15:54:24.7521636Z Saved logs for job test (22.x) (40631138589)
2025-04-16T15:54:24.7524060Z Processing workflow: Sync GitHub Insights (Alternative) (156517338)
2025-04-16T15:54:24.8610425Z Found 0 failed runs for Sync GitHub Insights (Alternative)
2025-04-16T15:54:24.8611972Z Processing workflow: Sync GitHub Insights (Fixed) (156518590)
2025-04-16T15:54:25.0263439Z Found 0 failed runs for Sync GitHub Insights (Fixed)
2025-04-16T15:54:25.0264142Z Processing workflow: Sync GitHub Insights (156511789)
2025-04-16T15:54:25.2946220Z Found 3 failed runs for Sync GitHub Insights
2025-04-16T15:54:25.6691464Z Saved logs for job sync-insights (40658529730)
2025-04-16T15:54:26.2024996Z Saved logs for job sync-insights (40657800158)
2025-04-16T15:54:26.6518815Z Saved logs for job sync-insights (40656793753)
2025-04-16T15:54:26.6520396Z Processing workflow: Sync Test Reports (156511790)
2025-04-16T15:54:27.1593060Z Found 2 failed runs for Sync Test Reports
2025-04-16T15:54:27.4956575Z Saved logs for job sync-reports (40656664593)
2025-04-16T15:54:27.8149306Z Saved logs for job sync-reports (40656644372)
2025-04-16T15:54:27.8151688Z Processing workflow: Sync Workflow Error Logs (156531139)
2025-04-16T15:54:28.1620689Z Found 13 failed runs for Sync Workflow Error Logs
2025-04-16T15:54:28.5031742Z Saved logs for job sync-error-logs (40663884504)
2025-04-16T15:54:28.8455282Z Saved logs for job sync-error-logs (40663871175)
2025-04-16T15:54:29.2582834Z Saved logs for job sync-error-logs (40663862163)
2025-04-16T15:54:29.6598090Z Saved logs for job sync-error-logs (40663803075)
2025-04-16T15:54:30.0765240Z Saved logs for job sync-error-logs (40663762300)
2025-04-16T15:54:30.4723549Z Saved logs for job sync-error-logs (40663734511)
2025-04-16T15:54:30.8930233Z Saved logs for job sync-error-logs (40663704386)
2025-04-16T15:54:31.2737028Z Saved logs for job sync-error-logs (40663657537)
2025-04-16T15:54:31.6413873Z Saved logs for job sync-error-logs (40663640084)
2025-04-16T15:54:31.9538795Z Saved logs for job sync-error-logs (40663610469)
2025-04-16T15:54:32.3110549Z Saved logs for job sync-error-logs (40663581882)
2025-04-16T15:54:32.6481892Z Saved logs for job sync-error-logs (40663556539)
2025-04-16T15:54:33.0107765Z Saved logs for job sync-error-logs (40663029643)
2025-04-16T15:54:33.0108979Z Processing workflow: Sync Workflow Error Logs (Robust) (156532769)
2025-04-16T15:54:33.6082899Z Found 22 failed runs for Sync Workflow Error Logs (Robust)
2025-04-16T15:54:33.8613429Z Saved logs for job sync-error-logs (40667169107)
2025-04-16T15:54:34.2342877Z Saved logs for job sync-error-logs (40665192111)
2025-04-16T15:54:34.5977422Z Saved logs for job sync-error-logs (40665160549)
2025-04-16T15:54:35.0209510Z Saved logs for job sync-error-logs (40664651912)
2025-04-16T15:54:35.4152940Z Saved logs for job sync-error-logs (40664616106)
2025-04-16T15:54:35.8936907Z Saved logs for job sync-error-logs (40664499845)
2025-04-16T15:54:36.2647186Z Saved logs for job sync-error-logs (40664435963)
2025-04-16T15:54:36.6786660Z Saved logs for job sync-error-logs (40663852786)
2025-04-16T15:54:37.1367103Z Saved logs for job sync-error-logs (40663768800)
2025-04-16T15:54:37.4554195Z Saved logs for job sync-error-logs (40663746533)
2025-04-16T15:54:37.8504255Z Saved logs for job sync-error-logs (40663734604)
2025-04-16T15:54:38.2895850Z Saved logs for job sync-error-logs (40663734211)
2025-04-16T15:54:38.5516846Z Saved logs for job sync-error-logs (40663726146)
2025-04-16T15:54:38.9422869Z Saved logs for job sync-error-logs (40663694016)
2025-04-16T15:54:39.3280887Z Saved logs for job sync-error-logs (40663680006)
2025-04-16T15:54:39.6185162Z Saved logs for job sync-error-logs (40663676815)
2025-04-16T15:54:39.9583842Z Saved logs for job sync-error-logs (40663642603)
2025-04-16T15:54:40.3645610Z Saved logs for job sync-error-logs (40663640193)
2025-04-16T15:54:40.7203591Z Saved logs for job sync-error-logs (40663610483)
2025-04-16T15:54:41.0335250Z Saved logs for job sync-error-logs (40663581813)
2025-04-16T15:54:41.3834040Z Saved logs for job sync-error-logs (40663556527)
2025-04-16T15:54:41.6415462Z Saved logs for job sync-error-logs (40663489150)
2025-04-16T15:54:41.6417814Z Processing workflow: Sync Workflow Error Logs (156529457)
2025-04-16T15:54:42.0646947Z Found 16 failed runs for Sync Workflow Error Logs
2025-04-16T15:54:42.3562644Z Saved logs for job sync-error-logs (40663978660)
2025-04-16T15:54:42.8202545Z Saved logs for job sync-error-logs (40663935374)
2025-04-16T15:54:43.1201029Z Saved logs for job sync-error-logs (40663840001)
2025-04-16T15:54:43.5197619Z Saved logs for job sync-error-logs (40663802949)
2025-04-16T15:54:43.8984707Z Saved logs for job sync-error-logs (40663762365)
2025-04-16T15:54:44.2200783Z Saved logs for job sync-error-logs (40663734602)
2025-04-16T15:54:44.4949484Z Saved logs for job sync-error-logs (40663704422)
2025-04-16T15:54:44.8665405Z Saved logs for job sync-error-logs (40663657651)
2025-04-16T15:54:45.1966037Z Saved logs for job sync-error-logs (40663640395)
2025-04-16T15:54:45.5098582Z Saved logs for job sync-error-logs (40663610514)
2025-04-16T15:54:45.9278572Z Saved logs for job sync-error-logs (40663581717)
2025-04-16T15:54:46.2519719Z Saved logs for job sync-error-logs (40663556577)
2025-04-16T15:54:46.6651607Z Saved logs for job sync-error-logs (40663029928)
2025-04-16T15:54:47.0985869Z Saved logs for job sync-error-logs (40662993597)
2025-04-16T15:54:47.3883339Z Saved logs for job sync-error-logs (40662475242)
2025-04-16T15:54:47.7863997Z Saved logs for job sync-error-logs (40662446363)
2025-04-16T15:54:47.7870073Z Processing workflow: Dependabot Updates (153911032)
2025-04-16T15:54:48.6306839Z Found 13 failed runs for Dependabot Updates
2025-04-16T15:54:48.9382683Z Saved logs for job Dependabot (40667240338)
2025-04-16T15:54:49.3163362Z Saved logs for job Dependabot (40667235385)
2025-04-16T15:54:49.6916013Z Saved logs for job Dependabot (40657560162)
2025-04-16T15:54:50.0942797Z Saved logs for job Dependabot (40657559762)
2025-04-16T15:54:50.5078867Z Saved logs for job Dependabot (40657410431)
2025-04-16T15:54:50.9181346Z Saved logs for job Dependabot (40657409984)
2025-04-16T15:54:51.3717951Z Saved logs for job Dependabot (40656602439)
2025-04-16T15:54:51.8210780Z Saved logs for job Dependabot (40656599224)
2025-04-16T15:54:52.1948471Z Saved logs for job Dependabot (40656599232)
2025-04-16T15:54:52.5902677Z Saved logs for job Dependabot (40648953960)
2025-04-16T15:54:52.8906305Z Saved logs for job Dependabot (40636173412)
2025-04-16T15:54:53.2649173Z Saved logs for job Dependabot (40635535253)
2025-04-16T15:54:53.5816030Z Saved logs for job Dependabot (40620670121)
2025-04-16T15:54:53.5818702Z Workflow error logs sync completed
2025-04-16T15:54:53.5957090Z ##[group]Run cat > workflow-error-logs/README.md << 'EOF'
2025-04-16T15:54:53.5957736Z [36;1mcat > workflow-error-logs/README.md << 'EOF'[0m
2025-04-16T15:54:53.5958016Z [36;1m# Workflow Error Logs[0m
2025-04-16T15:54:53.5958217Z [36;1m[0m
2025-04-16T15:54:53.5958744Z [36;1mThis directory contains logs from failed GitHub Actions workflow runs. These logs are automatically collected by the "Sync Workflow Error Logs" workflow.[0m
2025-04-16T15:54:53.5959345Z [36;1m[0m
2025-04-16T15:54:53.5959512Z [36;1m## Directory Structure[0m
2025-04-16T15:54:53.5959712Z [36;1m[0m
2025-04-16T15:54:53.5959858Z [36;1m```[0m
2025-04-16T15:54:53.5960028Z [36;1mworkflow-error-logs/[0m
2025-04-16T15:54:53.5960279Z [36;1mâ”œâ”€â”€ {workflow-name}/[0m
2025-04-16T15:54:53.5960489Z [36;1mâ”‚   â”œâ”€â”€ {date}_{run-id}/[0m
2025-04-16T15:54:53.5960762Z [36;1mâ”‚   â”‚   â”œâ”€â”€ metadata.json       # Run metadata[0m
2025-04-16T15:54:53.5961046Z [36;1mâ”‚   â”‚   â”œâ”€â”€ jobs.json           # Jobs metadata[0m
2025-04-16T15:54:53.5961333Z [36;1mâ”‚   â”‚   â”œâ”€â”€ {job-name}/[0m
2025-04-16T15:54:53.5961579Z [36;1mâ”‚   â”‚   â”‚   â”œâ”€â”€ job-metadata.json  # Job metadata[0m
2025-04-16T15:54:53.5961868Z [36;1mâ”‚   â”‚   â”‚   â””â”€â”€ logs.txt           # Job logs[0m
2025-04-16T15:54:53.5962100Z [36;1mâ”‚   â”‚   â””â”€â”€ ...[0m
2025-04-16T15:54:53.5962280Z [36;1mâ”‚   â””â”€â”€ ...[0m
2025-04-16T15:54:53.5962469Z [36;1mâ””â”€â”€ ...[0m
2025-04-16T15:54:53.5962830Z [36;1m```[0m
2025-04-16T15:54:53.5962985Z [36;1m[0m
2025-04-16T15:54:53.5963137Z [36;1m## Using These Logs[0m
2025-04-16T15:54:53.5963327Z [36;1m[0m
2025-04-16T15:54:53.5963826Z [36;1mThese logs can be used to diagnose and fix issues with GitHub Actions workflows. Look for error messages, failed steps, and other indicators of problems.[0m
2025-04-16T15:54:53.5964386Z [36;1m[0m
2025-04-16T15:54:53.5964544Z [36;1m## Automatic Collection[0m
2025-04-16T15:54:53.5964747Z [36;1m[0m
2025-04-16T15:54:53.5964899Z [36;1mLogs are collected:[0m
2025-04-16T15:54:53.5965121Z [36;1m- After any workflow completes[0m
2025-04-16T15:54:53.5965373Z [36;1m- Every 6 hours via scheduled run[0m
2025-04-16T15:54:53.5965614Z [36;1m- Manually via workflow dispatch[0m
2025-04-16T15:54:53.5965834Z [36;1m[0m
2025-04-16T15:54:53.5965978Z [36;1m## Retention[0m
2025-04-16T15:54:53.5966147Z [36;1m[0m
2025-04-16T15:54:53.5966342Z [36;1mOnly logs from the past 30 days are collected.[0m
2025-04-16T15:54:53.5966932Z [36;1mEOF[0m
2025-04-16T15:54:53.6014131Z shell: /usr/bin/bash -e {0}
2025-04-16T15:54:53.6014340Z env:
2025-04-16T15:54:53.6014497Z   CI: true
2025-04-16T15:54:53.6014649Z ##[endgroup]
2025-04-16T15:54:53.6112046Z ##[group]Run git config --local user.email "action@github.com"
2025-04-16T15:54:53.6112559Z [36;1mgit config --local user.email "action@github.com"[0m
2025-04-16T15:54:53.6112884Z [36;1mgit config --local user.name "GitHub Action"[0m
2025-04-16T15:54:53.6153880Z shell: /usr/bin/bash -e {0}
2025-04-16T15:54:53.6154086Z env:
2025-04-16T15:54:53.6154237Z   CI: true
2025-04-16T15:54:53.6154385Z ##[endgroup]
2025-04-16T15:54:53.6285489Z ##[group]Run # Fetch the latest changes from the remote repository
2025-04-16T15:54:53.6285897Z [36;1m# Fetch the latest changes from the remote repository[0m
2025-04-16T15:54:53.6286194Z [36;1mgit fetch origin main[0m
2025-04-16T15:54:53.6327281Z shell: /usr/bin/bash -e {0}
2025-04-16T15:54:53.6327491Z env:
2025-04-16T15:54:53.6327652Z   CI: true
2025-04-16T15:54:53.6327804Z ##[endgroup]
2025-04-16T15:54:53.9207458Z From https://github.com/mrkurger/date-night-app2
2025-04-16T15:54:53.9208352Z  * branch            main       -> FETCH_HEAD
2025-04-16T15:54:53.9286218Z ##[group]Run # Check if there are any conflicts between local and remote
2025-04-16T15:54:53.9287341Z [36;1m# Check if there are any conflicts between local and remote[0m
2025-04-16T15:54:53.9288200Z [36;1mif git merge-tree $(git merge-base HEAD origin/main) HEAD origin/main | grep -e "^<<<<<<< ";[0m
2025-04-16T15:54:53.9288917Z [36;1mthen[0m
2025-04-16T15:54:53.9289293Z [36;1m  echo "has_conflicts=true" >> $GITHUB_OUTPUT[0m
2025-04-16T15:54:53.9289745Z [36;1melse[0m
2025-04-16T15:54:53.9290112Z [36;1m  echo "has_conflicts=false" >> $GITHUB_OUTPUT[0m
2025-04-16T15:54:53.9290576Z [36;1mfi[0m
2025-04-16T15:54:53.9344054Z shell: /usr/bin/bash -e {0}
2025-04-16T15:54:53.9344266Z env:
2025-04-16T15:54:53.9344423Z   CI: true
2025-04-16T15:54:53.9344594Z ##[endgroup]
2025-04-16T15:54:53.9535604Z ##[group]Run # Pull the latest changes with rebase strategy
2025-04-16T15:54:53.9536001Z [36;1m# Pull the latest changes with rebase strategy[0m
2025-04-16T15:54:53.9536297Z [36;1mgit pull --rebase origin main[0m
2025-04-16T15:54:53.9536892Z [36;1m[0m
2025-04-16T15:54:53.9537079Z [36;1mgit add workflow-error-logs[0m
2025-04-16T15:54:53.9537301Z [36;1m[0m
2025-04-16T15:54:53.9537482Z [36;1m# Only commit if there are changes[0m
2025-04-16T15:54:53.9537746Z [36;1mif git diff --staged --quiet; then[0m
2025-04-16T15:54:53.9537994Z [36;1m  echo "No changes to commit"[0m
2025-04-16T15:54:53.9538212Z [36;1melse[0m
2025-04-16T15:54:53.9538441Z [36;1m  git commit -m "Update workflow error logs [skip ci]"[0m
2025-04-16T15:54:53.9538726Z [36;1m  git push[0m
2025-04-16T15:54:53.9538894Z [36;1mfi[0m
2025-04-16T15:54:53.9592538Z shell: /usr/bin/bash -e {0}
2025-04-16T15:54:53.9592898Z env:
2025-04-16T15:54:53.9593149Z   CI: true
2025-04-16T15:54:53.9593653Z ##[endgroup]
2025-04-16T15:54:54.4528765Z error: cannot pull with rebase: You have unstaged changes.
2025-04-16T15:54:54.4529497Z error: Please commit or stash them.
2025-04-16T15:54:54.4542007Z ##[error]Process completed with exit code 128.
2025-04-16T15:54:54.4637415Z Post job cleanup.
2025-04-16T15:54:54.5577004Z [command]/usr/bin/git version
2025-04-16T15:54:54.5618075Z git version 2.49.0
2025-04-16T15:54:54.5665000Z Temporarily overriding HOME='/home/runner/work/_temp/412f7ff6-54ff-4045-9666-30b5cfc1a587' before making global git config changes
2025-04-16T15:54:54.5667581Z Adding repository directory to the temporary git global config as a safe directory
2025-04-16T15:54:54.5681196Z [command]/usr/bin/git config --global --add safe.directory /home/runner/work/date-night-app2/date-night-app2
2025-04-16T15:54:54.5721211Z [command]/usr/bin/git config --local --name-only --get-regexp core\.sshCommand
2025-04-16T15:54:54.5757578Z [command]/usr/bin/git submodule foreach --recursive sh -c "git config --local --name-only --get-regexp 'core\.sshCommand' && git config --local --unset-all 'core.sshCommand' || :"
2025-04-16T15:54:54.6003344Z [command]/usr/bin/git config --local --name-only --get-regexp http\.https\:\/\/github\.com\/\.extraheader
2025-04-16T15:54:54.6027133Z http.https://github.com/.extraheader
2025-04-16T15:54:54.6041755Z [command]/usr/bin/git config --local --unset-all http.https://github.com/.extraheader
2025-04-16T15:54:54.6075551Z [command]/usr/bin/git submodule foreach --recursive sh -c "git config --local --name-only --get-regexp 'http\.https\:\/\/github\.com\/\.extraheader' && git config --local --unset-all 'http.https://github.com/.extraheader' || :"
2025-04-16T15:54:54.6414905Z Cleaning up orphan processes
