2025-04-16T13:26:26.5915329Z Current runner version: '2.323.0'
2025-04-16T13:26:26.5950166Z ##[group]Operating System
2025-04-16T13:26:26.5951427Z Ubuntu
2025-04-16T13:26:26.5952292Z 24.04.2
2025-04-16T13:26:26.5953120Z LTS
2025-04-16T13:26:26.5953919Z ##[endgroup]
2025-04-16T13:26:26.5955038Z ##[group]Runner Image
2025-04-16T13:26:26.5955975Z Image: ubuntu-24.04
2025-04-16T13:26:26.5956882Z Version: 20250413.1.0
2025-04-16T13:26:26.5958691Z Included Software: https://github.com/actions/runner-images/blob/ubuntu24/20250413.1/images/ubuntu/Ubuntu2404-Readme.md
2025-04-16T13:26:26.5961217Z Image Release: https://github.com/actions/runner-images/releases/tag/ubuntu24%2F20250413.1
2025-04-16T13:26:26.5962903Z ##[endgroup]
2025-04-16T13:26:26.5963712Z ##[group]Runner Image Provisioner
2025-04-16T13:26:26.5964931Z 2.0.422.1
2025-04-16T13:26:26.5965624Z ##[endgroup]
2025-04-16T13:26:26.5970226Z ##[group]GITHUB_TOKEN Permissions
2025-04-16T13:26:26.5973036Z Actions: write
2025-04-16T13:26:26.5974368Z Attestations: write
2025-04-16T13:26:26.5975617Z Checks: write
2025-04-16T13:26:26.5976586Z Contents: write
2025-04-16T13:26:26.5977457Z Deployments: write
2025-04-16T13:26:26.5978277Z Discussions: write
2025-04-16T13:26:26.5979247Z Issues: write
2025-04-16T13:26:26.5980044Z Metadata: read
2025-04-16T13:26:26.5980835Z Models: read
2025-04-16T13:26:26.5981776Z Packages: write
2025-04-16T13:26:26.5982596Z Pages: write
2025-04-16T13:26:26.5983405Z PullRequests: write
2025-04-16T13:26:26.5984363Z RepositoryProjects: write
2025-04-16T13:26:26.5985882Z SecurityEvents: write
2025-04-16T13:26:26.5986673Z Statuses: write
2025-04-16T13:26:26.5987580Z ##[endgroup]
2025-04-16T13:26:26.5990684Z Secret source: Actions
2025-04-16T13:26:26.5991995Z Prepare workflow directory
2025-04-16T13:26:26.6512305Z Prepare all required actions
2025-04-16T13:26:26.6645678Z Getting action download info
2025-04-16T13:26:27.3353357Z ##[group]Download immutable action package 'actions/checkout@v4'
2025-04-16T13:26:27.3354536Z Version: 4.2.2
2025-04-16T13:26:27.3356192Z Digest: sha256:ccb2698953eaebd21c7bf6268a94f9c26518a7e38e27e0b83c1fe1ad049819b1
2025-04-16T13:26:27.3357615Z Source commit SHA: 11bd71901bbe5b1630ceea73d27597364c9af683
2025-04-16T13:26:27.3358476Z ##[endgroup]
2025-04-16T13:26:27.4215759Z ##[group]Download immutable action package 'actions/setup-node@v4'
2025-04-16T13:26:27.4216691Z Version: 4.4.0
2025-04-16T13:26:27.4217558Z Digest: sha256:9427cefe82346e992fb5b949e3569b39d537ae41aa3086483b14eceebfc16bc1
2025-04-16T13:26:27.4218637Z Source commit SHA: 49933ea5288caeca8642d1e84afbd3f7d6820020
2025-04-16T13:26:27.4219627Z ##[endgroup]
2025-04-16T13:26:27.7390822Z ##[group]Download immutable action package 'actions/upload-artifact@v4'
2025-04-16T13:26:27.7391763Z Version: 4.6.2
2025-04-16T13:26:27.7392639Z Digest: sha256:290722aa3281d5caf23d0acdc3dbeb3424786a1a01a9cc97e72f147225e37c38
2025-04-16T13:26:27.7393849Z Source commit SHA: ea165f8d65b6e75b540449e92b4886f43607fa02
2025-04-16T13:26:27.7394865Z ##[endgroup]
2025-04-16T13:26:27.9621925Z Complete job name: test (22.x)
2025-04-16T13:26:28.0225651Z ##[group]Run actions/checkout@v4
2025-04-16T13:26:28.0226744Z with:
2025-04-16T13:26:28.0227204Z   repository: mrkurger/date-night-app2
2025-04-16T13:26:28.0227953Z   token: ***
2025-04-16T13:26:28.0228391Z   ssh-strict: true
2025-04-16T13:26:28.0228824Z   ssh-user: git
2025-04-16T13:26:28.0229263Z   persist-credentials: true
2025-04-16T13:26:28.0229757Z   clean: true
2025-04-16T13:26:28.0230204Z   sparse-checkout-cone-mode: true
2025-04-16T13:26:28.0230734Z   fetch-depth: 1
2025-04-16T13:26:28.0231173Z   fetch-tags: false
2025-04-16T13:26:28.0231619Z   show-progress: true
2025-04-16T13:26:28.0232068Z   lfs: false
2025-04-16T13:26:28.0232475Z   submodules: false
2025-04-16T13:26:28.0232936Z   set-safe-directory: true
2025-04-16T13:26:28.0233634Z ##[endgroup]
2025-04-16T13:26:28.2060912Z Syncing repository: mrkurger/date-night-app2
2025-04-16T13:26:28.2063761Z ##[group]Getting Git version info
2025-04-16T13:26:28.2065602Z Working directory is '/home/runner/work/date-night-app2/date-night-app2'
2025-04-16T13:26:28.2069399Z [command]/usr/bin/git version
2025-04-16T13:26:28.2106685Z git version 2.49.0
2025-04-16T13:26:28.2139771Z ##[endgroup]
2025-04-16T13:26:28.2161367Z Temporarily overriding HOME='/home/runner/work/_temp/ce01a3ad-fc19-4bcd-bc3d-73c2aed63924' before making global git config changes
2025-04-16T13:26:28.2165502Z Adding repository directory to the temporary git global config as a safe directory
2025-04-16T13:26:28.2167675Z [command]/usr/bin/git config --global --add safe.directory /home/runner/work/date-night-app2/date-night-app2
2025-04-16T13:26:28.2206755Z Deleting the contents of '/home/runner/work/date-night-app2/date-night-app2'
2025-04-16T13:26:28.2211565Z ##[group]Initializing the repository
2025-04-16T13:26:28.2217094Z [command]/usr/bin/git init /home/runner/work/date-night-app2/date-night-app2
2025-04-16T13:26:28.2277907Z hint: Using 'master' as the name for the initial branch. This default branch name
2025-04-16T13:26:28.2280729Z hint: is subject to change. To configure the initial branch name to use in all
2025-04-16T13:26:28.2282666Z hint: of your new repositories, which will suppress this warning, call:
2025-04-16T13:26:28.2285393Z hint:
2025-04-16T13:26:28.2287342Z hint: 	git config --global init.defaultBranch <name>
2025-04-16T13:26:28.2288472Z hint:
2025-04-16T13:26:28.2289524Z hint: Names commonly chosen instead of 'master' are 'main', 'trunk' and
2025-04-16T13:26:28.2291317Z hint: 'development'. The just-created branch can be renamed via this command:
2025-04-16T13:26:28.2292983Z hint:
2025-04-16T13:26:28.2293667Z hint: 	git branch -m <name>
2025-04-16T13:26:28.2295379Z Initialized empty Git repository in /home/runner/work/date-night-app2/date-night-app2/.git/
2025-04-16T13:26:28.2307809Z [command]/usr/bin/git remote add origin https://github.com/mrkurger/date-night-app2
2025-04-16T13:26:28.2340542Z ##[endgroup]
2025-04-16T13:26:28.2343435Z ##[group]Disabling automatic garbage collection
2025-04-16T13:26:28.2344580Z [command]/usr/bin/git config --local gc.auto 0
2025-04-16T13:26:28.2375734Z ##[endgroup]
2025-04-16T13:26:28.2378453Z ##[group]Setting up auth
2025-04-16T13:26:28.2382630Z [command]/usr/bin/git config --local --name-only --get-regexp core\.sshCommand
2025-04-16T13:26:28.2416781Z [command]/usr/bin/git submodule foreach --recursive sh -c "git config --local --name-only --get-regexp 'core\.sshCommand' && git config --local --unset-all 'core.sshCommand' || :"
2025-04-16T13:26:28.2699747Z [command]/usr/bin/git config --local --name-only --get-regexp http\.https\:\/\/github\.com\/\.extraheader
2025-04-16T13:26:28.2733667Z [command]/usr/bin/git submodule foreach --recursive sh -c "git config --local --name-only --get-regexp 'http\.https\:\/\/github\.com\/\.extraheader' && git config --local --unset-all 'http.https://github.com/.extraheader' || :"
2025-04-16T13:26:28.2975538Z [command]/usr/bin/git config --local http.https://github.com/.extraheader AUTHORIZATION: basic ***
2025-04-16T13:26:28.3023251Z ##[endgroup]
2025-04-16T13:26:28.3026655Z ##[group]Fetching the repository
2025-04-16T13:26:28.3035576Z [command]/usr/bin/git -c protocol.version=2 fetch --no-tags --prune --no-recurse-submodules --depth=1 origin +b292197eeb0331af586c34ae83d2e0ac2f3cbf90:refs/remotes/origin/main
2025-04-16T13:26:30.9299709Z From https://github.com/mrkurger/date-night-app2
2025-04-16T13:26:30.9309635Z  * [new ref]         b292197eeb0331af586c34ae83d2e0ac2f3cbf90 -> origin/main
2025-04-16T13:26:30.9336013Z ##[endgroup]
2025-04-16T13:26:30.9342547Z ##[group]Determining the checkout info
2025-04-16T13:26:30.9343477Z ##[endgroup]
2025-04-16T13:26:30.9355682Z [command]/usr/bin/git sparse-checkout disable
2025-04-16T13:26:30.9405715Z [command]/usr/bin/git config --local --unset-all extensions.worktreeConfig
2025-04-16T13:26:30.9456949Z ##[group]Checking out the ref
2025-04-16T13:26:30.9457936Z [command]/usr/bin/git checkout --progress --force -B main refs/remotes/origin/main
2025-04-16T13:26:31.3902716Z Switched to a new branch 'main'
2025-04-16T13:26:31.3915531Z branch 'main' set up to track 'origin/main'.
2025-04-16T13:26:31.3930721Z ##[endgroup]
2025-04-16T13:26:31.3971604Z [command]/usr/bin/git log -1 --format=%H
2025-04-16T13:26:31.3995315Z b292197eeb0331af586c34ae83d2e0ac2f3cbf90
2025-04-16T13:26:31.4225080Z ##[group]Run actions/setup-node@v4
2025-04-16T13:26:31.4225390Z with:
2025-04-16T13:26:31.4225569Z   node-version: 22.x
2025-04-16T13:26:31.4225772Z   cache: npm
2025-04-16T13:26:31.4226037Z   cache-dependency-path: client-angular/package-lock.json
2025-04-16T13:26:31.4226351Z   always-auth: false
2025-04-16T13:26:31.4226555Z   check-latest: false
2025-04-16T13:26:31.4226868Z   token: ***
2025-04-16T13:26:31.4227056Z ##[endgroup]
2025-04-16T13:26:31.5952485Z Found in cache @ /opt/hostedtoolcache/node/22.14.0/x64
2025-04-16T13:26:31.5953831Z ##[group]Environment details
2025-04-16T13:26:34.1120318Z node: v22.14.0
2025-04-16T13:26:34.1122046Z npm: 10.9.2
2025-04-16T13:26:34.1122389Z yarn: 1.22.22
2025-04-16T13:26:34.1123591Z ##[endgroup]
2025-04-16T13:26:34.1148079Z [command]/opt/hostedtoolcache/node/22.14.0/x64/bin/npm config get cache
2025-04-16T13:26:34.3959693Z /home/runner/.npm
2025-04-16T13:26:34.6965982Z Cache hit for: node-cache-Linux-x64-npm-eed186788acb99c392cc79891935d042040413390720b7932c16d8b7ca478e8b
2025-04-16T13:26:36.0198681Z Received 0 of 69351304 (0.0%), 0.0 MBs/sec
2025-04-16T13:26:36.7481064Z Received 69351304 of 69351304 (100.0%), 38.3 MBs/sec
2025-04-16T13:26:36.7483979Z Cache Size: ~66 MB (69351304 B)
2025-04-16T13:26:36.7673859Z [command]/usr/bin/tar -xf /home/runner/work/_temp/36f4d021-4ae2-4edb-860a-66cd500e29cd/cache.tzst -P -C /home/runner/work/date-night-app2/date-night-app2 --use-compress-program unzstd
2025-04-16T13:26:37.0772695Z Cache restored successfully
2025-04-16T13:26:37.0926324Z Cache restored from key: node-cache-Linux-x64-npm-eed186788acb99c392cc79891935d042040413390720b7932c16d8b7ca478e8b
2025-04-16T13:26:37.1077756Z ##[group]Run npm ci
2025-04-16T13:26:37.1078075Z [36;1mnpm ci[0m
2025-04-16T13:26:37.1131079Z shell: /usr/bin/bash -e {0}
2025-04-16T13:26:37.1131416Z ##[endgroup]
2025-04-16T13:26:43.5648345Z npm warn deprecated inflight@1.0.6: This module is not supported, and leaks memory. Do not use it. Check out lru-cache if you want a good and tested way to coalesce async requests by a key value, which is much more comprehensive and powerful.
2025-04-16T13:26:43.8886961Z npm warn deprecated rimraf@3.0.2: Rimraf versions prior to v4 are no longer supported
2025-04-16T13:26:43.9198806Z npm warn deprecated abab@2.0.6: Use your platform's native atob() and btoa() methods instead
2025-04-16T13:26:44.1712579Z npm warn deprecated glob@7.2.3: Glob versions prior to v9 are no longer supported
2025-04-16T13:26:44.4366620Z npm warn deprecated domexception@4.0.0: Use your platform's native DOMException instead
2025-04-16T13:26:45.7631448Z npm warn deprecated @humanwhocodes/object-schema@2.0.3: Use @eslint/object-schema instead
2025-04-16T13:26:45.8481674Z npm warn deprecated @humanwhocodes/config-array@0.11.14: Use @eslint/config-array instead
2025-04-16T13:26:50.4563324Z npm warn deprecated eslint@8.56.0: This version is no longer supported. Please see https://eslint.org/version-support for other options.
2025-04-16T13:27:04.7329800Z 
2025-04-16T13:27:04.7330681Z > date-night-app@1.0.0 prepare
2025-04-16T13:27:04.7331164Z > husky
2025-04-16T13:27:04.7331339Z 
2025-04-16T13:27:04.7473990Z sh: 1: husky: not found
2025-04-16T13:27:04.7507616Z npm error code 127
2025-04-16T13:27:04.7508679Z npm error path /home/runner/work/date-night-app2/date-night-app2
2025-04-16T13:27:04.7509760Z npm error command failed
2025-04-16T13:27:04.7510749Z npm error command sh -c husky
2025-04-16T13:27:04.7519816Z npm error A complete log of this run can be found in: /home/runner/.npm/_logs/2025-04-16T13_26_37_179Z-debug-0.log
2025-04-16T13:27:04.8440970Z ##[error]Process completed with exit code 127.
2025-04-16T13:27:04.8518881Z ##[group]Run actions/upload-artifact@v4
2025-04-16T13:27:04.8519158Z with:
2025-04-16T13:27:04.8519332Z   name: test-results
2025-04-16T13:27:04.8519544Z   path: ./client-angular/coverage
2025-04-16T13:27:04.8520028Z   if-no-files-found: warn
2025-04-16T13:27:04.8520239Z   compression-level: 6
2025-04-16T13:27:04.8520442Z   overwrite: false
2025-04-16T13:27:04.8520643Z   include-hidden-files: false
2025-04-16T13:27:04.8520866Z ##[endgroup]
2025-04-16T13:27:05.0770652Z ##[warning]No files were found with the provided path: ./client-angular/coverage. No artifacts will be uploaded.
2025-04-16T13:27:05.0898401Z Post job cleanup.
2025-04-16T13:27:05.1862539Z [command]/usr/bin/git version
2025-04-16T13:27:05.1903098Z git version 2.49.0
2025-04-16T13:27:05.1949866Z Temporarily overriding HOME='/home/runner/work/_temp/c39ae2a8-1ca1-4ebc-bfb4-37f6a5b8cfc9' before making global git config changes
2025-04-16T13:27:05.1951654Z Adding repository directory to the temporary git global config as a safe directory
2025-04-16T13:27:05.1957314Z [command]/usr/bin/git config --global --add safe.directory /home/runner/work/date-night-app2/date-night-app2
2025-04-16T13:27:05.2000400Z [command]/usr/bin/git config --local --name-only --get-regexp core\.sshCommand
2025-04-16T13:27:05.2037160Z [command]/usr/bin/git submodule foreach --recursive sh -c "git config --local --name-only --get-regexp 'core\.sshCommand' && git config --local --unset-all 'core.sshCommand' || :"
2025-04-16T13:27:05.2284538Z [command]/usr/bin/git config --local --name-only --get-regexp http\.https\:\/\/github\.com\/\.extraheader
2025-04-16T13:27:05.2310065Z http.https://github.com/.extraheader
2025-04-16T13:27:05.2323100Z [command]/usr/bin/git config --local --unset-all http.https://github.com/.extraheader
2025-04-16T13:27:05.2358255Z [command]/usr/bin/git submodule foreach --recursive sh -c "git config --local --name-only --get-regexp 'http\.https\:\/\/github\.com\/\.extraheader' && git config --local --unset-all 'http.https://github.com/.extraheader' || :"
2025-04-16T13:27:05.2710476Z Cleaning up orphan processes
