2025-04-16T16:55:40.4155604Z Current runner version: '2.323.0'
2025-04-16T16:55:40.4251799Z ##[group]Operating System
2025-04-16T16:55:40.4253025Z Ubuntu
2025-04-16T16:55:40.4253835Z 24.04.2
2025-04-16T16:55:40.4254642Z LTS
2025-04-16T16:55:40.4255376Z ##[endgroup]
2025-04-16T16:55:40.4256368Z ##[group]Runner Image
2025-04-16T16:55:40.4257362Z Image: ubuntu-24.04
2025-04-16T16:55:40.4258202Z Version: 20250413.1.0
2025-04-16T16:55:40.4260421Z Included Software: https://github.com/actions/runner-images/blob/ubuntu24/20250413.1/images/ubuntu/Ubuntu2404-Readme.md
2025-04-16T16:55:40.4262960Z Image Release: https://github.com/actions/runner-images/releases/tag/ubuntu24%2F20250413.1
2025-04-16T16:55:40.4264596Z ##[endgroup]
2025-04-16T16:55:40.4265387Z ##[group]Runner Image Provisioner
2025-04-16T16:55:40.4266561Z 2.0.422.1
2025-04-16T16:55:40.4267326Z ##[endgroup]
2025-04-16T16:55:40.4292028Z ##[group]GITHUB_TOKEN Permissions
2025-04-16T16:55:40.4294786Z Actions: write
2025-04-16T16:55:40.4296132Z Attestations: write
2025-04-16T16:55:40.4297126Z Checks: write
2025-04-16T16:55:40.4298079Z Contents: write
2025-04-16T16:55:40.4298918Z Deployments: write
2025-04-16T16:55:40.4299858Z Discussions: write
2025-04-16T16:55:40.4301104Z Issues: write
2025-04-16T16:55:40.4301998Z Metadata: read
2025-04-16T16:55:40.4302795Z Models: read
2025-04-16T16:55:40.4303713Z Packages: write
2025-04-16T16:55:40.4304509Z Pages: write
2025-04-16T16:55:40.4305335Z PullRequests: write
2025-04-16T16:55:40.4306291Z RepositoryProjects: write
2025-04-16T16:55:40.4307240Z SecurityEvents: write
2025-04-16T16:55:40.4308249Z Statuses: write
2025-04-16T16:55:40.4309528Z ##[endgroup]
2025-04-16T16:55:40.4332796Z Secret source: Actions
2025-04-16T16:55:40.4334110Z Prepare workflow directory
2025-04-16T16:55:40.4934777Z Prepare all required actions
2025-04-16T16:55:40.4989801Z Getting action download info
2025-04-16T16:55:40.9018333Z ##[group]Download immutable action package 'actions/checkout@v4'
2025-04-16T16:55:40.9019331Z Version: 4.2.2
2025-04-16T16:55:40.9020476Z Digest: sha256:ccb2698953eaebd21c7bf6268a94f9c26518a7e38e27e0b83c1fe1ad049819b1
2025-04-16T16:55:40.9021772Z Source commit SHA: 11bd71901bbe5b1630ceea73d27597364c9af683
2025-04-16T16:55:40.9022576Z ##[endgroup]
2025-04-16T16:55:40.9958390Z ##[group]Download immutable action package 'actions/setup-node@v4'
2025-04-16T16:55:40.9959165Z Version: 4.4.0
2025-04-16T16:55:40.9960249Z Digest: sha256:9427cefe82346e992fb5b949e3569b39d537ae41aa3086483b14eceebfc16bc1
2025-04-16T16:55:40.9961200Z Source commit SHA: 49933ea5288caeca8642d1e84afbd3f7d6820020
2025-04-16T16:55:40.9961890Z ##[endgroup]
2025-04-16T16:55:41.2250728Z ##[group]Download immutable action package 'actions/upload-artifact@v4'
2025-04-16T16:55:41.2251582Z Version: 4.6.2
2025-04-16T16:55:41.2252332Z Digest: sha256:290722aa3281d5caf23d0acdc3dbeb3424786a1a01a9cc97e72f147225e37c38
2025-04-16T16:55:41.2253315Z Source commit SHA: ea165f8d65b6e75b540449e92b4886f43607fa02
2025-04-16T16:55:41.2253949Z ##[endgroup]
2025-04-16T16:55:41.4622951Z Complete job name: test (22.x)
2025-04-16T16:55:41.5197682Z ##[group]Run actions/checkout@v4
2025-04-16T16:55:41.5198521Z with:
2025-04-16T16:55:41.5198924Z   repository: mrkurger/date-night-app2
2025-04-16T16:55:41.5199665Z   token: ***
2025-04-16T16:55:41.5200294Z   ssh-strict: true
2025-04-16T16:55:41.5200680Z   ssh-user: git
2025-04-16T16:55:41.5201072Z   persist-credentials: true
2025-04-16T16:55:41.5201502Z   clean: true
2025-04-16T16:55:41.5201892Z   sparse-checkout-cone-mode: true
2025-04-16T16:55:41.5202378Z   fetch-depth: 1
2025-04-16T16:55:41.5202755Z   fetch-tags: false
2025-04-16T16:55:41.5203140Z   show-progress: true
2025-04-16T16:55:41.5203524Z   lfs: false
2025-04-16T16:55:41.5203888Z   submodules: false
2025-04-16T16:55:41.5204276Z   set-safe-directory: true
2025-04-16T16:55:41.5204951Z env:
2025-04-16T16:55:41.5205315Z   CI: true
2025-04-16T16:55:41.5205664Z ##[endgroup]
2025-04-16T16:55:41.7136853Z Syncing repository: mrkurger/date-night-app2
2025-04-16T16:55:41.7143618Z ##[group]Getting Git version info
2025-04-16T16:55:41.7145265Z Working directory is '/home/runner/work/date-night-app2/date-night-app2'
2025-04-16T16:55:41.7147066Z [command]/usr/bin/git version
2025-04-16T16:55:41.7178574Z git version 2.49.0
2025-04-16T16:55:41.7210298Z ##[endgroup]
2025-04-16T16:55:41.7228361Z Temporarily overriding HOME='/home/runner/work/_temp/58c8038b-71de-4295-a621-3c0c3baee481' before making global git config changes
2025-04-16T16:55:41.7232087Z Adding repository directory to the temporary git global config as a safe directory
2025-04-16T16:55:41.7236025Z [command]/usr/bin/git config --global --add safe.directory /home/runner/work/date-night-app2/date-night-app2
2025-04-16T16:55:41.7286002Z Deleting the contents of '/home/runner/work/date-night-app2/date-night-app2'
2025-04-16T16:55:41.7291904Z ##[group]Initializing the repository
2025-04-16T16:55:41.7297969Z [command]/usr/bin/git init /home/runner/work/date-night-app2/date-night-app2
2025-04-16T16:55:41.7376183Z hint: Using 'master' as the name for the initial branch. This default branch name
2025-04-16T16:55:41.7381184Z hint: is subject to change. To configure the initial branch name to use in all
2025-04-16T16:55:41.7383855Z hint: of your new repositories, which will suppress this warning, call:
2025-04-16T16:55:41.7385952Z hint:
2025-04-16T16:55:41.7387291Z hint: 	git config --global init.defaultBranch <name>
2025-04-16T16:55:41.7390356Z hint:
2025-04-16T16:55:41.7391576Z hint: Names commonly chosen instead of 'master' are 'main', 'trunk' and
2025-04-16T16:55:41.7393361Z hint: 'development'. The just-created branch can be renamed via this command:
2025-04-16T16:55:41.7398001Z hint:
2025-04-16T16:55:41.7398780Z hint: 	git branch -m <name>
2025-04-16T16:55:41.7400514Z Initialized empty Git repository in /home/runner/work/date-night-app2/date-night-app2/.git/
2025-04-16T16:55:41.7403618Z [command]/usr/bin/git remote add origin https://github.com/mrkurger/date-night-app2
2025-04-16T16:55:41.7458578Z ##[endgroup]
2025-04-16T16:55:41.7460637Z ##[group]Disabling automatic garbage collection
2025-04-16T16:55:41.7461905Z [command]/usr/bin/git config --local gc.auto 0
2025-04-16T16:55:41.7496367Z ##[endgroup]
2025-04-16T16:55:41.7497670Z ##[group]Setting up auth
2025-04-16T16:55:41.7502705Z [command]/usr/bin/git config --local --name-only --get-regexp core\.sshCommand
2025-04-16T16:55:41.7536816Z [command]/usr/bin/git submodule foreach --recursive sh -c "git config --local --name-only --get-regexp 'core\.sshCommand' && git config --local --unset-all 'core.sshCommand' || :"
2025-04-16T16:55:41.7839869Z [command]/usr/bin/git config --local --name-only --get-regexp http\.https\:\/\/github\.com\/\.extraheader
2025-04-16T16:55:41.7876127Z [command]/usr/bin/git submodule foreach --recursive sh -c "git config --local --name-only --get-regexp 'http\.https\:\/\/github\.com\/\.extraheader' && git config --local --unset-all 'http.https://github.com/.extraheader' || :"
2025-04-16T16:55:41.8118086Z [command]/usr/bin/git config --local http.https://github.com/.extraheader AUTHORIZATION: basic ***
2025-04-16T16:55:41.8168107Z ##[endgroup]
2025-04-16T16:55:41.8171646Z ##[group]Fetching the repository
2025-04-16T16:55:41.8179231Z [command]/usr/bin/git -c protocol.version=2 fetch --no-tags --prune --no-recurse-submodules --depth=1 origin +66574f2a6599e39447ddaa683e40a7580cf7917d:refs/remotes/origin/main
2025-04-16T16:55:44.1983950Z From https://github.com/mrkurger/date-night-app2
2025-04-16T16:55:44.2001072Z  * [new ref]         66574f2a6599e39447ddaa683e40a7580cf7917d -> origin/main
2025-04-16T16:55:44.2017858Z ##[endgroup]
2025-04-16T16:55:44.2022120Z ##[group]Determining the checkout info
2025-04-16T16:55:44.2023271Z ##[endgroup]
2025-04-16T16:55:44.2026132Z [command]/usr/bin/git sparse-checkout disable
2025-04-16T16:55:44.2070825Z [command]/usr/bin/git config --local --unset-all extensions.worktreeConfig
2025-04-16T16:55:44.2101020Z ##[group]Checking out the ref
2025-04-16T16:55:44.2104623Z [command]/usr/bin/git checkout --progress --force -B main refs/remotes/origin/main
2025-04-16T16:55:44.6904210Z Switched to a new branch 'main'
2025-04-16T16:55:44.6909222Z branch 'main' set up to track 'origin/main'.
2025-04-16T16:55:44.6933684Z ##[endgroup]
2025-04-16T16:55:44.6970196Z [command]/usr/bin/git log -1 --format=%H
2025-04-16T16:55:44.6998039Z 66574f2a6599e39447ddaa683e40a7580cf7917d
2025-04-16T16:55:44.7228843Z ##[group]Run actions/setup-node@v4
2025-04-16T16:55:44.7229150Z with:
2025-04-16T16:55:44.7229325Z   node-version: 22.x
2025-04-16T16:55:44.7229512Z   cache: npm
2025-04-16T16:55:44.7229762Z   cache-dependency-path: client-angular/package-lock.json
2025-04-16T16:55:44.7230397Z   always-auth: false
2025-04-16T16:55:44.7230604Z   check-latest: false
2025-04-16T16:55:44.7230913Z   token: ***
2025-04-16T16:55:44.7231085Z env:
2025-04-16T16:55:44.7231232Z   CI: true
2025-04-16T16:55:44.7231392Z ##[endgroup]
2025-04-16T16:55:44.9062540Z Found in cache @ /opt/hostedtoolcache/node/22.14.0/x64
2025-04-16T16:55:44.9072507Z ##[group]Environment details
2025-04-16T16:55:59.4272543Z node: v22.14.0
2025-04-16T16:55:59.4274574Z npm: 10.9.2
2025-04-16T16:55:59.4274990Z yarn: 1.22.22
2025-04-16T16:55:59.4276232Z ##[endgroup]
2025-04-16T16:55:59.4320734Z [command]/opt/hostedtoolcache/node/22.14.0/x64/bin/npm config get cache
2025-04-16T16:56:00.3240611Z /home/runner/.npm
2025-04-16T16:56:00.4174660Z Cache hit for: node-cache-Linux-x64-npm-eed186788acb99c392cc79891935d042040413390720b7932c16d8b7ca478e8b
2025-04-16T16:56:00.9513572Z Received 69351304 of 69351304 (100.0%), 136.6 MBs/sec
2025-04-16T16:56:00.9516488Z Cache Size: ~66 MB (69351304 B)
2025-04-16T16:56:00.9555864Z [command]/usr/bin/tar -xf /home/runner/work/_temp/9239bba7-1120-4a7a-a1b4-326f7f204182/cache.tzst -P -C /home/runner/work/date-night-app2/date-night-app2 --use-compress-program unzstd
2025-04-16T16:56:01.2704554Z Cache restored successfully
2025-04-16T16:56:01.2855909Z Cache restored from key: node-cache-Linux-x64-npm-eed186788acb99c392cc79891935d042040413390720b7932c16d8b7ca478e8b
2025-04-16T16:56:01.3020801Z ##[group]Run npm ci
2025-04-16T16:56:01.3021147Z [36;1mnpm ci[0m
2025-04-16T16:56:01.3073179Z shell: /usr/bin/bash -e {0}
2025-04-16T16:56:01.3073418Z env:
2025-04-16T16:56:01.3073584Z   CI: true
2025-04-16T16:56:01.3073749Z ##[endgroup]
2025-04-16T16:56:09.5503123Z npm warn deprecated inflight@1.0.6: This module is not supported, and leaks memory. Do not use it. Check out lru-cache if you want a good and tested way to coalesce async requests by a key value, which is much more comprehensive and powerful.
2025-04-16T16:56:09.9988612Z npm warn deprecated rimraf@3.0.2: Rimraf versions prior to v4 are no longer supported
2025-04-16T16:56:10.0296741Z npm warn deprecated abab@2.0.6: Use your platform's native atob() and btoa() methods instead
2025-04-16T16:56:10.2317602Z npm warn deprecated glob@7.2.3: Glob versions prior to v9 are no longer supported
2025-04-16T16:56:10.4782916Z npm warn deprecated domexception@4.0.0: Use your platform's native DOMException instead
2025-04-16T16:56:11.6338718Z npm warn deprecated @humanwhocodes/object-schema@2.0.3: Use @eslint/object-schema instead
2025-04-16T16:56:11.7881424Z npm warn deprecated @humanwhocodes/config-array@0.11.14: Use @eslint/config-array instead
2025-04-16T16:56:15.8223791Z npm warn deprecated eslint@8.56.0: This version is no longer supported. Please see https://eslint.org/version-support for other options.
2025-04-16T16:56:30.6825969Z 
2025-04-16T16:56:30.6826758Z > date-night-app@1.0.0 preinstall
2025-04-16T16:56:30.6827428Z > node scripts/disable-husky-in-ci.js
2025-04-16T16:56:30.6827735Z 
2025-04-16T16:56:30.7188382Z .huskyrc file created to disable husky in CI environments
2025-04-16T16:56:30.7190980Z .huskyrc file made executable
2025-04-16T16:56:30.7248225Z 
2025-04-16T16:56:30.7250871Z > date-night-app@1.0.0 prepare
2025-04-16T16:56:30.7251763Z > [ -n "$CI" ] || husky
2025-04-16T16:56:30.7252100Z 
2025-04-16T16:56:30.7613191Z 
2025-04-16T16:56:30.7615105Z added 1463 packages, and audited 1465 packages in 29s
2025-04-16T16:56:30.7619360Z 
2025-04-16T16:56:30.7623345Z 294 packages are looking for funding
2025-04-16T16:56:30.7625513Z   run `npm fund` for details
2025-04-16T16:56:30.7848680Z 
2025-04-16T16:56:30.7849524Z 3 moderate severity vulnerabilities
2025-04-16T16:56:30.7850672Z 
2025-04-16T16:56:30.7851024Z To address all issues, run:
2025-04-16T16:56:30.7851443Z   npm audit fix --force
2025-04-16T16:56:30.7851669Z 
2025-04-16T16:56:30.7851852Z Run `npm audit` for details.
2025-04-16T16:56:30.8781562Z ##[group]Run npm test -- --watch=false --browsers=ChromeHeadless --no-progress
2025-04-16T16:56:30.8782124Z [36;1mnpm test -- --watch=false --browsers=ChromeHeadless --no-progress[0m
2025-04-16T16:56:30.8831283Z shell: /usr/bin/bash -e {0}
2025-04-16T16:56:30.8831513Z env:
2025-04-16T16:56:30.8831676Z   CI: true
2025-04-16T16:56:30.8831842Z ##[endgroup]
2025-04-16T16:56:31.0403325Z 
2025-04-16T16:56:31.0406134Z > client-angular@0.0.0 test
2025-04-16T16:56:31.0408623Z > ng test client-angular --watch=false --browsers=ChromeHeadless --no-progress
2025-04-16T16:56:31.0409191Z 
2025-04-16T16:57:06.7067777Z [1m[31m
2025-04-16T16:57:06.7070532Z ./src/app/admin/telemetry-dashboard/telemetry-dashboard.component.ts:20:0-48 - Error: Module not found: Error: Can't resolve 'chart.js' in '/home/runner/work/date-night-app2/date-night-app2/client-angular/src/app/admin/telemetry-dashboard'
2025-04-16T16:57:06.7072118Z 
2025-04-16T16:57:06.7073578Z ./src/app/shared/components/map/map.component.ts - Error: Module build failed (from ./node_modules/@angular-devkit/build-angular/src/tools/babel/webpack-loader.js):
2025-04-16T16:57:06.7076366Z SyntaxError: /home/runner/work/date-night-app2/date-night-app2/client-angular/src/app/shared/components/map/map.component.ts: Identifier 'MapComponent' has already been declared. (630:4)
2025-04-16T16:57:06.7077718Z 
2025-04-16T16:57:06.7078310Z [0m [90m 628 |[31m ][33m,[31m [33mMapComponent[31m)[33m;[31m
2025-04-16T16:57:06.7079175Z  [90m 629 |[31m [36mexport[31m { [33mMapComponent[31m }[33m;[31m
2025-04-16T16:57:06.7103333Z [31m[1m>[22m[1m[31m[90m 630 |[31m [36mlet[31m [33mMapComponent[31m [33m=[31m [36mclass[31m [33mMapComponent[31m {
2025-04-16T16:57:06.7104464Z  [90m     |[31m     [31m[1m^[22m[1m[31m
2025-04-16T16:57:06.7105115Z  [90m 631 |[31m     geocodingService[33m;[31m
2025-04-16T16:57:06.7105873Z  [90m 632 |[31m     height [33m=[31m [32m'400px'[31m[33m;[31m
2025-04-16T16:57:06.7106817Z  [90m 633 |[31m     initialLatitude [33m=[31m [35m59.9139[31m[33m;[31m[0m
2025-04-16T16:57:06.7107302Z 
2025-04-16T16:57:06.7108624Z ./src/app/shared/emerald/card-grid/card-grid.component.spec.ts - Error: Module build failed (from ./node_modules/@angular-devkit/build-angular/src/tools/babel/webpack-loader.js):
2025-04-16T16:57:06.7111357Z SyntaxError: /home/runner/work/date-night-app2/date-night-app2/client-angular/src/app/shared/emerald/card-grid/card-grid.component.spec.ts: Unexpected token (11:45)
2025-04-16T16:57:06.7112470Z 
2025-04-16T16:57:06.7113039Z [0m [90m  9 |[31m [90m// ===================================================[31m
2025-04-16T16:57:06.7114171Z  [90m 10 |[31m [36mimport[31m { [33mTestBed[31m } [36mfrom[31m [32m'@angular/core/testing'[31m[33m;[31m
2025-04-16T16:57:06.7115963Z [31m[1m>[22m[1m[31m[90m 11 |[31m [36mimport[31m { [33mComponent[31m[33m,[31m [33mNO_ERRORS_SCHEMA[31m[33m,[31m } [36mfrom[31m [33m;[31m
2025-04-16T16:57:06.7117227Z  [90m    |[31m                                              [31m[1m^[22m[1m[31m
2025-04-16T16:57:06.7118430Z  [90m 12 |[31m [36mimport[31m { [33mCardGridComponent[31m } [36mfrom[31m [32m'./card-grid.component'[31m[33m;[31m
2025-04-16T16:57:06.7120589Z  [90m 13 |[31m [36mimport[31m { [33mSkeletonLoaderComponent[31m } [36mfrom[31m [32m'../components/skeleton-loader/skeleton-loader.component'[31m[33m;[31m
2025-04-16T16:57:06.7122602Z  [90m 14 |[31m [36mimport[31m { [33mCommonTestModule[31m } [36mfrom[31m [32m'../../../testing/common-test.module'[31m[33m;[31m[0m
2025-04-16T16:57:06.7123400Z 
2025-04-16T16:57:06.7125268Z Error: [96msrc/app/admin/telemetry-dashboard/telemetry-dashboard.component.ts[0m:[93m18[0m:[93m38[0m - [91merror[0m[90m TS2307: [0mCannot find module 'chart.js' or its corresponding type declarations.
2025-04-16T16:57:06.7127019Z 
2025-04-16T16:57:06.7127542Z [7m18[0m import { Chart, registerables } from 'chart.js';
2025-04-16T16:57:06.7128713Z [7m  [0m [91m                                     ~~~~~~~~~~[0m
2025-04-16T16:57:06.7129095Z 
2025-04-16T16:57:06.7129107Z 
2025-04-16T16:57:06.7154709Z Error: [96msrc/app/core/services/alert.service.ts[0m:[93m180[0m:[93m9[0m - [91merror[0m[90m TS2322: [0mType 'string' is not assignable to type 'AlertTimeWindow'.
2025-04-16T16:57:06.7155740Z 
2025-04-16T16:57:06.7156113Z [7m180[0m         timeWindow,
2025-04-16T16:57:06.7156703Z [7m   [0m [91m        ~~~~~~~~~~[0m
2025-04-16T16:57:06.7157012Z 
2025-04-16T16:57:06.7157539Z   [96msrc/app/core/models/alert.model.ts[0m:[93m52[0m:[93m3[0m
2025-04-16T16:57:06.7158342Z     [7m52[0m   timeWindow: AlertTimeWindow;
2025-04-16T16:57:06.7158977Z     [7m  [0m [96m  ~~~~~~~~~~[0m
2025-04-16T16:57:06.7159857Z     The expected type comes from property 'timeWindow' which is declared here on type 'AlertCondition'
2025-04-16T16:57:06.7160751Z 
2025-04-16T16:57:06.7160762Z 
2025-04-16T16:57:06.7162077Z Error: [96msrc/app/core/services/alert.service.ts[0m:[93m185[0m:[93m11[0m - [91merror[0m[90m TS2322: [0mType '"ui"' is not assignable to type 'AlertChannel'.
2025-04-16T16:57:06.7162940Z 
2025-04-16T16:57:06.7163262Z [7m185[0m           channel: 'ui',
2025-04-16T16:57:06.7163803Z [7m   [0m [91m          ~~~~~~~[0m
2025-04-16T16:57:06.7164086Z 
2025-04-16T16:57:06.7164573Z   [96msrc/app/core/models/alert.model.ts[0m:[93m66[0m:[93m3[0m
2025-04-16T16:57:06.7165319Z     [7m66[0m   channel: AlertChannel;
2025-04-16T16:57:06.7165825Z     [7m  [0m [96m  ~~~~~~~[0m
2025-04-16T16:57:06.7166624Z     The expected type comes from property 'channel' which is declared here on type 'AlertNotification'
2025-04-16T16:57:06.7167275Z 
2025-04-16T16:57:06.7167285Z 
2025-04-16T16:57:06.7168618Z Error: [96msrc/app/core/services/alert.service.ts[0m:[93m188[0m:[93m11[0m - [91merror[0m[90m TS2322: [0mType '"email"' is not assignable to type 'AlertChannel'.
2025-04-16T16:57:06.7169513Z 
2025-04-16T16:57:06.7169819Z [7m188[0m           channel: 'email',
2025-04-16T16:57:06.7180117Z [7m   [0m [91m          ~~~~~~~[0m
2025-04-16T16:57:06.7180448Z 
2025-04-16T16:57:06.7180989Z   [96msrc/app/core/models/alert.model.ts[0m:[93m66[0m:[93m3[0m
2025-04-16T16:57:06.7181769Z     [7m66[0m   channel: AlertChannel;
2025-04-16T16:57:06.7182361Z     [7m  [0m [96m  ~~~~~~~[0m
2025-04-16T16:57:06.7183256Z     The expected type comes from property 'channel' which is declared here on type 'AlertNotification'
2025-04-16T16:57:06.7183903Z 
2025-04-16T16:57:06.7183914Z 
2025-04-16T16:57:06.7185377Z Error: [96msrc/app/core/services/alert.service.ts[0m:[93m219[0m:[93m9[0m - [91merror[0m[90m TS2322: [0mType 'string' is not assignable to type 'AlertTimeWindow'.
2025-04-16T16:57:06.7186404Z 
2025-04-16T16:57:06.7186740Z [7m219[0m         timeWindow,
2025-04-16T16:57:06.7187308Z [7m   [0m [91m        ~~~~~~~~~~[0m
2025-04-16T16:57:06.7187592Z 
2025-04-16T16:57:06.7188132Z   [96msrc/app/core/models/alert.model.ts[0m:[93m52[0m:[93m3[0m
2025-04-16T16:57:06.7188938Z     [7m52[0m   timeWindow: AlertTimeWindow;
2025-04-16T16:57:06.7189515Z     [7m  [0m [96m  ~~~~~~~~~~[0m
2025-04-16T16:57:06.7190908Z     The expected type comes from property 'timeWindow' which is declared here on type 'AlertCondition'
2025-04-16T16:57:06.7191606Z 
2025-04-16T16:57:06.7191617Z 
2025-04-16T16:57:06.7193079Z Error: [96msrc/app/core/services/alert.service.ts[0m:[93m223[0m:[93m11[0m - [91merror[0m[90m TS2322: [0mType '"ui"' is not assignable to type 'AlertChannel'.
2025-04-16T16:57:06.7194084Z 
2025-04-16T16:57:06.7194454Z [7m223[0m           channel: 'ui',
2025-04-16T16:57:06.7195076Z [7m   [0m [91m          ~~~~~~~[0m
2025-04-16T16:57:06.7195684Z 
2025-04-16T16:57:06.7196218Z   [96msrc/app/core/models/alert.model.ts[0m:[93m66[0m:[93m3[0m
2025-04-16T16:57:06.7196990Z     [7m66[0m   channel: AlertChannel;
2025-04-16T16:57:06.7197536Z     [7m  [0m [96m  ~~~~~~~[0m
2025-04-16T16:57:06.7198655Z     The expected type comes from property 'channel' which is declared here on type 'AlertNotification'
2025-04-16T16:57:06.7199356Z 
2025-04-16T16:57:06.7199365Z 
2025-04-16T16:57:06.7202063Z Error: [96msrc/app/core/services/alert.service.ts[0m:[93m226[0m:[93m11[0m - [91merror[0m[90m TS2322: [0mType '"email"' is not assignable to type 'AlertChannel'.
2025-04-16T16:57:06.7203076Z 
2025-04-16T16:57:06.7203445Z [7m226[0m           channel: 'email',
2025-04-16T16:57:06.7204039Z [7m   [0m [91m          ~~~~~~~[0m
2025-04-16T16:57:06.7204334Z 
2025-04-16T16:57:06.7204830Z   [96msrc/app/core/models/alert.model.ts[0m:[93m66[0m:[93m3[0m
2025-04-16T16:57:06.7205598Z     [7m66[0m   channel: AlertChannel;
2025-04-16T16:57:06.7206170Z     [7m  [0m [96m  ~~~~~~~[0m
2025-04-16T16:57:06.7207033Z     The expected type comes from property 'channel' which is declared here on type 'AlertNotification'
2025-04-16T16:57:06.7207755Z 
2025-04-16T16:57:06.7207765Z 
2025-04-16T16:57:06.7209212Z Error: [96msrc/app/core/services/alert.service.ts[0m:[93m259[0m:[93m9[0m - [91merror[0m[90m TS2322: [0mType 'string' is not assignable to type 'AlertTimeWindow'.
2025-04-16T16:57:06.7210621Z 
2025-04-16T16:57:06.7210944Z [7m259[0m         timeWindow,
2025-04-16T16:57:06.7211484Z [7m   [0m [91m        ~~~~~~~~~~[0m
2025-04-16T16:57:06.7211770Z 
2025-04-16T16:57:06.7212240Z   [96msrc/app/core/models/alert.model.ts[0m:[93m52[0m:[93m3[0m
2025-04-16T16:57:06.7213001Z     [7m52[0m   timeWindow: AlertTimeWindow;
2025-04-16T16:57:06.7213567Z     [7m  [0m [96m  ~~~~~~~~~~[0m
2025-04-16T16:57:06.7214432Z     The expected type comes from property 'timeWindow' which is declared here on type 'AlertCondition'
2025-04-16T16:57:06.7215105Z 
2025-04-16T16:57:06.7215114Z 
2025-04-16T16:57:06.7216409Z Error: [96msrc/app/core/services/alert.service.ts[0m:[93m264[0m:[93m11[0m - [91merror[0m[90m TS2322: [0mType '"ui"' is not assignable to type 'AlertChannel'.
2025-04-16T16:57:06.7217377Z 
2025-04-16T16:57:06.7217677Z [7m264[0m           channel: 'ui',
2025-04-16T16:57:06.7218264Z [7m   [0m [91m          ~~~~~~~[0m
2025-04-16T16:57:06.7218551Z 
2025-04-16T16:57:06.7219019Z   [96msrc/app/core/models/alert.model.ts[0m:[93m66[0m:[93m3[0m
2025-04-16T16:57:06.7219738Z     [7m66[0m   channel: AlertChannel;
2025-04-16T16:57:06.7220859Z     [7m  [0m [96m  ~~~~~~~[0m
2025-04-16T16:57:06.7223185Z     The expected type comes from property 'channel' which is declared here on type 'AlertNotification'
2025-04-16T16:57:06.7223889Z 
2025-04-16T16:57:06.7223898Z 
2025-04-16T16:57:06.7225367Z Error: [96msrc/app/core/services/alert.service.ts[0m:[93m267[0m:[93m11[0m - [91merror[0m[90m TS2322: [0mType '"slack"' is not assignable to type 'AlertChannel'.
2025-04-16T16:57:06.7226415Z 
2025-04-16T16:57:06.7226784Z [7m267[0m           channel: 'slack',
2025-04-16T16:57:06.7227408Z [7m   [0m [91m          ~~~~~~~[0m
2025-04-16T16:57:06.7227688Z 
2025-04-16T16:57:06.7228169Z   [96msrc/app/core/models/alert.model.ts[0m:[93m66[0m:[93m3[0m
2025-04-16T16:57:06.7228933Z     [7m66[0m   channel: AlertChannel;
2025-04-16T16:57:06.7229478Z     [7m  [0m [96m  ~~~~~~~[0m
2025-04-16T16:57:06.7230527Z     The expected type comes from property 'channel' which is declared here on type 'AlertNotification'
2025-04-16T16:57:06.7231207Z 
2025-04-16T16:57:06.7231224Z 
2025-04-16T16:57:06.7232640Z Error: [96msrc/app/core/services/alert.service.ts[0m:[93m300[0m:[93m9[0m - [91merror[0m[90m TS2322: [0mType 'string' is not assignable to type 'AlertTimeWindow'.
2025-04-16T16:57:06.7233654Z 
2025-04-16T16:57:06.7233965Z [7m300[0m         timeWindow,
2025-04-16T16:57:06.7234523Z [7m   [0m [91m        ~~~~~~~~~~[0m
2025-04-16T16:57:06.7235155Z 
2025-04-16T16:57:06.7235687Z   [96msrc/app/core/models/alert.model.ts[0m:[93m52[0m:[93m3[0m
2025-04-16T16:57:06.7236509Z     [7m52[0m   timeWindow: AlertTimeWindow;
2025-04-16T16:57:06.7237113Z     [7m  [0m [96m  ~~~~~~~~~~[0m
2025-04-16T16:57:06.7238245Z     The expected type comes from property 'timeWindow' which is declared here on type 'AlertCondition'
2025-04-16T16:57:06.7238960Z 
2025-04-16T16:57:06.7238969Z 
2025-04-16T16:57:06.7240616Z Error: [96msrc/app/core/services/alert.service.ts[0m:[93m305[0m:[93m11[0m - [91merror[0m[90m TS2322: [0mType '"ui"' is not assignable to type 'AlertChannel'.
2025-04-16T16:57:06.7241601Z 
2025-04-16T16:57:06.7241967Z [7m305[0m           channel: 'ui',
2025-04-16T16:57:06.7242581Z [7m   [0m [91m          ~~~~~~~[0m
2025-04-16T16:57:06.7242887Z 
2025-04-16T16:57:06.7243405Z   [96msrc/app/core/models/alert.model.ts[0m:[93m66[0m:[93m3[0m
2025-04-16T16:57:06.7244177Z     [7m66[0m   channel: AlertChannel;
2025-04-16T16:57:06.7244776Z     [7m  [0m [96m  ~~~~~~~[0m
2025-04-16T16:57:06.7245667Z     The expected type comes from property 'channel' which is declared here on type 'AlertNotification'
2025-04-16T16:57:06.7246334Z 
2025-04-16T16:57:06.7246343Z 
2025-04-16T16:57:06.7247812Z Error: [96msrc/app/core/services/alert.service.ts[0m:[93m308[0m:[93m11[0m - [91merror[0m[90m TS2322: [0mType '"email"' is not assignable to type 'AlertChannel'.
2025-04-16T16:57:06.7248795Z 
2025-04-16T16:57:06.7249128Z [7m308[0m           channel: 'email',
2025-04-16T16:57:06.7249719Z [7m   [0m [91m          ~~~~~~~[0m
2025-04-16T16:57:06.7250196Z 
2025-04-16T16:57:06.7250681Z   [96msrc/app/core/models/alert.model.ts[0m:[93m66[0m:[93m3[0m
2025-04-16T16:57:06.7251402Z     [7m66[0m   channel: AlertChannel;
2025-04-16T16:57:06.7251944Z     [7m  [0m [96m  ~~~~~~~[0m
2025-04-16T16:57:06.7252797Z     The expected type comes from property 'channel' which is declared here on type 'AlertNotification'
2025-04-16T16:57:06.7253465Z 
2025-04-16T16:57:06.7253474Z 
2025-04-16T16:57:06.7255726Z Error: [96msrc/app/core/services/encryption.service.spec.ts[0m:[93m77[0m:[93m22[0m - [91merror[0m[90m TS2551: [0mProperty 'getCurrentUserId' does not exist on type 'SpyObj<AuthService>'. Did you mean 'getCurrentUser'?
2025-04-16T16:57:06.7257176Z 
2025-04-16T16:57:06.7257794Z [7m77[0m       authServiceSpy.getCurrentUserId.and.returnValue('');
2025-04-16T16:57:06.7258658Z [7m  [0m [91m                     ~~~~~~~~~~~~~~~~[0m
2025-04-16T16:57:06.7258987Z 
2025-04-16T16:57:06.7259509Z   [96msrc/app/core/services/auth.service.ts[0m:[93m135[0m:[93m3[0m
2025-04-16T16:57:06.7260486Z     [7m135[0m   getCurrentUser(): User | null {
2025-04-16T16:57:06.7261048Z     [7m   [0m [96m  ~~~~~~~~~~~~~~[0m
2025-04-16T16:57:06.7261526Z     'getCurrentUser' is declared here.
2025-04-16T16:57:06.7261825Z 
2025-04-16T16:57:06.7261834Z 
2025-04-16T16:57:06.7263597Z Error: [96msrc/app/core/services/encryption.service.ts[0m:[93m88[0m:[93m39[0m - [91merror[0m[90m TS2551: [0mProperty 'getCurrentUserId' does not exist on type 'AuthService'. Did you mean 'getCurrentUser'?
2025-04-16T16:57:06.7264887Z 
2025-04-16T16:57:06.7265406Z [7m88[0m       const userId = this.authService.getCurrentUserId();
2025-04-16T16:57:06.7266275Z [7m  [0m [91m                                      ~~~~~~~~~~~~~~~~[0m
2025-04-16T16:57:06.7266628Z 
2025-04-16T16:57:06.7267127Z   [96msrc/app/core/services/auth.service.ts[0m:[93m135[0m:[93m3[0m
2025-04-16T16:57:06.7267923Z     [7m135[0m   getCurrentUser(): User | null {
2025-04-16T16:57:06.7268501Z     [7m   [0m [96m  ~~~~~~~~~~~~~~[0m
2025-04-16T16:57:06.7268984Z     'getCurrentUser' is declared here.
2025-04-16T16:57:06.7269284Z 
2025-04-16T16:57:06.7269293Z 
2025-04-16T16:57:06.7271278Z Error: [96msrc/app/core/services/encryption.service.ts[0m:[93m136[0m:[93m37[0m - [91merror[0m[90m TS2551: [0mProperty 'getCurrentUserId' does not exist on type 'AuthService'. Did you mean 'getCurrentUser'?
2025-04-16T16:57:06.7272858Z 
2025-04-16T16:57:06.7273427Z [7m136[0m     const userId = this.authService.getCurrentUserId();
2025-04-16T16:57:06.7274336Z [7m   [0m [91m                                    ~~~~~~~~~~~~~~~~[0m
2025-04-16T16:57:06.7274709Z 
2025-04-16T16:57:06.7275410Z   [96msrc/app/core/services/auth.service.ts[0m:[93m135[0m:[93m3[0m
2025-04-16T16:57:06.7276245Z     [7m135[0m   getCurrentUser(): User | null {
2025-04-16T16:57:06.7276853Z     [7m   [0m [96m  ~~~~~~~~~~~~~~[0m
2025-04-16T16:57:06.7277361Z     'getCurrentUser' is declared here.
2025-04-16T16:57:06.7277675Z 
2025-04-16T16:57:06.7277683Z 
2025-04-16T16:57:06.7279514Z Error: [96msrc/app/core/services/encryption.service.ts[0m:[93m220[0m:[93m37[0m - [91merror[0m[90m TS2551: [0mProperty 'getCurrentUserId' does not exist on type 'AuthService'. Did you mean 'getCurrentUser'?
2025-04-16T16:57:06.7281652Z 
2025-04-16T16:57:06.7282241Z [7m220[0m     const userId = this.authService.getCurrentUserId();
2025-04-16T16:57:06.7283196Z [7m   [0m [91m                                    ~~~~~~~~~~~~~~~~[0m
2025-04-16T16:57:06.7283563Z 
2025-04-16T16:57:06.7284072Z   [96msrc/app/core/services/auth.service.ts[0m:[93m135[0m:[93m3[0m
2025-04-16T16:57:06.7284857Z     [7m135[0m   getCurrentUser(): User | null {
2025-04-16T16:57:06.7285448Z     [7m   [0m [96m  ~~~~~~~~~~~~~~[0m
2025-04-16T16:57:06.7285986Z     'getCurrentUser' is declared here.
2025-04-16T16:57:06.7286300Z 
2025-04-16T16:57:06.7286308Z 
2025-04-16T16:57:06.7288486Z Error: [96msrc/app/core/services/encryption.service.ts[0m:[93m496[0m:[93m37[0m - [91merror[0m[90m TS2551: [0mProperty 'getCurrentUserId' does not exist on type 'AuthService'. Did you mean 'getCurrentUser'?
2025-04-16T16:57:06.7289809Z 
2025-04-16T16:57:06.7290564Z [7m496[0m     const userId = this.authService.getCurrentUserId();
2025-04-16T16:57:06.7291444Z [7m   [0m [91m                                    ~~~~~~~~~~~~~~~~[0m
2025-04-16T16:57:06.7291817Z 
2025-04-16T16:57:06.7292325Z   [96msrc/app/core/services/auth.service.ts[0m:[93m135[0m:[93m3[0m
2025-04-16T16:57:06.7293197Z     [7m135[0m   getCurrentUser(): User | null {
2025-04-16T16:57:06.7293739Z     [7m   [0m [96m  ~~~~~~~~~~~~~~[0m
2025-04-16T16:57:06.7294133Z     'getCurrentUser' is declared here.
2025-04-16T16:57:06.7294389Z 
2025-04-16T16:57:06.7294405Z 
2025-04-16T16:57:06.7296273Z Error: [96msrc/app/core/services/encryption.service.ts[0m:[93m629[0m:[93m37[0m - [91merror[0m[90m TS2551: [0mProperty 'getCurrentUserId' does not exist on type 'AuthService'. Did you mean 'getCurrentUser'?
2025-04-16T16:57:06.7297549Z 
2025-04-16T16:57:06.7298819Z [7m629[0m     const userId = this.authService.getCurrentUserId();
2025-04-16T16:57:06.7299720Z [7m   [0m [91m                                    ~~~~~~~~~~~~~~~~[0m
2025-04-16T16:57:06.7300334Z 
2025-04-16T16:57:06.7300873Z   [96msrc/app/core/services/auth.service.ts[0m:[93m135[0m:[93m3[0m
2025-04-16T16:57:06.7301714Z     [7m135[0m   getCurrentUser(): User | null {
2025-04-16T16:57:06.7302314Z     [7m   [0m [96m  ~~~~~~~~~~~~~~[0m
2025-04-16T16:57:06.7302816Z     'getCurrentUser' is declared here.
2025-04-16T16:57:06.7303136Z 
2025-04-16T16:57:06.7303147Z 
2025-04-16T16:57:06.7304938Z Error: [96msrc/app/core/services/encryption.service.ts[0m:[93m692[0m:[93m37[0m - [91merror[0m[90m TS2551: [0mProperty 'getCurrentUserId' does not exist on type 'AuthService'. Did you mean 'getCurrentUser'?
2025-04-16T16:57:06.7306237Z 
2025-04-16T16:57:06.7306806Z [7m692[0m     const userId = this.authService.getCurrentUserId();
2025-04-16T16:57:06.7307721Z [7m   [0m [91m                                    ~~~~~~~~~~~~~~~~[0m
2025-04-16T16:57:06.7308090Z 
2025-04-16T16:57:06.7308618Z   [96msrc/app/core/services/auth.service.ts[0m:[93m135[0m:[93m3[0m
2025-04-16T16:57:06.7309425Z     [7m135[0m   getCurrentUser(): User | null {
2025-04-16T16:57:06.7310229Z     [7m   [0m [96m  ~~~~~~~~~~~~~~[0m
2025-04-16T16:57:06.7310982Z     'getCurrentUser' is declared here.
2025-04-16T16:57:06.7311291Z 
2025-04-16T16:57:06.7311300Z 
2025-04-16T16:57:06.7313141Z Error: [96msrc/app/core/services/encryption.service.ts[0m:[93m713[0m:[93m37[0m - [91merror[0m[90m TS2551: [0mProperty 'getCurrentUserId' does not exist on type 'AuthService'. Did you mean 'getCurrentUser'?
2025-04-16T16:57:06.7314647Z 
2025-04-16T16:57:06.7315260Z [7m713[0m     const userId = this.authService.getCurrentUserId();
2025-04-16T16:57:06.7316151Z [7m   [0m [91m                                    ~~~~~~~~~~~~~~~~[0m
2025-04-16T16:57:06.7320670Z 
2025-04-16T16:57:06.7321270Z   [96msrc/app/core/services/auth.service.ts[0m:[93m135[0m:[93m3[0m
2025-04-16T16:57:06.7322104Z     [7m135[0m   getCurrentUser(): User | null {
2025-04-16T16:57:06.7322701Z     [7m   [0m [96m  ~~~~~~~~~~~~~~[0m
2025-04-16T16:57:06.7323186Z     'getCurrentUser' is declared here.
2025-04-16T16:57:06.7323491Z 
2025-04-16T16:57:06.7323500Z 
2025-04-16T16:57:06.7325337Z Error: [96msrc/app/core/services/encryption.service.ts[0m:[93m929[0m:[93m37[0m - [91merror[0m[90m TS2551: [0mProperty 'getCurrentUserId' does not exist on type 'AuthService'. Did you mean 'getCurrentUser'?
2025-04-16T16:57:06.7326590Z 
2025-04-16T16:57:06.7327112Z [7m929[0m     const userId = this.authService.getCurrentUserId();
2025-04-16T16:57:06.7327986Z [7m   [0m [91m                                    ~~~~~~~~~~~~~~~~[0m
2025-04-16T16:57:06.7328346Z 
2025-04-16T16:57:06.7328856Z   [96msrc/app/core/services/auth.service.ts[0m:[93m135[0m:[93m3[0m
2025-04-16T16:57:06.7329641Z     [7m135[0m   getCurrentUser(): User | null {
2025-04-16T16:57:06.7330401Z     [7m   [0m [96m  ~~~~~~~~~~~~~~[0m
2025-04-16T16:57:06.7330869Z     'getCurrentUser' is declared here.
2025-04-16T16:57:06.7331173Z 
2025-04-16T16:57:06.7331182Z 
2025-04-16T16:57:06.7332951Z Error: [96msrc/app/core/services/encryption.service.ts[0m:[93m963[0m:[93m37[0m - [91merror[0m[90m TS2551: [0mProperty 'getCurrentUserId' does not exist on type 'AuthService'. Did you mean 'getCurrentUser'?
2025-04-16T16:57:06.7334215Z 
2025-04-16T16:57:06.7334749Z [7m963[0m     const userId = this.authService.getCurrentUserId();
2025-04-16T16:57:06.7335685Z [7m   [0m [91m                                    ~~~~~~~~~~~~~~~~[0m
2025-04-16T16:57:06.7336055Z 
2025-04-16T16:57:06.7336612Z   [96msrc/app/core/services/auth.service.ts[0m:[93m135[0m:[93m3[0m
2025-04-16T16:57:06.7337485Z     [7m135[0m   getCurrentUser(): User | null {
2025-04-16T16:57:06.7338115Z     [7m   [0m [96m  ~~~~~~~~~~~~~~[0m
2025-04-16T16:57:06.7338629Z     'getCurrentUser' is declared here.
2025-04-16T16:57:06.7338955Z 
2025-04-16T16:57:06.7338965Z 
2025-04-16T16:57:06.7342147Z Error: [96msrc/app/core/services/favorite.service.spec.ts[0m:[93m58[0m:[93m35[0m - [91merror[0m[90m TS2345: [0mArgument of type '{ _id: string; ad: { _id: string; title: string; }; }[]' is not assignable to parameter of type 'Expected<ArrayLike<Favorite>> | ArrayContaining<Favorite>'.
2025-04-16T16:57:06.7344782Z   Type '{ _id: string; ad: { _id: string; title: string; }; }[]' is not assignable to type '{ [x: number]: ExpectedRecursive<Favorite>; length: ExpectedRecursive<number>; }'.
2025-04-16T16:57:06.7345964Z     'number' index signatures are incompatible.
2025-04-16T16:57:06.7346883Z       Type '{ _id: string; ad: { _id: string; title: string; }; }' is not assignable to type 'ExpectedRecursive<Favorite>'.
2025-04-16T16:57:06.7349480Z         Type '{ _id: string; ad: { _id: string; title: string; }; }' is missing the following properties from type '{ _id: Any | ExpectedRecursive<string>; user: Any | ExpectedRecursive<string>; ad: Any | ExpectedRecursive<Ad>; ... 5 more ...; updatedAt: Any | ExpectedRecursive<...>; }': user, notes, notificationsEnabled, tags, and 3 more.
2025-04-16T16:57:06.7351662Z 
2025-04-16T16:57:06.7352218Z [7m58[0m         expect(favorites).toEqual(mockFavorites);
2025-04-16T16:57:06.7353088Z [7m  [0m [91m                                  ~~~~~~~~~~~~~[0m
2025-04-16T16:57:06.7353707Z 
2025-04-16T16:57:06.7353715Z 
2025-04-16T16:57:06.7355236Z Error: [96msrc/app/core/services/favorite.service.ts[0m:[93m101[0m:[93m19[0m - [91merror[0m[90m TS2339: [0mProperty 'priority' does not exist on type 'FavoriteFilterOptions'.
2025-04-16T16:57:06.7356365Z 
2025-04-16T16:57:06.7359872Z [7m101[0m       if (options.priority) {
2025-04-16T16:57:06.7360882Z [7m   [0m [91m                  ~~~~~~~~[0m
2025-04-16T16:57:06.7361235Z 
2025-04-16T16:57:06.7361245Z 
2025-04-16T16:57:06.7362841Z Error: [96msrc/app/core/services/favorite.service.ts[0m:[93m102[0m:[93m49[0m - [91merror[0m[90m TS2339: [0mProperty 'priority' does not exist on type 'FavoriteFilterOptions'.
2025-04-16T16:57:06.7363896Z 
2025-04-16T16:57:06.7364821Z [7m102[0m         params = params.set('priority', options.priority);
2025-04-16T16:57:06.7365808Z [7m   [0m [91m                                                ~~~~~~~~[0m
2025-04-16T16:57:06.7366197Z 
2025-04-16T16:57:06.7366223Z 
2025-04-16T16:57:06.7367830Z Error: [96msrc/app/core/services/favorite.service.ts[0m:[93m104[0m:[93m19[0m - [91merror[0m[90m TS2339: [0mProperty 'priceMin' does not exist on type 'FavoriteFilterOptions'.
2025-04-16T16:57:06.7368886Z 
2025-04-16T16:57:06.7369389Z [7m104[0m       if (options.priceMin !== undefined) {
2025-04-16T16:57:06.7376803Z [7m   [0m [91m                  ~~~~~~~~[0m
2025-04-16T16:57:06.7377164Z 
2025-04-16T16:57:06.7377172Z 
2025-04-16T16:57:06.7390092Z Error: [96msrc/app/core/services/favorite.service.ts[0m:[93m105[0m:[93m49[0m - [91merror[0m[90m TS2339: [0mProperty 'priceMin' does not exist on type 'FavoriteFilterOptions'.
2025-04-16T16:57:06.7391170Z 
2025-04-16T16:57:06.7391910Z [7m105[0m         params = params.set('priceMin', options.priceMin.toString());
2025-04-16T16:57:06.7392905Z [7m   [0m [91m                                                ~~~~~~~~[0m
2025-04-16T16:57:06.7393302Z 
2025-04-16T16:57:06.7393312Z 
2025-04-16T16:57:06.7394866Z Error: [96msrc/app/core/services/favorite.service.ts[0m:[93m107[0m:[93m19[0m - [91merror[0m[90m TS2339: [0mProperty 'priceMax' does not exist on type 'FavoriteFilterOptions'.
2025-04-16T16:57:06.7395900Z 
2025-04-16T16:57:06.7396335Z [7m107[0m       if (options.priceMax !== undefined) {
2025-04-16T16:57:06.7397078Z [7m   [0m [91m                  ~~~~~~~~[0m
2025-04-16T16:57:06.7397391Z 
2025-04-16T16:57:06.7397399Z 
2025-04-16T16:57:06.7399237Z Error: [96msrc/app/core/services/favorite.service.ts[0m:[93m108[0m:[93m49[0m - [91merror[0m[90m TS2339: [0mProperty 'priceMax' does not exist on type 'FavoriteFilterOptions'.
2025-04-16T16:57:06.7400584Z 
2025-04-16T16:57:06.7401242Z [7m108[0m         params = params.set('priceMax', options.priceMax.toString());
2025-04-16T16:57:06.7402201Z [7m   [0m [91m                                                ~~~~~~~~[0m
2025-04-16T16:57:06.7402531Z 
2025-04-16T16:57:06.7402538Z 
2025-04-16T16:57:06.7403828Z Error: [96msrc/app/core/services/favorite.service.ts[0m:[93m110[0m:[93m19[0m - [91merror[0m[90m TS2339: [0mProperty 'dateFrom' does not exist on type 'FavoriteFilterOptions'.
2025-04-16T16:57:06.7404774Z 
2025-04-16T16:57:06.7405048Z [7m110[0m       if (options.dateFrom) {
2025-04-16T16:57:06.7405616Z [7m   [0m [91m                  ~~~~~~~~[0m
2025-04-16T16:57:06.7405881Z 
2025-04-16T16:57:06.7405896Z 
2025-04-16T16:57:06.7407204Z Error: [96msrc/app/core/services/favorite.service.ts[0m:[93m111[0m:[93m58[0m - [91merror[0m[90m TS2339: [0mProperty 'dateFrom' does not exist on type 'FavoriteFilterOptions'.
2025-04-16T16:57:06.7408117Z 
2025-04-16T16:57:06.7408794Z [7m111[0m         params = params.set('dateFrom', new Date(options.dateFrom).toISOString());
2025-04-16T16:57:06.7409807Z [7m   [0m [91m                                                         ~~~~~~~~[0m
2025-04-16T16:57:06.7410330Z 
2025-04-16T16:57:06.7410337Z 
2025-04-16T16:57:06.7411799Z Error: [96msrc/app/core/services/favorite.service.ts[0m:[93m113[0m:[93m19[0m - [91merror[0m[90m TS2339: [0mProperty 'dateTo' does not exist on type 'FavoriteFilterOptions'.
2025-04-16T16:57:06.7413169Z 
2025-04-16T16:57:06.7413548Z [7m113[0m       if (options.dateTo) {
2025-04-16T16:57:06.7414213Z [7m   [0m [91m                  ~~~~~~[0m
2025-04-16T16:57:06.7414523Z 
2025-04-16T16:57:06.7414532Z 
2025-04-16T16:57:06.7418828Z Error: [96msrc/app/core/services/favorite.service.ts[0m:[93m114[0m:[93m56[0m - [91merror[0m[90m TS2339: [0mProperty 'dateTo' does not exist on type 'FavoriteFilterOptions'.
2025-04-16T16:57:06.7420303Z 
2025-04-16T16:57:06.7421040Z [7m114[0m         params = params.set('dateTo', new Date(options.dateTo).toISOString());
2025-04-16T16:57:06.7422015Z [7m   [0m [91m                                                       ~~~~~~[0m
2025-04-16T16:57:06.7422366Z 
2025-04-16T16:57:06.7422374Z 
2025-04-16T16:57:06.7423803Z Error: [96msrc/app/core/services/favorite.service.ts[0m:[93m116[0m:[93m19[0m - [91merror[0m[90m TS2339: [0mProperty 'tags' does not exist on type 'FavoriteFilterOptions'.
2025-04-16T16:57:06.7424814Z 
2025-04-16T16:57:06.7425284Z [7m116[0m       if (options.tags && options.tags.length > 0) {
2025-04-16T16:57:06.7425955Z [7m   [0m [91m                  ~~~~[0m
2025-04-16T16:57:06.7426242Z 
2025-04-16T16:57:06.7426250Z 
2025-04-16T16:57:06.7427651Z Error: [96msrc/app/core/services/favorite.service.ts[0m:[93m116[0m:[93m35[0m - [91merror[0m[90m TS2339: [0mProperty 'tags' does not exist on type 'FavoriteFilterOptions'.
2025-04-16T16:57:06.7428646Z 
2025-04-16T16:57:06.7429092Z [7m116[0m       if (options.tags && options.tags.length > 0) {
2025-04-16T16:57:06.7429819Z [7m   [0m [91m                                  ~~~~[0m
2025-04-16T16:57:06.7430296Z 
2025-04-16T16:57:06.7430304Z 
2025-04-16T16:57:06.7431698Z Error: [96msrc/app/core/services/favorite.service.ts[0m:[93m118[0m:[93m17[0m - [91merror[0m[90m TS2339: [0mProperty 'tags' does not exist on type 'FavoriteFilterOptions'.
2025-04-16T16:57:06.7432674Z 
2025-04-16T16:57:06.7433079Z [7m118[0m         options.tags.forEach(tag => {
2025-04-16T16:57:06.7433695Z [7m   [0m [91m                ~~~~[0m
2025-04-16T16:57:06.7433975Z 
2025-04-16T16:57:06.7433983Z 
2025-04-16T16:57:06.7437443Z Error: [96msrc/app/core/services/geocoding.service.ts[0m:[93m23[0m:[93m41[0m - [91merror[0m[90m TS2339: [0mProperty 'googleMapsApiKey' does not exist on type '{ production: boolean; apiUrl: string; chatWsUrl: string; socketUrl: string; defaultImageUrl: string; maxUploadSize: number; supportedImageTypes: string[]; mapboxToken: string; stripePublicKey: string; cdnUrl: string; imageSizes: number[]; }'.
2025-04-16T16:57:06.7439776Z 
2025-04-16T16:57:06.7440548Z [7m23[0m const GOOGLE_MAPS_API_KEY = environment.googleMapsApiKey || '';
2025-04-16T16:57:06.7441510Z [7m  [0m [91m                                        ~~~~~~~~~~~~~~~~[0m
2025-04-16T16:57:06.7441850Z 
2025-04-16T16:57:06.7441859Z 
2025-04-16T16:57:06.7443921Z Error: [96msrc/app/core/services/geocoding.service.ts[0m:[93m122[0m:[93m5[0m - [91merror[0m[90m TS2322: [0mType 'Observable<GeocodingResult | { type: string; coordinates: [number, number]; }>' is not assignable to type 'Observable<GeocodingResult>'.
2025-04-16T16:57:06.7446125Z   Type 'GeocodingResult | { type: string; coordinates: [number, number]; }' is not assignable to type 'GeocodingResult'.
2025-04-16T16:57:06.7447368Z     Type '{ type: string; coordinates: [number, number]; }' is not assignable to type 'GeocodingResult'.
2025-04-16T16:57:06.7448216Z       Types of property 'type' are incompatible.
2025-04-16T16:57:06.7448824Z         Type 'string' is not assignable to type '"Point"'.
2025-04-16T16:57:06.7449203Z 
2025-04-16T16:57:06.7450081Z [7m122[0m     return this.locationService.getCityCoordinates(city).pipe(
2025-04-16T16:57:06.7451058Z [7m   [0m [91m    ~~~~~~[0m
2025-04-16T16:57:06.7451334Z 
2025-04-16T16:57:06.7451344Z 
2025-04-16T16:57:06.7453257Z Error: [96msrc/app/core/services/geocoding.service.ts[0m:[93m215[0m:[93m5[0m - [91merror[0m[90m TS2322: [0mType 'Observable<{ type: string; coordinates: number[]; }>' is not assignable to type 'Observable<GeocodingResult>'.
2025-04-16T16:57:06.7455711Z   Type '{ type: string; coordinates: number[]; }' is not assignable to type 'GeocodingResult'.
2025-04-16T16:57:06.7456705Z     Types of property 'type' are incompatible.
2025-04-16T16:57:06.7457285Z       Type 'string' is not assignable to type '"Point"'.
2025-04-16T16:57:06.7457616Z 
2025-04-16T16:57:06.7458286Z [7m215[0m     return this.http.get<any[]>(`${this.nominatimUrl}?${queryString}`).pipe(
2025-04-16T16:57:06.7459059Z [7m   [0m [91m    ~~~~~~[0m
2025-04-16T16:57:06.7459302Z 
2025-04-16T16:57:06.7459311Z 
2025-04-16T16:57:06.7460976Z Error: [96msrc/app/core/services/geocoding.service.ts[0m:[93m296[0m:[93m12[0m - [91merror[0m[90m TS2678: [0mType '"mapbox"' is not comparable to type '"nominatim"'.
2025-04-16T16:57:06.7461919Z 
2025-04-16T16:57:06.7462223Z [7m296[0m       case 'mapbox':
2025-04-16T16:57:06.7462787Z [7m   [0m [91m           ~~~~~~~~[0m
2025-04-16T16:57:06.7463070Z 
2025-04-16T16:57:06.7463078Z 
2025-04-16T16:57:06.7464424Z Error: [96msrc/app/core/services/geocoding.service.ts[0m:[93m304[0m:[93m12[0m - [91merror[0m[90m TS2678: [0mType '"google"' is not comparable to type '"nominatim"'.
2025-04-16T16:57:06.7465384Z 
2025-04-16T16:57:06.7465709Z [7m304[0m       case 'google':
2025-04-16T16:57:06.7466214Z [7m   [0m [91m           ~~~~~~~~[0m
2025-04-16T16:57:06.7466491Z 
2025-04-16T16:57:06.7466499Z 
2025-04-16T16:57:06.7467852Z Error: [96msrc/app/core/services/geocoding.service.ts[0m:[93m344[0m:[93m12[0m - [91merror[0m[90m TS2678: [0mType '"mapbox"' is not comparable to type '"nominatim"'.
2025-04-16T16:57:06.7468809Z 
2025-04-16T16:57:06.7469069Z [7m344[0m       case 'mapbox':
2025-04-16T16:57:06.7469592Z [7m   [0m [91m           ~~~~~~~~[0m
2025-04-16T16:57:06.7469864Z 
2025-04-16T16:57:06.7469872Z 
2025-04-16T16:57:06.7471542Z Error: [96msrc/app/core/services/geocoding.service.ts[0m:[93m352[0m:[93m12[0m - [91merror[0m[90m TS2678: [0mType '"google"' is not comparable to type '"nominatim"'.
2025-04-16T16:57:06.7472484Z 
2025-04-16T16:57:06.7472765Z [7m352[0m       case 'google':
2025-04-16T16:57:06.7473252Z [7m   [0m [91m           ~~~~~~~~[0m
2025-04-16T16:57:06.7473522Z 
2025-04-16T16:57:06.7473530Z 
2025-04-16T16:57:06.7474841Z Error: [96msrc/app/core/services/geocoding.service.ts[0m:[93m416[0m:[93m12[0m - [91merror[0m[90m TS2678: [0mType '"mapbox"' is not comparable to type '"nominatim"'.
2025-04-16T16:57:06.7475768Z 
2025-04-16T16:57:06.7476022Z [7m416[0m       case 'mapbox':
2025-04-16T16:57:06.7476541Z [7m   [0m [91m           ~~~~~~~~[0m
2025-04-16T16:57:06.7476809Z 
2025-04-16T16:57:06.7476817Z 
2025-04-16T16:57:06.7478160Z Error: [96msrc/app/core/services/geocoding.service.ts[0m:[93m420[0m:[93m12[0m - [91merror[0m[90m TS2678: [0mType '"google"' is not comparable to type '"nominatim"'.
2025-04-16T16:57:06.7479114Z 
2025-04-16T16:57:06.7479378Z [7m420[0m       case 'google':
2025-04-16T16:57:06.7480045Z [7m   [0m [91m           ~~~~~~~~[0m
2025-04-16T16:57:06.7480324Z 
2025-04-16T16:57:06.7480332Z 
2025-04-16T16:57:06.7482058Z Error: [96msrc/app/core/services/geocoding.service.ts[0m:[93m626[0m:[93m59[0m - [91merror[0m[90m TS2345: [0mArgument of type 'unknown' is not assignable to parameter of type 'string | number | boolean'.
2025-04-16T16:57:06.7483265Z 
2025-04-16T16:57:06.7483864Z [7m626[0m       .map(([key, value]) => `${key}=${encodeURIComponent(value)}`)
2025-04-16T16:57:06.7484854Z [7m   [0m [91m                                                          ~~~~~[0m
2025-04-16T16:57:06.7485238Z 
2025-04-16T16:57:06.7485247Z 
2025-04-16T16:57:06.7487320Z Error: [96msrc/app/features/chat/chat.component.spec.ts[0m:[93m52[0m:[93m48[0m - [91merror[0m[90m TS2345: [0mArgument of type 'Observable<{ _id: string; timestamp: Date; }>' is not assignable to parameter of type 'Observable<ChatMessage>'.
2025-04-16T16:57:06.7489756Z   Type '{ _id: string; timestamp: Date; }' is missing the following properties from type 'ChatMessage': roomId, sender, read
2025-04-16T16:57:06.7490868Z 
2025-04-16T16:57:06.7491765Z [7m52[0m     chatServiceSpy.sendMessage.and.returnValue(of({ _id: '123', timestamp: new Date() }));
2025-04-16T16:57:06.7493265Z [7m  [0m [91m                                               ~~~~~~~~~~~~~~~~~~~~~~~~~~~~~~~~~~~~~~~~~[0m
2025-04-16T16:57:06.7493675Z 
2025-04-16T16:57:06.7493683Z 
2025-04-16T16:57:06.7495562Z Error: [96msrc/app/features/chat/chat.component.spec.ts[0m:[93m55[0m:[93m51[0m - [91merror[0m[90m TS2345: [0mArgument of type 'Observable<{ id: string; username: string; }>' is not assignable to parameter of type 'User'.
2025-04-16T16:57:06.7497766Z   Type 'Observable<{ id: string; username: string; }>' is missing the following properties from type 'User': _id, username, email, role, and 2 more.
2025-04-16T16:57:06.7498700Z 
2025-04-16T16:57:06.7499684Z [7m55[0m     authServiceSpy.getCurrentUser.and.returnValue(of({ id: 'user1', username: 'testuser' }));
2025-04-16T16:57:06.7501292Z [7m  [0m [91m                                                  ~~~~~~~~~~~~~~~~~~~~~~~~~~~~~~~~~~~~~~~~~[0m
2025-04-16T16:57:06.7501686Z 
2025-04-16T16:57:06.7501695Z 
2025-04-16T16:57:06.7503326Z Error: [96msrc/app/features/chat/chat.component.spec.ts[0m:[93m127[0m:[93m24[0m - [91merror[0m[90m TS2341: [0mProperty 'formatTTL' is private and only accessible within class 'ChatComponent'.
2025-04-16T16:57:06.7504462Z 
2025-04-16T16:57:06.7504933Z [7m127[0m       expect(component.formatTTL(1)).toBe('1 hour');
2025-04-16T16:57:06.7505654Z [7m   [0m [91m                       ~~~~~~~~~[0m
2025-04-16T16:57:06.7505963Z 
2025-04-16T16:57:06.7505971Z 
2025-04-16T16:57:06.7507570Z Error: [96msrc/app/features/chat/chat.component.spec.ts[0m:[93m128[0m:[93m24[0m - [91merror[0m[90m TS2341: [0mProperty 'formatTTL' is private and only accessible within class 'ChatComponent'.
2025-04-16T16:57:06.7508693Z 
2025-04-16T16:57:06.7509164Z [7m128[0m       expect(component.formatTTL(2)).toBe('2 hours');
2025-04-16T16:57:06.7510095Z [7m   [0m [91m                       ~~~~~~~~~[0m
2025-04-16T16:57:06.7510574Z 
2025-04-16T16:57:06.7510582Z 
2025-04-16T16:57:06.7512194Z Error: [96msrc/app/features/chat/chat.component.spec.ts[0m:[93m129[0m:[93m24[0m - [91merror[0m[90m TS2341: [0mProperty 'formatTTL' is private and only accessible within class 'ChatComponent'.
2025-04-16T16:57:06.7513303Z 
2025-04-16T16:57:06.7513787Z [7m129[0m       expect(component.formatTTL(24)).toBe('24 hours');
2025-04-16T16:57:06.7514529Z [7m   [0m [91m                       ~~~~~~~~~[0m
2025-04-16T16:57:06.7514829Z 
2025-04-16T16:57:06.7514837Z 
2025-04-16T16:57:06.7516076Z Error: [96msrc/app/features/chat/chat.component.ts[0m:[93m160[0m:[93m3[0m - [91merror[0m[90m TS2300: [0mDuplicate identifier 'temporaryMessageMode'.
2025-04-16T16:57:06.7516971Z 
2025-04-16T16:57:06.7517647Z [7m160[0m   temporaryMessageMode = false; // When true, next message will be temporary
2025-04-16T16:57:06.7518491Z [7m   [0m [91m  ~~~~~~~~~~~~~~~~~~~~[0m
2025-04-16T16:57:06.7518781Z 
2025-04-16T16:57:06.7518789Z 
2025-04-16T16:57:06.7520215Z Error: [96msrc/app/features/chat/chat.component.ts[0m:[93m161[0m:[93m3[0m - [91merror[0m[90m TS2300: [0mDuplicate identifier 'temporaryMessageTTL'.
2025-04-16T16:57:06.7521178Z 
2025-04-16T16:57:06.7521923Z [7m161[0m   temporaryMessageTTL = 24 * 60 * 60 * 1000; // 24 hours in milliseconds
2025-04-16T16:57:06.7522809Z [7m   [0m [91m  ~~~~~~~~~~~~~~~~~~~[0m
2025-04-16T16:57:06.7523134Z 
2025-04-16T16:57:06.7523142Z 
2025-04-16T16:57:06.7524526Z Error: [96msrc/app/features/chat/chat.component.ts[0m:[93m588[0m:[93m15[0m - [91merror[0m[90m TS2322: [0mType 'number' is not assignable to type 'Date'.
2025-04-16T16:57:06.7525508Z 
2025-04-16T16:57:06.7526242Z [7m588[0m               expiresAt: response.expiresAt || (ttl ? Date.now() + ttl : undefined),
2025-04-16T16:57:06.7527459Z [7m   [0m [91m              ~~~~~~~~~[0m
2025-04-16T16:57:06.7527769Z 
2025-04-16T16:57:06.7528300Z   [96msrc/app/features/chat/chat.component.ts[0m:[93m60[0m:[93m3[0m
2025-04-16T16:57:06.7529359Z     [7m60[0m   expiresAt?: Date; // Optional expiration date for temporary messages
2025-04-16T16:57:06.7530669Z     [7m  [0m [96m  ~~~~~~~~~[0m
2025-04-16T16:57:06.7549289Z     The expected type comes from property 'expiresAt' which is declared here on type 'ChatMessage'
2025-04-16T16:57:06.7550127Z 
2025-04-16T16:57:06.7550136Z 
2025-04-16T16:57:06.7551418Z Error: [96msrc/app/features/chat/chat.component.ts[0m:[93m614[0m:[93m3[0m - [91merror[0m[90m TS2393: [0mDuplicate function implementation.
2025-04-16T16:57:06.7552289Z 
2025-04-16T16:57:06.7552708Z [7m614[0m   toggleTemporaryMessageMode(): void {
2025-04-16T16:57:06.7553403Z [7m   [0m [91m  ~~~~~~~~~~~~~~~~~~~~~~~~~~[0m
2025-04-16T16:57:06.7553721Z 
2025-04-16T16:57:06.7553747Z 
2025-04-16T16:57:06.7554947Z Error: [96msrc/app/features/chat/chat.component.ts[0m:[93m630[0m:[93m3[0m - [91merror[0m[90m TS2393: [0mDuplicate function implementation.
2025-04-16T16:57:06.7555806Z 
2025-04-16T16:57:06.7556258Z [7m630[0m   setTemporaryMessageTTL(hours: number): void {
2025-04-16T16:57:06.7556944Z [7m   [0m [91m  ~~~~~~~~~~~~~~~~~~~~~~[0m
2025-04-16T16:57:06.7557228Z 
2025-04-16T16:57:06.7557236Z 
2025-04-16T16:57:06.7558398Z Error: [96msrc/app/features/chat/chat.component.ts[0m:[93m643[0m:[93m11[0m - [91merror[0m[90m TS2393: [0mDuplicate function implementation.
2025-04-16T16:57:06.7559219Z 
2025-04-16T16:57:06.7559613Z [7m643[0m   private formatTTL(ttl: number): string {
2025-04-16T16:57:06.7560534Z [7m   [0m [91m          ~~~~~~~~~[0m
2025-04-16T16:57:06.7560830Z 
2025-04-16T16:57:06.7560838Z 
2025-04-16T16:57:06.7561994Z Error: [96msrc/app/features/chat/chat.component.ts[0m:[93m701[0m:[93m3[0m - [91merror[0m[90m TS2393: [0mDuplicate function implementation.
2025-04-16T16:57:06.7562847Z 
2025-04-16T16:57:06.7563229Z [7m701[0m   toggleTemporaryMessageMode(): void {
2025-04-16T16:57:06.7563894Z [7m   [0m [91m  ~~~~~~~~~~~~~~~~~~~~~~~~~~[0m
2025-04-16T16:57:06.7564187Z 
2025-04-16T16:57:06.7564194Z 
2025-04-16T16:57:06.7565372Z Error: [96msrc/app/features/chat/chat.component.ts[0m:[93m716[0m:[93m3[0m - [91merror[0m[90m TS2393: [0mDuplicate function implementation.
2025-04-16T16:57:06.7566199Z 
2025-04-16T16:57:06.7566647Z [7m716[0m   setTemporaryMessageTTL(hours: number): void {
2025-04-16T16:57:06.7567321Z [7m   [0m [91m  ~~~~~~~~~~~~~~~~~~~~~~[0m
2025-04-16T16:57:06.7567627Z 
2025-04-16T16:57:06.7567635Z 
2025-04-16T16:57:06.7568770Z Error: [96msrc/app/features/chat/chat.component.ts[0m:[93m725[0m:[93m3[0m - [91merror[0m[90m TS2393: [0mDuplicate function implementation.
2025-04-16T16:57:06.7569592Z 
2025-04-16T16:57:06.7570193Z [7m725[0m   formatTTL(hours: number): string {
2025-04-16T16:57:06.7570818Z [7m   [0m [91m  ~~~~~~~~~[0m
2025-04-16T16:57:06.7571064Z 
2025-04-16T16:57:06.7571071Z 
2025-04-16T16:57:06.7574968Z Error: [96msrc/app/features/favorites/favorites-list/favorites-list.component.spec.ts[0m:[93m98[0m:[93m53[0m - [91merror[0m[90m TS2345: [0mArgument of type 'Observable<{ _id: string; ad: { _id: string; title: string; price: number; location: { city: string; county: string; }; images: { url: string; }[]; advertiser: { _id: string; }; }; notes: string; notificationsEnabled: boolean; createdAt: string; }[]>' is not assignable to parameter of type 'Observable<Favorite[]>'.
2025-04-16T16:57:06.7579133Z   Type '{ _id: string; ad: { _id: string; title: string; price: number; location: { city: string; county: string; }; images: { url: string; }[]; advertiser: { _id: string; }; }; notes: string; notificationsEnabled: boolean; createdAt: string; }[]' is not assignable to type 'Favorite[]'.
2025-04-16T16:57:06.7582514Z     Type '{ _id: string; ad: { _id: string; title: string; price: number; location: { city: string; county: string; }; images: { url: string; }[]; advertiser: { _id: string; }; }; notes: string; notificationsEnabled: boolean; createdAt: string; }' is missing the following properties from type 'Favorite': user, tags, priority, updatedAt
2025-04-16T16:57:06.7584750Z 
2025-04-16T16:57:06.7585818Z [7m98[0m     favoriteServiceSpy.getFavorites.and.returnValue(of(mockFavorites));
2025-04-16T16:57:06.7587012Z [7m  [0m [91m                                                    ~~~~~~~~~~~~~~~~~[0m
2025-04-16T16:57:06.7587443Z 
2025-04-16T16:57:06.7587453Z 
2025-04-16T16:57:06.7591880Z Error: [96msrc/app/features/favorites/favorites-list/favorites-list.component.spec.ts[0m:[93m103[0m:[93m41[0m - [91merror[0m[90m TS2345: [0mArgument of type '{ _id: string; ad: { _id: string; title: string; price: number; location: { city: string; county: string; }; images: { url: string; }[]; advertiser: { _id: string; }; }; notes: string; notificationsEnabled: boolean; createdAt: string; }[]' is not assignable to parameter of type 'Expected<ArrayLike<Favorite>> | ArrayContaining<Favorite>'.
2025-04-16T16:57:06.7596693Z   Type '{ _id: string; ad: { _id: string; title: string; price: number; location: { city: string; county: string; }; images: { url: string; }[]; advertiser: { _id: string; }; }; notes: string; notificationsEnabled: boolean; createdAt: string; }[]' is not assignable to type '{ [x: number]: ExpectedRecursive<Favorite>; length: ExpectedRecursive<number>; }'.
2025-04-16T16:57:06.7598779Z     'number' index signatures are incompatible.
2025-04-16T16:57:06.7601078Z       Type '{ _id: string; ad: { _id: string; title: string; price: number; location: { city: string; county: string; }; images: { url: string; }[]; advertiser: { _id: string; }; }; notes: string; notificationsEnabled: boolean; createdAt: string; }' is not assignable to type 'ExpectedRecursive<Favorite>'.
2025-04-16T16:57:06.7605262Z         Type '{ _id: string; ad: { _id: string; title: string; price: number; location: { city: string; county: string; }; images: { url: string; }[]; advertiser: { _id: string; }; }; notes: string; notificationsEnabled: boolean; createdAt: string; }' is not assignable to type 'Favorite | { _id: Any | ExpectedRecursive<string>; user: Any | ExpectedRecursive<string>; ad: Any | ExpectedRecursive<Ad>; ... 5 more ...; updatedAt: Any | ExpectedRecursive<...>; }'.
2025-04-16T16:57:06.7610792Z           Type '{ _id: string; ad: { _id: string; title: string; price: number; location: { city: string; county: string; }; images: { url: string; }[]; advertiser: { _id: string; }; }; notes: string; notificationsEnabled: boolean; createdAt: string; }' is missing the following properties from type '{ _id: Any | ExpectedRecursive<string>; user: Any | ExpectedRecursive<string>; ad: Any | ExpectedRecursive<Ad>; ... 5 more ...; updatedAt: Any | ExpectedRecursive<...>; }': user, tags, priority, updatedAt
2025-04-16T16:57:06.7613373Z 
2025-04-16T16:57:06.7613968Z [7m103[0m     expect(component.favorites).toEqual(mockFavorites);
2025-04-16T16:57:06.7614891Z [7m   [0m [91m                                        ~~~~~~~~~~~~~[0m
2025-04-16T16:57:06.7615252Z 
2025-04-16T16:57:06.7615261Z 
2025-04-16T16:57:06.7619291Z Error: [96msrc/app/features/favorites/favorites-list/favorites-list.component.spec.ts[0m:[93m117[0m:[93m53[0m - [91merror[0m[90m TS2345: [0mArgument of type 'Observable<{ _id: string; ad: { _id: string; title: string; price: number; location: { city: string; county: string; }; images: { url: string; }[]; advertiser: { _id: string; }; }; notes: string; notificationsEnabled: boolean; createdAt: string; }[]>' is not assignable to parameter of type 'Observable<Favorite[]>'.
2025-04-16T16:57:06.7623832Z   Type '{ _id: string; ad: { _id: string; title: string; price: number; location: { city: string; county: string; }; images: { url: string; }[]; advertiser: { _id: string; }; }; notes: string; notificationsEnabled: boolean; createdAt: string; }[]' is not assignable to type 'Favorite[]'.
2025-04-16T16:57:06.7627340Z     Type '{ _id: string; ad: { _id: string; title: string; price: number; location: { city: string; county: string; }; images: { url: string; }[]; advertiser: { _id: string; }; }; notes: string; notificationsEnabled: boolean; createdAt: string; }' is missing the following properties from type 'Favorite': user, tags, priority, updatedAt
2025-04-16T16:57:06.7629435Z 
2025-04-16T16:57:06.7630413Z [7m117[0m     favoriteServiceSpy.getFavorites.and.returnValue(of(mockFavorites));
2025-04-16T16:57:06.7631568Z [7m   [0m [91m                                                    ~~~~~~~~~~~~~~~~~[0m
2025-04-16T16:57:06.7631974Z 
2025-04-16T16:57:06.7631984Z 
2025-04-16T16:57:06.7635965Z Error: [96msrc/app/features/favorites/favorites-list/favorites-list.component.spec.ts[0m:[93m130[0m:[93m53[0m - [91merror[0m[90m TS2345: [0mArgument of type 'Observable<{ _id: string; ad: { _id: string; title: string; price: number; location: { city: string; county: string; }; images: { url: string; }[]; advertiser: { _id: string; }; }; notes: string; notificationsEnabled: boolean; createdAt: string; }[]>' is not assignable to parameter of type 'Observable<Favorite[]>'.
2025-04-16T16:57:06.7640489Z   Type '{ _id: string; ad: { _id: string; title: string; price: number; location: { city: string; county: string; }; images: { url: string; }[]; advertiser: { _id: string; }; }; notes: string; notificationsEnabled: boolean; createdAt: string; }[]' is not assignable to type 'Favorite[]'.
2025-04-16T16:57:06.7643790Z     Type '{ _id: string; ad: { _id: string; title: string; price: number; location: { city: string; county: string; }; images: { url: string; }[]; advertiser: { _id: string; }; }; notes: string; notificationsEnabled: boolean; createdAt: string; }' is missing the following properties from type 'Favorite': user, tags, priority, updatedAt
2025-04-16T16:57:06.7645616Z 
2025-04-16T16:57:06.7646377Z [7m130[0m     favoriteServiceSpy.getFavorites.and.returnValue(of(mockFavorites));
2025-04-16T16:57:06.7647536Z [7m   [0m [91m                                                    ~~~~~~~~~~~~~~~~~[0m
2025-04-16T16:57:06.7647946Z 
2025-04-16T16:57:06.7647955Z 
2025-04-16T16:57:06.7664991Z Error: [96msrc/app/features/favorites/favorites-list/favorites-list.component.spec.ts[0m:[93m134[0m:[93m35[0m - [91merror[0m[90m TS2345: [0mArgument of type '{ _id: string; ad: { _id: string; title: string; price: number; location: { city: string; county: string; }; images: { url: string; }[]; advertiser: { _id: string; }; }; notes: string; notificationsEnabled: boolean; createdAt: string; }' is not assignable to parameter of type 'Favorite'.
2025-04-16T16:57:06.7669484Z   Type '{ _id: string; ad: { _id: string; title: string; price: number; location: { city: string; county: string; }; images: { url: string; }[]; advertiser: { _id: string; }; }; notes: string; notificationsEnabled: boolean; createdAt: string; }' is missing the following properties from type 'Favorite': user, tags, priority, updatedAt
2025-04-16T16:57:06.7671503Z 
2025-04-16T16:57:06.7672093Z [7m134[0m     component.toggleNotifications(mockFavorites[0]);
2025-04-16T16:57:06.7672959Z [7m   [0m [91m                                  ~~~~~~~~~~~~~~~~[0m
2025-04-16T16:57:06.7673313Z 
2025-04-16T16:57:06.7673323Z 
2025-04-16T16:57:06.7677312Z Error: [96msrc/app/features/favorites/favorites-list/favorites-list.component.spec.ts[0m:[93m144[0m:[93m53[0m - [91merror[0m[90m TS2345: [0mArgument of type 'Observable<{ _id: string; ad: { _id: string; title: string; price: number; location: { city: string; county: string; }; images: { url: string; }[]; advertiser: { _id: string; }; }; notes: string; notificationsEnabled: boolean; createdAt: string; }[]>' is not assignable to parameter of type 'Observable<Favorite[]>'.
2025-04-16T16:57:06.7681723Z   Type '{ _id: string; ad: { _id: string; title: string; price: number; location: { city: string; county: string; }; images: { url: string; }[]; advertiser: { _id: string; }; }; notes: string; notificationsEnabled: boolean; createdAt: string; }[]' is not assignable to type 'Favorite[]'.
2025-04-16T16:57:06.7685670Z     Type '{ _id: string; ad: { _id: string; title: string; price: number; location: { city: string; county: string; }; images: { url: string; }[]; advertiser: { _id: string; }; }; notes: string; notificationsEnabled: boolean; createdAt: string; }' is missing the following properties from type 'Favorite': user, tags, priority, updatedAt
2025-04-16T16:57:06.7687504Z 
2025-04-16T16:57:06.7688257Z [7m144[0m     favoriteServiceSpy.getFavorites.and.returnValue(of(mockFavorites));
2025-04-16T16:57:06.7689409Z [7m   [0m [91m                                                    ~~~~~~~~~~~~~~~~~[0m
2025-04-16T16:57:06.7689812Z 
2025-04-16T16:57:06.7689822Z 
2025-04-16T16:57:06.7693912Z Error: [96msrc/app/features/favorites/favorites-list/favorites-list.component.spec.ts[0m:[93m148[0m:[93m27[0m - [91merror[0m[90m TS2345: [0mArgument of type '{ _id: string; ad: { _id: string; title: string; price: number; location: { city: string; county: string; }; images: { url: string; }[]; advertiser: { _id: string; }; }; notes: string; notificationsEnabled: boolean; createdAt: string; }' is not assignable to parameter of type 'Favorite'.
2025-04-16T16:57:06.7698236Z   Type '{ _id: string; ad: { _id: string; title: string; price: number; location: { city: string; county: string; }; images: { url: string; }[]; advertiser: { _id: string; }; }; notes: string; notificationsEnabled: boolean; createdAt: string; }' is missing the following properties from type 'Favorite': user, tags, priority, updatedAt
2025-04-16T16:57:06.7700154Z 
2025-04-16T16:57:06.7700746Z [7m148[0m     component.updateNotes(mockFavorites[0], 'New notes');
2025-04-16T16:57:06.7701588Z [7m   [0m [91m                          ~~~~~~~~~~~~~~~~[0m
2025-04-16T16:57:06.7701890Z 
2025-04-16T16:57:06.7701899Z 
2025-04-16T16:57:06.7705853Z Error: [96msrc/app/features/favorites/favorites-list/favorites-list.component.spec.ts[0m:[93m156[0m:[93m53[0m - [91merror[0m[90m TS2345: [0mArgument of type 'Observable<{ _id: string; ad: { _id: string; title: string; price: number; location: { city: string; county: string; }; images: { url: string; }[]; advertiser: { _id: string; }; }; notes: string; notificationsEnabled: boolean; createdAt: string; }[]>' is not assignable to parameter of type 'Observable<Favorite[]>'.
2025-04-16T16:57:06.7710294Z   Type '{ _id: string; ad: { _id: string; title: string; price: number; location: { city: string; county: string; }; images: { url: string; }[]; advertiser: { _id: string; }; }; notes: string; notificationsEnabled: boolean; createdAt: string; }[]' is not assignable to type 'Favorite[]'.
2025-04-16T16:57:06.7713731Z     Type '{ _id: string; ad: { _id: string; title: string; price: number; location: { city: string; county: string; }; images: { url: string; }[]; advertiser: { _id: string; }; }; notes: string; notificationsEnabled: boolean; createdAt: string; }' is missing the following properties from type 'Favorite': user, tags, priority, updatedAt
2025-04-16T16:57:06.7715512Z 
2025-04-16T16:57:06.7716218Z [7m156[0m     favoriteServiceSpy.getFavorites.and.returnValue(of(mockFavorites));
2025-04-16T16:57:06.7717287Z [7m   [0m [91m                                                    ~~~~~~~~~~~~~~~~~[0m
2025-04-16T16:57:06.7717654Z 
2025-04-16T16:57:06.7717663Z 
2025-04-16T16:57:06.7721637Z Error: [96msrc/app/features/favorites/favorites-list/favorites-list.component.spec.ts[0m:[93m165[0m:[93m31[0m - [91merror[0m[90m TS2345: [0mArgument of type '{ _id: string; ad: { _id: string; title: string; price: number; location: { city: string; county: string; }; images: { url: string; }[]; advertiser: { _id: string; }; }; notes: string; notificationsEnabled: boolean; createdAt: string; }' is not assignable to parameter of type 'Favorite'.
2025-04-16T16:57:06.7726072Z   Type '{ _id: string; ad: { _id: string; title: string; price: number; location: { city: string; county: string; }; images: { url: string; }[]; advertiser: { _id: string; }; }; notes: string; notificationsEnabled: boolean; createdAt: string; }' is missing the following properties from type 'Favorite': user, tags, priority, updatedAt
2025-04-16T16:57:06.7728109Z 
2025-04-16T16:57:06.7728613Z [7m165[0m     component.openNotesDialog(mockFavorites[0]);
2025-04-16T16:57:06.7729593Z [7m   [0m [91m                              ~~~~~~~~~~~~~~~~[0m
2025-04-16T16:57:06.7730111Z 
2025-04-16T16:57:06.7730120Z 
2025-04-16T16:57:06.7731823Z Error: [96msrc/app/features/favorites/favorites-list/favorites-list.component.ts[0m:[93m875[0m:[93m36[0m - [91merror[0m[90m TS2339: [0mProperty 'selected' does not exist on type 'Favorite'.
2025-04-16T16:57:06.7733032Z 
2025-04-16T16:57:06.7733451Z [7m875[0m       .filter(favorite => favorite.selected)
2025-04-16T16:57:06.7734212Z [7m   [0m [91m                                   ~~~~~~~~[0m
2025-04-16T16:57:06.7734548Z 
2025-04-16T16:57:06.7734565Z 
2025-04-16T16:57:06.7736632Z Error: [96msrc/app/shared/components/chat-message/chat-message.component.ts[0m:[93m40[0m:[93m44[0m - [91merror[0m[90m TS2551: [0mProperty 'getCurrentUserId' does not exist on type 'AuthService'. Did you mean 'getCurrentUser'?
2025-04-16T16:57:06.7738028Z 
2025-04-16T16:57:06.7738601Z [7m40[0m     const currentUserId = this.authService.getCurrentUserId();
2025-04-16T16:57:06.7739534Z [7m  [0m [91m                                           ~~~~~~~~~~~~~~~~[0m
2025-04-16T16:57:06.7740039Z 
2025-04-16T16:57:06.7740700Z   [96msrc/app/core/services/auth.service.ts[0m:[93m135[0m:[93m3[0m
2025-04-16T16:57:06.7741493Z     [7m135[0m   getCurrentUser(): User | null {
2025-04-16T16:57:06.7742064Z     [7m   [0m [96m  ~~~~~~~~~~~~~~[0m
2025-04-16T16:57:06.7742548Z     'getCurrentUser' is declared here.
2025-04-16T16:57:06.7742845Z 
2025-04-16T16:57:06.7742854Z 
2025-04-16T16:57:06.7744519Z Error: [96msrc/app/shared/components/chat-message/chat-message.component.ts[0m:[93m109[0m:[93m60[0m - [91merror[0m[90m TS2339: [0mProperty 'createdAt' does not exist on type 'ChatMessage'.
2025-04-16T16:57:06.7745735Z 
2025-04-16T16:57:06.7746487Z [7m109[0m     return new Date(this.message.timestamp || this.message.createdAt || Date.now());
2025-04-16T16:57:06.7747563Z [7m   [0m [91m                                                           ~~~~~~~~~[0m
2025-04-16T16:57:06.7747935Z 
2025-04-16T16:57:06.7747943Z 
2025-04-16T16:57:06.7749147Z Error: [96msrc/app/shared/components/map/map.component.spec.ts[0m:[93m8[0m:[93m1[0m - [91merror[0m[90m TS2304: [0mCannot find name 'jest'.
2025-04-16T16:57:06.7750316Z 
2025-04-16T16:57:06.7750637Z [7m8[0m jest.mock('leaflet', () => {
2025-04-16T16:57:06.7751140Z [7m [0m [91m~~~~[0m
2025-04-16T16:57:06.7751353Z 
2025-04-16T16:57:06.7751361Z 
2025-04-16T16:57:06.7752579Z Error: [96msrc/app/shared/components/map/map.component.spec.ts[0m:[93m9[0m:[93m26[0m - [91merror[0m[90m TS2304: [0mCannot find name 'jest'.
2025-04-16T16:57:06.7753458Z 
2025-04-16T16:57:06.7753951Z [7m9[0m   const originalModule = jest.requireActual('leaflet');
2025-04-16T16:57:06.7754699Z [7m [0m [91m                         ~~~~[0m
2025-04-16T16:57:06.7755023Z 
2025-04-16T16:57:06.7755031Z 
2025-04-16T16:57:06.7756263Z Error: [96msrc/app/shared/components/map/map.component.spec.ts[0m:[93m13[0m:[93m14[0m - [91merror[0m[90m TS2304: [0mCannot find name 'jest'.
2025-04-16T16:57:06.7757175Z 
2025-04-16T16:57:06.7757556Z [7m13[0m     setView: jest.fn().mockReturnThis(),
2025-04-16T16:57:06.7758169Z [7m  [0m [91m             ~~~~[0m
2025-04-16T16:57:06.7758441Z 
2025-04-16T16:57:06.7758456Z 
2025-04-16T16:57:06.7759663Z Error: [96msrc/app/shared/components/map/map.component.spec.ts[0m:[93m14[0m:[93m13[0m - [91merror[0m[90m TS2304: [0mCannot find name 'jest'.
2025-04-16T16:57:06.7760711Z 
2025-04-16T16:57:06.7761008Z [7m14[0m     remove: jest.fn(),
2025-04-16T16:57:06.7761547Z [7m  [0m [91m            ~~~~[0m
2025-04-16T16:57:06.7761808Z 
2025-04-16T16:57:06.7761816Z 
2025-04-16T16:57:06.7762977Z Error: [96msrc/app/shared/components/map/map.component.spec.ts[0m:[93m15[0m:[93m9[0m - [91merror[0m[90m TS2304: [0mCannot find name 'jest'.
2025-04-16T16:57:06.7764154Z 
2025-04-16T16:57:06.7764509Z [7m15[0m     on: jest.fn().mockReturnThis(),
2025-04-16T16:57:06.7765065Z [7m  [0m [91m        ~~~~[0m
2025-04-16T16:57:06.7765321Z 
2025-04-16T16:57:06.7765554Z 
2025-04-16T16:57:06.7766745Z Error: [96msrc/app/shared/components/map/map.component.spec.ts[0m:[93m16[0m:[93m10[0m - [91merror[0m[90m TS2304: [0mCannot find name 'jest'.
2025-04-16T16:57:06.7767601Z 
2025-04-16T16:57:06.7767858Z [7m16[0m     off: jest.fn(),
2025-04-16T16:57:06.7768342Z [7m  [0m [91m         ~~~~[0m
2025-04-16T16:57:06.7768592Z 
2025-04-16T16:57:06.7768599Z 
2025-04-16T16:57:06.7769783Z Error: [96msrc/app/shared/components/map/map.component.spec.ts[0m:[93m17[0m:[93m21[0m - [91merror[0m[90m TS2304: [0mCannot find name 'jest'.
2025-04-16T16:57:06.7770905Z 
2025-04-16T16:57:06.7771215Z [7m17[0m     invalidateSize: jest.fn(),
2025-04-16T16:57:06.7771776Z [7m  [0m [91m                    ~~~~[0m
2025-04-16T16:57:06.7772034Z 
2025-04-16T16:57:06.7772043Z 
2025-04-16T16:57:06.7773160Z Error: [96msrc/app/shared/components/map/map.component.spec.ts[0m:[93m18[0m:[93m15[0m - [91merror[0m[90m TS2304: [0mCannot find name 'jest'.
2025-04-16T16:57:06.7774036Z 
2025-04-16T16:57:06.7774324Z [7m18[0m     addLayer: jest.fn(),
2025-04-16T16:57:06.7774850Z [7m  [0m [91m              ~~~~[0m
2025-04-16T16:57:06.7775123Z 
2025-04-16T16:57:06.7775131Z 
2025-04-16T16:57:06.7776340Z Error: [96msrc/app/shared/components/map/map.component.spec.ts[0m:[93m19[0m:[93m18[0m - [91merror[0m[90m TS2304: [0mCannot find name 'jest'.
2025-04-16T16:57:06.7777208Z 
2025-04-16T16:57:06.7777503Z [7m19[0m     removeLayer: jest.fn(),
2025-04-16T16:57:06.7778059Z [7m  [0m [91m                 ~~~~[0m
2025-04-16T16:57:06.7778388Z 
2025-04-16T16:57:06.7778395Z 
2025-04-16T16:57:06.7779573Z Error: [96msrc/app/shared/components/map/map.component.spec.ts[0m:[93m20[0m:[93m14[0m - [91merror[0m[90m TS2304: [0mCannot find name 'jest'.
2025-04-16T16:57:06.7780616Z 
2025-04-16T16:57:06.7781022Z [7m20[0m     getZoom: jest.fn().mockReturnValue(10),
2025-04-16T16:57:06.7781640Z [7m  [0m [91m             ~~~~[0m
2025-04-16T16:57:06.7781894Z 
2025-04-16T16:57:06.7781900Z 
2025-04-16T16:57:06.7783183Z Error: [96msrc/app/shared/components/map/map.component.spec.ts[0m:[93m21[0m:[93m14[0m - [91merror[0m[90m TS2304: [0mCannot find name 'jest'.
2025-04-16T16:57:06.7784094Z 
2025-04-16T16:57:06.7784396Z [7m21[0m     setZoom: jest.fn(),
2025-04-16T16:57:06.7784951Z [7m  [0m [91m             ~~~~[0m
2025-04-16T16:57:06.7785232Z 
2025-04-16T16:57:06.7785239Z 
2025-04-16T16:57:06.7786473Z Error: [96msrc/app/shared/components/map/map.component.spec.ts[0m:[93m22[0m:[93m16[0m - [91merror[0m[90m TS2304: [0mCannot find name 'jest'.
2025-04-16T16:57:06.7787387Z 
2025-04-16T16:57:06.7787940Z [7m22[0m     getCenter: jest.fn().mockReturnValue({ lat: 0, lng: 0 }),
2025-04-16T16:57:06.7788677Z [7m  [0m [91m               ~~~~[0m
2025-04-16T16:57:06.7788962Z 
2025-04-16T16:57:06.7788970Z 
2025-04-16T16:57:06.7790447Z Error: [96msrc/app/shared/components/map/map.component.spec.ts[0m:[93m23[0m:[93m12[0m - [91merror[0m[90m TS2304: [0mCannot find name 'jest'.
2025-04-16T16:57:06.7791332Z 
2025-04-16T16:57:06.7791614Z [7m23[0m     flyTo: jest.fn(),
2025-04-16T16:57:06.7792104Z [7m  [0m [91m           ~~~~[0m
2025-04-16T16:57:06.7792372Z 
2025-04-16T16:57:06.7792380Z 
2025-04-16T16:57:06.7793543Z Error: [96msrc/app/shared/components/map/map.component.spec.ts[0m:[93m28[0m:[93m12[0m - [91merror[0m[90m TS2304: [0mCannot find name 'jest'.
2025-04-16T16:57:06.7794411Z 
2025-04-16T16:57:06.7794820Z [7m28[0m     addTo: jest.fn().mockReturnThis(),
2025-04-16T16:57:06.7795390Z [7m  [0m [91m           ~~~~[0m
2025-04-16T16:57:06.7795650Z 
2025-04-16T16:57:06.7795658Z 
2025-04-16T16:57:06.7797174Z Error: [96msrc/app/shared/components/map/map.component.spec.ts[0m:[93m29[0m:[93m16[0m - [91merror[0m[90m TS2304: [0mCannot find name 'jest'.
2025-04-16T16:57:06.7798039Z 
2025-04-16T16:57:06.7798491Z [7m29[0m     setLatLng: jest.fn().mockReturnThis(),
2025-04-16T16:57:06.7799110Z [7m  [0m [91m               ~~~~[0m
2025-04-16T16:57:06.7799404Z 
2025-04-16T16:57:06.7799618Z 
2025-04-16T16:57:06.7801088Z Error: [96msrc/app/shared/components/map/map.component.spec.ts[0m:[93m30[0m:[93m16[0m - [91merror[0m[90m TS2304: [0mCannot find name 'jest'.
2025-04-16T16:57:06.7801979Z 
2025-04-16T16:57:06.7802416Z [7m30[0m     bindPopup: jest.fn().mockReturnThis(),
2025-04-16T16:57:06.7803079Z [7m  [0m [91m               ~~~~[0m
2025-04-16T16:57:06.7803354Z 
2025-04-16T16:57:06.7803362Z 
2025-04-16T16:57:06.7804617Z Error: [96msrc/app/shared/components/map/map.component.spec.ts[0m:[93m31[0m:[93m16[0m - [91merror[0m[90m TS2304: [0mCannot find name 'jest'.
2025-04-16T16:57:06.7805543Z 
2025-04-16T16:57:06.7805874Z [7m31[0m     openPopup: jest.fn(),
2025-04-16T16:57:06.7806438Z [7m  [0m [91m               ~~~~[0m
2025-04-16T16:57:06.7806721Z 
2025-04-16T16:57:06.7806729Z 
2025-04-16T16:57:06.7807950Z Error: [96msrc/app/shared/components/map/map.component.spec.ts[0m:[93m32[0m:[93m13[0m - [91merror[0m[90m TS2304: [0mCannot find name 'jest'.
2025-04-16T16:57:06.7808831Z 
2025-04-16T16:57:06.7809096Z [7m32[0m     remove: jest.fn(),
2025-04-16T16:57:06.7809610Z [7m  [0m [91m            ~~~~[0m
2025-04-16T16:57:06.7809869Z 
2025-04-16T16:57:06.7810049Z 
2025-04-16T16:57:06.7811438Z Error: [96msrc/app/shared/components/map/map.component.spec.ts[0m:[93m33[0m:[93m9[0m - [91merror[0m[90m TS2304: [0mCannot find name 'jest'.
2025-04-16T16:57:06.7812359Z 
2025-04-16T16:57:06.7812757Z [7m33[0m     on: jest.fn().mockReturnThis(),
2025-04-16T16:57:06.7813324Z [7m  [0m [91m        ~~~~[0m
2025-04-16T16:57:06.7813569Z 
2025-04-16T16:57:06.7813576Z 
2025-04-16T16:57:06.7814829Z Error: [96msrc/app/shared/components/map/map.component.spec.ts[0m:[93m38[0m:[93m16[0m - [91merror[0m[90m TS2304: [0mCannot find name 'jest'.
2025-04-16T16:57:06.7815733Z 
2025-04-16T16:57:06.7816172Z [7m38[0m     setLatLng: jest.fn().mockReturnThis(),
2025-04-16T16:57:06.7816867Z [7m  [0m [91m               ~~~~[0m
2025-04-16T16:57:06.7817178Z 
2025-04-16T16:57:06.7817189Z 
2025-04-16T16:57:06.7818471Z Error: [96msrc/app/shared/components/map/map.component.spec.ts[0m:[93m39[0m:[93m17[0m - [91merror[0m[90m TS2304: [0mCannot find name 'jest'.
2025-04-16T16:57:06.7819422Z 
2025-04-16T16:57:06.7820084Z [7m39[0m     setContent: jest.fn().mockReturnThis(),
2025-04-16T16:57:06.7820812Z [7m  [0m [91m                ~~~~[0m
2025-04-16T16:57:06.7821142Z 
2025-04-16T16:57:06.7821151Z 
2025-04-16T16:57:06.7822443Z Error: [96msrc/app/shared/components/map/map.component.spec.ts[0m:[93m40[0m:[93m13[0m - [91merror[0m[90m TS2304: [0mCannot find name 'jest'.
2025-04-16T16:57:06.7823430Z 
2025-04-16T16:57:06.7823798Z [7m40[0m     openOn: jest.fn(),
2025-04-16T16:57:06.7824416Z [7m  [0m [91m            ~~~~[0m
2025-04-16T16:57:06.7824725Z 
2025-04-16T16:57:06.7824735Z 
2025-04-16T16:57:06.7826060Z Error: [96msrc/app/shared/components/map/map.component.spec.ts[0m:[93m50[0m:[93m10[0m - [91merror[0m[90m TS2304: [0mCannot find name 'jest'.
2025-04-16T16:57:06.7826988Z 
2025-04-16T16:57:06.7827452Z [7m50[0m     map: jest.fn().mockReturnValue(mockMap),
2025-04-16T16:57:06.7828127Z [7m  [0m [91m         ~~~~[0m
2025-04-16T16:57:06.7828408Z 
2025-04-16T16:57:06.7828417Z 
2025-04-16T16:57:06.7829667Z Error: [96msrc/app/shared/components/map/map.component.spec.ts[0m:[93m51[0m:[93m13[0m - [91merror[0m[90m TS2304: [0mCannot find name 'jest'.
2025-04-16T16:57:06.7830804Z 
2025-04-16T16:57:06.7831316Z [7m51[0m     marker: jest.fn().mockReturnValue(mockMarker),
2025-04-16T16:57:06.7832035Z [7m  [0m [91m            ~~~~[0m
2025-04-16T16:57:06.7832333Z 
2025-04-16T16:57:06.7832706Z 
2025-04-16T16:57:06.7833961Z Error: [96msrc/app/shared/components/map/map.component.spec.ts[0m:[93m52[0m:[93m12[0m - [91merror[0m[90m TS2304: [0mCannot find name 'jest'.
2025-04-16T16:57:06.7834831Z 
2025-04-16T16:57:06.7835363Z [7m52[0m     popup: jest.fn().mockReturnValue(mockPopup),
2025-04-16T16:57:06.7836230Z [7m  [0m [91m           ~~~~[0m
2025-04-16T16:57:06.7836516Z 
2025-04-16T16:57:06.7836525Z 
2025-04-16T16:57:06.7837756Z Error: [96msrc/app/shared/components/map/map.component.spec.ts[0m:[93m53[0m:[93m11[0m - [91merror[0m[90m TS2304: [0mCannot find name 'jest'.
2025-04-16T16:57:06.7838689Z 
2025-04-16T16:57:06.7839146Z [7m53[0m     icon: jest.fn().mockReturnValue(mockIcon),
2025-04-16T16:57:06.7839796Z [7m  [0m [91m          ~~~~[0m
2025-04-16T16:57:06.7840383Z 
2025-04-16T16:57:06.7840392Z 
2025-04-16T16:57:06.7841667Z Error: [96msrc/app/shared/components/map/map.component.spec.ts[0m:[93m54[0m:[93m16[0m - [91merror[0m[90m TS2304: [0mCannot find name 'jest'.
2025-04-16T16:57:06.7842587Z 
2025-04-16T16:57:06.7843012Z [7m54[0m     tileLayer: jest.fn().mockReturnValue({
2025-04-16T16:57:06.7843638Z [7m  [0m [91m               ~~~~[0m
2025-04-16T16:57:06.7843921Z 
2025-04-16T16:57:06.7843930Z 
2025-04-16T16:57:06.7845149Z Error: [96msrc/app/shared/components/map/map.component.spec.ts[0m:[93m55[0m:[93m14[0m - [91merror[0m[90m TS2304: [0mCannot find name 'jest'.
2025-04-16T16:57:06.7846042Z 
2025-04-16T16:57:06.7846342Z [7m55[0m       addTo: jest.fn(),
2025-04-16T16:57:06.7846938Z [7m  [0m [91m             ~~~~[0m
2025-04-16T16:57:06.7847221Z 
2025-04-16T16:57:06.7847229Z 
2025-04-16T16:57:06.7848455Z Error: [96msrc/app/shared/components/map/map.component.spec.ts[0m:[93m57[0m:[93m14[0m - [91merror[0m[90m TS2304: [0mCannot find name 'jest'.
2025-04-16T16:57:06.7849369Z 
2025-04-16T16:57:06.7849777Z [7m57[0m     divIcon: jest.fn().mockReturnValue({}),
2025-04-16T16:57:06.7850610Z [7m  [0m [91m             ~~~~[0m
2025-04-16T16:57:06.7850897Z 
2025-04-16T16:57:06.7850906Z 
2025-04-16T16:57:06.7852573Z Error: [96msrc/app/shared/components/map/map.component.spec.ts[0m:[93m143[0m:[93m22[0m - [91merror[0m[90m TS2341: [0mProperty 'map' is private and only accessible within class 'MapComponent'.
2025-04-16T16:57:06.7853737Z 
2025-04-16T16:57:06.7854175Z [7m143[0m     expect(component.map).toBeNull();
2025-04-16T16:57:06.7854833Z [7m   [0m [91m                     ~~~[0m
2025-04-16T16:57:06.7855146Z 
2025-04-16T16:57:06.7855156Z 
2025-04-16T16:57:06.7856932Z Error: [96msrc/app/shared/components/map/map.component.spec.ts[0m:[93m169[0m:[93m15[0m - [91merror[0m[90m TS2551: [0mProperty 'onMapClick' does not exist on type 'MapComponent'. Did you mean 'mapClick'?
2025-04-16T16:57:06.7858178Z 
2025-04-16T16:57:06.7858638Z [7m169[0m     component.onMapClick(mockEvent as any);
2025-04-16T16:57:06.7859324Z [7m   [0m [91m              ~~~~~~~~~~[0m
2025-04-16T16:57:06.7859624Z 
2025-04-16T16:57:06.7860542Z   [96msrc/app/shared/components/map/map.component.ts[0m:[93m126[0m:[93m13[0m
2025-04-16T16:57:06.7861737Z     [7m126[0m   @Output() mapClick = new EventEmitter<{ latitude: number; longitude: number }>();
2025-04-16T16:57:06.7862559Z     [7m   [0m [96m            ~~~~~~~~[0m
2025-04-16T16:57:06.7863036Z     'mapClick' is declared here.
2025-04-16T16:57:06.7863335Z 
2025-04-16T16:57:06.7863345Z 
2025-04-16T16:57:06.7865024Z Error: [96msrc/app/shared/components/map/map.component.spec.ts[0m:[93m184[0m:[93m22[0m - [91merror[0m[90m TS2341: [0mProperty 'map' is private and only accessible within class 'MapComponent'.
2025-04-16T16:57:06.7866216Z 
2025-04-16T16:57:06.7866888Z [7m184[0m     expect(component.map?.flyTo).toHaveBeenCalledWith([60.0, 11.0], 12);
2025-04-16T16:57:06.7867760Z [7m   [0m [91m                     ~~~[0m
2025-04-16T16:57:06.7868069Z 
2025-04-16T16:57:06.7868077Z 
2025-04-16T16:57:06.7869725Z Error: [96msrc/app/shared/components/map/map.component.spec.ts[0m:[93m200[0m:[93m22[0m - [91merror[0m[90m TS2341: [0mProperty 'map' is private and only accessible within class 'MapComponent'.
2025-04-16T16:57:06.7871488Z 
2025-04-16T16:57:06.7872082Z [7m200[0m     expect(component.map?.invalidateSize).toHaveBeenCalled();
2025-04-16T16:57:06.7872789Z [7m   [0m [91m                     ~~~[0m
2025-04-16T16:57:06.7873066Z 
2025-04-16T16:57:06.7873247Z 
2025-04-16T16:57:06.7874942Z Error: [96msrc/app/shared/components/map/map.component.spec.ts[0m:[93m214[0m:[93m15[0m - [91merror[0m[90m TS2551: [0mProperty 'onMarkerClick' does not exist on type 'MapComponent'. Did you mean 'markerClick'?
2025-04-16T16:57:06.7876186Z 
2025-04-16T16:57:06.7876576Z [7m214[0m     component.onMarkerClick(testMarker);
2025-04-16T16:57:06.7877243Z [7m   [0m [91m              ~~~~~~~~~~~~~[0m
2025-04-16T16:57:06.7877539Z 
2025-04-16T16:57:06.7878115Z   [96msrc/app/shared/components/map/map.component.ts[0m:[93m120[0m:[93m13[0m
2025-04-16T16:57:06.7879084Z     [7m120[0m   @Output() markerClick = new EventEmitter<MapMarker>();
2025-04-16T16:57:06.7879792Z     [7m   [0m [96m            ~~~~~~~~~~~[0m
2025-04-16T16:57:06.7880446Z     'markerClick' is declared here.
2025-04-16T16:57:06.7880740Z 
2025-04-16T16:57:06.7880749Z 
2025-04-16T16:57:06.7881954Z Error: [96msrc/app/shared/components/map/map.component.spec.ts[0m:[93m227[0m:[93m27[0m - [91merror[0m[90m TS2304: [0mCannot find name 'jest'.
2025-04-16T16:57:06.7882888Z 
2025-04-16T16:57:06.7883547Z [7m227[0m       getCurrentPosition: jest.fn().mockImplementation(success => {
2025-04-16T16:57:06.7884390Z [7m   [0m [91m                          ~~~~[0m
2025-04-16T16:57:06.7884707Z 
2025-04-16T16:57:06.7884715Z 
2025-04-16T16:57:06.7886007Z Error: [96msrc/app/shared/components/map/map.component.spec.ts[0m:[93m238[0m:[93m27[0m - [91merror[0m[90m TS2304: [0mCannot find name 'global'.
2025-04-16T16:57:06.7886944Z 
2025-04-16T16:57:06.7887540Z [7m238[0m     Object.defineProperty(global.navigator, 'geolocation', {
2025-04-16T16:57:06.7888373Z [7m   [0m [91m                          ~~~~~~[0m
2025-04-16T16:57:06.7888694Z 
2025-04-16T16:57:06.7888702Z 
2025-04-16T16:57:06.7891123Z Error: [96msrc/app/shared/components/map/map.component.spec.ts[0m:[93m244[0m:[93m15[0m - [91merror[0m[90m TS2551: [0mProperty 'showCurrentPosition' does not exist on type 'MapComponent'. Did you mean 'showCurrentLocation'?
2025-04-16T16:57:06.7892561Z 
2025-04-16T16:57:06.7893015Z [7m244[0m     component.showCurrentPosition();
2025-04-16T16:57:06.7893777Z [7m   [0m [91m              ~~~~~~~~~~~~~~~~~~~[0m
2025-04-16T16:57:06.7894112Z 
2025-04-16T16:57:06.7894730Z   [96msrc/app/shared/components/map/map.component.ts[0m:[93m114[0m:[93m12[0m
2025-04-16T16:57:06.7895700Z     [7m114[0m   @Input() showCurrentLocation = false;
2025-04-16T16:57:06.7896414Z     [7m   [0m [96m           ~~~~~~~~~~~~~~~~~~~[0m
2025-04-16T16:57:06.7896985Z     'showCurrentLocation' is declared here.
2025-04-16T16:57:06.7897321Z 
2025-04-16T16:57:06.7897329Z 
2025-04-16T16:57:06.7898568Z Error: [96msrc/app/shared/components/map/map.component.ts[0m:[93m2[0m:[93m3[0m - [91merror[0m[90m TS2300: [0mDuplicate identifier 'Component'.
2025-04-16T16:57:06.7899475Z 
2025-04-16T16:57:06.7899703Z [7m2[0m   Component,
2025-04-16T16:57:06.7900391Z [7m [0m [91m  ~~~~~~~~~[0m
2025-04-16T16:57:06.7900656Z 
2025-04-16T16:57:06.7900667Z 
2025-04-16T16:57:06.7901891Z Error: [96msrc/app/shared/components/map/map.component.ts[0m:[93m3[0m:[93m3[0m - [91merror[0m[90m TS2300: [0mDuplicate identifier 'OnInit'.
2025-04-16T16:57:06.7902793Z 
2025-04-16T16:57:06.7902995Z [7m3[0m   OnInit,
2025-04-16T16:57:06.7903406Z [7m [0m [91m  ~~~~~~[0m
2025-04-16T16:57:06.7903642Z 
2025-04-16T16:57:06.7903651Z 
2025-04-16T16:57:06.7904864Z Error: [96msrc/app/shared/components/map/map.component.ts[0m:[93m4[0m:[93m3[0m - [91merror[0m[90m TS2300: [0mDuplicate identifier 'Input'.
2025-04-16T16:57:06.7905751Z 
2025-04-16T16:57:06.7906302Z [7m4[0m   Input,
2025-04-16T16:57:06.7906716Z [7m [0m [91m  ~~~~~[0m
2025-04-16T16:57:06.7906954Z 
2025-04-16T16:57:06.7906964Z 
2025-04-16T16:57:06.7908179Z Error: [96msrc/app/shared/components/map/map.component.ts[0m:[93m5[0m:[93m3[0m - [91merror[0m[90m TS2300: [0mDuplicate identifier 'Output'.
2025-04-16T16:57:06.7909083Z 
2025-04-16T16:57:06.7909518Z [7m5[0m   Output,
2025-04-16T16:57:06.7910387Z [7m [0m [91m  ~~~~~~[0m
2025-04-16T16:57:06.7910610Z 
2025-04-16T16:57:06.7910618Z 
2025-04-16T16:57:06.7911900Z Error: [96msrc/app/shared/components/map/map.component.ts[0m:[93m6[0m:[93m3[0m - [91merror[0m[90m TS2300: [0mDuplicate identifier 'EventEmitter'.
2025-04-16T16:57:06.7912822Z 
2025-04-16T16:57:06.7913074Z [7m6[0m   EventEmitter,
2025-04-16T16:57:06.7913556Z [7m [0m [91m  ~~~~~~~~~~~~[0m
2025-04-16T16:57:06.7913816Z 
2025-04-16T16:57:06.7913824Z 
2025-04-16T16:57:06.7915081Z Error: [96msrc/app/shared/components/map/map.component.ts[0m:[93m7[0m:[93m3[0m - [91merror[0m[90m TS2300: [0mDuplicate identifier 'AfterViewInit'.
2025-04-16T16:57:06.7916028Z 
2025-04-16T16:57:06.7916284Z [7m7[0m   AfterViewInit,
2025-04-16T16:57:06.7916806Z [7m [0m [91m  ~~~~~~~~~~~~~[0m
2025-04-16T16:57:06.7917070Z 
2025-04-16T16:57:06.7917078Z 
2025-04-16T16:57:06.7918326Z Error: [96msrc/app/shared/components/map/map.component.ts[0m:[93m8[0m:[93m3[0m - [91merror[0m[90m TS2300: [0mDuplicate identifier 'OnDestroy'.
2025-04-16T16:57:06.7919260Z 
2025-04-16T16:57:06.7919494Z [7m8[0m   OnDestroy,
2025-04-16T16:57:06.7920170Z [7m [0m [91m  ~~~~~~~~~[0m
2025-04-16T16:57:06.7920423Z 
2025-04-16T16:57:06.7920431Z 
2025-04-16T16:57:06.7921723Z Error: [96msrc/app/shared/components/map/map.component.ts[0m:[93m15[0m:[93m10[0m - [91merror[0m[90m TS2300: [0mDuplicate identifier 'CommonModule'.
2025-04-16T16:57:06.7922666Z 
2025-04-16T16:57:06.7923107Z [7m15[0m import { CommonModule } from '@angular/common';
2025-04-16T16:57:06.7923788Z [7m  [0m [91m         ~~~~~~~~~~~~[0m
2025-04-16T16:57:06.7924064Z 
2025-04-16T16:57:06.7924079Z 
2025-04-16T16:57:06.7925248Z Error: [96msrc/app/shared/components/map/map.component.ts[0m:[93m16[0m:[93m13[0m - [91merror[0m[90m TS2300: [0mDuplicate identifier 'L'.
2025-04-16T16:57:06.7926080Z 
2025-04-16T16:57:06.7926418Z [7m16[0m import * as L from 'leaflet';
2025-04-16T16:57:06.7926996Z [7m  [0m [91m            ~[0m
2025-04-16T16:57:06.7927256Z 
2025-04-16T16:57:06.7927264Z 
2025-04-16T16:57:06.7928548Z Error: [96msrc/app/shared/components/map/map.component.ts[0m:[93m17[0m:[93m10[0m - [91merror[0m[90m TS2300: [0mDuplicate identifier 'GeocodingService'.
2025-04-16T16:57:06.7929523Z 
2025-04-16T16:57:06.7930598Z [7m17[0m import { GeocodingService } from '../../../core/services/geocoding.service';
2025-04-16T16:57:06.7931528Z [7m  [0m [91m         ~~~~~~~~~~~~~~~~[0m
2025-04-16T16:57:06.7931830Z 
2025-04-16T16:57:06.7931839Z 
2025-04-16T16:57:06.7933132Z Error: [96msrc/app/shared/components/map/map.component.ts[0m:[93m71[0m:[93m14[0m - [91merror[0m[90m TS2300: [0mDuplicate identifier 'MapComponent'.
2025-04-16T16:57:06.7934100Z 
2025-04-16T16:57:06.7934857Z [7m71[0m export class MapComponent implements OnInit, AfterViewInit, OnDestroy, OnChanges {
2025-04-16T16:57:06.7935867Z [7m  [0m [91m             ~~~~~~~~~~~~[0m
2025-04-16T16:57:06.7936178Z 
2025-04-16T16:57:06.7936199Z 
2025-04-16T16:57:06.7938265Z Error: [96msrc/app/shared/components/map/map.component.ts[0m:[93m345[0m:[93m15[0m - [91merror[0m[90m TS2353: [0mObject literal may only specify known properties, and 'address' does not exist in type '{ latitude: number; longitude: number; }'.
2025-04-16T16:57:06.7939771Z 
2025-04-16T16:57:06.7940363Z [7m345[0m               address: result.address,
2025-04-16T16:57:06.7940996Z [7m   [0m [91m              ~~~~~~~[0m
2025-04-16T16:57:06.7941296Z 
2025-04-16T16:57:06.7941304Z 
2025-04-16T16:57:06.7942524Z Error: [96msrc/app/shared/components/map/map.component.ts[0m:[93m410[0m:[93m36[0m - [91merror[0m[90m TS2769: [0mNo overload matches this call.
2025-04-16T16:57:06.7944090Z   The last overload gave the following error.
2025-04-16T16:57:06.7945062Z     Argument of type '(e: KeyboardEvent) => void' is not assignable to parameter of type 'LeafletEventHandlerFn'.
2025-04-16T16:57:06.7946213Z       Types of parameters 'e' and 'event' are incompatible.
2025-04-16T16:57:06.7947407Z         Type 'LeafletEvent' is missing the following properties from type 'KeyboardEvent': altKey, charCode, code, ctrlKey, and 37 more.
2025-04-16T16:57:06.7948182Z 
2025-04-16T16:57:06.7948732Z [7m410[0m       leafletMarker.on('keypress', (e: KeyboardEvent) => {
2025-04-16T16:57:06.7949577Z [7m   [0m [91m                                   ~~~~~~~~~~~~~~~~~~~~~~~[0m
2025-04-16T16:57:06.7950236Z 
2025-04-16T16:57:06.7950758Z   [96m../node_modules/@types/leaflet/index.d.ts[0m:[93m1075[0m:[93m5[0m
2025-04-16T16:57:06.7951776Z     [7m1075[0m     on(type: string, fn: LeafletEventHandlerFn, context?: any): this;
2025-04-16T16:57:06.7952505Z     [7m    [0m [96m    ~~[0m
2025-04-16T16:57:06.7952926Z     The last overload is declared here.
2025-04-16T16:57:06.7953206Z 
2025-04-16T16:57:06.7953214Z 
2025-04-16T16:57:06.7954793Z Error: [96msrc/app/shared/components/map/map.component.ts[0m:[93m505[0m:[93m37[0m - [91merror[0m[90m TS2339: [0mProperty 'trackPerformance' does not exist on type 'MapMonitoringService'.
2025-04-16T16:57:06.7955946Z 
2025-04-16T16:57:06.7956719Z [7m505[0m           this.mapMonitoringService.trackPerformance('geolocation', geolocateTime);
2025-04-16T16:57:06.7989278Z [7m   [0m [91m                                    ~~~~~~~~~~~~~~~~[0m
2025-04-16T16:57:06.7989721Z 
2025-04-16T16:57:06.7989730Z 
2025-04-16T16:57:06.7991729Z Error: [96msrc/app/shared/components/map/map.component.ts[0m:[93m684[0m:[93m31[0m - [91merror[0m[90m TS2339: [0mProperty 'trackPerformance' does not exist on type 'MapMonitoringService'.
2025-04-16T16:57:06.7992898Z 
2025-04-16T16:57:06.7993760Z [7m684[0m     this.mapMonitoringService.trackPerformance('update_markers', updateTime, {
2025-04-16T16:57:06.7994800Z [7m   [0m [91m                              ~~~~~~~~~~~~~~~~[0m
2025-04-16T16:57:06.7995149Z 
2025-04-16T16:57:06.7995159Z 
2025-04-16T16:57:06.7996773Z Error: [96msrc/app/shared/components/map/map.component.ts[0m:[93m777[0m:[93m33[0m - [91merror[0m[90m TS2339: [0mProperty 'trackPerformance' does not exist on type 'MapMonitoringService'.
2025-04-16T16:57:06.7997960Z 
2025-04-16T16:57:06.7998748Z [7m777[0m       this.mapMonitoringService.trackPerformance('refresh_map', refreshTime);
2025-04-16T16:57:06.7999810Z [7m   [0m [91m                                ~~~~~~~~~~~~~~~~[0m
2025-04-16T16:57:06.8000504Z 
2025-04-16T16:57:06.8000513Z 
2025-04-16T16:57:06.8001813Z Error: [96msrc/app/shared/components/map/map.component.ts[0m:[93m782[0m:[93m3[0m - [91merror[0m[90m TS2300: [0mDuplicate identifier 'Component'.
2025-04-16T16:57:06.8002727Z 
2025-04-16T16:57:06.8003004Z [7m782[0m   Component,
2025-04-16T16:57:06.8003505Z [7m   [0m [91m  ~~~~~~~~~[0m
2025-04-16T16:57:06.8003762Z 
2025-04-16T16:57:06.8003770Z 
2025-04-16T16:57:06.8004968Z Error: [96msrc/app/shared/components/map/map.component.ts[0m:[93m783[0m:[93m3[0m - [91merror[0m[90m TS2300: [0mDuplicate identifier 'OnInit'.
2025-04-16T16:57:06.8005847Z 
2025-04-16T16:57:06.8006063Z [7m783[0m   OnInit,
2025-04-16T16:57:06.8006468Z [7m   [0m [91m  ~~~~~~[0m
2025-04-16T16:57:06.8006714Z 
2025-04-16T16:57:06.8006722Z 
2025-04-16T16:57:06.8007924Z Error: [96msrc/app/shared/components/map/map.component.ts[0m:[93m784[0m:[93m3[0m - [91merror[0m[90m TS2300: [0mDuplicate identifier 'Input'.
2025-04-16T16:57:06.8008805Z 
2025-04-16T16:57:06.8009035Z [7m784[0m   Input,
2025-04-16T16:57:06.8009441Z [7m   [0m [91m  ~~~~~[0m
2025-04-16T16:57:06.8009686Z 
2025-04-16T16:57:06.8009695Z 
2025-04-16T16:57:06.8011111Z Error: [96msrc/app/shared/components/map/map.component.ts[0m:[93m785[0m:[93m3[0m - [91merror[0m[90m TS2300: [0mDuplicate identifier 'Output'.
2025-04-16T16:57:06.8012404Z 
2025-04-16T16:57:06.8012644Z [7m785[0m   Output,
2025-04-16T16:57:06.8013076Z [7m   [0m [91m  ~~~~~~[0m
2025-04-16T16:57:06.8013336Z 
2025-04-16T16:57:06.8013345Z 
2025-04-16T16:57:06.8014757Z Error: [96msrc/app/shared/components/map/map.component.ts[0m:[93m786[0m:[93m3[0m - [91merror[0m[90m TS2300: [0mDuplicate identifier 'EventEmitter'.
2025-04-16T16:57:06.8015736Z 
2025-04-16T16:57:06.8016029Z [7m786[0m   EventEmitter,
2025-04-16T16:57:06.8016547Z [7m   [0m [91m  ~~~~~~~~~~~~[0m
2025-04-16T16:57:06.8016818Z 
2025-04-16T16:57:06.8016826Z 
2025-04-16T16:57:06.8018129Z Error: [96msrc/app/shared/components/map/map.component.ts[0m:[93m787[0m:[93m3[0m - [91merror[0m[90m TS2300: [0mDuplicate identifier 'AfterViewInit'.
2025-04-16T16:57:06.8019078Z 
2025-04-16T16:57:06.8019351Z [7m787[0m   AfterViewInit,
2025-04-16T16:57:06.8020101Z [7m   [0m [91m  ~~~~~~~~~~~~~[0m
2025-04-16T16:57:06.8020546Z 
2025-04-16T16:57:06.8020555Z 
2025-04-16T16:57:06.8021861Z Error: [96msrc/app/shared/components/map/map.component.ts[0m:[93m788[0m:[93m3[0m - [91merror[0m[90m TS2300: [0mDuplicate identifier 'OnDestroy'.
2025-04-16T16:57:06.8022819Z 
2025-04-16T16:57:06.8023073Z [7m788[0m   OnDestroy,
2025-04-16T16:57:06.8023618Z [7m   [0m [91m  ~~~~~~~~~[0m
2025-04-16T16:57:06.8023889Z 
2025-04-16T16:57:06.8023897Z 
2025-04-16T16:57:06.8025209Z Error: [96msrc/app/shared/components/map/map.component.ts[0m:[93m790[0m:[93m10[0m - [91merror[0m[90m TS2300: [0mDuplicate identifier 'CommonModule'.
2025-04-16T16:57:06.8026142Z 
2025-04-16T16:57:06.8026649Z [7m790[0m import { CommonModule } from '@angular/common';
2025-04-16T16:57:06.8027384Z [7m   [0m [91m         ~~~~~~~~~~~~[0m
2025-04-16T16:57:06.8027667Z 
2025-04-16T16:57:06.8027675Z 
2025-04-16T16:57:06.8028864Z Error: [96msrc/app/shared/components/map/map.component.ts[0m:[93m791[0m:[93m13[0m - [91merror[0m[90m TS2300: [0mDuplicate identifier 'L'.
2025-04-16T16:57:06.8029772Z 
2025-04-16T16:57:06.8030317Z [7m791[0m import * as L from 'leaflet';
2025-04-16T16:57:06.8030907Z [7m   [0m [91m            ~[0m
2025-04-16T16:57:06.8031190Z 
2025-04-16T16:57:06.8031201Z 
2025-04-16T16:57:06.8032558Z Error: [96msrc/app/shared/components/map/map.component.ts[0m:[93m792[0m:[93m10[0m - [91merror[0m[90m TS2300: [0mDuplicate identifier 'GeocodingService'.
2025-04-16T16:57:06.8033494Z 
2025-04-16T16:57:06.8034132Z [7m792[0m import { GeocodingService } from '../../../core/services/geocoding.service';
2025-04-16T16:57:06.8034990Z [7m   [0m [91m         ~~~~~~~~~~~~~~~~[0m
2025-04-16T16:57:06.8035349Z 
2025-04-16T16:57:06.8035358Z 
2025-04-16T16:57:06.8036663Z Error: [96msrc/app/shared/components/map/map.component.ts[0m:[93m811[0m:[93m14[0m - [91merror[0m[90m TS2300: [0mDuplicate identifier 'MapComponent'.
2025-04-16T16:57:06.8037601Z 
2025-04-16T16:57:06.8038295Z [7m811[0m export class MapComponent implements OnInit, AfterViewInit, OnDestroy {
2025-04-16T16:57:06.8039179Z [7m   [0m [91m             ~~~~~~~~~~~~[0m
2025-04-16T16:57:06.8039494Z 
2025-04-16T16:57:06.8039503Z 
2025-04-16T16:57:06.8042327Z Error: [96msrc/app/shared/emerald/card-grid/card-grid.component.spec.ts[0m:[93m18[0m:[93m1[0m - [91merror[0m[90m TS1005: [0m'from' expected.
2025-04-16T16:57:06.8043247Z 
2025-04-16T16:57:06.8043825Z [7m18[0m import { CardGridComponent } from './card-grid.component';
2025-04-16T16:57:06.8044487Z [7m  [0m [91m~~~~~~[0m
2025-04-16T16:57:06.8044717Z 
2025-04-16T16:57:06.8044725Z 
2025-04-16T16:57:06.8046099Z Error: [96msrc/app/shared/emerald/card-grid/card-grid.component.spec.ts[0m:[93m20[0m:[93m73[0m - [91merror[0m[90m TS2304: [0mCannot find name 'MockAppCardComponent'.
2025-04-16T16:57:06.8047124Z 
2025-04-16T16:57:06.8048278Z [7m20[0m import { CommonTestModule } from '../../../testing/common-test.module'; MockAppCardComponent } from '../../../testing/common-test.module';
2025-04-16T16:57:06.8050296Z [7m  [0m [91m                                                                        ~~~~~~~~~~~~~~~~~~~~[0m
2025-04-16T16:57:06.8050697Z 
2025-04-16T16:57:06.8050714Z 
2025-04-16T16:57:06.8052279Z Error: [96msrc/app/shared/emerald/card-grid/card-grid.component.spec.ts[0m:[93m20[0m:[93m94[0m - [91merror[0m[90m TS1128: [0mDeclaration or statement expected.
2025-04-16T16:57:06.8053259Z 
2025-04-16T16:57:06.8054596Z [7m20[0m import { CommonTestModule } from '../../../testing/common-test.module'; MockAppCardComponent } from '../../../testing/common-test.module';
2025-04-16T16:57:06.8056140Z [7m  [0m [91m                                                                                             ~[0m
2025-04-16T16:57:06.8056544Z 
2025-04-16T16:57:06.8056553Z 
2025-04-16T16:57:06.8057963Z Error: [96msrc/app/shared/emerald/card-grid/card-grid.component.spec.ts[0m:[93m20[0m:[93m96[0m - [91merror[0m[90m TS1434: [0mUnexpected keyword or identifier.
2025-04-16T16:57:06.8058993Z 
2025-04-16T16:57:06.8060504Z [7m20[0m import { CommonTestModule } from '../../../testing/common-test.module'; MockAppCardComponent } from '../../../testing/common-test.module';
2025-04-16T16:57:06.8062118Z [7m  [0m [91m                                                                                               ~~~~[0m
2025-04-16T16:57:06.8062548Z 
2025-04-16T16:57:06.8062558Z 
2025-04-16T16:57:06.8063894Z Error: [96msrc/app/shared/emerald/card-grid/card-grid.component.spec.ts[0m:[93m20[0m:[93m96[0m - [91merror[0m[90m TS2304: [0mCannot find name 'from'.
2025-04-16T16:57:06.8064851Z 
2025-04-16T16:57:06.8066079Z [7m20[0m import { CommonTestModule } from '../../../testing/common-test.module'; MockAppCardComponent } from '../../../testing/common-test.module';
2025-04-16T16:57:06.8067639Z [7m  [0m [91m                                                                                               ~~~~[0m
2025-04-16T16:57:06.8068046Z 
2025-04-16T16:57:06.8068064Z 
2025-04-16T16:57:06.8069449Z Error: [96msrc/app/shared/emerald/card-grid/card-grid.component.spec.ts[0m:[93m52[0m:[93m4[0m - [91merror[0m[90m TS2304: [0mCannot find name 'ViewChild'.
2025-04-16T16:57:06.8070725Z 
2025-04-16T16:57:06.8071365Z [7m52[0m   @ViewChild('itemTemplate') itemTemplate!: TemplateRef<any>;
2025-04-16T16:57:06.8072185Z [7m  [0m [91m   ~~~~~~~~~[0m
2025-04-16T16:57:06.8072461Z 
2025-04-16T16:57:06.8072469Z 
2025-04-16T16:57:06.8073867Z Error: [96msrc/app/shared/emerald/card-grid/card-grid.component.spec.ts[0m:[93m52[0m:[93m45[0m - [91merror[0m[90m TS2304: [0mCannot find name 'TemplateRef'.
2025-04-16T16:57:06.8074897Z 
2025-04-16T16:57:06.8075512Z [7m52[0m   @ViewChild('itemTemplate') itemTemplate!: TemplateRef<any>;
2025-04-16T16:57:06.8076500Z [7m  [0m [91m                                            ~~~~~~~~~~~[0m
2025-04-16T16:57:06.8076885Z 
2025-04-16T16:57:06.8076895Z 
2025-04-16T16:57:06.8078378Z Error: [96msrc/app/shared/emerald/card-grid/card-grid.component.spec.ts[0m:[93m103[0m:[93m9[0m - [91merror[0m[90m TS2304: [0mCannot find name 'MockAppCardComponent'.
2025-04-16T16:57:06.8079468Z 
2025-04-16T16:57:06.8079848Z [7m103[0m         MockAppCardComponent,
2025-04-16T16:57:06.8080746Z [7m   [0m [91m        ~~~~~~~~~~~~~~~~~~~~[0m
2025-04-16T16:57:06.8081084Z 
2025-04-16T16:57:06.8081093Z 
2025-04-16T16:57:06.8082495Z Error: [96msrc/app/shared/emerald/card-grid/card-grid.component.spec.ts[0m:[93m110[0m:[93m37[0m - [91merror[0m[90m TS2304: [0mCannot find name 'MockAppCardComponent'.
2025-04-16T16:57:06.8083517Z 
2025-04-16T16:57:06.8084331Z [7m110[0m         imports: [CommonTestModule, MockAppCardComponent, SkeletonLoaderComponent],
2025-04-16T16:57:06.8085372Z [7m   [0m [91m                                    ~~~~~~~~~~~~~~~~~~~~[0m
2025-04-16T16:57:06.8085765Z 
2025-04-16T16:57:06.8085775Z 
2025-04-16T16:57:06.8086745Z Error: Can't resolve 'node_modules/leaflet/dist/leaflet.css' in '/home/runner/work/date-night-app2/date-night-app2/client-angular'
2025-04-16T16:57:06.8087899Z 
2025-04-16T16:57:06.8088116Z [39m[22m
2025-04-16T16:57:06.8089233Z [32m16 04 2025 16:57:06.735:INFO [karma-server]: [39mKarma v6.4.4 server started at http://localhost:9876/
2025-04-16T16:57:06.8091196Z [32m16 04 2025 16:57:06.736:INFO [launcher]: [39mLaunching browsers ChromeHeadless with concurrency unlimited
2025-04-16T16:57:06.8092732Z [91m16 04 2025 16:57:06.737:ERROR [karma-server]: [39mError: Found 1 load error
2025-04-16T16:57:06.8093988Z     at Server.<anonymous> (/home/runner/work/date-night-app2/date-night-app2/node_modules/karma/lib/server.js:243:26)
2025-04-16T16:57:06.8095011Z     at Object.onceWrapper (node:events:632:28)
2025-04-16T16:57:06.8095578Z     at Server.emit (node:events:530:35)
2025-04-16T16:57:06.8096105Z     at emitListeningNT (node:net:1980:10)
2025-04-16T16:57:06.8096933Z     at process.processTicksAndRejections (node:internal/process/task_queues:89:21)
2025-04-16T16:57:07.3304989Z npm error Lifecycle script `test` failed with error:
2025-04-16T16:57:07.3307419Z npm error code 1
2025-04-16T16:57:07.3319441Z npm error path /home/runner/work/date-night-app2/date-night-app2/client-angular
2025-04-16T16:57:07.3327328Z npm error workspace client-angular@0.0.0
2025-04-16T16:57:07.3328225Z npm error location /home/runner/work/date-night-app2/date-night-app2/client-angular
2025-04-16T16:57:07.3328963Z npm error command failed
2025-04-16T16:57:07.3329848Z npm error command sh -c ng test client-angular --watch=false --browsers=ChromeHeadless --no-progress
2025-04-16T16:57:07.3389527Z ##[error]Process completed with exit code 1.
2025-04-16T16:57:07.3472662Z ##[group]Run actions/upload-artifact@v4
2025-04-16T16:57:07.3472940Z with:
2025-04-16T16:57:07.3473105Z   name: test-results
2025-04-16T16:57:07.3473313Z   path: ./client-angular/coverage
2025-04-16T16:57:07.3473551Z   if-no-files-found: warn
2025-04-16T16:57:07.3473756Z   compression-level: 6
2025-04-16T16:57:07.3473946Z   overwrite: false
2025-04-16T16:57:07.3474132Z   include-hidden-files: false
2025-04-16T16:57:07.3474350Z env:
2025-04-16T16:57:07.3474489Z   CI: true
2025-04-16T16:57:07.3474642Z ##[endgroup]
2025-04-16T16:57:07.5819117Z ##[warning]No files were found with the provided path: ./client-angular/coverage. No artifacts will be uploaded.
2025-04-16T16:57:07.5963695Z Post job cleanup.
2025-04-16T16:57:07.6939285Z [command]/usr/bin/git version
2025-04-16T16:57:07.6979662Z git version 2.49.0
2025-04-16T16:57:07.7027264Z Temporarily overriding HOME='/home/runner/work/_temp/4fa95a43-7e24-42e6-a16f-b83b7ad3bfd1' before making global git config changes
2025-04-16T16:57:07.7030917Z Adding repository directory to the temporary git global config as a safe directory
2025-04-16T16:57:07.7035469Z [command]/usr/bin/git config --global --add safe.directory /home/runner/work/date-night-app2/date-night-app2
2025-04-16T16:57:07.7079568Z [command]/usr/bin/git config --local --name-only --get-regexp core\.sshCommand
2025-04-16T16:57:07.7116751Z [command]/usr/bin/git submodule foreach --recursive sh -c "git config --local --name-only --get-regexp 'core\.sshCommand' && git config --local --unset-all 'core.sshCommand' || :"
2025-04-16T16:57:07.7365474Z [command]/usr/bin/git config --local --name-only --get-regexp http\.https\:\/\/github\.com\/\.extraheader
2025-04-16T16:57:07.7389820Z http.https://github.com/.extraheader
2025-04-16T16:57:07.7406415Z [command]/usr/bin/git config --local --unset-all http.https://github.com/.extraheader
2025-04-16T16:57:07.7441308Z [command]/usr/bin/git submodule foreach --recursive sh -c "git config --local --name-only --get-regexp 'http\.https\:\/\/github\.com\/\.extraheader' && git config --local --unset-all 'http.https://github.com/.extraheader' || :"
2025-04-16T16:57:07.7797333Z Cleaning up orphan processes
