2025-04-18T09:14:46.9666667Z Current runner version: '2.323.0'
2025-04-18T09:14:46.9703499Z ##[group]Operating System
2025-04-18T09:14:46.9704733Z Ubuntu
2025-04-18T09:14:46.9705465Z 24.04.2
2025-04-18T09:14:46.9706661Z LTS
2025-04-18T09:14:46.9707427Z ##[endgroup]
2025-04-18T09:14:46.9708298Z ##[group]Runner Image
2025-04-18T09:14:46.9709463Z Image: ubuntu-24.04
2025-04-18T09:14:46.9710353Z Version: 20250413.1.0
2025-04-18T09:14:46.9712187Z Included Software: https://github.com/actions/runner-images/blob/ubuntu24/20250413.1/images/ubuntu/Ubuntu2404-Readme.md
2025-04-18T09:14:46.9714851Z Image Release: https://github.com/actions/runner-images/releases/tag/ubuntu24%2F20250413.1
2025-04-18T09:14:46.9716776Z ##[endgroup]
2025-04-18T09:14:46.9717611Z ##[group]Runner Image Provisioner
2025-04-18T09:14:46.9718809Z 2.0.422.1
2025-04-18T09:14:46.9719564Z ##[endgroup]
2025-04-18T09:14:46.9743742Z ##[group]GITHUB_TOKEN Permissions
2025-04-18T09:14:46.9747109Z Actions: write
2025-04-18T09:14:46.9748146Z Attestations: write
2025-04-18T09:14:46.9749199Z Checks: write
2025-04-18T09:14:46.9749985Z Contents: write
2025-04-18T09:14:46.9750904Z Deployments: write
2025-04-18T09:14:46.9751902Z Discussions: write
2025-04-18T09:14:46.9752743Z Issues: write
2025-04-18T09:14:46.9753692Z Metadata: read
2025-04-18T09:14:46.9754486Z Models: read
2025-04-18T09:14:46.9755270Z Packages: write
2025-04-18T09:14:46.9756530Z Pages: write
2025-04-18T09:14:46.9757389Z PullRequests: write
2025-04-18T09:14:46.9758259Z RepositoryProjects: write
2025-04-18T09:14:46.9759140Z SecurityEvents: write
2025-04-18T09:14:46.9760194Z Statuses: write
2025-04-18T09:14:46.9760966Z ##[endgroup]
2025-04-18T09:14:46.9763864Z Secret source: Actions
2025-04-18T09:14:46.9765437Z Prepare workflow directory
2025-04-18T09:14:47.0907825Z Prepare all required actions
2025-04-18T09:14:47.0963200Z Getting action download info
2025-04-18T09:14:47.5770784Z ##[group]Download immutable action package 'actions/checkout@v4'
2025-04-18T09:14:47.5771906Z Version: 4.2.2
2025-04-18T09:14:47.5772854Z Digest: sha256:ccb2698953eaebd21c7bf6268a94f9c26518a7e38e27e0b83c1fe1ad049819b1
2025-04-18T09:14:47.5774001Z Source commit SHA: 11bd71901bbe5b1630ceea73d27597364c9af683
2025-04-18T09:14:47.5774772Z ##[endgroup]
2025-04-18T09:14:47.6965640Z ##[group]Download immutable action package 'actions/setup-node@v4'
2025-04-18T09:14:47.6966759Z Version: 4.4.0
2025-04-18T09:14:47.6967467Z Digest: sha256:9427cefe82346e992fb5b949e3569b39d537ae41aa3086483b14eceebfc16bc1
2025-04-18T09:14:47.6968517Z Source commit SHA: 49933ea5288caeca8642d1e84afbd3f7d6820020
2025-04-18T09:14:47.6969154Z ##[endgroup]
2025-04-18T09:14:48.0672244Z ##[group]Download immutable action package 'actions/upload-artifact@v4'
2025-04-18T09:14:48.0673038Z Version: 4.6.2
2025-04-18T09:14:48.0673751Z Digest: sha256:290722aa3281d5caf23d0acdc3dbeb3424786a1a01a9cc97e72f147225e37c38
2025-04-18T09:14:48.0674747Z Source commit SHA: ea165f8d65b6e75b540449e92b4886f43607fa02
2025-04-18T09:14:48.0675417Z ##[endgroup]
2025-04-18T09:14:48.2770280Z Complete job name: test (22.x)
2025-04-18T09:14:48.3332767Z ##[group]Run actions/checkout@v4
2025-04-18T09:14:48.3333574Z with:
2025-04-18T09:14:48.3333972Z   repository: mrkurger/date-night-app2
2025-04-18T09:14:48.3334620Z   token: ***
2025-04-18T09:14:48.3334988Z   ssh-strict: true
2025-04-18T09:14:48.3335361Z   ssh-user: git
2025-04-18T09:14:48.3335746Z   persist-credentials: true
2025-04-18T09:14:48.3336371Z   clean: true
2025-04-18T09:14:48.3336748Z   sparse-checkout-cone-mode: true
2025-04-18T09:14:48.3337263Z   fetch-depth: 1
2025-04-18T09:14:48.3337675Z   fetch-tags: false
2025-04-18T09:14:48.3338099Z   show-progress: true
2025-04-18T09:14:48.3338596Z   lfs: false
2025-04-18T09:14:48.3338999Z   submodules: false
2025-04-18T09:14:48.3339439Z   set-safe-directory: true
2025-04-18T09:14:48.3340159Z env:
2025-04-18T09:14:48.3340547Z   CI: true
2025-04-18T09:14:48.3340940Z ##[endgroup]
2025-04-18T09:14:48.5973744Z Syncing repository: mrkurger/date-night-app2
2025-04-18T09:14:48.5975585Z ##[group]Getting Git version info
2025-04-18T09:14:48.5977533Z Working directory is '/home/runner/work/date-night-app2/date-night-app2'
2025-04-18T09:14:48.5982105Z [command]/usr/bin/git version
2025-04-18T09:14:48.6041229Z git version 2.49.0
2025-04-18T09:14:48.6077269Z ##[endgroup]
2025-04-18T09:14:48.6092426Z Temporarily overriding HOME='/home/runner/work/_temp/7bab0097-a578-4ad8-82fd-e2270f90e3fe' before making global git config changes
2025-04-18T09:14:48.6097299Z Adding repository directory to the temporary git global config as a safe directory
2025-04-18T09:14:48.6111185Z [command]/usr/bin/git config --global --add safe.directory /home/runner/work/date-night-app2/date-night-app2
2025-04-18T09:14:48.6152122Z Deleting the contents of '/home/runner/work/date-night-app2/date-night-app2'
2025-04-18T09:14:48.6158860Z ##[group]Initializing the repository
2025-04-18T09:14:48.6161140Z [command]/usr/bin/git init /home/runner/work/date-night-app2/date-night-app2
2025-04-18T09:14:48.6260100Z hint: Using 'master' as the name for the initial branch. This default branch name
2025-04-18T09:14:48.6262073Z hint: is subject to change. To configure the initial branch name to use in all
2025-04-18T09:14:48.6263925Z hint: of your new repositories, which will suppress this warning, call:
2025-04-18T09:14:48.6265326Z hint:
2025-04-18T09:14:48.6266441Z hint: 	git config --global init.defaultBranch <name>
2025-04-18T09:14:48.6267471Z hint:
2025-04-18T09:14:48.6268442Z hint: Names commonly chosen instead of 'master' are 'main', 'trunk' and
2025-04-18T09:14:48.6270158Z hint: 'development'. The just-created branch can be renamed via this command:
2025-04-18T09:14:48.6278330Z hint:
2025-04-18T09:14:48.6279140Z hint: 	git branch -m <name>
2025-04-18T09:14:48.6280774Z Initialized empty Git repository in /home/runner/work/date-night-app2/date-night-app2/.git/
2025-04-18T09:14:48.6285196Z [command]/usr/bin/git remote add origin https://github.com/mrkurger/date-night-app2
2025-04-18T09:14:48.6331656Z ##[endgroup]
2025-04-18T09:14:48.6344439Z ##[group]Disabling automatic garbage collection
2025-04-18T09:14:48.6345678Z [command]/usr/bin/git config --local gc.auto 0
2025-04-18T09:14:48.6369958Z ##[endgroup]
2025-04-18T09:14:48.6371230Z ##[group]Setting up auth
2025-04-18T09:14:48.6377768Z [command]/usr/bin/git config --local --name-only --get-regexp core\.sshCommand
2025-04-18T09:14:48.6411506Z [command]/usr/bin/git submodule foreach --recursive sh -c "git config --local --name-only --get-regexp 'core\.sshCommand' && git config --local --unset-all 'core.sshCommand' || :"
2025-04-18T09:14:48.6765573Z [command]/usr/bin/git config --local --name-only --get-regexp http\.https\:\/\/github\.com\/\.extraheader
2025-04-18T09:14:48.6799444Z [command]/usr/bin/git submodule foreach --recursive sh -c "git config --local --name-only --get-regexp 'http\.https\:\/\/github\.com\/\.extraheader' && git config --local --unset-all 'http.https://github.com/.extraheader' || :"
2025-04-18T09:14:48.7034040Z [command]/usr/bin/git config --local http.https://github.com/.extraheader AUTHORIZATION: basic ***
2025-04-18T09:14:48.7079243Z ##[endgroup]
2025-04-18T09:14:48.7082247Z ##[group]Fetching the repository
2025-04-18T09:14:48.7093800Z [command]/usr/bin/git -c protocol.version=2 fetch --no-tags --prune --no-recurse-submodules --depth=1 origin +54a2d3ab66c8608f547d5a01d325a5685f89b717:refs/remotes/origin/main
2025-04-18T09:14:50.6686429Z From https://github.com/mrkurger/date-night-app2
2025-04-18T09:14:50.6689113Z  * [new ref]         54a2d3ab66c8608f547d5a01d325a5685f89b717 -> origin/main
2025-04-18T09:14:50.6720467Z ##[endgroup]
2025-04-18T09:14:50.6723436Z ##[group]Determining the checkout info
2025-04-18T09:14:50.6726956Z ##[endgroup]
2025-04-18T09:14:50.6733229Z [command]/usr/bin/git sparse-checkout disable
2025-04-18T09:14:50.6779035Z [command]/usr/bin/git config --local --unset-all extensions.worktreeConfig
2025-04-18T09:14:50.6814050Z ##[group]Checking out the ref
2025-04-18T09:14:50.6816661Z [command]/usr/bin/git checkout --progress --force -B main refs/remotes/origin/main
2025-04-18T09:14:51.2361159Z Switched to a new branch 'main'
2025-04-18T09:14:51.2367873Z branch 'main' set up to track 'origin/main'.
2025-04-18T09:14:51.2389388Z ##[endgroup]
2025-04-18T09:14:51.2430237Z [command]/usr/bin/git log -1 --format=%H
2025-04-18T09:14:51.2453511Z 54a2d3ab66c8608f547d5a01d325a5685f89b717
2025-04-18T09:14:51.2679765Z ##[group]Run actions/setup-node@v4
2025-04-18T09:14:51.2680108Z with:
2025-04-18T09:14:51.2680322Z   node-version: 22.x
2025-04-18T09:14:51.2680558Z   cache: npm
2025-04-18T09:14:51.2680848Z   cache-dependency-path: client-angular/package-lock.json
2025-04-18T09:14:51.2681211Z   always-auth: false
2025-04-18T09:14:51.2681441Z   check-latest: false
2025-04-18T09:14:51.2681813Z   token: ***
2025-04-18T09:14:51.2682024Z env:
2025-04-18T09:14:51.2682212Z   CI: true
2025-04-18T09:14:51.2682410Z ##[endgroup]
2025-04-18T09:14:51.4398847Z Found in cache @ /opt/hostedtoolcache/node/22.14.0/x64
2025-04-18T09:14:51.4404699Z ##[group]Environment details
2025-04-18T09:14:54.8098803Z node: v22.14.0
2025-04-18T09:14:54.8116684Z npm: 10.9.2
2025-04-18T09:14:54.8117477Z yarn: 1.22.22
2025-04-18T09:14:54.8118736Z ##[endgroup]
2025-04-18T09:14:54.8132522Z [command]/opt/hostedtoolcache/node/22.14.0/x64/bin/npm config get cache
2025-04-18T09:14:55.1449198Z /home/runner/.npm
2025-04-18T09:14:55.3209375Z Cache hit for: node-cache-Linux-x64-npm-eed186788acb99c392cc79891935d042040413390720b7932c16d8b7ca478e8b
2025-04-18T09:14:56.4458000Z Received 65157000 of 69351304 (94.0%), 62.1 MBs/sec
2025-04-18T09:14:56.5840504Z Received 69351304 of 69351304 (100.0%), 58.1 MBs/sec
2025-04-18T09:14:56.5842950Z Cache Size: ~66 MB (69351304 B)
2025-04-18T09:14:56.5884784Z [command]/usr/bin/tar -xf /home/runner/work/_temp/e07fc560-52a7-4c22-ac39-9fd2232bbba1/cache.tzst -P -C /home/runner/work/date-night-app2/date-night-app2 --use-compress-program unzstd
2025-04-18T09:14:56.8971070Z Cache restored successfully
2025-04-18T09:14:56.9121630Z Cache restored from key: node-cache-Linux-x64-npm-eed186788acb99c392cc79891935d042040413390720b7932c16d8b7ca478e8b
2025-04-18T09:14:56.9277345Z ##[group]Run npm ci
2025-04-18T09:14:56.9277636Z [36;1mnpm ci[0m
2025-04-18T09:14:56.9331477Z shell: /usr/bin/bash -e {0}
2025-04-18T09:14:56.9331723Z env:
2025-04-18T09:14:56.9331887Z   CI: true
2025-04-18T09:14:56.9332060Z ##[endgroup]
2025-04-18T09:15:03.9744813Z npm warn deprecated rimraf@3.0.2: Rimraf versions prior to v4 are no longer supported
2025-04-18T09:15:04.0146273Z npm warn deprecated abab@2.0.6: Use your platform's native atob() and btoa() methods instead
2025-04-18T09:15:04.3831741Z npm warn deprecated domexception@4.0.0: Use your platform's native DOMException instead
2025-04-18T09:15:05.6629073Z npm warn deprecated @humanwhocodes/config-array@0.11.14: Use @eslint/config-array instead
2025-04-18T09:15:05.7114846Z npm warn deprecated @humanwhocodes/object-schema@2.0.3: Use @eslint/object-schema instead
2025-04-18T09:15:09.6082862Z npm warn deprecated eslint@8.56.0: This version is no longer supported. Please see https://eslint.org/version-support for other options.
2025-04-18T09:15:24.8526875Z 
2025-04-18T09:15:24.8531402Z > date-night-app@1.0.0 preinstall
2025-04-18T09:15:24.8535739Z > node scripts/disable-husky-in-ci.js
2025-04-18T09:15:24.8539723Z 
2025-04-18T09:15:24.8881115Z .huskyrc file created to disable husky in CI environments
2025-04-18T09:15:24.8884420Z .huskyrc file made executable
2025-04-18T09:15:24.8933823Z 
2025-04-18T09:15:24.8934263Z > date-night-app@1.0.0 prepare
2025-04-18T09:15:24.8934865Z > [ -n "$CI" ] || husky
2025-04-18T09:15:24.8935108Z 
2025-04-18T09:15:24.9304870Z 
2025-04-18T09:15:24.9305793Z added 1463 packages, and audited 1465 packages in 28s
2025-04-18T09:15:24.9314381Z 
2025-04-18T09:15:24.9316269Z 293 packages are looking for funding
2025-04-18T09:15:24.9340490Z   run `npm fund` for details
2025-04-18T09:15:24.9341104Z 
2025-04-18T09:15:24.9341519Z found 0 vulnerabilities
2025-04-18T09:15:25.0346418Z ##[group]Run npm test -- --watch=false --browsers=ChromeHeadless --no-progress
2025-04-18T09:15:25.0347287Z [36;1mnpm test -- --watch=false --browsers=ChromeHeadless --no-progress[0m
2025-04-18T09:15:25.0397691Z shell: /usr/bin/bash -e {0}
2025-04-18T09:15:25.0397922Z env:
2025-04-18T09:15:25.0398085Z   CI: true
2025-04-18T09:15:25.0398253Z ##[endgroup]
2025-04-18T09:15:25.1694255Z 
2025-04-18T09:15:25.1694862Z > client-angular@0.0.0 test
2025-04-18T09:15:25.1696705Z > node --max_old_space_size=4096 ./node_modules/@angular/cli/bin/ng test client-angular --watch=false --browsers=ChromeHeadless --no-progress
2025-04-18T09:15:25.1698254Z 
2025-04-18T09:15:25.1990337Z node:internal/modules/cjs/loader:1228
2025-04-18T09:15:25.1991021Z   throw err;
2025-04-18T09:15:25.1992173Z   ^
2025-04-18T09:15:25.1993592Z 
2025-04-18T09:15:25.1994828Z Error: Cannot find module '/home/runner/work/date-night-app2/date-night-app2/client-angular/node_modules/@angular/cli/bin/ng'
2025-04-18T09:15:25.1997147Z     at Function._resolveFilename (node:internal/modules/cjs/loader:1225:15)
2025-04-18T09:15:25.1997938Z     at Function._load (node:internal/modules/cjs/loader:1055:27)
2025-04-18T09:15:25.1998689Z     at TracingChannel.traceSync (node:diagnostics_channel:322:14)
2025-04-18T09:15:25.1999413Z     at wrapModuleLoad (node:internal/modules/cjs/loader:220:24)
2025-04-18T09:15:25.2000331Z     at Function.executeUserEntryPoint [as runMain] (node:internal/modules/run_main:170:5)
2025-04-18T09:15:25.2001150Z     at node:internal/main/run_main_module:36:49 {
2025-04-18T09:15:25.2001631Z   code: 'MODULE_NOT_FOUND',
2025-04-18T09:15:25.2002014Z   requireStack: []
2025-04-18T09:15:25.2002329Z }
2025-04-18T09:15:25.2002486Z 
2025-04-18T09:15:25.2002654Z Node.js v22.14.0
2025-04-18T09:15:25.2042488Z npm error Lifecycle script `test` failed with error:
2025-04-18T09:15:25.2046704Z npm error code 1
2025-04-18T09:15:25.2047557Z npm error path /home/runner/work/date-night-app2/date-night-app2/client-angular
2025-04-18T09:15:25.2048490Z npm error workspace client-angular@0.0.0
2025-04-18T09:15:25.2049462Z npm error location /home/runner/work/date-night-app2/date-night-app2/client-angular
2025-04-18T09:15:25.2050292Z npm error command failed
2025-04-18T09:15:25.2051798Z npm error command sh -c node --max_old_space_size=4096 ./node_modules/@angular/cli/bin/ng test client-angular --watch=false --browsers=ChromeHeadless --no-progress
2025-04-18T09:15:25.2121255Z ##[error]Process completed with exit code 1.
2025-04-18T09:15:25.2190997Z ##[group]Run actions/upload-artifact@v4
2025-04-18T09:15:25.2191271Z with:
2025-04-18T09:15:25.2191436Z   name: test-results
2025-04-18T09:15:25.2191645Z   path: ./client-angular/coverage
2025-04-18T09:15:25.2191881Z   if-no-files-found: warn
2025-04-18T09:15:25.2192087Z   compression-level: 6
2025-04-18T09:15:25.2192283Z   overwrite: false
2025-04-18T09:15:25.2192476Z   include-hidden-files: false
2025-04-18T09:15:25.2192687Z env:
2025-04-18T09:15:25.2192839Z   CI: true
2025-04-18T09:15:25.2193001Z ##[endgroup]
2025-04-18T09:15:25.4583956Z ##[warning]No files were found with the provided path: ./client-angular/coverage. No artifacts will be uploaded.
2025-04-18T09:15:25.4746700Z Post job cleanup.
2025-04-18T09:15:25.5688038Z [command]/usr/bin/git version
2025-04-18T09:15:25.5729255Z git version 2.49.0
2025-04-18T09:15:25.5775405Z Temporarily overriding HOME='/home/runner/work/_temp/7646a92e-02eb-4627-ab0b-b932eebbc258' before making global git config changes
2025-04-18T09:15:25.5779225Z Adding repository directory to the temporary git global config as a safe directory
2025-04-18T09:15:25.5783332Z [command]/usr/bin/git config --global --add safe.directory /home/runner/work/date-night-app2/date-night-app2
2025-04-18T09:15:25.5828081Z [command]/usr/bin/git config --local --name-only --get-regexp core\.sshCommand
2025-04-18T09:15:25.5865231Z [command]/usr/bin/git submodule foreach --recursive sh -c "git config --local --name-only --get-regexp 'core\.sshCommand' && git config --local --unset-all 'core.sshCommand' || :"
2025-04-18T09:15:25.6147127Z [command]/usr/bin/git config --local --name-only --get-regexp http\.https\:\/\/github\.com\/\.extraheader
2025-04-18T09:15:25.6184383Z http.https://github.com/.extraheader
2025-04-18T09:15:25.6211812Z [command]/usr/bin/git config --local --unset-all http.https://github.com/.extraheader
2025-04-18T09:15:25.6251325Z [command]/usr/bin/git submodule foreach --recursive sh -c "git config --local --name-only --get-regexp 'http\.https\:\/\/github\.com\/\.extraheader' && git config --local --unset-all 'http.https://github.com/.extraheader' || :"
2025-04-18T09:15:25.6596451Z Cleaning up orphan processes
