2025-04-16T15:03:06.5706216Z Current runner version: '2.323.0'
2025-04-16T15:03:06.5743145Z ##[group]Operating System
2025-04-16T15:03:06.5744325Z Ubuntu
2025-04-16T15:03:06.5745140Z 24.04.2
2025-04-16T15:03:06.5746519Z LTS
2025-04-16T15:03:06.5747279Z ##[endgroup]
2025-04-16T15:03:06.5748121Z ##[group]Runner Image
2025-04-16T15:03:06.5749080Z Image: ubuntu-24.04
2025-04-16T15:03:06.5750183Z Version: 20250413.1.0
2025-04-16T15:03:06.5752014Z Included Software: https://github.com/actions/runner-images/blob/ubuntu24/20250413.1/images/ubuntu/Ubuntu2404-Readme.md
2025-04-16T15:03:06.5754559Z Image Release: https://github.com/actions/runner-images/releases/tag/ubuntu24%2F20250413.1
2025-04-16T15:03:06.5756172Z ##[endgroup]
2025-04-16T15:03:06.5757013Z ##[group]Runner Image Provisioner
2025-04-16T15:03:06.5758063Z 2.0.422.1
2025-04-16T15:03:06.5758858Z ##[endgroup]
2025-04-16T15:03:06.5760972Z ##[group]GITHUB_TOKEN Permissions
2025-04-16T15:03:06.5763937Z Actions: read
2025-04-16T15:03:06.5764780Z Contents: write
2025-04-16T15:03:06.5766041Z Metadata: read
2025-04-16T15:03:06.5766958Z ##[endgroup]
2025-04-16T15:03:06.5770278Z Secret source: Actions
2025-04-16T15:03:06.5771587Z Prepare workflow directory
2025-04-16T15:03:06.6353876Z Prepare all required actions
2025-04-16T15:03:06.6410763Z Getting action download info
2025-04-16T15:03:07.0617731Z ##[group]Download immutable action package 'actions/checkout@v4'
2025-04-16T15:03:07.0620330Z Version: 4.2.2
2025-04-16T15:03:07.0622383Z Digest: sha256:ccb2698953eaebd21c7bf6268a94f9c26518a7e38e27e0b83c1fe1ad049819b1
2025-04-16T15:03:07.0623998Z Source commit SHA: 11bd71901bbe5b1630ceea73d27597364c9af683
2025-04-16T15:03:07.0624849Z ##[endgroup]
2025-04-16T15:03:07.1670497Z ##[group]Download immutable action package 'actions/setup-node@v4'
2025-04-16T15:03:07.1671559Z Version: 4.4.0
2025-04-16T15:03:07.1672383Z Digest: sha256:9427cefe82346e992fb5b949e3569b39d537ae41aa3086483b14eceebfc16bc1
2025-04-16T15:03:07.1673520Z Source commit SHA: 49933ea5288caeca8642d1e84afbd3f7d6820020
2025-04-16T15:03:07.1674349Z ##[endgroup]
2025-04-16T15:03:07.4549265Z Complete job name: sync-error-logs
2025-04-16T15:03:07.5270067Z ##[group]Run actions/checkout@v4
2025-04-16T15:03:07.5271528Z with:
2025-04-16T15:03:07.5272310Z   fetch-depth: 0
2025-04-16T15:03:07.5273206Z   repository: mrkurger/date-night-app2
2025-04-16T15:03:07.5274610Z   token: ***
2025-04-16T15:03:07.5275477Z   ssh-strict: true
2025-04-16T15:03:07.5276248Z   ssh-user: git
2025-04-16T15:03:07.5277154Z   persist-credentials: true
2025-04-16T15:03:07.5278060Z   clean: true
2025-04-16T15:03:07.5278888Z   sparse-checkout-cone-mode: true
2025-04-16T15:03:07.5280111Z   fetch-tags: false
2025-04-16T15:03:07.5280951Z   show-progress: true
2025-04-16T15:03:07.5281820Z   lfs: false
2025-04-16T15:03:07.5282619Z   submodules: false
2025-04-16T15:03:07.5283451Z   set-safe-directory: true
2025-04-16T15:03:07.5284839Z env:
2025-04-16T15:03:07.5285592Z   CI: true
2025-04-16T15:03:07.5286303Z ##[endgroup]
2025-04-16T15:03:07.7415868Z Syncing repository: mrkurger/date-night-app2
2025-04-16T15:03:07.7418789Z ##[group]Getting Git version info
2025-04-16T15:03:07.7420457Z Working directory is '/home/runner/work/date-night-app2/date-night-app2'
2025-04-16T15:03:07.7441187Z [command]/usr/bin/git version
2025-04-16T15:03:07.7495034Z git version 2.49.0
2025-04-16T15:03:07.7644773Z ##[endgroup]
2025-04-16T15:03:07.7652547Z Temporarily overriding HOME='/home/runner/work/_temp/7fd9c3d9-6aab-4369-9973-ce4f2d0fea91' before making global git config changes
2025-04-16T15:03:07.7655599Z Adding repository directory to the temporary git global config as a safe directory
2025-04-16T15:03:07.7658217Z [command]/usr/bin/git config --global --add safe.directory /home/runner/work/date-night-app2/date-night-app2
2025-04-16T15:03:07.7664361Z Deleting the contents of '/home/runner/work/date-night-app2/date-night-app2'
2025-04-16T15:03:07.7666389Z ##[group]Initializing the repository
2025-04-16T15:03:07.7667750Z [command]/usr/bin/git init /home/runner/work/date-night-app2/date-night-app2
2025-04-16T15:03:07.7753215Z hint: Using 'master' as the name for the initial branch. This default branch name
2025-04-16T15:03:07.7756220Z hint: is subject to change. To configure the initial branch name to use in all
2025-04-16T15:03:07.7946496Z hint: of your new repositories, which will suppress this warning, call:
2025-04-16T15:03:07.7949016Z hint:
2025-04-16T15:03:07.7950269Z hint: 	git config --global init.defaultBranch <name>
2025-04-16T15:03:07.7951493Z hint:
2025-04-16T15:03:07.7952938Z hint: Names commonly chosen instead of 'master' are 'main', 'trunk' and
2025-04-16T15:03:07.7954713Z hint: 'development'. The just-created branch can be renamed via this command:
2025-04-16T15:03:07.7956036Z hint:
2025-04-16T15:03:07.7956750Z hint: 	git branch -m <name>
2025-04-16T15:03:07.7958237Z Initialized empty Git repository in /home/runner/work/date-night-app2/date-night-app2/.git/
2025-04-16T15:03:07.7962873Z [command]/usr/bin/git remote add origin https://github.com/mrkurger/date-night-app2
2025-04-16T15:03:07.7965772Z ##[endgroup]
2025-04-16T15:03:07.7967148Z ##[group]Disabling automatic garbage collection
2025-04-16T15:03:07.7968253Z [command]/usr/bin/git config --local gc.auto 0
2025-04-16T15:03:07.7970918Z ##[endgroup]
2025-04-16T15:03:07.7971989Z ##[group]Setting up auth
2025-04-16T15:03:07.7973178Z [command]/usr/bin/git config --local --name-only --get-regexp core\.sshCommand
2025-04-16T15:03:07.7978055Z [command]/usr/bin/git submodule foreach --recursive sh -c "git config --local --name-only --get-regexp 'core\.sshCommand' && git config --local --unset-all 'core.sshCommand' || :"
2025-04-16T15:03:07.8294797Z [command]/usr/bin/git config --local --name-only --get-regexp http\.https\:\/\/github\.com\/\.extraheader
2025-04-16T15:03:07.8330389Z [command]/usr/bin/git submodule foreach --recursive sh -c "git config --local --name-only --get-regexp 'http\.https\:\/\/github\.com\/\.extraheader' && git config --local --unset-all 'http.https://github.com/.extraheader' || :"
2025-04-16T15:03:07.8578066Z [command]/usr/bin/git config --local http.https://github.com/.extraheader AUTHORIZATION: basic ***
2025-04-16T15:03:07.8641382Z ##[endgroup]
2025-04-16T15:03:07.8644198Z ##[group]Fetching the repository
2025-04-16T15:03:07.8653143Z [command]/usr/bin/git -c protocol.version=2 fetch --prune --no-recurse-submodules origin +refs/heads/*:refs/remotes/origin/* +refs/tags/*:refs/tags/*
2025-04-16T15:03:16.4694873Z From https://github.com/mrkurger/date-night-app2
2025-04-16T15:03:16.4700628Z  * [new branch]      dependabot/github_actions/dawidd6/action-download-artifact-9 -> origin/dependabot/github_actions/dawidd6/action-download-artifact-9
2025-04-16T15:03:16.4706630Z  * [new branch]      dependabot/npm_and_yarn/server/multi-94fa72f662 -> origin/dependabot/npm_and_yarn/server/multi-94fa72f662
2025-04-16T15:03:16.4709111Z  * [new branch]      main       -> origin/main
2025-04-16T15:03:16.4743063Z [command]/usr/bin/git branch --list --remote origin/main
2025-04-16T15:03:16.4771638Z   origin/main
2025-04-16T15:03:16.4786274Z [command]/usr/bin/git rev-parse refs/remotes/origin/main
2025-04-16T15:03:16.4813371Z b7b02b02b67d186f71e3b6a43ebe9f432064fd3a
2025-04-16T15:03:16.4824453Z ##[endgroup]
2025-04-16T15:03:16.4826257Z ##[group]Determining the checkout info
2025-04-16T15:03:16.4833522Z ##[endgroup]
2025-04-16T15:03:16.4834954Z [command]/usr/bin/git sparse-checkout disable
2025-04-16T15:03:16.4880844Z [command]/usr/bin/git config --local --unset-all extensions.worktreeConfig
2025-04-16T15:03:16.4914409Z ##[group]Checking out the ref
2025-04-16T15:03:16.4920061Z [command]/usr/bin/git checkout --progress --force -B main refs/remotes/origin/main
2025-04-16T15:03:16.8857983Z Switched to a new branch 'main'
2025-04-16T15:03:16.8872162Z branch 'main' set up to track 'origin/main'.
2025-04-16T15:03:16.8890104Z ##[endgroup]
2025-04-16T15:03:16.8973371Z [command]/usr/bin/git log -1 --format=%H
2025-04-16T15:03:16.9016616Z b7b02b02b67d186f71e3b6a43ebe9f432064fd3a
2025-04-16T15:03:16.9280373Z ##[group]Run actions/setup-node@v4
2025-04-16T15:03:16.9280678Z with:
2025-04-16T15:03:16.9281216Z   node-version: 22.x
2025-04-16T15:03:16.9281416Z   always-auth: false
2025-04-16T15:03:16.9281623Z   check-latest: false
2025-04-16T15:03:16.9281957Z   token: ***
2025-04-16T15:03:16.9282132Z env:
2025-04-16T15:03:16.9282308Z   CI: true
2025-04-16T15:03:16.9282493Z ##[endgroup]
2025-04-16T15:03:17.1163216Z Found in cache @ /opt/hostedtoolcache/node/22.14.0/x64
2025-04-16T15:03:17.1170581Z ##[group]Environment details
2025-04-16T15:03:17.5547552Z node: v22.14.0
2025-04-16T15:03:17.5556125Z npm: 10.9.2
2025-04-16T15:03:17.5556420Z yarn: 1.22.22
2025-04-16T15:03:17.5557079Z ##[endgroup]
2025-04-16T15:03:17.5675967Z ##[group]Run npm install @octokit/rest@20.0.2 @octokit/plugin-throttling@9.0.3 fs-extra@11.2.0
2025-04-16T15:03:17.5676662Z [36;1mnpm install @octokit/rest@20.0.2 @octokit/plugin-throttling@9.0.3 fs-extra@11.2.0[0m
2025-04-16T15:03:17.5732365Z shell: /usr/bin/bash -e {0}
2025-04-16T15:03:17.5732667Z env:
2025-04-16T15:03:17.5732872Z   CI: true
2025-04-16T15:03:17.5733091Z ##[endgroup]
2025-04-16T15:03:22.9609228Z npm warn deprecated xss-clean@0.1.4: Package no longer supported. Contact Support at https://www.npmjs.com/support for more info.
2025-04-16T15:03:24.1069290Z npm warn deprecated rimraf@3.0.2: Rimraf versions prior to v4 are no longer supported
2025-04-16T15:03:24.6284047Z npm warn deprecated passport-reddit@1.1.0: While functionally complete, this library will not be receiving any updates going forwards. Users are actively discouraged from using OAuth2 for authentication. See archival notice on github for more details.
2025-04-16T15:03:25.1818059Z npm warn deprecated npmlog@5.0.1: This package is no longer supported.
2025-04-16T15:03:26.0374450Z npm warn deprecated superagent@8.1.2: Please upgrade to v9.0.0+ as we have fixed a public vulnerability with formidable dependency. Note that v9.0.0+ requires Node.js v14.18.0+. See https://github.com/ladjs/superagent/pull/1800 for insight. This project is supported and maintained by the team at Forward Email @ https://forwardemail.net
2025-04-16T15:03:26.5982295Z npm warn deprecated inflight@1.0.6: This module is not supported, and leaks memory. Do not use it. Check out lru-cache if you want a good and tested way to coalesce async requests by a key value, which is much more comprehensive and powerful.
2025-04-16T15:03:26.9765883Z npm warn deprecated glob@7.2.3: Glob versions prior to v9 are no longer supported
2025-04-16T15:03:27.6017371Z npm warn deprecated gauge@3.0.2: This package is no longer supported.
2025-04-16T15:03:28.1184186Z npm warn deprecated domexception@4.0.0: Use your platform's native DOMException instead
2025-04-16T15:03:29.2118078Z npm warn deprecated are-we-there-yet@2.0.0: This package is no longer supported.
2025-04-16T15:03:29.4105954Z npm warn deprecated abab@2.0.6: Use your platform's native atob() and btoa() methods instead
2025-04-16T15:03:30.7821400Z npm warn deprecated @humanwhocodes/object-schema@2.0.3: Use @eslint/object-schema instead
2025-04-16T15:03:30.8084841Z npm warn deprecated @humanwhocodes/config-array@0.11.14: Use @eslint/config-array instead
2025-04-16T15:03:38.7960974Z npm warn deprecated eslint@8.56.0: This version is no longer supported. Please see https://eslint.org/version-support for other options.
2025-04-16T15:03:38.8283324Z npm warn deprecated eslint@8.56.0: This version is no longer supported. Please see https://eslint.org/version-support for other options.
2025-04-16T15:04:02.6761074Z 
2025-04-16T15:04:02.6763852Z added 1931 packages, and audited 1934 packages in 45s
2025-04-16T15:04:02.6764959Z 
2025-04-16T15:04:02.6765626Z 355 packages are looking for funding
2025-04-16T15:04:02.6780314Z   run `npm fund` for details
2025-04-16T15:04:02.6870210Z 
2025-04-16T15:04:02.6874996Z 3 moderate severity vulnerabilities
2025-04-16T15:04:02.6879822Z 
2025-04-16T15:04:02.6883252Z To address all issues (including breaking changes), run:
2025-04-16T15:04:02.6886127Z   npm audit fix --force
2025-04-16T15:04:02.6888498Z 
2025-04-16T15:04:02.6891945Z Run `npm audit` for details.
2025-04-16T15:04:02.7780872Z ##[group]Run cat > fetch-workflow-logs.js << 'EOF'
2025-04-16T15:04:02.7781852Z [36;1mcat > fetch-workflow-logs.js << 'EOF'[0m
2025-04-16T15:04:02.7782367Z [36;1mconst { Octokit } = require('@octokit/rest');[0m
2025-04-16T15:04:02.7782993Z [36;1mconst { throttling } = require('@octokit/plugin-throttling');[0m
2025-04-16T15:04:02.7783592Z [36;1mconst fs = require('fs-extra');[0m
2025-04-16T15:04:02.7784011Z [36;1mconst path = require('path');[0m
2025-04-16T15:04:02.7784413Z [36;1m[0m
2025-04-16T15:04:02.7784794Z [36;1mconst ThrottledOctokit = Octokit.plugin(throttling);[0m
2025-04-16T15:04:02.7785294Z [36;1m[0m
2025-04-16T15:04:02.7785562Z [36;1masync function main() {[0m
2025-04-16T15:04:02.7785972Z [36;1m  const owner = process.env.REPO_OWNER;[0m
2025-04-16T15:04:02.7786353Z [36;1m  const repo = process.env.REPO_NAME;[0m
2025-04-16T15:04:02.7786696Z [36;1m  const logsDir = path.join('workflow-error-logs');[0m
2025-04-16T15:04:02.7786984Z [36;1m  [0m
2025-04-16T15:04:02.7787307Z [36;1m  console.log(`Fetching workflow logs for ${owner}/${repo}`);[0m
2025-04-16T15:04:02.7787621Z [36;1m  [0m
2025-04-16T15:04:02.7787831Z [36;1m  // Create logs directory if it doesn't exist[0m
2025-04-16T15:04:02.7788111Z [36;1m  await fs.ensureDir(logsDir);[0m
2025-04-16T15:04:02.7788339Z [36;1m  [0m
2025-04-16T15:04:02.7788530Z [36;1m  const octokit = new ThrottledOctokit({[0m
2025-04-16T15:04:02.7788816Z [36;1m    auth: process.env.GITHUB_TOKEN,[0m
2025-04-16T15:04:02.7789065Z [36;1m    throttle: {[0m
2025-04-16T15:04:02.7789302Z [36;1m      onRateLimit: (retryAfter, options) => {[0m
2025-04-16T15:04:02.7790037Z [36;1m        console.warn(`Rate limit exceeded for ${options.method} ${options.url}`);[0m
2025-04-16T15:04:02.7790437Z [36;1m        if (options.request.retryCount < 2) {[0m
2025-04-16T15:04:02.7790777Z [36;1m          console.log(`Retrying after ${retryAfter} seconds!`);[0m
2025-04-16T15:04:02.7791197Z [36;1m          return true;[0m
2025-04-16T15:04:02.7791457Z [36;1m        }[0m
2025-04-16T15:04:02.7791656Z [36;1m      },[0m
2025-04-16T15:04:02.7791927Z [36;1m      onSecondaryRateLimit: (retryAfter, options) => {[0m
2025-04-16T15:04:02.7792400Z [36;1m        console.warn(`Secondary rate limit exceeded for ${options.method} ${options.url}`);[0m
2025-04-16T15:04:02.7792836Z [36;1m        if (options.request.retryCount < 2) {[0m
2025-04-16T15:04:02.7793188Z [36;1m          console.log(`Retrying after ${retryAfter} seconds!`);[0m
2025-04-16T15:04:02.7793508Z [36;1m          return true;[0m
2025-04-16T15:04:02.7793727Z [36;1m        }[0m
2025-04-16T15:04:02.7793918Z [36;1m      },[0m
2025-04-16T15:04:02.7794091Z [36;1m    },[0m
2025-04-16T15:04:02.7794273Z [36;1m  });[0m
2025-04-16T15:04:02.7794443Z [36;1m  [0m
2025-04-16T15:04:02.7794630Z [36;1m  // Get all workflows[0m
2025-04-16T15:04:02.7794974Z [36;1m  const { data: workflows } = await octokit.actions.listRepoWorkflows({[0m
2025-04-16T15:04:02.7795344Z [36;1m    owner,[0m
2025-04-16T15:04:02.7795537Z [36;1m    repo,[0m
2025-04-16T15:04:02.7795736Z [36;1m  });[0m
2025-04-16T15:04:02.7795917Z [36;1m  [0m
2025-04-16T15:04:02.7796136Z [36;1m  // Get recent workflow runs (last 30 days)[0m
2025-04-16T15:04:02.7796437Z [36;1m  const thirtyDaysAgo = new Date();[0m
2025-04-16T15:04:02.7796787Z [36;1m  thirtyDaysAgo.setDate(thirtyDaysAgo.getDate() - 30);[0m
2025-04-16T15:04:02.7797108Z [36;1m  [0m
2025-04-16T15:04:02.7797335Z [36;1m  for (const workflow of workflows.workflows) {[0m
2025-04-16T15:04:02.7797757Z [36;1m    console.log(`Processing workflow: ${workflow.name} (${workflow.id})`);[0m
2025-04-16T15:04:02.7798129Z [36;1m    [0m
2025-04-16T15:04:02.7798405Z [36;1m    const { data: runs } = await octokit.actions.listWorkflowRuns({[0m
2025-04-16T15:04:02.7798743Z [36;1m      owner,[0m
2025-04-16T15:04:02.7798938Z [36;1m      repo,[0m
2025-04-16T15:04:02.7799157Z [36;1m      workflow_id: workflow.id,[0m
2025-04-16T15:04:02.7800447Z [36;1m      created: `>=${thirtyDaysAgo.toISOString().split('T')[0]}`,[0m
2025-04-16T15:04:02.7800958Z [36;1m    });[0m
2025-04-16T15:04:02.7801146Z [36;1m    [0m
2025-04-16T15:04:02.7801348Z [36;1m    // Process failed runs[0m
2025-04-16T15:04:02.7801665Z [36;1m    const failedRuns = runs.workflow_runs.filter(run => [0m
2025-04-16T15:04:02.7802150Z [36;1m      run.conclusion === 'failure' || run.conclusion === 'cancelled' || run.conclusion === 'timed_out'[0m
2025-04-16T15:04:02.7802560Z [36;1m    );[0m
2025-04-16T15:04:02.7802736Z [36;1m    [0m
2025-04-16T15:04:02.7803056Z [36;1m    console.log(`Found ${failedRuns.length} failed runs for ${workflow.name}`);[0m
2025-04-16T15:04:02.7803422Z [36;1m    [0m
2025-04-16T15:04:02.7803633Z [36;1m    for (const run of failedRuns) {[0m
2025-04-16T15:04:02.7804003Z [36;1m      const runDate = new Date(run.created_at).toISOString().split('T')[0];[0m
2025-04-16T15:04:02.7804561Z [36;1m      const workflowDir = path.join(logsDir, workflow.name.replace(/[^a-zA-Z0-9]/g, '-').toLowerCase());[0m
2025-04-16T15:04:02.7805108Z [36;1m      const runDir = path.join(workflowDir, `${runDate}_${run.id}`);[0m
2025-04-16T15:04:02.7805430Z [36;1m      [0m
2025-04-16T15:04:02.7805641Z [36;1m      await fs.ensureDir(runDir);[0m
2025-04-16T15:04:02.7805886Z [36;1m      [0m
2025-04-16T15:04:02.7806072Z [36;1m      // Save run metadata[0m
2025-04-16T15:04:02.7806453Z [36;1m      await fs.writeJson(path.join(runDir, 'metadata.json'), run, { spaces: 2 });[0m
2025-04-16T15:04:02.7806808Z [36;1m      [0m
2025-04-16T15:04:02.7806989Z [36;1m      try {[0m
2025-04-16T15:04:02.7807194Z [36;1m        // Get jobs for this run[0m
2025-04-16T15:04:02.7807552Z [36;1m        const { data: jobs } = await octokit.actions.listJobsForWorkflowRun({[0m
2025-04-16T15:04:02.7807904Z [36;1m          owner,[0m
2025-04-16T15:04:02.7808111Z [36;1m          repo,[0m
2025-04-16T15:04:02.7808323Z [36;1m          run_id: run.id,[0m
2025-04-16T15:04:02.7808544Z [36;1m        });[0m
2025-04-16T15:04:02.7808739Z [36;1m        [0m
2025-04-16T15:04:02.7808928Z [36;1m        // Save jobs metadata[0m
2025-04-16T15:04:02.7809290Z [36;1m        await fs.writeJson(path.join(runDir, 'jobs.json'), jobs, { spaces: 2 });[0m
2025-04-16T15:04:02.7809758Z [36;1m        [0m
2025-04-16T15:04:02.7809955Z [36;1m        // Process each job[0m
2025-04-16T15:04:02.7810215Z [36;1m        for (const job of jobs.jobs) {[0m
2025-04-16T15:04:02.7810645Z [36;1m          if (job.conclusion === 'failure' || job.conclusion === 'cancelled' || job.conclusion === 'timed_out') {[0m
2025-04-16T15:04:02.7811235Z [36;1m            const jobDir = path.join(runDir, job.name.replace(/[^a-zA-Z0-9]/g, '-').toLowerCase());[0m
2025-04-16T15:04:02.7811665Z [36;1m            await fs.ensureDir(jobDir);[0m
2025-04-16T15:04:02.7811915Z [36;1m            [0m
2025-04-16T15:04:02.7812125Z [36;1m            // Save job metadata[0m
2025-04-16T15:04:02.7812507Z [36;1m            await fs.writeJson(path.join(jobDir, 'job-metadata.json'), job, { spaces: 2 });[0m
2025-04-16T15:04:02.7812890Z [36;1m            [0m
2025-04-16T15:04:02.7813080Z [36;1m            try {[0m
2025-04-16T15:04:02.7813301Z [36;1m              // Get job logs[0m
2025-04-16T15:04:02.7813659Z [36;1m              const logs = await octokit.actions.downloadJobLogsForWorkflowRun({[0m
2025-04-16T15:04:02.7814021Z [36;1m                owner,[0m
2025-04-16T15:04:02.7814249Z [36;1m                repo,[0m
2025-04-16T15:04:02.7814470Z [36;1m                job_id: job.id,[0m
2025-04-16T15:04:02.7814708Z [36;1m              });[0m
2025-04-16T15:04:02.7814910Z [36;1m              [0m
2025-04-16T15:04:02.7815117Z [36;1m              // Save logs[0m
2025-04-16T15:04:02.7815443Z [36;1m              await fs.writeFile(path.join(jobDir, 'logs.txt'), logs.data);[0m
2025-04-16T15:04:02.7815855Z [36;1m              console.log(`Saved logs for job ${job.name} (${job.id})`);[0m
2025-04-16T15:04:02.7816184Z [36;1m            } catch (error) {[0m
2025-04-16T15:04:02.7816684Z [36;1m              console.error(`Error fetching logs for job ${job.id}: ${error.message}`);[0m
2025-04-16T15:04:02.7817357Z [36;1m              await fs.writeFile(path.join(jobDir, 'error.txt'), `Error fetching logs: ${error.message}`);[0m
2025-04-16T15:04:02.7817766Z [36;1m            }[0m
2025-04-16T15:04:02.7817961Z [36;1m          }[0m
2025-04-16T15:04:02.7818149Z [36;1m        }[0m
2025-04-16T15:04:02.7818341Z [36;1m      } catch (error) {[0m
2025-04-16T15:04:02.7818679Z [36;1m        console.error(`Error processing run ${run.id}: ${error.message}`);[0m
2025-04-16T15:04:02.7819197Z [36;1m        await fs.writeFile(path.join(runDir, 'error.txt'), `Error processing run: ${error.message}`);[0m
2025-04-16T15:04:02.7819721Z [36;1m      }[0m
2025-04-16T15:04:02.7819905Z [36;1m    }[0m
2025-04-16T15:04:02.7820080Z [36;1m  }[0m
2025-04-16T15:04:02.7820252Z [36;1m  [0m
2025-04-16T15:04:02.7820432Z [36;1m  // Create summary file[0m
2025-04-16T15:04:02.7820678Z [36;1m  const summary = {[0m
2025-04-16T15:04:02.7820927Z [36;1m    timestamp: new Date().toISOString(),[0m
2025-04-16T15:04:02.7821250Z [36;1m    totalWorkflows: workflows.workflows.length,[0m
2025-04-16T15:04:02.7821597Z [36;1m    workflowSummary: workflows.workflows.map(w => ({[0m
2025-04-16T15:04:02.7821905Z [36;1m      name: w.name,[0m
2025-04-16T15:04:02.7822118Z [36;1m      id: w.id,[0m
2025-04-16T15:04:02.7822323Z [36;1m      path: w.path,[0m
2025-04-16T15:04:02.7822531Z [36;1m    })),[0m
2025-04-16T15:04:02.7822704Z [36;1m  };[0m
2025-04-16T15:04:02.7822879Z [36;1m  [0m
2025-04-16T15:04:02.7823188Z [36;1m  await fs.writeJson(path.join(logsDir, 'summary.json'), summary, { spaces: 2 });[0m
2025-04-16T15:04:02.7823627Z [36;1m  console.log('Workflow error logs sync completed');[0m
2025-04-16T15:04:02.7823913Z [36;1m}[0m
2025-04-16T15:04:02.7824085Z [36;1m[0m
2025-04-16T15:04:02.7824265Z [36;1mmain().catch(error => {[0m
2025-04-16T15:04:02.7824549Z [36;1m  console.error('Error in main process:', error);[0m
2025-04-16T15:04:02.7824849Z [36;1m  process.exit(1);[0m
2025-04-16T15:04:02.7825055Z [36;1m});[0m
2025-04-16T15:04:02.7825227Z [36;1mEOF[0m
2025-04-16T15:04:02.7825389Z [36;1m[0m
2025-04-16T15:04:02.7825582Z [36;1mnode fetch-workflow-logs.js[0m
2025-04-16T15:04:02.7873299Z shell: /usr/bin/bash -e {0}
2025-04-16T15:04:02.7873555Z env:
2025-04-16T15:04:02.7873744Z   CI: true
2025-04-16T15:04:02.7874158Z   GITHUB_TOKEN: ***
2025-04-16T15:04:02.7874372Z   REPO_OWNER: mrkurger
2025-04-16T15:04:02.7874599Z   REPO_NAME: date-night-app2
2025-04-16T15:04:02.7874822Z ##[endgroup]
2025-04-16T15:04:02.8394486Z node:internal/modules/cjs/loader:646
2025-04-16T15:04:02.8397110Z       throw e;
2025-04-16T15:04:02.8402832Z       ^
2025-04-16T15:04:02.8403010Z 
2025-04-16T15:04:02.8409260Z Error [ERR_PACKAGE_PATH_NOT_EXPORTED]: No "exports" main defined in /home/runner/work/date-night-app2/date-night-app2/node_modules/@octokit/plugin-throttling/package.json
2025-04-16T15:04:02.8410881Z     at exportsNotFound (node:internal/modules/esm/resolve:314:10)
2025-04-16T15:04:02.8411704Z     at packageExportsResolve (node:internal/modules/esm/resolve:604:13)
2025-04-16T15:04:02.8412724Z     at resolveExports (node:internal/modules/cjs/loader:639:36)
2025-04-16T15:04:02.8413711Z     at Function._findPath (node:internal/modules/cjs/loader:728:31)
2025-04-16T15:04:02.8417470Z     at Function._resolveFilename (node:internal/modules/cjs/loader:1211:27)
2025-04-16T15:04:02.8418709Z     at Function._load (node:internal/modules/cjs/loader:1055:27)
2025-04-16T15:04:02.8420161Z     at TracingChannel.traceSync (node:diagnostics_channel:322:14)
2025-04-16T15:04:02.8436189Z     at wrapModuleLoad (node:internal/modules/cjs/loader:220:24)
2025-04-16T15:04:02.8439250Z     at Module.require (node:internal/modules/cjs/loader:1311:12)
2025-04-16T15:04:02.8440186Z     at require (node:internal/modules/helpers:136:16) {
2025-04-16T15:04:02.8440731Z   code: 'ERR_PACKAGE_PATH_NOT_EXPORTED'
2025-04-16T15:04:02.8441134Z }
2025-04-16T15:04:02.8445628Z 
2025-04-16T15:04:02.8445825Z Node.js v22.14.0
2025-04-16T15:04:02.8458247Z ##[error]Process completed with exit code 1.
2025-04-16T15:04:02.8586075Z Post job cleanup.
2025-04-16T15:04:02.9626093Z [command]/usr/bin/git version
2025-04-16T15:04:02.9670410Z git version 2.49.0
2025-04-16T15:04:02.9720107Z Temporarily overriding HOME='/home/runner/work/_temp/78b2c742-5b73-4421-8f2a-13aae496c768' before making global git config changes
2025-04-16T15:04:02.9722573Z Adding repository directory to the temporary git global config as a safe directory
2025-04-16T15:04:02.9740227Z [command]/usr/bin/git config --global --add safe.directory /home/runner/work/date-night-app2/date-night-app2
2025-04-16T15:04:02.9807334Z [command]/usr/bin/git config --local --name-only --get-regexp core\.sshCommand
2025-04-16T15:04:02.9873351Z [command]/usr/bin/git submodule foreach --recursive sh -c "git config --local --name-only --get-regexp 'core\.sshCommand' && git config --local --unset-all 'core.sshCommand' || :"
2025-04-16T15:04:03.0281439Z [command]/usr/bin/git config --local --name-only --get-regexp http\.https\:\/\/github\.com\/\.extraheader
2025-04-16T15:04:03.0333686Z http.https://github.com/.extraheader
2025-04-16T15:04:03.0361525Z [command]/usr/bin/git config --local --unset-all http.https://github.com/.extraheader
2025-04-16T15:04:03.0432645Z [command]/usr/bin/git submodule foreach --recursive sh -c "git config --local --name-only --get-regexp 'http\.https\:\/\/github\.com\/\.extraheader' && git config --local --unset-all 'http.https://github.com/.extraheader' || :"
2025-04-16T15:04:03.2660997Z Cleaning up orphan processes
