2025-04-16T01:58:01.3430230Z Current runner version: '2.323.0'
2025-04-16T01:58:01.3481596Z ##[group]Operating System
2025-04-16T01:58:01.3482683Z Ubuntu
2025-04-16T01:58:01.3483395Z 24.04.2
2025-04-16T01:58:01.3484054Z LTS
2025-04-16T01:58:01.3484858Z ##[endgroup]
2025-04-16T01:58:01.3485942Z ##[group]Runner Image
2025-04-16T01:58:01.3486946Z Image: ubuntu-24.04
2025-04-16T01:58:01.3487988Z Version: 20250406.1.0
2025-04-16T01:58:01.3489759Z Included Software: https://github.com/actions/runner-images/blob/ubuntu24/20250406.1/images/ubuntu/Ubuntu2404-Readme.md
2025-04-16T01:58:01.3492359Z Image Release: https://github.com/actions/runner-images/releases/tag/ubuntu24%2F20250406.1
2025-04-16T01:58:01.3494067Z ##[endgroup]
2025-04-16T01:58:01.3495169Z ##[group]Runner Image Provisioner
2025-04-16T01:58:01.3496077Z 2.0.422.1
2025-04-16T01:58:01.3496969Z ##[endgroup]
2025-04-16T01:58:01.3498825Z ##[group]GITHUB_TOKEN Permissions
2025-04-16T01:58:01.3501771Z Contents: read
2025-04-16T01:58:01.3502565Z Metadata: read
2025-04-16T01:58:01.3503554Z Packages: read
2025-04-16T01:58:01.3504548Z ##[endgroup]
2025-04-16T01:58:01.3507977Z Secret source: Actions
2025-04-16T01:58:01.3509115Z Prepare workflow directory
2025-04-16T01:58:01.4213965Z Prepare all required actions
2025-04-16T01:58:01.4386115Z Getting action download info
2025-04-16T01:58:01.9667502Z ##[group]Download immutable action package 'actions/checkout@v4'
2025-04-16T01:58:01.9668536Z Version: 4.2.2
2025-04-16T01:58:01.9669557Z Digest: sha256:ccb2698953eaebd21c7bf6268a94f9c26518a7e38e27e0b83c1fe1ad049819b1
2025-04-16T01:58:01.9670662Z Source commit SHA: 11bd71901bbe5b1630ceea73d27597364c9af683
2025-04-16T01:58:01.9671474Z ##[endgroup]
2025-04-16T01:58:02.0645681Z ##[group]Download immutable action package 'actions/setup-node@v4'
2025-04-16T01:58:02.0646452Z Version: 4.4.0
2025-04-16T01:58:02.0647155Z Digest: sha256:9427cefe82346e992fb5b949e3569b39d537ae41aa3086483b14eceebfc16bc1
2025-04-16T01:58:02.0648320Z Source commit SHA: 49933ea5288caeca8642d1e84afbd3f7d6820020
2025-04-16T01:58:02.0648977Z ##[endgroup]
2025-04-16T01:58:02.5198499Z ##[group]Download immutable action package 'actions/upload-artifact@v4'
2025-04-16T01:58:02.5199336Z Version: 4.6.2
2025-04-16T01:58:02.5200050Z Digest: sha256:290722aa3281d5caf23d0acdc3dbeb3424786a1a01a9cc97e72f147225e37c38
2025-04-16T01:58:02.5201136Z Source commit SHA: ea165f8d65b6e75b540449e92b4886f43607fa02
2025-04-16T01:58:02.5201831Z ##[endgroup]
2025-04-16T01:58:02.7361708Z Complete job name: test (22.x)
2025-04-16T01:58:02.7938199Z ##[group]Run actions/checkout@v4
2025-04-16T01:58:02.7939010Z with:
2025-04-16T01:58:02.7939409Z   repository: mrkurger/date-night-app2
2025-04-16T01:58:02.7940085Z   token: ***
2025-04-16T01:58:02.7940458Z   ssh-strict: true
2025-04-16T01:58:02.7940837Z   ssh-user: git
2025-04-16T01:58:02.7941232Z   persist-credentials: true
2025-04-16T01:58:02.7941663Z   clean: true
2025-04-16T01:58:02.7942056Z   sparse-checkout-cone-mode: true
2025-04-16T01:58:02.7942519Z   fetch-depth: 1
2025-04-16T01:58:02.7942905Z   fetch-tags: false
2025-04-16T01:58:02.7943312Z   show-progress: true
2025-04-16T01:58:02.7943706Z   lfs: false
2025-04-16T01:58:02.7944051Z   submodules: false
2025-04-16T01:58:02.7944449Z   set-safe-directory: true
2025-04-16T01:58:02.7945743Z ##[endgroup]
2025-04-16T01:58:02.9958646Z Syncing repository: mrkurger/date-night-app2
2025-04-16T01:58:02.9961606Z ##[group]Getting Git version info
2025-04-16T01:58:02.9963234Z Working directory is '/home/runner/work/date-night-app2/date-night-app2'
2025-04-16T01:58:02.9965603Z [command]/usr/bin/git version
2025-04-16T01:58:03.0067888Z git version 2.49.0
2025-04-16T01:58:03.0100712Z ##[endgroup]
2025-04-16T01:58:03.0119248Z Temporarily overriding HOME='/home/runner/work/_temp/cdaafbf8-cfb7-4165-8bf0-cdb7b376db84' before making global git config changes
2025-04-16T01:58:03.0122761Z Adding repository directory to the temporary git global config as a safe directory
2025-04-16T01:58:03.0138372Z [command]/usr/bin/git config --global --add safe.directory /home/runner/work/date-night-app2/date-night-app2
2025-04-16T01:58:03.0180905Z Deleting the contents of '/home/runner/work/date-night-app2/date-night-app2'
2025-04-16T01:58:03.0183059Z ##[group]Initializing the repository
2025-04-16T01:58:03.0187144Z [command]/usr/bin/git init /home/runner/work/date-night-app2/date-night-app2
2025-04-16T01:58:03.0295257Z hint: Using 'master' as the name for the initial branch. This default branch name
2025-04-16T01:58:03.0298715Z hint: is subject to change. To configure the initial branch name to use in all
2025-04-16T01:58:03.0300559Z hint: of your new repositories, which will suppress this warning, call:
2025-04-16T01:58:03.0301930Z hint:
2025-04-16T01:58:03.0302811Z hint: 	git config --global init.defaultBranch <name>
2025-04-16T01:58:03.0303841Z hint:
2025-04-16T01:58:03.0305049Z hint: Names commonly chosen instead of 'master' are 'main', 'trunk' and
2025-04-16T01:58:03.0307090Z hint: 'development'. The just-created branch can be renamed via this command:
2025-04-16T01:58:03.0308600Z hint:
2025-04-16T01:58:03.0309457Z hint: 	git branch -m <name>
2025-04-16T01:58:03.0312731Z Initialized empty Git repository in /home/runner/work/date-night-app2/date-night-app2/.git/
2025-04-16T01:58:03.0321591Z [command]/usr/bin/git remote add origin https://github.com/mrkurger/date-night-app2
2025-04-16T01:58:03.0363836Z ##[endgroup]
2025-04-16T01:58:03.0365411Z ##[group]Disabling automatic garbage collection
2025-04-16T01:58:03.0368418Z [command]/usr/bin/git config --local gc.auto 0
2025-04-16T01:58:03.0396702Z ##[endgroup]
2025-04-16T01:58:03.0398120Z ##[group]Setting up auth
2025-04-16T01:58:03.0404672Z [command]/usr/bin/git config --local --name-only --get-regexp core\.sshCommand
2025-04-16T01:58:03.0439845Z [command]/usr/bin/git submodule foreach --recursive sh -c "git config --local --name-only --get-regexp 'core\.sshCommand' && git config --local --unset-all 'core.sshCommand' || :"
2025-04-16T01:58:03.0752488Z [command]/usr/bin/git config --local --name-only --get-regexp http\.https\:\/\/github\.com\/\.extraheader
2025-04-16T01:58:03.0788604Z [command]/usr/bin/git submodule foreach --recursive sh -c "git config --local --name-only --get-regexp 'http\.https\:\/\/github\.com\/\.extraheader' && git config --local --unset-all 'http.https://github.com/.extraheader' || :"
2025-04-16T01:58:03.1027194Z [command]/usr/bin/git config --local http.https://github.com/.extraheader AUTHORIZATION: basic ***
2025-04-16T01:58:03.1069084Z ##[endgroup]
2025-04-16T01:58:03.1073634Z ##[group]Fetching the repository
2025-04-16T01:58:03.1082113Z [command]/usr/bin/git -c protocol.version=2 fetch --no-tags --prune --no-recurse-submodules --depth=1 origin +c566077f3cb216b481ae1210cc9d718f8021ad79:refs/remotes/origin/main
2025-04-16T01:58:05.8336183Z From https://github.com/mrkurger/date-night-app2
2025-04-16T01:58:05.8342948Z  * [new ref]         c566077f3cb216b481ae1210cc9d718f8021ad79 -> origin/main
2025-04-16T01:58:05.8372548Z ##[endgroup]
2025-04-16T01:58:05.8376651Z ##[group]Determining the checkout info
2025-04-16T01:58:05.8378554Z ##[endgroup]
2025-04-16T01:58:05.8379801Z [command]/usr/bin/git sparse-checkout disable
2025-04-16T01:58:05.8421649Z [command]/usr/bin/git config --local --unset-all extensions.worktreeConfig
2025-04-16T01:58:05.8454851Z ##[group]Checking out the ref
2025-04-16T01:58:05.8459058Z [command]/usr/bin/git checkout --progress --force -B main refs/remotes/origin/main
2025-04-16T01:58:06.2765624Z Switched to a new branch 'main'
2025-04-16T01:58:06.2766940Z branch 'main' set up to track 'origin/main'.
2025-04-16T01:58:06.2794611Z ##[endgroup]
2025-04-16T01:58:06.2853648Z [command]/usr/bin/git log -1 --format=%H
2025-04-16T01:58:06.2883996Z c566077f3cb216b481ae1210cc9d718f8021ad79
2025-04-16T01:58:06.3129756Z ##[group]Run actions/setup-node@v4
2025-04-16T01:58:06.3130062Z with:
2025-04-16T01:58:06.3130234Z   node-version: 22.x
2025-04-16T01:58:06.3130428Z   cache: npm
2025-04-16T01:58:06.3130676Z   cache-dependency-path: client-angular/package-lock.json
2025-04-16T01:58:06.3130989Z   always-auth: false
2025-04-16T01:58:06.3131179Z   check-latest: false
2025-04-16T01:58:06.3131747Z   token: ***
2025-04-16T01:58:06.3131928Z ##[endgroup]
2025-04-16T01:58:06.4842583Z Found in cache @ /opt/hostedtoolcache/node/22.14.0/x64
2025-04-16T01:58:06.4848594Z ##[group]Environment details
2025-04-16T01:58:06.9618049Z node: v22.14.0
2025-04-16T01:58:06.9652723Z npm: 10.9.2
2025-04-16T01:58:06.9653777Z yarn: 1.22.22
2025-04-16T01:58:06.9655314Z ##[endgroup]
2025-04-16T01:58:06.9663407Z [command]/opt/hostedtoolcache/node/22.14.0/x64/bin/npm config get cache
2025-04-16T01:58:07.0864074Z /home/runner/.npm
2025-04-16T01:58:07.2713362Z Cache hit for: node-cache-Linux-x64-npm-eed186788acb99c392cc79891935d042040413390720b7932c16d8b7ca478e8b
2025-04-16T01:58:08.2726874Z Received 69351304 of 69351304 (100.0%), 76.7 MBs/sec
2025-04-16T01:58:08.2731677Z Cache Size: ~66 MB (69351304 B)
2025-04-16T01:58:08.2771365Z [command]/usr/bin/tar -xf /home/runner/work/_temp/da800fd0-e298-4651-9f3b-667041d348e9/cache.tzst -P -C /home/runner/work/date-night-app2/date-night-app2 --use-compress-program unzstd
2025-04-16T01:58:08.5881912Z Cache restored successfully
2025-04-16T01:58:08.6037006Z Cache restored from key: node-cache-Linux-x64-npm-eed186788acb99c392cc79891935d042040413390720b7932c16d8b7ca478e8b
2025-04-16T01:58:08.6192686Z ##[group]Run npm ci
2025-04-16T01:58:08.6192965Z [36;1mnpm ci[0m
2025-04-16T01:58:08.6246222Z shell: /usr/bin/bash -e {0}
2025-04-16T01:58:08.6246474Z ##[endgroup]
2025-04-16T01:58:13.4345983Z npm warn deprecated inflight@1.0.6: This module is not supported, and leaks memory. Do not use it. Check out lru-cache if you want a good and tested way to coalesce async requests by a key value, which is much more comprehensive and powerful.
2025-04-16T01:58:13.6753955Z npm warn deprecated rimraf@3.0.2: Rimraf versions prior to v4 are no longer supported
2025-04-16T01:58:13.6945240Z npm warn deprecated abab@2.0.6: Use your platform's native atob() and btoa() methods instead
2025-04-16T01:58:13.8144699Z npm warn deprecated glob@7.2.3: Glob versions prior to v9 are no longer supported
2025-04-16T01:58:13.9185237Z npm warn deprecated domexception@4.0.0: Use your platform's native DOMException instead
2025-04-16T01:58:31.0174766Z 
2025-04-16T01:58:31.0177222Z added 1237 packages, and audited 1239 packages in 22s
2025-04-16T01:58:31.0178887Z 
2025-04-16T01:58:31.0180357Z 189 packages are looking for funding
2025-04-16T01:58:31.0182093Z   run `npm fund` for details
2025-04-16T01:58:31.0355540Z 
2025-04-16T01:58:31.0357137Z 3 moderate severity vulnerabilities
2025-04-16T01:58:31.0358336Z 
2025-04-16T01:58:31.0358966Z To address all issues (including breaking changes), run:
2025-04-16T01:58:31.0360116Z   npm audit fix --force
2025-04-16T01:58:31.0360854Z 
2025-04-16T01:58:31.0361242Z Run `npm audit` for details.
2025-04-16T01:58:31.1286246Z ##[group]Run npm test -- --watch=false --browsers=ChromeHeadless
2025-04-16T01:58:31.1286966Z [36;1mnpm test -- --watch=false --browsers=ChromeHeadless[0m
2025-04-16T01:58:31.1336683Z shell: /usr/bin/bash -e {0}
2025-04-16T01:58:31.1336925Z ##[endgroup]
2025-04-16T01:58:31.2602483Z 
2025-04-16T01:58:31.2603860Z > client-angular@0.0.0 test
2025-04-16T01:58:31.2606046Z > ng test client-angular --watch=false --browsers=ChromeHeadless
2025-04-16T01:58:31.2606559Z 
2025-04-16T01:58:33.2831031Z - Generating browser application bundles (phase: setup)...
2025-04-16T01:58:58.3921799Z âœ” Browser application bundle generation complete.
2025-04-16T01:58:58.4073977Z [1m[31m
2025-04-16T01:58:58.4081150Z Error: [96msrc/app/core/services/notification.service.spec.ts[0m:[93m165[0m:[93m27[0m - [91merror[0m[90m TS2345: [0mArgument of type 'MatSnackBarRef<TextOnlySnackBar>' is not assignable to parameter of type 'string'.
2025-04-16T01:58:58.4082499Z 
2025-04-16T01:58:58.4083063Z [7m165[0m       service.removeToast(toastId);
2025-04-16T01:58:58.4085496Z [7m   [0m [91m                          ~~~~~~~[0m
2025-04-16T01:58:58.4087870Z 
2025-04-16T01:58:58.4089129Z 
2025-04-16T01:58:58.4091820Z Error: [96msrc/app/shared/emerald/components/app-card/app-card.component.ts[0m:[93m55[0m:[93m3[0m - [91merror[0m[90m TS2393: [0mDuplicate function implementation.
2025-04-16T01:58:58.4095581Z 
2025-04-16T01:58:58.4096020Z [7m55[0m   getMediaCount(): number {
2025-04-16T01:58:58.4096641Z [7m  [0m [91m  ~~~~~~~~~~~~~[0m
2025-04-16T01:58:58.4096943Z 
2025-04-16T01:58:58.4096953Z 
2025-04-16T01:58:58.4098400Z Error: [96msrc/app/shared/emerald/components/app-card/app-card.component.ts[0m:[93m67[0m:[93m3[0m - [91merror[0m[90m TS2393: [0mDuplicate function implementation.
2025-04-16T01:58:58.4099407Z 
2025-04-16T01:58:58.4099944Z [7m67[0m   formatPrice(price: number): string {
2025-04-16T01:58:58.4100652Z [7m  [0m [91m  ~~~~~~~~~~~[0m
2025-04-16T01:58:58.4100924Z 
2025-04-16T01:58:58.4100949Z 
2025-04-16T01:58:58.4102460Z Error: [96msrc/app/shared/emerald/components/app-card/app-card.component.ts[0m:[93m77[0m:[93m3[0m - [91merror[0m[90m TS2393: [0mDuplicate function implementation.
2025-04-16T01:58:58.4103507Z 
2025-04-16T01:58:58.4104162Z [7m77[0m   getTruncatedDescription(maxLength: number): string {
2025-04-16T01:58:58.4105213Z [7m  [0m [91m  ~~~~~~~~~~~~~~~~~~~~~~~[0m
2025-04-16T01:58:58.4105541Z 
2025-04-16T01:58:58.4105551Z 
2025-04-16T01:58:58.4107071Z Error: [96msrc/app/shared/emerald/components/app-card/app-card.component.ts[0m:[93m159[0m:[93m3[0m - [91merror[0m[90m TS2393: [0mDuplicate function implementation.
2025-04-16T01:58:58.4108127Z 
2025-04-16T01:58:58.4108596Z [7m159[0m   getMediaCount(): number {
2025-04-16T01:58:58.4109264Z [7m   [0m [91m  ~~~~~~~~~~~~~[0m
2025-04-16T01:58:58.4109561Z 
2025-04-16T01:58:58.4109583Z 
2025-04-16T01:58:58.4111078Z Error: [96msrc/app/shared/emerald/components/app-card/app-card.component.ts[0m:[93m189[0m:[93m3[0m - [91merror[0m[90m TS2393: [0mDuplicate function implementation.
2025-04-16T01:58:58.4112130Z 
2025-04-16T01:58:58.4112628Z [7m189[0m   formatPrice(price: number): string {
2025-04-16T01:58:58.4113308Z [7m   [0m [91m  ~~~~~~~~~~~[0m
2025-04-16T01:58:58.4113606Z 
2025-04-16T01:58:58.4113615Z 
2025-04-16T01:58:58.4115196Z Error: [96msrc/app/shared/emerald/components/app-card/app-card.component.ts[0m:[93m200[0m:[93m3[0m - [91merror[0m[90m TS2393: [0mDuplicate function implementation.
2025-04-16T01:58:58.4116222Z 
2025-04-16T01:58:58.4116857Z [7m200[0m   getTruncatedDescription(maxLength: number = 120): string {
2025-04-16T01:58:58.4117697Z [7m   [0m [91m  ~~~~~~~~~~~~~~~~~~~~~~~[0m
2025-04-16T01:58:58.4118010Z 
2025-04-16T01:58:58.4118019Z 
2025-04-16T01:58:58.4118214Z [39m[22m
2025-04-16T01:58:58.4269776Z [32m16 04 2025 01:58:58.425:INFO [karma-server]: [39mKarma v6.4.4 server started at http://localhost:9876/
2025-04-16T01:58:58.4281548Z [32m16 04 2025 01:58:58.426:INFO [launcher]: [39mLaunching browsers ChromeHeadless with concurrency unlimited
2025-04-16T01:58:58.4301139Z âœ” Browser application bundle generation complete.
2025-04-16T01:58:58.4302226Z [91m16 04 2025 01:58:58.427:ERROR [karma-server]: [39mError: Found 1 load error
2025-04-16T01:58:58.4303459Z     at Server.<anonymous> (/home/runner/work/date-night-app2/date-night-app2/node_modules/karma/lib/server.js:243:26)
2025-04-16T01:58:58.4304505Z     at Object.onceWrapper (node:events:632:28)
2025-04-16T01:58:58.4312376Z     at Server.emit (node:events:530:35)
2025-04-16T01:58:58.4312970Z     at emitListeningNT (node:net:1980:10)
2025-04-16T01:58:58.4313832Z     at process.processTicksAndRejections (node:internal/process/task_queues:89:21)
2025-04-16T01:58:58.4315123Z âœ” Browser application bundle generation complete.
2025-04-16T01:58:58.9643562Z npm error Lifecycle script `test` failed with error:
2025-04-16T01:58:58.9656749Z npm error code 1
2025-04-16T01:58:58.9657579Z npm error path /home/runner/work/date-night-app2/date-night-app2/client-angular
2025-04-16T01:58:58.9658388Z npm error workspace client-angular@0.0.0
2025-04-16T01:58:58.9659254Z npm error location /home/runner/work/date-night-app2/date-night-app2/client-angular
2025-04-16T01:58:58.9659977Z npm error command failed
2025-04-16T01:58:58.9661095Z npm error command sh -c ng test client-angular --watch=false --browsers=ChromeHeadless
2025-04-16T01:58:58.9746810Z ##[error]Process completed with exit code 1.
2025-04-16T01:58:58.9816084Z ##[group]Run actions/upload-artifact@v4
2025-04-16T01:58:58.9816365Z with:
2025-04-16T01:58:58.9816529Z   name: test-results
2025-04-16T01:58:58.9816730Z   path: ./client-angular/coverage
2025-04-16T01:58:58.9816963Z   if-no-files-found: warn
2025-04-16T01:58:58.9817161Z   compression-level: 6
2025-04-16T01:58:58.9817351Z   overwrite: false
2025-04-16T01:58:58.9817540Z   include-hidden-files: false
2025-04-16T01:58:58.9817749Z ##[endgroup]
2025-04-16T01:58:59.2002083Z ##[warning]No files were found with the provided path: ./client-angular/coverage. No artifacts will be uploaded.
2025-04-16T01:58:59.2152001Z Post job cleanup.
2025-04-16T01:58:59.3096234Z [command]/usr/bin/git version
2025-04-16T01:58:59.3137525Z git version 2.49.0
2025-04-16T01:58:59.3184558Z Temporarily overriding HOME='/home/runner/work/_temp/ffb190b6-ffbb-4baa-b545-1ed74c6c8e03' before making global git config changes
2025-04-16T01:58:59.3189527Z Adding repository directory to the temporary git global config as a safe directory
2025-04-16T01:58:59.3197341Z [command]/usr/bin/git config --global --add safe.directory /home/runner/work/date-night-app2/date-night-app2
2025-04-16T01:58:59.3241725Z [command]/usr/bin/git config --local --name-only --get-regexp core\.sshCommand
2025-04-16T01:58:59.3278190Z [command]/usr/bin/git submodule foreach --recursive sh -c "git config --local --name-only --get-regexp 'core\.sshCommand' && git config --local --unset-all 'core.sshCommand' || :"
2025-04-16T01:58:59.3522885Z [command]/usr/bin/git config --local --name-only --get-regexp http\.https\:\/\/github\.com\/\.extraheader
2025-04-16T01:58:59.3547378Z http.https://github.com/.extraheader
2025-04-16T01:58:59.3562830Z [command]/usr/bin/git config --local --unset-all http.https://github.com/.extraheader
2025-04-16T01:58:59.3599128Z [command]/usr/bin/git submodule foreach --recursive sh -c "git config --local --name-only --get-regexp 'http\.https\:\/\/github\.com\/\.extraheader' && git config --local --unset-all 'http.https://github.com/.extraheader' || :"
2025-04-16T01:58:59.3942292Z Cleaning up orphan processes
