2025-04-16T08:29:17.5772217Z Current runner version: '2.323.0'
2025-04-16T08:29:17.5813837Z ##[group]Operating System
2025-04-16T08:29:17.5835514Z Ubuntu
2025-04-16T08:29:17.5836293Z 24.04.2
2025-04-16T08:29:17.5837148Z LTS
2025-04-16T08:29:17.5837904Z ##[endgroup]
2025-04-16T08:29:17.5838651Z ##[group]Runner Image
2025-04-16T08:29:17.5839699Z Image: ubuntu-24.04
2025-04-16T08:29:17.5840524Z Version: 20250406.1.0
2025-04-16T08:29:17.5842224Z Included Software: https://github.com/actions/runner-images/blob/ubuntu24/20250406.1/images/ubuntu/Ubuntu2404-Readme.md
2025-04-16T08:29:17.5848914Z Image Release: https://github.com/actions/runner-images/releases/tag/ubuntu24%2F20250406.1
2025-04-16T08:29:17.5850581Z ##[endgroup]
2025-04-16T08:29:17.5851374Z ##[group]Runner Image Provisioner
2025-04-16T08:29:17.5852427Z 2.0.422.1
2025-04-16T08:29:17.5853204Z ##[endgroup]
2025-04-16T08:29:17.5865407Z ##[group]GITHUB_TOKEN Permissions
2025-04-16T08:29:17.5868011Z Contents: read
2025-04-16T08:29:17.5868825Z Metadata: read
2025-04-16T08:29:17.5869911Z Packages: read
2025-04-16T08:29:17.5870977Z ##[endgroup]
2025-04-16T08:29:17.5874043Z Secret source: Actions
2025-04-16T08:29:17.5875350Z Prepare workflow directory
2025-04-16T08:29:17.6831350Z Prepare all required actions
2025-04-16T08:29:17.6948247Z Getting action download info
2025-04-16T08:29:18.1292859Z ##[group]Download immutable action package 'actions/checkout@v4'
2025-04-16T08:29:18.1293794Z Version: 4.2.2
2025-04-16T08:29:18.1295080Z Digest: sha256:ccb2698953eaebd21c7bf6268a94f9c26518a7e38e27e0b83c1fe1ad049819b1
2025-04-16T08:29:18.1296238Z Source commit SHA: 11bd71901bbe5b1630ceea73d27597364c9af683
2025-04-16T08:29:18.1296943Z ##[endgroup]
2025-04-16T08:29:18.2217413Z ##[group]Download immutable action package 'actions/setup-node@v4'
2025-04-16T08:29:18.2218154Z Version: 4.4.0
2025-04-16T08:29:18.2218864Z Digest: sha256:9427cefe82346e992fb5b949e3569b39d537ae41aa3086483b14eceebfc16bc1
2025-04-16T08:29:18.2219926Z Source commit SHA: 49933ea5288caeca8642d1e84afbd3f7d6820020
2025-04-16T08:29:18.2220578Z ##[endgroup]
2025-04-16T08:29:18.5027123Z Complete job name: lint (22.x)
2025-04-16T08:29:18.5587172Z ##[group]Run actions/checkout@v4
2025-04-16T08:29:18.5587972Z with:
2025-04-16T08:29:18.5588391Z   repository: mrkurger/date-night-app2
2025-04-16T08:29:18.5589038Z   token: ***
2025-04-16T08:29:18.5589412Z   ssh-strict: true
2025-04-16T08:29:18.5589788Z   ssh-user: git
2025-04-16T08:29:18.5590172Z   persist-credentials: true
2025-04-16T08:29:18.5590666Z   clean: true
2025-04-16T08:29:18.5591100Z   sparse-checkout-cone-mode: true
2025-04-16T08:29:18.5591615Z   fetch-depth: 1
2025-04-16T08:29:18.5591983Z   fetch-tags: false
2025-04-16T08:29:18.5592364Z   show-progress: true
2025-04-16T08:29:18.5592743Z   lfs: false
2025-04-16T08:29:18.5593102Z   submodules: false
2025-04-16T08:29:18.5593540Z   set-safe-directory: true
2025-04-16T08:29:18.5594207Z ##[endgroup]
2025-04-16T08:29:18.7741158Z Syncing repository: mrkurger/date-night-app2
2025-04-16T08:29:18.7743924Z ##[group]Getting Git version info
2025-04-16T08:29:18.7745790Z Working directory is '/home/runner/work/date-night-app2/date-night-app2'
2025-04-16T08:29:18.7748087Z [command]/usr/bin/git version
2025-04-16T08:29:18.7756674Z git version 2.49.0
2025-04-16T08:29:18.7785413Z ##[endgroup]
2025-04-16T08:29:18.7798392Z Temporarily overriding HOME='/home/runner/work/_temp/fff4b0ba-c0a6-46cc-a06b-8edb534266c2' before making global git config changes
2025-04-16T08:29:18.7802820Z Adding repository directory to the temporary git global config as a safe directory
2025-04-16T08:29:18.7816479Z [command]/usr/bin/git config --global --add safe.directory /home/runner/work/date-night-app2/date-night-app2
2025-04-16T08:29:18.7856675Z Deleting the contents of '/home/runner/work/date-night-app2/date-night-app2'
2025-04-16T08:29:18.7859780Z ##[group]Initializing the repository
2025-04-16T08:29:18.7864005Z [command]/usr/bin/git init /home/runner/work/date-night-app2/date-night-app2
2025-04-16T08:29:18.7932663Z hint: Using 'master' as the name for the initial branch. This default branch name
2025-04-16T08:29:18.7934906Z hint: is subject to change. To configure the initial branch name to use in all
2025-04-16T08:29:18.7936980Z hint: of your new repositories, which will suppress this warning, call:
2025-04-16T08:29:18.7939577Z hint:
2025-04-16T08:29:18.7941682Z hint: 	git config --global init.defaultBranch <name>
2025-04-16T08:29:18.7942912Z hint:
2025-04-16T08:29:18.7944040Z hint: Names commonly chosen instead of 'master' are 'main', 'trunk' and
2025-04-16T08:29:18.7946288Z hint: 'development'. The just-created branch can be renamed via this command:
2025-04-16T08:29:18.7947807Z hint:
2025-04-16T08:29:18.7948544Z hint: 	git branch -m <name>
2025-04-16T08:29:18.7950023Z Initialized empty Git repository in /home/runner/work/date-night-app2/date-night-app2/.git/
2025-04-16T08:29:18.7956322Z [command]/usr/bin/git remote add origin https://github.com/mrkurger/date-night-app2
2025-04-16T08:29:18.7999493Z ##[endgroup]
2025-04-16T08:29:18.8000863Z ##[group]Disabling automatic garbage collection
2025-04-16T08:29:18.8002038Z [command]/usr/bin/git config --local gc.auto 0
2025-04-16T08:29:18.8031637Z ##[endgroup]
2025-04-16T08:29:18.8033112Z ##[group]Setting up auth
2025-04-16T08:29:18.8039094Z [command]/usr/bin/git config --local --name-only --get-regexp core\.sshCommand
2025-04-16T08:29:18.8075682Z [command]/usr/bin/git submodule foreach --recursive sh -c "git config --local --name-only --get-regexp 'core\.sshCommand' && git config --local --unset-all 'core.sshCommand' || :"
2025-04-16T08:29:18.8371994Z [command]/usr/bin/git config --local --name-only --get-regexp http\.https\:\/\/github\.com\/\.extraheader
2025-04-16T08:29:18.8405607Z [command]/usr/bin/git submodule foreach --recursive sh -c "git config --local --name-only --get-regexp 'http\.https\:\/\/github\.com\/\.extraheader' && git config --local --unset-all 'http.https://github.com/.extraheader' || :"
2025-04-16T08:29:18.8640369Z [command]/usr/bin/git config --local http.https://github.com/.extraheader AUTHORIZATION: basic ***
2025-04-16T08:29:18.8682953Z ##[endgroup]
2025-04-16T08:29:18.8685997Z ##[group]Fetching the repository
2025-04-16T08:29:18.8695958Z [command]/usr/bin/git -c protocol.version=2 fetch --no-tags --prune --no-recurse-submodules --depth=1 origin +ccebddb2c01c854568669857a6359089165a75d3:refs/remotes/origin/main
2025-04-16T08:29:21.3640883Z From https://github.com/mrkurger/date-night-app2
2025-04-16T08:29:21.3641755Z  * [new ref]         ccebddb2c01c854568669857a6359089165a75d3 -> origin/main
2025-04-16T08:29:21.3686842Z ##[endgroup]
2025-04-16T08:29:21.3688081Z ##[group]Determining the checkout info
2025-04-16T08:29:21.3689005Z ##[endgroup]
2025-04-16T08:29:21.3697208Z [command]/usr/bin/git sparse-checkout disable
2025-04-16T08:29:21.3752853Z [command]/usr/bin/git config --local --unset-all extensions.worktreeConfig
2025-04-16T08:29:21.3802084Z ##[group]Checking out the ref
2025-04-16T08:29:21.3802904Z [command]/usr/bin/git checkout --progress --force -B main refs/remotes/origin/main
2025-04-16T08:29:21.8160812Z Switched to a new branch 'main'
2025-04-16T08:29:21.8166056Z branch 'main' set up to track 'origin/main'.
2025-04-16T08:29:21.8182761Z ##[endgroup]
2025-04-16T08:29:21.8223721Z [command]/usr/bin/git log -1 --format=%H
2025-04-16T08:29:21.8248338Z ccebddb2c01c854568669857a6359089165a75d3
2025-04-16T08:29:21.8477730Z ##[group]Run actions/setup-node@v4
2025-04-16T08:29:21.8478020Z with:
2025-04-16T08:29:21.8478194Z   node-version: 22.x
2025-04-16T08:29:21.8478384Z   cache: npm
2025-04-16T08:29:21.8478638Z   cache-dependency-path: client-angular/package-lock.json
2025-04-16T08:29:21.8478945Z   always-auth: false
2025-04-16T08:29:21.8479133Z   check-latest: false
2025-04-16T08:29:21.8479440Z   token: ***
2025-04-16T08:29:21.8479618Z ##[endgroup]
2025-04-16T08:29:22.0199954Z Found in cache @ /opt/hostedtoolcache/node/22.14.0/x64
2025-04-16T08:29:22.0208301Z ##[group]Environment details
2025-04-16T08:29:22.5160841Z node: v22.14.0
2025-04-16T08:29:22.5166305Z npm: 10.9.2
2025-04-16T08:29:22.5170631Z yarn: 1.22.22
2025-04-16T08:29:22.5176422Z ##[endgroup]
2025-04-16T08:29:22.5191041Z [command]/opt/hostedtoolcache/node/22.14.0/x64/bin/npm config get cache
2025-04-16T08:29:22.6365091Z /home/runner/.npm
2025-04-16T08:29:22.7645089Z Cache hit for: node-cache-Linux-x64-npm-eed186788acb99c392cc79891935d042040413390720b7932c16d8b7ca478e8b
2025-04-16T08:29:23.3018121Z Received 69351304 of 69351304 (100.0%), 135.0 MBs/sec
2025-04-16T08:29:23.3021212Z Cache Size: ~66 MB (69351304 B)
2025-04-16T08:29:23.3050060Z [command]/usr/bin/tar -xf /home/runner/work/_temp/606ce6a0-5b0c-4841-b29c-08be1121b39b/cache.tzst -P -C /home/runner/work/date-night-app2/date-night-app2 --use-compress-program unzstd
2025-04-16T08:29:23.6199583Z Cache restored successfully
2025-04-16T08:29:23.6349581Z Cache restored from key: node-cache-Linux-x64-npm-eed186788acb99c392cc79891935d042040413390720b7932c16d8b7ca478e8b
2025-04-16T08:29:23.6508088Z ##[group]Run npm ci
2025-04-16T08:29:23.6508380Z [36;1mnpm ci[0m
2025-04-16T08:29:23.6560721Z shell: /usr/bin/bash -e {0}
2025-04-16T08:29:23.6560984Z ##[endgroup]
2025-04-16T08:29:30.2008489Z npm warn deprecated inflight@1.0.6: This module is not supported, and leaks memory. Do not use it. Check out lru-cache if you want a good and tested way to coalesce async requests by a key value, which is much more comprehensive and powerful.
2025-04-16T08:29:30.6042433Z npm warn deprecated rimraf@3.0.2: Rimraf versions prior to v4 are no longer supported
2025-04-16T08:29:30.6575916Z npm warn deprecated abab@2.0.6: Use your platform's native atob() and btoa() methods instead
2025-04-16T08:29:30.9428380Z npm warn deprecated glob@7.2.3: Glob versions prior to v9 are no longer supported
2025-04-16T08:29:31.3150637Z npm warn deprecated domexception@4.0.0: Use your platform's native DOMException instead
2025-04-16T08:29:32.3537742Z npm warn deprecated @humanwhocodes/object-schema@2.0.3: Use @eslint/object-schema instead
2025-04-16T08:29:32.4074966Z npm warn deprecated @humanwhocodes/config-array@0.11.14: Use @eslint/config-array instead
2025-04-16T08:29:35.5176738Z npm warn deprecated eslint@8.56.0: This version is no longer supported. Please see https://eslint.org/version-support for other options.
2025-04-16T08:29:49.6935696Z 
2025-04-16T08:29:49.6943904Z > date-night-app@1.0.0 prepare
2025-04-16T08:29:49.6946509Z > husky
2025-04-16T08:29:49.6948504Z 
2025-04-16T08:29:49.7080647Z sh: 1: husky: not found
2025-04-16T08:29:49.7111848Z npm error code 127
2025-04-16T08:29:49.7125731Z npm error path /home/runner/work/date-night-app2/date-night-app2
2025-04-16T08:29:49.7126430Z npm error command failed
2025-04-16T08:29:49.7127022Z npm error command sh -c husky
2025-04-16T08:29:49.7128305Z npm error A complete log of this run can be found in: /home/runner/.npm/_logs/2025-04-16T08_29_23_715Z-debug-0.log
2025-04-16T08:29:49.8071394Z ##[error]Process completed with exit code 127.
2025-04-16T08:29:49.8247216Z Post job cleanup.
2025-04-16T08:29:49.9179781Z [command]/usr/bin/git version
2025-04-16T08:29:49.9220664Z git version 2.49.0
2025-04-16T08:29:49.9268435Z Temporarily overriding HOME='/home/runner/work/_temp/8e1cd905-a768-4307-acd2-3aaef82b3e38' before making global git config changes
2025-04-16T08:29:49.9271540Z Adding repository directory to the temporary git global config as a safe directory
2025-04-16T08:29:49.9276986Z [command]/usr/bin/git config --global --add safe.directory /home/runner/work/date-night-app2/date-night-app2
2025-04-16T08:29:49.9319543Z [command]/usr/bin/git config --local --name-only --get-regexp core\.sshCommand
2025-04-16T08:29:49.9355808Z [command]/usr/bin/git submodule foreach --recursive sh -c "git config --local --name-only --get-regexp 'core\.sshCommand' && git config --local --unset-all 'core.sshCommand' || :"
2025-04-16T08:29:49.9595894Z [command]/usr/bin/git config --local --name-only --get-regexp http\.https\:\/\/github\.com\/\.extraheader
2025-04-16T08:29:49.9618159Z http.https://github.com/.extraheader
2025-04-16T08:29:49.9634915Z [command]/usr/bin/git config --local --unset-all http.https://github.com/.extraheader
2025-04-16T08:29:49.9668403Z [command]/usr/bin/git submodule foreach --recursive sh -c "git config --local --name-only --get-regexp 'http\.https\:\/\/github\.com\/\.extraheader' && git config --local --unset-all 'http.https://github.com/.extraheader' || :"
2025-04-16T08:29:50.0002765Z Cleaning up orphan processes
