2025-04-18T00:32:09.7440461Z Current runner version: '2.323.0'
2025-04-18T00:32:09.7507961Z ##[group]Operating System
2025-04-18T00:32:09.7509197Z Ubuntu
2025-04-18T00:32:09.7510039Z 24.04.2
2025-04-18T00:32:09.7510818Z LTS
2025-04-18T00:32:09.7511763Z ##[endgroup]
2025-04-18T00:32:09.7512572Z ##[group]Runner Image
2025-04-18T00:32:09.7513684Z Image: ubuntu-24.04
2025-04-18T00:32:09.7514621Z Version: 20250413.1.0
2025-04-18T00:32:09.7516566Z Included Software: https://github.com/actions/runner-images/blob/ubuntu24/20250413.1/images/ubuntu/Ubuntu2404-Readme.md
2025-04-18T00:32:09.7519272Z Image Release: https://github.com/actions/runner-images/releases/tag/ubuntu24%2F20250413.1
2025-04-18T00:32:09.7520898Z ##[endgroup]
2025-04-18T00:32:09.7521768Z ##[group]Runner Image Provisioner
2025-04-18T00:32:09.7522682Z 2.0.422.1
2025-04-18T00:32:09.7523682Z ##[endgroup]
2025-04-18T00:32:09.7525565Z ##[group]GITHUB_TOKEN Permissions
2025-04-18T00:32:09.7528676Z Contents: write
2025-04-18T00:32:09.7529520Z Metadata: read
2025-04-18T00:32:09.7530695Z SecurityEvents: read
2025-04-18T00:32:09.7531665Z ##[endgroup]
2025-04-18T00:32:09.7534476Z Secret source: Actions
2025-04-18T00:32:09.7535722Z Prepare workflow directory
2025-04-18T00:32:09.8148381Z Prepare all required actions
2025-04-18T00:32:09.8228843Z Getting action download info
2025-04-18T00:32:10.3649850Z ##[group]Download immutable action package 'actions/checkout@v4'
2025-04-18T00:32:10.3650805Z Version: 4.2.2
2025-04-18T00:32:10.3651845Z Digest: sha256:ccb2698953eaebd21c7bf6268a94f9c26518a7e38e27e0b83c1fe1ad049819b1
2025-04-18T00:32:10.3653166Z Source commit SHA: 11bd71901bbe5b1630ceea73d27597364c9af683
2025-04-18T00:32:10.3653894Z ##[endgroup]
2025-04-18T00:32:11.0352366Z ##[group]Download immutable action package 'actions/setup-node@v4'
2025-04-18T00:32:11.0353277Z Version: 4.4.0
2025-04-18T00:32:11.0354065Z Digest: sha256:9427cefe82346e992fb5b949e3569b39d537ae41aa3086483b14eceebfc16bc1
2025-04-18T00:32:11.0355139Z Source commit SHA: 49933ea5288caeca8642d1e84afbd3f7d6820020
2025-04-18T00:32:11.0355897Z ##[endgroup]
2025-04-18T00:32:11.5083898Z Complete job name: sync-snyk-issues
2025-04-18T00:32:11.5808321Z ##[group]Run actions/checkout@v4
2025-04-18T00:32:11.5809224Z with:
2025-04-18T00:32:11.5809639Z   fetch-depth: 0
2025-04-18T00:32:11.5810267Z   token: ***
2025-04-18T00:32:11.5810718Z   repository: mrkurger/date-night-app2
2025-04-18T00:32:11.5811252Z   ssh-strict: true
2025-04-18T00:32:11.5811668Z   ssh-user: git
2025-04-18T00:32:11.5812094Z   persist-credentials: true
2025-04-18T00:32:11.5812578Z   clean: true
2025-04-18T00:32:11.5812997Z   sparse-checkout-cone-mode: true
2025-04-18T00:32:11.5813507Z   fetch-tags: false
2025-04-18T00:32:11.5813933Z   show-progress: true
2025-04-18T00:32:11.5814365Z   lfs: false
2025-04-18T00:32:11.5814754Z   submodules: false
2025-04-18T00:32:11.5815200Z   set-safe-directory: true
2025-04-18T00:32:11.5815874Z ##[endgroup]
2025-04-18T00:32:14.3163401Z Syncing repository: mrkurger/date-night-app2
2025-04-18T00:32:14.3164679Z ##[group]Getting Git version info
2025-04-18T00:32:14.3165198Z Working directory is '/home/runner/work/date-night-app2/date-night-app2'
2025-04-18T00:32:14.3165775Z [command]/usr/bin/git version
2025-04-18T00:32:14.5160570Z git version 2.49.0
2025-04-18T00:32:14.5259505Z ##[endgroup]
2025-04-18T00:32:14.5277190Z Temporarily overriding HOME='/home/runner/work/_temp/86d14391-7e8d-4b2a-b9ff-75894ad0292d' before making global git config changes
2025-04-18T00:32:14.5280793Z Adding repository directory to the temporary git global config as a safe directory
2025-04-18T00:32:14.5295087Z [command]/usr/bin/git config --global --add safe.directory /home/runner/work/date-night-app2/date-night-app2
2025-04-18T00:32:14.5405070Z Deleting the contents of '/home/runner/work/date-night-app2/date-night-app2'
2025-04-18T00:32:14.5410165Z ##[group]Initializing the repository
2025-04-18T00:32:14.5415839Z [command]/usr/bin/git init /home/runner/work/date-night-app2/date-night-app2
2025-04-18T00:32:14.6085062Z hint: Using 'master' as the name for the initial branch. This default branch name
2025-04-18T00:32:14.6088215Z hint: is subject to change. To configure the initial branch name to use in all
2025-04-18T00:32:14.6089377Z hint: of your new repositories, which will suppress this warning, call:
2025-04-18T00:32:14.6089993Z hint:
2025-04-18T00:32:14.6090408Z hint: 	git config --global init.defaultBranch <name>
2025-04-18T00:32:14.6090911Z hint:
2025-04-18T00:32:14.6091370Z hint: Names commonly chosen instead of 'master' are 'main', 'trunk' and
2025-04-18T00:32:14.6092169Z hint: 'development'. The just-created branch can be renamed via this command:
2025-04-18T00:32:14.6092753Z hint:
2025-04-18T00:32:14.6093048Z hint: 	git branch -m <name>
2025-04-18T00:32:14.6225129Z Initialized empty Git repository in /home/runner/work/date-night-app2/date-night-app2/.git/
2025-04-18T00:32:14.6241339Z [command]/usr/bin/git remote add origin https://github.com/mrkurger/date-night-app2
2025-04-18T00:32:14.6363667Z ##[endgroup]
2025-04-18T00:32:14.6364849Z ##[group]Disabling automatic garbage collection
2025-04-18T00:32:14.6370624Z [command]/usr/bin/git config --local gc.auto 0
2025-04-18T00:32:14.6402839Z ##[endgroup]
2025-04-18T00:32:14.6404110Z ##[group]Setting up auth
2025-04-18T00:32:14.6413267Z [command]/usr/bin/git config --local --name-only --get-regexp core\.sshCommand
2025-04-18T00:32:14.6446992Z [command]/usr/bin/git submodule foreach --recursive sh -c "git config --local --name-only --get-regexp 'core\.sshCommand' && git config --local --unset-all 'core.sshCommand' || :"
2025-04-18T00:32:14.9908403Z [command]/usr/bin/git config --local --name-only --get-regexp http\.https\:\/\/github\.com\/\.extraheader
2025-04-18T00:32:14.9970936Z [command]/usr/bin/git submodule foreach --recursive sh -c "git config --local --name-only --get-regexp 'http\.https\:\/\/github\.com\/\.extraheader' && git config --local --unset-all 'http.https://github.com/.extraheader' || :"
2025-04-18T00:32:15.0226559Z [command]/usr/bin/git config --local http.https://github.com/.extraheader AUTHORIZATION: basic ***
2025-04-18T00:32:15.0268027Z ##[endgroup]
2025-04-18T00:32:15.0269922Z ##[group]Fetching the repository
2025-04-18T00:32:15.0279393Z [command]/usr/bin/git -c protocol.version=2 fetch --prune --no-recurse-submodules origin +refs/heads/*:refs/remotes/origin/* +refs/tags/*:refs/tags/*
2025-04-18T00:32:23.6430456Z From https://github.com/mrkurger/date-night-app2
2025-04-18T00:32:23.6431575Z  * [new branch]      main       -> origin/main
2025-04-18T00:32:23.6477164Z [command]/usr/bin/git branch --list --remote origin/main
2025-04-18T00:32:23.6502235Z   origin/main
2025-04-18T00:32:23.6513475Z [command]/usr/bin/git rev-parse refs/remotes/origin/main
2025-04-18T00:32:23.6538003Z 452769451516421ef479ef6e594fa1c51ab9d18a
2025-04-18T00:32:23.6544814Z ##[endgroup]
2025-04-18T00:32:23.6545398Z ##[group]Determining the checkout info
2025-04-18T00:32:23.6557489Z ##[endgroup]
2025-04-18T00:32:23.6558682Z [command]/usr/bin/git sparse-checkout disable
2025-04-18T00:32:23.6681080Z [command]/usr/bin/git config --local --unset-all extensions.worktreeConfig
2025-04-18T00:32:23.6731068Z ##[group]Checking out the ref
2025-04-18T00:32:23.6741078Z [command]/usr/bin/git checkout --progress --force -B main refs/remotes/origin/main
2025-04-18T00:32:24.0832869Z Switched to a new branch 'main'
2025-04-18T00:32:24.0838669Z branch 'main' set up to track 'origin/main'.
2025-04-18T00:32:24.0874811Z ##[endgroup]
2025-04-18T00:32:24.0921323Z [command]/usr/bin/git log -1 --format=%H
2025-04-18T00:32:24.0952804Z 452769451516421ef479ef6e594fa1c51ab9d18a
2025-04-18T00:32:24.1173864Z ##[group]Run actions/setup-node@v4
2025-04-18T00:32:24.1174180Z with:
2025-04-18T00:32:24.1174374Z   node-version: 22
2025-04-18T00:32:24.1174556Z   always-auth: false
2025-04-18T00:32:24.1174747Z   check-latest: false
2025-04-18T00:32:24.1175077Z   token: ***
2025-04-18T00:32:24.1175292Z ##[endgroup]
2025-04-18T00:32:24.2895322Z Found in cache @ /opt/hostedtoolcache/node/22.14.0/x64
2025-04-18T00:32:24.2903131Z ##[group]Environment details
2025-04-18T00:32:27.6428438Z node: v22.14.0
2025-04-18T00:32:27.6429651Z npm: 10.9.2
2025-04-18T00:32:27.6430262Z yarn: 1.22.22
2025-04-18T00:32:27.6431421Z ##[endgroup]
2025-04-18T00:32:27.6545779Z ##[group]Run npm install -g snyk
2025-04-18T00:32:27.6546087Z [36;1mnpm install -g snyk[0m
2025-04-18T00:32:27.6597993Z shell: /usr/bin/bash -e {0}
2025-04-18T00:32:27.6598237Z ##[endgroup]
2025-04-18T00:32:31.7673459Z npm warn deprecated boolean@3.2.0: Package no longer supported. Contact Support at https://www.npmjs.com/support for more info.
2025-04-18T00:32:33.8451917Z 
2025-04-18T00:32:33.8453994Z added 31 packages in 6s
2025-04-18T00:32:33.8454880Z 
2025-04-18T00:32:33.8457425Z 8 packages are looking for funding
2025-04-18T00:32:33.8458246Z   run `npm fund` for details
2025-04-18T00:32:33.8967668Z ##[group]Run npm install
2025-04-18T00:32:33.8967946Z [36;1mnpm install[0m
2025-04-18T00:32:33.8968152Z [36;1mcd server && npm install[0m
2025-04-18T00:32:33.8968415Z [36;1mcd ../client-angular && npm install[0m
2025-04-18T00:32:33.9014581Z shell: /usr/bin/bash -e {0}
2025-04-18T00:32:33.9014827Z ##[endgroup]
2025-04-18T00:32:36.3797078Z npm error code ETARGET
2025-04-18T00:32:36.3798803Z npm error notarget No matching version found for @eslint/config-array@^0.1.2.
2025-04-18T00:32:36.3799912Z npm error notarget In most cases you or one of your dependencies are requesting
2025-04-18T00:32:36.3800861Z npm error notarget a package version that doesn't exist.
2025-04-18T00:32:36.3810903Z npm error A complete log of this run can be found in: /home/runner/.npm/_logs/2025-04-18T00_32_33_959Z-debug-0.log
2025-04-18T00:32:36.3933624Z ##[error]Process completed with exit code 1.
2025-04-18T00:32:36.4070088Z Post job cleanup.
2025-04-18T00:32:36.5027582Z [command]/usr/bin/git version
2025-04-18T00:32:36.5068234Z git version 2.49.0
2025-04-18T00:32:36.5115680Z Temporarily overriding HOME='/home/runner/work/_temp/38163fde-3b01-4216-9c2e-7d80f8ea3c16' before making global git config changes
2025-04-18T00:32:36.5119396Z Adding repository directory to the temporary git global config as a safe directory
2025-04-18T00:32:36.5123700Z [command]/usr/bin/git config --global --add safe.directory /home/runner/work/date-night-app2/date-night-app2
2025-04-18T00:32:36.5166934Z [command]/usr/bin/git config --local --name-only --get-regexp core\.sshCommand
2025-04-18T00:32:36.5203325Z [command]/usr/bin/git submodule foreach --recursive sh -c "git config --local --name-only --get-regexp 'core\.sshCommand' && git config --local --unset-all 'core.sshCommand' || :"
2025-04-18T00:32:36.5446017Z [command]/usr/bin/git config --local --name-only --get-regexp http\.https\:\/\/github\.com\/\.extraheader
2025-04-18T00:32:36.5471929Z http.https://github.com/.extraheader
2025-04-18T00:32:36.5485812Z [command]/usr/bin/git config --local --unset-all http.https://github.com/.extraheader
2025-04-18T00:32:36.5520917Z [command]/usr/bin/git submodule foreach --recursive sh -c "git config --local --name-only --get-regexp 'http\.https\:\/\/github\.com\/\.extraheader' && git config --local --unset-all 'http.https://github.com/.extraheader' || :"
2025-04-18T00:32:36.5875508Z Cleaning up orphan processes
