2025-04-16T08:29:18.6261570Z Current runner version: '2.323.0'
2025-04-16T08:29:18.6349655Z ##[group]Operating System
2025-04-16T08:29:18.6350888Z Ubuntu
2025-04-16T08:29:18.6351767Z 24.04.2
2025-04-16T08:29:18.6352513Z LTS
2025-04-16T08:29:18.6353207Z ##[endgroup]
2025-04-16T08:29:18.6354098Z ##[group]Runner Image
2025-04-16T08:29:18.6354953Z Image: ubuntu-24.04
2025-04-16T08:29:18.6355814Z Version: 20250406.1.0
2025-04-16T08:29:18.6357594Z Included Software: https://github.com/actions/runner-images/blob/ubuntu24/20250406.1/images/ubuntu/Ubuntu2404-Readme.md
2025-04-16T08:29:18.6360506Z Image Release: https://github.com/actions/runner-images/releases/tag/ubuntu24%2F20250406.1
2025-04-16T08:29:18.6362189Z ##[endgroup]
2025-04-16T08:29:18.6363092Z ##[group]Runner Image Provisioner
2025-04-16T08:29:18.6364189Z 2.0.422.1
2025-04-16T08:29:18.6364962Z ##[endgroup]
2025-04-16T08:29:18.6366904Z ##[group]GITHUB_TOKEN Permissions
2025-04-16T08:29:18.6389729Z Contents: read
2025-04-16T08:29:18.6390752Z Metadata: read
2025-04-16T08:29:18.6391856Z Packages: read
2025-04-16T08:29:18.6392952Z ##[endgroup]
2025-04-16T08:29:18.6396007Z Secret source: Actions
2025-04-16T08:29:18.6397049Z Prepare workflow directory
2025-04-16T08:29:18.7334950Z Prepare all required actions
2025-04-16T08:29:18.7390785Z Getting action download info
2025-04-16T08:29:19.1929677Z ##[group]Download immutable action package 'actions/checkout@v4'
2025-04-16T08:29:19.1930738Z Version: 4.2.2
2025-04-16T08:29:19.1931697Z Digest: sha256:ccb2698953eaebd21c7bf6268a94f9c26518a7e38e27e0b83c1fe1ad049819b1
2025-04-16T08:29:19.1932830Z Source commit SHA: 11bd71901bbe5b1630ceea73d27597364c9af683
2025-04-16T08:29:19.1933466Z ##[endgroup]
2025-04-16T08:29:19.2745328Z ##[group]Download immutable action package 'actions/setup-node@v4'
2025-04-16T08:29:19.2746202Z Version: 4.4.0
2025-04-16T08:29:19.2746911Z Digest: sha256:9427cefe82346e992fb5b949e3569b39d537ae41aa3086483b14eceebfc16bc1
2025-04-16T08:29:19.2747831Z Source commit SHA: 49933ea5288caeca8642d1e84afbd3f7d6820020
2025-04-16T08:29:19.2748818Z ##[endgroup]
2025-04-16T08:29:19.4726277Z ##[group]Download immutable action package 'actions/upload-artifact@v4'
2025-04-16T08:29:19.4727148Z Version: 4.6.2
2025-04-16T08:29:19.4727834Z Digest: sha256:290722aa3281d5caf23d0acdc3dbeb3424786a1a01a9cc97e72f147225e37c38
2025-04-16T08:29:19.4729055Z Source commit SHA: ea165f8d65b6e75b540449e92b4886f43607fa02
2025-04-16T08:29:19.4729759Z ##[endgroup]
2025-04-16T08:29:19.7302912Z Complete job name: test (22.x)
2025-04-16T08:29:19.7859514Z ##[group]Run actions/checkout@v4
2025-04-16T08:29:19.7860333Z with:
2025-04-16T08:29:19.7860724Z   repository: mrkurger/date-night-app2
2025-04-16T08:29:19.7861378Z   token: ***
2025-04-16T08:29:19.7861744Z   ssh-strict: true
2025-04-16T08:29:19.7862116Z   ssh-user: git
2025-04-16T08:29:19.7862502Z   persist-credentials: true
2025-04-16T08:29:19.7862922Z   clean: true
2025-04-16T08:29:19.7863305Z   sparse-checkout-cone-mode: true
2025-04-16T08:29:19.7863762Z   fetch-depth: 1
2025-04-16T08:29:19.7864135Z   fetch-tags: false
2025-04-16T08:29:19.7864534Z   show-progress: true
2025-04-16T08:29:19.7864920Z   lfs: false
2025-04-16T08:29:19.7865266Z   submodules: false
2025-04-16T08:29:19.7865648Z   set-safe-directory: true
2025-04-16T08:29:19.7866634Z ##[endgroup]
2025-04-16T08:29:19.9737318Z Syncing repository: mrkurger/date-night-app2
2025-04-16T08:29:19.9741672Z ##[group]Getting Git version info
2025-04-16T08:29:19.9743153Z Working directory is '/home/runner/work/date-night-app2/date-night-app2'
2025-04-16T08:29:19.9745083Z [command]/usr/bin/git version
2025-04-16T08:29:19.9745949Z git version 2.49.0
2025-04-16T08:29:19.9770216Z ##[endgroup]
2025-04-16T08:29:19.9786471Z Temporarily overriding HOME='/home/runner/work/_temp/eb6bf885-5c43-4363-9279-f89d0580bc6a' before making global git config changes
2025-04-16T08:29:19.9790341Z Adding repository directory to the temporary git global config as a safe directory
2025-04-16T08:29:19.9805687Z [command]/usr/bin/git config --global --add safe.directory /home/runner/work/date-night-app2/date-night-app2
2025-04-16T08:29:19.9846588Z Deleting the contents of '/home/runner/work/date-night-app2/date-night-app2'
2025-04-16T08:29:19.9851915Z ##[group]Initializing the repository
2025-04-16T08:29:19.9856861Z [command]/usr/bin/git init /home/runner/work/date-night-app2/date-night-app2
2025-04-16T08:29:19.9945750Z hint: Using 'master' as the name for the initial branch. This default branch name
2025-04-16T08:29:19.9949614Z hint: is subject to change. To configure the initial branch name to use in all
2025-04-16T08:29:19.9951461Z hint: of your new repositories, which will suppress this warning, call:
2025-04-16T08:29:19.9953722Z hint:
2025-04-16T08:29:19.9954650Z hint: 	git config --global init.defaultBranch <name>
2025-04-16T08:29:19.9955828Z hint:
2025-04-16T08:29:19.9956941Z hint: Names commonly chosen instead of 'master' are 'main', 'trunk' and
2025-04-16T08:29:19.9959124Z hint: 'development'. The just-created branch can be renamed via this command:
2025-04-16T08:29:19.9960534Z hint:
2025-04-16T08:29:19.9961221Z hint: 	git branch -m <name>
2025-04-16T08:29:19.9964210Z Initialized empty Git repository in /home/runner/work/date-night-app2/date-night-app2/.git/
2025-04-16T08:29:19.9969347Z [command]/usr/bin/git remote add origin https://github.com/mrkurger/date-night-app2
2025-04-16T08:29:20.0003579Z ##[endgroup]
2025-04-16T08:29:20.0006537Z ##[group]Disabling automatic garbage collection
2025-04-16T08:29:20.0008807Z [command]/usr/bin/git config --local gc.auto 0
2025-04-16T08:29:20.0041335Z ##[endgroup]
2025-04-16T08:29:20.0043757Z ##[group]Setting up auth
2025-04-16T08:29:20.0048396Z [command]/usr/bin/git config --local --name-only --get-regexp core\.sshCommand
2025-04-16T08:29:20.0083468Z [command]/usr/bin/git submodule foreach --recursive sh -c "git config --local --name-only --get-regexp 'core\.sshCommand' && git config --local --unset-all 'core.sshCommand' || :"
2025-04-16T08:29:20.0369852Z [command]/usr/bin/git config --local --name-only --get-regexp http\.https\:\/\/github\.com\/\.extraheader
2025-04-16T08:29:20.0404042Z [command]/usr/bin/git submodule foreach --recursive sh -c "git config --local --name-only --get-regexp 'http\.https\:\/\/github\.com\/\.extraheader' && git config --local --unset-all 'http.https://github.com/.extraheader' || :"
2025-04-16T08:29:20.0646841Z [command]/usr/bin/git config --local http.https://github.com/.extraheader AUTHORIZATION: basic ***
2025-04-16T08:29:20.0693781Z ##[endgroup]
2025-04-16T08:29:20.0695684Z ##[group]Fetching the repository
2025-04-16T08:29:20.0706018Z [command]/usr/bin/git -c protocol.version=2 fetch --no-tags --prune --no-recurse-submodules --depth=1 origin +ccebddb2c01c854568669857a6359089165a75d3:refs/remotes/origin/main
2025-04-16T08:29:22.5676655Z From https://github.com/mrkurger/date-night-app2
2025-04-16T08:29:22.5678408Z  * [new ref]         ccebddb2c01c854568669857a6359089165a75d3 -> origin/main
2025-04-16T08:29:22.5707181Z ##[endgroup]
2025-04-16T08:29:22.5708461Z ##[group]Determining the checkout info
2025-04-16T08:29:22.5710006Z ##[endgroup]
2025-04-16T08:29:22.5717218Z [command]/usr/bin/git sparse-checkout disable
2025-04-16T08:29:22.5759109Z [command]/usr/bin/git config --local --unset-all extensions.worktreeConfig
2025-04-16T08:29:22.5789505Z ##[group]Checking out the ref
2025-04-16T08:29:22.5792161Z [command]/usr/bin/git checkout --progress --force -B main refs/remotes/origin/main
2025-04-16T08:29:23.0120681Z Switched to a new branch 'main'
2025-04-16T08:29:23.0127539Z branch 'main' set up to track 'origin/main'.
2025-04-16T08:29:23.0145641Z ##[endgroup]
2025-04-16T08:29:23.0195693Z [command]/usr/bin/git log -1 --format=%H
2025-04-16T08:29:23.0226180Z ccebddb2c01c854568669857a6359089165a75d3
2025-04-16T08:29:23.0467524Z ##[group]Run actions/setup-node@v4
2025-04-16T08:29:23.0467804Z with:
2025-04-16T08:29:23.0467975Z   node-version: 22.x
2025-04-16T08:29:23.0468166Z   cache: npm
2025-04-16T08:29:23.0468423Z   cache-dependency-path: client-angular/package-lock.json
2025-04-16T08:29:23.0469028Z   always-auth: false
2025-04-16T08:29:23.0469247Z   check-latest: false
2025-04-16T08:29:23.0469826Z   token: ***
2025-04-16T08:29:23.0470005Z ##[endgroup]
2025-04-16T08:29:23.2200715Z Found in cache @ /opt/hostedtoolcache/node/22.14.0/x64
2025-04-16T08:29:23.2208875Z ##[group]Environment details
2025-04-16T08:29:25.0567145Z node: v22.14.0
2025-04-16T08:29:25.0569008Z npm: 10.9.2
2025-04-16T08:29:25.0569334Z yarn: 1.22.22
2025-04-16T08:29:25.0570461Z ##[endgroup]
2025-04-16T08:29:25.0595190Z [command]/opt/hostedtoolcache/node/22.14.0/x64/bin/npm config get cache
2025-04-16T08:29:25.2827989Z /home/runner/.npm
2025-04-16T08:29:25.3699743Z Cache hit for: node-cache-Linux-x64-npm-eed186788acb99c392cc79891935d042040413390720b7932c16d8b7ca478e8b
2025-04-16T08:29:25.8823769Z Received 69351304 of 69351304 (100.0%), 140.4 MBs/sec
2025-04-16T08:29:25.8826465Z Cache Size: ~66 MB (69351304 B)
2025-04-16T08:29:25.8861664Z [command]/usr/bin/tar -xf /home/runner/work/_temp/98f83471-92aa-4039-bebe-d052ed0933d4/cache.tzst -P -C /home/runner/work/date-night-app2/date-night-app2 --use-compress-program unzstd
2025-04-16T08:29:26.1965755Z Cache restored successfully
2025-04-16T08:29:26.2116389Z Cache restored from key: node-cache-Linux-x64-npm-eed186788acb99c392cc79891935d042040413390720b7932c16d8b7ca478e8b
2025-04-16T08:29:26.2277190Z ##[group]Run npm ci
2025-04-16T08:29:26.2277465Z [36;1mnpm ci[0m
2025-04-16T08:29:26.2330736Z shell: /usr/bin/bash -e {0}
2025-04-16T08:29:26.2331021Z ##[endgroup]
2025-04-16T08:29:32.3517583Z npm warn deprecated inflight@1.0.6: This module is not supported, and leaks memory. Do not use it. Check out lru-cache if you want a good and tested way to coalesce async requests by a key value, which is much more comprehensive and powerful.
2025-04-16T08:29:32.6761797Z npm warn deprecated rimraf@3.0.2: Rimraf versions prior to v4 are no longer supported
2025-04-16T08:29:32.7069051Z npm warn deprecated abab@2.0.6: Use your platform's native atob() and btoa() methods instead
2025-04-16T08:29:32.9264945Z npm warn deprecated glob@7.2.3: Glob versions prior to v9 are no longer supported
2025-04-16T08:29:33.0884428Z npm warn deprecated domexception@4.0.0: Use your platform's native DOMException instead
2025-04-16T08:29:34.0623920Z npm warn deprecated @humanwhocodes/object-schema@2.0.3: Use @eslint/object-schema instead
2025-04-16T08:29:34.1120283Z npm warn deprecated @humanwhocodes/config-array@0.11.14: Use @eslint/config-array instead
2025-04-16T08:29:37.4849811Z npm warn deprecated eslint@8.56.0: This version is no longer supported. Please see https://eslint.org/version-support for other options.
2025-04-16T08:29:52.0502299Z 
2025-04-16T08:29:52.0503405Z > date-night-app@1.0.0 prepare
2025-04-16T08:29:52.0504458Z > husky
2025-04-16T08:29:52.0504903Z 
2025-04-16T08:29:52.0654089Z sh: 1: husky: not found
2025-04-16T08:29:52.0690542Z npm error code 127
2025-04-16T08:29:52.0692609Z npm error path /home/runner/work/date-night-app2/date-night-app2
2025-04-16T08:29:52.0719298Z npm error command failed
2025-04-16T08:29:52.0719935Z npm error command sh -c husky
2025-04-16T08:29:52.0721161Z npm error A complete log of this run can be found in: /home/runner/.npm/_logs/2025-04-16T08_29_26_296Z-debug-0.log
2025-04-16T08:29:52.1668158Z ##[error]Process completed with exit code 127.
2025-04-16T08:29:52.1746755Z ##[group]Run actions/upload-artifact@v4
2025-04-16T08:29:52.1747036Z with:
2025-04-16T08:29:52.1747205Z   name: test-results
2025-04-16T08:29:52.1747419Z   path: ./client-angular/coverage
2025-04-16T08:29:52.1747660Z   if-no-files-found: warn
2025-04-16T08:29:52.1747864Z   compression-level: 6
2025-04-16T08:29:52.1748064Z   overwrite: false
2025-04-16T08:29:52.1748259Z   include-hidden-files: false
2025-04-16T08:29:52.1748665Z ##[endgroup]
2025-04-16T08:29:52.3942788Z ##[warning]No files were found with the provided path: ./client-angular/coverage. No artifacts will be uploaded.
2025-04-16T08:29:52.4104166Z Post job cleanup.
2025-04-16T08:29:52.5044132Z [command]/usr/bin/git version
2025-04-16T08:29:52.5084528Z git version 2.49.0
2025-04-16T08:29:52.5131836Z Temporarily overriding HOME='/home/runner/work/_temp/fc9009c4-bc4e-4fcb-80c6-5f60f74932e6' before making global git config changes
2025-04-16T08:29:52.5134017Z Adding repository directory to the temporary git global config as a safe directory
2025-04-16T08:29:52.5139206Z [command]/usr/bin/git config --global --add safe.directory /home/runner/work/date-night-app2/date-night-app2
2025-04-16T08:29:52.5182584Z [command]/usr/bin/git config --local --name-only --get-regexp core\.sshCommand
2025-04-16T08:29:52.5219323Z [command]/usr/bin/git submodule foreach --recursive sh -c "git config --local --name-only --get-regexp 'core\.sshCommand' && git config --local --unset-all 'core.sshCommand' || :"
2025-04-16T08:29:52.5476653Z [command]/usr/bin/git config --local --name-only --get-regexp http\.https\:\/\/github\.com\/\.extraheader
2025-04-16T08:29:52.5502628Z http.https://github.com/.extraheader
2025-04-16T08:29:52.5516595Z [command]/usr/bin/git config --local --unset-all http.https://github.com/.extraheader
2025-04-16T08:29:52.5552248Z [command]/usr/bin/git submodule foreach --recursive sh -c "git config --local --name-only --get-regexp 'http\.https\:\/\/github\.com\/\.extraheader' && git config --local --unset-all 'http.https://github.com/.extraheader' || :"
2025-04-16T08:29:52.5897358Z Cleaning up orphan processes
