2025-04-16T15:01:47.2970171Z Current runner version: '2.323.0'
2025-04-16T15:01:47.2999865Z ##[group]Operating System
2025-04-16T15:01:47.3000876Z Ubuntu
2025-04-16T15:01:47.3001402Z 24.04.2
2025-04-16T15:01:47.3001867Z LTS
2025-04-16T15:01:47.3002435Z ##[endgroup]
2025-04-16T15:01:47.3002937Z ##[group]Runner Image
2025-04-16T15:01:47.3003522Z Image: ubuntu-24.04
2025-04-16T15:01:47.3004397Z Version: 20250413.1.0
2025-04-16T15:01:47.3005473Z Included Software: https://github.com/actions/runner-images/blob/ubuntu24/20250413.1/images/ubuntu/Ubuntu2404-Readme.md
2025-04-16T15:01:47.3006842Z Image Release: https://github.com/actions/runner-images/releases/tag/ubuntu24%2F20250413.1
2025-04-16T15:01:47.3008171Z ##[endgroup]
2025-04-16T15:01:47.3008735Z ##[group]Runner Image Provisioner
2025-04-16T15:01:47.3009336Z 2.0.422.1
2025-04-16T15:01:47.3009921Z ##[endgroup]
2025-04-16T15:01:47.3011114Z ##[group]GITHUB_TOKEN Permissions
2025-04-16T15:01:47.3013263Z Actions: read
2025-04-16T15:01:47.3013950Z Contents: write
2025-04-16T15:01:47.3014666Z Metadata: read
2025-04-16T15:01:47.3015339Z ##[endgroup]
2025-04-16T15:01:47.3018141Z Secret source: Actions
2025-04-16T15:01:47.3019071Z Prepare workflow directory
2025-04-16T15:01:47.3485096Z Prepare all required actions
2025-04-16T15:01:47.3529632Z Getting action download info
2025-04-16T15:01:47.8203908Z ##[group]Download immutable action package 'actions/checkout@v4'
2025-04-16T15:01:47.8204979Z Version: 4.2.2
2025-04-16T15:01:47.8205983Z Digest: sha256:ccb2698953eaebd21c7bf6268a94f9c26518a7e38e27e0b83c1fe1ad049819b1
2025-04-16T15:01:47.8207555Z Source commit SHA: 11bd71901bbe5b1630ceea73d27597364c9af683
2025-04-16T15:01:47.8208876Z ##[endgroup]
2025-04-16T15:01:49.9273094Z ##[group]Download immutable action package 'actions/setup-node@v4'
2025-04-16T15:01:49.9274120Z Version: 4.4.0
2025-04-16T15:01:49.9275054Z Digest: sha256:9427cefe82346e992fb5b949e3569b39d537ae41aa3086483b14eceebfc16bc1
2025-04-16T15:01:49.9276369Z Source commit SHA: 49933ea5288caeca8642d1e84afbd3f7d6820020
2025-04-16T15:01:49.9277572Z ##[endgroup]
2025-04-16T15:01:50.4105747Z Complete job name: sync-error-logs
2025-04-16T15:01:50.4866181Z ##[group]Run actions/checkout@v4
2025-04-16T15:01:50.4867664Z with:
2025-04-16T15:01:50.4868390Z   fetch-depth: 0
2025-04-16T15:01:50.4869090Z   repository: mrkurger/date-night-app2
2025-04-16T15:01:50.4870107Z   token: ***
2025-04-16T15:01:50.4870742Z   ssh-strict: true
2025-04-16T15:01:50.4871423Z   ssh-user: git
2025-04-16T15:01:50.4872093Z   persist-credentials: true
2025-04-16T15:01:50.4872820Z   clean: true
2025-04-16T15:01:50.4873477Z   sparse-checkout-cone-mode: true
2025-04-16T15:01:50.4874224Z   fetch-tags: false
2025-04-16T15:01:50.4874886Z   show-progress: true
2025-04-16T15:01:50.4875547Z   lfs: false
2025-04-16T15:01:50.4876191Z   submodules: false
2025-04-16T15:01:50.4876858Z   set-safe-directory: true
2025-04-16T15:01:50.4878123Z env:
2025-04-16T15:01:50.4878768Z   CI: true
2025-04-16T15:01:50.4879381Z ##[endgroup]
2025-04-16T15:02:01.9919799Z Syncing repository: mrkurger/date-night-app2
2025-04-16T15:02:01.9921275Z ##[group]Getting Git version info
2025-04-16T15:02:01.9921758Z Working directory is '/home/runner/work/date-night-app2/date-night-app2'
2025-04-16T15:02:01.9922320Z [command]/usr/bin/git version
2025-04-16T15:02:02.6661001Z git version 2.49.0
2025-04-16T15:02:02.6980800Z ##[endgroup]
2025-04-16T15:02:02.7010689Z Temporarily overriding HOME='/home/runner/work/_temp/ae6fafca-fd81-45aa-93bf-c9f77ee161e4' before making global git config changes
2025-04-16T15:02:02.7014623Z Adding repository directory to the temporary git global config as a safe directory
2025-04-16T15:02:02.7018063Z [command]/usr/bin/git config --global --add safe.directory /home/runner/work/date-night-app2/date-night-app2
2025-04-16T15:02:02.7441150Z Deleting the contents of '/home/runner/work/date-night-app2/date-night-app2'
2025-04-16T15:02:02.7445918Z ##[group]Initializing the repository
2025-04-16T15:02:02.7451930Z [command]/usr/bin/git init /home/runner/work/date-night-app2/date-night-app2
2025-04-16T15:02:02.9630360Z hint: Using 'master' as the name for the initial branch. This default branch name
2025-04-16T15:02:02.9632015Z hint: is subject to change. To configure the initial branch name to use in all
2025-04-16T15:02:02.9633421Z hint: of your new repositories, which will suppress this warning, call:
2025-04-16T15:02:02.9634230Z hint:
2025-04-16T15:02:02.9636404Z hint: 	git config --global init.defaultBranch <name>
2025-04-16T15:02:02.9636951Z hint:
2025-04-16T15:02:02.9637669Z hint: Names commonly chosen instead of 'master' are 'main', 'trunk' and
2025-04-16T15:02:02.9638523Z hint: 'development'. The just-created branch can be renamed via this command:
2025-04-16T15:02:02.9639213Z hint:
2025-04-16T15:02:02.9639566Z hint: 	git branch -m <name>
2025-04-16T15:02:03.0391958Z Initialized empty Git repository in /home/runner/work/date-night-app2/date-night-app2/.git/
2025-04-16T15:02:03.0414918Z [command]/usr/bin/git remote add origin https://github.com/mrkurger/date-night-app2
2025-04-16T15:02:03.0825965Z ##[endgroup]
2025-04-16T15:02:03.0826937Z ##[group]Disabling automatic garbage collection
2025-04-16T15:02:03.0832336Z [command]/usr/bin/git config --local gc.auto 0
2025-04-16T15:02:03.0868251Z ##[endgroup]
2025-04-16T15:02:03.0868782Z ##[group]Setting up auth
2025-04-16T15:02:03.0879415Z [command]/usr/bin/git config --local --name-only --get-regexp core\.sshCommand
2025-04-16T15:02:03.0916415Z [command]/usr/bin/git submodule foreach --recursive sh -c "git config --local --name-only --get-regexp 'core\.sshCommand' && git config --local --unset-all 'core.sshCommand' || :"
2025-04-16T15:02:03.9696242Z [command]/usr/bin/git config --local --name-only --get-regexp http\.https\:\/\/github\.com\/\.extraheader
2025-04-16T15:02:03.9750654Z [command]/usr/bin/git submodule foreach --recursive sh -c "git config --local --name-only --get-regexp 'http\.https\:\/\/github\.com\/\.extraheader' && git config --local --unset-all 'http.https://github.com/.extraheader' || :"
2025-04-16T15:02:03.9997206Z [command]/usr/bin/git config --local http.https://github.com/.extraheader AUTHORIZATION: basic ***
2025-04-16T15:02:04.0055545Z ##[endgroup]
2025-04-16T15:02:04.0056827Z ##[group]Fetching the repository
2025-04-16T15:02:04.0067900Z [command]/usr/bin/git -c protocol.version=2 fetch --prune --no-recurse-submodules origin +refs/heads/*:refs/remotes/origin/* +refs/tags/*:refs/tags/*
2025-04-16T15:02:13.2097676Z From https://github.com/mrkurger/date-night-app2
2025-04-16T15:02:13.2098999Z  * [new branch]      dependabot/github_actions/dawidd6/action-download-artifact-9 -> origin/dependabot/github_actions/dawidd6/action-download-artifact-9
2025-04-16T15:02:13.2129178Z  * [new branch]      dependabot/npm_and_yarn/server/multi-94fa72f662 -> origin/dependabot/npm_and_yarn/server/multi-94fa72f662
2025-04-16T15:02:13.2130452Z  * [new branch]      main       -> origin/main
2025-04-16T15:02:13.2156447Z [command]/usr/bin/git branch --list --remote origin/main
2025-04-16T15:02:13.2210120Z   origin/main
2025-04-16T15:02:13.2219689Z [command]/usr/bin/git rev-parse refs/remotes/origin/main
2025-04-16T15:02:13.2249286Z b7b02b02b67d186f71e3b6a43ebe9f432064fd3a
2025-04-16T15:02:13.2265036Z ##[endgroup]
2025-04-16T15:02:13.2266040Z ##[group]Determining the checkout info
2025-04-16T15:02:13.2267010Z ##[endgroup]
2025-04-16T15:02:13.2267842Z [command]/usr/bin/git sparse-checkout disable
2025-04-16T15:02:13.2370885Z [command]/usr/bin/git config --local --unset-all extensions.worktreeConfig
2025-04-16T15:02:13.2417597Z ##[group]Checking out the ref
2025-04-16T15:02:13.2426455Z [command]/usr/bin/git checkout --progress --force -B main refs/remotes/origin/main
2025-04-16T15:02:13.6030085Z Switched to a new branch 'main'
2025-04-16T15:02:13.6036523Z branch 'main' set up to track 'origin/main'.
2025-04-16T15:02:13.6070203Z ##[endgroup]
2025-04-16T15:02:13.6116881Z [command]/usr/bin/git log -1 --format=%H
2025-04-16T15:02:13.6141395Z b7b02b02b67d186f71e3b6a43ebe9f432064fd3a
2025-04-16T15:02:13.6368224Z ##[group]Run actions/setup-node@v4
2025-04-16T15:02:13.6368499Z with:
2025-04-16T15:02:13.6368907Z   node-version: 22.x
2025-04-16T15:02:13.6369102Z   always-auth: false
2025-04-16T15:02:13.6369299Z   check-latest: false
2025-04-16T15:02:13.6369601Z   token: ***
2025-04-16T15:02:13.6369767Z env:
2025-04-16T15:02:13.6369922Z   CI: true
2025-04-16T15:02:13.6370078Z ##[endgroup]
2025-04-16T15:02:13.8110586Z Found in cache @ /opt/hostedtoolcache/node/22.14.0/x64
2025-04-16T15:02:13.8117956Z ##[group]Environment details
2025-04-16T15:02:27.2173301Z node: v22.14.0
2025-04-16T15:02:27.2176676Z npm: 10.9.2
2025-04-16T15:02:27.2178124Z yarn: 1.22.22
2025-04-16T15:02:27.2179622Z ##[endgroup]
2025-04-16T15:02:27.2291119Z ##[group]Run npm install @octokit/rest@19.0.13 fs-extra@11.2.0
2025-04-16T15:02:27.2291586Z [36;1mnpm install @octokit/rest@19.0.13 fs-extra@11.2.0[0m
2025-04-16T15:02:27.2342020Z shell: /usr/bin/bash -e {0}
2025-04-16T15:02:27.2342269Z env:
2025-04-16T15:02:27.2342427Z   CI: true
2025-04-16T15:02:27.2342597Z ##[endgroup]
2025-04-16T15:02:38.3169529Z npm warn deprecated xss-clean@0.1.4: Package no longer supported. Contact Support at https://www.npmjs.com/support for more info.
2025-04-16T15:02:39.4449420Z npm warn deprecated rimraf@3.0.2: Rimraf versions prior to v4 are no longer supported
2025-04-16T15:02:40.0189447Z npm warn deprecated passport-reddit@1.1.0: While functionally complete, this library will not be receiving any updates going forwards. Users are actively discouraged from using OAuth2 for authentication. See archival notice on github for more details.
2025-04-16T15:02:40.4813741Z npm warn deprecated npmlog@5.0.1: This package is no longer supported.
2025-04-16T15:02:40.8198504Z npm warn deprecated superagent@8.1.2: Please upgrade to v9.0.0+ as we have fixed a public vulnerability with formidable dependency. Note that v9.0.0+ requires Node.js v14.18.0+. See https://github.com/ladjs/superagent/pull/1800 for insight. This project is supported and maintained by the team at Forward Email @ https://forwardemail.net
2025-04-16T15:02:41.5461079Z npm warn deprecated inflight@1.0.6: This module is not supported, and leaks memory. Do not use it. Check out lru-cache if you want a good and tested way to coalesce async requests by a key value, which is much more comprehensive and powerful.
2025-04-16T15:02:41.8689798Z npm warn deprecated glob@7.2.3: Glob versions prior to v9 are no longer supported
2025-04-16T15:02:42.2181631Z npm warn deprecated gauge@3.0.2: This package is no longer supported.
2025-04-16T15:02:42.7703761Z npm warn deprecated domexception@4.0.0: Use your platform's native DOMException instead
2025-04-16T15:02:43.7315156Z npm warn deprecated are-we-there-yet@2.0.0: This package is no longer supported.
2025-04-16T15:02:43.8621577Z npm warn deprecated abab@2.0.6: Use your platform's native atob() and btoa() methods instead
2025-04-16T15:02:45.0238271Z npm warn deprecated @humanwhocodes/object-schema@2.0.3: Use @eslint/object-schema instead
2025-04-16T15:02:45.0821616Z npm warn deprecated @humanwhocodes/config-array@0.11.14: Use @eslint/config-array instead
2025-04-16T15:02:53.1069996Z npm warn deprecated eslint@8.56.0: This version is no longer supported. Please see https://eslint.org/version-support for other options.
2025-04-16T15:02:53.1466495Z npm warn deprecated eslint@8.56.0: This version is no longer supported. Please see https://eslint.org/version-support for other options.
2025-04-16T15:03:17.5778314Z 
2025-04-16T15:03:17.5782629Z added 1914 packages, and audited 1917 packages in 50s
2025-04-16T15:03:17.5786881Z 
2025-04-16T15:03:17.5791486Z 354 packages are looking for funding
2025-04-16T15:03:17.5795922Z   run `npm fund` for details
2025-04-16T15:03:17.5968322Z 
2025-04-16T15:03:17.5969448Z 9 moderate severity vulnerabilities
2025-04-16T15:03:17.5970143Z 
2025-04-16T15:03:17.5970827Z To address issues that do not require attention, run:
2025-04-16T15:03:17.5971682Z   npm audit fix
2025-04-16T15:03:17.5972126Z 
2025-04-16T15:03:17.5973265Z To address all issues (including breaking changes), run:
2025-04-16T15:03:17.5974146Z   npm audit fix --force
2025-04-16T15:03:17.5975159Z 
2025-04-16T15:03:17.5998949Z Run `npm audit` for details.
2025-04-16T15:03:17.6825045Z ##[group]Run cat > fetch-workflow-logs.js << 'EOF'
2025-04-16T15:03:17.6825815Z [36;1mcat > fetch-workflow-logs.js << 'EOF'[0m
2025-04-16T15:03:17.6826128Z [36;1mconst { Octokit } = require('@octokit/rest');[0m
2025-04-16T15:03:17.6826415Z [36;1mconst fs = require('fs-extra');[0m
2025-04-16T15:03:17.6826683Z [36;1mconst path = require('path');[0m
2025-04-16T15:03:17.6826930Z [36;1m[0m
2025-04-16T15:03:17.6827108Z [36;1masync function main() {[0m
2025-04-16T15:03:17.6827615Z [36;1m  const owner = process.env.REPO_OWNER;[0m
2025-04-16T15:03:17.6827910Z [36;1m  const repo = process.env.REPO_NAME;[0m
2025-04-16T15:03:17.6828217Z [36;1m  const logsDir = path.join('workflow-error-logs');[0m
2025-04-16T15:03:17.6828503Z [36;1m  [0m
2025-04-16T15:03:17.6828758Z [36;1m  console.log(`Fetching workflow logs for ${owner}/${repo}`);[0m
2025-04-16T15:03:17.6829060Z [36;1m  [0m
2025-04-16T15:03:17.6829296Z [36;1m  // Create logs directory if it doesn't exist[0m
2025-04-16T15:03:17.6829627Z [36;1m  await fs.ensureDir(logsDir);[0m
2025-04-16T15:03:17.6829859Z [36;1m  [0m
2025-04-16T15:03:17.6830048Z [36;1m  const octokit = new Octokit({[0m
2025-04-16T15:03:17.6830307Z [36;1m    auth: process.env.GITHUB_TOKEN,[0m
2025-04-16T15:03:17.6830566Z [36;1m    request: {[0m
2025-04-16T15:03:17.6830763Z [36;1m      retries: 3,[0m
2025-04-16T15:03:17.6830972Z [36;1m      retryAfter: 1[0m
2025-04-16T15:03:17.6831172Z [36;1m    }[0m
2025-04-16T15:03:17.6831339Z [36;1m  });[0m
2025-04-16T15:03:17.6831494Z [36;1m  [0m
2025-04-16T15:03:17.6831668Z [36;1m  // Get all workflows[0m
2025-04-16T15:03:17.6832002Z [36;1m  const { data: workflows } = await octokit.actions.listRepoWorkflows({[0m
2025-04-16T15:03:17.6832334Z [36;1m    owner,[0m
2025-04-16T15:03:17.6832518Z [36;1m    repo,[0m
2025-04-16T15:03:17.6832692Z [36;1m  });[0m
2025-04-16T15:03:17.6832856Z [36;1m  [0m
2025-04-16T15:03:17.6833055Z [36;1m  // Get recent workflow runs (last 30 days)[0m
2025-04-16T15:03:17.6833342Z [36;1m  const thirtyDaysAgo = new Date();[0m
2025-04-16T15:03:17.6833668Z [36;1m  thirtyDaysAgo.setDate(thirtyDaysAgo.getDate() - 30);[0m
2025-04-16T15:03:17.6834061Z [36;1m  [0m
2025-04-16T15:03:17.6834302Z [36;1m  for (const workflow of workflows.workflows) {[0m
2025-04-16T15:03:17.6834686Z [36;1m    console.log(`Processing workflow: ${workflow.name} (${workflow.id})`);[0m
2025-04-16T15:03:17.6835029Z [36;1m    [0m
2025-04-16T15:03:17.6835194Z [36;1m    try {[0m
2025-04-16T15:03:17.6835473Z [36;1m      const { data: runs } = await octokit.actions.listWorkflowRuns({[0m
2025-04-16T15:03:17.6835792Z [36;1m        owner,[0m
2025-04-16T15:03:17.6835979Z [36;1m        repo,[0m
2025-04-16T15:03:17.6836196Z [36;1m        workflow_id: workflow.id,[0m
2025-04-16T15:03:17.6836507Z [36;1m        created: `>=${thirtyDaysAgo.toISOString().split('T')[0]}`,[0m
2025-04-16T15:03:17.6836807Z [36;1m      });[0m
2025-04-16T15:03:17.6836980Z [36;1m      [0m
2025-04-16T15:03:17.6837175Z [36;1m      // Process failed runs[0m
2025-04-16T15:03:17.6837708Z [36;1m      const failedRuns = runs.workflow_runs.filter(run => [0m
2025-04-16T15:03:17.6838214Z [36;1m        run.conclusion === 'failure' || run.conclusion === 'cancelled' || run.conclusion === 'timed_out'[0m
2025-04-16T15:03:17.6838627Z [36;1m      );[0m
2025-04-16T15:03:17.6838794Z [36;1m      [0m
2025-04-16T15:03:17.6839109Z [36;1m      console.log(`Found ${failedRuns.length} failed runs for ${workflow.name}`);[0m
2025-04-16T15:03:17.6839462Z [36;1m      [0m
2025-04-16T15:03:17.6839659Z [36;1m      for (const run of failedRuns) {[0m
2025-04-16T15:03:17.6840016Z [36;1m        const runDate = new Date(run.created_at).toISOString().split('T')[0];[0m
2025-04-16T15:03:17.6840542Z [36;1m        const workflowDir = path.join(logsDir, workflow.name.replace(/[^a-zA-Z0-9]/g, '-').toLowerCase());[0m
2025-04-16T15:03:17.6841058Z [36;1m        const runDir = path.join(workflowDir, `${runDate}_${run.id}`);[0m
2025-04-16T15:03:17.6841771Z [36;1m        [0m
2025-04-16T15:03:17.6841978Z [36;1m        await fs.ensureDir(runDir);[0m
2025-04-16T15:03:17.6842221Z [36;1m        [0m
2025-04-16T15:03:17.6842401Z [36;1m        // Save run metadata[0m
2025-04-16T15:03:17.6842755Z [36;1m        await fs.writeJson(path.join(runDir, 'metadata.json'), run, { spaces: 2 });[0m
2025-04-16T15:03:17.6843093Z [36;1m        [0m
2025-04-16T15:03:17.6843266Z [36;1m        try {[0m
2025-04-16T15:03:17.6843468Z [36;1m          // Get jobs for this run[0m
2025-04-16T15:03:17.6843816Z [36;1m          const { data: jobs } = await octokit.actions.listJobsForWorkflowRun({[0m
2025-04-16T15:03:17.6844156Z [36;1m            owner,[0m
2025-04-16T15:03:17.6844354Z [36;1m            repo,[0m
2025-04-16T15:03:17.6844565Z [36;1m            run_id: run.id,[0m
2025-04-16T15:03:17.6844781Z [36;1m          });[0m
2025-04-16T15:03:17.6844972Z [36;1m          [0m
2025-04-16T15:03:17.6845168Z [36;1m          // Save jobs metadata[0m
2025-04-16T15:03:17.6845521Z [36;1m          await fs.writeJson(path.join(runDir, 'jobs.json'), jobs, { spaces: 2 });[0m
2025-04-16T15:03:17.6845874Z [36;1m          [0m
2025-04-16T15:03:17.6846058Z [36;1m          // Process each job[0m
2025-04-16T15:03:17.6846310Z [36;1m          for (const job of jobs.jobs) {[0m
2025-04-16T15:03:17.6846729Z [36;1m            if (job.conclusion === 'failure' || job.conclusion === 'cancelled' || job.conclusion === 'timed_out') {[0m
2025-04-16T15:03:17.6847516Z [36;1m              const jobDir = path.join(runDir, job.name.replace(/[^a-zA-Z0-9]/g, '-').toLowerCase());[0m
2025-04-16T15:03:17.6847935Z [36;1m              await fs.ensureDir(jobDir);[0m
2025-04-16T15:03:17.6848177Z [36;1m              [0m
2025-04-16T15:03:17.6848388Z [36;1m              // Save job metadata[0m
2025-04-16T15:03:17.6848752Z [36;1m              await fs.writeJson(path.join(jobDir, 'job-metadata.json'), job, { spaces: 2 });[0m
2025-04-16T15:03:17.6849134Z [36;1m              [0m
2025-04-16T15:03:17.6849323Z [36;1m              try {[0m
2025-04-16T15:03:17.6849541Z [36;1m                // Get job logs[0m
2025-04-16T15:03:17.6849903Z [36;1m                const logs = await octokit.actions.downloadJobLogsForWorkflowRun({[0m
2025-04-16T15:03:17.6850253Z [36;1m                  owner,[0m
2025-04-16T15:03:17.6850468Z [36;1m                  repo,[0m
2025-04-16T15:03:17.6850686Z [36;1m                  job_id: job.id,[0m
2025-04-16T15:03:17.6850922Z [36;1m                });[0m
2025-04-16T15:03:17.6851121Z [36;1m                [0m
2025-04-16T15:03:17.6851323Z [36;1m                // Save logs[0m
2025-04-16T15:03:17.6851637Z [36;1m                await fs.writeFile(path.join(jobDir, 'logs.txt'), logs.data);[0m
2025-04-16T15:03:17.6852041Z [36;1m                console.log(`Saved logs for job ${job.name} (${job.id})`);[0m
2025-04-16T15:03:17.6852359Z [36;1m              } catch (error) {[0m
2025-04-16T15:03:17.6852718Z [36;1m                console.error(`Error fetching logs for job ${job.id}: ${error.message}`);[0m
2025-04-16T15:03:17.6853238Z [36;1m                await fs.writeFile(path.join(jobDir, 'error.txt'), `Error fetching logs: ${error.message}`);[0m
2025-04-16T15:03:17.6853625Z [36;1m              }[0m
2025-04-16T15:03:17.6853825Z [36;1m            }[0m
2025-04-16T15:03:17.6854013Z [36;1m          }[0m
2025-04-16T15:03:17.6854196Z [36;1m        } catch (error) {[0m
2025-04-16T15:03:17.6854525Z [36;1m          console.error(`Error processing run ${run.id}: ${error.message}`);[0m
2025-04-16T15:03:17.6855026Z [36;1m          await fs.writeFile(path.join(runDir, 'error.txt'), `Error processing run: ${error.message}`);[0m
2025-04-16T15:03:17.6855410Z [36;1m        }[0m
2025-04-16T15:03:17.6855586Z [36;1m      }[0m
2025-04-16T15:03:17.6855759Z [36;1m    } catch (error) {[0m
2025-04-16T15:03:17.6856112Z [36;1m      console.error(`Error processing workflow ${workflow.id}: ${error.message}`);[0m
2025-04-16T15:03:17.6856615Z [36;1m    }[0m
2025-04-16T15:03:17.6856895Z [36;1m  }[0m
2025-04-16T15:03:17.6857060Z [36;1m  [0m
2025-04-16T15:03:17.6857230Z [36;1m  // Create summary file[0m
2025-04-16T15:03:17.6857725Z [36;1m  const summary = {[0m
2025-04-16T15:03:17.6857960Z [36;1m    timestamp: new Date().toISOString(),[0m
2025-04-16T15:03:17.6858270Z [36;1m    totalWorkflows: workflows.workflows.length,[0m
2025-04-16T15:03:17.6858610Z [36;1m    workflowSummary: workflows.workflows.map(w => ({[0m
2025-04-16T15:03:17.6858907Z [36;1m      name: w.name,[0m
2025-04-16T15:03:17.6859106Z [36;1m      id: w.id,[0m
2025-04-16T15:03:17.6859308Z [36;1m      path: w.path,[0m
2025-04-16T15:03:17.6859503Z [36;1m    })),[0m
2025-04-16T15:03:17.6859666Z [36;1m  };[0m
2025-04-16T15:03:17.6859828Z [36;1m  [0m
2025-04-16T15:03:17.6860125Z [36;1m  await fs.writeJson(path.join(logsDir, 'summary.json'), summary, { spaces: 2 });[0m
2025-04-16T15:03:17.6860552Z [36;1m  console.log('Workflow error logs sync completed');[0m
2025-04-16T15:03:17.6860839Z [36;1m}[0m
2025-04-16T15:03:17.6860997Z [36;1m[0m
2025-04-16T15:03:17.6861159Z [36;1mmain().catch(error => {[0m
2025-04-16T15:03:17.6861435Z [36;1m  console.error('Error in main process:', error);[0m
2025-04-16T15:03:17.6861713Z [36;1m  process.exit(1);[0m
2025-04-16T15:03:17.6861908Z [36;1m});[0m
2025-04-16T15:03:17.6862069Z [36;1mEOF[0m
2025-04-16T15:03:17.6862219Z [36;1m[0m
2025-04-16T15:03:17.6862398Z [36;1mnode fetch-workflow-logs.js[0m
2025-04-16T15:03:17.6912210Z shell: /usr/bin/bash -e {0}
2025-04-16T15:03:17.6912435Z env:
2025-04-16T15:03:17.6912600Z   CI: true
2025-04-16T15:03:17.6912958Z   GITHUB_TOKEN: ***
2025-04-16T15:03:17.6913161Z   REPO_OWNER: mrkurger
2025-04-16T15:03:17.6913372Z   REPO_NAME: date-night-app2
2025-04-16T15:03:17.6913586Z ##[endgroup]
2025-04-16T15:03:17.7775980Z Fetching workflow logs for mrkurger/date-night-app2
2025-04-16T15:03:18.0104841Z Processing workflow: Angular Tests (156396503)
2025-04-16T15:03:18.6352179Z Found 23 failed runs for Angular Tests
2025-04-16T15:03:19.2158923Z Saved logs for job e2e (22.x) (40663459721)
2025-04-16T15:03:19.3704181Z Saved logs for job test (22.x) (40663459733)
2025-04-16T15:03:19.9870803Z Saved logs for job e2e (22.x) (40662876861)
2025-04-16T15:03:20.1549722Z Saved logs for job test (22.x) (40662876876)
2025-04-16T15:03:20.5956898Z Saved logs for job e2e (22.x) (40662340818)
2025-04-16T15:03:20.7606145Z Saved logs for job test (22.x) (40662340822)
2025-04-16T15:03:21.3235377Z Saved logs for job test (22.x) (40660813802)
2025-04-16T15:03:21.6468149Z Saved logs for job e2e (22.x) (40660813807)
2025-04-16T15:03:22.2298449Z Saved logs for job e2e (22.x) (40659963795)
2025-04-16T15:03:22.3966421Z Saved logs for job test (22.x) (40659963797)
2025-04-16T15:03:22.5774263Z Saved logs for job lint (22.x) (40659963816)
2025-04-16T15:03:23.1531553Z Saved logs for job e2e (22.x) (40658470007)
2025-04-16T15:03:23.3178302Z Saved logs for job lint (22.x) (40658470023)
2025-04-16T15:03:23.4893818Z Saved logs for job test (22.x) (40658470025)
2025-04-16T15:03:24.0170375Z Saved logs for job test (22.x) (40656595432)
2025-04-16T15:03:24.1716109Z Saved logs for job e2e (22.x) (40656595450)
2025-04-16T15:03:24.3443005Z Saved logs for job lint (22.x) (40656595451)
2025-04-16T15:03:24.7317640Z Saved logs for job lint (22.x) (40648995689)
2025-04-16T15:03:24.8736829Z Saved logs for job e2e (22.x) (40648995690)
2025-04-16T15:03:25.0310513Z Saved logs for job test (22.x) (40648995699)
2025-04-16T15:03:25.5945453Z Saved logs for job test (22.x) (40648936041)
2025-04-16T15:03:25.7723156Z Saved logs for job lint (22.x) (40648936049)
2025-04-16T15:03:26.0211796Z Saved logs for job e2e (22.x) (40648936088)
2025-04-16T15:03:26.5708493Z Saved logs for job test (22.x) (40645363558)
2025-04-16T15:03:26.7599630Z Saved logs for job e2e (22.x) (40645363568)
2025-04-16T15:03:26.9380656Z Saved logs for job lint (22.x) (40645363582)
2025-04-16T15:03:27.4158860Z Saved logs for job test (22.x) (40642315715)
2025-04-16T15:03:27.5701498Z Saved logs for job e2e (22.x) (40642315733)
2025-04-16T15:03:27.7320745Z Saved logs for job lint (22.x) (40642315744)
2025-04-16T15:03:28.1463576Z Saved logs for job test (22.x) (40640408484)
2025-04-16T15:03:28.3282063Z Saved logs for job e2e (22.x) (40640408487)
2025-04-16T15:03:28.5019345Z Saved logs for job lint (22.x) (40640408495)
2025-04-16T15:03:28.8930616Z Saved logs for job test (22.x) (40639200761)
2025-04-16T15:03:29.0734493Z Saved logs for job e2e (22.x) (40639200762)
2025-04-16T15:03:29.2492417Z Saved logs for job lint (22.x) (40639200772)
2025-04-16T15:03:29.7951815Z Saved logs for job test (22.x) (40638434179)
2025-04-16T15:03:29.9825587Z Saved logs for job lint (22.x) (40638434180)
2025-04-16T15:03:30.1440492Z Saved logs for job e2e (22.x) (40638434197)
2025-04-16T15:03:30.5571267Z Saved logs for job test (22.x) (40638117917)
2025-04-16T15:03:30.7411059Z Saved logs for job e2e (22.x) (40638117918)
2025-04-16T15:03:30.9429131Z Saved logs for job lint (22.x) (40638117931)
2025-04-16T15:03:31.4860648Z Saved logs for job test (22.x) (40637222574)
2025-04-16T15:03:31.6583809Z Saved logs for job e2e (22.x) (40637222590)
2025-04-16T15:03:31.8507663Z Saved logs for job lint (22.x) (40637222627)
2025-04-16T15:03:32.3847942Z Saved logs for job e2e (22.x) (40636317713)
2025-04-16T15:03:32.5240430Z Saved logs for job test (22.x) (40636317717)
2025-04-16T15:03:32.6948261Z Saved logs for job lint (22.x) (40636317718)
2025-04-16T15:03:33.2400040Z Saved logs for job test (22.x) (40635520017)
2025-04-16T15:03:33.4097696Z Saved logs for job e2e (22.x) (40635520024)
2025-04-16T15:03:33.6087860Z Saved logs for job lint (22.x) (40635520025)
2025-04-16T15:03:34.2244307Z Saved logs for job e2e (22.x) (40631138588)
2025-04-16T15:03:34.4588671Z Saved logs for job test (22.x) (40631138593)
2025-04-16T15:03:34.8542796Z Saved logs for job test (22.x) (40628452555)
2025-04-16T15:03:35.0437020Z Saved logs for job e2e (22.x) (40628452573)
2025-04-16T15:03:35.6140000Z Saved logs for job test (22.x) (40625114143)
2025-04-16T15:03:35.7921551Z Saved logs for job e2e (22.x) (40625114153)
2025-04-16T15:03:36.3145478Z Saved logs for job e2e (22.x) (40623556700)
2025-04-16T15:03:36.4701824Z Saved logs for job test (22.x) (40623556710)
2025-04-16T15:03:37.0427574Z Saved logs for job e2e (22.x) (40623232672)
2025-04-16T15:03:37.2205040Z Saved logs for job test (22.x) (40623232677)
2025-04-16T15:03:37.2207947Z Processing workflow: Security Alerts Report (Alternative) (156517337)
2025-04-16T15:03:37.3373506Z Found 0 failed runs for Security Alerts Report (Alternative)
2025-04-16T15:03:37.3375859Z Processing workflow: Security Alerts Report (156511788)
2025-04-16T15:03:37.5558308Z Found 1 failed runs for Security Alerts Report
2025-04-16T15:03:38.0453169Z Saved logs for job generate-report (40657820058)
2025-04-16T15:03:38.0455286Z Processing workflow: Server Tests (156396504)
2025-04-16T15:03:38.2992167Z Found 7 failed runs for Server Tests
2025-04-16T15:03:38.6749508Z Saved logs for job test (22.x) (40663459741)
2025-04-16T15:03:39.1780575Z Saved logs for job test (22.x) (40659963757)
2025-04-16T15:03:39.3468660Z Saved logs for job lint (22.x) (40659963777)
2025-04-16T15:03:39.8476251Z Saved logs for job lint (22.x) (40656595380)
2025-04-16T15:03:40.0662017Z Saved logs for job test (22.x) (40656595382)
2025-04-16T15:03:40.6423541Z Saved logs for job test (22.x) (40648936051)
2025-04-16T15:03:40.8590489Z Saved logs for job lint (22.x) (40648936076)
2025-04-16T15:03:41.3476777Z Saved logs for job lint (22.x) (40636317715)
2025-04-16T15:03:41.5229456Z Saved logs for job test (22.x) (40636317724)
2025-04-16T15:03:41.9141413Z Saved logs for job lint (22.x) (40636157199)
2025-04-16T15:03:42.0929449Z Saved logs for job test (22.x) (40636157200)
2025-04-16T15:03:42.6747877Z Saved logs for job test (22.x) (40631138589)
2025-04-16T15:03:42.6749225Z Processing workflow: Sync GitHub Insights (Alternative) (156517338)
2025-04-16T15:03:42.8600890Z Found 0 failed runs for Sync GitHub Insights (Alternative)
2025-04-16T15:03:42.8602703Z Processing workflow: Sync GitHub Insights (Fixed) (156518590)
2025-04-16T15:03:43.0370459Z Found 0 failed runs for Sync GitHub Insights (Fixed)
2025-04-16T15:03:43.0375182Z Processing workflow: Sync GitHub Insights (156511789)
2025-04-16T15:03:43.3573526Z Found 3 failed runs for Sync GitHub Insights
2025-04-16T15:03:43.9838576Z Saved logs for job sync-insights (40658529730)
2025-04-16T15:03:44.7159145Z Saved logs for job sync-insights (40657800158)
2025-04-16T15:03:45.1916923Z Saved logs for job sync-insights (40656793753)
2025-04-16T15:03:45.1918351Z Processing workflow: Sync Test Reports (156511790)
2025-04-16T15:03:45.6185198Z Found 2 failed runs for Sync Test Reports
2025-04-16T15:03:46.2972511Z Saved logs for job sync-reports (40656664593)
2025-04-16T15:03:46.7235749Z Saved logs for job sync-reports (40656644372)
2025-04-16T15:03:46.7237706Z Processing workflow: Sync Workflow Error Logs (156531139)
2025-04-16T15:03:47.1042597Z Found 5 failed runs for Sync Workflow Error Logs
2025-04-16T15:03:47.4089517Z Saved logs for job sync-error-logs (40663640084)
2025-04-16T15:03:47.8525872Z Saved logs for job sync-error-logs (40663610469)
2025-04-16T15:03:48.2742734Z Saved logs for job sync-error-logs (40663581882)
2025-04-16T15:03:48.7136071Z Saved logs for job sync-error-logs (40663556539)
2025-04-16T15:03:49.2111354Z Saved logs for job sync-error-logs (40663029643)
2025-04-16T15:03:49.2112646Z Processing workflow: Sync Workflow Error Logs (Robust) (156532769)
2025-04-16T15:03:49.8067703Z Found 5 failed runs for Sync Workflow Error Logs (Robust)
2025-04-16T15:03:50.1401695Z Saved logs for job sync-error-logs (40663640193)
2025-04-16T15:03:50.4782333Z Saved logs for job sync-error-logs (40663610483)
2025-04-16T15:03:50.7967244Z Saved logs for job sync-error-logs (40663581813)
2025-04-16T15:03:51.3075936Z Saved logs for job sync-error-logs (40663556527)
2025-04-16T15:03:51.6232069Z Saved logs for job sync-error-logs (40663489150)
2025-04-16T15:03:51.6233405Z Processing workflow: Sync Workflow Error Logs (156529457)
2025-04-16T15:03:52.1240448Z Found 10 failed runs for Sync Workflow Error Logs
2025-04-16T15:03:52.6184851Z Saved logs for job sync-error-logs (40663704422)
2025-04-16T15:03:53.1033130Z Saved logs for job sync-error-logs (40663657651)
2025-04-16T15:03:53.4542682Z Saved logs for job sync-error-logs (40663640395)
2025-04-16T15:03:53.8725730Z Saved logs for job sync-error-logs (40663610514)
2025-04-16T15:03:54.2338703Z Saved logs for job sync-error-logs (40663581717)
2025-04-16T15:03:54.6706077Z Saved logs for job sync-error-logs (40663556577)
2025-04-16T15:03:55.0696988Z Saved logs for job sync-error-logs (40663029928)
2025-04-16T15:03:55.5636851Z Saved logs for job sync-error-logs (40662993597)
2025-04-16T15:03:55.9331654Z Saved logs for job sync-error-logs (40662475242)
2025-04-16T15:03:56.4159320Z Saved logs for job sync-error-logs (40662446363)
2025-04-16T15:03:56.4160396Z Processing workflow: Dependabot Updates (153911032)
2025-04-16T15:03:57.3828183Z Found 15 failed runs for Dependabot Updates
2025-04-16T15:03:57.8403748Z Saved logs for job Dependabot (40657560162)
2025-04-16T15:03:58.3325277Z Saved logs for job Dependabot (40657559762)
2025-04-16T15:03:58.9091673Z Saved logs for job Dependabot (40657410431)
2025-04-16T15:03:59.3588808Z Saved logs for job Dependabot (40657409984)
2025-04-16T15:03:59.9184918Z Saved logs for job Dependabot (40656602439)
2025-04-16T15:04:00.5599803Z Saved logs for job Dependabot (40656599224)
2025-04-16T15:04:01.0825027Z Saved logs for job Dependabot (40656599232)
2025-04-16T15:04:01.5992531Z Saved logs for job Dependabot (40648953960)
2025-04-16T15:04:01.9648604Z Saved logs for job Dependabot (40636173412)
2025-04-16T15:04:02.4596936Z Saved logs for job Dependabot (40635535253)
2025-04-16T15:04:02.7781477Z Saved logs for job Dependabot (40620670121)
2025-04-16T15:04:03.3823538Z Saved logs for job Dependabot (40620661666)
2025-04-16T15:04:03.9959356Z Saved logs for job Dependabot (40615377452)
2025-04-16T15:04:04.5436910Z Saved logs for job Dependabot (40615364053)
2025-04-16T15:04:04.9937178Z Saved logs for job Dependabot (40405591413)
2025-04-16T15:04:04.9940760Z Workflow error logs sync completed
2025-04-16T15:04:05.0063481Z ##[group]Run cat > workflow-error-logs/README.md << 'EOF'
2025-04-16T15:04:05.0064205Z [36;1mcat > workflow-error-logs/README.md << 'EOF'[0m
2025-04-16T15:04:05.0064683Z [36;1m# Workflow Error Logs[0m
2025-04-16T15:04:05.0065063Z [36;1m[0m
2025-04-16T15:04:05.0065994Z [36;1mThis directory contains logs from failed GitHub Actions workflow runs. These logs are automatically collected by the "Sync Workflow Error Logs" workflow.[0m
2025-04-16T15:04:05.0067041Z [36;1m[0m
2025-04-16T15:04:05.0067860Z [36;1m## Directory Structure[0m
2025-04-16T15:04:05.0068230Z [36;1m[0m
2025-04-16T15:04:05.0068495Z [36;1m```[0m
2025-04-16T15:04:05.0068800Z [36;1mworkflow-error-logs/[0m
2025-04-16T15:04:05.0069250Z [36;1m├── {workflow-name}/[0m
2025-04-16T15:04:05.0069624Z [36;1m│   ├── {date}_{run-id}/[0m
2025-04-16T15:04:05.0070064Z [36;1m│   │   ├── metadata.json       # Run metadata[0m
2025-04-16T15:04:05.0070591Z [36;1m│   │   ├── jobs.json           # Jobs metadata[0m
2025-04-16T15:04:05.0071099Z [36;1m│   │   ├── {job-name}/[0m
2025-04-16T15:04:05.0071541Z [36;1m│   │   │   ├── job-metadata.json  # Job metadata[0m
2025-04-16T15:04:05.0072042Z [36;1m│   │   │   └── logs.txt           # Job logs[0m
2025-04-16T15:04:05.0072468Z [36;1m│   │   └── ...[0m
2025-04-16T15:04:05.0072792Z [36;1m│   └── ...[0m
2025-04-16T15:04:05.0073101Z [36;1m└── ...[0m
2025-04-16T15:04:05.0073387Z [36;1m```[0m
2025-04-16T15:04:05.0073666Z [36;1m[0m
2025-04-16T15:04:05.0073947Z [36;1m## Using These Logs[0m
2025-04-16T15:04:05.0074304Z [36;1m[0m
2025-04-16T15:04:05.0075223Z [36;1mThese logs can be used to diagnose and fix issues with GitHub Actions workflows. Look for error messages, failed steps, and other indicators of problems.[0m
2025-04-16T15:04:05.0076257Z [36;1m[0m
2025-04-16T15:04:05.0076554Z [36;1m## Automatic Collection[0m
2025-04-16T15:04:05.0076959Z [36;1m[0m
2025-04-16T15:04:05.0077239Z [36;1mLogs are collected:[0m
2025-04-16T15:04:05.0077904Z [36;1m- After any workflow completes[0m
2025-04-16T15:04:05.0078368Z [36;1m- Every 6 hours via scheduled run[0m
2025-04-16T15:04:05.0078822Z [36;1m- Manually via workflow dispatch[0m
2025-04-16T15:04:05.0079232Z [36;1m[0m
2025-04-16T15:04:05.0079505Z [36;1m## Retention[0m
2025-04-16T15:04:05.0079817Z [36;1m[0m
2025-04-16T15:04:05.0080179Z [36;1mOnly logs from the past 30 days are collected.[0m
2025-04-16T15:04:05.0080640Z [36;1mEOF[0m
2025-04-16T15:04:05.0148020Z shell: /usr/bin/bash -e {0}
2025-04-16T15:04:05.0148380Z env:
2025-04-16T15:04:05.0148646Z   CI: true
2025-04-16T15:04:05.0148915Z ##[endgroup]
2025-04-16T15:04:05.0311777Z ##[group]Run git config --local user.email "action@github.com"
2025-04-16T15:04:05.0312505Z [36;1mgit config --local user.email "action@github.com"[0m
2025-04-16T15:04:05.0313101Z [36;1mgit config --local user.name "GitHub Action"[0m
2025-04-16T15:04:05.0313583Z [36;1m[0m
2025-04-16T15:04:05.0314517Z [36;1m# Pull the latest changes with rebase strategy to avoid merge commits[0m
2025-04-16T15:04:05.0315203Z [36;1mgit pull --rebase origin main[0m
2025-04-16T15:04:05.0315621Z [36;1m[0m
2025-04-16T15:04:05.0315935Z [36;1mgit add workflow-error-logs[0m
2025-04-16T15:04:05.0316319Z [36;1m[0m
2025-04-16T15:04:05.0316631Z [36;1m# Only commit if there are changes[0m
2025-04-16T15:04:05.0317091Z [36;1mif git diff --staged --quiet; then[0m
2025-04-16T15:04:05.0317802Z [36;1m  echo "No changes to commit"[0m
2025-04-16T15:04:05.0318190Z [36;1melse[0m
2025-04-16T15:04:05.0318606Z [36;1m  git commit -m "Update workflow error logs [skip ci]"[0m
2025-04-16T15:04:05.0319160Z [36;1m  git push[0m
2025-04-16T15:04:05.0319471Z [36;1mfi[0m
2025-04-16T15:04:05.0385918Z shell: /usr/bin/bash -e {0}
2025-04-16T15:04:05.0386297Z env:
2025-04-16T15:04:05.0386568Z   CI: true
2025-04-16T15:04:05.0386845Z ##[endgroup]
2025-04-16T15:04:05.5494604Z error: cannot pull with rebase: You have unstaged changes.
2025-04-16T15:04:05.5505491Z error: Please commit or stash them.
2025-04-16T15:04:05.5515302Z ##[error]Process completed with exit code 128.
2025-04-16T15:04:05.5606008Z Post job cleanup.
2025-04-16T15:04:05.6603034Z [command]/usr/bin/git version
2025-04-16T15:04:05.6645310Z git version 2.49.0
2025-04-16T15:04:05.6692338Z Temporarily overriding HOME='/home/runner/work/_temp/5b2d620b-0413-4f62-b878-5a595b49d766' before making global git config changes
2025-04-16T15:04:05.6695770Z Adding repository directory to the temporary git global config as a safe directory
2025-04-16T15:04:05.6710636Z [command]/usr/bin/git config --global --add safe.directory /home/runner/work/date-night-app2/date-night-app2
2025-04-16T15:04:05.6750415Z [command]/usr/bin/git config --local --name-only --get-regexp core\.sshCommand
2025-04-16T15:04:05.6789754Z [command]/usr/bin/git submodule foreach --recursive sh -c "git config --local --name-only --get-regexp 'core\.sshCommand' && git config --local --unset-all 'core.sshCommand' || :"
2025-04-16T15:04:05.7043976Z [command]/usr/bin/git config --local --name-only --get-regexp http\.https\:\/\/github\.com\/\.extraheader
2025-04-16T15:04:05.7069905Z http.https://github.com/.extraheader
2025-04-16T15:04:05.7085719Z [command]/usr/bin/git config --local --unset-all http.https://github.com/.extraheader
2025-04-16T15:04:05.7121700Z [command]/usr/bin/git submodule foreach --recursive sh -c "git config --local --name-only --get-regexp 'http\.https\:\/\/github\.com\/\.extraheader' && git config --local --unset-all 'http.https://github.com/.extraheader' || :"
2025-04-16T15:04:05.7475401Z Cleaning up orphan processes
