2025-04-16T15:02:43.8892355Z Current runner version: '2.323.0'
2025-04-16T15:02:43.8933630Z ##[group]Operating System
2025-04-16T15:02:43.8934871Z Ubuntu
2025-04-16T15:02:43.8935654Z 24.04.2
2025-04-16T15:02:43.8936615Z LTS
2025-04-16T15:02:43.8937429Z ##[endgroup]
2025-04-16T15:02:43.8939002Z ##[group]Runner Image
2025-04-16T15:02:43.8940119Z Image: ubuntu-24.04
2025-04-16T15:02:43.8940893Z Version: 20250413.1.0
2025-04-16T15:02:43.8942644Z Included Software: https://github.com/actions/runner-images/blob/ubuntu24/20250413.1/images/ubuntu/Ubuntu2404-Readme.md
2025-04-16T15:02:43.8945086Z Image Release: https://github.com/actions/runner-images/releases/tag/ubuntu24%2F20250413.1
2025-04-16T15:02:43.8946713Z ##[endgroup]
2025-04-16T15:02:43.8947605Z ##[group]Runner Image Provisioner
2025-04-16T15:02:43.8948750Z 2.0.422.1
2025-04-16T15:02:43.8949817Z ##[endgroup]
2025-04-16T15:02:43.8951591Z ##[group]GITHUB_TOKEN Permissions
2025-04-16T15:02:43.8954779Z Actions: read
2025-04-16T15:02:43.8955734Z Contents: write
2025-04-16T15:02:43.8956975Z Metadata: read
2025-04-16T15:02:43.8957896Z ##[endgroup]
2025-04-16T15:02:43.8961473Z Secret source: Actions
2025-04-16T15:02:43.8962787Z Prepare workflow directory
2025-04-16T15:02:43.9573944Z Prepare all required actions
2025-04-16T15:02:43.9629772Z Getting action download info
2025-04-16T15:02:44.3961002Z ##[group]Download immutable action package 'actions/checkout@v4'
2025-04-16T15:02:44.3962089Z Version: 4.2.2
2025-04-16T15:02:44.3963165Z Digest: sha256:ccb2698953eaebd21c7bf6268a94f9c26518a7e38e27e0b83c1fe1ad049819b1
2025-04-16T15:02:44.3964439Z Source commit SHA: 11bd71901bbe5b1630ceea73d27597364c9af683
2025-04-16T15:02:44.3965166Z ##[endgroup]
2025-04-16T15:02:44.4941763Z ##[group]Download immutable action package 'actions/setup-node@v4'
2025-04-16T15:02:44.4942635Z Version: 4.4.0
2025-04-16T15:02:44.4943569Z Digest: sha256:9427cefe82346e992fb5b949e3569b39d537ae41aa3086483b14eceebfc16bc1
2025-04-16T15:02:44.4944670Z Source commit SHA: 49933ea5288caeca8642d1e84afbd3f7d6820020
2025-04-16T15:02:44.4945412Z ##[endgroup]
2025-04-16T15:02:44.7851335Z Complete job name: sync-error-logs
2025-04-16T15:02:44.8514626Z ##[group]Run actions/checkout@v4
2025-04-16T15:02:44.8515521Z with:
2025-04-16T15:02:44.8515936Z   fetch-depth: 0
2025-04-16T15:02:44.8516413Z   repository: mrkurger/date-night-app2
2025-04-16T15:02:44.8517147Z   token: ***
2025-04-16T15:02:44.8517563Z   ssh-strict: true
2025-04-16T15:02:44.8517994Z   ssh-user: git
2025-04-16T15:02:44.8518437Z   persist-credentials: true
2025-04-16T15:02:44.8519251Z   clean: true
2025-04-16T15:02:44.8519743Z   sparse-checkout-cone-mode: true
2025-04-16T15:02:44.8520278Z   fetch-tags: false
2025-04-16T15:02:44.8520713Z   show-progress: true
2025-04-16T15:02:44.8521142Z   lfs: false
2025-04-16T15:02:44.8521615Z   submodules: false
2025-04-16T15:02:44.8522087Z   set-safe-directory: true
2025-04-16T15:02:44.8522863Z env:
2025-04-16T15:02:44.8523256Z   CI: true
2025-04-16T15:02:44.8523643Z ##[endgroup]
2025-04-16T15:02:45.1605764Z Syncing repository: mrkurger/date-night-app2
2025-04-16T15:02:45.1608628Z ##[group]Getting Git version info
2025-04-16T15:02:45.1610373Z Working directory is '/home/runner/work/date-night-app2/date-night-app2'
2025-04-16T15:02:45.1612296Z [command]/usr/bin/git version
2025-04-16T15:02:45.1613271Z git version 2.49.0
2025-04-16T15:02:45.1616290Z ##[endgroup]
2025-04-16T15:02:45.1623198Z Temporarily overriding HOME='/home/runner/work/_temp/a001450e-f54a-4095-8f31-9565eeec5689' before making global git config changes
2025-04-16T15:02:45.1625703Z Adding repository directory to the temporary git global config as a safe directory
2025-04-16T15:02:45.1627834Z [command]/usr/bin/git config --global --add safe.directory /home/runner/work/date-night-app2/date-night-app2
2025-04-16T15:02:45.1631448Z Deleting the contents of '/home/runner/work/date-night-app2/date-night-app2'
2025-04-16T15:02:45.1633532Z ##[group]Initializing the repository
2025-04-16T15:02:45.1634945Z [command]/usr/bin/git init /home/runner/work/date-night-app2/date-night-app2
2025-04-16T15:02:45.1637147Z hint: Using 'master' as the name for the initial branch. This default branch name
2025-04-16T15:02:45.1639239Z hint: is subject to change. To configure the initial branch name to use in all
2025-04-16T15:02:45.1640983Z hint: of your new repositories, which will suppress this warning, call:
2025-04-16T15:02:45.1642306Z hint:
2025-04-16T15:02:45.1643229Z hint: 	git config --global init.defaultBranch <name>
2025-04-16T15:02:45.1644379Z hint:
2025-04-16T15:02:45.1645472Z hint: Names commonly chosen instead of 'master' are 'main', 'trunk' and
2025-04-16T15:02:45.1647262Z hint: 'development'. The just-created branch can be renamed via this command:
2025-04-16T15:02:45.1648601Z hint:
2025-04-16T15:02:45.1649532Z hint: 	git branch -m <name>
2025-04-16T15:02:45.1650932Z Initialized empty Git repository in /home/runner/work/date-night-app2/date-night-app2/.git/
2025-04-16T15:02:45.1654243Z [command]/usr/bin/git remote add origin https://github.com/mrkurger/date-night-app2
2025-04-16T15:02:45.1657399Z ##[endgroup]
2025-04-16T15:02:45.1658985Z ##[group]Disabling automatic garbage collection
2025-04-16T15:02:45.1660349Z [command]/usr/bin/git config --local gc.auto 0
2025-04-16T15:02:45.1663089Z ##[endgroup]
2025-04-16T15:02:45.1664454Z ##[group]Setting up auth
2025-04-16T15:02:45.1665789Z [command]/usr/bin/git config --local --name-only --get-regexp core\.sshCommand
2025-04-16T15:02:45.1669735Z [command]/usr/bin/git submodule foreach --recursive sh -c "git config --local --name-only --get-regexp 'core\.sshCommand' && git config --local --unset-all 'core.sshCommand' || :"
2025-04-16T15:02:45.1682528Z [command]/usr/bin/git config --local --name-only --get-regexp http\.https\:\/\/github\.com\/\.extraheader
2025-04-16T15:02:45.1687058Z [command]/usr/bin/git submodule foreach --recursive sh -c "git config --local --name-only --get-regexp 'http\.https\:\/\/github\.com\/\.extraheader' && git config --local --unset-all 'http.https://github.com/.extraheader' || :"
2025-04-16T15:02:45.2029549Z [command]/usr/bin/git config --local http.https://github.com/.extraheader AUTHORIZATION: basic ***
2025-04-16T15:02:45.2033243Z ##[endgroup]
2025-04-16T15:02:45.2035537Z ##[group]Fetching the repository
2025-04-16T15:02:45.2039142Z [command]/usr/bin/git -c protocol.version=2 fetch --prune --no-recurse-submodules origin +refs/heads/*:refs/remotes/origin/* +refs/tags/*:refs/tags/*
2025-04-16T15:02:53.6873934Z From https://github.com/mrkurger/date-night-app2
2025-04-16T15:02:53.6882163Z  * [new branch]      dependabot/github_actions/dawidd6/action-download-artifact-9 -> origin/dependabot/github_actions/dawidd6/action-download-artifact-9
2025-04-16T15:02:53.6883913Z  * [new branch]      dependabot/npm_and_yarn/server/multi-94fa72f662 -> origin/dependabot/npm_and_yarn/server/multi-94fa72f662
2025-04-16T15:02:53.6884876Z  * [new branch]      main       -> origin/main
2025-04-16T15:02:53.6922614Z [command]/usr/bin/git branch --list --remote origin/main
2025-04-16T15:02:53.6947507Z   origin/main
2025-04-16T15:02:53.6959032Z [command]/usr/bin/git rev-parse refs/remotes/origin/main
2025-04-16T15:02:53.6981221Z b7b02b02b67d186f71e3b6a43ebe9f432064fd3a
2025-04-16T15:02:53.6988721Z ##[endgroup]
2025-04-16T15:02:53.6997356Z ##[group]Determining the checkout info
2025-04-16T15:02:53.6998324Z ##[endgroup]
2025-04-16T15:02:53.6999054Z [command]/usr/bin/git sparse-checkout disable
2025-04-16T15:02:53.7038233Z [command]/usr/bin/git config --local --unset-all extensions.worktreeConfig
2025-04-16T15:02:53.7068080Z ##[group]Checking out the ref
2025-04-16T15:02:53.7072120Z [command]/usr/bin/git checkout --progress --force -B main refs/remotes/origin/main
2025-04-16T15:02:54.0873865Z Switched to a new branch 'main'
2025-04-16T15:02:54.0874442Z branch 'main' set up to track 'origin/main'.
2025-04-16T15:02:54.0905608Z ##[endgroup]
2025-04-16T15:02:54.0970766Z [command]/usr/bin/git log -1 --format=%H
2025-04-16T15:02:54.1012317Z b7b02b02b67d186f71e3b6a43ebe9f432064fd3a
2025-04-16T15:02:54.1254546Z ##[group]Run actions/setup-node@v4
2025-04-16T15:02:54.1254825Z with:
2025-04-16T15:02:54.1255251Z   node-version: 22.x
2025-04-16T15:02:54.1255447Z   always-auth: false
2025-04-16T15:02:54.1255644Z   check-latest: false
2025-04-16T15:02:54.1255962Z   token: ***
2025-04-16T15:02:54.1256136Z env:
2025-04-16T15:02:54.1256300Z   CI: true
2025-04-16T15:02:54.1256464Z ##[endgroup]
2025-04-16T15:02:54.3027860Z Found in cache @ /opt/hostedtoolcache/node/22.14.0/x64
2025-04-16T15:02:54.3031379Z ##[group]Environment details
2025-04-16T15:02:59.4867801Z node: v22.14.0
2025-04-16T15:02:59.4870887Z npm: 10.9.2
2025-04-16T15:02:59.4871221Z yarn: 1.22.22
2025-04-16T15:02:59.4872337Z ##[endgroup]
2025-04-16T15:02:59.4990122Z ##[group]Run npm install @octokit/rest@19.0.13 fs-extra@11.2.0
2025-04-16T15:02:59.4990593Z [36;1mnpm install @octokit/rest@19.0.13 fs-extra@11.2.0[0m
2025-04-16T15:02:59.5044142Z shell: /usr/bin/bash -e {0}
2025-04-16T15:02:59.5044388Z env:
2025-04-16T15:02:59.5044556Z   CI: true
2025-04-16T15:02:59.5044732Z ##[endgroup]
2025-04-16T15:03:06.7429036Z npm warn deprecated xss-clean@0.1.4: Package no longer supported. Contact Support at https://www.npmjs.com/support for more info.
2025-04-16T15:03:07.9325018Z npm warn deprecated rimraf@3.0.2: Rimraf versions prior to v4 are no longer supported
2025-04-16T15:03:08.3660941Z npm warn deprecated passport-reddit@1.1.0: While functionally complete, this library will not be receiving any updates going forwards. Users are actively discouraged from using OAuth2 for authentication. See archival notice on github for more details.
2025-04-16T15:03:08.6335835Z npm warn deprecated npmlog@5.0.1: This package is no longer supported.
2025-04-16T15:03:08.7762997Z npm warn deprecated superagent@8.1.2: Please upgrade to v9.0.0+ as we have fixed a public vulnerability with formidable dependency. Note that v9.0.0+ requires Node.js v14.18.0+. See https://github.com/ladjs/superagent/pull/1800 for insight. This project is supported and maintained by the team at Forward Email @ https://forwardemail.net
2025-04-16T15:03:09.4988214Z npm warn deprecated inflight@1.0.6: This module is not supported, and leaks memory. Do not use it. Check out lru-cache if you want a good and tested way to coalesce async requests by a key value, which is much more comprehensive and powerful.
2025-04-16T15:03:09.7160535Z npm warn deprecated glob@7.2.3: Glob versions prior to v9 are no longer supported
2025-04-16T15:03:10.0586321Z npm warn deprecated gauge@3.0.2: This package is no longer supported.
2025-04-16T15:03:10.4057130Z npm warn deprecated domexception@4.0.0: Use your platform's native DOMException instead
2025-04-16T15:03:11.1828295Z npm warn deprecated are-we-there-yet@2.0.0: This package is no longer supported.
2025-04-16T15:03:11.2439936Z npm warn deprecated abab@2.0.6: Use your platform's native atob() and btoa() methods instead
2025-04-16T15:03:12.5720663Z npm warn deprecated @humanwhocodes/config-array@0.11.14: Use @eslint/config-array instead
2025-04-16T15:03:12.5730928Z npm warn deprecated @humanwhocodes/object-schema@2.0.3: Use @eslint/object-schema instead
2025-04-16T15:03:21.1696318Z npm warn deprecated eslint@8.56.0: This version is no longer supported. Please see https://eslint.org/version-support for other options.
2025-04-16T15:03:21.1743387Z npm warn deprecated eslint@8.56.0: This version is no longer supported. Please see https://eslint.org/version-support for other options.
2025-04-16T15:03:44.2905557Z 
2025-04-16T15:03:44.2906733Z added 1914 packages, and audited 1917 packages in 45s
2025-04-16T15:03:44.2907498Z 
2025-04-16T15:03:44.2908032Z 354 packages are looking for funding
2025-04-16T15:03:44.2909046Z   run `npm fund` for details
2025-04-16T15:03:44.3078373Z 
2025-04-16T15:03:44.3079786Z 9 moderate severity vulnerabilities
2025-04-16T15:03:44.3080657Z 
2025-04-16T15:03:44.3081246Z To address issues that do not require attention, run:
2025-04-16T15:03:44.3082059Z   npm audit fix
2025-04-16T15:03:44.3083708Z 
2025-04-16T15:03:44.3084174Z To address all issues (including breaking changes), run:
2025-04-16T15:03:44.3084775Z   npm audit fix --force
2025-04-16T15:03:44.3085437Z 
2025-04-16T15:03:44.3085680Z Run `npm audit` for details.
2025-04-16T15:03:44.3935743Z ##[group]Run cat > fetch-workflow-logs.js << 'EOF'
2025-04-16T15:03:44.3936568Z [36;1mcat > fetch-workflow-logs.js << 'EOF'[0m
2025-04-16T15:03:44.3936891Z [36;1mconst { Octokit } = require('@octokit/rest');[0m
2025-04-16T15:03:44.3937203Z [36;1mconst fs = require('fs-extra');[0m
2025-04-16T15:03:44.3937478Z [36;1mconst path = require('path');[0m
2025-04-16T15:03:44.3937744Z [36;1m[0m
2025-04-16T15:03:44.3937934Z [36;1masync function main() {[0m
2025-04-16T15:03:44.3938206Z [36;1m  const owner = process.env.REPO_OWNER;[0m
2025-04-16T15:03:44.3938505Z [36;1m  const repo = process.env.REPO_NAME;[0m
2025-04-16T15:03:44.3939120Z [36;1m  const logsDir = path.join('workflow-error-logs');[0m
2025-04-16T15:03:44.3939459Z [36;1m  [0m
2025-04-16T15:03:44.3939720Z [36;1m  console.log(`Fetching workflow logs for ${owner}/${repo}`);[0m
2025-04-16T15:03:44.3940040Z [36;1m  [0m
2025-04-16T15:03:44.3940268Z [36;1m  // Create logs directory if it doesn't exist[0m
2025-04-16T15:03:44.3940591Z [36;1m  await fs.ensureDir(logsDir);[0m
2025-04-16T15:03:44.3940829Z [36;1m  [0m
2025-04-16T15:03:44.3941006Z [36;1m  const octokit = new Octokit({[0m
2025-04-16T15:03:44.3941272Z [36;1m    auth: process.env.GITHUB_TOKEN,[0m
2025-04-16T15:03:44.3941526Z [36;1m    request: {[0m
2025-04-16T15:03:44.3941725Z [36;1m      retries: 3,[0m
2025-04-16T15:03:44.3941937Z [36;1m      retryAfter: 1[0m
2025-04-16T15:03:44.3942135Z [36;1m    }[0m
2025-04-16T15:03:44.3942306Z [36;1m  });[0m
2025-04-16T15:03:44.3942465Z [36;1m  [0m
2025-04-16T15:03:44.3942650Z [36;1m  // Get all workflows[0m
2025-04-16T15:03:44.3942979Z [36;1m  const { data: workflows } = await octokit.actions.listRepoWorkflows({[0m
2025-04-16T15:03:44.3943331Z [36;1m    owner,[0m
2025-04-16T15:03:44.3943515Z [36;1m    repo,[0m
2025-04-16T15:03:44.3943690Z [36;1m  });[0m
2025-04-16T15:03:44.3943859Z [36;1m  [0m
2025-04-16T15:03:44.3944059Z [36;1m  // Get recent workflow runs (last 30 days)[0m
2025-04-16T15:03:44.3944350Z [36;1m  const thirtyDaysAgo = new Date();[0m
2025-04-16T15:03:44.3944676Z [36;1m  thirtyDaysAgo.setDate(thirtyDaysAgo.getDate() - 30);[0m
2025-04-16T15:03:44.3944980Z [36;1m  [0m
2025-04-16T15:03:44.3945190Z [36;1m  for (const workflow of workflows.workflows) {[0m
2025-04-16T15:03:44.3945586Z [36;1m    console.log(`Processing workflow: ${workflow.name} (${workflow.id})`);[0m
2025-04-16T15:03:44.3945938Z [36;1m    [0m
2025-04-16T15:03:44.3946106Z [36;1m    try {[0m
2025-04-16T15:03:44.3946384Z [36;1m      const { data: runs } = await octokit.actions.listWorkflowRuns({[0m
2025-04-16T15:03:44.3946705Z [36;1m        owner,[0m
2025-04-16T15:03:44.3946907Z [36;1m        repo,[0m
2025-04-16T15:03:44.3947117Z [36;1m        workflow_id: workflow.id,[0m
2025-04-16T15:03:44.3947440Z [36;1m        created: `>=${thirtyDaysAgo.toISOString().split('T')[0]}`,[0m
2025-04-16T15:03:44.3947750Z [36;1m      });[0m
2025-04-16T15:03:44.3947926Z [36;1m      [0m
2025-04-16T15:03:44.3948122Z [36;1m      // Process failed runs[0m
2025-04-16T15:03:44.3948421Z [36;1m      const failedRuns = runs.workflow_runs.filter(run => [0m
2025-04-16T15:03:44.3949073Z [36;1m        run.conclusion === 'failure' || run.conclusion === 'cancelled' || run.conclusion === 'timed_out'[0m
2025-04-16T15:03:44.3949483Z [36;1m      );[0m
2025-04-16T15:03:44.3949667Z [36;1m      [0m
2025-04-16T15:03:44.3949995Z [36;1m      console.log(`Found ${failedRuns.length} failed runs for ${workflow.name}`);[0m
2025-04-16T15:03:44.3950365Z [36;1m      [0m
2025-04-16T15:03:44.3950569Z [36;1m      for (const run of failedRuns) {[0m
2025-04-16T15:03:44.3950930Z [36;1m        const runDate = new Date(run.created_at).toISOString().split('T')[0];[0m
2025-04-16T15:03:44.3951480Z [36;1m        const workflowDir = path.join(logsDir, workflow.name.replace(/[^a-zA-Z0-9]/g, '-').toLowerCase());[0m
2025-04-16T15:03:44.3952019Z [36;1m        const runDir = path.join(workflowDir, `${runDate}_${run.id}`);[0m
2025-04-16T15:03:44.3952750Z [36;1m        [0m
2025-04-16T15:03:44.3952994Z [36;1m        await fs.ensureDir(runDir);[0m
2025-04-16T15:03:44.3953236Z [36;1m        [0m
2025-04-16T15:03:44.3953426Z [36;1m        // Save run metadata[0m
2025-04-16T15:03:44.3953789Z [36;1m        await fs.writeJson(path.join(runDir, 'metadata.json'), run, { spaces: 2 });[0m
2025-04-16T15:03:44.3954142Z [36;1m        [0m
2025-04-16T15:03:44.3954320Z [36;1m        try {[0m
2025-04-16T15:03:44.3954529Z [36;1m          // Get jobs for this run[0m
2025-04-16T15:03:44.3954886Z [36;1m          const { data: jobs } = await octokit.actions.listJobsForWorkflowRun({[0m
2025-04-16T15:03:44.3955233Z [36;1m            owner,[0m
2025-04-16T15:03:44.3955444Z [36;1m            repo,[0m
2025-04-16T15:03:44.3955656Z [36;1m            run_id: run.id,[0m
2025-04-16T15:03:44.3955877Z [36;1m          });[0m
2025-04-16T15:03:44.3956067Z [36;1m          [0m
2025-04-16T15:03:44.3956266Z [36;1m          // Save jobs metadata[0m
2025-04-16T15:03:44.3956639Z [36;1m          await fs.writeJson(path.join(runDir, 'jobs.json'), jobs, { spaces: 2 });[0m
2025-04-16T15:03:44.3956982Z [36;1m          [0m
2025-04-16T15:03:44.3957182Z [36;1m          // Process each job[0m
2025-04-16T15:03:44.3957439Z [36;1m          for (const job of jobs.jobs) {[0m
2025-04-16T15:03:44.3957907Z [36;1m            if (job.conclusion === 'failure' || job.conclusion === 'cancelled' || job.conclusion === 'timed_out') {[0m
2025-04-16T15:03:44.3958487Z [36;1m              const jobDir = path.join(runDir, job.name.replace(/[^a-zA-Z0-9]/g, '-').toLowerCase());[0m
2025-04-16T15:03:44.3959125Z [36;1m              await fs.ensureDir(jobDir);[0m
2025-04-16T15:03:44.3959393Z [36;1m              [0m
2025-04-16T15:03:44.3959603Z [36;1m              // Save job metadata[0m
2025-04-16T15:03:44.3959996Z [36;1m              await fs.writeJson(path.join(jobDir, 'job-metadata.json'), job, { spaces: 2 });[0m
2025-04-16T15:03:44.3960377Z [36;1m              [0m
2025-04-16T15:03:44.3960571Z [36;1m              try {[0m
2025-04-16T15:03:44.3960791Z [36;1m                // Get job logs[0m
2025-04-16T15:03:44.3961143Z [36;1m                const logs = await octokit.actions.downloadJobLogsForWorkflowRun({[0m
2025-04-16T15:03:44.3961509Z [36;1m                  owner,[0m
2025-04-16T15:03:44.3961729Z [36;1m                  repo,[0m
2025-04-16T15:03:44.3961954Z [36;1m                  job_id: job.id,[0m
2025-04-16T15:03:44.3962201Z [36;1m                });[0m
2025-04-16T15:03:44.3962395Z [36;1m                [0m
2025-04-16T15:03:44.3962600Z [36;1m                // Save logs[0m
2025-04-16T15:03:44.3962912Z [36;1m                await fs.writeFile(path.join(jobDir, 'logs.txt'), logs.data);[0m
2025-04-16T15:03:44.3963318Z [36;1m                console.log(`Saved logs for job ${job.name} (${job.id})`);[0m
2025-04-16T15:03:44.3963644Z [36;1m              } catch (error) {[0m
2025-04-16T15:03:44.3964009Z [36;1m                console.error(`Error fetching logs for job ${job.id}: ${error.message}`);[0m
2025-04-16T15:03:44.3964540Z [36;1m                await fs.writeFile(path.join(jobDir, 'error.txt'), `Error fetching logs: ${error.message}`);[0m
2025-04-16T15:03:44.3964943Z [36;1m              }[0m
2025-04-16T15:03:44.3965137Z [36;1m            }[0m
2025-04-16T15:03:44.3965318Z [36;1m          }[0m
2025-04-16T15:03:44.3965508Z [36;1m        } catch (error) {[0m
2025-04-16T15:03:44.3965840Z [36;1m          console.error(`Error processing run ${run.id}: ${error.message}`);[0m
2025-04-16T15:03:44.3966346Z [36;1m          await fs.writeFile(path.join(runDir, 'error.txt'), `Error processing run: ${error.message}`);[0m
2025-04-16T15:03:44.3966744Z [36;1m        }[0m
2025-04-16T15:03:44.3966919Z [36;1m      }[0m
2025-04-16T15:03:44.3967118Z [36;1m    } catch (error) {[0m
2025-04-16T15:03:44.3967462Z [36;1m      console.error(`Error processing workflow ${workflow.id}: ${error.message}`);[0m
2025-04-16T15:03:44.3967967Z [36;1m    }[0m
2025-04-16T15:03:44.3968267Z [36;1m  }[0m
2025-04-16T15:03:44.3968431Z [36;1m  [0m
2025-04-16T15:03:44.3968610Z [36;1m  // Create summary file[0m
2025-04-16T15:03:44.3969020Z [36;1m  const summary = {[0m
2025-04-16T15:03:44.3969276Z [36;1m    timestamp: new Date().toISOString(),[0m
2025-04-16T15:03:44.3969586Z [36;1m    totalWorkflows: workflows.workflows.length,[0m
2025-04-16T15:03:44.3969937Z [36;1m    workflowSummary: workflows.workflows.map(w => ({[0m
2025-04-16T15:03:44.3970237Z [36;1m      name: w.name,[0m
2025-04-16T15:03:44.3970438Z [36;1m      id: w.id,[0m
2025-04-16T15:03:44.3970647Z [36;1m      path: w.path,[0m
2025-04-16T15:03:44.3970851Z [36;1m    })),[0m
2025-04-16T15:03:44.3971025Z [36;1m  };[0m
2025-04-16T15:03:44.3971191Z [36;1m  [0m
2025-04-16T15:03:44.3971504Z [36;1m  await fs.writeJson(path.join(logsDir, 'summary.json'), summary, { spaces: 2 });[0m
2025-04-16T15:03:44.3971936Z [36;1m  console.log('Workflow error logs sync completed');[0m
2025-04-16T15:03:44.3972236Z [36;1m}[0m
2025-04-16T15:03:44.3972401Z [36;1m[0m
2025-04-16T15:03:44.3972568Z [36;1mmain().catch(error => {[0m
2025-04-16T15:03:44.3972854Z [36;1m  console.error('Error in main process:', error);[0m
2025-04-16T15:03:44.3973144Z [36;1m  process.exit(1);[0m
2025-04-16T15:03:44.3973352Z [36;1m});[0m
2025-04-16T15:03:44.3973513Z [36;1mEOF[0m
2025-04-16T15:03:44.3973675Z [36;1m[0m
2025-04-16T15:03:44.3973857Z [36;1mnode fetch-workflow-logs.js[0m
2025-04-16T15:03:44.4020385Z shell: /usr/bin/bash -e {0}
2025-04-16T15:03:44.4020628Z env:
2025-04-16T15:03:44.4020791Z   CI: true
2025-04-16T15:03:44.4021168Z   GITHUB_TOKEN: ***
2025-04-16T15:03:44.4021377Z   REPO_OWNER: mrkurger
2025-04-16T15:03:44.4021585Z   REPO_NAME: date-night-app2
2025-04-16T15:03:44.4021813Z ##[endgroup]
2025-04-16T15:03:44.4842545Z Fetching workflow logs for mrkurger/date-night-app2
2025-04-16T15:03:44.6471525Z Processing workflow: Angular Tests (156396503)
2025-04-16T15:03:45.2489329Z Found 23 failed runs for Angular Tests
2025-04-16T15:03:45.5379260Z Saved logs for job e2e (22.x) (40663459721)
2025-04-16T15:03:45.6322739Z Saved logs for job test (22.x) (40663459733)
2025-04-16T15:03:45.8942858Z Saved logs for job e2e (22.x) (40662876861)
2025-04-16T15:03:45.9878499Z Saved logs for job test (22.x) (40662876876)
2025-04-16T15:03:46.2866412Z Saved logs for job e2e (22.x) (40662340818)
2025-04-16T15:03:46.3581162Z Saved logs for job test (22.x) (40662340822)
2025-04-16T15:03:46.6965965Z Saved logs for job test (22.x) (40660813802)
2025-04-16T15:03:46.8080557Z Saved logs for job e2e (22.x) (40660813807)
2025-04-16T15:03:47.1522783Z Saved logs for job e2e (22.x) (40659963795)
2025-04-16T15:03:47.2741152Z Saved logs for job test (22.x) (40659963797)
2025-04-16T15:03:47.4755854Z Saved logs for job lint (22.x) (40659963816)
2025-04-16T15:03:47.8490710Z Saved logs for job e2e (22.x) (40658470007)
2025-04-16T15:03:47.9628095Z Saved logs for job lint (22.x) (40658470023)
2025-04-16T15:03:48.0583889Z Saved logs for job test (22.x) (40658470025)
2025-04-16T15:03:48.3174328Z Saved logs for job test (22.x) (40656595432)
2025-04-16T15:03:48.6365385Z Saved logs for job e2e (22.x) (40656595450)
2025-04-16T15:03:48.7964206Z Saved logs for job lint (22.x) (40656595451)
2025-04-16T15:03:49.4976232Z Saved logs for job lint (22.x) (40648995689)
2025-04-16T15:03:49.7377264Z Saved logs for job e2e (22.x) (40648995690)
2025-04-16T15:03:49.9918017Z Saved logs for job test (22.x) (40648995699)
2025-04-16T15:03:50.3773718Z Saved logs for job test (22.x) (40648936041)
2025-04-16T15:03:50.4814472Z Saved logs for job lint (22.x) (40648936049)
2025-04-16T15:03:50.5852032Z Saved logs for job e2e (22.x) (40648936088)
2025-04-16T15:03:51.0640952Z Saved logs for job test (22.x) (40645363558)
2025-04-16T15:03:51.1560251Z Saved logs for job e2e (22.x) (40645363568)
2025-04-16T15:03:51.2527315Z Saved logs for job lint (22.x) (40645363582)
2025-04-16T15:03:51.6265858Z Saved logs for job test (22.x) (40642315715)
2025-04-16T15:03:51.7223389Z Saved logs for job e2e (22.x) (40642315733)
2025-04-16T15:03:51.8319394Z Saved logs for job lint (22.x) (40642315744)
2025-04-16T15:03:52.1671962Z Saved logs for job test (22.x) (40640408484)
2025-04-16T15:03:52.2588157Z Saved logs for job e2e (22.x) (40640408487)
2025-04-16T15:03:52.3757011Z Saved logs for job lint (22.x) (40640408495)
2025-04-16T15:03:52.7241760Z Saved logs for job test (22.x) (40639200761)
2025-04-16T15:03:52.8276230Z Saved logs for job e2e (22.x) (40639200762)
2025-04-16T15:03:52.9367034Z Saved logs for job lint (22.x) (40639200772)
2025-04-16T15:03:53.3739534Z Saved logs for job test (22.x) (40638434179)
2025-04-16T15:03:53.4730951Z Saved logs for job lint (22.x) (40638434180)
2025-04-16T15:03:53.5590936Z Saved logs for job e2e (22.x) (40638434197)
2025-04-16T15:03:53.8345602Z Saved logs for job test (22.x) (40638117917)
2025-04-16T15:03:54.0536627Z Saved logs for job e2e (22.x) (40638117918)
2025-04-16T15:03:54.1940386Z Saved logs for job lint (22.x) (40638117931)
2025-04-16T15:03:54.5638319Z Saved logs for job test (22.x) (40637222574)
2025-04-16T15:03:54.6602220Z Saved logs for job e2e (22.x) (40637222590)
2025-04-16T15:03:54.7528584Z Saved logs for job lint (22.x) (40637222627)
2025-04-16T15:03:55.1944584Z Saved logs for job e2e (22.x) (40636317713)
2025-04-16T15:03:55.3021759Z Saved logs for job test (22.x) (40636317717)
2025-04-16T15:03:55.4013948Z Saved logs for job lint (22.x) (40636317718)
2025-04-16T15:03:55.7752798Z Saved logs for job test (22.x) (40635520017)
2025-04-16T15:03:55.8951317Z Saved logs for job e2e (22.x) (40635520024)
2025-04-16T15:03:55.9796298Z Saved logs for job lint (22.x) (40635520025)
2025-04-16T15:03:56.3361100Z Saved logs for job e2e (22.x) (40631138588)
2025-04-16T15:03:56.5029789Z Saved logs for job test (22.x) (40631138593)
2025-04-16T15:03:56.8145480Z Saved logs for job test (22.x) (40628452555)
2025-04-16T15:03:56.9085344Z Saved logs for job e2e (22.x) (40628452573)
2025-04-16T15:03:57.3464644Z Saved logs for job test (22.x) (40625114143)
2025-04-16T15:03:57.4552104Z Saved logs for job e2e (22.x) (40625114153)
2025-04-16T15:03:57.7510353Z Saved logs for job e2e (22.x) (40623556700)
2025-04-16T15:03:57.8938233Z Saved logs for job test (22.x) (40623556710)
2025-04-16T15:03:58.2607095Z Saved logs for job e2e (22.x) (40623232672)
2025-04-16T15:03:58.3549695Z Saved logs for job test (22.x) (40623232677)
2025-04-16T15:03:58.3551305Z Processing workflow: Security Alerts Report (Alternative) (156517337)
2025-04-16T15:03:58.5175638Z Found 0 failed runs for Security Alerts Report (Alternative)
2025-04-16T15:03:58.5176975Z Processing workflow: Security Alerts Report (156511788)
2025-04-16T15:03:58.6983543Z Found 1 failed runs for Security Alerts Report
2025-04-16T15:03:58.9911661Z Saved logs for job generate-report (40657820058)
2025-04-16T15:03:58.9914258Z Processing workflow: Server Tests (156396504)
2025-04-16T15:03:59.2265930Z Found 7 failed runs for Server Tests
2025-04-16T15:03:59.5243612Z Saved logs for job test (22.x) (40663459741)
2025-04-16T15:03:59.8370054Z Saved logs for job test (22.x) (40659963757)
2025-04-16T15:03:59.9300597Z Saved logs for job lint (22.x) (40659963777)
2025-04-16T15:04:00.2233972Z Saved logs for job lint (22.x) (40656595380)
2025-04-16T15:04:00.3259926Z Saved logs for job test (22.x) (40656595382)
2025-04-16T15:04:00.6837024Z Saved logs for job test (22.x) (40648936051)
2025-04-16T15:04:00.7861888Z Saved logs for job lint (22.x) (40648936076)
2025-04-16T15:04:01.0951654Z Saved logs for job lint (22.x) (40636317715)
2025-04-16T15:04:01.2066199Z Saved logs for job test (22.x) (40636317724)
2025-04-16T15:04:01.4925418Z Saved logs for job lint (22.x) (40636157199)
2025-04-16T15:04:01.6453056Z Saved logs for job test (22.x) (40636157200)
2025-04-16T15:04:01.9734498Z Saved logs for job test (22.x) (40631138589)
2025-04-16T15:04:01.9735831Z Processing workflow: Sync GitHub Insights (Alternative) (156517338)
2025-04-16T15:04:02.1041658Z Found 0 failed runs for Sync GitHub Insights (Alternative)
2025-04-16T15:04:02.1043286Z Processing workflow: Sync GitHub Insights (Fixed) (156518590)
2025-04-16T15:04:02.3212457Z Found 0 failed runs for Sync GitHub Insights (Fixed)
2025-04-16T15:04:02.3213657Z Processing workflow: Sync GitHub Insights (156511789)
2025-04-16T15:04:02.5258222Z Found 3 failed runs for Sync GitHub Insights
2025-04-16T15:04:02.8246113Z Saved logs for job sync-insights (40658529730)
2025-04-16T15:04:03.1290813Z Saved logs for job sync-insights (40657800158)
2025-04-16T15:04:03.3862462Z Saved logs for job sync-insights (40656793753)
2025-04-16T15:04:03.3863552Z Processing workflow: Sync Test Reports (156511790)
2025-04-16T15:04:03.8210152Z Found 2 failed runs for Sync Test Reports
2025-04-16T15:04:04.0889977Z Saved logs for job sync-reports (40656664593)
2025-04-16T15:04:04.4237136Z Saved logs for job sync-reports (40656644372)
2025-04-16T15:04:04.4243787Z Processing workflow: Sync Workflow Error Logs (156531139)
2025-04-16T15:04:04.9006772Z Found 5 failed runs for Sync Workflow Error Logs
2025-04-16T15:04:05.0872148Z Saved logs for job sync-error-logs (40663640084)
2025-04-16T15:04:05.3594417Z Saved logs for job sync-error-logs (40663610469)
2025-04-16T15:04:05.7119752Z Saved logs for job sync-error-logs (40663581882)
2025-04-16T15:04:05.9552325Z Saved logs for job sync-error-logs (40663556539)
2025-04-16T15:04:06.2043990Z Saved logs for job sync-error-logs (40663029643)
2025-04-16T15:04:06.2046193Z Processing workflow: Sync Workflow Error Logs (Robust) (156532769)
2025-04-16T15:04:06.6006717Z Found 7 failed runs for Sync Workflow Error Logs (Robust)
2025-04-16T15:04:06.8382887Z Saved logs for job sync-error-logs (40663680006)
2025-04-16T15:04:07.0846380Z Saved logs for job sync-error-logs (40663676815)
2025-04-16T15:04:07.3352214Z Saved logs for job sync-error-logs (40663640193)
2025-04-16T15:04:07.5893763Z Saved logs for job sync-error-logs (40663610483)
2025-04-16T15:04:07.8379506Z Saved logs for job sync-error-logs (40663581813)
2025-04-16T15:04:08.1376533Z Saved logs for job sync-error-logs (40663556527)
2025-04-16T15:04:08.4137576Z Saved logs for job sync-error-logs (40663489150)
2025-04-16T15:04:08.4140120Z Processing workflow: Sync Workflow Error Logs (156529457)
2025-04-16T15:04:08.8506341Z Found 12 failed runs for Sync Workflow Error Logs
2025-04-16T15:04:09.1578543Z Saved logs for job sync-error-logs (40663762365)
2025-04-16T15:04:09.3829891Z Saved logs for job sync-error-logs (40663734602)
2025-04-16T15:04:09.6000764Z Saved logs for job sync-error-logs (40663704422)
2025-04-16T15:04:09.8695747Z Saved logs for job sync-error-logs (40663657651)
2025-04-16T15:04:10.1864817Z Saved logs for job sync-error-logs (40663640395)
2025-04-16T15:04:10.4838746Z Saved logs for job sync-error-logs (40663610514)
2025-04-16T15:04:10.7334690Z Saved logs for job sync-error-logs (40663581717)
2025-04-16T15:04:10.9655532Z Saved logs for job sync-error-logs (40663556577)
2025-04-16T15:04:11.1895111Z Saved logs for job sync-error-logs (40663029928)
2025-04-16T15:04:11.4094321Z Saved logs for job sync-error-logs (40662993597)
2025-04-16T15:04:11.6426618Z Saved logs for job sync-error-logs (40662475242)
2025-04-16T15:04:11.9609990Z Saved logs for job sync-error-logs (40662446363)
2025-04-16T15:04:11.9611512Z Processing workflow: Dependabot Updates (153911032)
2025-04-16T15:04:12.6893344Z Found 15 failed runs for Dependabot Updates
2025-04-16T15:04:12.9423915Z Saved logs for job Dependabot (40657560162)
2025-04-16T15:04:13.2368328Z Saved logs for job Dependabot (40657559762)
2025-04-16T15:04:13.4846667Z Saved logs for job Dependabot (40657410431)
2025-04-16T15:04:13.7813686Z Saved logs for job Dependabot (40657409984)
2025-04-16T15:04:14.2893444Z Saved logs for job Dependabot (40656602439)
2025-04-16T15:04:14.5930058Z Saved logs for job Dependabot (40656599224)
2025-04-16T15:04:14.8615399Z Saved logs for job Dependabot (40656599232)
2025-04-16T15:04:15.0916301Z Saved logs for job Dependabot (40648953960)
2025-04-16T15:04:15.2774801Z Saved logs for job Dependabot (40636173412)
2025-04-16T15:04:15.4960535Z Saved logs for job Dependabot (40635535253)
2025-04-16T15:04:15.7285497Z Saved logs for job Dependabot (40620670121)
2025-04-16T15:04:16.0381551Z Saved logs for job Dependabot (40620661666)
2025-04-16T15:04:16.3862328Z Saved logs for job Dependabot (40615377452)
2025-04-16T15:04:16.6713860Z Saved logs for job Dependabot (40615364053)
2025-04-16T15:04:16.8863609Z Saved logs for job Dependabot (40405591413)
2025-04-16T15:04:16.8867397Z Workflow error logs sync completed
2025-04-16T15:04:16.9002866Z ##[group]Run cat > workflow-error-logs/README.md << 'EOF'
2025-04-16T15:04:16.9003568Z [36;1mcat > workflow-error-logs/README.md << 'EOF'[0m
2025-04-16T15:04:16.9004075Z [36;1m# Workflow Error Logs[0m
2025-04-16T15:04:16.9004464Z [36;1m[0m
2025-04-16T15:04:16.9005432Z [36;1mThis directory contains logs from failed GitHub Actions workflow runs. These logs are automatically collected by the "Sync Workflow Error Logs" workflow.[0m
2025-04-16T15:04:16.9006551Z [36;1m[0m
2025-04-16T15:04:16.9006866Z [36;1m## Directory Structure[0m
2025-04-16T15:04:16.9007267Z [36;1m[0m
2025-04-16T15:04:16.9007543Z [36;1m```[0m
2025-04-16T15:04:16.9007866Z [36;1mworkflow-error-logs/[0m
2025-04-16T15:04:16.9008309Z [36;1mâ”œâ”€â”€ {workflow-name}/[0m
2025-04-16T15:04:16.9008694Z [36;1mâ”‚   â”œâ”€â”€ {date}_{run-id}/[0m
2025-04-16T15:04:16.9009436Z [36;1mâ”‚   â”‚   â”œâ”€â”€ metadata.json       # Run metadata[0m
2025-04-16T15:04:16.9009973Z [36;1mâ”‚   â”‚   â”œâ”€â”€ jobs.json           # Jobs metadata[0m
2025-04-16T15:04:16.9010500Z [36;1mâ”‚   â”‚   â”œâ”€â”€ {job-name}/[0m
2025-04-16T15:04:16.9010948Z [36;1mâ”‚   â”‚   â”‚   â”œâ”€â”€ job-metadata.json  # Job metadata[0m
2025-04-16T15:04:16.9011461Z [36;1mâ”‚   â”‚   â”‚   â””â”€â”€ logs.txt           # Job logs[0m
2025-04-16T15:04:16.9011923Z [36;1mâ”‚   â”‚   â””â”€â”€ ...[0m
2025-04-16T15:04:16.9012321Z [36;1mâ”‚   â””â”€â”€ ...[0m
2025-04-16T15:04:16.9012646Z [36;1mâ””â”€â”€ ...[0m
2025-04-16T15:04:16.9012942Z [36;1m```[0m
2025-04-16T15:04:16.9013234Z [36;1m[0m
2025-04-16T15:04:16.9013520Z [36;1m## Using These Logs[0m
2025-04-16T15:04:16.9013890Z [36;1m[0m
2025-04-16T15:04:16.9014859Z [36;1mThese logs can be used to diagnose and fix issues with GitHub Actions workflows. Look for error messages, failed steps, and other indicators of problems.[0m
2025-04-16T15:04:16.9015909Z [36;1m[0m
2025-04-16T15:04:16.9016255Z [36;1m## Automatic Collection[0m
2025-04-16T15:04:16.9016650Z [36;1m[0m
2025-04-16T15:04:16.9016949Z [36;1mLogs are collected:[0m
2025-04-16T15:04:16.9017371Z [36;1m- After any workflow completes[0m
2025-04-16T15:04:16.9017891Z [36;1m- Every 6 hours via scheduled run[0m
2025-04-16T15:04:16.9018389Z [36;1m- Manually via workflow dispatch[0m
2025-04-16T15:04:16.9019106Z [36;1m[0m
2025-04-16T15:04:16.9019446Z [36;1m## Retention[0m
2025-04-16T15:04:16.9019786Z [36;1m[0m
2025-04-16T15:04:16.9020154Z [36;1mOnly logs from the past 30 days are collected.[0m
2025-04-16T15:04:16.9020664Z [36;1mEOF[0m
2025-04-16T15:04:16.9087207Z shell: /usr/bin/bash -e {0}
2025-04-16T15:04:16.9087586Z env:
2025-04-16T15:04:16.9087870Z   CI: true
2025-04-16T15:04:16.9088176Z ##[endgroup]
2025-04-16T15:04:16.9232764Z ##[group]Run git config --local user.email "action@github.com"
2025-04-16T15:04:16.9233221Z [36;1mgit config --local user.email "action@github.com"[0m
2025-04-16T15:04:16.9233582Z [36;1mgit config --local user.name "GitHub Action"[0m
2025-04-16T15:04:16.9233897Z [36;1m[0m
2025-04-16T15:04:16.9234197Z [36;1m# Pull the latest changes with rebase strategy to avoid merge commits[0m
2025-04-16T15:04:16.9234570Z [36;1mgit pull --rebase origin main[0m
2025-04-16T15:04:16.9234809Z [36;1m[0m
2025-04-16T15:04:16.9234997Z [36;1mgit add workflow-error-logs[0m
2025-04-16T15:04:16.9235228Z [36;1m[0m
2025-04-16T15:04:16.9235416Z [36;1m# Only commit if there are changes[0m
2025-04-16T15:04:16.9235687Z [36;1mif git diff --staged --quiet; then[0m
2025-04-16T15:04:16.9235945Z [36;1m  echo "No changes to commit"[0m
2025-04-16T15:04:16.9236173Z [36;1melse[0m
2025-04-16T15:04:16.9236420Z [36;1m  git commit -m "Update workflow error logs [skip ci]"[0m
2025-04-16T15:04:16.9236929Z [36;1m  git push[0m
2025-04-16T15:04:16.9237114Z [36;1mfi[0m
2025-04-16T15:04:16.9279092Z shell: /usr/bin/bash -e {0}
2025-04-16T15:04:16.9279329Z env:
2025-04-16T15:04:16.9279488Z   CI: true
2025-04-16T15:04:16.9279661Z ##[endgroup]
2025-04-16T15:04:17.0364310Z error: cannot pull with rebase: You have unstaged changes.
2025-04-16T15:04:17.0365033Z error: Please commit or stash them.
2025-04-16T15:04:17.0378621Z ##[error]Process completed with exit code 128.
2025-04-16T15:04:17.0468635Z Post job cleanup.
2025-04-16T15:04:17.1426154Z [command]/usr/bin/git version
2025-04-16T15:04:17.1467314Z git version 2.49.0
2025-04-16T15:04:17.1514433Z Temporarily overriding HOME='/home/runner/work/_temp/d58fee54-476c-4c7d-9513-f2a1cf2ec473' before making global git config changes
2025-04-16T15:04:17.1516291Z Adding repository directory to the temporary git global config as a safe directory
2025-04-16T15:04:17.1532655Z [command]/usr/bin/git config --global --add safe.directory /home/runner/work/date-night-app2/date-night-app2
2025-04-16T15:04:17.1570513Z [command]/usr/bin/git config --local --name-only --get-regexp core\.sshCommand
2025-04-16T15:04:17.1610575Z [command]/usr/bin/git submodule foreach --recursive sh -c "git config --local --name-only --get-regexp 'core\.sshCommand' && git config --local --unset-all 'core.sshCommand' || :"
2025-04-16T15:04:17.1891495Z [command]/usr/bin/git config --local --name-only --get-regexp http\.https\:\/\/github\.com\/\.extraheader
2025-04-16T15:04:17.1916920Z http.https://github.com/.extraheader
2025-04-16T15:04:17.1935069Z [command]/usr/bin/git config --local --unset-all http.https://github.com/.extraheader
2025-04-16T15:04:17.1972798Z [command]/usr/bin/git submodule foreach --recursive sh -c "git config --local --name-only --get-regexp 'http\.https\:\/\/github\.com\/\.extraheader' && git config --local --unset-all 'http.https://github.com/.extraheader' || :"
2025-04-16T15:04:17.2324313Z Cleaning up orphan processes
