2025-04-17T00:32:25.6814652Z Current runner version: '2.323.0'
2025-04-17T00:32:25.6869995Z ##[group]Operating System
2025-04-17T00:32:25.6871422Z Ubuntu
2025-04-17T00:32:25.6872328Z 24.04.2
2025-04-17T00:32:25.6873071Z LTS
2025-04-17T00:32:25.6873731Z ##[endgroup]
2025-04-17T00:32:25.6874655Z ##[group]Runner Image
2025-04-17T00:32:25.6875587Z Image: ubuntu-24.04
2025-04-17T00:32:25.6876342Z Version: 20250413.1.0
2025-04-17T00:32:25.6878155Z Included Software: https://github.com/actions/runner-images/blob/ubuntu24/20250413.1/images/ubuntu/Ubuntu2404-Readme.md
2025-04-17T00:32:25.6880468Z Image Release: https://github.com/actions/runner-images/releases/tag/ubuntu24%2F20250413.1
2025-04-17T00:32:25.6902617Z ##[endgroup]
2025-04-17T00:32:25.6903429Z ##[group]Runner Image Provisioner
2025-04-17T00:32:25.6904378Z 2.0.422.1
2025-04-17T00:32:25.6905193Z ##[endgroup]
2025-04-17T00:32:25.6906936Z ##[group]GITHUB_TOKEN Permissions
2025-04-17T00:32:25.6909335Z Contents: write
2025-04-17T00:32:25.6910166Z Metadata: read
2025-04-17T00:32:25.6911480Z SecurityEvents: read
2025-04-17T00:32:25.6912392Z ##[endgroup]
2025-04-17T00:32:25.6915234Z Secret source: Actions
2025-04-17T00:32:25.6916413Z Prepare workflow directory
2025-04-17T00:32:25.7818766Z Prepare all required actions
2025-04-17T00:32:25.7956515Z Getting action download info
2025-04-17T00:32:26.2293330Z ##[group]Download immutable action package 'actions/checkout@v4'
2025-04-17T00:32:26.2294323Z Version: 4.2.2
2025-04-17T00:32:26.2295327Z Digest: sha256:ccb2698953eaebd21c7bf6268a94f9c26518a7e38e27e0b83c1fe1ad049819b1
2025-04-17T00:32:26.2296468Z Source commit SHA: 11bd71901bbe5b1630ceea73d27597364c9af683
2025-04-17T00:32:26.2297156Z ##[endgroup]
2025-04-17T00:32:26.3123298Z ##[group]Download immutable action package 'actions/setup-node@v4'
2025-04-17T00:32:26.3124140Z Version: 4.4.0
2025-04-17T00:32:26.3124826Z Digest: sha256:9427cefe82346e992fb5b949e3569b39d537ae41aa3086483b14eceebfc16bc1
2025-04-17T00:32:26.3125758Z Source commit SHA: 49933ea5288caeca8642d1e84afbd3f7d6820020
2025-04-17T00:32:26.3126490Z ##[endgroup]
2025-04-17T00:32:26.6324952Z Complete job name: sync-snyk-issues
2025-04-17T00:32:26.7025398Z ##[group]Run actions/checkout@v4
2025-04-17T00:32:26.7026187Z with:
2025-04-17T00:32:26.7026541Z   fetch-depth: 0
2025-04-17T00:32:26.7027080Z   token: ***
2025-04-17T00:32:26.7027483Z   repository: mrkurger/date-night-app2
2025-04-17T00:32:26.7027968Z   ssh-strict: true
2025-04-17T00:32:26.7028339Z   ssh-user: git
2025-04-17T00:32:26.7028716Z   persist-credentials: true
2025-04-17T00:32:26.7029135Z   clean: true
2025-04-17T00:32:26.7029511Z   sparse-checkout-cone-mode: true
2025-04-17T00:32:26.7029965Z   fetch-tags: false
2025-04-17T00:32:26.7030340Z   show-progress: true
2025-04-17T00:32:26.7030963Z   lfs: false
2025-04-17T00:32:26.7031391Z   submodules: false
2025-04-17T00:32:26.7031786Z   set-safe-directory: true
2025-04-17T00:32:26.7032842Z ##[endgroup]
2025-04-17T00:32:26.8715771Z Syncing repository: mrkurger/date-night-app2
2025-04-17T00:32:26.8718311Z ##[group]Getting Git version info
2025-04-17T00:32:26.8719784Z Working directory is '/home/runner/work/date-night-app2/date-night-app2'
2025-04-17T00:32:26.8721874Z [command]/usr/bin/git version
2025-04-17T00:32:26.8739002Z git version 2.49.0
2025-04-17T00:32:26.8769675Z ##[endgroup]
2025-04-17T00:32:26.8793712Z Temporarily overriding HOME='/home/runner/work/_temp/53f04ca8-08ef-4781-9bf0-7ed8e0b99223' before making global git config changes
2025-04-17T00:32:26.8797113Z Adding repository directory to the temporary git global config as a safe directory
2025-04-17T00:32:26.8801088Z [command]/usr/bin/git config --global --add safe.directory /home/runner/work/date-night-app2/date-night-app2
2025-04-17T00:32:26.8838220Z Deleting the contents of '/home/runner/work/date-night-app2/date-night-app2'
2025-04-17T00:32:26.8843235Z ##[group]Initializing the repository
2025-04-17T00:32:26.8848471Z [command]/usr/bin/git init /home/runner/work/date-night-app2/date-night-app2
2025-04-17T00:32:26.8908498Z hint: Using 'master' as the name for the initial branch. This default branch name
2025-04-17T00:32:26.8911243Z hint: is subject to change. To configure the initial branch name to use in all
2025-04-17T00:32:26.8912824Z hint: of your new repositories, which will suppress this warning, call:
2025-04-17T00:32:26.8913962Z hint:
2025-04-17T00:32:26.8914671Z hint: 	git config --global init.defaultBranch <name>
2025-04-17T00:32:26.8915575Z hint:
2025-04-17T00:32:26.8916458Z hint: Names commonly chosen instead of 'master' are 'main', 'trunk' and
2025-04-17T00:32:26.8918099Z hint: 'development'. The just-created branch can be renamed via this command:
2025-04-17T00:32:26.8919384Z hint:
2025-04-17T00:32:26.8920053Z hint: 	git branch -m <name>
2025-04-17T00:32:26.8922785Z Initialized empty Git repository in /home/runner/work/date-night-app2/date-night-app2/.git/
2025-04-17T00:32:26.8930038Z [command]/usr/bin/git remote add origin https://github.com/mrkurger/date-night-app2
2025-04-17T00:32:26.8966687Z ##[endgroup]
2025-04-17T00:32:26.8969205Z ##[group]Disabling automatic garbage collection
2025-04-17T00:32:26.8972206Z [command]/usr/bin/git config --local gc.auto 0
2025-04-17T00:32:26.9005252Z ##[endgroup]
2025-04-17T00:32:26.9007757Z ##[group]Setting up auth
2025-04-17T00:32:26.9012070Z [command]/usr/bin/git config --local --name-only --get-regexp core\.sshCommand
2025-04-17T00:32:26.9048198Z [command]/usr/bin/git submodule foreach --recursive sh -c "git config --local --name-only --get-regexp 'core\.sshCommand' && git config --local --unset-all 'core.sshCommand' || :"
2025-04-17T00:32:26.9339499Z [command]/usr/bin/git config --local --name-only --get-regexp http\.https\:\/\/github\.com\/\.extraheader
2025-04-17T00:32:26.9373612Z [command]/usr/bin/git submodule foreach --recursive sh -c "git config --local --name-only --get-regexp 'http\.https\:\/\/github\.com\/\.extraheader' && git config --local --unset-all 'http.https://github.com/.extraheader' || :"
2025-04-17T00:32:26.9609767Z [command]/usr/bin/git config --local http.https://github.com/.extraheader AUTHORIZATION: basic ***
2025-04-17T00:32:26.9657319Z ##[endgroup]
2025-04-17T00:32:26.9662108Z ##[group]Fetching the repository
2025-04-17T00:32:26.9669797Z [command]/usr/bin/git -c protocol.version=2 fetch --prune --no-recurse-submodules origin +refs/heads/*:refs/remotes/origin/* +refs/tags/*:refs/tags/*
2025-04-17T00:32:35.3079992Z From https://github.com/mrkurger/date-night-app2
2025-04-17T00:32:35.3083596Z  * [new branch]      main       -> origin/main
2025-04-17T00:32:35.3118798Z [command]/usr/bin/git branch --list --remote origin/main
2025-04-17T00:32:35.3143514Z   origin/main
2025-04-17T00:32:35.3155670Z [command]/usr/bin/git rev-parse refs/remotes/origin/main
2025-04-17T00:32:35.3178947Z 3c2a9f17d1d13c599433d1dfa8417b82dd956709
2025-04-17T00:32:35.3189698Z ##[endgroup]
2025-04-17T00:32:35.3195570Z ##[group]Determining the checkout info
2025-04-17T00:32:35.3197379Z ##[endgroup]
2025-04-17T00:32:35.3198455Z [command]/usr/bin/git sparse-checkout disable
2025-04-17T00:32:35.3236834Z [command]/usr/bin/git config --local --unset-all extensions.worktreeConfig
2025-04-17T00:32:35.3267246Z ##[group]Checking out the ref
2025-04-17T00:32:35.3273675Z [command]/usr/bin/git checkout --progress --force -B main refs/remotes/origin/main
2025-04-17T00:32:35.7258441Z Switched to a new branch 'main'
2025-04-17T00:32:35.7260349Z branch 'main' set up to track 'origin/main'.
2025-04-17T00:32:35.7289645Z ##[endgroup]
2025-04-17T00:32:35.7332489Z [command]/usr/bin/git log -1 --format=%H
2025-04-17T00:32:35.7356336Z 3c2a9f17d1d13c599433d1dfa8417b82dd956709
2025-04-17T00:32:35.7574648Z ##[group]Run actions/setup-node@v4
2025-04-17T00:32:35.7574992Z with:
2025-04-17T00:32:35.7575210Z   node-version: 22
2025-04-17T00:32:35.7575430Z   always-auth: false
2025-04-17T00:32:35.7575666Z   check-latest: false
2025-04-17T00:32:35.7576022Z   token: ***
2025-04-17T00:32:35.7576244Z ##[endgroup]
2025-04-17T00:32:35.9297852Z Found in cache @ /opt/hostedtoolcache/node/22.14.0/x64
2025-04-17T00:32:35.9300137Z ##[group]Environment details
2025-04-17T00:32:36.3566308Z node: v22.14.0
2025-04-17T00:32:36.3568782Z npm: 10.9.2
2025-04-17T00:32:36.3570370Z yarn: 1.22.22
2025-04-17T00:32:36.3572844Z ##[endgroup]
2025-04-17T00:32:36.3679971Z ##[group]Run npm install -g snyk
2025-04-17T00:32:36.3680316Z [36;1mnpm install -g snyk[0m
2025-04-17T00:32:36.3733042Z shell: /usr/bin/bash -e {0}
2025-04-17T00:32:36.3733310Z ##[endgroup]
2025-04-17T00:32:39.0757873Z npm warn deprecated boolean@3.2.0: Package no longer supported. Contact Support at https://www.npmjs.com/support for more info.
2025-04-17T00:32:41.5468671Z 
2025-04-17T00:32:41.5470585Z added 31 packages in 5s
2025-04-17T00:32:41.5471631Z 
2025-04-17T00:32:41.5551574Z 8 packages are looking for funding
2025-04-17T00:32:41.5586762Z   run `npm fund` for details
2025-04-17T00:32:41.6019131Z ##[group]Run npm install
2025-04-17T00:32:41.6019403Z [36;1mnpm install[0m
2025-04-17T00:32:41.6019610Z [36;1mcd server && npm install[0m
2025-04-17T00:32:41.6019875Z [36;1mcd ../client-angular && npm install[0m
2025-04-17T00:32:41.6070319Z shell: /usr/bin/bash -e {0}
2025-04-17T00:32:41.6070574Z ##[endgroup]
2025-04-17T00:32:45.8448443Z npm warn deprecated xss-clean@0.1.4: Package no longer supported. Contact Support at https://www.npmjs.com/support for more info.
2025-04-17T00:32:47.1760057Z npm warn deprecated rimraf@3.0.2: Rimraf versions prior to v4 are no longer supported
2025-04-17T00:32:47.7506780Z npm warn deprecated passport-reddit@1.1.0: While functionally complete, this library will not be receiving any updates going forwards. Users are actively discouraged from using OAuth2 for authentication. See archival notice on github for more details.
2025-04-17T00:32:48.1290100Z npm warn deprecated npmlog@5.0.1: This package is no longer supported.
2025-04-17T00:32:48.9867303Z npm warn deprecated superagent@8.1.2: Please upgrade to v9.0.0+ as we have fixed a public vulnerability with formidable dependency. Note that v9.0.0+ requires Node.js v14.18.0+. See https://github.com/ladjs/superagent/pull/1800 for insight. This project is supported and maintained by the team at Forward Email @ https://forwardemail.net
2025-04-17T00:32:49.4409173Z npm warn deprecated inflight@1.0.6: This module is not supported, and leaks memory. Do not use it. Check out lru-cache if you want a good and tested way to coalesce async requests by a key value, which is much more comprehensive and powerful.
2025-04-17T00:32:49.8206697Z npm warn deprecated glob@7.2.3: Glob versions prior to v9 are no longer supported
2025-04-17T00:32:50.2286382Z npm warn deprecated gauge@3.0.2: This package is no longer supported.
2025-04-17T00:32:50.4482628Z npm warn deprecated domexception@4.0.0: Use your platform's native DOMException instead
2025-04-17T00:32:51.1532424Z npm warn deprecated are-we-there-yet@2.0.0: This package is no longer supported.
2025-04-17T00:32:51.2534168Z npm warn deprecated abab@2.0.6: Use your platform's native atob() and btoa() methods instead
2025-04-17T00:32:52.5104701Z npm warn deprecated @humanwhocodes/config-array@0.11.14: Use @eslint/config-array instead
2025-04-17T00:32:52.5339771Z npm warn deprecated @humanwhocodes/object-schema@2.0.3: Use @eslint/object-schema instead
2025-04-17T00:32:59.1150032Z npm warn deprecated eslint@8.56.0: This version is no longer supported. Please see https://eslint.org/version-support for other options.
2025-04-17T00:32:59.1302586Z npm warn deprecated eslint@8.56.0: This version is no longer supported. Please see https://eslint.org/version-support for other options.
2025-04-17T00:33:21.2370244Z 
2025-04-17T00:33:21.2381770Z > date-night-app@1.0.0 preinstall
2025-04-17T00:33:21.2382530Z > node scripts/disable-husky-in-ci.js
2025-04-17T00:33:21.2382856Z 
2025-04-17T00:33:21.2697263Z .huskyrc file created to disable husky in CI environments
2025-04-17T00:33:21.2714045Z .huskyrc file made executable
2025-04-17T00:33:21.2758674Z 
2025-04-17T00:33:21.2762966Z > date-night-app@1.0.0 prepare
2025-04-17T00:33:21.2775195Z > [ -n "$CI" ] || husky
2025-04-17T00:33:21.2778676Z 
2025-04-17T00:33:21.3082017Z 
2025-04-17T00:33:21.3093403Z added 1904 packages, and audited 1907 packages in 40s
2025-04-17T00:33:21.3097586Z 
2025-04-17T00:33:21.3097909Z 354 packages are looking for funding
2025-04-17T00:33:21.3098351Z   run `npm fund` for details
2025-04-17T00:33:21.3136539Z 
2025-04-17T00:33:21.3138065Z found 0 vulnerabilities
2025-04-17T00:33:24.2256711Z 
2025-04-17T00:33:24.2257361Z > date-night-app@1.0.0 preinstall
2025-04-17T00:33:24.2257989Z > node scripts/disable-husky-in-ci.js
2025-04-17T00:33:24.2258266Z 
2025-04-17T00:33:24.2611686Z .huskyrc file created to disable husky in CI environments
2025-04-17T00:33:24.2612744Z .huskyrc file made executable
2025-04-17T00:33:24.2767712Z 
2025-04-17T00:33:24.2769274Z > date-night-app@1.0.0 prepare
2025-04-17T00:33:24.2771571Z > [ -n "$CI" ] || husky
2025-04-17T00:33:24.2772500Z 
2025-04-17T00:33:24.2881371Z 
2025-04-17T00:33:24.2882093Z up to date, audited 1907 packages in 3s
2025-04-17T00:33:24.2882416Z 
2025-04-17T00:33:24.2882672Z 354 packages are looking for funding
2025-04-17T00:33:24.2883123Z   run `npm fund` for details
2025-04-17T00:33:24.2910006Z 
2025-04-17T00:33:24.2910375Z found 0 vulnerabilities
2025-04-17T00:33:26.9635347Z 
2025-04-17T00:33:26.9641904Z > date-night-app@1.0.0 preinstall
2025-04-17T00:33:26.9646424Z > node scripts/disable-husky-in-ci.js
2025-04-17T00:33:26.9650608Z 
2025-04-17T00:33:26.9884375Z .huskyrc file created to disable husky in CI environments
2025-04-17T00:33:26.9888942Z .huskyrc file made executable
2025-04-17T00:33:26.9936962Z 
2025-04-17T00:33:26.9943825Z > date-night-app@1.0.0 prepare
2025-04-17T00:33:26.9944575Z > [ -n "$CI" ] || husky
2025-04-17T00:33:26.9946944Z 
2025-04-17T00:33:27.0070284Z 
2025-04-17T00:33:27.0074467Z up to date, audited 1907 packages in 3s
2025-04-17T00:33:27.0076940Z 
2025-04-17T00:33:27.0079461Z 354 packages are looking for funding
2025-04-17T00:33:27.0082500Z   run `npm fund` for details
2025-04-17T00:33:27.0083143Z 
2025-04-17T00:33:27.0085500Z found 0 vulnerabilities
2025-04-17T00:33:27.0281412Z ##[group]Run snyk auth 
2025-04-17T00:33:27.0281704Z [36;1msnyk auth [0m
2025-04-17T00:33:27.0327828Z shell: /usr/bin/bash -e {0}
2025-04-17T00:33:27.0328051Z env:
2025-04-17T00:33:27.0328211Z   SNYK_TOKEN: 
2025-04-17T00:33:27.0328386Z ##[endgroup]
2025-04-17T00:33:27.3702960Z 
2025-04-17T00:33:27.3708710Z Now redirecting you to our auth page, go ahead and log in,
2025-04-17T00:33:27.3710052Z and once the auth is complete, return to this prompt and you'll
2025-04-17T00:33:27.3711237Z be ready to start using snyk.
2025-04-17T00:33:27.3711652Z 
2025-04-17T00:33:27.3712025Z If you can't wait use this url:
2025-04-17T00:33:27.3716752Z https://app.snyk.io/oauth2/authorize?access_type=offline&client_id=b56d4c2e-b9e1-4d27-8773-ad47eafb0956&code_challenge=Nb4prpFQv2v16YcGLbYMIYCtY7sLXzKuEFM1Mbl1kQM&code_challenge_method=S256&cross_region_routing=true&redirect_uri=http%3A%2F%2F127.0.0.1%3A8080%2Fauthorization-code%2Fcallback&response_type=code&scope=offline_access&state=KliZ4U47ZLdgjj.&version=2021-08-11~experimental
2025-04-17T00:33:27.3719162Z 
2025-04-17T00:33:28.5025505Z /usr/bin/xdg-open: 882: www-browser: not found
2025-04-17T00:33:28.5041005Z /usr/bin/xdg-open: 882: links2: not found
2025-04-17T00:33:28.5056386Z /usr/bin/xdg-open: 882: elinks: not found
2025-04-17T00:33:28.5070659Z /usr/bin/xdg-open: 882: links: not found
2025-04-17T00:33:28.5091392Z /usr/bin/xdg-open: 882: lynx: not found
2025-04-17T00:33:28.5107746Z /usr/bin/xdg-open: 882: w3m: not found
2025-04-17T00:33:28.5113607Z xdg-open: no method available for opening 'https://app.snyk.io/oauth2/authorize?access_type=offline&client_id=b56d4c2e-b9e1-4d27-8773-ad47eafb0956&code_challenge=Nb4prpFQv2v16YcGLbYMIYCtY7sLXzKuEFM1Mbl1kQM&code_challenge_method=S256&cross_region_routing=true&redirect_uri=http%3A%2F%2F127.0.0.1%3A8080%2Fauthorization-code%2Fcallback&response_type=code&scope=offline_access&state=KliZ4U47ZLdgjj.&version=2021-08-11~experimental'
2025-04-17T00:35:27.3700268Z 
2025-04-17T00:35:27.3701400Z  ERROR   Unspecified Error (SNYK-CLI-0000)
2025-04-17T00:35:27.3703280Z          The encountered error only provides basic information, please take a look at   
2025-04-17T00:35:27.3704692Z          the given details.If they do not help to resolve the issue, consider debugging 
2025-04-17T00:35:27.3705566Z          or consulting support.                                                         
2025-04-17T00:35:27.3706262Z                                                                                         
2025-04-17T00:35:27.3706981Z            authentication failed (timeout)                                              
2025-04-17T00:35:27.3707454Z 
2025-04-17T00:35:27.3707940Z Docs:    https://docs.snyk.io/scan-with-snyk/error-catalog#snyk-cli-0000 
2025-04-17T00:35:27.3708604Z                                                                          
2025-04-17T00:35:27.3709264Z ID:      urn:snyk:interaction:e17d5299-afb9-47a0-8d59-7735f21e6f4a 
2025-04-17T00:35:28.4697465Z ##[error]Process completed with exit code 2.
2025-04-17T00:35:28.4820614Z Post job cleanup.
2025-04-17T00:35:28.5756618Z [command]/usr/bin/git version
2025-04-17T00:35:28.5796994Z git version 2.49.0
2025-04-17T00:35:28.5844331Z Temporarily overriding HOME='/home/runner/work/_temp/8548b06d-33c2-4e4f-af3e-019b199a87a3' before making global git config changes
2025-04-17T00:35:28.5846314Z Adding repository directory to the temporary git global config as a safe directory
2025-04-17T00:35:28.5851015Z [command]/usr/bin/git config --global --add safe.directory /home/runner/work/date-night-app2/date-night-app2
2025-04-17T00:35:28.5894268Z [command]/usr/bin/git config --local --name-only --get-regexp core\.sshCommand
2025-04-17T00:35:28.5930971Z [command]/usr/bin/git submodule foreach --recursive sh -c "git config --local --name-only --get-regexp 'core\.sshCommand' && git config --local --unset-all 'core.sshCommand' || :"
2025-04-17T00:35:28.6174384Z [command]/usr/bin/git config --local --name-only --get-regexp http\.https\:\/\/github\.com\/\.extraheader
2025-04-17T00:35:28.6198365Z http.https://github.com/.extraheader
2025-04-17T00:35:28.6213150Z [command]/usr/bin/git config --local --unset-all http.https://github.com/.extraheader
2025-04-17T00:35:28.6249248Z [command]/usr/bin/git submodule foreach --recursive sh -c "git config --local --name-only --get-regexp 'http\.https\:\/\/github\.com\/\.extraheader' && git config --local --unset-all 'http.https://github.com/.extraheader' || :"
2025-04-17T00:35:28.6594859Z Cleaning up orphan processes
