2025-04-16T16:57:22.3316864Z Current runner version: '2.323.0'
2025-04-16T16:57:22.3342731Z ##[group]Operating System
2025-04-16T16:57:22.3343625Z Ubuntu
2025-04-16T16:57:22.3344250Z 24.04.2
2025-04-16T16:57:22.3344733Z LTS
2025-04-16T16:57:22.3345220Z ##[endgroup]
2025-04-16T16:57:22.3345804Z ##[group]Runner Image
2025-04-16T16:57:22.3346423Z Image: ubuntu-24.04
2025-04-16T16:57:22.3346942Z Version: 20250413.1.0
2025-04-16T16:57:22.3348082Z Included Software: https://github.com/actions/runner-images/blob/ubuntu24/20250413.1/images/ubuntu/Ubuntu2404-Readme.md
2025-04-16T16:57:22.3349605Z Image Release: https://github.com/actions/runner-images/releases/tag/ubuntu24%2F20250413.1
2025-04-16T16:57:22.3350507Z ##[endgroup]
2025-04-16T16:57:22.3351540Z ##[group]Runner Image Provisioner
2025-04-16T16:57:22.3352138Z 2.0.422.1
2025-04-16T16:57:22.3352666Z ##[endgroup]
2025-04-16T16:57:22.3353828Z ##[group]GITHUB_TOKEN Permissions
2025-04-16T16:57:22.3355958Z Actions: read
2025-04-16T16:57:22.3356489Z Contents: write
2025-04-16T16:57:22.3357404Z Metadata: read
2025-04-16T16:57:22.3358047Z ##[endgroup]
2025-04-16T16:57:22.3360429Z Secret source: Actions
2025-04-16T16:57:22.3361816Z Prepare workflow directory
2025-04-16T16:57:22.3765734Z Prepare all required actions
2025-04-16T16:57:22.3822700Z Getting action download info
2025-04-16T16:57:22.8670416Z ##[group]Download immutable action package 'actions/checkout@v4'
2025-04-16T16:57:22.8672613Z Version: 4.2.2
2025-04-16T16:57:22.8674207Z Digest: sha256:ccb2698953eaebd21c7bf6268a94f9c26518a7e38e27e0b83c1fe1ad049819b1
2025-04-16T16:57:22.8676205Z Source commit SHA: 11bd71901bbe5b1630ceea73d27597364c9af683
2025-04-16T16:57:22.8677399Z ##[endgroup]
2025-04-16T16:57:22.9690294Z ##[group]Download immutable action package 'actions/setup-node@v4'
2025-04-16T16:57:22.9691100Z Version: 4.4.0
2025-04-16T16:57:22.9692260Z Digest: sha256:9427cefe82346e992fb5b949e3569b39d537ae41aa3086483b14eceebfc16bc1
2025-04-16T16:57:22.9693230Z Source commit SHA: 49933ea5288caeca8642d1e84afbd3f7d6820020
2025-04-16T16:57:22.9693947Z ##[endgroup]
2025-04-16T16:57:23.3800099Z Complete job name: sync-error-logs
2025-04-16T16:57:23.4511931Z ##[group]Run actions/checkout@v4
2025-04-16T16:57:23.4512866Z with:
2025-04-16T16:57:23.4513262Z   fetch-depth: 0
2025-04-16T16:57:23.4513945Z   token: ***
2025-04-16T16:57:23.4514373Z   repository: mrkurger/date-night-app2
2025-04-16T16:57:23.4514900Z   ssh-strict: true
2025-04-16T16:57:23.4515312Z   ssh-user: git
2025-04-16T16:57:23.4515722Z   persist-credentials: true
2025-04-16T16:57:23.4516174Z   clean: true
2025-04-16T16:57:23.4516574Z   sparse-checkout-cone-mode: true
2025-04-16T16:57:23.4517069Z   fetch-tags: false
2025-04-16T16:57:23.4517471Z   show-progress: true
2025-04-16T16:57:23.4517906Z   lfs: false
2025-04-16T16:57:23.4518279Z   submodules: false
2025-04-16T16:57:23.4518691Z   set-safe-directory: true
2025-04-16T16:57:23.4519544Z env:
2025-04-16T16:57:23.4519938Z   CI: true
2025-04-16T16:57:23.4520326Z ##[endgroup]
2025-04-16T16:57:23.6817648Z Syncing repository: mrkurger/date-night-app2
2025-04-16T16:57:23.6819713Z ##[group]Getting Git version info
2025-04-16T16:57:23.6821126Z Working directory is '/home/runner/work/date-night-app2/date-night-app2'
2025-04-16T16:57:23.6824958Z [command]/usr/bin/git version
2025-04-16T16:57:23.6874771Z git version 2.49.0
2025-04-16T16:57:23.6909204Z ##[endgroup]
2025-04-16T16:57:23.6938515Z Temporarily overriding HOME='/home/runner/work/_temp/425c422b-6a81-4321-a6c4-46fe95c8d163' before making global git config changes
2025-04-16T16:57:23.6945449Z Adding repository directory to the temporary git global config as a safe directory
2025-04-16T16:57:23.6948978Z [command]/usr/bin/git config --global --add safe.directory /home/runner/work/date-night-app2/date-night-app2
2025-04-16T16:57:23.6991803Z Deleting the contents of '/home/runner/work/date-night-app2/date-night-app2'
2025-04-16T16:57:23.6995687Z ##[group]Initializing the repository
2025-04-16T16:57:23.7000840Z [command]/usr/bin/git init /home/runner/work/date-night-app2/date-night-app2
2025-04-16T16:57:23.7098890Z hint: Using 'master' as the name for the initial branch. This default branch name
2025-04-16T16:57:23.7100784Z hint: is subject to change. To configure the initial branch name to use in all
2025-04-16T16:57:23.7102482Z hint: of your new repositories, which will suppress this warning, call:
2025-04-16T16:57:23.7103835Z hint:
2025-04-16T16:57:23.7104733Z hint: 	git config --global init.defaultBranch <name>
2025-04-16T16:57:23.7105780Z hint:
2025-04-16T16:57:23.7106744Z hint: Names commonly chosen instead of 'master' are 'main', 'trunk' and
2025-04-16T16:57:23.7108484Z hint: 'development'. The just-created branch can be renamed via this command:
2025-04-16T16:57:23.7109935Z hint:
2025-04-16T16:57:23.7110947Z hint: 	git branch -m <name>
2025-04-16T16:57:23.7114428Z Initialized empty Git repository in /home/runner/work/date-night-app2/date-night-app2/.git/
2025-04-16T16:57:23.7123759Z [command]/usr/bin/git remote add origin https://github.com/mrkurger/date-night-app2
2025-04-16T16:57:23.7167764Z ##[endgroup]
2025-04-16T16:57:23.7169171Z ##[group]Disabling automatic garbage collection
2025-04-16T16:57:23.7172602Z [command]/usr/bin/git config --local gc.auto 0
2025-04-16T16:57:23.7208079Z ##[endgroup]
2025-04-16T16:57:23.7209434Z ##[group]Setting up auth
2025-04-16T16:57:23.7216110Z [command]/usr/bin/git config --local --name-only --get-regexp core\.sshCommand
2025-04-16T16:57:23.7252459Z [command]/usr/bin/git submodule foreach --recursive sh -c "git config --local --name-only --get-regexp 'core\.sshCommand' && git config --local --unset-all 'core.sshCommand' || :"
2025-04-16T16:57:23.7645262Z [command]/usr/bin/git config --local --name-only --get-regexp http\.https\:\/\/github\.com\/\.extraheader
2025-04-16T16:57:23.7683212Z [command]/usr/bin/git submodule foreach --recursive sh -c "git config --local --name-only --get-regexp 'http\.https\:\/\/github\.com\/\.extraheader' && git config --local --unset-all 'http.https://github.com/.extraheader' || :"
2025-04-16T16:57:23.7934544Z [command]/usr/bin/git config --local http.https://github.com/.extraheader AUTHORIZATION: basic ***
2025-04-16T16:57:23.7994376Z ##[endgroup]
2025-04-16T16:57:23.7997115Z ##[group]Fetching the repository
2025-04-16T16:57:23.8006263Z [command]/usr/bin/git -c protocol.version=2 fetch --prune --no-recurse-submodules origin +refs/heads/*:refs/remotes/origin/* +refs/tags/*:refs/tags/*
2025-04-16T16:57:32.4148944Z From https://github.com/mrkurger/date-night-app2
2025-04-16T16:57:32.4156487Z  * [new branch]      dependabot/github_actions/dawidd6/action-download-artifact-9 -> origin/dependabot/github_actions/dawidd6/action-download-artifact-9
2025-04-16T16:57:32.4158734Z  * [new branch]      dependabot/npm_and_yarn/server/multi-94fa72f662 -> origin/dependabot/npm_and_yarn/server/multi-94fa72f662
2025-04-16T16:57:32.4160166Z  * [new branch]      main       -> origin/main
2025-04-16T16:57:32.4196961Z [command]/usr/bin/git branch --list --remote origin/main
2025-04-16T16:57:32.4228341Z   origin/main
2025-04-16T16:57:32.4243684Z [command]/usr/bin/git rev-parse refs/remotes/origin/main
2025-04-16T16:57:32.4274034Z 66574f2a6599e39447ddaa683e40a7580cf7917d
2025-04-16T16:57:32.4280029Z ##[endgroup]
2025-04-16T16:57:32.4281496Z ##[group]Determining the checkout info
2025-04-16T16:57:32.4285237Z ##[endgroup]
2025-04-16T16:57:32.4299442Z [command]/usr/bin/git sparse-checkout disable
2025-04-16T16:57:32.4347824Z [command]/usr/bin/git config --local --unset-all extensions.worktreeConfig
2025-04-16T16:57:32.4388741Z ##[group]Checking out the ref
2025-04-16T16:57:32.4397283Z [command]/usr/bin/git checkout --progress --force -B main refs/remotes/origin/main
2025-04-16T16:57:32.8043192Z Switched to a new branch 'main'
2025-04-16T16:57:32.8054791Z branch 'main' set up to track 'origin/main'.
2025-04-16T16:57:32.8092576Z ##[endgroup]
2025-04-16T16:57:32.8160246Z [command]/usr/bin/git log -1 --format=%H
2025-04-16T16:57:32.8200172Z 66574f2a6599e39447ddaa683e40a7580cf7917d
2025-04-16T16:57:32.8456493Z ##[group]Run actions/setup-node@v4
2025-04-16T16:57:32.8456845Z with:
2025-04-16T16:57:32.8457336Z   node-version: 22.x
2025-04-16T16:57:32.8457543Z   always-auth: false
2025-04-16T16:57:32.8457742Z   check-latest: false
2025-04-16T16:57:32.8458057Z   token: ***
2025-04-16T16:57:32.8458235Z env:
2025-04-16T16:57:32.8458401Z   CI: true
2025-04-16T16:57:32.8458565Z ##[endgroup]
2025-04-16T16:57:33.0232630Z Found in cache @ /opt/hostedtoolcache/node/22.14.0/x64
2025-04-16T16:57:33.0240449Z ##[group]Environment details
2025-04-16T16:57:33.4897309Z node: v22.14.0
2025-04-16T16:57:33.4898489Z npm: 10.9.2
2025-04-16T16:57:33.4899245Z yarn: 1.22.22
2025-04-16T16:57:33.4900785Z ##[endgroup]
2025-04-16T16:57:33.5014620Z ##[group]Run npm install @octokit/rest@19.0.13 fs-extra@11.2.0
2025-04-16T16:57:33.5015079Z [36;1mnpm install @octokit/rest@19.0.13 fs-extra@11.2.0[0m
2025-04-16T16:57:33.5069876Z shell: /usr/bin/bash -e {0}
2025-04-16T16:57:33.5070147Z env:
2025-04-16T16:57:33.5070327Z   CI: true
2025-04-16T16:57:33.5070572Z ##[endgroup]
2025-04-16T16:57:39.0426203Z npm warn deprecated xss-clean@0.1.4: Package no longer supported. Contact Support at https://www.npmjs.com/support for more info.
2025-04-16T16:57:40.2233260Z npm warn deprecated rimraf@3.0.2: Rimraf versions prior to v4 are no longer supported
2025-04-16T16:57:40.9286856Z npm warn deprecated passport-reddit@1.1.0: While functionally complete, this library will not be receiving any updates going forwards. Users are actively discouraged from using OAuth2 for authentication. See archival notice on github for more details.
2025-04-16T16:57:41.4080247Z npm warn deprecated npmlog@5.0.1: This package is no longer supported.
2025-04-16T16:57:42.3503921Z npm warn deprecated superagent@8.1.2: Please upgrade to v9.0.0+ as we have fixed a public vulnerability with formidable dependency. Note that v9.0.0+ requires Node.js v14.18.0+. See https://github.com/ladjs/superagent/pull/1800 for insight. This project is supported and maintained by the team at Forward Email @ https://forwardemail.net
2025-04-16T16:57:42.6113840Z npm warn deprecated inflight@1.0.6: This module is not supported, and leaks memory. Do not use it. Check out lru-cache if you want a good and tested way to coalesce async requests by a key value, which is much more comprehensive and powerful.
2025-04-16T16:57:43.0369817Z npm warn deprecated glob@7.2.3: Glob versions prior to v9 are no longer supported
2025-04-16T16:57:43.5851857Z npm warn deprecated gauge@3.0.2: This package is no longer supported.
2025-04-16T16:57:43.9490587Z npm warn deprecated domexception@4.0.0: Use your platform's native DOMException instead
2025-04-16T16:57:45.1378071Z npm warn deprecated are-we-there-yet@2.0.0: This package is no longer supported.
2025-04-16T16:57:45.2477711Z npm warn deprecated abab@2.0.6: Use your platform's native atob() and btoa() methods instead
2025-04-16T16:57:46.3678546Z npm warn deprecated @humanwhocodes/config-array@0.11.14: Use @eslint/config-array instead
2025-04-16T16:57:46.3878358Z npm warn deprecated @humanwhocodes/object-schema@2.0.3: Use @eslint/object-schema instead
2025-04-16T16:57:53.7395101Z npm warn deprecated eslint@8.56.0: This version is no longer supported. Please see https://eslint.org/version-support for other options.
2025-04-16T16:57:53.7697212Z npm warn deprecated eslint@8.56.0: This version is no longer supported. Please see https://eslint.org/version-support for other options.
2025-04-16T16:58:17.3412321Z 
2025-04-16T16:58:17.3414054Z added 1914 packages, and audited 1917 packages in 44s
2025-04-16T16:58:17.3437259Z 
2025-04-16T16:58:17.3437606Z 354 packages are looking for funding
2025-04-16T16:58:17.3438405Z   run `npm fund` for details
2025-04-16T16:58:17.3661474Z 
2025-04-16T16:58:17.3664402Z 9 moderate severity vulnerabilities
2025-04-16T16:58:17.3665134Z 
2025-04-16T16:58:17.3666832Z To address issues that do not require attention, run:
2025-04-16T16:58:17.3667852Z   npm audit fix
2025-04-16T16:58:17.3686856Z 
2025-04-16T16:58:17.3687323Z To address all issues (including breaking changes), run:
2025-04-16T16:58:17.3687910Z   npm audit fix --force
2025-04-16T16:58:17.3688432Z 
2025-04-16T16:58:17.3688637Z Run `npm audit` for details.
2025-04-16T16:58:17.4479654Z ##[group]Run cat > fetch-workflow-logs.js << 'EOF'
2025-04-16T16:58:17.4480759Z [36;1mcat > fetch-workflow-logs.js << 'EOF'[0m
2025-04-16T16:58:17.4481485Z [36;1mconst { Octokit } = require('@octokit/rest');[0m
2025-04-16T16:58:17.4481853Z [36;1mconst fs = require('fs-extra');[0m
2025-04-16T16:58:17.4482148Z [36;1mconst path = require('path');[0m
2025-04-16T16:58:17.4482411Z [36;1m[0m
2025-04-16T16:58:17.4482599Z [36;1masync function main() {[0m
2025-04-16T16:58:17.4482867Z [36;1m  const owner = process.env.REPO_OWNER;[0m
2025-04-16T16:58:17.4483168Z [36;1m  const repo = process.env.REPO_NAME;[0m
2025-04-16T16:58:17.4483505Z [36;1m  const logsDir = path.join('workflow-error-logs');[0m
2025-04-16T16:58:17.4483805Z [36;1m  [0m
2025-04-16T16:58:17.4484065Z [36;1m  console.log(`Fetching workflow logs for ${owner}/${repo}`);[0m
2025-04-16T16:58:17.4484382Z [36;1m  [0m
2025-04-16T16:58:17.4484621Z [36;1m  // Create logs directory if it doesn't exist[0m
2025-04-16T16:58:17.4484964Z [36;1m  await fs.ensureDir(logsDir);[0m
2025-04-16T16:58:17.4485222Z [36;1m  [0m
2025-04-16T16:58:17.4485407Z [36;1m  const octokit = new Octokit({[0m
2025-04-16T16:58:17.4485676Z [36;1m    auth: process.env.GITHUB_TOKEN,[0m
2025-04-16T16:58:17.4485937Z [36;1m    request: {[0m
2025-04-16T16:58:17.4486138Z [36;1m      retries: 3,[0m
2025-04-16T16:58:17.4486355Z [36;1m      retryAfter: 1[0m
2025-04-16T16:58:17.4486556Z [36;1m    }[0m
2025-04-16T16:58:17.4486730Z [36;1m  });[0m
2025-04-16T16:58:17.4486898Z [36;1m  [0m
2025-04-16T16:58:17.4487081Z [36;1m  // Get all workflows[0m
2025-04-16T16:58:17.4487414Z [36;1m  const { data: workflows } = await octokit.actions.listRepoWorkflows({[0m
2025-04-16T16:58:17.4487767Z [36;1m    owner,[0m
2025-04-16T16:58:17.4487956Z [36;1m    repo,[0m
2025-04-16T16:58:17.4488131Z [36;1m  });[0m
2025-04-16T16:58:17.4488298Z [36;1m  [0m
2025-04-16T16:58:17.4488503Z [36;1m  // Get recent workflow runs (last 30 days)[0m
2025-04-16T16:58:17.4488797Z [36;1m  const thirtyDaysAgo = new Date();[0m
2025-04-16T16:58:17.4489123Z [36;1m  thirtyDaysAgo.setDate(thirtyDaysAgo.getDate() - 30);[0m
2025-04-16T16:58:17.4489426Z [36;1m  [0m
2025-04-16T16:58:17.4489640Z [36;1m  for (const workflow of workflows.workflows) {[0m
2025-04-16T16:58:17.4490035Z [36;1m    console.log(`Processing workflow: ${workflow.name} (${workflow.id})`);[0m
2025-04-16T16:58:17.4490385Z [36;1m    [0m
2025-04-16T16:58:17.4490555Z [36;1m    try {[0m
2025-04-16T16:58:17.4490836Z [36;1m      const { data: runs } = await octokit.actions.listWorkflowRuns({[0m
2025-04-16T16:58:17.4491163Z [36;1m        owner,[0m
2025-04-16T16:58:17.4491669Z [36;1m        repo,[0m
2025-04-16T16:58:17.4491888Z [36;1m        workflow_id: workflow.id,[0m
2025-04-16T16:58:17.4492461Z [36;1m        created: `>=${thirtyDaysAgo.toISOString().split('T')[0]}`,[0m
2025-04-16T16:58:17.4492785Z [36;1m      });[0m
2025-04-16T16:58:17.4492968Z [36;1m      [0m
2025-04-16T16:58:17.4493162Z [36;1m      // Process failed runs[0m
2025-04-16T16:58:17.4493465Z [36;1m      const failedRuns = runs.workflow_runs.filter(run => [0m
2025-04-16T16:58:17.4493951Z [36;1m        run.conclusion === 'failure' || run.conclusion === 'cancelled' || run.conclusion === 'timed_out'[0m
2025-04-16T16:58:17.4494351Z [36;1m      );[0m
2025-04-16T16:58:17.4494528Z [36;1m      [0m
2025-04-16T16:58:17.4494841Z [36;1m      console.log(`Found ${failedRuns.length} failed runs for ${workflow.name}`);[0m
2025-04-16T16:58:17.4495237Z [36;1m      [0m
2025-04-16T16:58:17.4495447Z [36;1m      for (const run of failedRuns) {[0m
2025-04-16T16:58:17.4495808Z [36;1m        const runDate = new Date(run.created_at).toISOString().split('T')[0];[0m
2025-04-16T16:58:17.4496368Z [36;1m        const workflowDir = path.join(logsDir, workflow.name.replace(/[^a-zA-Z0-9]/g, '-').toLowerCase());[0m
2025-04-16T16:58:17.4496902Z [36;1m        const runDir = path.join(workflowDir, `${runDate}_${run.id}`);[0m
2025-04-16T16:58:17.4497570Z [36;1m        [0m
2025-04-16T16:58:17.4497787Z [36;1m        await fs.ensureDir(runDir);[0m
2025-04-16T16:58:17.4498032Z [36;1m        [0m
2025-04-16T16:58:17.4498226Z [36;1m        // Save run metadata[0m
2025-04-16T16:58:17.4498579Z [36;1m        await fs.writeJson(path.join(runDir, 'metadata.json'), run, { spaces: 2 });[0m
2025-04-16T16:58:17.4498938Z [36;1m        [0m
2025-04-16T16:58:17.4499113Z [36;1m        try {[0m
2025-04-16T16:58:17.4499327Z [36;1m          // Get jobs for this run[0m
2025-04-16T16:58:17.4499684Z [36;1m          const { data: jobs } = await octokit.actions.listJobsForWorkflowRun({[0m
2025-04-16T16:58:17.4500179Z [36;1m            owner,[0m
2025-04-16T16:58:17.4500423Z [36;1m            repo,[0m
2025-04-16T16:58:17.4500637Z [36;1m            run_id: run.id,[0m
2025-04-16T16:58:17.4500859Z [36;1m          });[0m
2025-04-16T16:58:17.4501045Z [36;1m          [0m
2025-04-16T16:58:17.4501489Z [36;1m          // Save jobs metadata[0m
2025-04-16T16:58:17.4501879Z [36;1m          await fs.writeJson(path.join(runDir, 'jobs.json'), jobs, { spaces: 2 });[0m
2025-04-16T16:58:17.4502256Z [36;1m          [0m
2025-04-16T16:58:17.4502458Z [36;1m          // Process each job[0m
2025-04-16T16:58:17.4502710Z [36;1m          for (const job of jobs.jobs) {[0m
2025-04-16T16:58:17.4503153Z [36;1m            if (job.conclusion === 'failure' || job.conclusion === 'cancelled' || job.conclusion === 'timed_out') {[0m
2025-04-16T16:58:17.4503730Z [36;1m              const jobDir = path.join(runDir, job.name.replace(/[^a-zA-Z0-9]/g, '-').toLowerCase());[0m
2025-04-16T16:58:17.4504149Z [36;1m              await fs.ensureDir(jobDir);[0m
2025-04-16T16:58:17.4504402Z [36;1m              [0m
2025-04-16T16:58:17.4504603Z [36;1m              // Save job metadata[0m
2025-04-16T16:58:17.4505001Z [36;1m              await fs.writeJson(path.join(jobDir, 'job-metadata.json'), job, { spaces: 2 });[0m
2025-04-16T16:58:17.4505371Z [36;1m              [0m
2025-04-16T16:58:17.4505569Z [36;1m              try {[0m
2025-04-16T16:58:17.4505779Z [36;1m                // Get job logs[0m
2025-04-16T16:58:17.4506132Z [36;1m                const logs = await octokit.actions.downloadJobLogsForWorkflowRun({[0m
2025-04-16T16:58:17.4506488Z [36;1m                  owner,[0m
2025-04-16T16:58:17.4506703Z [36;1m                  repo,[0m
2025-04-16T16:58:17.4506937Z [36;1m                  job_id: job.id,[0m
2025-04-16T16:58:17.4507164Z [36;1m                });[0m
2025-04-16T16:58:17.4507360Z [36;1m                [0m
2025-04-16T16:58:17.4507555Z [36;1m                // Save logs[0m
2025-04-16T16:58:17.4507875Z [36;1m                await fs.writeFile(path.join(jobDir, 'logs.txt'), logs.data);[0m
2025-04-16T16:58:17.4508283Z [36;1m                console.log(`Saved logs for job ${job.name} (${job.id})`);[0m
2025-04-16T16:58:17.4508601Z [36;1m              } catch (error) {[0m
2025-04-16T16:58:17.4508974Z [36;1m                console.error(`Error fetching logs for job ${job.id}: ${error.message}`);[0m
2025-04-16T16:58:17.4509504Z [36;1m                await fs.writeFile(path.join(jobDir, 'error.txt'), `Error fetching logs: ${error.message}`);[0m
2025-04-16T16:58:17.4509907Z [36;1m              }[0m
2025-04-16T16:58:17.4510102Z [36;1m            }[0m
2025-04-16T16:58:17.4510283Z [36;1m          }[0m
2025-04-16T16:58:17.4510474Z [36;1m        } catch (error) {[0m
2025-04-16T16:58:17.4510803Z [36;1m          console.error(`Error processing run ${run.id}: ${error.message}`);[0m
2025-04-16T16:58:17.4511424Z [36;1m          await fs.writeFile(path.join(runDir, 'error.txt'), `Error processing run: ${error.message}`);[0m
2025-04-16T16:58:17.4511824Z [36;1m        }[0m
2025-04-16T16:58:17.4512003Z [36;1m      }[0m
2025-04-16T16:58:17.4512180Z [36;1m    } catch (error) {[0m
2025-04-16T16:58:17.4512529Z [36;1m      console.error(`Error processing workflow ${workflow.id}: ${error.message}`);[0m
2025-04-16T16:58:17.4513061Z [36;1m    }[0m
2025-04-16T16:58:17.4513367Z [36;1m  }[0m
2025-04-16T16:58:17.4513537Z [36;1m  [0m
2025-04-16T16:58:17.4513709Z [36;1m  // Create summary file[0m
2025-04-16T16:58:17.4513940Z [36;1m  const summary = {[0m
2025-04-16T16:58:17.4514176Z [36;1m    timestamp: new Date().toISOString(),[0m
2025-04-16T16:58:17.4514489Z [36;1m    totalWorkflows: workflows.workflows.length,[0m
2025-04-16T16:58:17.4514832Z [36;1m    workflowSummary: workflows.workflows.map(w => ({[0m
2025-04-16T16:58:17.4515122Z [36;1m      name: w.name,[0m
2025-04-16T16:58:17.4515328Z [36;1m      id: w.id,[0m
2025-04-16T16:58:17.4515524Z [36;1m      path: w.path,[0m
2025-04-16T16:58:17.4515728Z [36;1m    })),[0m
2025-04-16T16:58:17.4515893Z [36;1m  };[0m
2025-04-16T16:58:17.4516064Z [36;1m  [0m
2025-04-16T16:58:17.4516372Z [36;1m  await fs.writeJson(path.join(logsDir, 'summary.json'), summary, { spaces: 2 });[0m
2025-04-16T16:58:17.4516805Z [36;1m  console.log('Workflow error logs sync completed');[0m
2025-04-16T16:58:17.4517102Z [36;1m}[0m
2025-04-16T16:58:17.4517267Z [36;1m[0m
2025-04-16T16:58:17.4517443Z [36;1mmain().catch(error => {[0m
2025-04-16T16:58:17.4517716Z [36;1m  console.error('Error in main process:', error);[0m
2025-04-16T16:58:17.4518005Z [36;1m  process.exit(1);[0m
2025-04-16T16:58:17.4518202Z [36;1m});[0m
2025-04-16T16:58:17.4518369Z [36;1mEOF[0m
2025-04-16T16:58:17.4518528Z [36;1m[0m
2025-04-16T16:58:17.4518711Z [36;1mnode fetch-workflow-logs.js[0m
2025-04-16T16:58:17.4566400Z shell: /usr/bin/bash -e {0}
2025-04-16T16:58:17.4566642Z env:
2025-04-16T16:58:17.4566815Z   CI: true
2025-04-16T16:58:17.4567215Z   GITHUB_TOKEN: ***
2025-04-16T16:58:17.4567414Z   REPO_OWNER: mrkurger
2025-04-16T16:58:17.4567632Z   REPO_NAME: date-night-app2
2025-04-16T16:58:17.4567846Z ##[endgroup]
2025-04-16T16:58:17.5428655Z Fetching workflow logs for mrkurger/date-night-app2
2025-04-16T16:58:17.7422873Z Processing workflow: Angular Tests (156396503)
2025-04-16T16:58:18.5748930Z Found 26 failed runs for Angular Tests
2025-04-16T16:58:19.2046683Z Saved logs for job e2e (22.x) (40671285255)
2025-04-16T16:58:19.3630148Z Saved logs for job test (22.x) (40671285283)
2025-04-16T16:58:19.9160446Z Saved logs for job e2e (22.x) (40665045272)
2025-04-16T16:58:20.0479414Z Saved logs for job test (22.x) (40665045274)
2025-04-16T16:58:20.6090615Z Saved logs for job test (22.x) (40664496095)
2025-04-16T16:58:20.7842805Z Saved logs for job e2e (22.x) (40664496108)
2025-04-16T16:58:21.2913506Z Saved logs for job e2e (22.x) (40663459721)
2025-04-16T16:58:21.4203156Z Saved logs for job test (22.x) (40663459733)
2025-04-16T16:58:21.9750339Z Saved logs for job e2e (22.x) (40662876861)
2025-04-16T16:58:22.1462468Z Saved logs for job test (22.x) (40662876876)
2025-04-16T16:58:22.5632992Z Saved logs for job e2e (22.x) (40662340818)
2025-04-16T16:58:22.7243984Z Saved logs for job test (22.x) (40662340822)
2025-04-16T16:58:23.2748258Z Saved logs for job test (22.x) (40660813802)
2025-04-16T16:58:23.4996100Z Saved logs for job e2e (22.x) (40660813807)
2025-04-16T16:58:23.9735337Z Saved logs for job e2e (22.x) (40659963795)
2025-04-16T16:58:24.1206542Z Saved logs for job test (22.x) (40659963797)
2025-04-16T16:58:24.5924876Z Saved logs for job lint (22.x) (40659963816)
2025-04-16T16:58:25.2114281Z Saved logs for job e2e (22.x) (40658470007)
2025-04-16T16:58:25.3754822Z Saved logs for job lint (22.x) (40658470023)
2025-04-16T16:58:25.5180622Z Saved logs for job test (22.x) (40658470025)
2025-04-16T16:58:26.0035050Z Saved logs for job test (22.x) (40656595432)
2025-04-16T16:58:26.1400357Z Saved logs for job e2e (22.x) (40656595450)
2025-04-16T16:58:26.2738527Z Saved logs for job lint (22.x) (40656595451)
2025-04-16T16:58:26.6935979Z Saved logs for job lint (22.x) (40648995689)
2025-04-16T16:58:26.8671094Z Saved logs for job e2e (22.x) (40648995690)
2025-04-16T16:58:27.0042928Z Saved logs for job test (22.x) (40648995699)
2025-04-16T16:58:27.4721771Z Saved logs for job test (22.x) (40648936041)
2025-04-16T16:58:27.6405087Z Saved logs for job lint (22.x) (40648936049)
2025-04-16T16:58:27.8147621Z Saved logs for job e2e (22.x) (40648936088)
2025-04-16T16:58:28.3002477Z Saved logs for job test (22.x) (40645363558)
2025-04-16T16:58:28.4520537Z Saved logs for job e2e (22.x) (40645363568)
2025-04-16T16:58:28.5946284Z Saved logs for job lint (22.x) (40645363582)
2025-04-16T16:58:29.1403324Z Saved logs for job test (22.x) (40642315715)
2025-04-16T16:58:29.2922900Z Saved logs for job e2e (22.x) (40642315733)
2025-04-16T16:58:29.4573838Z Saved logs for job lint (22.x) (40642315744)
2025-04-16T16:58:29.9197497Z Saved logs for job test (22.x) (40640408484)
2025-04-16T16:58:30.0791046Z Saved logs for job e2e (22.x) (40640408487)
2025-04-16T16:58:30.2373445Z Saved logs for job lint (22.x) (40640408495)
2025-04-16T16:58:30.6294077Z Saved logs for job test (22.x) (40639200761)
2025-04-16T16:58:30.8013808Z Saved logs for job e2e (22.x) (40639200762)
2025-04-16T16:58:30.9672275Z Saved logs for job lint (22.x) (40639200772)
2025-04-16T16:58:31.5208921Z Saved logs for job test (22.x) (40638434179)
2025-04-16T16:58:31.6580976Z Saved logs for job lint (22.x) (40638434180)
2025-04-16T16:58:31.8037987Z Saved logs for job e2e (22.x) (40638434197)
2025-04-16T16:58:32.2795106Z Saved logs for job test (22.x) (40638117917)
2025-04-16T16:58:32.4323934Z Saved logs for job e2e (22.x) (40638117918)
2025-04-16T16:58:32.5960578Z Saved logs for job lint (22.x) (40638117931)
2025-04-16T16:58:33.0491042Z Saved logs for job test (22.x) (40637222574)
2025-04-16T16:58:33.1983967Z Saved logs for job e2e (22.x) (40637222590)
2025-04-16T16:58:33.3235119Z Saved logs for job lint (22.x) (40637222627)
2025-04-16T16:58:33.7520619Z Saved logs for job e2e (22.x) (40636317713)
2025-04-16T16:58:33.8779256Z Saved logs for job test (22.x) (40636317717)
2025-04-16T16:58:34.0317306Z Saved logs for job lint (22.x) (40636317718)
2025-04-16T16:58:34.4929729Z Saved logs for job test (22.x) (40635520017)
2025-04-16T16:58:34.6146112Z Saved logs for job e2e (22.x) (40635520024)
2025-04-16T16:58:34.7484334Z Saved logs for job lint (22.x) (40635520025)
2025-04-16T16:58:35.3595800Z Saved logs for job e2e (22.x) (40631138588)
2025-04-16T16:58:35.5761821Z Saved logs for job test (22.x) (40631138593)
2025-04-16T16:58:36.0213683Z Saved logs for job test (22.x) (40628452555)
2025-04-16T16:58:36.2130153Z Saved logs for job e2e (22.x) (40628452573)
2025-04-16T16:58:36.7962959Z Saved logs for job test (22.x) (40625114143)
2025-04-16T16:58:37.0007800Z Saved logs for job e2e (22.x) (40625114153)
2025-04-16T16:58:37.4604835Z Saved logs for job e2e (22.x) (40623556700)
2025-04-16T16:58:37.6386936Z Saved logs for job test (22.x) (40623556710)
2025-04-16T16:58:38.2882698Z Saved logs for job e2e (22.x) (40623232672)
2025-04-16T16:58:38.4630493Z Saved logs for job test (22.x) (40623232677)
2025-04-16T16:58:38.4632991Z Processing workflow: Security Alerts Report (Alternative) (156517337)
2025-04-16T16:58:38.6657038Z Found 0 failed runs for Security Alerts Report (Alternative)
2025-04-16T16:58:38.6659206Z Processing workflow: Security Alerts Report (156511788)
2025-04-16T16:58:38.8612890Z Found 1 failed runs for Security Alerts Report
2025-04-16T16:58:39.2552304Z Saved logs for job generate-report (40657820058)
2025-04-16T16:58:39.2554591Z Processing workflow: Server Tests (156396504)
2025-04-16T16:58:39.6727148Z Found 7 failed runs for Server Tests
2025-04-16T16:58:40.0557079Z Saved logs for job test (22.x) (40663459741)
2025-04-16T16:58:40.4421525Z Saved logs for job test (22.x) (40659963757)
2025-04-16T16:58:40.6006074Z Saved logs for job lint (22.x) (40659963777)
2025-04-16T16:58:40.9891575Z Saved logs for job lint (22.x) (40656595380)
2025-04-16T16:58:41.1700443Z Saved logs for job test (22.x) (40656595382)
2025-04-16T16:58:41.6966112Z Saved logs for job test (22.x) (40648936051)
2025-04-16T16:58:41.8554344Z Saved logs for job lint (22.x) (40648936076)
2025-04-16T16:58:42.2876489Z Saved logs for job lint (22.x) (40636317715)
2025-04-16T16:58:42.4750567Z Saved logs for job test (22.x) (40636317724)
2025-04-16T16:58:42.8698847Z Saved logs for job lint (22.x) (40636157199)
2025-04-16T16:58:43.0272725Z Saved logs for job test (22.x) (40636157200)
2025-04-16T16:58:43.4917945Z Saved logs for job test (22.x) (40631138589)
2025-04-16T16:58:43.4918957Z Processing workflow: Sync GitHub Insights (Alternative) (156517338)
2025-04-16T16:58:43.6253082Z Found 0 failed runs for Sync GitHub Insights (Alternative)
2025-04-16T16:58:43.6260272Z Processing workflow: Sync GitHub Insights (Fixed) (156518590)
2025-04-16T16:58:43.8213593Z Found 0 failed runs for Sync GitHub Insights (Fixed)
2025-04-16T16:58:43.8215488Z Processing workflow: Sync GitHub Insights (156511789)
2025-04-16T16:58:44.1359361Z Found 3 failed runs for Sync GitHub Insights
2025-04-16T16:58:44.5543882Z Saved logs for job sync-insights (40658529730)
2025-04-16T16:58:45.0090989Z Saved logs for job sync-insights (40657800158)
2025-04-16T16:58:46.0622212Z Saved logs for job sync-insights (40656793753)
2025-04-16T16:58:46.0623765Z Processing workflow: Sync Snyk Issues (156557032)
2025-04-16T16:58:46.2586546Z Found 0 failed runs for Sync Snyk Issues
2025-04-16T16:58:46.2587743Z Processing workflow: Sync Test Reports (156511790)
2025-04-16T16:58:46.7187630Z Found 2 failed runs for Sync Test Reports
2025-04-16T16:58:47.2637285Z Saved logs for job sync-reports (40656664593)
2025-04-16T16:58:47.7409935Z Saved logs for job sync-reports (40656644372)
2025-04-16T16:58:47.7421024Z Processing workflow: Sync Workflow Error Logs (156531139)
2025-04-16T16:58:48.3549559Z Found 13 failed runs for Sync Workflow Error Logs
2025-04-16T16:58:48.7531789Z Saved logs for job sync-error-logs (40663884504)
2025-04-16T16:58:49.1175640Z Saved logs for job sync-error-logs (40663871175)
2025-04-16T16:58:49.5404459Z Saved logs for job sync-error-logs (40663862163)
2025-04-16T16:58:49.9385707Z Saved logs for job sync-error-logs (40663803075)
2025-04-16T16:58:50.4978361Z Saved logs for job sync-error-logs (40663762300)
2025-04-16T16:58:50.8891066Z Saved logs for job sync-error-logs (40663734511)
2025-04-16T16:58:51.3012090Z Saved logs for job sync-error-logs (40663704386)
2025-04-16T16:58:51.7273486Z Saved logs for job sync-error-logs (40663657537)
2025-04-16T16:58:52.1233271Z Saved logs for job sync-error-logs (40663640084)
2025-04-16T16:58:52.5482291Z Saved logs for job sync-error-logs (40663610469)
2025-04-16T16:58:52.9804000Z Saved logs for job sync-error-logs (40663581882)
2025-04-16T16:58:53.3713262Z Saved logs for job sync-error-logs (40663556539)
2025-04-16T16:58:53.8017025Z Saved logs for job sync-error-logs (40663029643)
2025-04-16T16:58:53.8018295Z Processing workflow: Sync Workflow Error Logs (Robust) (156532769)
2025-04-16T16:58:54.4955435Z Found 24 failed runs for Sync Workflow Error Logs (Robust)
2025-04-16T16:58:54.7863897Z Saved logs for job sync-error-logs (40667363362)
2025-04-16T16:58:55.2253800Z Saved logs for job sync-error-logs (40667339786)
2025-04-16T16:58:55.5590131Z Saved logs for job sync-error-logs (40667169107)
2025-04-16T16:58:55.9401850Z Saved logs for job sync-error-logs (40665192111)
2025-04-16T16:58:56.3240225Z Saved logs for job sync-error-logs (40665160549)
2025-04-16T16:58:56.7760925Z Saved logs for job sync-error-logs (40664651912)
2025-04-16T16:58:57.1676213Z Saved logs for job sync-error-logs (40664616106)
2025-04-16T16:58:57.5822800Z Saved logs for job sync-error-logs (40664499845)
2025-04-16T16:58:58.0572918Z Saved logs for job sync-error-logs (40664435963)
2025-04-16T16:58:58.4756772Z Saved logs for job sync-error-logs (40663852786)
2025-04-16T16:58:58.9005803Z Saved logs for job sync-error-logs (40663768800)
2025-04-16T16:58:59.2389030Z Saved logs for job sync-error-logs (40663746533)
2025-04-16T16:58:59.6873289Z Saved logs for job sync-error-logs (40663734604)
2025-04-16T16:59:00.0938666Z Saved logs for job sync-error-logs (40663734211)
2025-04-16T16:59:00.3951138Z Saved logs for job sync-error-logs (40663726146)
2025-04-16T16:59:01.9749290Z Saved logs for job sync-error-logs (40663694016)
2025-04-16T16:59:02.3935713Z Saved logs for job sync-error-logs (40663680006)
2025-04-16T16:59:02.6903232Z Saved logs for job sync-error-logs (40663676815)
2025-04-16T16:59:03.1291096Z Saved logs for job sync-error-logs (40663642603)
2025-04-16T16:59:03.4700195Z Saved logs for job sync-error-logs (40663640193)
2025-04-16T16:59:03.8667438Z Saved logs for job sync-error-logs (40663610483)
2025-04-16T16:59:04.2024607Z Saved logs for job sync-error-logs (40663581813)
2025-04-16T16:59:04.5469789Z Saved logs for job sync-error-logs (40663556527)
2025-04-16T16:59:04.8234638Z Saved logs for job sync-error-logs (40663489150)
2025-04-16T16:59:04.8236875Z Processing workflow: Sync Workflow Error Logs (156529457)
2025-04-16T16:59:05.5372648Z Found 16 failed runs for Sync Workflow Error Logs
2025-04-16T16:59:05.8573673Z Saved logs for job sync-error-logs (40663978660)
2025-04-16T16:59:06.2927025Z Saved logs for job sync-error-logs (40663935374)
2025-04-16T16:59:06.6549552Z Saved logs for job sync-error-logs (40663840001)
2025-04-16T16:59:07.0492589Z Saved logs for job sync-error-logs (40663802949)
2025-04-16T16:59:07.4773457Z Saved logs for job sync-error-logs (40663762365)
2025-04-16T16:59:07.9549597Z Saved logs for job sync-error-logs (40663734602)
2025-04-16T16:59:08.3119088Z Saved logs for job sync-error-logs (40663704422)
2025-04-16T16:59:08.7705227Z Saved logs for job sync-error-logs (40663657651)
2025-04-16T16:59:09.2635345Z Saved logs for job sync-error-logs (40663640395)
2025-04-16T16:59:09.6588101Z Saved logs for job sync-error-logs (40663610514)
2025-04-16T16:59:10.1110510Z Saved logs for job sync-error-logs (40663581717)
2025-04-16T16:59:10.5092448Z Saved logs for job sync-error-logs (40663556577)
2025-04-16T16:59:10.9122335Z Saved logs for job sync-error-logs (40663029928)
2025-04-16T16:59:11.3229295Z Saved logs for job sync-error-logs (40662993597)
2025-04-16T16:59:11.6817516Z Saved logs for job sync-error-logs (40662475242)
2025-04-16T16:59:12.1978583Z Saved logs for job sync-error-logs (40662446363)
2025-04-16T16:59:12.1979722Z Processing workflow: Dependabot Updates (153911032)
2025-04-16T16:59:12.9418428Z Found 13 failed runs for Dependabot Updates
2025-04-16T16:59:13.3412355Z Saved logs for job Dependabot (40671290570)
2025-04-16T16:59:13.7370735Z Saved logs for job Dependabot (40671289916)
2025-04-16T16:59:14.1116328Z Saved logs for job Dependabot (40667240338)
2025-04-16T16:59:14.5880997Z Saved logs for job Dependabot (40667235385)
2025-04-16T16:59:15.1038628Z Saved logs for job Dependabot (40657560162)
2025-04-16T16:59:15.5329278Z Saved logs for job Dependabot (40657559762)
2025-04-16T16:59:15.9743633Z Saved logs for job Dependabot (40657410431)
2025-04-16T16:59:16.4343253Z Saved logs for job Dependabot (40657409984)
2025-04-16T16:59:16.9448067Z Saved logs for job Dependabot (40656602439)
2025-04-16T16:59:17.4604066Z Saved logs for job Dependabot (40656599224)
2025-04-16T16:59:17.8688224Z Saved logs for job Dependabot (40656599232)
2025-04-16T16:59:18.4154636Z Saved logs for job Dependabot (40648953960)
2025-04-16T16:59:18.7110546Z Saved logs for job Dependabot (40636173412)
2025-04-16T16:59:18.7115736Z Workflow error logs sync completed
2025-04-16T16:59:18.7249949Z ##[group]Run cat > workflow-error-logs/README.md << 'EOF'
2025-04-16T16:59:18.7250685Z [36;1mcat > workflow-error-logs/README.md << 'EOF'[0m
2025-04-16T16:59:18.7255891Z [36;1m# Workflow Error Logs[0m
2025-04-16T16:59:18.7256311Z [36;1m[0m
2025-04-16T16:59:18.7257330Z [36;1mThis directory contains logs from failed GitHub Actions workflow runs. These logs are automatically collected by the "Sync Workflow Error Logs" workflow.[0m
2025-04-16T16:59:18.7258441Z [36;1m[0m
2025-04-16T16:59:18.7258761Z [36;1m## Directory Structure[0m
2025-04-16T16:59:18.7259156Z [36;1m[0m
2025-04-16T16:59:18.7259437Z [36;1m```[0m
2025-04-16T16:59:18.7259766Z [36;1mworkflow-error-logs/[0m
2025-04-16T16:59:18.7260205Z [36;1m├── {workflow-name}/[0m
2025-04-16T16:59:18.7260592Z [36;1m│   ├── {date}_{run-id}/[0m
2025-04-16T16:59:18.7261035Z [36;1m│   │   ├── metadata.json       # Run metadata[0m
2025-04-16T16:59:18.7262120Z [36;1m│   │   ├── jobs.json           # Jobs metadata[0m
2025-04-16T16:59:18.7262627Z [36;1m│   │   ├── {job-name}/[0m
2025-04-16T16:59:18.7263067Z [36;1m│   │   │   ├── job-metadata.json  # Job metadata[0m
2025-04-16T16:59:18.7263561Z [36;1m│   │   │   └── logs.txt           # Job logs[0m
2025-04-16T16:59:18.7263990Z [36;1m│   │   └── ...[0m
2025-04-16T16:59:18.7264313Z [36;1m│   └── ...[0m
2025-04-16T16:59:18.7264624Z [36;1m└── ...[0m
2025-04-16T16:59:18.7264918Z [36;1m```[0m
2025-04-16T16:59:18.7265200Z [36;1m[0m
2025-04-16T16:59:18.7265482Z [36;1m## Using These Logs[0m
2025-04-16T16:59:18.7265833Z [36;1m[0m
2025-04-16T16:59:18.7266752Z [36;1mThese logs can be used to diagnose and fix issues with GitHub Actions workflows. Look for error messages, failed steps, and other indicators of problems.[0m
2025-04-16T16:59:18.7267804Z [36;1m[0m
2025-04-16T16:59:18.7268101Z [36;1m## Automatic Collection[0m
2025-04-16T16:59:18.7268467Z [36;1m[0m
2025-04-16T16:59:18.7268750Z [36;1mLogs are collected:[0m
2025-04-16T16:59:18.7269199Z [36;1m- After any workflow completes[0m
2025-04-16T16:59:18.7269669Z [36;1m- Every 6 hours via scheduled run[0m
2025-04-16T16:59:18.7270118Z [36;1m- Manually via workflow dispatch[0m
2025-04-16T16:59:18.7270535Z [36;1m[0m
2025-04-16T16:59:18.7270807Z [36;1m## Retention[0m
2025-04-16T16:59:18.7271119Z [36;1m[0m
2025-04-16T16:59:18.7271798Z [36;1mOnly logs from the past 30 days are collected.[0m
2025-04-16T16:59:18.7272247Z [36;1mEOF[0m
2025-04-16T16:59:18.7339708Z shell: /usr/bin/bash -e {0}
2025-04-16T16:59:18.7340089Z env:
2025-04-16T16:59:18.7340358Z   CI: true
2025-04-16T16:59:18.7340638Z ##[endgroup]
2025-04-16T16:59:18.7495841Z ##[group]Run git config --local user.email "action@github.com"
2025-04-16T16:59:18.7496622Z [36;1mgit config --local user.email "action@github.com"[0m
2025-04-16T16:59:18.7497279Z [36;1mgit config --local user.name "GitHub Action"[0m
2025-04-16T16:59:18.7558959Z shell: /usr/bin/bash -e {0}
2025-04-16T16:59:18.7559352Z env:
2025-04-16T16:59:18.7559641Z   CI: true
2025-04-16T16:59:18.7559930Z ##[endgroup]
2025-04-16T16:59:18.7748241Z ##[group]Run # Fetch the latest changes from the remote repository
2025-04-16T16:59:18.7748962Z [36;1m# Fetch the latest changes from the remote repository[0m
2025-04-16T16:59:18.7749526Z [36;1mgit fetch origin main[0m
2025-04-16T16:59:18.7810707Z shell: /usr/bin/bash -e {0}
2025-04-16T16:59:18.7811081Z env:
2025-04-16T16:59:18.7811698Z   CI: true
2025-04-16T16:59:18.7811991Z ##[endgroup]
2025-04-16T16:59:19.0514665Z From https://github.com/mrkurger/date-night-app2
2025-04-16T16:59:19.0524983Z  * branch            main       -> FETCH_HEAD
2025-04-16T16:59:19.0588229Z ##[group]Run # Check if there are any conflicts between local and remote
2025-04-16T16:59:19.0588699Z [36;1m# Check if there are any conflicts between local and remote[0m
2025-04-16T16:59:19.0589174Z [36;1mif git merge-tree $(git merge-base HEAD origin/main) HEAD origin/main | grep -e "^<<<<<<< ";[0m
2025-04-16T16:59:19.0589596Z [36;1mthen[0m
2025-04-16T16:59:19.0589811Z [36;1m  echo "has_conflicts=true" >> $GITHUB_OUTPUT[0m
2025-04-16T16:59:19.0590074Z [36;1melse[0m
2025-04-16T16:59:19.0590282Z [36;1m  echo "has_conflicts=false" >> $GITHUB_OUTPUT[0m
2025-04-16T16:59:19.0590541Z [36;1mfi[0m
2025-04-16T16:59:19.0636950Z shell: /usr/bin/bash -e {0}
2025-04-16T16:59:19.0637175Z env:
2025-04-16T16:59:19.0637337Z   CI: true
2025-04-16T16:59:19.0637510Z ##[endgroup]
2025-04-16T16:59:19.0789326Z ##[group]Run # Pull the latest changes with rebase strategy
2025-04-16T16:59:19.0789736Z [36;1m# Pull the latest changes with rebase strategy[0m
2025-04-16T16:59:19.0790041Z [36;1mgit pull --rebase origin main[0m
2025-04-16T16:59:19.0790276Z [36;1m[0m
2025-04-16T16:59:19.0790463Z [36;1mgit add workflow-error-logs[0m
2025-04-16T16:59:19.0790688Z [36;1m[0m
2025-04-16T16:59:19.0790873Z [36;1m# Only commit if there are changes[0m
2025-04-16T16:59:19.0791139Z [36;1mif git diff --staged --quiet; then[0m
2025-04-16T16:59:19.0791820Z [36;1m  echo "No changes to commit"[0m
2025-04-16T16:59:19.0792065Z [36;1melse[0m
2025-04-16T16:59:19.0792301Z [36;1m  git commit -m "Update workflow error logs [skip ci]"[0m
2025-04-16T16:59:19.0792611Z [36;1m  git push[0m
2025-04-16T16:59:19.0792798Z [36;1mfi[0m
2025-04-16T16:59:19.0833209Z shell: /usr/bin/bash -e {0}
2025-04-16T16:59:19.0833438Z env:
2025-04-16T16:59:19.0833609Z   CI: true
2025-04-16T16:59:19.0833778Z ##[endgroup]
2025-04-16T16:59:19.5893140Z error: cannot pull with rebase: You have unstaged changes.
2025-04-16T16:59:19.5899617Z error: Please commit or stash them.
2025-04-16T16:59:19.5914441Z ##[error]Process completed with exit code 128.
2025-04-16T16:59:19.6008914Z Post job cleanup.
2025-04-16T16:59:19.6993361Z [command]/usr/bin/git version
2025-04-16T16:59:19.7034955Z git version 2.49.0
2025-04-16T16:59:19.7084470Z Temporarily overriding HOME='/home/runner/work/_temp/3a8b0aa7-e8c9-4d50-b4e4-7958c9e3c8d2' before making global git config changes
2025-04-16T16:59:19.7086502Z Adding repository directory to the temporary git global config as a safe directory
2025-04-16T16:59:19.7100384Z [command]/usr/bin/git config --global --add safe.directory /home/runner/work/date-night-app2/date-night-app2
2025-04-16T16:59:19.7137845Z [command]/usr/bin/git config --local --name-only --get-regexp core\.sshCommand
2025-04-16T16:59:19.7175436Z [command]/usr/bin/git submodule foreach --recursive sh -c "git config --local --name-only --get-regexp 'core\.sshCommand' && git config --local --unset-all 'core.sshCommand' || :"
2025-04-16T16:59:19.7418270Z [command]/usr/bin/git config --local --name-only --get-regexp http\.https\:\/\/github\.com\/\.extraheader
2025-04-16T16:59:19.7443594Z http.https://github.com/.extraheader
2025-04-16T16:59:19.7456499Z [command]/usr/bin/git config --local --unset-all http.https://github.com/.extraheader
2025-04-16T16:59:19.7492118Z [command]/usr/bin/git submodule foreach --recursive sh -c "git config --local --name-only --get-regexp 'http\.https\:\/\/github\.com\/\.extraheader' && git config --local --unset-all 'http.https://github.com/.extraheader' || :"
2025-04-16T16:59:19.7836485Z Cleaning up orphan processes
