2025-04-16T15:02:43.9429076Z Current runner version: '2.323.0'
2025-04-16T15:02:43.9465630Z ##[group]Operating System
2025-04-16T15:02:43.9466924Z Ubuntu
2025-04-16T15:02:43.9467634Z 24.04.2
2025-04-16T15:02:43.9468453Z LTS
2025-04-16T15:02:43.9469175Z ##[endgroup]
2025-04-16T15:02:43.9469956Z ##[group]Runner Image
2025-04-16T15:02:43.9471285Z Image: ubuntu-24.04
2025-04-16T15:02:43.9472112Z Version: 20250413.1.0
2025-04-16T15:02:43.9473792Z Included Software: https://github.com/actions/runner-images/blob/ubuntu24/20250413.1/images/ubuntu/Ubuntu2404-Readme.md
2025-04-16T15:02:43.9476328Z Image Release: https://github.com/actions/runner-images/releases/tag/ubuntu24%2F20250413.1
2025-04-16T15:02:43.9477951Z ##[endgroup]
2025-04-16T15:02:43.9478758Z ##[group]Runner Image Provisioner
2025-04-16T15:02:43.9479691Z 2.0.422.1
2025-04-16T15:02:43.9480468Z ##[endgroup]
2025-04-16T15:02:43.9482234Z ##[group]GITHUB_TOKEN Permissions
2025-04-16T15:02:43.9485396Z Actions: read
2025-04-16T15:02:43.9486324Z Contents: write
2025-04-16T15:02:43.9487377Z Metadata: read
2025-04-16T15:02:43.9488433Z ##[endgroup]
2025-04-16T15:02:43.9492092Z Secret source: Actions
2025-04-16T15:02:43.9493512Z Prepare workflow directory
2025-04-16T15:02:44.0268852Z Prepare all required actions
2025-04-16T15:02:44.0326032Z Getting action download info
2025-04-16T15:02:44.7195671Z ##[group]Download immutable action package 'actions/checkout@v4'
2025-04-16T15:02:44.7196868Z Version: 4.2.2
2025-04-16T15:02:44.7198060Z Digest: sha256:ccb2698953eaebd21c7bf6268a94f9c26518a7e38e27e0b83c1fe1ad049819b1
2025-04-16T15:02:44.7199266Z Source commit SHA: 11bd71901bbe5b1630ceea73d27597364c9af683
2025-04-16T15:02:44.7199932Z ##[endgroup]
2025-04-16T15:02:44.9446325Z ##[group]Download immutable action package 'actions/setup-node@v4'
2025-04-16T15:02:44.9447156Z Version: 4.4.0
2025-04-16T15:02:44.9447879Z Digest: sha256:9427cefe82346e992fb5b949e3569b39d537ae41aa3086483b14eceebfc16bc1
2025-04-16T15:02:44.9448854Z Source commit SHA: 49933ea5288caeca8642d1e84afbd3f7d6820020
2025-04-16T15:02:44.9449563Z ##[endgroup]
2025-04-16T15:02:45.3514490Z Complete job name: sync-error-logs
2025-04-16T15:02:45.4201656Z ##[group]Run actions/checkout@v4
2025-04-16T15:02:45.4202562Z with:
2025-04-16T15:02:45.4202937Z   fetch-depth: 0
2025-04-16T15:02:45.4203366Z   repository: mrkurger/date-night-app2
2025-04-16T15:02:45.4204293Z   token: ***
2025-04-16T15:02:45.4204665Z   ssh-strict: true
2025-04-16T15:02:45.4205050Z   ssh-user: git
2025-04-16T15:02:45.4205431Z   persist-credentials: true
2025-04-16T15:02:45.4205865Z   clean: true
2025-04-16T15:02:45.4206259Z   sparse-checkout-cone-mode: true
2025-04-16T15:02:45.4206729Z   fetch-tags: false
2025-04-16T15:02:45.4207116Z   show-progress: true
2025-04-16T15:02:45.4207506Z   lfs: false
2025-04-16T15:02:45.4207863Z   submodules: false
2025-04-16T15:02:45.4208250Z   set-safe-directory: true
2025-04-16T15:02:45.4208906Z env:
2025-04-16T15:02:45.4209250Z   CI: true
2025-04-16T15:02:45.4209598Z ##[endgroup]
2025-04-16T15:02:45.6728958Z Syncing repository: mrkurger/date-night-app2
2025-04-16T15:02:45.6731255Z ##[group]Getting Git version info
2025-04-16T15:02:45.6732707Z Working directory is '/home/runner/work/date-night-app2/date-night-app2'
2025-04-16T15:02:45.6736427Z [command]/usr/bin/git version
2025-04-16T15:02:45.6825777Z git version 2.49.0
2025-04-16T15:02:45.6916652Z ##[endgroup]
2025-04-16T15:02:45.6923084Z Temporarily overriding HOME='/home/runner/work/_temp/dcd57185-59b8-4049-b7e9-af30a645f189' before making global git config changes
2025-04-16T15:02:45.6926499Z Adding repository directory to the temporary git global config as a safe directory
2025-04-16T15:02:45.6928929Z [command]/usr/bin/git config --global --add safe.directory /home/runner/work/date-night-app2/date-night-app2
2025-04-16T15:02:45.6946711Z Deleting the contents of '/home/runner/work/date-night-app2/date-night-app2'
2025-04-16T15:02:45.6951570Z ##[group]Initializing the repository
2025-04-16T15:02:45.6957630Z [command]/usr/bin/git init /home/runner/work/date-night-app2/date-night-app2
2025-04-16T15:02:45.7042391Z hint: Using 'master' as the name for the initial branch. This default branch name
2025-04-16T15:02:45.7044484Z hint: is subject to change. To configure the initial branch name to use in all
2025-04-16T15:02:45.7046178Z hint: of your new repositories, which will suppress this warning, call:
2025-04-16T15:02:45.7048782Z hint:
2025-04-16T15:02:45.7049657Z hint: 	git config --global init.defaultBranch <name>
2025-04-16T15:02:45.7050669Z hint:
2025-04-16T15:02:45.7052267Z hint: Names commonly chosen instead of 'master' are 'main', 'trunk' and
2025-04-16T15:02:45.7054381Z hint: 'development'. The just-created branch can be renamed via this command:
2025-04-16T15:02:45.7055851Z hint:
2025-04-16T15:02:45.7056602Z hint: 	git branch -m <name>
2025-04-16T15:02:45.7059377Z Initialized empty Git repository in /home/runner/work/date-night-app2/date-night-app2/.git/
2025-04-16T15:02:45.7067734Z [command]/usr/bin/git remote add origin https://github.com/mrkurger/date-night-app2
2025-04-16T15:02:45.7108950Z ##[endgroup]
2025-04-16T15:02:45.7110456Z ##[group]Disabling automatic garbage collection
2025-04-16T15:02:45.7113493Z [command]/usr/bin/git config --local gc.auto 0
2025-04-16T15:02:45.7149732Z ##[endgroup]
2025-04-16T15:02:45.7151100Z ##[group]Setting up auth
2025-04-16T15:02:45.7157947Z [command]/usr/bin/git config --local --name-only --get-regexp core\.sshCommand
2025-04-16T15:02:45.7195023Z [command]/usr/bin/git submodule foreach --recursive sh -c "git config --local --name-only --get-regexp 'core\.sshCommand' && git config --local --unset-all 'core.sshCommand' || :"
2025-04-16T15:02:45.7556167Z [command]/usr/bin/git config --local --name-only --get-regexp http\.https\:\/\/github\.com\/\.extraheader
2025-04-16T15:02:45.7594031Z [command]/usr/bin/git submodule foreach --recursive sh -c "git config --local --name-only --get-regexp 'http\.https\:\/\/github\.com\/\.extraheader' && git config --local --unset-all 'http.https://github.com/.extraheader' || :"
2025-04-16T15:02:45.7850286Z [command]/usr/bin/git config --local http.https://github.com/.extraheader AUTHORIZATION: basic ***
2025-04-16T15:02:45.7916499Z ##[endgroup]
2025-04-16T15:02:45.7919224Z ##[group]Fetching the repository
2025-04-16T15:02:45.7924586Z [command]/usr/bin/git -c protocol.version=2 fetch --prune --no-recurse-submodules origin +refs/heads/*:refs/remotes/origin/* +refs/tags/*:refs/tags/*
2025-04-16T15:02:54.5862747Z From https://github.com/mrkurger/date-night-app2
2025-04-16T15:02:54.5864787Z  * [new branch]      dependabot/github_actions/dawidd6/action-download-artifact-9 -> origin/dependabot/github_actions/dawidd6/action-download-artifact-9
2025-04-16T15:02:54.5866568Z  * [new branch]      dependabot/npm_and_yarn/server/multi-94fa72f662 -> origin/dependabot/npm_and_yarn/server/multi-94fa72f662
2025-04-16T15:02:54.5867645Z  * [new branch]      main       -> origin/main
2025-04-16T15:02:54.5907181Z [command]/usr/bin/git branch --list --remote origin/main
2025-04-16T15:02:54.5944520Z   origin/main
2025-04-16T15:02:54.5956505Z [command]/usr/bin/git rev-parse refs/remotes/origin/main
2025-04-16T15:02:54.5998832Z b7b02b02b67d186f71e3b6a43ebe9f432064fd3a
2025-04-16T15:02:54.6012615Z ##[endgroup]
2025-04-16T15:02:54.6021869Z ##[group]Determining the checkout info
2025-04-16T15:02:54.6022788Z ##[endgroup]
2025-04-16T15:02:54.6023328Z [command]/usr/bin/git sparse-checkout disable
2025-04-16T15:02:54.6106160Z [command]/usr/bin/git config --local --unset-all extensions.worktreeConfig
2025-04-16T15:02:54.6166838Z ##[group]Checking out the ref
2025-04-16T15:02:54.6179943Z [command]/usr/bin/git checkout --progress --force -B main refs/remotes/origin/main
2025-04-16T15:02:54.9869165Z Switched to a new branch 'main'
2025-04-16T15:02:54.9882581Z branch 'main' set up to track 'origin/main'.
2025-04-16T15:02:54.9902790Z ##[endgroup]
2025-04-16T15:02:54.9986223Z [command]/usr/bin/git log -1 --format=%H
2025-04-16T15:02:55.0020574Z b7b02b02b67d186f71e3b6a43ebe9f432064fd3a
2025-04-16T15:02:55.0269811Z ##[group]Run actions/setup-node@v4
2025-04-16T15:02:55.0270105Z with:
2025-04-16T15:02:55.0270564Z   node-version: 22.x
2025-04-16T15:02:55.0270767Z   always-auth: false
2025-04-16T15:02:55.0270948Z   check-latest: false
2025-04-16T15:02:55.0271283Z   token: ***
2025-04-16T15:02:55.0271453Z env:
2025-04-16T15:02:55.0271602Z   CI: true
2025-04-16T15:02:55.0271763Z ##[endgroup]
2025-04-16T15:02:55.2111032Z Found in cache @ /opt/hostedtoolcache/node/22.14.0/x64
2025-04-16T15:02:55.2111908Z ##[group]Environment details
2025-04-16T15:03:01.6842084Z node: v22.14.0
2025-04-16T15:03:01.6842958Z npm: 10.9.2
2025-04-16T15:03:01.6844195Z yarn: 1.22.22
2025-04-16T15:03:01.6845834Z ##[endgroup]
2025-04-16T15:03:01.6970069Z ##[group]Run npm install @octokit/rest@20.0.2 @octokit/plugin-throttling@9.0.3 fs-extra@11.2.0
2025-04-16T15:03:01.6970749Z [36;1mnpm install @octokit/rest@20.0.2 @octokit/plugin-throttling@9.0.3 fs-extra@11.2.0[0m
2025-04-16T15:03:01.7025970Z shell: /usr/bin/bash -e {0}
2025-04-16T15:03:01.7026226Z env:
2025-04-16T15:03:01.7026410Z   CI: true
2025-04-16T15:03:01.7026576Z ##[endgroup]
2025-04-16T15:03:09.9049860Z npm warn deprecated xss-clean@0.1.4: Package no longer supported. Contact Support at https://www.npmjs.com/support for more info.
2025-04-16T15:03:11.1581783Z npm warn deprecated rimraf@3.0.2: Rimraf versions prior to v4 are no longer supported
2025-04-16T15:03:11.7529218Z npm warn deprecated passport-reddit@1.1.0: While functionally complete, this library will not be receiving any updates going forwards. Users are actively discouraged from using OAuth2 for authentication. See archival notice on github for more details.
2025-04-16T15:03:12.3583699Z npm warn deprecated npmlog@5.0.1: This package is no longer supported.
2025-04-16T15:03:13.1524109Z npm warn deprecated superagent@8.1.2: Please upgrade to v9.0.0+ as we have fixed a public vulnerability with formidable dependency. Note that v9.0.0+ requires Node.js v14.18.0+. See https://github.com/ladjs/superagent/pull/1800 for insight. This project is supported and maintained by the team at Forward Email @ https://forwardemail.net
2025-04-16T15:03:13.5819945Z npm warn deprecated inflight@1.0.6: This module is not supported, and leaks memory. Do not use it. Check out lru-cache if you want a good and tested way to coalesce async requests by a key value, which is much more comprehensive and powerful.
2025-04-16T15:03:13.8877361Z npm warn deprecated glob@7.2.3: Glob versions prior to v9 are no longer supported
2025-04-16T15:03:14.3636386Z npm warn deprecated gauge@3.0.2: This package is no longer supported.
2025-04-16T15:03:14.9176805Z npm warn deprecated domexception@4.0.0: Use your platform's native DOMException instead
2025-04-16T15:03:15.9431635Z npm warn deprecated are-we-there-yet@2.0.0: This package is no longer supported.
2025-04-16T15:03:16.1040721Z npm warn deprecated abab@2.0.6: Use your platform's native atob() and btoa() methods instead
2025-04-16T15:03:17.3486471Z npm warn deprecated @humanwhocodes/config-array@0.11.14: Use @eslint/config-array instead
2025-04-16T15:03:17.3488204Z npm warn deprecated @humanwhocodes/object-schema@2.0.3: Use @eslint/object-schema instead
2025-04-16T15:03:26.1834899Z npm warn deprecated eslint@8.56.0: This version is no longer supported. Please see https://eslint.org/version-support for other options.
2025-04-16T15:03:26.1865367Z npm warn deprecated eslint@8.56.0: This version is no longer supported. Please see https://eslint.org/version-support for other options.
2025-04-16T15:03:49.3181093Z 
2025-04-16T15:03:49.3181852Z added 1931 packages, and audited 1934 packages in 48s
2025-04-16T15:03:49.3182281Z 
2025-04-16T15:03:49.3182549Z 355 packages are looking for funding
2025-04-16T15:03:49.3183165Z   run `npm fund` for details
2025-04-16T15:03:49.3272419Z 
2025-04-16T15:03:49.3273386Z 3 moderate severity vulnerabilities
2025-04-16T15:03:49.3274197Z 
2025-04-16T15:03:49.3307851Z To address all issues (including breaking changes), run:
2025-04-16T15:03:49.3308785Z   npm audit fix --force
2025-04-16T15:03:49.3309356Z 
2025-04-16T15:03:49.3309818Z Run `npm audit` for details.
2025-04-16T15:03:49.4110008Z ##[group]Run cat > fetch-workflow-logs.js << 'EOF'
2025-04-16T15:03:49.4110693Z [36;1mcat > fetch-workflow-logs.js << 'EOF'[0m
2025-04-16T15:03:49.4110993Z [36;1mconst { Octokit } = require('@octokit/rest');[0m
2025-04-16T15:03:49.4111346Z [36;1mconst { throttling } = require('@octokit/plugin-throttling');[0m
2025-04-16T15:03:49.4111689Z [36;1mconst fs = require('fs-extra');[0m
2025-04-16T15:03:49.4111933Z [36;1mconst path = require('path');[0m
2025-04-16T15:03:49.4112176Z [36;1m[0m
2025-04-16T15:03:49.4112415Z [36;1mconst ThrottledOctokit = Octokit.plugin(throttling);[0m
2025-04-16T15:03:49.4112703Z [36;1m[0m
2025-04-16T15:03:49.4112869Z [36;1masync function main() {[0m
2025-04-16T15:03:49.4113114Z [36;1m  const owner = process.env.REPO_OWNER;[0m
2025-04-16T15:03:49.4113400Z [36;1m  const repo = process.env.REPO_NAME;[0m
2025-04-16T15:03:49.4113700Z [36;1m  const logsDir = path.join('workflow-error-logs');[0m
2025-04-16T15:03:49.4114257Z [36;1m  [0m
2025-04-16T15:03:49.4114567Z [36;1m  console.log(`Fetching workflow logs for ${owner}/${repo}`);[0m
2025-04-16T15:03:49.4114855Z [36;1m  [0m
2025-04-16T15:03:49.4115059Z [36;1m  // Create logs directory if it doesn't exist[0m
2025-04-16T15:03:49.4115330Z [36;1m  await fs.ensureDir(logsDir);[0m
2025-04-16T15:03:49.4115550Z [36;1m  [0m
2025-04-16T15:03:49.4115731Z [36;1m  const octokit = new ThrottledOctokit({[0m
2025-04-16T15:03:49.4116006Z [36;1m    auth: process.env.GITHUB_TOKEN,[0m
2025-04-16T15:03:49.4116244Z [36;1m    throttle: {[0m
2025-04-16T15:03:49.4116465Z [36;1m      onRateLimit: (retryAfter, options) => {[0m
2025-04-16T15:03:49.4116843Z [36;1m        console.warn(`Rate limit exceeded for ${options.method} ${options.url}`);[0m
2025-04-16T15:03:49.4117219Z [36;1m        if (options.request.retryCount < 2) {[0m
2025-04-16T15:03:49.4117544Z [36;1m          console.log(`Retrying after ${retryAfter} seconds!`);[0m
2025-04-16T15:03:49.4117834Z [36;1m          return true;[0m
2025-04-16T15:03:49.4118045Z [36;1m        }[0m
2025-04-16T15:03:49.4118215Z [36;1m      },[0m
2025-04-16T15:03:49.4118436Z [36;1m      onSecondaryRateLimit: (retryAfter, options) => {[0m
2025-04-16T15:03:49.4118866Z [36;1m        console.warn(`Secondary rate limit exceeded for ${options.method} ${options.url}`);[0m
2025-04-16T15:03:49.4119266Z [36;1m        if (options.request.retryCount < 2) {[0m
2025-04-16T15:03:49.4119580Z [36;1m          console.log(`Retrying after ${retryAfter} seconds!`);[0m
2025-04-16T15:03:49.4119873Z [36;1m          return true;[0m
2025-04-16T15:03:49.4120064Z [36;1m        }[0m
2025-04-16T15:03:49.4120228Z [36;1m      },[0m
2025-04-16T15:03:49.4120383Z [36;1m    },[0m
2025-04-16T15:03:49.4120545Z [36;1m  });[0m
2025-04-16T15:03:49.4120695Z [36;1m  [0m
2025-04-16T15:03:49.4120857Z [36;1m  // Get all workflows[0m
2025-04-16T15:03:49.4121163Z [36;1m  const { data: workflows } = await octokit.actions.listRepoWorkflows({[0m
2025-04-16T15:03:49.4121495Z [36;1m    owner,[0m
2025-04-16T15:03:49.4121670Z [36;1m    repo,[0m
2025-04-16T15:03:49.4121833Z [36;1m  });[0m
2025-04-16T15:03:49.4121987Z [36;1m  [0m
2025-04-16T15:03:49.4122168Z [36;1m  // Get recent workflow runs (last 30 days)[0m
2025-04-16T15:03:49.4122438Z [36;1m  const thirtyDaysAgo = new Date();[0m
2025-04-16T15:03:49.4122746Z [36;1m  thirtyDaysAgo.setDate(thirtyDaysAgo.getDate() - 30);[0m
2025-04-16T15:03:49.4123029Z [36;1m  [0m
2025-04-16T15:03:49.4123226Z [36;1m  for (const workflow of workflows.workflows) {[0m
2025-04-16T15:03:49.4123604Z [36;1m    console.log(`Processing workflow: ${workflow.name} (${workflow.id})`);[0m
2025-04-16T15:03:49.4124615Z [36;1m    [0m
2025-04-16T15:03:49.4125031Z [36;1m    const { data: runs } = await octokit.actions.listWorkflowRuns({[0m
2025-04-16T15:03:49.4125550Z [36;1m      owner,[0m
2025-04-16T15:03:49.4125831Z [36;1m      repo,[0m
2025-04-16T15:03:49.4126144Z [36;1m      workflow_id: workflow.id,[0m
2025-04-16T15:03:49.4126894Z [36;1m      created: `>=${thirtyDaysAgo.toISOString().split('T')[0]}`,[0m
2025-04-16T15:03:49.4127584Z [36;1m    });[0m
2025-04-16T15:03:49.4127861Z [36;1m    [0m
2025-04-16T15:03:49.4128182Z [36;1m    // Process failed runs[0m
2025-04-16T15:03:49.4128660Z [36;1m    const failedRuns = runs.workflow_runs.filter(run => [0m
2025-04-16T15:03:49.4129419Z [36;1m      run.conclusion === 'failure' || run.conclusion === 'cancelled' || run.conclusion === 'timed_out'[0m
2025-04-16T15:03:49.4130081Z [36;1m    );[0m
2025-04-16T15:03:49.4130355Z [36;1m    [0m
2025-04-16T15:03:49.4130838Z [36;1m    console.log(`Found ${failedRuns.length} failed runs for ${workflow.name}`);[0m
2025-04-16T15:03:49.4131411Z [36;1m    [0m
2025-04-16T15:03:49.4131699Z [36;1m    for (const run of failedRuns) {[0m
2025-04-16T15:03:49.4132278Z [36;1m      const runDate = new Date(run.created_at).toISOString().split('T')[0];[0m
2025-04-16T15:03:49.4133164Z [36;1m      const workflowDir = path.join(logsDir, workflow.name.replace(/[^a-zA-Z0-9]/g, '-').toLowerCase());[0m
2025-04-16T15:03:49.4134262Z [36;1m      const runDir = path.join(workflowDir, `${runDate}_${run.id}`);[0m
2025-04-16T15:03:49.4134613Z [36;1m      [0m
2025-04-16T15:03:49.4134813Z [36;1m      await fs.ensureDir(runDir);[0m
2025-04-16T15:03:49.4135049Z [36;1m      [0m
2025-04-16T15:03:49.4135227Z [36;1m      // Save run metadata[0m
2025-04-16T15:03:49.4135581Z [36;1m      await fs.writeJson(path.join(runDir, 'metadata.json'), run, { spaces: 2 });[0m
2025-04-16T15:03:49.4135923Z [36;1m      [0m
2025-04-16T15:03:49.4136077Z [36;1m      try {[0m
2025-04-16T15:03:49.4136273Z [36;1m        // Get jobs for this run[0m
2025-04-16T15:03:49.4136607Z [36;1m        const { data: jobs } = await octokit.actions.listJobsForWorkflowRun({[0m
2025-04-16T15:03:49.4136939Z [36;1m          owner,[0m
2025-04-16T15:03:49.4137125Z [36;1m          repo,[0m
2025-04-16T15:03:49.4137321Z [36;1m          run_id: run.id,[0m
2025-04-16T15:03:49.4137536Z [36;1m        });[0m
2025-04-16T15:03:49.4137708Z [36;1m        [0m
2025-04-16T15:03:49.4137884Z [36;1m        // Save jobs metadata[0m
2025-04-16T15:03:49.4138223Z [36;1m        await fs.writeJson(path.join(runDir, 'jobs.json'), jobs, { spaces: 2 });[0m
2025-04-16T15:03:49.4138548Z [36;1m        [0m
2025-04-16T15:03:49.4138724Z [36;1m        // Process each job[0m
2025-04-16T15:03:49.4138959Z [36;1m        for (const job of jobs.jobs) {[0m
2025-04-16T15:03:49.4139380Z [36;1m          if (job.conclusion === 'failure' || job.conclusion === 'cancelled' || job.conclusion === 'timed_out') {[0m
2025-04-16T15:03:49.4139945Z [36;1m            const jobDir = path.join(runDir, job.name.replace(/[^a-zA-Z0-9]/g, '-').toLowerCase());[0m
2025-04-16T15:03:49.4140354Z [36;1m            await fs.ensureDir(jobDir);[0m
2025-04-16T15:03:49.4140592Z [36;1m            [0m
2025-04-16T15:03:49.4140778Z [36;1m            // Save job metadata[0m
2025-04-16T15:03:49.4141155Z [36;1m            await fs.writeJson(path.join(jobDir, 'job-metadata.json'), job, { spaces: 2 });[0m
2025-04-16T15:03:49.4141507Z [36;1m            [0m
2025-04-16T15:03:49.4141684Z [36;1m            try {[0m
2025-04-16T15:03:49.4141880Z [36;1m              // Get job logs[0m
2025-04-16T15:03:49.4142218Z [36;1m              const logs = await octokit.actions.downloadJobLogsForWorkflowRun({[0m
2025-04-16T15:03:49.4142560Z [36;1m                owner,[0m
2025-04-16T15:03:49.4142761Z [36;1m                repo,[0m
2025-04-16T15:03:49.4142973Z [36;1m                job_id: job.id,[0m
2025-04-16T15:03:49.4143190Z [36;1m              });[0m
2025-04-16T15:03:49.4143375Z [36;1m              [0m
2025-04-16T15:03:49.4143555Z [36;1m              // Save logs[0m
2025-04-16T15:03:49.4144123Z [36;1m              await fs.writeFile(path.join(jobDir, 'logs.txt'), logs.data);[0m
2025-04-16T15:03:49.4144524Z [36;1m              console.log(`Saved logs for job ${job.name} (${job.id})`);[0m
2025-04-16T15:03:49.4144827Z [36;1m            } catch (error) {[0m
2025-04-16T15:03:49.4145343Z [36;1m              console.error(`Error fetching logs for job ${job.id}: ${error.message}`);[0m
2025-04-16T15:03:49.4145979Z [36;1m              await fs.writeFile(path.join(jobDir, 'error.txt'), `Error fetching logs: ${error.message}`);[0m
2025-04-16T15:03:49.4146367Z [36;1m            }[0m
2025-04-16T15:03:49.4146542Z [36;1m          }[0m
2025-04-16T15:03:49.4146704Z [36;1m        }[0m
2025-04-16T15:03:49.4146883Z [36;1m      } catch (error) {[0m
2025-04-16T15:03:49.4147187Z [36;1m        console.error(`Error processing run ${run.id}: ${error.message}`);[0m
2025-04-16T15:03:49.4147677Z [36;1m        await fs.writeFile(path.join(runDir, 'error.txt'), `Error processing run: ${error.message}`);[0m
2025-04-16T15:03:49.4148056Z [36;1m      }[0m
2025-04-16T15:03:49.4148216Z [36;1m    }[0m
2025-04-16T15:03:49.4148368Z [36;1m  }[0m
2025-04-16T15:03:49.4148523Z [36;1m  [0m
2025-04-16T15:03:49.4148686Z [36;1m  // Create summary file[0m
2025-04-16T15:03:49.4148908Z [36;1m  const summary = {[0m
2025-04-16T15:03:49.4149145Z [36;1m    timestamp: new Date().toISOString(),[0m
2025-04-16T15:03:49.4149442Z [36;1m    totalWorkflows: workflows.workflows.length,[0m
2025-04-16T15:03:49.4149776Z [36;1m    workflowSummary: workflows.workflows.map(w => ({[0m
2025-04-16T15:03:49.4150058Z [36;1m      name: w.name,[0m
2025-04-16T15:03:49.4150251Z [36;1m      id: w.id,[0m
2025-04-16T15:03:49.4150439Z [36;1m      path: w.path,[0m
2025-04-16T15:03:49.4150632Z [36;1m    })),[0m
2025-04-16T15:03:49.4150792Z [36;1m  };[0m
2025-04-16T15:03:49.4150940Z [36;1m  [0m
2025-04-16T15:03:49.4151242Z [36;1m  await fs.writeJson(path.join(logsDir, 'summary.json'), summary, { spaces: 2 });[0m
2025-04-16T15:03:49.4151654Z [36;1m  console.log('Workflow error logs sync completed');[0m
2025-04-16T15:03:49.4151920Z [36;1m}[0m
2025-04-16T15:03:49.4152064Z [36;1m[0m
2025-04-16T15:03:49.4152227Z [36;1mmain().catch(error => {[0m
2025-04-16T15:03:49.4152494Z [36;1m  console.error('Error in main process:', error);[0m
2025-04-16T15:03:49.4152769Z [36;1m  process.exit(1);[0m
2025-04-16T15:03:49.4152962Z [36;1m});[0m
2025-04-16T15:03:49.4153106Z [36;1mEOF[0m
2025-04-16T15:03:49.4153252Z [36;1m[0m
2025-04-16T15:03:49.4153418Z [36;1mnode fetch-workflow-logs.js[0m
2025-04-16T15:03:49.4203026Z shell: /usr/bin/bash -e {0}
2025-04-16T15:03:49.4203262Z env:
2025-04-16T15:03:49.4203411Z   CI: true
2025-04-16T15:03:49.4204003Z   GITHUB_TOKEN: ***
2025-04-16T15:03:49.4204198Z   REPO_OWNER: mrkurger
2025-04-16T15:03:49.4204402Z   REPO_NAME: date-night-app2
2025-04-16T15:03:49.4204615Z ##[endgroup]
2025-04-16T15:03:49.4697748Z node:internal/modules/cjs/loader:646
2025-04-16T15:03:49.4701828Z       throw e;
2025-04-16T15:03:49.4704483Z       ^
2025-04-16T15:03:49.4718446Z 
2025-04-16T15:03:49.4722744Z Error [ERR_PACKAGE_PATH_NOT_EXPORTED]: No "exports" main defined in /home/runner/work/date-night-app2/date-night-app2/node_modules/@octokit/plugin-throttling/package.json
2025-04-16T15:03:49.4727383Z     at exportsNotFound (node:internal/modules/esm/resolve:314:10)
2025-04-16T15:03:49.4737896Z     at packageExportsResolve (node:internal/modules/esm/resolve:604:13)
2025-04-16T15:03:49.4738681Z     at resolveExports (node:internal/modules/cjs/loader:639:36)
2025-04-16T15:03:49.4739413Z     at Function._findPath (node:internal/modules/cjs/loader:728:31)
2025-04-16T15:03:49.4740190Z     at Function._resolveFilename (node:internal/modules/cjs/loader:1211:27)
2025-04-16T15:03:49.4740894Z     at Function._load (node:internal/modules/cjs/loader:1055:27)
2025-04-16T15:03:49.4741544Z     at TracingChannel.traceSync (node:diagnostics_channel:322:14)
2025-04-16T15:03:49.4742184Z     at wrapModuleLoad (node:internal/modules/cjs/loader:220:24)
2025-04-16T15:03:49.4742809Z     at Module.require (node:internal/modules/cjs/loader:1311:12)
2025-04-16T15:03:49.4743387Z     at require (node:internal/modules/helpers:136:16) {
2025-04-16T15:03:49.4745281Z   code: 'ERR_PACKAGE_PATH_NOT_EXPORTED'
2025-04-16T15:03:49.4745688Z }
2025-04-16T15:03:49.4746445Z 
2025-04-16T15:03:49.4746584Z Node.js v22.14.0
2025-04-16T15:03:49.4771920Z ##[error]Process completed with exit code 1.
2025-04-16T15:03:49.4878605Z Post job cleanup.
2025-04-16T15:03:49.5884980Z [command]/usr/bin/git version
2025-04-16T15:03:49.5927900Z git version 2.49.0
2025-04-16T15:03:49.5978513Z Temporarily overriding HOME='/home/runner/work/_temp/02a89e3d-72c1-422f-bbbe-1a030eec41cf' before making global git config changes
2025-04-16T15:03:49.5981372Z Adding repository directory to the temporary git global config as a safe directory
2025-04-16T15:03:49.5997576Z [command]/usr/bin/git config --global --add safe.directory /home/runner/work/date-night-app2/date-night-app2
2025-04-16T15:03:49.6041336Z [command]/usr/bin/git config --local --name-only --get-regexp core\.sshCommand
2025-04-16T15:03:49.6105764Z [command]/usr/bin/git submodule foreach --recursive sh -c "git config --local --name-only --get-regexp 'core\.sshCommand' && git config --local --unset-all 'core.sshCommand' || :"
2025-04-16T15:03:49.6459796Z [command]/usr/bin/git config --local --name-only --get-regexp http\.https\:\/\/github\.com\/\.extraheader
2025-04-16T15:03:49.6508585Z http.https://github.com/.extraheader
2025-04-16T15:03:49.6527851Z [command]/usr/bin/git config --local --unset-all http.https://github.com/.extraheader
2025-04-16T15:03:49.6594658Z [command]/usr/bin/git submodule foreach --recursive sh -c "git config --local --name-only --get-regexp 'http\.https\:\/\/github\.com\/\.extraheader' && git config --local --unset-all 'http.https://github.com/.extraheader' || :"
2025-04-16T15:03:49.7097928Z Cleaning up orphan processes
