2025-04-16T16:57:46.9832867Z Current runner version: '2.323.0'
2025-04-16T16:57:46.9872091Z ##[group]Operating System
2025-04-16T16:57:46.9873376Z Ubuntu
2025-04-16T16:57:46.9874267Z 24.04.2
2025-04-16T16:57:46.9875099Z LTS
2025-04-16T16:57:46.9876069Z ##[endgroup]
2025-04-16T16:57:46.9877261Z ##[group]Runner Image
2025-04-16T16:57:46.9878410Z Image: ubuntu-24.04
2025-04-16T16:57:46.9879481Z Version: 20250413.1.0
2025-04-16T16:57:46.9881343Z Included Software: https://github.com/actions/runner-images/blob/ubuntu24/20250413.1/images/ubuntu/Ubuntu2404-Readme.md
2025-04-16T16:57:46.9884100Z Image Release: https://github.com/actions/runner-images/releases/tag/ubuntu24%2F20250413.1
2025-04-16T16:57:46.9886263Z ##[endgroup]
2025-04-16T16:57:46.9887645Z ##[group]Runner Image Provisioner
2025-04-16T16:57:46.9888715Z 2.0.422.1
2025-04-16T16:57:46.9889671Z ##[endgroup]
2025-04-16T16:57:46.9891681Z ##[group]GITHUB_TOKEN Permissions
2025-04-16T16:57:46.9894673Z Actions: read
2025-04-16T16:57:46.9895646Z Contents: write
2025-04-16T16:57:46.9897132Z Metadata: read
2025-04-16T16:57:46.9898330Z ##[endgroup]
2025-04-16T16:57:46.9901140Z Secret source: Actions
2025-04-16T16:57:46.9902675Z Prepare workflow directory
2025-04-16T16:57:47.0357449Z Prepare all required actions
2025-04-16T16:57:47.0414187Z Getting action download info
2025-04-16T16:57:47.7573917Z ##[group]Download immutable action package 'actions/checkout@v4'
2025-04-16T16:57:47.7575174Z Version: 4.2.2
2025-04-16T16:57:47.7576387Z Digest: sha256:ccb2698953eaebd21c7bf6268a94f9c26518a7e38e27e0b83c1fe1ad049819b1
2025-04-16T16:57:47.7577901Z Source commit SHA: 11bd71901bbe5b1630ceea73d27597364c9af683
2025-04-16T16:57:47.7578842Z ##[endgroup]
2025-04-16T16:57:47.8600956Z ##[group]Download immutable action package 'actions/setup-node@v4'
2025-04-16T16:57:47.8602194Z Version: 4.4.0
2025-04-16T16:57:47.8603298Z Digest: sha256:9427cefe82346e992fb5b949e3569b39d537ae41aa3086483b14eceebfc16bc1
2025-04-16T16:57:47.8604772Z Source commit SHA: 49933ea5288caeca8642d1e84afbd3f7d6820020
2025-04-16T16:57:47.8605889Z ##[endgroup]
2025-04-16T16:57:48.3424277Z Complete job name: sync-error-logs
2025-04-16T16:57:48.4144409Z ##[group]Run actions/checkout@v4
2025-04-16T16:57:48.4145754Z with:
2025-04-16T16:57:48.4146396Z   fetch-depth: 0
2025-04-16T16:57:48.4147479Z   token: ***
2025-04-16T16:57:48.4148152Z   repository: mrkurger/date-night-app2
2025-04-16T16:57:48.4148900Z   ssh-strict: true
2025-04-16T16:57:48.4149521Z   ssh-user: git
2025-04-16T16:57:48.4150157Z   persist-credentials: true
2025-04-16T16:57:48.4150842Z   clean: true
2025-04-16T16:57:48.4151471Z   sparse-checkout-cone-mode: true
2025-04-16T16:57:48.4152190Z   fetch-tags: false
2025-04-16T16:57:48.4152815Z   show-progress: true
2025-04-16T16:57:48.4153457Z   lfs: false
2025-04-16T16:57:48.4154051Z   submodules: false
2025-04-16T16:57:48.4154702Z   set-safe-directory: true
2025-04-16T16:57:48.4155670Z env:
2025-04-16T16:57:48.4156264Z   CI: true
2025-04-16T16:57:48.4156998Z ##[endgroup]
2025-04-16T16:57:48.6404424Z Syncing repository: mrkurger/date-night-app2
2025-04-16T16:57:48.6409060Z ##[group]Getting Git version info
2025-04-16T16:57:48.6410823Z Working directory is '/home/runner/work/date-night-app2/date-night-app2'
2025-04-16T16:57:48.6412988Z [command]/usr/bin/git version
2025-04-16T16:57:48.6556139Z git version 2.49.0
2025-04-16T16:57:48.6584867Z ##[endgroup]
2025-04-16T16:57:48.6609304Z Temporarily overriding HOME='/home/runner/work/_temp/671f0349-ee3c-444c-b124-fb7ce13309a8' before making global git config changes
2025-04-16T16:57:48.6613518Z Adding repository directory to the temporary git global config as a safe directory
2025-04-16T16:57:48.6617767Z [command]/usr/bin/git config --global --add safe.directory /home/runner/work/date-night-app2/date-night-app2
2025-04-16T16:57:48.6659670Z Deleting the contents of '/home/runner/work/date-night-app2/date-night-app2'
2025-04-16T16:57:48.6663605Z ##[group]Initializing the repository
2025-04-16T16:57:48.6668549Z [command]/usr/bin/git init /home/runner/work/date-night-app2/date-night-app2
2025-04-16T16:57:48.6839782Z hint: Using 'master' as the name for the initial branch. This default branch name
2025-04-16T16:57:48.6842301Z hint: is subject to change. To configure the initial branch name to use in all
2025-04-16T16:57:48.6843485Z hint: of your new repositories, which will suppress this warning, call:
2025-04-16T16:57:48.6844401Z hint:
2025-04-16T16:57:48.6845099Z hint: 	git config --global init.defaultBranch <name>
2025-04-16T16:57:48.6846024Z hint:
2025-04-16T16:57:48.6847532Z hint: Names commonly chosen instead of 'master' are 'main', 'trunk' and
2025-04-16T16:57:48.6849491Z hint: 'development'. The just-created branch can be renamed via this command:
2025-04-16T16:57:48.6851075Z hint:
2025-04-16T16:57:48.6852442Z hint: 	git branch -m <name>
2025-04-16T16:57:48.6854433Z Initialized empty Git repository in /home/runner/work/date-night-app2/date-night-app2/.git/
2025-04-16T16:57:48.6864944Z [command]/usr/bin/git remote add origin https://github.com/mrkurger/date-night-app2
2025-04-16T16:57:48.6907279Z ##[endgroup]
2025-04-16T16:57:48.6909182Z ##[group]Disabling automatic garbage collection
2025-04-16T16:57:48.6911473Z [command]/usr/bin/git config --local gc.auto 0
2025-04-16T16:57:48.6946974Z ##[endgroup]
2025-04-16T16:57:48.6948676Z ##[group]Setting up auth
2025-04-16T16:57:48.6953770Z [command]/usr/bin/git config --local --name-only --get-regexp core\.sshCommand
2025-04-16T16:57:48.6988301Z [command]/usr/bin/git submodule foreach --recursive sh -c "git config --local --name-only --get-regexp 'core\.sshCommand' && git config --local --unset-all 'core.sshCommand' || :"
2025-04-16T16:57:48.7364426Z [command]/usr/bin/git config --local --name-only --get-regexp http\.https\:\/\/github\.com\/\.extraheader
2025-04-16T16:57:48.7398578Z [command]/usr/bin/git submodule foreach --recursive sh -c "git config --local --name-only --get-regexp 'http\.https\:\/\/github\.com\/\.extraheader' && git config --local --unset-all 'http.https://github.com/.extraheader' || :"
2025-04-16T16:57:48.7634028Z [command]/usr/bin/git config --local http.https://github.com/.extraheader AUTHORIZATION: basic ***
2025-04-16T16:57:48.7686142Z ##[endgroup]
2025-04-16T16:57:48.7689613Z ##[group]Fetching the repository
2025-04-16T16:57:48.7698896Z [command]/usr/bin/git -c protocol.version=2 fetch --prune --no-recurse-submodules origin +refs/heads/*:refs/remotes/origin/* +refs/tags/*:refs/tags/*
2025-04-16T16:57:57.3766005Z From https://github.com/mrkurger/date-night-app2
2025-04-16T16:57:57.3787307Z  * [new branch]      dependabot/github_actions/dawidd6/action-download-artifact-9 -> origin/dependabot/github_actions/dawidd6/action-download-artifact-9
2025-04-16T16:57:57.3798199Z  * [new branch]      dependabot/npm_and_yarn/server/multi-94fa72f662 -> origin/dependabot/npm_and_yarn/server/multi-94fa72f662
2025-04-16T16:57:57.3810891Z  * [new branch]      main       -> origin/main
2025-04-16T16:57:57.3838932Z [command]/usr/bin/git branch --list --remote origin/main
2025-04-16T16:57:57.3861536Z   origin/main
2025-04-16T16:57:57.3882462Z [command]/usr/bin/git rev-parse refs/remotes/origin/main
2025-04-16T16:57:57.3917498Z 66574f2a6599e39447ddaa683e40a7580cf7917d
2025-04-16T16:57:57.3925290Z ##[endgroup]
2025-04-16T16:57:57.3926060Z ##[group]Determining the checkout info
2025-04-16T16:57:57.3938029Z ##[endgroup]
2025-04-16T16:57:57.3945440Z [command]/usr/bin/git sparse-checkout disable
2025-04-16T16:57:57.4007071Z [command]/usr/bin/git config --local --unset-all extensions.worktreeConfig
2025-04-16T16:57:57.4057937Z ##[group]Checking out the ref
2025-04-16T16:57:57.4058993Z [command]/usr/bin/git checkout --progress --force -B main refs/remotes/origin/main
2025-04-16T16:57:57.7672459Z Switched to a new branch 'main'
2025-04-16T16:57:57.7675751Z branch 'main' set up to track 'origin/main'.
2025-04-16T16:57:57.7703465Z ##[endgroup]
2025-04-16T16:57:57.7776514Z [command]/usr/bin/git log -1 --format=%H
2025-04-16T16:57:57.7812494Z 66574f2a6599e39447ddaa683e40a7580cf7917d
2025-04-16T16:57:57.8048210Z ##[group]Run actions/setup-node@v4
2025-04-16T16:57:57.8048498Z with:
2025-04-16T16:57:57.8048942Z   node-version: 22.x
2025-04-16T16:57:57.8049152Z   always-auth: false
2025-04-16T16:57:57.8049357Z   check-latest: false
2025-04-16T16:57:57.8049684Z   token: ***
2025-04-16T16:57:57.8049854Z env:
2025-04-16T16:57:57.8050013Z   CI: true
2025-04-16T16:57:57.8050177Z ##[endgroup]
2025-04-16T16:57:57.9773302Z Found in cache @ /opt/hostedtoolcache/node/22.14.0/x64
2025-04-16T16:57:57.9781820Z ##[group]Environment details
2025-04-16T16:57:58.4629907Z node: v22.14.0
2025-04-16T16:57:58.4634167Z npm: 10.9.2
2025-04-16T16:57:58.4639850Z yarn: 1.22.22
2025-04-16T16:57:58.4643226Z ##[endgroup]
2025-04-16T16:57:58.4747221Z ##[group]Run npm install @octokit/rest@19.0.13 fs-extra@11.2.0
2025-04-16T16:57:58.4747701Z [36;1mnpm install @octokit/rest@19.0.13 fs-extra@11.2.0[0m
2025-04-16T16:57:58.4802315Z shell: /usr/bin/bash -e {0}
2025-04-16T16:57:58.4802560Z env:
2025-04-16T16:57:58.4802726Z   CI: true
2025-04-16T16:57:58.4802897Z ##[endgroup]
2025-04-16T16:58:03.9718936Z npm warn deprecated xss-clean@0.1.4: Package no longer supported. Contact Support at https://www.npmjs.com/support for more info.
2025-04-16T16:58:05.3431355Z npm warn deprecated rimraf@3.0.2: Rimraf versions prior to v4 are no longer supported
2025-04-16T16:58:06.0676521Z npm warn deprecated passport-reddit@1.1.0: While functionally complete, this library will not be receiving any updates going forwards. Users are actively discouraged from using OAuth2 for authentication. See archival notice on github for more details.
2025-04-16T16:58:06.4837147Z npm warn deprecated npmlog@5.0.1: This package is no longer supported.
2025-04-16T16:58:06.8326598Z npm warn deprecated superagent@8.1.2: Please upgrade to v9.0.0+ as we have fixed a public vulnerability with formidable dependency. Note that v9.0.0+ requires Node.js v14.18.0+. See https://github.com/ladjs/superagent/pull/1800 for insight. This project is supported and maintained by the team at Forward Email @ https://forwardemail.net
2025-04-16T16:58:07.6909348Z npm warn deprecated inflight@1.0.6: This module is not supported, and leaks memory. Do not use it. Check out lru-cache if you want a good and tested way to coalesce async requests by a key value, which is much more comprehensive and powerful.
2025-04-16T16:58:08.1487155Z npm warn deprecated glob@7.2.3: Glob versions prior to v9 are no longer supported
2025-04-16T16:58:08.5944040Z npm warn deprecated gauge@3.0.2: This package is no longer supported.
2025-04-16T16:58:09.0432636Z npm warn deprecated domexception@4.0.0: Use your platform's native DOMException instead
2025-04-16T16:58:10.0912547Z npm warn deprecated are-we-there-yet@2.0.0: This package is no longer supported.
2025-04-16T16:58:10.1922110Z npm warn deprecated abab@2.0.6: Use your platform's native atob() and btoa() methods instead
2025-04-16T16:58:11.4614216Z npm warn deprecated @humanwhocodes/object-schema@2.0.3: Use @eslint/object-schema instead
2025-04-16T16:58:11.4774831Z npm warn deprecated @humanwhocodes/config-array@0.11.14: Use @eslint/config-array instead
2025-04-16T16:58:19.3186489Z npm warn deprecated eslint@8.56.0: This version is no longer supported. Please see https://eslint.org/version-support for other options.
2025-04-16T16:58:19.3325414Z npm warn deprecated eslint@8.56.0: This version is no longer supported. Please see https://eslint.org/version-support for other options.
2025-04-16T16:58:42.1157403Z 
2025-04-16T16:58:42.1158270Z added 1914 packages, and audited 1917 packages in 44s
2025-04-16T16:58:42.1159713Z 
2025-04-16T16:58:42.1160012Z 354 packages are looking for funding
2025-04-16T16:58:42.1160483Z   run `npm fund` for details
2025-04-16T16:58:42.1351844Z 
2025-04-16T16:58:42.1352541Z 9 moderate severity vulnerabilities
2025-04-16T16:58:42.1355100Z 
2025-04-16T16:58:42.1356486Z To address issues that do not require attention, run:
2025-04-16T16:58:42.1357932Z   npm audit fix
2025-04-16T16:58:42.1365617Z 
2025-04-16T16:58:42.1366078Z To address all issues (including breaking changes), run:
2025-04-16T16:58:42.1366825Z   npm audit fix --force
2025-04-16T16:58:42.1367418Z 
2025-04-16T16:58:42.1367618Z Run `npm audit` for details.
2025-04-16T16:58:42.2119186Z ##[group]Run cat > fetch-workflow-logs.js << 'EOF'
2025-04-16T16:58:42.2119938Z [36;1mcat > fetch-workflow-logs.js << 'EOF'[0m
2025-04-16T16:58:42.2120255Z [36;1mconst { Octokit } = require('@octokit/rest');[0m
2025-04-16T16:58:42.2120546Z [36;1mconst fs = require('fs-extra');[0m
2025-04-16T16:58:42.2120815Z [36;1mconst path = require('path');[0m
2025-04-16T16:58:42.2121068Z [36;1m[0m
2025-04-16T16:58:42.2121250Z [36;1masync function main() {[0m
2025-04-16T16:58:42.2121512Z [36;1m  const owner = process.env.REPO_OWNER;[0m
2025-04-16T16:58:42.2121805Z [36;1m  const repo = process.env.REPO_NAME;[0m
2025-04-16T16:58:42.2122127Z [36;1m  const logsDir = path.join('workflow-error-logs');[0m
2025-04-16T16:58:42.2122410Z [36;1m  [0m
2025-04-16T16:58:42.2122664Z [36;1m  console.log(`Fetching workflow logs for ${owner}/${repo}`);[0m
2025-04-16T16:58:42.2122964Z [36;1m  [0m
2025-04-16T16:58:42.2123193Z [36;1m  // Create logs directory if it doesn't exist[0m
2025-04-16T16:58:42.2123506Z [36;1m  await fs.ensureDir(logsDir);[0m
2025-04-16T16:58:42.2123737Z [36;1m  [0m
2025-04-16T16:58:42.2123922Z [36;1m  const octokit = new Octokit({[0m
2025-04-16T16:58:42.2124186Z [36;1m    auth: process.env.GITHUB_TOKEN,[0m
2025-04-16T16:58:42.2124450Z [36;1m    request: {[0m
2025-04-16T16:58:42.2124666Z [36;1m      retries: 3,[0m
2025-04-16T16:58:42.2124882Z [36;1m      retryAfter: 1[0m
2025-04-16T16:58:42.2125091Z [36;1m    }[0m
2025-04-16T16:58:42.2125257Z [36;1m  });[0m
2025-04-16T16:58:42.2125423Z [36;1m  [0m
2025-04-16T16:58:42.2125690Z [36;1m  // Get all workflows[0m
2025-04-16T16:58:42.2126059Z [36;1m  const { data: workflows } = await octokit.actions.listRepoWorkflows({[0m
2025-04-16T16:58:42.2126407Z [36;1m    owner,[0m
2025-04-16T16:58:42.2126588Z [36;1m    repo,[0m
2025-04-16T16:58:42.2126953Z [36;1m  });[0m
2025-04-16T16:58:42.2127127Z [36;1m  [0m
2025-04-16T16:58:42.2127342Z [36;1m  // Get recent workflow runs (last 30 days)[0m
2025-04-16T16:58:42.2127642Z [36;1m  const thirtyDaysAgo = new Date();[0m
2025-04-16T16:58:42.2127978Z [36;1m  thirtyDaysAgo.setDate(thirtyDaysAgo.getDate() - 30);[0m
2025-04-16T16:58:42.2128274Z [36;1m  [0m
2025-04-16T16:58:42.2128490Z [36;1m  for (const workflow of workflows.workflows) {[0m
2025-04-16T16:58:42.2128883Z [36;1m    console.log(`Processing workflow: ${workflow.name} (${workflow.id})`);[0m
2025-04-16T16:58:42.2129223Z [36;1m    [0m
2025-04-16T16:58:42.2129401Z [36;1m    try {[0m
2025-04-16T16:58:42.2129673Z [36;1m      const { data: runs } = await octokit.actions.listWorkflowRuns({[0m
2025-04-16T16:58:42.2130005Z [36;1m        owner,[0m
2025-04-16T16:58:42.2130199Z [36;1m        repo,[0m
2025-04-16T16:58:42.2130418Z [36;1m        workflow_id: workflow.id,[0m
2025-04-16T16:58:42.2130744Z [36;1m        created: `>=${thirtyDaysAgo.toISOString().split('T')[0]}`,[0m
2025-04-16T16:58:42.2131055Z [36;1m      });[0m
2025-04-16T16:58:42.2131247Z [36;1m      [0m
2025-04-16T16:58:42.2131436Z [36;1m      // Process failed runs[0m
2025-04-16T16:58:42.2131751Z [36;1m      const failedRuns = runs.workflow_runs.filter(run => [0m
2025-04-16T16:58:42.2132229Z [36;1m        run.conclusion === 'failure' || run.conclusion === 'cancelled' || run.conclusion === 'timed_out'[0m
2025-04-16T16:58:42.2132633Z [36;1m      );[0m
2025-04-16T16:58:42.2132811Z [36;1m      [0m
2025-04-16T16:58:42.2133122Z [36;1m      console.log(`Found ${failedRuns.length} failed runs for ${workflow.name}`);[0m
2025-04-16T16:58:42.2133521Z [36;1m      [0m
2025-04-16T16:58:42.2133716Z [36;1m      for (const run of failedRuns) {[0m
2025-04-16T16:58:42.2134077Z [36;1m        const runDate = new Date(run.created_at).toISOString().split('T')[0];[0m
2025-04-16T16:58:42.2134618Z [36;1m        const workflowDir = path.join(logsDir, workflow.name.replace(/[^a-zA-Z0-9]/g, '-').toLowerCase());[0m
2025-04-16T16:58:42.2135144Z [36;1m        const runDir = path.join(workflowDir, `${runDate}_${run.id}`);[0m
2025-04-16T16:58:42.2135784Z [36;1m        [0m
2025-04-16T16:58:42.2135990Z [36;1m        await fs.ensureDir(runDir);[0m
2025-04-16T16:58:42.2136233Z [36;1m        [0m
2025-04-16T16:58:42.2136414Z [36;1m        // Save run metadata[0m
2025-04-16T16:58:42.2136969Z [36;1m        await fs.writeJson(path.join(runDir, 'metadata.json'), run, { spaces: 2 });[0m
2025-04-16T16:58:42.2137348Z [36;1m        [0m
2025-04-16T16:58:42.2137524Z [36;1m        try {[0m
2025-04-16T16:58:42.2137740Z [36;1m          // Get jobs for this run[0m
2025-04-16T16:58:42.2138095Z [36;1m          const { data: jobs } = await octokit.actions.listJobsForWorkflowRun({[0m
2025-04-16T16:58:42.2138444Z [36;1m            owner,[0m
2025-04-16T16:58:42.2138655Z [36;1m            repo,[0m
2025-04-16T16:58:42.2138875Z [36;1m            run_id: run.id,[0m
2025-04-16T16:58:42.2139099Z [36;1m          });[0m
2025-04-16T16:58:42.2139285Z [36;1m          [0m
2025-04-16T16:58:42.2139491Z [36;1m          // Save jobs metadata[0m
2025-04-16T16:58:42.2139859Z [36;1m          await fs.writeJson(path.join(runDir, 'jobs.json'), jobs, { spaces: 2 });[0m
2025-04-16T16:58:42.2140207Z [36;1m          [0m
2025-04-16T16:58:42.2140397Z [36;1m          // Process each job[0m
2025-04-16T16:58:42.2140659Z [36;1m          for (const job of jobs.jobs) {[0m
2025-04-16T16:58:42.2141094Z [36;1m            if (job.conclusion === 'failure' || job.conclusion === 'cancelled' || job.conclusion === 'timed_out') {[0m
2025-04-16T16:58:42.2141674Z [36;1m              const jobDir = path.join(runDir, job.name.replace(/[^a-zA-Z0-9]/g, '-').toLowerCase());[0m
2025-04-16T16:58:42.2142095Z [36;1m              await fs.ensureDir(jobDir);[0m
2025-04-16T16:58:42.2142344Z [36;1m              [0m
2025-04-16T16:58:42.2142556Z [36;1m              // Save job metadata[0m
2025-04-16T16:58:42.2142931Z [36;1m              await fs.writeJson(path.join(jobDir, 'job-metadata.json'), job, { spaces: 2 });[0m
2025-04-16T16:58:42.2143309Z [36;1m              [0m
2025-04-16T16:58:42.2143503Z [36;1m              try {[0m
2025-04-16T16:58:42.2143723Z [36;1m                // Get job logs[0m
2025-04-16T16:58:42.2144077Z [36;1m                const logs = await octokit.actions.downloadJobLogsForWorkflowRun({[0m
2025-04-16T16:58:42.2144431Z [36;1m                  owner,[0m
2025-04-16T16:58:42.2144655Z [36;1m                  repo,[0m
2025-04-16T16:58:42.2144879Z [36;1m                  job_id: job.id,[0m
2025-04-16T16:58:42.2145126Z [36;1m                });[0m
2025-04-16T16:58:42.2145329Z [36;1m                [0m
2025-04-16T16:58:42.2145526Z [36;1m                // Save logs[0m
2025-04-16T16:58:42.2145846Z [36;1m                await fs.writeFile(path.join(jobDir, 'logs.txt'), logs.data);[0m
2025-04-16T16:58:42.2146249Z [36;1m                console.log(`Saved logs for job ${job.name} (${job.id})`);[0m
2025-04-16T16:58:42.2146574Z [36;1m              } catch (error) {[0m
2025-04-16T16:58:42.2147201Z [36;1m                console.error(`Error fetching logs for job ${job.id}: ${error.message}`);[0m
2025-04-16T16:58:42.2147741Z [36;1m                await fs.writeFile(path.join(jobDir, 'error.txt'), `Error fetching logs: ${error.message}`);[0m
2025-04-16T16:58:42.2148151Z [36;1m              }[0m
2025-04-16T16:58:42.2148341Z [36;1m            }[0m
2025-04-16T16:58:42.2148532Z [36;1m          }[0m
2025-04-16T16:58:42.2148719Z [36;1m        } catch (error) {[0m
2025-04-16T16:58:42.2149069Z [36;1m          console.error(`Error processing run ${run.id}: ${error.message}`);[0m
2025-04-16T16:58:42.2149594Z [36;1m          await fs.writeFile(path.join(runDir, 'error.txt'), `Error processing run: ${error.message}`);[0m
2025-04-16T16:58:42.2149989Z [36;1m        }[0m
2025-04-16T16:58:42.2150166Z [36;1m      }[0m
2025-04-16T16:58:42.2150348Z [36;1m    } catch (error) {[0m
2025-04-16T16:58:42.2150707Z [36;1m      console.error(`Error processing workflow ${workflow.id}: ${error.message}`);[0m
2025-04-16T16:58:42.2151217Z [36;1m    }[0m
2025-04-16T16:58:42.2151519Z [36;1m  }[0m
2025-04-16T16:58:42.2151690Z [36;1m  [0m
2025-04-16T16:58:42.2151863Z [36;1m  // Create summary file[0m
2025-04-16T16:58:42.2152100Z [36;1m  const summary = {[0m
2025-04-16T16:58:42.2152334Z [36;1m    timestamp: new Date().toISOString(),[0m
2025-04-16T16:58:42.2152648Z [36;1m    totalWorkflows: workflows.workflows.length,[0m
2025-04-16T16:58:42.2152987Z [36;1m    workflowSummary: workflows.workflows.map(w => ({[0m
2025-04-16T16:58:42.2153285Z [36;1m      name: w.name,[0m
2025-04-16T16:58:42.2153490Z [36;1m      id: w.id,[0m
2025-04-16T16:58:42.2153686Z [36;1m      path: w.path,[0m
2025-04-16T16:58:42.2153889Z [36;1m    })),[0m
2025-04-16T16:58:42.2154053Z [36;1m  };[0m
2025-04-16T16:58:42.2154220Z [36;1m  [0m
2025-04-16T16:58:42.2154523Z [36;1m  await fs.writeJson(path.join(logsDir, 'summary.json'), summary, { spaces: 2 });[0m
2025-04-16T16:58:42.2154955Z [36;1m  console.log('Workflow error logs sync completed');[0m
2025-04-16T16:58:42.2155245Z [36;1m}[0m
2025-04-16T16:58:42.2155409Z [36;1m[0m
2025-04-16T16:58:42.2155584Z [36;1mmain().catch(error => {[0m
2025-04-16T16:58:42.2155855Z [36;1m  console.error('Error in main process:', error);[0m
2025-04-16T16:58:42.2156147Z [36;1m  process.exit(1);[0m
2025-04-16T16:58:42.2156349Z [36;1m});[0m
2025-04-16T16:58:42.2156513Z [36;1mEOF[0m
2025-04-16T16:58:42.2156866Z [36;1m[0m
2025-04-16T16:58:42.2157085Z [36;1mnode fetch-workflow-logs.js[0m
2025-04-16T16:58:42.2204357Z shell: /usr/bin/bash -e {0}
2025-04-16T16:58:42.2204587Z env:
2025-04-16T16:58:42.2204753Z   CI: true
2025-04-16T16:58:42.2205100Z   GITHUB_TOKEN: ***
2025-04-16T16:58:42.2205300Z   REPO_OWNER: mrkurger
2025-04-16T16:58:42.2205515Z   REPO_NAME: date-night-app2
2025-04-16T16:58:42.2205726Z ##[endgroup]
2025-04-16T16:58:42.3050444Z Fetching workflow logs for mrkurger/date-night-app2
2025-04-16T16:58:42.5458914Z Processing workflow: Angular Tests (156396503)
2025-04-16T16:58:43.3089504Z Found 26 failed runs for Angular Tests
2025-04-16T16:58:44.0452194Z Saved logs for job e2e (22.x) (40671285255)
2025-04-16T16:58:44.2301904Z Saved logs for job test (22.x) (40671285283)
2025-04-16T16:58:44.9472979Z Saved logs for job e2e (22.x) (40665045272)
2025-04-16T16:58:45.1243007Z Saved logs for job test (22.x) (40665045274)
2025-04-16T16:58:45.8070472Z Saved logs for job test (22.x) (40664496095)
2025-04-16T16:58:46.0796247Z Saved logs for job e2e (22.x) (40664496108)
2025-04-16T16:58:46.7156292Z Saved logs for job e2e (22.x) (40663459721)
2025-04-16T16:58:46.9246114Z Saved logs for job test (22.x) (40663459733)
2025-04-16T16:58:47.6511432Z Saved logs for job e2e (22.x) (40662876861)
2025-04-16T16:58:47.8377884Z Saved logs for job test (22.x) (40662876876)
2025-04-16T16:58:48.2857137Z Saved logs for job e2e (22.x) (40662340818)
2025-04-16T16:58:48.4705142Z Saved logs for job test (22.x) (40662340822)
2025-04-16T16:58:49.0357987Z Saved logs for job test (22.x) (40660813802)
2025-04-16T16:58:49.3121790Z Saved logs for job e2e (22.x) (40660813807)
2025-04-16T16:58:49.8977994Z Saved logs for job e2e (22.x) (40659963795)
2025-04-16T16:58:50.0677304Z Saved logs for job test (22.x) (40659963797)
2025-04-16T16:58:50.2616197Z Saved logs for job lint (22.x) (40659963816)
2025-04-16T16:58:50.7936447Z Saved logs for job e2e (22.x) (40658470007)
2025-04-16T16:58:50.9543879Z Saved logs for job lint (22.x) (40658470023)
2025-04-16T16:58:51.0930877Z Saved logs for job test (22.x) (40658470025)
2025-04-16T16:58:51.7089030Z Saved logs for job test (22.x) (40656595432)
2025-04-16T16:58:51.8921969Z Saved logs for job e2e (22.x) (40656595450)
2025-04-16T16:58:52.0729585Z Saved logs for job lint (22.x) (40656595451)
2025-04-16T16:58:52.5079910Z Saved logs for job lint (22.x) (40648995689)
2025-04-16T16:58:52.6841690Z Saved logs for job e2e (22.x) (40648995690)
2025-04-16T16:58:52.8840817Z Saved logs for job test (22.x) (40648995699)
2025-04-16T16:58:53.4611022Z Saved logs for job test (22.x) (40648936041)
2025-04-16T16:58:53.6553184Z Saved logs for job lint (22.x) (40648936049)
2025-04-16T16:58:53.8402131Z Saved logs for job e2e (22.x) (40648936088)
2025-04-16T16:58:54.3470185Z Saved logs for job test (22.x) (40645363558)
2025-04-16T16:58:54.5303524Z Saved logs for job e2e (22.x) (40645363568)
2025-04-16T16:58:54.7061175Z Saved logs for job lint (22.x) (40645363582)
2025-04-16T16:58:55.3165305Z Saved logs for job test (22.x) (40642315715)
2025-04-16T16:58:55.4920444Z Saved logs for job e2e (22.x) (40642315733)
2025-04-16T16:58:55.6353054Z Saved logs for job lint (22.x) (40642315744)
2025-04-16T16:58:56.2315593Z Saved logs for job test (22.x) (40640408484)
2025-04-16T16:58:56.4053314Z Saved logs for job e2e (22.x) (40640408487)
2025-04-16T16:58:56.5665534Z Saved logs for job lint (22.x) (40640408495)
2025-04-16T16:58:57.0766536Z Saved logs for job test (22.x) (40639200761)
2025-04-16T16:58:57.2445648Z Saved logs for job e2e (22.x) (40639200762)
2025-04-16T16:58:57.4043681Z Saved logs for job lint (22.x) (40639200772)
2025-04-16T16:58:58.0038386Z Saved logs for job test (22.x) (40638434179)
2025-04-16T16:58:58.2028846Z Saved logs for job lint (22.x) (40638434180)
2025-04-16T16:58:58.3782449Z Saved logs for job e2e (22.x) (40638434197)
2025-04-16T16:58:58.7625404Z Saved logs for job test (22.x) (40638117917)
2025-04-16T16:58:58.9153255Z Saved logs for job e2e (22.x) (40638117918)
2025-04-16T16:58:59.1117444Z Saved logs for job lint (22.x) (40638117931)
2025-04-16T16:58:59.7509878Z Saved logs for job test (22.x) (40637222574)
2025-04-16T16:58:59.9514964Z Saved logs for job e2e (22.x) (40637222590)
2025-04-16T16:59:00.1360601Z Saved logs for job lint (22.x) (40637222627)
2025-04-16T16:59:00.6328627Z Saved logs for job e2e (22.x) (40636317713)
2025-04-16T16:59:00.7742405Z Saved logs for job test (22.x) (40636317717)
2025-04-16T16:59:00.9624669Z Saved logs for job lint (22.x) (40636317718)
2025-04-16T16:59:01.5274628Z Saved logs for job test (22.x) (40635520017)
2025-04-16T16:59:01.7180001Z Saved logs for job e2e (22.x) (40635520024)
2025-04-16T16:59:01.9189342Z Saved logs for job lint (22.x) (40635520025)
2025-04-16T16:59:02.7171251Z Saved logs for job e2e (22.x) (40631138588)
2025-04-16T16:59:02.9277731Z Saved logs for job test (22.x) (40631138593)
2025-04-16T16:59:03.4153974Z Saved logs for job test (22.x) (40628452555)
2025-04-16T16:59:03.6150243Z Saved logs for job e2e (22.x) (40628452573)
2025-04-16T16:59:04.2986955Z Saved logs for job test (22.x) (40625114143)
2025-04-16T16:59:04.4912474Z Saved logs for job e2e (22.x) (40625114153)
2025-04-16T16:59:05.0476384Z Saved logs for job e2e (22.x) (40623556700)
2025-04-16T16:59:05.2262282Z Saved logs for job test (22.x) (40623556710)
2025-04-16T16:59:05.8546884Z Saved logs for job e2e (22.x) (40623232672)
2025-04-16T16:59:06.0318466Z Saved logs for job test (22.x) (40623232677)
2025-04-16T16:59:06.0320423Z Processing workflow: Security Alerts Report (Alternative) (156517337)
2025-04-16T16:59:06.2330291Z Found 0 failed runs for Security Alerts Report (Alternative)
2025-04-16T16:59:06.2332242Z Processing workflow: Security Alerts Report (156511788)
2025-04-16T16:59:06.4537020Z Found 1 failed runs for Security Alerts Report
2025-04-16T16:59:06.9551693Z Saved logs for job generate-report (40657820058)
2025-04-16T16:59:06.9553027Z Processing workflow: Server Tests (156396504)
2025-04-16T16:59:07.2538825Z Found 7 failed runs for Server Tests
2025-04-16T16:59:07.7461063Z Saved logs for job test (22.x) (40663459741)
2025-04-16T16:59:08.2216036Z Saved logs for job test (22.x) (40659963757)
2025-04-16T16:59:08.4081089Z Saved logs for job lint (22.x) (40659963777)
2025-04-16T16:59:08.9518897Z Saved logs for job lint (22.x) (40656595380)
2025-04-16T16:59:09.2784451Z Saved logs for job test (22.x) (40656595382)
2025-04-16T16:59:09.9485835Z Saved logs for job test (22.x) (40648936051)
2025-04-16T16:59:10.1136065Z Saved logs for job lint (22.x) (40648936076)
2025-04-16T16:59:10.8686437Z Saved logs for job lint (22.x) (40636317715)
2025-04-16T16:59:11.1644955Z Saved logs for job test (22.x) (40636317724)
2025-04-16T16:59:11.6720864Z Saved logs for job lint (22.x) (40636157199)
2025-04-16T16:59:11.8659326Z Saved logs for job test (22.x) (40636157200)
2025-04-16T16:59:13.1820064Z Saved logs for job test (22.x) (40631138589)
2025-04-16T16:59:13.1821333Z Processing workflow: Sync GitHub Insights (Alternative) (156517338)
2025-04-16T16:59:13.3145551Z Found 0 failed runs for Sync GitHub Insights (Alternative)
2025-04-16T16:59:13.3146481Z Processing workflow: Sync GitHub Insights (Fixed) (156518590)
2025-04-16T16:59:13.5111700Z Found 0 failed runs for Sync GitHub Insights (Fixed)
2025-04-16T16:59:13.5113049Z Processing workflow: Sync GitHub Insights (156511789)
2025-04-16T16:59:13.7661212Z Found 3 failed runs for Sync GitHub Insights
2025-04-16T16:59:14.2800039Z Saved logs for job sync-insights (40658529730)
2025-04-16T16:59:14.8039227Z Saved logs for job sync-insights (40657800158)
2025-04-16T16:59:15.3215515Z Saved logs for job sync-insights (40656793753)
2025-04-16T16:59:15.3217466Z Processing workflow: Sync Snyk Issues (156557032)
2025-04-16T16:59:15.4868497Z Found 0 failed runs for Sync Snyk Issues
2025-04-16T16:59:15.4869677Z Processing workflow: Sync Test Reports (156511790)
2025-04-16T16:59:15.9641771Z Found 2 failed runs for Sync Test Reports
2025-04-16T16:59:16.4128328Z Saved logs for job sync-reports (40656664593)
2025-04-16T16:59:16.8310328Z Saved logs for job sync-reports (40656644372)
2025-04-16T16:59:16.8311680Z Processing workflow: Sync Workflow Error Logs (156531139)
2025-04-16T16:59:17.2273959Z Found 13 failed runs for Sync Workflow Error Logs
2025-04-16T16:59:18.1375370Z Saved logs for job sync-error-logs (40663884504)
2025-04-16T16:59:18.6488337Z Saved logs for job sync-error-logs (40663871175)
2025-04-16T16:59:19.1033009Z Saved logs for job sync-error-logs (40663862163)
2025-04-16T16:59:19.6208605Z Saved logs for job sync-error-logs (40663803075)
2025-04-16T16:59:20.1186624Z Saved logs for job sync-error-logs (40663762300)
2025-04-16T16:59:20.6869064Z Saved logs for job sync-error-logs (40663734511)
2025-04-16T16:59:21.2735299Z Saved logs for job sync-error-logs (40663704386)
2025-04-16T16:59:21.8513047Z Saved logs for job sync-error-logs (40663657537)
2025-04-16T16:59:22.3638913Z Saved logs for job sync-error-logs (40663640084)
2025-04-16T16:59:22.7205657Z Saved logs for job sync-error-logs (40663610469)
2025-04-16T16:59:23.2338497Z Saved logs for job sync-error-logs (40663581882)
2025-04-16T16:59:23.7076430Z Saved logs for job sync-error-logs (40663556539)
2025-04-16T16:59:24.2479234Z Saved logs for job sync-error-logs (40663029643)
2025-04-16T16:59:24.2480737Z Processing workflow: Sync Workflow Error Logs (Robust) (156532769)
2025-04-16T16:59:24.9711453Z Found 27 failed runs for Sync Workflow Error Logs (Robust)
2025-04-16T16:59:25.4979779Z Saved logs for job sync-error-logs (40671398924)
2025-04-16T16:59:25.9739265Z Saved logs for job sync-error-logs (40671389821)
2025-04-16T16:59:26.4422732Z Saved logs for job sync-error-logs (40671384641)
2025-04-16T16:59:26.8899791Z Saved logs for job sync-error-logs (40667363362)
2025-04-16T16:59:27.2546366Z Saved logs for job sync-error-logs (40667339786)
2025-04-16T16:59:27.8602428Z Saved logs for job sync-error-logs (40667169107)
2025-04-16T16:59:28.2802146Z Saved logs for job sync-error-logs (40665192111)
2025-04-16T16:59:28.7850080Z Saved logs for job sync-error-logs (40665160549)
2025-04-16T16:59:29.2647628Z Saved logs for job sync-error-logs (40664651912)
2025-04-16T16:59:29.6785187Z Saved logs for job sync-error-logs (40664616106)
2025-04-16T16:59:30.1778628Z Saved logs for job sync-error-logs (40664499845)
2025-04-16T16:59:30.7439456Z Saved logs for job sync-error-logs (40664435963)
2025-04-16T16:59:31.3714240Z Saved logs for job sync-error-logs (40663852786)
2025-04-16T16:59:31.9347708Z Saved logs for job sync-error-logs (40663768800)
2025-04-16T16:59:32.3005589Z Saved logs for job sync-error-logs (40663746533)
2025-04-16T16:59:32.8322450Z Saved logs for job sync-error-logs (40663734604)
2025-04-16T16:59:33.3281876Z Saved logs for job sync-error-logs (40663734211)
2025-04-16T16:59:33.7130792Z Saved logs for job sync-error-logs (40663726146)
2025-04-16T16:59:34.2859926Z Saved logs for job sync-error-logs (40663694016)
2025-04-16T16:59:34.7695499Z Saved logs for job sync-error-logs (40663680006)
2025-04-16T16:59:35.1179016Z Saved logs for job sync-error-logs (40663676815)
2025-04-16T16:59:35.6453491Z Saved logs for job sync-error-logs (40663642603)
2025-04-16T16:59:36.0362222Z Saved logs for job sync-error-logs (40663640193)
2025-04-16T16:59:36.6174329Z Saved logs for job sync-error-logs (40663610483)
2025-04-16T16:59:36.9889973Z Saved logs for job sync-error-logs (40663581813)
2025-04-16T16:59:37.4335140Z Saved logs for job sync-error-logs (40663556527)
2025-04-16T16:59:37.7692535Z Saved logs for job sync-error-logs (40663489150)
2025-04-16T16:59:37.7693857Z Processing workflow: Sync Workflow Error Logs (156529457)
2025-04-16T16:59:38.2052592Z Found 16 failed runs for Sync Workflow Error Logs
2025-04-16T16:59:38.5501298Z Saved logs for job sync-error-logs (40663978660)
2025-04-16T16:59:38.9832711Z Saved logs for job sync-error-logs (40663935374)
2025-04-16T16:59:39.3134423Z Saved logs for job sync-error-logs (40663840001)
2025-04-16T16:59:39.8904113Z Saved logs for job sync-error-logs (40663802949)
2025-04-16T16:59:40.3765853Z Saved logs for job sync-error-logs (40663762365)
2025-04-16T16:59:40.7293304Z Saved logs for job sync-error-logs (40663734602)
2025-04-16T16:59:41.0550918Z Saved logs for job sync-error-logs (40663704422)
2025-04-16T16:59:41.5481504Z Saved logs for job sync-error-logs (40663657651)
2025-04-16T16:59:42.0820393Z Saved logs for job sync-error-logs (40663640395)
2025-04-16T16:59:42.5411562Z Saved logs for job sync-error-logs (40663610514)
2025-04-16T16:59:43.0745579Z Saved logs for job sync-error-logs (40663581717)
2025-04-16T16:59:43.6057010Z Saved logs for job sync-error-logs (40663556577)
2025-04-16T16:59:44.0589201Z Saved logs for job sync-error-logs (40663029928)
2025-04-16T16:59:44.6299497Z Saved logs for job sync-error-logs (40662993597)
2025-04-16T16:59:45.0088147Z Saved logs for job sync-error-logs (40662475242)
2025-04-16T16:59:45.4714515Z Saved logs for job sync-error-logs (40662446363)
2025-04-16T16:59:45.4715768Z Processing workflow: Dependabot Updates (153911032)
2025-04-16T16:59:46.3546400Z Found 13 failed runs for Dependabot Updates
2025-04-16T16:59:46.9070191Z Saved logs for job Dependabot (40671290570)
2025-04-16T16:59:47.4607243Z Saved logs for job Dependabot (40671289916)
2025-04-16T16:59:48.1120028Z Saved logs for job Dependabot (40667240338)
2025-04-16T16:59:48.7364434Z Saved logs for job Dependabot (40667235385)
2025-04-16T16:59:49.2074923Z Saved logs for job Dependabot (40657560162)
2025-04-16T16:59:49.6845460Z Saved logs for job Dependabot (40657559762)
2025-04-16T16:59:50.2031297Z Saved logs for job Dependabot (40657410431)
2025-04-16T16:59:50.8143816Z Saved logs for job Dependabot (40657409984)
2025-04-16T16:59:51.4140269Z Saved logs for job Dependabot (40656602439)
2025-04-16T16:59:52.0398734Z Saved logs for job Dependabot (40656599224)
2025-04-16T16:59:52.5307679Z Saved logs for job Dependabot (40656599232)
2025-04-16T16:59:53.1364028Z Saved logs for job Dependabot (40648953960)
2025-04-16T16:59:53.4863954Z Saved logs for job Dependabot (40636173412)
2025-04-16T16:59:53.4867358Z Workflow error logs sync completed
2025-04-16T16:59:53.4983426Z ##[group]Run cat > workflow-error-logs/README.md << 'EOF'
2025-04-16T16:59:53.4983863Z [36;1mcat > workflow-error-logs/README.md << 'EOF'[0m
2025-04-16T16:59:53.4984148Z [36;1m# Workflow Error Logs[0m
2025-04-16T16:59:53.4984363Z [36;1m[0m
2025-04-16T16:59:53.4984892Z [36;1mThis directory contains logs from failed GitHub Actions workflow runs. These logs are automatically collected by the "Sync Workflow Error Logs" workflow.[0m
2025-04-16T16:59:53.4985481Z [36;1m[0m
2025-04-16T16:59:53.4985653Z [36;1m## Directory Structure[0m
2025-04-16T16:59:53.4985857Z [36;1m[0m
2025-04-16T16:59:53.4986013Z [36;1m```[0m
2025-04-16T16:59:53.4986192Z [36;1mworkflow-error-logs/[0m
2025-04-16T16:59:53.4987255Z [36;1mâ”œâ”€â”€ {workflow-name}/[0m
2025-04-16T16:59:53.4987648Z [36;1mâ”‚   â”œâ”€â”€ {date}_{run-id}/[0m
2025-04-16T16:59:53.4988064Z [36;1mâ”‚   â”‚   â”œâ”€â”€ metadata.json       # Run metadata[0m
2025-04-16T16:59:53.4988514Z [36;1mâ”‚   â”‚   â”œâ”€â”€ jobs.json           # Jobs metadata[0m
2025-04-16T16:59:53.4988982Z [36;1mâ”‚   â”‚   â”œâ”€â”€ {job-name}/[0m
2025-04-16T16:59:53.4989395Z [36;1mâ”‚   â”‚   â”‚   â”œâ”€â”€ job-metadata.json  # Job metadata[0m
2025-04-16T16:59:53.4989853Z [36;1mâ”‚   â”‚   â”‚   â””â”€â”€ logs.txt           # Job logs[0m
2025-04-16T16:59:53.4990231Z [36;1mâ”‚   â”‚   â””â”€â”€ ...[0m
2025-04-16T16:59:53.4990509Z [36;1mâ”‚   â””â”€â”€ ...[0m
2025-04-16T16:59:53.4990698Z [36;1mâ””â”€â”€ ...[0m
2025-04-16T16:59:53.4990875Z [36;1m```[0m
2025-04-16T16:59:53.4991042Z [36;1m[0m
2025-04-16T16:59:53.4991205Z [36;1m## Using These Logs[0m
2025-04-16T16:59:53.4991404Z [36;1m[0m
2025-04-16T16:59:53.4991922Z [36;1mThese logs can be used to diagnose and fix issues with GitHub Actions workflows. Look for error messages, failed steps, and other indicators of problems.[0m
2025-04-16T16:59:53.4992512Z [36;1m[0m
2025-04-16T16:59:53.4992680Z [36;1m## Automatic Collection[0m
2025-04-16T16:59:53.4992895Z [36;1m[0m
2025-04-16T16:59:53.4993061Z [36;1mLogs are collected:[0m
2025-04-16T16:59:53.4993300Z [36;1m- After any workflow completes[0m
2025-04-16T16:59:53.4993562Z [36;1m- Every 6 hours via scheduled run[0m
2025-04-16T16:59:53.4993815Z [36;1m- Manually via workflow dispatch[0m
2025-04-16T16:59:53.4994046Z [36;1m[0m
2025-04-16T16:59:53.4994202Z [36;1m## Retention[0m
2025-04-16T16:59:53.4994384Z [36;1m[0m
2025-04-16T16:59:53.4994589Z [36;1mOnly logs from the past 30 days are collected.[0m
2025-04-16T16:59:53.4994863Z [36;1mEOF[0m
2025-04-16T16:59:53.5040598Z shell: /usr/bin/bash -e {0}
2025-04-16T16:59:53.5040819Z env:
2025-04-16T16:59:53.5040982Z   CI: true
2025-04-16T16:59:53.5041151Z ##[endgroup]
2025-04-16T16:59:53.5139384Z ##[group]Run git config --local user.email "action@github.com"
2025-04-16T16:59:53.5139825Z [36;1mgit config --local user.email "action@github.com"[0m
2025-04-16T16:59:53.5140166Z [36;1mgit config --local user.name "GitHub Action"[0m
2025-04-16T16:59:53.5182333Z shell: /usr/bin/bash -e {0}
2025-04-16T16:59:53.5182562Z env:
2025-04-16T16:59:53.5182825Z   CI: true
2025-04-16T16:59:53.5183002Z ##[endgroup]
2025-04-16T16:59:53.5319897Z ##[group]Run # Fetch the latest changes from the remote repository
2025-04-16T16:59:53.5320372Z [36;1m# Fetch the latest changes from the remote repository[0m
2025-04-16T16:59:53.5320695Z [36;1mgit fetch origin main[0m
2025-04-16T16:59:53.5362461Z shell: /usr/bin/bash -e {0}
2025-04-16T16:59:53.5362686Z env:
2025-04-16T16:59:53.5362853Z   CI: true
2025-04-16T16:59:53.5363020Z ##[endgroup]
2025-04-16T16:59:53.8243209Z From https://github.com/mrkurger/date-night-app2
2025-04-16T16:59:53.8257586Z  * branch            main       -> FETCH_HEAD
2025-04-16T16:59:53.8370808Z ##[group]Run # Check if there are any conflicts between local and remote
2025-04-16T16:59:53.8371643Z [36;1m# Check if there are any conflicts between local and remote[0m
2025-04-16T16:59:53.8372517Z [36;1mif git merge-tree $(git merge-base HEAD origin/main) HEAD origin/main | grep -e "^<<<<<<< ";[0m
2025-04-16T16:59:53.8373267Z [36;1mthen[0m
2025-04-16T16:59:53.8373671Z [36;1m  echo "has_conflicts=true" >> $GITHUB_OUTPUT[0m
2025-04-16T16:59:53.8374167Z [36;1melse[0m
2025-04-16T16:59:53.8374555Z [36;1m  echo "has_conflicts=false" >> $GITHUB_OUTPUT[0m
2025-04-16T16:59:53.8375041Z [36;1mfi[0m
2025-04-16T16:59:53.8441252Z shell: /usr/bin/bash -e {0}
2025-04-16T16:59:53.8441637Z env:
2025-04-16T16:59:53.8441921Z   CI: true
2025-04-16T16:59:53.8442211Z ##[endgroup]
2025-04-16T16:59:53.8660958Z ##[group]Run # Pull the latest changes with rebase strategy
2025-04-16T16:59:53.8661362Z [36;1m# Pull the latest changes with rebase strategy[0m
2025-04-16T16:59:53.8661682Z [36;1mgit pull --rebase origin main[0m
2025-04-16T16:59:53.8661919Z [36;1m[0m
2025-04-16T16:59:53.8662109Z [36;1mgit add workflow-error-logs[0m
2025-04-16T16:59:53.8662513Z [36;1m[0m
2025-04-16T16:59:53.8662707Z [36;1m# Only commit if there are changes[0m
2025-04-16T16:59:53.8662981Z [36;1mif git diff --staged --quiet; then[0m
2025-04-16T16:59:53.8663234Z [36;1m  echo "No changes to commit"[0m
2025-04-16T16:59:53.8663468Z [36;1melse[0m
2025-04-16T16:59:53.8663716Z [36;1m  git commit -m "Update workflow error logs [skip ci]"[0m
2025-04-16T16:59:53.8664034Z [36;1m  git push[0m
2025-04-16T16:59:53.8664214Z [36;1mfi[0m
2025-04-16T16:59:53.8706963Z shell: /usr/bin/bash -e {0}
2025-04-16T16:59:53.8707212Z env:
2025-04-16T16:59:53.8707375Z   CI: true
2025-04-16T16:59:53.8707548Z ##[endgroup]
2025-04-16T16:59:54.3819842Z error: cannot pull with rebase: You have unstaged changes.
2025-04-16T16:59:54.3820530Z error: Please commit or stash them.
2025-04-16T16:59:54.3842111Z ##[error]Process completed with exit code 128.
2025-04-16T16:59:54.3945726Z Post job cleanup.
2025-04-16T16:59:54.4900619Z [command]/usr/bin/git version
2025-04-16T16:59:54.4941449Z git version 2.49.0
2025-04-16T16:59:54.4989181Z Temporarily overriding HOME='/home/runner/work/_temp/2e96d391-5f58-4f0d-98a4-7db1bcaa50e5' before making global git config changes
2025-04-16T16:59:54.4991274Z Adding repository directory to the temporary git global config as a safe directory
2025-04-16T16:59:54.5005815Z [command]/usr/bin/git config --global --add safe.directory /home/runner/work/date-night-app2/date-night-app2
2025-04-16T16:59:54.5043615Z [command]/usr/bin/git config --local --name-only --get-regexp core\.sshCommand
2025-04-16T16:59:54.5080572Z [command]/usr/bin/git submodule foreach --recursive sh -c "git config --local --name-only --get-regexp 'core\.sshCommand' && git config --local --unset-all 'core.sshCommand' || :"
2025-04-16T16:59:54.5337388Z [command]/usr/bin/git config --local --name-only --get-regexp http\.https\:\/\/github\.com\/\.extraheader
2025-04-16T16:59:54.5364382Z http.https://github.com/.extraheader
2025-04-16T16:59:54.5379015Z [command]/usr/bin/git config --local --unset-all http.https://github.com/.extraheader
2025-04-16T16:59:54.5412158Z [command]/usr/bin/git submodule foreach --recursive sh -c "git config --local --name-only --get-regexp 'http\.https\:\/\/github\.com\/\.extraheader' && git config --local --unset-all 'http.https://github.com/.extraheader' || :"
2025-04-16T16:59:54.5760290Z Cleaning up orphan processes
