2025-04-18T08:21:05.3037424Z Current runner version: '2.323.0'
2025-04-18T08:21:05.3115812Z ##[group]Operating System
2025-04-18T08:21:05.3117022Z Ubuntu
2025-04-18T08:21:05.3117751Z 24.04.2
2025-04-18T08:21:05.3118600Z LTS
2025-04-18T08:21:05.3119537Z ##[endgroup]
2025-04-18T08:21:05.3120417Z ##[group]Runner Image
2025-04-18T08:21:05.3121503Z Image: ubuntu-24.04
2025-04-18T08:21:05.3122360Z Version: 20250413.1.0
2025-04-18T08:21:05.3144548Z Included Software: https://github.com/actions/runner-images/blob/ubuntu24/20250413.1/images/ubuntu/Ubuntu2404-Readme.md
2025-04-18T08:21:05.3147165Z Image Release: https://github.com/actions/runner-images/releases/tag/ubuntu24%2F20250413.1
2025-04-18T08:21:05.3148851Z ##[endgroup]
2025-04-18T08:21:05.3149692Z ##[group]Runner Image Provisioner
2025-04-18T08:21:05.3150770Z 2.0.422.1
2025-04-18T08:21:05.3151535Z ##[endgroup]
2025-04-18T08:21:05.3156177Z ##[group]GITHUB_TOKEN Permissions
2025-04-18T08:21:05.3158923Z Actions: write
2025-04-18T08:21:05.3160041Z Attestations: write
2025-04-18T08:21:05.3161189Z Checks: write
2025-04-18T08:21:05.3162044Z Contents: write
2025-04-18T08:21:05.3162902Z Deployments: write
2025-04-18T08:21:05.3184271Z Discussions: write
2025-04-18T08:21:05.3185306Z Issues: write
2025-04-18T08:21:05.3186099Z Metadata: read
2025-04-18T08:21:05.3186975Z Models: read
2025-04-18T08:21:05.3187890Z Packages: write
2025-04-18T08:21:05.3188829Z Pages: write
2025-04-18T08:21:05.3189655Z PullRequests: write
2025-04-18T08:21:05.3191096Z RepositoryProjects: write
2025-04-18T08:21:05.3192086Z SecurityEvents: write
2025-04-18T08:21:05.3193010Z Statuses: write
2025-04-18T08:21:05.3194338Z ##[endgroup]
2025-04-18T08:21:05.3197312Z Secret source: Actions
2025-04-18T08:21:05.3198590Z Prepare workflow directory
2025-04-18T08:21:05.4073132Z Prepare all required actions
2025-04-18T08:21:05.4128941Z Getting action download info
2025-04-18T08:21:05.8006973Z ##[group]Download immutable action package 'actions/checkout@v4'
2025-04-18T08:21:05.8007916Z Version: 4.2.2
2025-04-18T08:21:05.8008860Z Digest: sha256:ccb2698953eaebd21c7bf6268a94f9c26518a7e38e27e0b83c1fe1ad049819b1
2025-04-18T08:21:05.8010094Z Source commit SHA: 11bd71901bbe5b1630ceea73d27597364c9af683
2025-04-18T08:21:05.8010816Z ##[endgroup]
2025-04-18T08:21:05.9267195Z ##[group]Download immutable action package 'actions/setup-node@v4'
2025-04-18T08:21:05.9267929Z Version: 4.4.0
2025-04-18T08:21:05.9268734Z Digest: sha256:9427cefe82346e992fb5b949e3569b39d537ae41aa3086483b14eceebfc16bc1
2025-04-18T08:21:05.9269654Z Source commit SHA: 49933ea5288caeca8642d1e84afbd3f7d6820020
2025-04-18T08:21:05.9270309Z ##[endgroup]
2025-04-18T08:21:06.1237466Z ##[group]Download immutable action package 'actions/upload-artifact@v4'
2025-04-18T08:21:06.1238170Z Version: 4.6.2
2025-04-18T08:21:06.1238774Z Digest: sha256:290722aa3281d5caf23d0acdc3dbeb3424786a1a01a9cc97e72f147225e37c38
2025-04-18T08:21:06.1239595Z Source commit SHA: ea165f8d65b6e75b540449e92b4886f43607fa02
2025-04-18T08:21:06.1240153Z ##[endgroup]
2025-04-18T08:21:06.3331299Z Complete job name: test (22.x)
2025-04-18T08:21:06.3711665Z ##[group]Checking docker version
2025-04-18T08:21:06.3724580Z ##[command]/usr/bin/docker version --format '{{.Server.APIVersion}}'
2025-04-18T08:21:06.4944270Z '1.45'
2025-04-18T08:21:06.4956361Z Docker daemon API version: '1.45'
2025-04-18T08:21:06.4957536Z ##[command]/usr/bin/docker version --format '{{.Client.APIVersion}}'
2025-04-18T08:21:06.5110979Z '1.45'
2025-04-18T08:21:06.5122887Z Docker client API version: '1.45'
2025-04-18T08:21:06.5128070Z ##[endgroup]
2025-04-18T08:21:06.5130768Z ##[group]Clean up resources from previous jobs
2025-04-18T08:21:06.5137018Z ##[command]/usr/bin/docker ps --all --quiet --no-trunc --filter "label=4c3371"
2025-04-18T08:21:06.5283619Z ##[command]/usr/bin/docker network prune --force --filter "label=4c3371"
2025-04-18T08:21:06.5418586Z ##[endgroup]
2025-04-18T08:21:06.5419050Z ##[group]Create local container network
2025-04-18T08:21:06.5428925Z ##[command]/usr/bin/docker network create --label 4c3371 github_network_f490067f209a4700af186fc0bba088fa
2025-04-18T08:21:06.6332933Z 1816df2288bd9e10f50932987e5621ad3dfe992b5d314205fd66b54264521b15
2025-04-18T08:21:06.6350299Z ##[endgroup]
2025-04-18T08:21:06.6372813Z ##[group]Starting mongodb service container
2025-04-18T08:21:06.6392708Z ##[command]/usr/bin/docker pull mongo:6
2025-04-18T08:21:06.8640293Z 6: Pulling from library/mongo
2025-04-18T08:21:06.9267474Z 30a9c22ae099: Pulling fs layer
2025-04-18T08:21:06.9268536Z abd374245ca5: Pulling fs layer
2025-04-18T08:21:06.9269390Z dfcc52b2e041: Pulling fs layer
2025-04-18T08:21:06.9270276Z b058d84e1082: Pulling fs layer
2025-04-18T08:21:06.9271186Z e12a18eb1ecf: Pulling fs layer
2025-04-18T08:21:06.9272096Z 546622740404: Pulling fs layer
2025-04-18T08:21:06.9273024Z 80a51fc6e5dc: Pulling fs layer
2025-04-18T08:21:06.9274427Z f7d23c7569c8: Pulling fs layer
2025-04-18T08:21:06.9275313Z b058d84e1082: Waiting
2025-04-18T08:21:06.9276034Z e12a18eb1ecf: Waiting
2025-04-18T08:21:06.9276789Z 546622740404: Waiting
2025-04-18T08:21:06.9277562Z 80a51fc6e5dc: Waiting
2025-04-18T08:21:06.9278824Z f7d23c7569c8: Waiting
2025-04-18T08:21:06.9859548Z abd374245ca5: Verifying Checksum
2025-04-18T08:21:06.9864646Z abd374245ca5: Download complete
2025-04-18T08:21:07.0052168Z dfcc52b2e041: Verifying Checksum
2025-04-18T08:21:07.0056553Z dfcc52b2e041: Download complete
2025-04-18T08:21:07.0481667Z e12a18eb1ecf: Verifying Checksum
2025-04-18T08:21:07.0482867Z e12a18eb1ecf: Download complete
2025-04-18T08:21:07.0684146Z b058d84e1082: Verifying Checksum
2025-04-18T08:21:07.0685125Z b058d84e1082: Download complete
2025-04-18T08:21:07.1065467Z 546622740404: Verifying Checksum
2025-04-18T08:21:07.1069323Z 546622740404: Download complete
2025-04-18T08:21:07.1645809Z f7d23c7569c8: Verifying Checksum
2025-04-18T08:21:07.1647282Z f7d23c7569c8: Download complete
2025-04-18T08:21:07.1651634Z 30a9c22ae099: Verifying Checksum
2025-04-18T08:21:07.1654086Z 30a9c22ae099: Download complete
2025-04-18T08:21:08.6758346Z 30a9c22ae099: Pull complete
2025-04-18T08:21:08.7923834Z 80a51fc6e5dc: Verifying Checksum
2025-04-18T08:21:08.7926066Z 80a51fc6e5dc: Download complete
2025-04-18T08:21:10.0259448Z abd374245ca5: Pull complete
2025-04-18T08:21:10.1676271Z dfcc52b2e041: Pull complete
2025-04-18T08:21:10.2198038Z b058d84e1082: Pull complete
2025-04-18T08:21:10.2377824Z e12a18eb1ecf: Pull complete
2025-04-18T08:21:10.2508228Z 546622740404: Pull complete
2025-04-18T08:21:16.8164837Z 80a51fc6e5dc: Pull complete
2025-04-18T08:21:16.8398659Z f7d23c7569c8: Pull complete
2025-04-18T08:21:16.8472264Z Digest: sha256:5e5dd359de06dabbd2fb587e8ded7afe1dd8ecfff736323aadb5d29a4bd697aa
2025-04-18T08:21:16.8495373Z Status: Downloaded newer image for mongo:6
2025-04-18T08:21:16.8515918Z docker.io/library/mongo:6
2025-04-18T08:21:16.8571211Z ##[command]/usr/bin/docker create --name 908e470820574817a03a461d6200713b_mongo6_2d8ea2 --label 4c3371 --network github_network_f490067f209a4700af186fc0bba088fa --network-alias mongodb -p 27017:27017  -e GITHUB_ACTIONS=true -e CI=true mongo:6
2025-04-18T08:21:16.8913066Z e29e700f1034849e9350f83836d5ca06e99ab99dede41d02a2418d50362cff3c
2025-04-18T08:21:16.8935299Z ##[command]/usr/bin/docker start e29e700f1034849e9350f83836d5ca06e99ab99dede41d02a2418d50362cff3c
2025-04-18T08:21:17.1989996Z e29e700f1034849e9350f83836d5ca06e99ab99dede41d02a2418d50362cff3c
2025-04-18T08:21:17.2015887Z ##[command]/usr/bin/docker ps --all --filter id=e29e700f1034849e9350f83836d5ca06e99ab99dede41d02a2418d50362cff3c --filter status=running --no-trunc --format "{{.ID}} {{.Status}}"
2025-04-18T08:21:17.2166393Z e29e700f1034849e9350f83836d5ca06e99ab99dede41d02a2418d50362cff3c Up Less than a second
2025-04-18T08:21:17.2193549Z ##[command]/usr/bin/docker port e29e700f1034849e9350f83836d5ca06e99ab99dede41d02a2418d50362cff3c
2025-04-18T08:21:17.2380007Z 27017/tcp -> 0.0.0.0:27017
2025-04-18T08:21:17.2380851Z 27017/tcp -> [::]:27017
2025-04-18T08:21:17.2449374Z ##[endgroup]
2025-04-18T08:21:17.2462773Z ##[group]Waiting for all services to be ready
2025-04-18T08:21:17.2483049Z ##[command]/usr/bin/docker inspect --format="{{if .Config.Healthcheck}}{{print .State.Health.Status}}{{end}}" e29e700f1034849e9350f83836d5ca06e99ab99dede41d02a2418d50362cff3c
2025-04-18T08:21:17.2712722Z mongodb service is healthy.
2025-04-18T08:21:17.2714142Z ##[endgroup]
2025-04-18T08:21:17.3032129Z ##[group]Run actions/checkout@v4
2025-04-18T08:21:17.3032948Z with:
2025-04-18T08:21:17.3033559Z   repository: mrkurger/date-night-app2
2025-04-18T08:21:17.3034278Z   token: ***
2025-04-18T08:21:17.3034626Z   ssh-strict: true
2025-04-18T08:21:17.3034990Z   ssh-user: git
2025-04-18T08:21:17.3035381Z   persist-credentials: true
2025-04-18T08:21:17.3035789Z   clean: true
2025-04-18T08:21:17.3036149Z   sparse-checkout-cone-mode: true
2025-04-18T08:21:17.3036595Z   fetch-depth: 1
2025-04-18T08:21:17.3036939Z   fetch-tags: false
2025-04-18T08:21:17.3037303Z   show-progress: true
2025-04-18T08:21:17.3037666Z   lfs: false
2025-04-18T08:21:17.3037990Z   submodules: false
2025-04-18T08:21:17.3038350Z   set-safe-directory: true
2025-04-18T08:21:17.3039025Z env:
2025-04-18T08:21:17.3039342Z   CI: true
2025-04-18T08:21:17.3039647Z ##[endgroup]
2025-04-18T08:21:17.6000337Z Syncing repository: mrkurger/date-night-app2
2025-04-18T08:21:17.6002136Z ##[group]Getting Git version info
2025-04-18T08:21:17.6002878Z Working directory is '/home/runner/work/date-night-app2/date-night-app2'
2025-04-18T08:21:17.6004131Z [command]/usr/bin/git version
2025-04-18T08:21:17.6128537Z git version 2.49.0
2025-04-18T08:21:17.6167275Z ##[endgroup]
2025-04-18T08:21:17.6182599Z Temporarily overriding HOME='/home/runner/work/_temp/a82e4203-8d3a-42d8-a466-b0cffe077cb7' before making global git config changes
2025-04-18T08:21:17.6188334Z Adding repository directory to the temporary git global config as a safe directory
2025-04-18T08:21:17.6200932Z [command]/usr/bin/git config --global --add safe.directory /home/runner/work/date-night-app2/date-night-app2
2025-04-18T08:21:17.6241006Z Deleting the contents of '/home/runner/work/date-night-app2/date-night-app2'
2025-04-18T08:21:17.6245721Z ##[group]Initializing the repository
2025-04-18T08:21:17.6251195Z [command]/usr/bin/git init /home/runner/work/date-night-app2/date-night-app2
2025-04-18T08:21:17.6432111Z hint: Using 'master' as the name for the initial branch. This default branch name
2025-04-18T08:21:17.6433643Z hint: is subject to change. To configure the initial branch name to use in all
2025-04-18T08:21:17.6435223Z hint: of your new repositories, which will suppress this warning, call:
2025-04-18T08:21:17.6435592Z hint:
2025-04-18T08:21:17.6517385Z hint: 	git config --global init.defaultBranch <name>
2025-04-18T08:21:17.6517880Z hint:
2025-04-18T08:21:17.6518329Z hint: Names commonly chosen instead of 'master' are 'main', 'trunk' and
2025-04-18T08:21:17.6519202Z hint: 'development'. The just-created branch can be renamed via this command:
2025-04-18T08:21:17.6519849Z hint:
2025-04-18T08:21:17.6520240Z hint: 	git branch -m <name>
2025-04-18T08:21:17.6522058Z Initialized empty Git repository in /home/runner/work/date-night-app2/date-night-app2/.git/
2025-04-18T08:21:17.6523989Z [command]/usr/bin/git remote add origin https://github.com/mrkurger/date-night-app2
2025-04-18T08:21:17.6525504Z ##[endgroup]
2025-04-18T08:21:17.6526166Z ##[group]Disabling automatic garbage collection
2025-04-18T08:21:17.6529571Z [command]/usr/bin/git config --local gc.auto 0
2025-04-18T08:21:17.6565910Z ##[endgroup]
2025-04-18T08:21:17.6566519Z ##[group]Setting up auth
2025-04-18T08:21:17.6575175Z [command]/usr/bin/git config --local --name-only --get-regexp core\.sshCommand
2025-04-18T08:21:17.6610607Z [command]/usr/bin/git submodule foreach --recursive sh -c "git config --local --name-only --get-regexp 'core\.sshCommand' && git config --local --unset-all 'core.sshCommand' || :"
2025-04-18T08:21:17.7030114Z [command]/usr/bin/git config --local --name-only --get-regexp http\.https\:\/\/github\.com\/\.extraheader
2025-04-18T08:21:17.7064137Z [command]/usr/bin/git submodule foreach --recursive sh -c "git config --local --name-only --get-regexp 'http\.https\:\/\/github\.com\/\.extraheader' && git config --local --unset-all 'http.https://github.com/.extraheader' || :"
2025-04-18T08:21:17.7302201Z [command]/usr/bin/git config --local http.https://github.com/.extraheader AUTHORIZATION: basic ***
2025-04-18T08:21:17.7345757Z ##[endgroup]
2025-04-18T08:21:17.7346691Z ##[group]Fetching the repository
2025-04-18T08:21:17.7355874Z [command]/usr/bin/git -c protocol.version=2 fetch --no-tags --prune --no-recurse-submodules --depth=1 origin +021ca3c7a1060fbba2ab7338518ddb3a2a8b8e64:refs/remotes/origin/main
2025-04-18T08:21:20.0758545Z From https://github.com/mrkurger/date-night-app2
2025-04-18T08:21:20.0759913Z  * [new ref]         021ca3c7a1060fbba2ab7338518ddb3a2a8b8e64 -> origin/main
2025-04-18T08:21:20.0793496Z ##[endgroup]
2025-04-18T08:21:20.0795554Z ##[group]Determining the checkout info
2025-04-18T08:21:20.0796605Z ##[endgroup]
2025-04-18T08:21:20.0802564Z [command]/usr/bin/git sparse-checkout disable
2025-04-18T08:21:20.0848866Z [command]/usr/bin/git config --local --unset-all extensions.worktreeConfig
2025-04-18T08:21:20.0878416Z ##[group]Checking out the ref
2025-04-18T08:21:20.0882559Z [command]/usr/bin/git checkout --progress --force -B main refs/remotes/origin/main
2025-04-18T08:21:20.6065985Z Switched to a new branch 'main'
2025-04-18T08:21:20.6069350Z branch 'main' set up to track 'origin/main'.
2025-04-18T08:21:20.6093225Z ##[endgroup]
2025-04-18T08:21:20.6132888Z [command]/usr/bin/git log -1 --format=%H
2025-04-18T08:21:20.6156842Z 021ca3c7a1060fbba2ab7338518ddb3a2a8b8e64
2025-04-18T08:21:20.6374023Z ##[group]Run actions/setup-node@v4
2025-04-18T08:21:20.6374307Z with:
2025-04-18T08:21:20.6374476Z   node-version: 22.x
2025-04-18T08:21:20.6374664Z   cache: npm
2025-04-18T08:21:20.6374880Z   cache-dependency-path: server/package-lock.json
2025-04-18T08:21:20.6375160Z   always-auth: false
2025-04-18T08:21:20.6375344Z   check-latest: false
2025-04-18T08:21:20.6375657Z   token: ***
2025-04-18T08:21:20.6375823Z env:
2025-04-18T08:21:20.6375969Z   CI: true
2025-04-18T08:21:20.6376121Z ##[endgroup]
2025-04-18T08:21:20.8373978Z Found in cache @ /opt/hostedtoolcache/node/22.14.0/x64
2025-04-18T08:21:20.8374868Z ##[group]Environment details
2025-04-18T08:21:23.2967123Z node: v22.14.0
2025-04-18T08:21:23.2968818Z npm: 10.9.2
2025-04-18T08:21:23.2969126Z yarn: 1.22.22
2025-04-18T08:21:23.2970095Z ##[endgroup]
2025-04-18T08:21:23.2993041Z [command]/opt/hostedtoolcache/node/22.14.0/x64/bin/npm config get cache
2025-04-18T08:21:23.5938975Z /home/runner/.npm
2025-04-18T08:21:23.6932480Z Cache hit for: node-cache-Linux-x64-npm-eb74dc554d17640d6b2005eb2c3c9590e65262bd6e2b7add98bfd17307b4cd7c
2025-04-18T08:21:24.0489124Z Received 35603115 of 35603115 (100.0%), 109.5 MBs/sec
2025-04-18T08:21:24.0491091Z Cache Size: ~34 MB (35603115 B)
2025-04-18T08:21:24.0530484Z [command]/usr/bin/tar -xf /home/runner/work/_temp/b5790688-fa52-4159-8ded-457664c691cf/cache.tzst -P -C /home/runner/work/date-night-app2/date-night-app2 --use-compress-program unzstd
2025-04-18T08:21:24.3170517Z Cache restored successfully
2025-04-18T08:21:24.3248310Z Cache restored from key: node-cache-Linux-x64-npm-eb74dc554d17640d6b2005eb2c3c9590e65262bd6e2b7add98bfd17307b4cd7c
2025-04-18T08:21:24.3418326Z ##[group]Run npm ci
2025-04-18T08:21:24.3418586Z [36;1mnpm ci[0m
2025-04-18T08:21:24.3470985Z shell: /usr/bin/bash -e {0}
2025-04-18T08:21:24.3471230Z env:
2025-04-18T08:21:24.3471397Z   CI: true
2025-04-18T08:21:24.3471560Z ##[endgroup]
2025-04-18T08:21:28.1287839Z npm error code ETARGET
2025-04-18T08:21:28.1294719Z npm error notarget No matching version found for @eslint/config-array@^0.1.2.
2025-04-18T08:21:28.1296242Z npm error notarget In most cases you or one of your dependencies are requesting
2025-04-18T08:21:28.1297496Z npm error notarget a package version that doesn't exist.
2025-04-18T08:21:28.1298927Z npm error A complete log of this run can be found in: /home/runner/.npm/_logs/2025-04-18T08_21_24_408Z-debug-0.log
2025-04-18T08:21:28.1755542Z ##[error]Process completed with exit code 1.
2025-04-18T08:21:28.1822691Z ##[group]Run actions/upload-artifact@v4
2025-04-18T08:21:28.1823136Z with:
2025-04-18T08:21:28.1823650Z   name: server-test-results
2025-04-18T08:21:28.1823903Z   path: ./server/coverage
2025-04-18T08:21:28.1824116Z   if-no-files-found: warn
2025-04-18T08:21:28.1824321Z   compression-level: 6
2025-04-18T08:21:28.1824514Z   overwrite: false
2025-04-18T08:21:28.1824706Z   include-hidden-files: false
2025-04-18T08:21:28.1824916Z env:
2025-04-18T08:21:28.1825072Z   CI: true
2025-04-18T08:21:28.1825227Z ##[endgroup]
2025-04-18T08:21:28.4042001Z ##[warning]No files were found with the provided path: ./server/coverage. No artifacts will be uploaded.
2025-04-18T08:21:28.4180169Z Post job cleanup.
2025-04-18T08:21:28.5149231Z [command]/usr/bin/git version
2025-04-18T08:21:28.5190787Z git version 2.49.0
2025-04-18T08:21:28.5238570Z Temporarily overriding HOME='/home/runner/work/_temp/bec043c7-f3e8-4558-8a5a-00361552c72c' before making global git config changes
2025-04-18T08:21:28.5240430Z Adding repository directory to the temporary git global config as a safe directory
2025-04-18T08:21:28.5245809Z [command]/usr/bin/git config --global --add safe.directory /home/runner/work/date-night-app2/date-night-app2
2025-04-18T08:21:28.5292662Z [command]/usr/bin/git config --local --name-only --get-regexp core\.sshCommand
2025-04-18T08:21:28.5329711Z [command]/usr/bin/git submodule foreach --recursive sh -c "git config --local --name-only --get-regexp 'core\.sshCommand' && git config --local --unset-all 'core.sshCommand' || :"
2025-04-18T08:21:28.5611822Z [command]/usr/bin/git config --local --name-only --get-regexp http\.https\:\/\/github\.com\/\.extraheader
2025-04-18T08:21:28.5652630Z http.https://github.com/.extraheader
2025-04-18T08:21:28.5683990Z [command]/usr/bin/git config --local --unset-all http.https://github.com/.extraheader
2025-04-18T08:21:28.5742322Z [command]/usr/bin/git submodule foreach --recursive sh -c "git config --local --name-only --get-regexp 'http\.https\:\/\/github\.com\/\.extraheader' && git config --local --unset-all 'http.https://github.com/.extraheader' || :"
2025-04-18T08:21:28.6182710Z Print service container logs: 908e470820574817a03a461d6200713b_mongo6_2d8ea2
2025-04-18T08:21:28.6187605Z ##[command]/usr/bin/docker logs --details e29e700f1034849e9350f83836d5ca06e99ab99dede41d02a2418d50362cff3c
2025-04-18T08:21:28.6347164Z  {"t":{"$date":"2025-04-18T08:21:17.243+00:00"},"s":"I",  "c":"CONTROL",  "id":23285,   "ctx":"-","msg":"Automatically disabling TLS 1.0, to force-enable TLS 1.0 specify --sslDisabledProtocols 'none'"}
2025-04-18T08:21:28.6349747Z  {"t":{"$date":"2025-04-18T08:21:17.243+00:00"},"s":"I",  "c":"NETWORK",  "id":4915701, "ctx":"main","msg":"Initialized wire specification","attr":{"spec":{"incomingExternalClient":{"minWireVersion":0,"maxWireVersion":17},"incomingInternalClient":{"minWireVersion":0,"maxWireVersion":17},"outgoing":{"minWireVersion":6,"maxWireVersion":17},"isInternalClient":true}}}
2025-04-18T08:21:28.6352502Z  {"t":{"$date":"2025-04-18T08:21:17.244+00:00"},"s":"I",  "c":"NETWORK",  "id":4648601, "ctx":"main","msg":"Implicit TCP FastOpen unavailable. If TCP FastOpen is required, set tcpFastOpenServer, tcpFastOpenClient, and tcpFastOpenQueueSize."}
2025-04-18T08:21:28.6354799Z  {"t":{"$date":"2025-04-18T08:21:17.245+00:00"},"s":"I",  "c":"REPL",     "id":5123008, "ctx":"main","msg":"Successfully registered PrimaryOnlyService","attr":{"service":"TenantMigrationDonorService","namespace":"config.tenantMigrationDonors"}}
2025-04-18T08:21:28.6357048Z  {"t":{"$date":"2025-04-18T08:21:17.245+00:00"},"s":"I",  "c":"REPL",     "id":5123008, "ctx":"main","msg":"Successfully registered PrimaryOnlyService","attr":{"service":"TenantMigrationRecipientService","namespace":"config.tenantMigrationRecipients"}}
2025-04-18T08:21:28.6359179Z  {"t":{"$date":"2025-04-18T08:21:17.246+00:00"},"s":"I",  "c":"REPL",     "id":5123008, "ctx":"main","msg":"Successfully registered PrimaryOnlyService","attr":{"service":"ShardSplitDonorService","namespace":"config.tenantSplitDonors"}}
2025-04-18T08:21:28.6360697Z  {"t":{"$date":"2025-04-18T08:21:17.246+00:00"},"s":"I",  "c":"CONTROL",  "id":5945603, "ctx":"main","msg":"Multi threading initialized"}
2025-04-18T08:21:28.6362651Z  {"t":{"$date":"2025-04-18T08:21:17.246+00:00"},"s":"I",  "c":"CONTROL",  "id":4615611, "ctx":"initandlisten","msg":"MongoDB starting","attr":{"pid":1,"port":27017,"dbPath":"/data/db","architecture":"64-bit","host":"e29e700f1034"}}
2025-04-18T08:21:28.6365364Z  {"t":{"$date":"2025-04-18T08:21:17.246+00:00"},"s":"I",  "c":"CONTROL",  "id":23403,   "ctx":"initandlisten","msg":"Build Info","attr":{"buildInfo":{"version":"6.0.22","gitVersion":"ee527360b84c6798535ee0895de3c7186b3522f9","openSSLVersion":"OpenSSL 3.0.2 15 Mar 2022","modules":[],"allocator":"tcmalloc","environment":{"distmod":"ubuntu2204","distarch":"x86_64","target_arch":"x86_64"}}}}
2025-04-18T08:21:28.6366772Z  {"t":{"$date":"2025-04-18T08:21:17.246+00:00"},"s":"I",  "c":"CONTROL",  "id":51765,   "ctx":"initandlisten","msg":"Operating System","attr":{"os":{"name":"Ubuntu","version":"22.04"}}}
2025-04-18T08:21:28.6367599Z  {"t":{"$date":"2025-04-18T08:21:17.246+00:00"},"s":"I",  "c":"CONTROL",  "id":21951,   "ctx":"initandlisten","msg":"Options set by command line","attr":{"options":{"net":{"bindIp":"*"}}}}
2025-04-18T08:21:28.6368764Z  {"t":{"$date":"2025-04-18T08:21:17.248+00:00"},"s":"I",  "c":"STORAGE",  "id":22297,   "ctx":"initandlisten","msg":"Using the XFS filesystem is strongly recommended with the WiredTiger storage engine. See http://dochub.mongodb.org/core/prodnotes-filesystem","tags":["startupWarnings"]}
2025-04-18T08:21:28.6371692Z  {"t":{"$date":"2025-04-18T08:21:17.248+00:00"},"s":"I",  "c":"STORAGE",  "id":22315,   "ctx":"initandlisten","msg":"Opening WiredTiger","attr":{"config":"create,cache_size=3457M,session_max=33000,eviction=(threads_min=4,threads_max=4),config_base=false,statistics=(fast),log=(enabled=true,remove=true,path=journal,compressor=snappy),builtin_extension_config=(zstd=(compression_level=6)),file_manager=(close_idle_time=600,close_scan_interval=10,close_handle_minimum=2000),statistics_log=(wait=0),json_output=(error,message),verbose=[recovery_progress:1,checkpoint_progress:1,compact_progress:1,backup:0,checkpoint:0,compact:0,evict:0,history_store:0,recovery:0,rts:0,salvage:0,tiered:0,timestamp:0,transaction:0,verify:0,log:0],"}}
2025-04-18T08:21:28.6375042Z  {"t":{"$date":"2025-04-18T08:21:17.426+00:00"},"s":"I",  "c":"WTRECOV",  "id":22430,   "ctx":"initandlisten","msg":"WiredTiger message","attr":{"message":{"ts_sec":1744964477,"ts_usec":426512,"thread":"1:0x7f327a1fecc0","session_name":"txn-recover","category":"WT_VERB_RECOVERY_PROGRESS","category_id":30,"verbose_level":"DEBUG","verbose_level_id":1,"msg":"recovery log replay has successfully finished and ran for 0 milliseconds"}}}
2025-04-18T08:21:28.6377046Z  {"t":{"$date":"2025-04-18T08:21:17.426+00:00"},"s":"I",  "c":"WTRECOV",  "id":22430,   "ctx":"initandlisten","msg":"WiredTiger message","attr":{"message":{"ts_sec":1744964477,"ts_usec":426703,"thread":"1:0x7f327a1fecc0","session_name":"txn-recover","category":"WT_VERB_RECOVERY_PROGRESS","category_id":30,"verbose_level":"DEBUG","verbose_level_id":1,"msg":"Set global recovery timestamp: (0, 0)"}}}
2025-04-18T08:21:28.6378919Z  {"t":{"$date":"2025-04-18T08:21:17.426+00:00"},"s":"I",  "c":"WTRECOV",  "id":22430,   "ctx":"initandlisten","msg":"WiredTiger message","attr":{"message":{"ts_sec":1744964477,"ts_usec":426742,"thread":"1:0x7f327a1fecc0","session_name":"txn-recover","category":"WT_VERB_RECOVERY_PROGRESS","category_id":30,"verbose_level":"DEBUG","verbose_level_id":1,"msg":"Set global oldest timestamp: (0, 0)"}}}
2025-04-18T08:21:28.6381134Z  {"t":{"$date":"2025-04-18T08:21:17.426+00:00"},"s":"I",  "c":"WTRECOV",  "id":22430,   "ctx":"initandlisten","msg":"WiredTiger message","attr":{"message":{"ts_sec":1744964477,"ts_usec":426830,"thread":"1:0x7f327a1fecc0","session_name":"txn-recover","category":"WT_VERB_RECOVERY_PROGRESS","category_id":30,"verbose_level":"DEBUG","verbose_level_id":1,"msg":"recovery was completed successfully and took 0ms, including 0ms for the log replay, 0ms for the rollback to stable, and 0ms for the checkpoint."}}}
2025-04-18T08:21:28.6382932Z  {"t":{"$date":"2025-04-18T08:21:17.431+00:00"},"s":"I",  "c":"STORAGE",  "id":4795906, "ctx":"initandlisten","msg":"WiredTiger opened","attr":{"durationMillis":183}}
2025-04-18T08:21:28.6383989Z  {"t":{"$date":"2025-04-18T08:21:17.431+00:00"},"s":"I",  "c":"RECOVERY", "id":23987,   "ctx":"initandlisten","msg":"WiredTiger recoveryTimestamp","attr":{"recoveryTimestamp":{"$timestamp":{"t":0,"i":0}}}}
2025-04-18T08:21:28.6385083Z  {"t":{"$date":"2025-04-18T08:21:17.440+00:00"},"s":"W",  "c":"CONTROL",  "id":22120,   "ctx":"initandlisten","msg":"Access control is not enabled for the database. Read and write access to data and configuration is unrestricted","tags":["startupWarnings"]}
2025-04-18T08:21:28.6386324Z  {"t":{"$date":"2025-04-18T08:21:17.440+00:00"},"s":"W",  "c":"CONTROL",  "id":22178,   "ctx":"initandlisten","msg":"/sys/kernel/mm/transparent_hugepage/enabled is 'always'. We suggest setting it to 'never' in this binary version","tags":["startupWarnings"]}
2025-04-18T08:21:28.6388024Z  {"t":{"$date":"2025-04-18T08:21:17.440+00:00"},"s":"W",  "c":"CONTROL",  "id":5123300, "ctx":"initandlisten","msg":"vm.max_map_count is too low","attr":{"currentValue":262144,"recommendedMinimum":1677720,"maxConns":838860},"tags":["startupWarnings"]}
2025-04-18T08:21:28.6390512Z  {"t":{"$date":"2025-04-18T08:21:17.440+00:00"},"s":"I",  "c":"STORAGE",  "id":20320,   "ctx":"initandlisten","msg":"createCollection","attr":{"namespace":"admin.system.version","uuidDisposition":"provided","uuid":{"uuid":{"$uuid":"ff08be23-c8fe-41d1-ab2a-91f34270194f"}},"options":{"uuid":{"$uuid":"ff08be23-c8fe-41d1-ab2a-91f34270194f"}}}}
2025-04-18T08:21:28.6394039Z  {"t":{"$date":"2025-04-18T08:21:17.449+00:00"},"s":"I",  "c":"INDEX",    "id":20345,   "ctx":"initandlisten","msg":"Index build: done building","attr":{"buildUUID":null,"collectionUUID":{"uuid":{"$uuid":"ff08be23-c8fe-41d1-ab2a-91f34270194f"}},"namespace":"admin.system.version","index":"_id_","ident":"index-1-8495633340097365384","collectionIdent":"collection-0-8495633340097365384","commitTimestamp":null}}
2025-04-18T08:21:28.6396659Z  {"t":{"$date":"2025-04-18T08:21:17.449+00:00"},"s":"I",  "c":"REPL",     "id":20459,   "ctx":"initandlisten","msg":"Setting featureCompatibilityVersion","attr":{"newVersion":"6.0"}}
2025-04-18T08:21:28.6398273Z  {"t":{"$date":"2025-04-18T08:21:17.449+00:00"},"s":"I",  "c":"REPL",     "id":5853300, "ctx":"initandlisten","msg":"current featureCompatibilityVersion value","attr":{"featureCompatibilityVersion":"6.0","context":"setFCV"}}
2025-04-18T08:21:28.6402220Z  {"t":{"$date":"2025-04-18T08:21:17.449+00:00"},"s":"I",  "c":"NETWORK",  "id":4915702, "ctx":"initandlisten","msg":"Updated wire specification","attr":{"oldSpec":{"incomingExternalClient":{"minWireVersion":0,"maxWireVersion":17},"incomingInternalClient":{"minWireVersion":0,"maxWireVersion":17},"outgoing":{"minWireVersion":6,"maxWireVersion":17},"isInternalClient":true},"newSpec":{"incomingExternalClient":{"minWireVersion":0,"maxWireVersion":17},"incomingInternalClient":{"minWireVersion":17,"maxWireVersion":17},"outgoing":{"minWireVersion":17,"maxWireVersion":17},"isInternalClient":true}}}
2025-04-18T08:21:28.6406200Z  {"t":{"$date":"2025-04-18T08:21:17.449+00:00"},"s":"I",  "c":"NETWORK",  "id":4915702, "ctx":"initandlisten","msg":"Updated wire specification","attr":{"oldSpec":{"incomingExternalClient":{"minWireVersion":0,"maxWireVersion":17},"incomingInternalClient":{"minWireVersion":17,"maxWireVersion":17},"outgoing":{"minWireVersion":17,"maxWireVersion":17},"isInternalClient":true},"newSpec":{"incomingExternalClient":{"minWireVersion":0,"maxWireVersion":17},"incomingInternalClient":{"minWireVersion":17,"maxWireVersion":17},"outgoing":{"minWireVersion":17,"maxWireVersion":17},"isInternalClient":true}}}
2025-04-18T08:21:28.6408357Z  {"t":{"$date":"2025-04-18T08:21:17.449+00:00"},"s":"I",  "c":"REPL",     "id":5853300, "ctx":"initandlisten","msg":"current featureCompatibilityVersion value","attr":{"featureCompatibilityVersion":"6.0","context":"startup"}}
2025-04-18T08:21:28.6409381Z  {"t":{"$date":"2025-04-18T08:21:17.449+00:00"},"s":"I",  "c":"STORAGE",  "id":5071100, "ctx":"initandlisten","msg":"Clearing temp directory"}
2025-04-18T08:21:28.6410019Z  {"t":{"$date":"2025-04-18T08:21:17.449+00:00"},"s":"I",  "c":"CONTROL",  "id":20536,   "ctx":"initandlisten","msg":"Flow Control is enabled on this deployment"}
2025-04-18T08:21:28.6410839Z  {"t":{"$date":"2025-04-18T08:21:17.450+00:00"},"s":"I",  "c":"FTDC",     "id":20625,   "ctx":"initandlisten","msg":"Initializing full-time diagnostic data capture","attr":{"dataDirectory":"/data/db/diagnostic.data"}}
2025-04-18T08:21:28.6412071Z  {"t":{"$date":"2025-04-18T08:21:17.451+00:00"},"s":"I",  "c":"STORAGE",  "id":20320,   "ctx":"initandlisten","msg":"createCollection","attr":{"namespace":"local.startup_log","uuidDisposition":"generated","uuid":{"uuid":{"$uuid":"eda47cee-febc-458a-a0e4-83728ccc0534"}},"options":{"capped":true,"size":10485760}}}
2025-04-18T08:21:28.6414140Z  {"t":{"$date":"2025-04-18T08:21:17.458+00:00"},"s":"I",  "c":"INDEX",    "id":20345,   "ctx":"initandlisten","msg":"Index build: done building","attr":{"buildUUID":null,"collectionUUID":{"uuid":{"$uuid":"eda47cee-febc-458a-a0e4-83728ccc0534"}},"namespace":"local.startup_log","index":"_id_","ident":"index-3-8495633340097365384","collectionIdent":"collection-2-8495633340097365384","commitTimestamp":null}}
2025-04-18T08:21:28.6415738Z  {"t":{"$date":"2025-04-18T08:21:17.458+00:00"},"s":"I",  "c":"REPL",     "id":6015317, "ctx":"initandlisten","msg":"Setting new configuration state","attr":{"newState":"ConfigReplicationDisabled","oldState":"ConfigPreStart"}}
2025-04-18T08:21:28.6416598Z  {"t":{"$date":"2025-04-18T08:21:17.458+00:00"},"s":"I",  "c":"STORAGE",  "id":22262,   "ctx":"initandlisten","msg":"Timestamp monitor starting"}
2025-04-18T08:21:28.6417784Z  {"t":{"$date":"2025-04-18T08:21:17.460+00:00"},"s":"I",  "c":"STORAGE",  "id":20320,   "ctx":"LogicalSessionCacheRefresh","msg":"createCollection","attr":{"namespace":"config.system.sessions","uuidDisposition":"generated","uuid":{"uuid":{"$uuid":"ffe0cb45-5062-46e4-9759-2c0efbf95599"}},"options":{}}}
2025-04-18T08:21:28.6418892Z  {"t":{"$date":"2025-04-18T08:21:17.460+00:00"},"s":"I",  "c":"NETWORK",  "id":23015,   "ctx":"listener","msg":"Listening on","attr":{"address":"/tmp/mongodb-27017.sock"}}
2025-04-18T08:21:28.6419566Z  {"t":{"$date":"2025-04-18T08:21:17.460+00:00"},"s":"I",  "c":"NETWORK",  "id":23015,   "ctx":"listener","msg":"Listening on","attr":{"address":"0.0.0.0"}}
2025-04-18T08:21:28.6420238Z  {"t":{"$date":"2025-04-18T08:21:17.460+00:00"},"s":"I",  "c":"NETWORK",  "id":23016,   "ctx":"listener","msg":"Waiting for connections","attr":{"port":27017,"ssl":"off"}}
2025-04-18T08:21:28.6421314Z  {"t":{"$date":"2025-04-18T08:21:17.460+00:00"},"s":"I",  "c":"CONTROL",  "id":20712,   "ctx":"LogicalSessionCacheReap","msg":"Sessions collection is not set up; waiting until next sessions reap interval","attr":{"error":"NamespaceNotFound: config.system.sessions does not exist"}}
2025-04-18T08:21:28.6425742Z  {"t":{"$date":"2025-04-18T08:21:17.460+00:00"},"s":"I",  "c":"CONTROL",  "id":8423403, "ctx":"initandlisten","msg":"mongod startup complete","attr":{"Summary of time elapsed":{"Startup from clean shutdown?":true,"Statistics":{"Transport layer setup":"0 ms","Run initial syncer crash recovery":"0 ms","Create storage engine lock file in the data directory":"0 ms","Create storage engine lock file in the data directory":"0 ms","Get metadata describing storage engine":"0 ms","Get metadata describing storage engine":"0 ms","Create storage engine":"0 ms","Create storage engine":"190 ms","Write current PID to file":"0 ms","Write current PID to file":"0 ms","Write a new metadata for storage engine":"0 ms","Write a new metadata for storage engine":"0 ms","Initialize FCV before rebuilding indexes":"0 ms","Initialize FCV before rebuilding indexes":"0 ms","Drop abandoned idents and get back indexes that need to be rebuilt or builds that need to be restarted":"0 ms","Drop abandoned idents and get back indexes that need to be rebuilt or builds that need to be restarted":"0 ms","Rebuild indexes for collections":"0 ms","Rebuild indexes for collections":"0 ms","Build user and roles graph":"0 ms","Set up the background thread pool responsible for waiting for opTimes to be majority committed":"0 ms","Start up the replication coordinator":"0 ms","Start transport layer":"0 ms","_initAndListen total elapsed time":"214 ms"}}}}
2025-04-18T08:21:28.6430692Z  {"t":{"$date":"2025-04-18T08:21:17.468+00:00"},"s":"I",  "c":"INDEX",    "id":20345,   "ctx":"LogicalSessionCacheRefresh","msg":"Index build: done building","attr":{"buildUUID":null,"collectionUUID":{"uuid":{"$uuid":"ffe0cb45-5062-46e4-9759-2c0efbf95599"}},"namespace":"config.system.sessions","index":"_id_","ident":"index-5-8495633340097365384","collectionIdent":"collection-4-8495633340097365384","commitTimestamp":null}}
2025-04-18T08:21:28.6433024Z  {"t":{"$date":"2025-04-18T08:21:17.468+00:00"},"s":"I",  "c":"INDEX",    "id":20345,   "ctx":"LogicalSessionCacheRefresh","msg":"Index build: done building","attr":{"buildUUID":null,"collectionUUID":{"uuid":{"$uuid":"ffe0cb45-5062-46e4-9759-2c0efbf95599"}},"namespace":"config.system.sessions","index":"lsidTTLIndex","ident":"index-6-8495633340097365384","collectionIdent":"collection-4-8495633340097365384","commitTimestamp":null}}
2025-04-18T08:21:28.6440673Z Stop and remove container: 908e470820574817a03a461d6200713b_mongo6_2d8ea2
2025-04-18T08:21:28.6446887Z ##[command]/usr/bin/docker rm --force e29e700f1034849e9350f83836d5ca06e99ab99dede41d02a2418d50362cff3c
2025-04-18T08:21:28.9717274Z e29e700f1034849e9350f83836d5ca06e99ab99dede41d02a2418d50362cff3c
2025-04-18T08:21:28.9734931Z Remove container network: github_network_f490067f209a4700af186fc0bba088fa
2025-04-18T08:21:28.9739348Z ##[command]/usr/bin/docker network rm github_network_f490067f209a4700af186fc0bba088fa
2025-04-18T08:21:29.0633818Z github_network_f490067f209a4700af186fc0bba088fa
2025-04-18T08:21:29.0691166Z Cleaning up orphan processes
