2025-04-16T14:59:05.6269987Z Current runner version: '2.323.0'
2025-04-16T14:59:05.6347178Z ##[group]Operating System
2025-04-16T14:59:05.6348492Z Ubuntu
2025-04-16T14:59:05.6349349Z 24.04.2
2025-04-16T14:59:05.6350119Z LTS
2025-04-16T14:59:05.6350990Z ##[endgroup]
2025-04-16T14:59:05.6351797Z ##[group]Runner Image
2025-04-16T14:59:05.6352769Z Image: ubuntu-24.04
2025-04-16T14:59:05.6353920Z Version: 20250413.1.0
2025-04-16T14:59:05.6355935Z Included Software: https://github.com/actions/runner-images/blob/ubuntu24/20250413.1/images/ubuntu/Ubuntu2404-Readme.md
2025-04-16T14:59:05.6358416Z Image Release: https://github.com/actions/runner-images/releases/tag/ubuntu24%2F20250413.1
2025-04-16T14:59:05.6359951Z ##[endgroup]
2025-04-16T14:59:05.6360888Z ##[group]Runner Image Provisioner
2025-04-16T14:59:05.6361816Z 2.0.422.1
2025-04-16T14:59:05.6362527Z ##[endgroup]
2025-04-16T14:59:05.6387342Z ##[group]GITHUB_TOKEN Permissions
2025-04-16T14:59:05.6390497Z Actions: write
2025-04-16T14:59:05.6391638Z Attestations: write
2025-04-16T14:59:05.6392684Z Checks: write
2025-04-16T14:59:05.6393753Z Contents: write
2025-04-16T14:59:05.6394593Z Deployments: write
2025-04-16T14:59:05.6395502Z Discussions: write
2025-04-16T14:59:05.6396353Z Issues: write
2025-04-16T14:59:05.6397076Z Metadata: read
2025-04-16T14:59:05.6397928Z Models: read
2025-04-16T14:59:05.6398669Z Packages: write
2025-04-16T14:59:05.6399483Z Pages: write
2025-04-16T14:59:05.6400178Z PullRequests: write
2025-04-16T14:59:05.6401127Z RepositoryProjects: write
2025-04-16T14:59:05.6401970Z SecurityEvents: write
2025-04-16T14:59:05.6402805Z Statuses: write
2025-04-16T14:59:05.6424116Z ##[endgroup]
2025-04-16T14:59:05.6427518Z Secret source: Actions
2025-04-16T14:59:05.6429009Z Prepare workflow directory
2025-04-16T14:59:05.7779049Z Prepare all required actions
2025-04-16T14:59:05.7899756Z Getting action download info
2025-04-16T14:59:06.2026643Z ##[group]Download immutable action package 'actions/checkout@v4'
2025-04-16T14:59:06.2027680Z Version: 4.2.2
2025-04-16T14:59:06.2028871Z Digest: sha256:ccb2698953eaebd21c7bf6268a94f9c26518a7e38e27e0b83c1fe1ad049819b1
2025-04-16T14:59:06.2030186Z Source commit SHA: 11bd71901bbe5b1630ceea73d27597364c9af683
2025-04-16T14:59:06.2030911Z ##[endgroup]
2025-04-16T14:59:06.2923364Z ##[group]Download immutable action package 'actions/setup-node@v4'
2025-04-16T14:59:06.2924625Z Version: 4.4.0
2025-04-16T14:59:06.2925428Z Digest: sha256:9427cefe82346e992fb5b949e3569b39d537ae41aa3086483b14eceebfc16bc1
2025-04-16T14:59:06.2926352Z Source commit SHA: 49933ea5288caeca8642d1e84afbd3f7d6820020
2025-04-16T14:59:06.2927139Z ##[endgroup]
2025-04-16T14:59:06.5549306Z ##[group]Download immutable action package 'actions/upload-artifact@v4'
2025-04-16T14:59:06.5550361Z Version: 4.6.2
2025-04-16T14:59:06.5551300Z Digest: sha256:290722aa3281d5caf23d0acdc3dbeb3424786a1a01a9cc97e72f147225e37c38
2025-04-16T14:59:06.5552580Z Source commit SHA: ea165f8d65b6e75b540449e92b4886f43607fa02
2025-04-16T14:59:06.5553473Z ##[endgroup]
2025-04-16T14:59:06.9535537Z Complete job name: test (22.x)
2025-04-16T14:59:06.9964558Z ##[group]Checking docker version
2025-04-16T14:59:06.9980293Z ##[command]/usr/bin/docker version --format '{{.Server.APIVersion}}'
2025-04-16T14:59:10.1142878Z '1.45'
2025-04-16T14:59:10.1151507Z Docker daemon API version: '1.45'
2025-04-16T14:59:10.1152031Z ##[command]/usr/bin/docker version --format '{{.Client.APIVersion}}'
2025-04-16T14:59:10.1309831Z '1.45'
2025-04-16T14:59:10.1322555Z Docker client API version: '1.45'
2025-04-16T14:59:10.1329120Z ##[endgroup]
2025-04-16T14:59:10.1332251Z ##[group]Clean up resources from previous jobs
2025-04-16T14:59:10.1337860Z ##[command]/usr/bin/docker ps --all --quiet --no-trunc --filter "label=149bbf"
2025-04-16T14:59:10.1611107Z ##[command]/usr/bin/docker network prune --force --filter "label=149bbf"
2025-04-16T14:59:10.2022858Z ##[endgroup]
2025-04-16T14:59:10.2023227Z ##[group]Create local container network
2025-04-16T14:59:10.2034495Z ##[command]/usr/bin/docker network create --label 149bbf github_network_f46008bb22264ba397deb3ee10e481fd
2025-04-16T14:59:10.3037710Z 729ca00ef6f08a40e69e3a6f7a68b0b317972d5c9df250bf68ef25d58c805f5f
2025-04-16T14:59:10.3055805Z ##[endgroup]
2025-04-16T14:59:10.3079378Z ##[group]Starting mongodb service container
2025-04-16T14:59:10.3098548Z ##[command]/usr/bin/docker pull mongo:6
2025-04-16T14:59:10.7422221Z 6: Pulling from library/mongo
2025-04-16T14:59:10.8769567Z 30a9c22ae099: Pulling fs layer
2025-04-16T14:59:10.8770071Z abd374245ca5: Pulling fs layer
2025-04-16T14:59:10.8770454Z dfcc52b2e041: Pulling fs layer
2025-04-16T14:59:10.8770843Z b058d84e1082: Pulling fs layer
2025-04-16T14:59:10.8771195Z e12a18eb1ecf: Pulling fs layer
2025-04-16T14:59:10.8771589Z 546622740404: Pulling fs layer
2025-04-16T14:59:10.8771937Z 80a51fc6e5dc: Pulling fs layer
2025-04-16T14:59:10.8778326Z f7d23c7569c8: Pulling fs layer
2025-04-16T14:59:10.8784229Z b058d84e1082: Waiting
2025-04-16T14:59:10.8786603Z e12a18eb1ecf: Waiting
2025-04-16T14:59:10.8787001Z 546622740404: Waiting
2025-04-16T14:59:10.8787377Z 80a51fc6e5dc: Waiting
2025-04-16T14:59:10.8787729Z f7d23c7569c8: Waiting
2025-04-16T14:59:11.0016346Z abd374245ca5: Verifying Checksum
2025-04-16T14:59:11.0017044Z abd374245ca5: Download complete
2025-04-16T14:59:11.0490877Z dfcc52b2e041: Verifying Checksum
2025-04-16T14:59:11.0491599Z dfcc52b2e041: Download complete
2025-04-16T14:59:11.1450990Z 30a9c22ae099: Verifying Checksum
2025-04-16T14:59:11.1451811Z 30a9c22ae099: Download complete
2025-04-16T14:59:11.1710562Z b058d84e1082: Verifying Checksum
2025-04-16T14:59:11.1711149Z b058d84e1082: Download complete
2025-04-16T14:59:11.1940059Z e12a18eb1ecf: Verifying Checksum
2025-04-16T14:59:11.1941428Z e12a18eb1ecf: Download complete
2025-04-16T14:59:11.2639640Z 546622740404: Verifying Checksum
2025-04-16T14:59:11.3463321Z 546622740404: Download complete
2025-04-16T14:59:11.3464059Z f7d23c7569c8: Verifying Checksum
2025-04-16T14:59:11.3469740Z f7d23c7569c8: Download complete
2025-04-16T14:59:12.4660108Z 30a9c22ae099: Pull complete
2025-04-16T14:59:12.5847053Z 80a51fc6e5dc: Verifying Checksum
2025-04-16T14:59:12.5868185Z 80a51fc6e5dc: Download complete
2025-04-16T14:59:13.7799932Z abd374245ca5: Pull complete
2025-04-16T14:59:13.9381116Z dfcc52b2e041: Pull complete
2025-04-16T14:59:13.9946531Z b058d84e1082: Pull complete
2025-04-16T14:59:14.0075307Z e12a18eb1ecf: Pull complete
2025-04-16T14:59:14.0182204Z 546622740404: Pull complete
2025-04-16T14:59:18.0118801Z 80a51fc6e5dc: Pull complete
2025-04-16T14:59:20.9315964Z f7d23c7569c8: Pull complete
2025-04-16T14:59:20.9800234Z Digest: sha256:3d3f53bf2171f73fd725412f93a7bba10eee9c898b1381e7d7680a19dcb937d7
2025-04-16T14:59:20.9816162Z Status: Downloaded newer image for mongo:6
2025-04-16T14:59:20.9829706Z docker.io/library/mongo:6
2025-04-16T14:59:20.9878920Z ##[command]/usr/bin/docker create --name 332bb2ae573545bcaddedf548eb6663f_mongo6_1e5ceb --label 149bbf --network github_network_f46008bb22264ba397deb3ee10e481fd --network-alias mongodb -p 27017:27017  -e GITHUB_ACTIONS=true -e CI=true mongo:6
2025-04-16T14:59:21.0378909Z 0ccea14e4bb1a30c7ad56a30ad9262fa4011dd958ecc061ab3f013dd0a5f8c87
2025-04-16T14:59:21.0413448Z ##[command]/usr/bin/docker start 0ccea14e4bb1a30c7ad56a30ad9262fa4011dd958ecc061ab3f013dd0a5f8c87
2025-04-16T14:59:23.4606011Z 0ccea14e4bb1a30c7ad56a30ad9262fa4011dd958ecc061ab3f013dd0a5f8c87
2025-04-16T14:59:23.4642267Z ##[command]/usr/bin/docker ps --all --filter id=0ccea14e4bb1a30c7ad56a30ad9262fa4011dd958ecc061ab3f013dd0a5f8c87 --filter status=running --no-trunc --format "{{.ID}} {{.Status}}"
2025-04-16T14:59:23.4835892Z 0ccea14e4bb1a30c7ad56a30ad9262fa4011dd958ecc061ab3f013dd0a5f8c87 Up Less than a second
2025-04-16T14:59:23.4890619Z ##[command]/usr/bin/docker port 0ccea14e4bb1a30c7ad56a30ad9262fa4011dd958ecc061ab3f013dd0a5f8c87
2025-04-16T14:59:23.5097621Z 27017/tcp -> 0.0.0.0:27017
2025-04-16T14:59:23.5099839Z 27017/tcp -> [::]:27017
2025-04-16T14:59:23.5156880Z ##[endgroup]
2025-04-16T14:59:23.5168886Z ##[group]Waiting for all services to be ready
2025-04-16T14:59:23.5187781Z ##[command]/usr/bin/docker inspect --format="{{if .Config.Healthcheck}}{{print .State.Health.Status}}{{end}}" 0ccea14e4bb1a30c7ad56a30ad9262fa4011dd958ecc061ab3f013dd0a5f8c87
2025-04-16T14:59:23.5416522Z mongodb service is healthy.
2025-04-16T14:59:23.5417420Z ##[endgroup]
2025-04-16T14:59:23.5770461Z ##[group]Run actions/checkout@v4
2025-04-16T14:59:23.5771303Z with:
2025-04-16T14:59:23.5771696Z   repository: mrkurger/date-night-app2
2025-04-16T14:59:23.5772458Z   token: ***
2025-04-16T14:59:23.5772802Z   ssh-strict: true
2025-04-16T14:59:23.5773144Z   ssh-user: git
2025-04-16T14:59:23.5773833Z   persist-credentials: true
2025-04-16T14:59:23.5774254Z   clean: true
2025-04-16T14:59:23.5774624Z   sparse-checkout-cone-mode: true
2025-04-16T14:59:23.5775074Z   fetch-depth: 1
2025-04-16T14:59:23.5775432Z   fetch-tags: false
2025-04-16T14:59:23.5775787Z   show-progress: true
2025-04-16T14:59:23.5776150Z   lfs: false
2025-04-16T14:59:23.5776485Z   submodules: false
2025-04-16T14:59:23.5776851Z   set-safe-directory: true
2025-04-16T14:59:23.5777569Z env:
2025-04-16T14:59:23.5777907Z   CI: true
2025-04-16T14:59:23.5778242Z ##[endgroup]
2025-04-16T14:59:23.8317333Z Syncing repository: mrkurger/date-night-app2
2025-04-16T14:59:23.8319462Z ##[group]Getting Git version info
2025-04-16T14:59:23.8320219Z Working directory is '/home/runner/work/date-night-app2/date-night-app2'
2025-04-16T14:59:23.8321275Z [command]/usr/bin/git version
2025-04-16T14:59:23.8414290Z git version 2.49.0
2025-04-16T14:59:23.8448132Z ##[endgroup]
2025-04-16T14:59:23.8467589Z Temporarily overriding HOME='/home/runner/work/_temp/59c19e8f-0a52-4297-9d7d-cd5e22b61d84' before making global git config changes
2025-04-16T14:59:23.8471318Z Adding repository directory to the temporary git global config as a safe directory
2025-04-16T14:59:23.8487284Z [command]/usr/bin/git config --global --add safe.directory /home/runner/work/date-night-app2/date-night-app2
2025-04-16T14:59:23.8534397Z Deleting the contents of '/home/runner/work/date-night-app2/date-night-app2'
2025-04-16T14:59:23.8537594Z ##[group]Initializing the repository
2025-04-16T14:59:23.8543174Z [command]/usr/bin/git init /home/runner/work/date-night-app2/date-night-app2
2025-04-16T14:59:23.8609700Z hint: Using 'master' as the name for the initial branch. This default branch name
2025-04-16T14:59:23.8611664Z hint: is subject to change. To configure the initial branch name to use in all
2025-04-16T14:59:23.8613883Z hint: of your new repositories, which will suppress this warning, call:
2025-04-16T14:59:23.8614502Z hint:
2025-04-16T14:59:23.8614971Z hint: 	git config --global init.defaultBranch <name>
2025-04-16T14:59:23.8615492Z hint:
2025-04-16T14:59:23.8615980Z hint: Names commonly chosen instead of 'master' are 'main', 'trunk' and
2025-04-16T14:59:23.8616861Z hint: 'development'. The just-created branch can be renamed via this command:
2025-04-16T14:59:23.8617498Z hint:
2025-04-16T14:59:23.8617815Z hint: 	git branch -m <name>
2025-04-16T14:59:23.8620932Z Initialized empty Git repository in /home/runner/work/date-night-app2/date-night-app2/.git/
2025-04-16T14:59:23.8626889Z [command]/usr/bin/git remote add origin https://github.com/mrkurger/date-night-app2
2025-04-16T14:59:23.8762047Z ##[endgroup]
2025-04-16T14:59:23.8762709Z ##[group]Disabling automatic garbage collection
2025-04-16T14:59:23.8763261Z [command]/usr/bin/git config --local gc.auto 0
2025-04-16T14:59:23.8764629Z ##[endgroup]
2025-04-16T14:59:23.8765151Z ##[group]Setting up auth
2025-04-16T14:59:23.8765744Z [command]/usr/bin/git config --local --name-only --get-regexp core\.sshCommand
2025-04-16T14:59:23.8791946Z [command]/usr/bin/git submodule foreach --recursive sh -c "git config --local --name-only --get-regexp 'core\.sshCommand' && git config --local --unset-all 'core.sshCommand' || :"
2025-04-16T14:59:23.9098396Z [command]/usr/bin/git config --local --name-only --get-regexp http\.https\:\/\/github\.com\/\.extraheader
2025-04-16T14:59:23.9134728Z [command]/usr/bin/git submodule foreach --recursive sh -c "git config --local --name-only --get-regexp 'http\.https\:\/\/github\.com\/\.extraheader' && git config --local --unset-all 'http.https://github.com/.extraheader' || :"
2025-04-16T14:59:23.9394661Z [command]/usr/bin/git config --local http.https://github.com/.extraheader AUTHORIZATION: basic ***
2025-04-16T14:59:23.9444137Z ##[endgroup]
2025-04-16T14:59:23.9447636Z ##[group]Fetching the repository
2025-04-16T14:59:23.9455350Z [command]/usr/bin/git -c protocol.version=2 fetch --no-tags --prune --no-recurse-submodules --depth=1 origin +b7b02b02b67d186f71e3b6a43ebe9f432064fd3a:refs/remotes/origin/main
2025-04-16T14:59:26.4481693Z From https://github.com/mrkurger/date-night-app2
2025-04-16T14:59:26.4483105Z  * [new ref]         b7b02b02b67d186f71e3b6a43ebe9f432064fd3a -> origin/main
2025-04-16T14:59:26.4515179Z ##[endgroup]
2025-04-16T14:59:26.4516131Z ##[group]Determining the checkout info
2025-04-16T14:59:26.4518285Z ##[endgroup]
2025-04-16T14:59:26.4526576Z [command]/usr/bin/git sparse-checkout disable
2025-04-16T14:59:26.4571921Z [command]/usr/bin/git config --local --unset-all extensions.worktreeConfig
2025-04-16T14:59:26.4604296Z ##[group]Checking out the ref
2025-04-16T14:59:26.4608048Z [command]/usr/bin/git checkout --progress --force -B main refs/remotes/origin/main
2025-04-16T14:59:26.9431520Z Switched to a new branch 'main'
2025-04-16T14:59:26.9432463Z branch 'main' set up to track 'origin/main'.
2025-04-16T14:59:26.9455361Z ##[endgroup]
2025-04-16T14:59:26.9508828Z [command]/usr/bin/git log -1 --format=%H
2025-04-16T14:59:26.9546542Z b7b02b02b67d186f71e3b6a43ebe9f432064fd3a
2025-04-16T14:59:26.9767178Z ##[group]Run actions/setup-node@v4
2025-04-16T14:59:26.9767451Z with:
2025-04-16T14:59:26.9767627Z   node-version: 22.x
2025-04-16T14:59:26.9767820Z   cache: npm
2025-04-16T14:59:26.9768042Z   cache-dependency-path: server/package-lock.json
2025-04-16T14:59:26.9768553Z   always-auth: false
2025-04-16T14:59:26.9768845Z   check-latest: false
2025-04-16T14:59:26.9769302Z   token: ***
2025-04-16T14:59:26.9769572Z env:
2025-04-16T14:59:26.9769858Z   CI: true
2025-04-16T14:59:26.9770126Z ##[endgroup]
2025-04-16T14:59:27.1594516Z Found in cache @ /opt/hostedtoolcache/node/22.14.0/x64
2025-04-16T14:59:27.1616551Z ##[group]Environment details
2025-04-16T14:59:32.8007313Z node: v22.14.0
2025-04-16T14:59:32.8008238Z npm: 10.9.2
2025-04-16T14:59:32.8008859Z yarn: 1.22.22
2025-04-16T14:59:32.8010359Z ##[endgroup]
2025-04-16T14:59:32.8040012Z [command]/opt/hostedtoolcache/node/22.14.0/x64/bin/npm config get cache
2025-04-16T14:59:33.3120343Z /home/runner/.npm
2025-04-16T14:59:33.4214442Z Cache hit for: node-cache-Linux-x64-npm-eb74dc554d17640d6b2005eb2c3c9590e65262bd6e2b7add98bfd17307b4cd7c
2025-04-16T14:59:33.9163464Z Received 35603115 of 35603115 (100.0%), 78.8 MBs/sec
2025-04-16T14:59:33.9168281Z Cache Size: ~34 MB (35603115 B)
2025-04-16T14:59:33.9274641Z [command]/usr/bin/tar -xf /home/runner/work/_temp/5c0bab0f-4780-456d-a87a-66cffbe47cf6/cache.tzst -P -C /home/runner/work/date-night-app2/date-night-app2 --use-compress-program unzstd
2025-04-16T14:59:34.2152586Z Cache restored successfully
2025-04-16T14:59:34.2233365Z Cache restored from key: node-cache-Linux-x64-npm-eb74dc554d17640d6b2005eb2c3c9590e65262bd6e2b7add98bfd17307b4cd7c
2025-04-16T14:59:34.2387824Z ##[group]Run npm ci
2025-04-16T14:59:34.2388131Z [36;1mnpm ci[0m
2025-04-16T14:59:34.2443241Z shell: /usr/bin/bash -e {0}
2025-04-16T14:59:34.2443799Z env:
2025-04-16T14:59:34.2444027Z   CI: true
2025-04-16T14:59:34.2444237Z ##[endgroup]
2025-04-16T14:59:40.9610910Z npm warn deprecated inflight@1.0.6: This module is not supported, and leaks memory. Do not use it. Check out lru-cache if you want a good and tested way to coalesce async requests by a key value, which is much more comprehensive and powerful.
2025-04-16T14:59:41.0253407Z npm warn deprecated npmlog@5.0.1: This package is no longer supported.
2025-04-16T14:59:41.1607391Z npm warn deprecated xss-clean@0.1.4: Package no longer supported. Contact Support at https://www.npmjs.com/support for more info.
2025-04-16T14:59:41.1706436Z npm warn deprecated passport-reddit@1.1.0: While functionally complete, this library will not be receiving any updates going forwards. Users are actively discouraged from using OAuth2 for authentication. See archival notice on github for more details.
2025-04-16T14:59:41.2389619Z npm warn deprecated rimraf@3.0.2: Rimraf versions prior to v4 are no longer supported
2025-04-16T14:59:41.4014282Z npm warn deprecated are-we-there-yet@2.0.0: This package is no longer supported.
2025-04-16T14:59:41.4412896Z npm warn deprecated glob@7.2.3: Glob versions prior to v9 are no longer supported
2025-04-16T14:59:41.9175141Z npm warn deprecated gauge@3.0.2: This package is no longer supported.
2025-04-16T14:59:42.1092837Z npm warn deprecated @humanwhocodes/object-schema@2.0.3: Use @eslint/object-schema instead
2025-04-16T14:59:42.1242436Z npm warn deprecated @humanwhocodes/config-array@0.11.14: Use @eslint/config-array instead
2025-04-16T14:59:42.3547943Z npm warn deprecated superagent@8.1.2: Please upgrade to v9.0.0+ as we have fixed a public vulnerability with formidable dependency. Note that v9.0.0+ requires Node.js v14.18.0+. See https://github.com/ladjs/superagent/pull/1800 for insight. This project is supported and maintained by the team at Forward Email @ https://forwardemail.net
2025-04-16T14:59:43.3082477Z npm warn deprecated eslint@8.56.0: This version is no longer supported. Please see https://eslint.org/version-support for other options.
2025-04-16T14:59:48.3305900Z 
2025-04-16T14:59:48.3306800Z > date-night-app@1.0.0 prepare
2025-04-16T14:59:48.3307359Z > [ -n "$CI" ] || husky
2025-04-16T14:59:48.3307587Z 
2025-04-16T14:59:48.3656188Z 
2025-04-16T14:59:48.3657030Z added 812 packages, and audited 814 packages in 14s
2025-04-16T14:59:48.3657726Z 
2025-04-16T14:59:48.3658231Z 168 packages are looking for funding
2025-04-16T14:59:48.3658739Z   run `npm fund` for details
2025-04-16T14:59:48.3685601Z 
2025-04-16T14:59:48.3685966Z found 0 vulnerabilities
2025-04-16T14:59:48.4568758Z ##[group]Run npm test
2025-04-16T14:59:48.4569030Z [36;1mnpm test[0m
2025-04-16T14:59:48.4631344Z shell: /usr/bin/bash -e {0}
2025-04-16T14:59:48.4631604Z env:
2025-04-16T14:59:48.4631769Z   CI: true
2025-04-16T14:59:48.4631940Z   NODE_ENV: test
2025-04-16T14:59:48.4632221Z   MONGODB_URI: mongodb://localhost:27017/date-night-test
2025-04-16T14:59:48.4632521Z ##[endgroup]
2025-04-16T14:59:48.6321233Z 
2025-04-16T14:59:48.6324041Z > date-night-server@1.0.0 test
2025-04-16T14:59:48.6330547Z > jest
2025-04-16T14:59:48.6330761Z 
2025-04-16T14:59:51.2908566Z PASS tests/unit/services/wallet.service.test.js
2025-04-16T14:59:51.4052545Z   ‚óè Console
2025-04-16T14:59:51.4056982Z 
2025-04-16T14:59:51.4060851Z     console.error
2025-04-16T14:59:51.4065315Z       Error getting or creating wallet: AppError: User not found
2025-04-16T14:59:51.4067809Z           at WalletService.getOrCreateWallet (/home/runner/work/date-night-app2/date-night-app2/server/services/wallet.service.js:50:15)
2025-04-16T14:59:51.4074109Z           at Object.<anonymous> (/home/runner/work/date-night-app2/date-night-app2/server/tests/unit/services/wallet.service.test.js:263:7) {
2025-04-16T14:59:51.4075576Z         statusCode: 404,
2025-04-16T14:59:51.4077298Z         status: 'fail',
2025-04-16T14:59:51.4079022Z         isOperational: true
2025-04-16T14:59:51.4081193Z       }
2025-04-16T14:59:51.4082084Z 
2025-04-16T14:59:51.4082917Z     [0m [90m 75 |[39m       [36mreturn[39m wallet[33m;[39m
2025-04-16T14:59:51.4086673Z      [90m 76 |[39m     } [36mcatch[39m (error) {
2025-04-16T14:59:51.4088206Z     [31m[1m>[22m[39m[90m 77 |[39m       console[33m.[39merror([32m'Error getting or creating wallet:'[39m[33m,[39m error)[33m;[39m
2025-04-16T14:59:51.4089105Z      [90m    |[39m               [31m[1m^[22m[39m
2025-04-16T14:59:51.4089782Z      [90m 78 |[39m       [36mthrow[39m error[33m;[39m
2025-04-16T14:59:51.4090297Z      [90m 79 |[39m     }
2025-04-16T14:59:51.4090747Z      [90m 80 |[39m   }[0m
2025-04-16T14:59:51.4090979Z 
2025-04-16T14:59:51.4091437Z       at WalletService.error [as getOrCreateWallet] (services/wallet.service.js:77:15)
2025-04-16T14:59:51.4092804Z       at Object.<anonymous> (tests/unit/services/wallet.service.test.js:263:7)
2025-04-16T14:59:51.4093296Z 
2025-04-16T14:59:51.4093419Z     console.error
2025-04-16T14:59:51.4094254Z       Error adding payment method: AppError: Payment method type is required
2025-04-16T14:59:51.4095523Z           at WalletService.addPaymentMethod (/home/runner/work/date-night-app2/date-night-app2/server/services/wallet.service.js:253:15)
2025-04-16T14:59:51.4097380Z           at Object.<anonymous> (/home/runner/work/date-night-app2/date-night-app2/server/tests/unit/services/wallet.service.test.js:488:7) {
2025-04-16T14:59:51.4098527Z         statusCode: 400,
2025-04-16T14:59:51.4098933Z         status: 'fail',
2025-04-16T14:59:51.4099312Z         isOperational: true
2025-04-16T14:59:51.4099714Z       }
2025-04-16T14:59:51.4099881Z 
2025-04-16T14:59:51.4100966Z     [0m [90m 295 |[39m       [36mreturn[39m wallet[33m.[39mpaymentMethods[wallet[33m.[39mpaymentMethods[33m.[39mlength [33m-[39m [35m1[39m][33m;[39m
2025-04-16T14:59:51.4102398Z      [90m 296 |[39m     } [36mcatch[39m (error) {
2025-04-16T14:59:51.4126647Z     [31m[1m>[22m[39m[90m 297 |[39m       console[33m.[39merror([32m'Error adding payment method:'[39m[33m,[39m error)[33m;[39m
2025-04-16T14:59:51.4127822Z      [90m     |[39m               [31m[1m^[22m[39m
2025-04-16T14:59:51.4128508Z      [90m 298 |[39m       [36mthrow[39m error[33m;[39m
2025-04-16T14:59:51.4129026Z      [90m 299 |[39m     }
2025-04-16T14:59:51.4129461Z      [90m 300 |[39m   }[0m
2025-04-16T14:59:51.4129716Z 
2025-04-16T14:59:51.4130206Z       at WalletService.error [as addPaymentMethod] (services/wallet.service.js:297:15)
2025-04-16T14:59:51.4131169Z       at Object.<anonymous> (tests/unit/services/wallet.service.test.js:488:7)
2025-04-16T14:59:51.4131684Z 
2025-04-16T14:59:51.4132334Z     console.error
2025-04-16T14:59:51.4133010Z       Error adding payment method: AppError: Payment method provider is required
2025-04-16T14:59:51.4134631Z           at WalletService.addPaymentMethod (/home/runner/work/date-night-app2/date-night-app2/server/services/wallet.service.js:257:15)
2025-04-16T14:59:51.4136364Z           at Object.<anonymous> (/home/runner/work/date-night-app2/date-night-app2/server/tests/unit/services/wallet.service.test.js:506:7) {
2025-04-16T14:59:51.4137336Z         statusCode: 400,
2025-04-16T14:59:51.4137721Z         status: 'fail',
2025-04-16T14:59:51.4138115Z         isOperational: true
2025-04-16T14:59:51.4138467Z       }
2025-04-16T14:59:51.4138627Z 
2025-04-16T14:59:51.4139721Z     [0m [90m 295 |[39m       [36mreturn[39m wallet[33m.[39mpaymentMethods[wallet[33m.[39mpaymentMethods[33m.[39mlength [33m-[39m [35m1[39m][33m;[39m
2025-04-16T14:59:51.4140937Z      [90m 296 |[39m     } [36mcatch[39m (error) {
2025-04-16T14:59:51.4142137Z     [31m[1m>[22m[39m[90m 297 |[39m       console[33m.[39merror([32m'Error adding payment method:'[39m[33m,[39m error)[33m;[39m
2025-04-16T14:59:51.4143106Z      [90m     |[39m               [31m[1m^[22m[39m
2025-04-16T14:59:51.4184507Z      [90m 298 |[39m       [36mthrow[39m error[33m;[39m
2025-04-16T14:59:51.4185159Z      [90m 299 |[39m     }
2025-04-16T14:59:51.4185673Z      [90m 300 |[39m   }[0m
2025-04-16T14:59:51.4185959Z 
2025-04-16T14:59:51.4186612Z       at WalletService.error [as addPaymentMethod] (services/wallet.service.js:297:15)
2025-04-16T14:59:51.4187721Z       at Object.<anonymous> (tests/unit/services/wallet.service.test.js:506:7)
2025-04-16T14:59:51.4188256Z 
2025-04-16T14:59:51.4188447Z     console.error
2025-04-16T14:59:51.4189077Z       Error adding payment method: AppError: Card details are required
2025-04-16T14:59:51.4190466Z           at WalletService.addPaymentMethod (/home/runner/work/date-night-app2/date-night-app2/server/services/wallet.service.js:264:19)
2025-04-16T14:59:51.4192258Z           at Object.<anonymous> (/home/runner/work/date-night-app2/date-night-app2/server/tests/unit/services/wallet.service.test.js:518:7) {
2025-04-16T14:59:51.4194054Z         statusCode: 400,
2025-04-16T14:59:51.4194550Z         status: 'fail',
2025-04-16T14:59:51.4194994Z         isOperational: true
2025-04-16T14:59:51.4195410Z       }
2025-04-16T14:59:51.4195609Z 
2025-04-16T14:59:51.4196781Z     [0m [90m 295 |[39m       [36mreturn[39m wallet[33m.[39mpaymentMethods[wallet[33m.[39mpaymentMethods[33m.[39mlength [33m-[39m [35m1[39m][33m;[39m
2025-04-16T14:59:51.4198059Z      [90m 296 |[39m     } [36mcatch[39m (error) {
2025-04-16T14:59:51.4199322Z     [31m[1m>[22m[39m[90m 297 |[39m       console[33m.[39merror([32m'Error adding payment method:'[39m[33m,[39m error)[33m;[39m
2025-04-16T14:59:51.4200465Z      [90m     |[39m               [31m[1m^[22m[39m
2025-04-16T14:59:51.4201225Z      [90m 298 |[39m       [36mthrow[39m error[33m;[39m
2025-04-16T14:59:51.4202010Z      [90m 299 |[39m     }
2025-04-16T14:59:51.4202562Z      [90m 300 |[39m   }[0m
2025-04-16T14:59:51.4202881Z 
2025-04-16T14:59:51.4203386Z       at WalletService.error [as addPaymentMethod] (services/wallet.service.js:297:15)
2025-04-16T14:59:51.4216245Z       at Object.<anonymous> (tests/unit/services/wallet.service.test.js:518:7)
2025-04-16T14:59:51.4216771Z 
2025-04-16T14:59:51.4216954Z     console.error
2025-04-16T14:59:51.4217628Z       Error adding payment method: AppError: Bank account details are required
2025-04-16T14:59:51.4219044Z           at WalletService.addPaymentMethod (/home/runner/work/date-night-app2/date-night-app2/server/services/wallet.service.js:270:19)
2025-04-16T14:59:51.4220915Z           at Object.<anonymous> (/home/runner/work/date-night-app2/date-night-app2/server/tests/unit/services/wallet.service.test.js:530:7) {
2025-04-16T14:59:51.4222084Z         statusCode: 400,
2025-04-16T14:59:51.4222534Z         status: 'fail',
2025-04-16T14:59:51.4223413Z         isOperational: true
2025-04-16T14:59:51.4224084Z       }
2025-04-16T14:59:51.4224289Z 
2025-04-16T14:59:51.4225488Z     [0m [90m 295 |[39m       [36mreturn[39m wallet[33m.[39mpaymentMethods[wallet[33m.[39mpaymentMethods[33m.[39mlength [33m-[39m [35m1[39m][33m;[39m
2025-04-16T14:59:51.4226786Z      [90m 296 |[39m     } [36mcatch[39m (error) {
2025-04-16T14:59:51.4228045Z     [31m[1m>[22m[39m[90m 297 |[39m       console[33m.[39merror([32m'Error adding payment method:'[39m[33m,[39m error)[33m;[39m
2025-04-16T14:59:51.4229205Z      [90m     |[39m               [31m[1m^[22m[39m
2025-04-16T14:59:51.4229940Z      [90m 298 |[39m       [36mthrow[39m error[33m;[39m
2025-04-16T14:59:51.4230529Z      [90m 299 |[39m     }
2025-04-16T14:59:51.4231018Z      [90m 300 |[39m   }[0m
2025-04-16T14:59:51.4231279Z 
2025-04-16T14:59:51.4231809Z       at WalletService.error [as addPaymentMethod] (services/wallet.service.js:297:15)
2025-04-16T14:59:51.4232865Z       at Object.<anonymous> (tests/unit/services/wallet.service.test.js:530:7)
2025-04-16T14:59:51.4233383Z 
2025-04-16T14:59:51.4233734Z     console.error
2025-04-16T14:59:51.4234372Z       Error adding payment method: AppError: Crypto address details are required
2025-04-16T14:59:51.4235686Z           at WalletService.addPaymentMethod (/home/runner/work/date-night-app2/date-night-app2/server/services/wallet.service.js:276:19)
2025-04-16T14:59:51.4237419Z           at Object.<anonymous> (/home/runner/work/date-night-app2/date-night-app2/server/tests/unit/services/wallet.service.test.js:542:7) {
2025-04-16T14:59:51.4238428Z         statusCode: 400,
2025-04-16T14:59:51.4238810Z         status: 'fail',
2025-04-16T14:59:51.4239184Z         isOperational: true
2025-04-16T14:59:51.4239565Z       }
2025-04-16T14:59:51.4239729Z 
2025-04-16T14:59:51.4240833Z     [0m [90m 295 |[39m       [36mreturn[39m wallet[33m.[39mpaymentMethods[wallet[33m.[39mpaymentMethods[33m.[39mlength [33m-[39m [35m1[39m][33m;[39m
2025-04-16T14:59:51.4241968Z      [90m 296 |[39m     } [36mcatch[39m (error) {
2025-04-16T14:59:51.4243121Z     [31m[1m>[22m[39m[90m 297 |[39m       console[33m.[39merror([32m'Error adding payment method:'[39m[33m,[39m error)[33m;[39m
2025-04-16T14:59:51.4244669Z      [90m     |[39m               [31m[1m^[22m[39m
2025-04-16T14:59:51.4245402Z      [90m 298 |[39m       [36mthrow[39m error[33m;[39m
2025-04-16T14:59:51.4246046Z      [90m 299 |[39m     }
2025-04-16T14:59:51.4246573Z      [90m 300 |[39m   }[0m
2025-04-16T14:59:51.4246854Z 
2025-04-16T14:59:51.4247386Z       at WalletService.error [as addPaymentMethod] (services/wallet.service.js:297:15)
2025-04-16T14:59:51.4248320Z       at Object.<anonymous> (tests/unit/services/wallet.service.test.js:542:7)
2025-04-16T14:59:51.4248838Z 
2025-04-16T14:59:51.4248996Z     console.error
2025-04-16T14:59:51.4249692Z       Error adding payment method: AppError: Unsupported cryptocurrency: UNSUPPORTED
2025-04-16T14:59:51.4251135Z           at WalletService.addPaymentMethod (/home/runner/work/date-night-app2/date-night-app2/server/services/wallet.service.js:280:19)
2025-04-16T14:59:51.4252941Z           at Object.<anonymous> (/home/runner/work/date-night-app2/date-night-app2/server/tests/unit/services/wallet.service.test.js:559:7) {
2025-04-16T14:59:51.4254206Z         statusCode: 400,
2025-04-16T14:59:51.4254643Z         status: 'fail',
2025-04-16T14:59:51.4255063Z         isOperational: true
2025-04-16T14:59:51.4255473Z       }
2025-04-16T14:59:51.4255655Z 
2025-04-16T14:59:51.4256785Z     [0m [90m 295 |[39m       [36mreturn[39m wallet[33m.[39mpaymentMethods[wallet[33m.[39mpaymentMethods[33m.[39mlength [33m-[39m [35m1[39m][33m;[39m
2025-04-16T14:59:51.4258228Z      [90m 296 |[39m     } [36mcatch[39m (error) {
2025-04-16T14:59:51.4259488Z     [31m[1m>[22m[39m[90m 297 |[39m       console[33m.[39merror([32m'Error adding payment method:'[39m[33m,[39m error)[33m;[39m
2025-04-16T14:59:51.4260861Z      [90m     |[39m               [31m[1m^[22m[39m
2025-04-16T14:59:51.4261641Z      [90m 298 |[39m       [36mthrow[39m error[33m;[39m
2025-04-16T14:59:51.4262228Z      [90m 299 |[39m     }
2025-04-16T14:59:51.4262606Z      [90m 300 |[39m   }[0m
2025-04-16T14:59:51.4262848Z 
2025-04-16T14:59:51.4263302Z       at WalletService.error [as addPaymentMethod] (services/wallet.service.js:297:15)
2025-04-16T14:59:51.4264439Z       at Object.<anonymous> (tests/unit/services/wallet.service.test.js:559:7)
2025-04-16T14:59:51.4264900Z 
2025-04-16T14:59:51.4265038Z     console.error
2025-04-16T14:59:51.4265695Z       Error adding payment method: AppError: Unsupported payment method type: unsupported
2025-04-16T14:59:51.4266917Z           at WalletService.addPaymentMethod (/home/runner/work/date-night-app2/date-night-app2/server/services/wallet.service.js:288:17)
2025-04-16T14:59:51.4268474Z           at Object.<anonymous> (/home/runner/work/date-night-app2/date-night-app2/server/tests/unit/services/wallet.service.test.js:571:7) {
2025-04-16T14:59:51.4269439Z         statusCode: 400,
2025-04-16T14:59:51.4269817Z         status: 'fail',
2025-04-16T14:59:51.4270253Z         isOperational: true
2025-04-16T14:59:51.4270649Z       }
2025-04-16T14:59:51.4270837Z 
2025-04-16T14:59:51.4271999Z     [0m [90m 295 |[39m       [36mreturn[39m wallet[33m.[39mpaymentMethods[wallet[33m.[39mpaymentMethods[33m.[39mlength [33m-[39m [35m1[39m][33m;[39m
2025-04-16T14:59:51.4273284Z      [90m 296 |[39m     } [36mcatch[39m (error) {
2025-04-16T14:59:51.4274713Z     [31m[1m>[22m[39m[90m 297 |[39m       console[33m.[39merror([32m'Error adding payment method:'[39m[33m,[39m error)[33m;[39m
2025-04-16T14:59:51.4275831Z      [90m     |[39m               [31m[1m^[22m[39m
2025-04-16T14:59:51.4276611Z      [90m 298 |[39m       [36mthrow[39m error[33m;[39m
2025-04-16T14:59:51.4277245Z      [90m 299 |[39m     }
2025-04-16T14:59:51.4277682Z      [90m 300 |[39m   }[0m
2025-04-16T14:59:51.4277943Z 
2025-04-16T14:59:51.4278470Z       at WalletService.error [as addPaymentMethod] (services/wallet.service.js:297:15)
2025-04-16T14:59:51.4279495Z       at Object.<anonymous> (tests/unit/services/wallet.service.test.js:571:7)
2025-04-16T14:59:51.4280370Z 
2025-04-16T14:59:51.4280547Z     console.error
2025-04-16T14:59:51.4281207Z       Error removing payment method: AppError: Payment method not found
2025-04-16T14:59:51.4282616Z           at WalletService.removePaymentMethod (/home/runner/work/date-night-app2/date-night-app2/server/services/wallet.service.js:316:15)
2025-04-16T14:59:51.4284636Z           at Object.<anonymous> (/home/runner/work/date-night-app2/date-night-app2/server/tests/unit/services/wallet.service.test.js:589:7) {
2025-04-16T14:59:51.4285705Z         statusCode: 404,
2025-04-16T14:59:51.4286130Z         status: 'fail',
2025-04-16T14:59:51.4286553Z         isOperational: true
2025-04-16T14:59:51.4286979Z       }
2025-04-16T14:59:51.4287165Z 
2025-04-16T14:59:51.4287692Z     [0m [90m 322 |[39m       [36mreturn[39m [36mtrue[39m[33m;[39m
2025-04-16T14:59:51.4288491Z      [90m 323 |[39m     } [36mcatch[39m (error) {
2025-04-16T14:59:51.4289758Z     [31m[1m>[22m[39m[90m 324 |[39m       console[33m.[39merror([32m'Error removing payment method:'[39m[33m,[39m error)[33m;[39m
2025-04-16T14:59:51.4290807Z      [90m     |[39m               [31m[1m^[22m[39m
2025-04-16T14:59:51.4291578Z      [90m 325 |[39m       [36mthrow[39m error[33m;[39m
2025-04-16T14:59:51.4292170Z      [90m 326 |[39m     }
2025-04-16T14:59:51.4292669Z      [90m 327 |[39m   }[0m
2025-04-16T14:59:51.4292954Z 
2025-04-16T14:59:51.4293481Z       at WalletService.error [as removePaymentMethod] (services/wallet.service.js:324:15)
2025-04-16T14:59:51.4294746Z       at Object.<anonymous> (tests/unit/services/wallet.service.test.js:589:7)
2025-04-16T14:59:51.4295275Z 
2025-04-16T14:59:51.4295450Z     console.error
2025-04-16T14:59:51.4296486Z       Error setting default payment method: AppError: Payment method not found
2025-04-16T14:59:51.4298003Z           at WalletService.setDefaultPaymentMethod (/home/runner/work/date-night-app2/date-night-app2/server/services/wallet.service.js:343:15)
2025-04-16T14:59:51.4299918Z           at Object.<anonymous> (/home/runner/work/date-night-app2/date-night-app2/server/tests/unit/services/wallet.service.test.js:610:7) {
2025-04-16T14:59:51.4300996Z         statusCode: 404,
2025-04-16T14:59:51.4301428Z         status: 'fail',
2025-04-16T14:59:51.4301843Z         isOperational: true
2025-04-16T14:59:51.4302247Z       }
2025-04-16T14:59:51.4302447Z 
2025-04-16T14:59:51.4303284Z     [0m [90m 349 |[39m       [36mreturn[39m wallet[33m.[39mpaymentMethods[33m.[39mid(paymentMethodId)[33m;[39m
2025-04-16T14:59:51.4304541Z      [90m 350 |[39m     } [36mcatch[39m (error) {
2025-04-16T14:59:51.4305835Z     [31m[1m>[22m[39m[90m 351 |[39m       console[33m.[39merror([32m'Error setting default payment method:'[39m[33m,[39m error)[33m;[39m
2025-04-16T14:59:51.4306981Z      [90m     |[39m               [31m[1m^[22m[39m
2025-04-16T14:59:51.4307718Z      [90m 352 |[39m       [36mthrow[39m error[33m;[39m
2025-04-16T14:59:51.4308301Z      [90m 353 |[39m     }
2025-04-16T14:59:51.4308724Z      [90m 354 |[39m   }[0m
2025-04-16T14:59:51.4308956Z 
2025-04-16T14:59:51.4309481Z       at WalletService.error [as setDefaultPaymentMethod] (services/wallet.service.js:351:15)
2025-04-16T14:59:51.4310554Z       at Object.<anonymous> (tests/unit/services/wallet.service.test.js:610:7)
2025-04-16T14:59:51.4311093Z 
2025-04-16T14:59:51.4311257Z     console.error
2025-04-16T14:59:51.4311936Z       Error depositing funds with Stripe: AppError: Valid amount is required
2025-04-16T14:59:51.4313413Z           at WalletService.depositFundsWithStripe (/home/runner/work/date-night-app2/date-night-app2/server/services/wallet.service.js:375:15)
2025-04-16T14:59:51.4406863Z           at Object.depositFundsWithStripe (/home/runner/work/date-night-app2/date-night-app2/server/tests/unit/services/wallet.service.test.js:664:23)
2025-04-16T14:59:51.4408802Z           at Promise.then.completed (/home/runner/work/date-night-app2/date-night-app2/node_modules/jest-circus/build/utils.js:298:28)
2025-04-16T14:59:51.4410430Z           at new Promise (<anonymous>)
2025-04-16T14:59:51.4411537Z           at callAsyncCircusFn (/home/runner/work/date-night-app2/date-night-app2/node_modules/jest-circus/build/utils.js:231:10)
2025-04-16T14:59:51.4413148Z           at _callCircusTest (/home/runner/work/date-night-app2/date-night-app2/node_modules/jest-circus/build/run.js:316:40)
2025-04-16T14:59:51.4414823Z           at _runTest (/home/runner/work/date-night-app2/date-night-app2/node_modules/jest-circus/build/run.js:252:3)
2025-04-16T14:59:51.4416414Z           at _runTestsForDescribeBlock (/home/runner/work/date-night-app2/date-night-app2/node_modules/jest-circus/build/run.js:126:9)
2025-04-16T14:59:51.4418207Z           at _runTestsForDescribeBlock (/home/runner/work/date-night-app2/date-night-app2/node_modules/jest-circus/build/run.js:121:9)
2025-04-16T14:59:51.4419899Z           at _runTestsForDescribeBlock (/home/runner/work/date-night-app2/date-night-app2/node_modules/jest-circus/build/run.js:121:9)
2025-04-16T14:59:51.4421400Z           at run (/home/runner/work/date-night-app2/date-night-app2/node_modules/jest-circus/build/run.js:71:3)
2025-04-16T14:59:51.4423244Z           at runAndTransformResultsToJestFormat (/home/runner/work/date-night-app2/date-night-app2/node_modules/jest-circus/build/legacy-code-todo-rewrite/jestAdapterInit.js:122:21)
2025-04-16T14:59:51.4425621Z           at jestAdapter (/home/runner/work/date-night-app2/date-night-app2/node_modules/jest-circus/build/legacy-code-todo-rewrite/jestAdapter.js:79:19)
2025-04-16T14:59:51.4427439Z           at runTestInternal (/home/runner/work/date-night-app2/date-night-app2/node_modules/jest-runner/build/runTest.js:367:16)
2025-04-16T14:59:51.4429767Z           at runTest (/home/runner/work/date-night-app2/date-night-app2/node_modules/jest-runner/build/runTest.js:444:34) {
2025-04-16T14:59:51.4430802Z         statusCode: 400,
2025-04-16T14:59:51.4431274Z         status: 'fail',
2025-04-16T14:59:51.4431731Z         isOperational: true
2025-04-16T14:59:51.4432178Z       }
2025-04-16T14:59:51.4432386Z 
2025-04-16T14:59:51.4433034Z     [0m [90m 437 |[39m       }[33m;[39m
2025-04-16T14:59:51.4434093Z      [90m 438 |[39m     } [36mcatch[39m (error) {
2025-04-16T14:59:51.4435410Z     [31m[1m>[22m[39m[90m 439 |[39m       console[33m.[39merror([32m'Error depositing funds with Stripe:'[39m[33m,[39m error)[33m;[39m
2025-04-16T14:59:51.4436565Z      [90m     |[39m               [31m[1m^[22m[39m
2025-04-16T14:59:51.4437321Z      [90m 440 |[39m       [36mthrow[39m error[33m;[39m
2025-04-16T14:59:51.4437925Z      [90m 441 |[39m     }
2025-04-16T14:59:51.4438433Z      [90m 442 |[39m   }[0m
2025-04-16T14:59:51.4438726Z 
2025-04-16T14:59:51.4439301Z       at WalletService.error [as depositFundsWithStripe] (services/wallet.service.js:439:15)
2025-04-16T14:59:51.4440474Z       at Object.depositFundsWithStripe (tests/unit/services/wallet.service.test.js:664:23)
2025-04-16T14:59:51.4441104Z 
2025-04-16T14:59:51.4441288Z     console.error
2025-04-16T14:59:51.4442023Z       Error depositing funds with Stripe: AppError: Unsupported currency: UNSUPPORTED
2025-04-16T14:59:51.4443827Z           at WalletService.depositFundsWithStripe (/home/runner/work/date-night-app2/date-night-app2/server/services/wallet.service.js:379:15)
2025-04-16T14:59:51.4445756Z           at Object.depositFundsWithStripe (/home/runner/work/date-night-app2/date-night-app2/server/tests/unit/services/wallet.service.test.js:670:23)
2025-04-16T14:59:51.4447217Z           at Promise.then.completed (/home/runner/work/date-night-app2/date-night-app2/node_modules/jest-circus/build/utils.js:298:28)
2025-04-16T14:59:51.4448133Z           at new Promise (<anonymous>)
2025-04-16T14:59:51.4449059Z           at callAsyncCircusFn (/home/runner/work/date-night-app2/date-night-app2/node_modules/jest-circus/build/utils.js:231:10)
2025-04-16T14:59:51.4450490Z           at _callCircusTest (/home/runner/work/date-night-app2/date-night-app2/node_modules/jest-circus/build/run.js:316:40)
2025-04-16T14:59:51.4452761Z           at _runTest (/home/runner/work/date-night-app2/date-night-app2/node_modules/jest-circus/build/run.js:252:3)
2025-04-16T14:59:51.4454706Z           at _runTestsForDescribeBlock (/home/runner/work/date-night-app2/date-night-app2/node_modules/jest-circus/build/run.js:126:9)
2025-04-16T14:59:51.4456419Z           at _runTestsForDescribeBlock (/home/runner/work/date-night-app2/date-night-app2/node_modules/jest-circus/build/run.js:121:9)
2025-04-16T14:59:51.4458100Z           at _runTestsForDescribeBlock (/home/runner/work/date-night-app2/date-night-app2/node_modules/jest-circus/build/run.js:121:9)
2025-04-16T14:59:51.4459610Z           at run (/home/runner/work/date-night-app2/date-night-app2/node_modules/jest-circus/build/run.js:71:3)
2025-04-16T14:59:51.4461546Z           at runAndTransformResultsToJestFormat (/home/runner/work/date-night-app2/date-night-app2/node_modules/jest-circus/build/legacy-code-todo-rewrite/jestAdapterInit.js:122:21)
2025-04-16T14:59:51.4465137Z           at jestAdapter (/home/runner/work/date-night-app2/date-night-app2/node_modules/jest-circus/build/legacy-code-todo-rewrite/jestAdapter.js:79:19)
2025-04-16T14:59:51.4466940Z           at runTestInternal (/home/runner/work/date-night-app2/date-night-app2/node_modules/jest-runner/build/runTest.js:367:16)
2025-04-16T14:59:51.4468503Z           at runTest (/home/runner/work/date-night-app2/date-night-app2/node_modules/jest-runner/build/runTest.js:444:34) {
2025-04-16T14:59:51.4469433Z         statusCode: 400,
2025-04-16T14:59:51.4469844Z         status: 'fail',
2025-04-16T14:59:51.4470250Z         isOperational: true
2025-04-16T14:59:51.4470646Z       }
2025-04-16T14:59:51.4470848Z 
2025-04-16T14:59:51.4471245Z     [0m [90m 437 |[39m       }[33m;[39m
2025-04-16T14:59:51.4472223Z      [90m 438 |[39m     } [36mcatch[39m (error) {
2025-04-16T14:59:51.4473906Z     [31m[1m>[22m[39m[90m 439 |[39m       console[33m.[39merror([32m'Error depositing funds with Stripe:'[39m[33m,[39m error)[33m;[39m
2025-04-16T14:59:51.4475097Z      [90m     |[39m               [31m[1m^[22m[39m
2025-04-16T14:59:51.4475799Z      [90m 440 |[39m       [36mthrow[39m error[33m;[39m
2025-04-16T14:59:51.4476395Z      [90m 441 |[39m     }
2025-04-16T14:59:51.4476902Z      [90m 442 |[39m   }[0m
2025-04-16T14:59:51.4477173Z 
2025-04-16T14:59:51.4477752Z       at WalletService.error [as depositFundsWithStripe] (services/wallet.service.js:439:15)
2025-04-16T14:59:51.4478930Z       at Object.depositFundsWithStripe (tests/unit/services/wallet.service.test.js:670:23)
2025-04-16T14:59:51.4479555Z 
2025-04-16T14:59:51.4479719Z     console.error
2025-04-16T14:59:51.4480390Z       Error depositing funds with Stripe: AppError: Payment method ID is required
2025-04-16T14:59:51.4504685Z           at WalletService.depositFundsWithStripe (/home/runner/work/date-night-app2/date-night-app2/server/services/wallet.service.js:383:15)
2025-04-16T14:59:51.4506656Z           at Object.depositFundsWithStripe (/home/runner/work/date-night-app2/date-night-app2/server/tests/unit/services/wallet.service.test.js:682:23)
2025-04-16T14:59:51.4508494Z           at Promise.then.completed (/home/runner/work/date-night-app2/date-night-app2/node_modules/jest-circus/build/utils.js:298:28)
2025-04-16T14:59:51.4509580Z           at new Promise (<anonymous>)
2025-04-16T14:59:51.4510693Z           at callAsyncCircusFn (/home/runner/work/date-night-app2/date-night-app2/node_modules/jest-circus/build/utils.js:231:10)
2025-04-16T14:59:51.4512265Z           at _callCircusTest (/home/runner/work/date-night-app2/date-night-app2/node_modules/jest-circus/build/run.js:316:40)
2025-04-16T14:59:51.4513928Z           at _runTest (/home/runner/work/date-night-app2/date-night-app2/node_modules/jest-circus/build/run.js:252:3)
2025-04-16T14:59:51.4515508Z           at _runTestsForDescribeBlock (/home/runner/work/date-night-app2/date-night-app2/node_modules/jest-circus/build/run.js:126:9)
2025-04-16T14:59:51.4517438Z           at _runTestsForDescribeBlock (/home/runner/work/date-night-app2/date-night-app2/node_modules/jest-circus/build/run.js:121:9)
2025-04-16T14:59:51.4519120Z           at _runTestsForDescribeBlock (/home/runner/work/date-night-app2/date-night-app2/node_modules/jest-circus/build/run.js:121:9)
2025-04-16T14:59:51.4520644Z           at run (/home/runner/work/date-night-app2/date-night-app2/node_modules/jest-circus/build/run.js:71:3)
2025-04-16T14:59:51.4522500Z           at runAndTransformResultsToJestFormat (/home/runner/work/date-night-app2/date-night-app2/node_modules/jest-circus/build/legacy-code-todo-rewrite/jestAdapterInit.js:122:21)
2025-04-16T14:59:51.4524869Z           at jestAdapter (/home/runner/work/date-night-app2/date-night-app2/node_modules/jest-circus/build/legacy-code-todo-rewrite/jestAdapter.js:79:19)
2025-04-16T14:59:51.4526640Z           at runTestInternal (/home/runner/work/date-night-app2/date-night-app2/node_modules/jest-runner/build/runTest.js:367:16)
2025-04-16T14:59:51.4528221Z           at runTest (/home/runner/work/date-night-app2/date-night-app2/node_modules/jest-runner/build/runTest.js:444:34) {
2025-04-16T14:59:51.4529201Z         statusCode: 400,
2025-04-16T14:59:51.4529618Z         status: 'fail',
2025-04-16T14:59:51.4530031Z         isOperational: true
2025-04-16T14:59:51.4530459Z       }
2025-04-16T14:59:51.4530667Z 
2025-04-16T14:59:51.4531096Z     [0m [90m 437 |[39m       }[33m;[39m
2025-04-16T14:59:51.4531783Z      [90m 438 |[39m     } [36mcatch[39m (error) {
2025-04-16T14:59:51.4533078Z     [31m[1m>[22m[39m[90m 439 |[39m       console[33m.[39merror([32m'Error depositing funds with Stripe:'[39m[33m,[39m error)[33m;[39m
2025-04-16T14:59:51.4547065Z      [90m     |[39m               [31m[1m^[22m[39m
2025-04-16T14:59:51.4547929Z      [90m 440 |[39m       [36mthrow[39m error[33m;[39m
2025-04-16T14:59:51.4549225Z      [90m 441 |[39m     }
2025-04-16T14:59:51.4549811Z      [90m 442 |[39m   }[0m
2025-04-16T14:59:51.4550168Z 
2025-04-16T14:59:51.4550758Z       at WalletService.error [as depositFundsWithStripe] (services/wallet.service.js:439:15)
2025-04-16T14:59:51.4551852Z       at Object.depositFundsWithStripe (tests/unit/services/wallet.service.test.js:682:23)
2025-04-16T14:59:51.4552440Z 
2025-04-16T14:59:51.4552595Z     console.error
2025-04-16T14:59:51.4553162Z       Error withdrawing funds: AppError: Valid amount is required
2025-04-16T14:59:51.4554661Z           at WalletService.withdrawFunds (/home/runner/work/date-night-app2/date-night-app2/server/services/wallet.service.js:518:15)
2025-04-16T14:59:51.4556345Z           at Object.withdrawFunds (/home/runner/work/date-night-app2/date-night-app2/server/tests/unit/services/wallet.service.test.js:726:23)
2025-04-16T14:59:51.4558015Z           at Promise.then.completed (/home/runner/work/date-night-app2/date-night-app2/node_modules/jest-circus/build/utils.js:298:28)
2025-04-16T14:59:51.4558995Z           at new Promise (<anonymous>)
2025-04-16T14:59:51.4559965Z           at callAsyncCircusFn (/home/runner/work/date-night-app2/date-night-app2/node_modules/jest-circus/build/utils.js:231:10)
2025-04-16T14:59:51.4561423Z           at _callCircusTest (/home/runner/work/date-night-app2/date-night-app2/node_modules/jest-circus/build/run.js:316:40)
2025-04-16T14:59:51.4562833Z           at _runTest (/home/runner/work/date-night-app2/date-night-app2/node_modules/jest-circus/build/run.js:252:3)
2025-04-16T14:59:51.4615901Z           at _runTestsForDescribeBlock (/home/runner/work/date-night-app2/date-night-app2/node_modules/jest-circus/build/run.js:126:9)
2025-04-16T14:59:51.4620603Z           at _runTestsForDescribeBlock (/home/runner/work/date-night-app2/date-night-app2/node_modules/jest-circus/build/run.js:121:9)
2025-04-16T14:59:51.4624167Z           at _runTestsForDescribeBlock (/home/runner/work/date-night-app2/date-night-app2/node_modules/jest-circus/build/run.js:121:9)
2025-04-16T14:59:51.4628130Z           at run (/home/runner/work/date-night-app2/date-night-app2/node_modules/jest-circus/build/run.js:71:3)
2025-04-16T14:59:51.4630495Z           at runAndTransformResultsToJestFormat (/home/runner/work/date-night-app2/date-night-app2/node_modules/jest-circus/build/legacy-code-todo-rewrite/jestAdapterInit.js:122:21)
2025-04-16T14:59:51.4640013Z           at jestAdapter (/home/runner/work/date-night-app2/date-night-app2/node_modules/jest-circus/build/legacy-code-todo-rewrite/jestAdapter.js:79:19)
2025-04-16T14:59:51.4641929Z           at runTestInternal (/home/runner/work/date-night-app2/date-night-app2/node_modules/jest-runner/build/runTest.js:367:16)
2025-04-16T14:59:51.4643400Z           at runTest (/home/runner/work/date-night-app2/date-night-app2/node_modules/jest-runner/build/runTest.js:444:34) {
2025-04-16T14:59:51.4652738Z         statusCode: 400,
2025-04-16T14:59:51.4653162Z         status: 'fail',
2025-04-16T14:59:51.4653732Z         isOperational: true
2025-04-16T14:59:51.4654177Z       }
2025-04-16T14:59:51.4654355Z 
2025-04-16T14:59:51.4655630Z     [0m [90m 619 |[39m       [36mreturn[39m wallet[33m.[39mtransactions[wallet[33m.[39mtransactions[33m.[39mlength [33m-[39m [35m1[39m][33m;[39m
2025-04-16T14:59:51.4656816Z      [90m 620 |[39m     } [36mcatch[39m (error) {
2025-04-16T14:59:51.4657974Z     [31m[1m>[22m[39m[90m 621 |[39m       console[33m.[39merror([32m'Error withdrawing funds:'[39m[33m,[39m error)[33m;[39m
2025-04-16T14:59:51.4658936Z      [90m     |[39m               [31m[1m^[22m[39m
2025-04-16T14:59:51.4659660Z      [90m 622 |[39m       [36mthrow[39m error[33m;[39m
2025-04-16T14:59:51.4660233Z      [90m 623 |[39m     }
2025-04-16T14:59:51.4660678Z      [90m 624 |[39m   }[0m
2025-04-16T14:59:51.4660935Z 
2025-04-16T14:59:51.4661406Z       at WalletService.error [as withdrawFunds] (services/wallet.service.js:621:15)
2025-04-16T14:59:51.4662722Z       at Object.withdrawFunds (tests/unit/services/wallet.service.test.js:726:23)
2025-04-16T14:59:51.4663285Z 
2025-04-16T14:59:51.4663430Z     console.error
2025-04-16T14:59:51.4664299Z       Error withdrawing funds: AppError: Minimum withdrawal amount is 100 NOK
2025-04-16T14:59:51.4665668Z           at WalletService.withdrawFunds (/home/runner/work/date-night-app2/date-night-app2/server/services/wallet.service.js:522:15)
2025-04-16T14:59:51.4667441Z           at Object.withdrawFunds (/home/runner/work/date-night-app2/date-night-app2/server/tests/unit/services/wallet.service.test.js:733:23)
2025-04-16T14:59:51.4669108Z           at Promise.then.completed (/home/runner/work/date-night-app2/date-night-app2/node_modules/jest-circus/build/utils.js:298:28)
2025-04-16T14:59:51.4670173Z           at new Promise (<anonymous>)
2025-04-16T14:59:51.4671331Z           at callAsyncCircusFn (/home/runner/work/date-night-app2/date-night-app2/node_modules/jest-circus/build/utils.js:231:10)
2025-04-16T14:59:51.4672979Z           at _callCircusTest (/home/runner/work/date-night-app2/date-night-app2/node_modules/jest-circus/build/run.js:316:40)
2025-04-16T14:59:51.4707269Z           at _runTest (/home/runner/work/date-night-app2/date-night-app2/node_modules/jest-circus/build/run.js:252:3)
2025-04-16T14:59:51.4708989Z           at _runTestsForDescribeBlock (/home/runner/work/date-night-app2/date-night-app2/node_modules/jest-circus/build/run.js:126:9)
2025-04-16T14:59:51.4710787Z           at _runTestsForDescribeBlock (/home/runner/work/date-night-app2/date-night-app2/node_modules/jest-circus/build/run.js:121:9)
2025-04-16T14:59:51.4712543Z           at _runTestsForDescribeBlock (/home/runner/work/date-night-app2/date-night-app2/node_modules/jest-circus/build/run.js:121:9)
2025-04-16T14:59:51.4714381Z           at run (/home/runner/work/date-night-app2/date-night-app2/node_modules/jest-circus/build/run.js:71:3)
2025-04-16T14:59:51.4716322Z           at runAndTransformResultsToJestFormat (/home/runner/work/date-night-app2/date-night-app2/node_modules/jest-circus/build/legacy-code-todo-rewrite/jestAdapterInit.js:122:21)
2025-04-16T14:59:51.4849530Z           at jestAdapter (/home/runner/work/date-night-app2/date-night-app2/node_modules/jest-circus/build/legacy-code-todo-rewrite/jestAdapter.js:79:19)
2025-04-16T14:59:51.4851973Z           at runTestInternal (/home/runner/work/date-night-app2/date-night-app2/node_modules/jest-runner/build/runTest.js:367:16)
2025-04-16T14:59:51.4864081Z           at runTest (/home/runner/work/date-night-app2/date-night-app2/node_modules/jest-runner/build/runTest.js:444:34) {
2025-04-16T14:59:51.4865139Z         statusCode: 400,
2025-04-16T14:59:51.4865567Z         status: 'fail',
2025-04-16T14:59:51.4865962Z         isOperational: true
2025-04-16T14:59:51.4866355Z       }
2025-04-16T14:59:51.4866537Z 
2025-04-16T14:59:51.4867875Z     [0m [90m 619 |[39m       [36mreturn[39m wallet[33m.[39mtransactions[wallet[33m.[39mtransactions[33m.[39mlength [33m-[39m [35m1[39m][33m;[39m
2025-04-16T14:59:51.4869074Z      [90m 620 |[39m     } [36mcatch[39m (error) {
2025-04-16T14:59:51.4870242Z     [31m[1m>[22m[39m[90m 621 |[39m       console[33m.[39merror([32m'Error withdrawing funds:'[39m[33m,[39m error)[33m;[39m
2025-04-16T14:59:51.4871237Z      [90m     |[39m               [31m[1m^[22m[39m
2025-04-16T14:59:51.4871917Z      [90m 622 |[39m       [36mthrow[39m error[33m;[39m
2025-04-16T14:59:51.4872473Z      [90m 623 |[39m     }
2025-04-16T14:59:51.4872923Z      [90m 624 |[39m   }[0m
2025-04-16T14:59:51.4873177Z 
2025-04-16T14:59:51.4873856Z       at WalletService.error [as withdrawFunds] (services/wallet.service.js:621:15)
2025-04-16T14:59:51.4874866Z       at Object.withdrawFunds (tests/unit/services/wallet.service.test.js:733:23)
2025-04-16T14:59:51.4875411Z 
2025-04-16T14:59:51.4875559Z     console.error
2025-04-16T14:59:51.4876182Z       Error withdrawing funds: AppError: Unsupported currency: UNSUPPORTED
2025-04-16T14:59:51.4877804Z           at WalletService.withdrawFunds (/home/runner/work/date-night-app2/date-night-app2/server/services/wallet.service.js:529:15)
2025-04-16T14:59:51.4879631Z           at Object.withdrawFunds (/home/runner/work/date-night-app2/date-night-app2/server/tests/unit/services/wallet.service.test.js:744:23)
2025-04-16T14:59:51.4881381Z           at Promise.then.completed (/home/runner/work/date-night-app2/date-night-app2/node_modules/jest-circus/build/utils.js:298:28)
2025-04-16T14:59:51.4882419Z           at new Promise (<anonymous>)
2025-04-16T14:59:51.4931789Z           at callAsyncCircusFn (/home/runner/work/date-night-app2/date-night-app2/node_modules/jest-circus/build/utils.js:231:10)
2025-04-16T14:59:51.4933310Z           at _callCircusTest (/home/runner/work/date-night-app2/date-night-app2/node_modules/jest-circus/build/run.js:316:40)
2025-04-16T14:59:51.4934870Z           at _runTest (/home/runner/work/date-night-app2/date-night-app2/node_modules/jest-circus/build/run.js:252:3)
2025-04-16T14:59:51.4936422Z           at _runTestsForDescribeBlock (/home/runner/work/date-night-app2/date-night-app2/node_modules/jest-circus/build/run.js:126:9)
2025-04-16T14:59:51.4938072Z           at _runTestsForDescribeBlock (/home/runner/work/date-night-app2/date-night-app2/node_modules/jest-circus/build/run.js:121:9)
2025-04-16T14:59:51.4939739Z           at _runTestsForDescribeBlock (/home/runner/work/date-night-app2/date-night-app2/node_modules/jest-circus/build/run.js:121:9)
2025-04-16T14:59:51.4941188Z           at run (/home/runner/work/date-night-app2/date-night-app2/node_modules/jest-circus/build/run.js:71:3)
2025-04-16T14:59:51.4943025Z           at runAndTransformResultsToJestFormat (/home/runner/work/date-night-app2/date-night-app2/node_modules/jest-circus/build/legacy-code-todo-rewrite/jestAdapterInit.js:122:21)
2025-04-16T14:59:51.4945382Z           at jestAdapter (/home/runner/work/date-night-app2/date-night-app2/node_modules/jest-circus/build/legacy-code-todo-rewrite/jestAdapter.js:79:19)
2025-04-16T14:59:51.4947139Z           at runTestInternal (/home/runner/work/date-night-app2/date-night-app2/node_modules/jest-runner/build/runTest.js:367:16)
2025-04-16T14:59:51.4948659Z           at runTest (/home/runner/work/date-night-app2/date-night-app2/node_modules/jest-runner/build/runTest.js:444:34) {
2025-04-16T14:59:51.4949904Z         statusCode: 400,
2025-04-16T14:59:51.4950299Z         status: 'fail',
2025-04-16T14:59:51.4950662Z         isOperational: true
2025-04-16T14:59:51.4951040Z       }
2025-04-16T14:59:51.4951219Z 
2025-04-16T14:59:51.4952316Z     [0m [90m 619 |[39m       [36mreturn[39m wallet[33m.[39mtransactions[wallet[33m.[39mtransactions[33m.[39mlength [33m-[39m [35m1[39m][33m;[39m
2025-04-16T14:59:51.4953481Z      [90m 620 |[39m     } [36mcatch[39m (error) {
2025-04-16T14:59:51.4995117Z     [31m[1m>[22m[39m[90m 621 |[39m       console[33m.[39merror([32m'Error withdrawing funds:'[39m[33m,[39m error)[33m;[39m
2025-04-16T14:59:51.4996109Z      [90m     |[39m               [31m[1m^[22m[39m
2025-04-16T14:59:51.4996765Z      [90m 622 |[39m       [36mthrow[39m error[33m;[39m
2025-04-16T14:59:51.4997277Z      [90m 623 |[39m     }
2025-04-16T14:59:51.4997672Z      [90m 624 |[39m   }[0m
2025-04-16T14:59:51.4997919Z 
2025-04-16T14:59:51.4998350Z       at WalletService.error [as withdrawFunds] (services/wallet.service.js:621:15)
2025-04-16T14:59:51.4999207Z       at Object.withdrawFunds (tests/unit/services/wallet.service.test.js:744:23)
2025-04-16T14:59:51.4999677Z 
2025-04-16T14:59:51.4999809Z     console.error
2025-04-16T14:59:51.5000338Z       Error withdrawing funds: AppError: Payment method ID is required
2025-04-16T14:59:51.5001501Z           at WalletService.withdrawFunds (/home/runner/work/date-night-app2/date-night-app2/server/services/wallet.service.js:533:15)
2025-04-16T14:59:51.5003049Z           at Object.withdrawFunds (/home/runner/work/date-night-app2/date-night-app2/server/tests/unit/services/wallet.service.test.js:749:34)
2025-04-16T14:59:51.5005014Z           at Promise.then.completed (/home/runner/work/date-night-app2/date-night-app2/node_modules/jest-circus/build/utils.js:298:28)
2025-04-16T14:59:51.5006010Z           at new Promise (<anonymous>)
2025-04-16T14:59:51.5007043Z           at callAsyncCircusFn (/home/runner/work/date-night-app2/date-night-app2/node_modules/jest-circus/build/utils.js:231:10)
2025-04-16T14:59:51.5008413Z           at _callCircusTest (/home/runner/work/date-night-app2/date-night-app2/node_modules/jest-circus/build/run.js:316:40)
2025-04-16T14:59:51.5009791Z           at _runTest (/home/runner/work/date-night-app2/date-night-app2/node_modules/jest-circus/build/run.js:252:3)
2025-04-16T14:59:51.5011144Z           at _runTestsForDescribeBlock (/home/runner/work/date-night-app2/date-night-app2/node_modules/jest-circus/build/run.js:126:9)
2025-04-16T14:59:51.5012643Z           at _runTestsForDescribeBlock (/home/runner/work/date-night-app2/date-night-app2/node_modules/jest-circus/build/run.js:121:9)
2025-04-16T14:59:51.5044756Z           at _runTestsForDescribeBlock (/home/runner/work/date-night-app2/date-night-app2/node_modules/jest-circus/build/run.js:121:9)
2025-04-16T14:59:51.5046321Z           at run (/home/runner/work/date-night-app2/date-night-app2/node_modules/jest-circus/build/run.js:71:3)
2025-04-16T14:59:51.5048199Z           at runAndTransformResultsToJestFormat (/home/runner/work/date-night-app2/date-night-app2/node_modules/jest-circus/build/legacy-code-todo-rewrite/jestAdapterInit.js:122:21)
2025-04-16T14:59:51.5050368Z           at jestAdapter (/home/runner/work/date-night-app2/date-night-app2/node_modules/jest-circus/build/legacy-code-todo-rewrite/jestAdapter.js:79:19)
2025-04-16T14:59:51.5052124Z           at runTestInternal (/home/runner/work/date-night-app2/date-night-app2/node_modules/jest-runner/build/runTest.js:367:16)
2025-04-16T14:59:51.5053892Z           at runTest (/home/runner/work/date-night-app2/date-night-app2/node_modules/jest-runner/build/runTest.js:444:34) {
2025-04-16T14:59:51.5054839Z         statusCode: 400,
2025-04-16T14:59:51.5055254Z         status: 'fail',
2025-04-16T14:59:51.5055667Z         isOperational: true
2025-04-16T14:59:51.5056050Z       }
2025-04-16T14:59:51.5056239Z 
2025-04-16T14:59:51.5057375Z     [0m [90m 619 |[39m       [36mreturn[39m wallet[33m.[39mtransactions[wallet[33m.[39mtransactions[33m.[39mlength [33m-[39m [35m1[39m][33m;[39m
2025-04-16T14:59:51.5058924Z      [90m 620 |[39m     } [36mcatch[39m (error) {
2025-04-16T14:59:51.5059955Z     [31m[1m>[22m[39m[90m 621 |[39m       console[33m.[39merror([32m'Error withdrawing funds:'[39m[33m,[39m error)[33m;[39m
2025-04-16T14:59:51.5060862Z      [90m     |[39m               [31m[1m^[22m[39m
2025-04-16T14:59:51.5061508Z      [90m 622 |[39m       [36mthrow[39m error[33m;[39m
2025-04-16T14:59:51.5061987Z      [90m 623 |[39m     }
2025-04-16T14:59:51.5062411Z      [90m 624 |[39m   }[0m
2025-04-16T14:59:51.5062662Z 
2025-04-16T14:59:51.5063099Z       at WalletService.error [as withdrawFunds] (services/wallet.service.js:621:15)
2025-04-16T14:59:51.5078758Z       at Object.withdrawFunds (tests/unit/services/wallet.service.test.js:749:34)
2025-04-16T14:59:51.5079321Z 
2025-04-16T14:59:51.5079481Z     console.error
2025-04-16T14:59:51.5080077Z       Error withdrawing funds: AppError: Payment method not found
2025-04-16T14:59:51.5081353Z           at WalletService.withdrawFunds (/home/runner/work/date-night-app2/date-night-app2/server/services/wallet.service.js:542:15)
2025-04-16T14:59:51.5083031Z           at Object.<anonymous> (/home/runner/work/date-night-app2/date-night-app2/server/tests/unit/services/wallet.service.test.js:757:7) {
2025-04-16T14:59:51.5093154Z         statusCode: 404,
2025-04-16T14:59:51.5093729Z         status: 'fail',
2025-04-16T14:59:51.5094151Z         isOperational: true
2025-04-16T14:59:51.5094549Z       }
2025-04-16T14:59:51.5094719Z 
2025-04-16T14:59:51.5095814Z     [0m [90m 619 |[39m       [36mreturn[39m wallet[33m.[39mtransactions[wallet[33m.[39mtransactions[33m.[39mlength [33m-[39m [35m1[39m][33m;[39m
2025-04-16T14:59:51.5097260Z      [90m 620 |[39m     } [36mcatch[39m (error) {
2025-04-16T14:59:51.5098450Z     [31m[1m>[22m[39m[90m 621 |[39m       console[33m.[39merror([32m'Error withdrawing funds:'[39m[33m,[39m error)[33m;[39m
2025-04-16T14:59:51.5099423Z      [90m     |[39m               [31m[1m^[22m[39m
2025-04-16T14:59:51.5100098Z      [90m 622 |[39m       [36mthrow[39m error[33m;[39m
2025-04-16T14:59:51.5100646Z      [90m 623 |[39m     }
2025-04-16T14:59:51.5101091Z      [90m 624 |[39m   }[0m
2025-04-16T14:59:51.5101343Z 
2025-04-16T14:59:51.5101797Z       at WalletService.error [as withdrawFunds] (services/wallet.service.js:621:15)
2025-04-16T14:59:51.5102732Z       at Object.<anonymous> (tests/unit/services/wallet.service.test.js:757:7)
2025-04-16T14:59:51.5103236Z 
2025-04-16T14:59:51.5103375Z     console.error
2025-04-16T14:59:51.5104252Z       Error withdrawing funds: AppError: Insufficient balance. Available: 50 NOK
2025-04-16T14:59:51.5105622Z           at WalletService.withdrawFunds (/home/runner/work/date-night-app2/date-night-app2/server/services/wallet.service.js:549:15)
2025-04-16T14:59:51.5107319Z           at Object.<anonymous> (/home/runner/work/date-night-app2/date-night-app2/server/tests/unit/services/wallet.service.test.js:773:7) {
2025-04-16T14:59:51.5108337Z         statusCode: 400,
2025-04-16T14:59:51.5108739Z         status: 'fail',
2025-04-16T14:59:51.5109114Z         isOperational: true
2025-04-16T14:59:51.5109495Z       }
2025-04-16T14:59:51.5109662Z 
2025-04-16T14:59:51.5110704Z     [0m [90m 619 |[39m       [36mreturn[39m wallet[33m.[39mtransactions[wallet[33m.[39mtransactions[33m.[39mlength [33m-[39m [35m1[39m][33m;[39m
2025-04-16T14:59:51.5111791Z      [90m 620 |[39m     } [36mcatch[39m (error) {
2025-04-16T14:59:51.5112904Z     [31m[1m>[22m[39m[90m 621 |[39m       console[33m.[39merror([32m'Error withdrawing funds:'[39m[33m,[39m error)[33m;[39m
2025-04-16T14:59:51.5114057Z      [90m     |[39m               [31m[1m^[22m[39m
2025-04-16T14:59:51.5114750Z      [90m 622 |[39m       [36mthrow[39m error[33m;[39m
2025-04-16T14:59:51.5115310Z      [90m 623 |[39m     }
2025-04-16T14:59:51.5115994Z      [90m 624 |[39m   }[0m
2025-04-16T14:59:51.5116241Z 
2025-04-16T14:59:51.5116694Z       at WalletService.error [as withdrawFunds] (services/wallet.service.js:621:15)
2025-04-16T14:59:51.5117634Z       at Object.<anonymous> (tests/unit/services/wallet.service.test.js:773:7)
2025-04-16T14:59:51.5118126Z 
2025-04-16T14:59:53.7293878Z PASS tests/unit/models/ad.model.test.js
2025-04-16T14:59:53.7329733Z   ‚óè Console
2025-04-16T14:59:53.7335802Z 
2025-04-16T14:59:53.7335997Z     console.log
2025-04-16T14:59:53.7336633Z       Connected to in-memory MongoDB at mongodb://127.0.0.1:5454/
2025-04-16T14:59:53.7337094Z 
2025-04-16T14:59:53.7338636Z       at log (tests/setup.js:31:11)
2025-04-16T14:59:53.7340140Z 
2025-04-16T14:59:53.7341367Z     console.log
2025-04-16T14:59:53.7342997Z       Database cleared
2025-04-16T14:59:53.7345888Z 
2025-04-16T14:59:53.7346207Z       at log (tests/setup.js:57:11)
2025-04-16T14:59:53.7346534Z 
2025-04-16T14:59:53.7346680Z     console.log
2025-04-16T14:59:53.7347054Z       Database cleared
2025-04-16T14:59:53.7347282Z 
2025-04-16T14:59:53.7347481Z       at log (tests/setup.js:57:11)
2025-04-16T14:59:53.7347785Z 
2025-04-16T14:59:53.7347919Z     console.log
2025-04-16T14:59:53.7348249Z       Database cleared
2025-04-16T14:59:53.7348464Z 
2025-04-16T14:59:53.7348673Z       at log (tests/setup.js:57:11)
2025-04-16T14:59:53.7348968Z 
2025-04-16T14:59:53.7349103Z     console.log
2025-04-16T14:59:53.7349430Z       Database cleared
2025-04-16T14:59:53.7349662Z 
2025-04-16T14:59:53.7349848Z       at log (tests/setup.js:57:11)
2025-04-16T14:59:53.7350125Z 
2025-04-16T14:59:53.7350269Z     console.log
2025-04-16T14:59:53.7350602Z       Database cleared
2025-04-16T14:59:53.7350834Z 
2025-04-16T14:59:53.7351026Z       at log (tests/setup.js:57:11)
2025-04-16T14:59:53.7351317Z 
2025-04-16T14:59:53.7351444Z     console.log
2025-04-16T14:59:53.7352114Z       Database cleared
2025-04-16T14:59:53.7352345Z 
2025-04-16T14:59:53.7352549Z       at log (tests/setup.js:57:11)
2025-04-16T14:59:53.7352831Z 
2025-04-16T14:59:53.7352955Z     console.log
2025-04-16T14:59:53.7353277Z       Database cleared
2025-04-16T14:59:53.7357166Z 
2025-04-16T14:59:53.7357418Z       at log (tests/setup.js:57:11)
2025-04-16T14:59:53.7357732Z 
2025-04-16T14:59:53.7357880Z     console.log
2025-04-16T14:59:53.7358224Z       Database cleared
2025-04-16T14:59:53.7358444Z 
2025-04-16T14:59:53.7358640Z       at log (tests/setup.js:57:11)
2025-04-16T14:59:53.7358934Z 
2025-04-16T14:59:53.7359062Z     console.log
2025-04-16T14:59:53.7359386Z       Database cleared
2025-04-16T14:59:53.7359598Z 
2025-04-16T14:59:53.7359797Z       at log (tests/setup.js:57:11)
2025-04-16T14:59:53.7360076Z 
2025-04-16T14:59:53.7360211Z     console.log
2025-04-16T14:59:53.7360517Z       Database cleared
2025-04-16T14:59:53.7360739Z 
2025-04-16T14:59:53.7360924Z       at log (tests/setup.js:57:11)
2025-04-16T14:59:53.7361221Z 
2025-04-16T14:59:53.7361348Z     console.log
2025-04-16T14:59:53.7361665Z       Database cleared
2025-04-16T14:59:53.7361880Z 
2025-04-16T14:59:53.7362083Z       at log (tests/setup.js:57:11)
2025-04-16T14:59:53.7362354Z 
2025-04-16T14:59:53.7362475Z     console.log
2025-04-16T14:59:53.7362805Z       Database cleared
2025-04-16T14:59:53.7363036Z 
2025-04-16T14:59:53.7363235Z       at log (tests/setup.js:57:11)
2025-04-16T14:59:53.7363728Z 
2025-04-16T14:59:53.7363888Z     console.log
2025-04-16T14:59:53.7364209Z       Database cleared
2025-04-16T14:59:53.7364437Z 
2025-04-16T14:59:53.7364629Z       at log (tests/setup.js:57:11)
2025-04-16T14:59:53.7364924Z 
2025-04-16T14:59:53.7365049Z     console.log
2025-04-16T14:59:53.7365363Z       Database cleared
2025-04-16T14:59:53.7365569Z 
2025-04-16T14:59:53.7365764Z       at log (tests/setup.js:57:11)
2025-04-16T14:59:53.7366031Z 
2025-04-16T14:59:53.7366159Z     console.log
2025-04-16T14:59:53.7366477Z       Database cleared
2025-04-16T14:59:53.7366713Z 
2025-04-16T14:59:53.7366904Z       at log (tests/setup.js:57:11)
2025-04-16T14:59:53.7367180Z 
2025-04-16T14:59:53.7367317Z     console.log
2025-04-16T14:59:53.7368200Z       Database cleared
2025-04-16T14:59:53.7368388Z 
2025-04-16T14:59:53.7368558Z       at log (tests/setup.js:57:11)
2025-04-16T14:59:53.7368806Z 
2025-04-16T14:59:53.7368926Z     console.log
2025-04-16T14:59:53.7369253Z       Database cleared
2025-04-16T14:59:53.7369443Z 
2025-04-16T14:59:53.7369618Z       at log (tests/setup.js:57:11)
2025-04-16T14:59:53.7369876Z 
2025-04-16T14:59:53.7369997Z     console.log
2025-04-16T14:59:53.7370285Z       Database cleared
2025-04-16T14:59:53.7370497Z 
2025-04-16T14:59:53.7370680Z       at log (tests/setup.js:57:11)
2025-04-16T14:59:53.7370933Z 
2025-04-16T14:59:53.7371043Z     console.log
2025-04-16T14:59:53.7371333Z       Database cleared
2025-04-16T14:59:53.7371518Z 
2025-04-16T14:59:53.7371702Z       at log (tests/setup.js:57:11)
2025-04-16T14:59:53.7371937Z 
2025-04-16T14:59:53.7372070Z     console.log
2025-04-16T14:59:53.7372440Z       Disconnected from in-memory MongoDB
2025-04-16T14:59:53.7372742Z 
2025-04-16T14:59:53.7372926Z       at log (tests/setup.js:42:11)
2025-04-16T14:59:53.7373173Z 
2025-04-16T14:59:56.2835856Z PASS tests/integration/controllers/auth.controller.test.js
2025-04-16T14:59:56.2921557Z   ‚óè Console
2025-04-16T14:59:56.2921882Z 
2025-04-16T14:59:56.2922056Z     console.log
2025-04-16T14:59:56.2922724Z       Connected to in-memory MongoDB at mongodb://127.0.0.1:49285/
2025-04-16T14:59:56.2923206Z 
2025-04-16T14:59:56.2923434Z       at log (tests/setup.js:31:11)
2025-04-16T14:59:56.2923987Z 
2025-04-16T14:59:56.2924139Z     console.log
2025-04-16T14:59:56.2924505Z       Database cleared
2025-04-16T14:59:56.2924737Z 
2025-04-16T14:59:56.2924967Z       at log (tests/setup.js:57:11)
2025-04-16T14:59:56.2925272Z 
2025-04-16T14:59:56.2925425Z     console.log
2025-04-16T14:59:56.2925754Z       Database cleared
2025-04-16T14:59:56.2926000Z 
2025-04-16T14:59:56.2926726Z       at log (tests/setup.js:57:11)
2025-04-16T14:59:56.2927076Z 
2025-04-16T14:59:56.2927218Z     console.log
2025-04-16T14:59:56.2927571Z       Database cleared
2025-04-16T14:59:56.2927809Z 
2025-04-16T14:59:56.2928019Z       at log (tests/setup.js:57:11)
2025-04-16T14:59:56.2928302Z 
2025-04-16T14:59:56.2928432Z     console.log
2025-04-16T14:59:56.2928762Z       Database cleared
2025-04-16T14:59:56.2928994Z 
2025-04-16T14:59:56.2929191Z       at log (tests/setup.js:57:11)
2025-04-16T14:59:56.2929477Z 
2025-04-16T14:59:56.2929621Z     console.log
2025-04-16T14:59:56.2929969Z       Database cleared
2025-04-16T14:59:56.2930189Z 
2025-04-16T14:59:56.2930384Z       at log (tests/setup.js:57:11)
2025-04-16T14:59:56.2930684Z 
2025-04-16T14:59:56.2930809Z     console.log
2025-04-16T14:59:56.2931143Z       Database cleared
2025-04-16T14:59:56.2931353Z 
2025-04-16T14:59:56.2931559Z       at log (tests/setup.js:57:11)
2025-04-16T14:59:56.2931831Z 
2025-04-16T14:59:56.2931983Z     console.log
2025-04-16T14:59:56.2932321Z       Database cleared
2025-04-16T14:59:56.2932561Z 
2025-04-16T14:59:56.2932756Z       at log (tests/setup.js:57:11)
2025-04-16T14:59:56.2933043Z 
2025-04-16T14:59:56.2933195Z     console.log
2025-04-16T14:59:56.2933725Z       Database cleared
2025-04-16T14:59:56.2933950Z 
2025-04-16T14:59:56.2934152Z       at log (tests/setup.js:57:11)
2025-04-16T14:59:56.2934446Z 
2025-04-16T14:59:56.2934575Z     console.log
2025-04-16T14:59:56.2934899Z       Database cleared
2025-04-16T14:59:56.2935117Z 
2025-04-16T14:59:56.2935326Z       at log (tests/setup.js:57:11)
2025-04-16T14:59:56.2935605Z 
2025-04-16T14:59:56.2935754Z     console.log
2025-04-16T14:59:56.2936075Z       Database cleared
2025-04-16T14:59:56.2936302Z 
2025-04-16T14:59:56.2936492Z       at log (tests/setup.js:57:11)
2025-04-16T14:59:56.2936786Z 
2025-04-16T14:59:56.2936912Z     console.log
2025-04-16T14:59:56.2937247Z       Database cleared
2025-04-16T14:59:56.2937454Z 
2025-04-16T14:59:56.2937659Z       at log (tests/setup.js:57:11)
2025-04-16T14:59:56.2937940Z 
2025-04-16T14:59:56.2938068Z     console.log
2025-04-16T14:59:56.2938402Z       Database cleared
2025-04-16T14:59:56.2938633Z 
2025-04-16T14:59:56.2939130Z       at log (tests/setup.js:57:11)
2025-04-16T14:59:56.2939414Z 
2025-04-16T14:59:56.2939561Z     console.log
2025-04-16T14:59:56.2939895Z       Database cleared
2025-04-16T14:59:56.2940178Z 
2025-04-16T14:59:56.2940374Z       at log (tests/setup.js:57:11)
2025-04-16T14:59:56.2940677Z 
2025-04-16T14:59:56.2940809Z     console.log
2025-04-16T14:59:56.2941145Z       Database cleared
2025-04-16T14:59:56.2941349Z 
2025-04-16T14:59:56.2941555Z       at log (tests/setup.js:57:11)
2025-04-16T14:59:56.2941828Z 
2025-04-16T14:59:56.2941965Z     console.log
2025-04-16T14:59:56.2942288Z       Database cleared
2025-04-16T14:59:56.2942516Z 
2025-04-16T14:59:56.2942705Z       at log (tests/setup.js:57:11)
2025-04-16T14:59:56.2942989Z 
2025-04-16T14:59:56.2943129Z     console.log
2025-04-16T14:59:56.2943459Z       Database cleared
2025-04-16T14:59:56.2966337Z 
2025-04-16T14:59:56.2966593Z       at log (tests/setup.js:57:11)
2025-04-16T14:59:56.2966920Z 
2025-04-16T14:59:56.2967060Z     console.log
2025-04-16T14:59:56.2967439Z       Database cleared
2025-04-16T14:59:56.2967663Z 
2025-04-16T14:59:56.2967874Z       at log (tests/setup.js:57:11)
2025-04-16T14:59:56.2968130Z 
2025-04-16T14:59:56.2968285Z     console.log
2025-04-16T14:59:56.2968595Z       Database cleared
2025-04-16T14:59:56.2968815Z 
2025-04-16T14:59:56.2969010Z       at log (tests/setup.js:57:11)
2025-04-16T14:59:56.2969319Z 
2025-04-16T14:59:56.2969451Z     console.log
2025-04-16T14:59:56.2969805Z       Database cleared
2025-04-16T14:59:56.2970029Z 
2025-04-16T14:59:56.2970252Z       at log (tests/setup.js:57:11)
2025-04-16T14:59:56.2970553Z 
2025-04-16T14:59:56.2970692Z     console.log
2025-04-16T14:59:56.2971050Z       Database cleared
2025-04-16T14:59:56.2971288Z 
2025-04-16T14:59:56.2971490Z       at log (tests/setup.js:57:11)
2025-04-16T14:59:56.2971761Z 
2025-04-16T14:59:56.2972177Z     console.log
2025-04-16T14:59:56.2972537Z       Database cleared
2025-04-16T14:59:56.2972774Z 
2025-04-16T14:59:56.2972963Z       at log (tests/setup.js:57:11)
2025-04-16T14:59:56.2973266Z 
2025-04-16T14:59:56.2973395Z     console.log
2025-04-16T14:59:56.2973958Z       Database cleared
2025-04-16T14:59:56.2974188Z 
2025-04-16T14:59:56.2974398Z       at log (tests/setup.js:57:11)
2025-04-16T14:59:56.2974682Z 
2025-04-16T14:59:56.2974816Z     console.log
2025-04-16T14:59:56.2975161Z       Database cleared
2025-04-16T14:59:56.2975393Z 
2025-04-16T14:59:56.2975585Z       at log (tests/setup.js:57:11)
2025-04-16T14:59:56.2975866Z 
2025-04-16T14:59:56.2976009Z     console.log
2025-04-16T14:59:56.2976338Z       Database cleared
2025-04-16T14:59:56.2976547Z 
2025-04-16T14:59:56.2976752Z       at log (tests/setup.js:57:11)
2025-04-16T14:59:56.2977039Z 
2025-04-16T14:59:56.2977172Z     console.log
2025-04-16T14:59:56.2977501Z       Database cleared
2025-04-16T14:59:56.2977714Z 
2025-04-16T14:59:56.2977940Z       at log (tests/setup.js:57:11)
2025-04-16T14:59:56.2978231Z 
2025-04-16T14:59:56.2978377Z     console.log
2025-04-16T14:59:56.2978697Z       Database cleared
2025-04-16T14:59:56.2978931Z 
2025-04-16T14:59:56.2979114Z       at log (tests/setup.js:57:11)
2025-04-16T14:59:56.2979381Z 
2025-04-16T14:59:56.2979510Z     console.log
2025-04-16T14:59:56.2979832Z       Database cleared
2025-04-16T14:59:56.2980048Z 
2025-04-16T14:59:56.2980262Z       at log (tests/setup.js:57:11)
2025-04-16T14:59:56.2980547Z 
2025-04-16T14:59:56.2980682Z     console.log
2025-04-16T14:59:56.2981024Z       Database cleared
2025-04-16T14:59:56.2981255Z 
2025-04-16T14:59:56.2981449Z       at log (tests/setup.js:57:11)
2025-04-16T14:59:56.2981727Z 
2025-04-16T14:59:56.2981888Z     console.log
2025-04-16T14:59:56.2982201Z       Database cleared
2025-04-16T14:59:56.2982416Z 
2025-04-16T14:59:56.2982598Z       at log (tests/setup.js:57:11)
2025-04-16T14:59:56.2982865Z 
2025-04-16T14:59:56.2982991Z     console.log
2025-04-16T14:59:56.2983413Z       Disconnected from in-memory MongoDB
2025-04-16T14:59:56.2983924Z 
2025-04-16T14:59:56.2984146Z       at log (tests/setup.js:42:11)
2025-04-16T14:59:56.2984690Z 
2025-04-16T15:00:00.3427740Z PASS tests/unit/models/user.model.test.js
2025-04-16T15:00:00.3535488Z   ‚óè Console
2025-04-16T15:00:00.3535717Z 
2025-04-16T15:00:00.3535866Z     console.log
2025-04-16T15:00:00.3536467Z       Connected to in-memory MongoDB at mongodb://127.0.0.1:49783/
2025-04-16T15:00:00.3536925Z 
2025-04-16T15:00:00.3537132Z       at log (tests/setup.js:31:11)
2025-04-16T15:00:00.3537432Z 
2025-04-16T15:00:00.3537563Z     console.log
2025-04-16T15:00:00.3537896Z       Database cleared
2025-04-16T15:00:00.3538116Z 
2025-04-16T15:00:00.3538313Z       at log (tests/setup.js:57:11)
2025-04-16T15:00:00.3538595Z 
2025-04-16T15:00:00.3538721Z     console.log
2025-04-16T15:00:00.3539037Z       Database cleared
2025-04-16T15:00:00.3539263Z 
2025-04-16T15:00:00.3539450Z       at log (tests/setup.js:57:11)
2025-04-16T15:00:00.3539731Z 
2025-04-16T15:00:00.3539906Z     console.log
2025-04-16T15:00:00.3540235Z       Database cleared
2025-04-16T15:00:00.3540450Z 
2025-04-16T15:00:00.3540637Z       at log (tests/setup.js:57:11)
2025-04-16T15:00:00.3540936Z 
2025-04-16T15:00:00.3541067Z     console.log
2025-04-16T15:00:00.3541396Z       Database cleared
2025-04-16T15:00:00.3541614Z 
2025-04-16T15:00:00.3541817Z       at log (tests/setup.js:57:11)
2025-04-16T15:00:00.3542094Z 
2025-04-16T15:00:00.3542238Z     console.log
2025-04-16T15:00:00.3542566Z       Database cleared
2025-04-16T15:00:00.3542793Z 
2025-04-16T15:00:00.3542991Z       at log (tests/setup.js:57:11)
2025-04-16T15:00:00.3543289Z 
2025-04-16T15:00:00.3543416Z     console.log
2025-04-16T15:00:00.3543954Z       Database cleared
2025-04-16T15:00:00.3544175Z 
2025-04-16T15:00:00.3544380Z       at log (tests/setup.js:57:11)
2025-04-16T15:00:00.3544659Z 
2025-04-16T15:00:00.3544785Z     console.log
2025-04-16T15:00:00.3545108Z       Database cleared
2025-04-16T15:00:00.3545336Z 
2025-04-16T15:00:00.3545919Z       at log (tests/setup.js:57:11)
2025-04-16T15:00:00.3546242Z 
2025-04-16T15:00:00.3546387Z     console.log
2025-04-16T15:00:00.3546711Z       Database cleared
2025-04-16T15:00:00.3546957Z 
2025-04-16T15:00:00.3547149Z       at log (tests/setup.js:57:11)
2025-04-16T15:00:00.3547455Z 
2025-04-16T15:00:00.3547584Z     console.log
2025-04-16T15:00:00.3547920Z       Database cleared
2025-04-16T15:00:00.3548127Z 
2025-04-16T15:00:00.3548326Z       at log (tests/setup.js:57:11)
2025-04-16T15:00:00.3548611Z 
2025-04-16T15:00:00.3548742Z     console.log
2025-04-16T15:00:00.3549079Z       Database cleared
2025-04-16T15:00:00.3549313Z 
2025-04-16T15:00:00.3549508Z       at log (tests/setup.js:57:11)
2025-04-16T15:00:00.3549797Z 
2025-04-16T15:00:00.3549940Z     console.log
2025-04-16T15:00:00.3550268Z       Database cleared
2025-04-16T15:00:00.3550483Z 
2025-04-16T15:00:00.3550681Z       at log (tests/setup.js:57:11)
2025-04-16T15:00:00.3550981Z 
2025-04-16T15:00:00.3551110Z     console.log
2025-04-16T15:00:00.3551443Z       Database cleared
2025-04-16T15:00:00.3551656Z 
2025-04-16T15:00:00.3551850Z       at log (tests/setup.js:57:11)
2025-04-16T15:00:00.3552140Z 
2025-04-16T15:00:00.3552279Z     console.log
2025-04-16T15:00:00.3552606Z       Database cleared
2025-04-16T15:00:00.3552833Z 
2025-04-16T15:00:00.3553028Z       at log (tests/setup.js:57:11)
2025-04-16T15:00:00.3553320Z 
2025-04-16T15:00:00.3553451Z     console.log
2025-04-16T15:00:00.3584279Z       Database cleared
2025-04-16T15:00:00.3584532Z 
2025-04-16T15:00:00.3584745Z       at log (tests/setup.js:57:11)
2025-04-16T15:00:00.3585041Z 
2025-04-16T15:00:00.3585175Z     console.log
2025-04-16T15:00:00.3585510Z       Database cleared
2025-04-16T15:00:00.3585737Z 
2025-04-16T15:00:00.3585934Z       at log (tests/setup.js:57:11)
2025-04-16T15:00:00.3586220Z 
2025-04-16T15:00:00.3586354Z     console.log
2025-04-16T15:00:00.3586681Z       Database cleared
2025-04-16T15:00:00.3586908Z 
2025-04-16T15:00:00.3587102Z       at log (tests/setup.js:57:11)
2025-04-16T15:00:00.3587416Z 
2025-04-16T15:00:00.3587542Z     console.log
2025-04-16T15:00:00.3587871Z       Database cleared
2025-04-16T15:00:00.3588477Z 
2025-04-16T15:00:00.3588684Z       at log (tests/setup.js:57:11)
2025-04-16T15:00:00.3589007Z 
2025-04-16T15:00:00.3589151Z     console.log
2025-04-16T15:00:00.3589494Z       Database cleared
2025-04-16T15:00:00.3589712Z 
2025-04-16T15:00:00.3589905Z       at log (tests/setup.js:57:11)
2025-04-16T15:00:00.3590196Z 
2025-04-16T15:00:00.3590333Z     console.log
2025-04-16T15:00:00.3590660Z       Database cleared
2025-04-16T15:00:00.3590867Z 
2025-04-16T15:00:00.3591048Z       at log (tests/setup.js:57:11)
2025-04-16T15:00:00.3591322Z 
2025-04-16T15:00:00.3591455Z     console.log
2025-04-16T15:00:00.3591775Z       Database cleared
2025-04-16T15:00:00.3591984Z 
2025-04-16T15:00:00.3592169Z       at log (tests/setup.js:57:11)
2025-04-16T15:00:00.3592427Z 
2025-04-16T15:00:00.3592558Z     console.log
2025-04-16T15:00:00.3592864Z       Database cleared
2025-04-16T15:00:00.3593094Z 
2025-04-16T15:00:00.3593286Z       at log (tests/setup.js:57:11)
2025-04-16T15:00:00.3593775Z 
2025-04-16T15:00:00.3593903Z     console.log
2025-04-16T15:00:00.3594235Z       Database cleared
2025-04-16T15:00:00.3594442Z 
2025-04-16T15:00:00.3594634Z       at log (tests/setup.js:57:11)
2025-04-16T15:00:00.3594905Z 
2025-04-16T15:00:00.3595026Z     console.log
2025-04-16T15:00:00.3595333Z       Database cleared
2025-04-16T15:00:00.3595535Z 
2025-04-16T15:00:00.3595727Z       at log (tests/setup.js:57:11)
2025-04-16T15:00:00.3595988Z 
2025-04-16T15:00:00.3596119Z     console.log
2025-04-16T15:00:00.3596424Z       Database cleared
2025-04-16T15:00:00.3596639Z 
2025-04-16T15:00:00.3596831Z       at log (tests/setup.js:57:11)
2025-04-16T15:00:00.3597109Z 
2025-04-16T15:00:00.3597232Z     console.log
2025-04-16T15:00:00.3597541Z       Database cleared
2025-04-16T15:00:00.3597740Z 
2025-04-16T15:00:00.3597933Z       at log (tests/setup.js:57:11)
2025-04-16T15:00:00.3598172Z 
2025-04-16T15:00:00.3598518Z     console.log
2025-04-16T15:00:00.3598849Z       Database cleared
2025-04-16T15:00:00.3599081Z 
2025-04-16T15:00:00.3599282Z       at log (tests/setup.js:57:11)
2025-04-16T15:00:00.3599583Z 
2025-04-16T15:00:00.3599720Z     console.log
2025-04-16T15:00:00.3600040Z       Database cleared
2025-04-16T15:00:00.3600251Z 
2025-04-16T15:00:00.3600436Z       at log (tests/setup.js:57:11)
2025-04-16T15:00:00.3600726Z 
2025-04-16T15:00:00.3600850Z     console.log
2025-04-16T15:00:00.3601242Z       Disconnected from in-memory MongoDB
2025-04-16T15:00:00.3601550Z 
2025-04-16T15:00:00.3601744Z       at log (tests/setup.js:42:11)
2025-04-16T15:00:00.3602012Z 
2025-04-16T15:00:01.9327257Z PASS tests/unit/models/wallet.model.test.js
2025-04-16T15:00:01.9393249Z   ‚óè Console
2025-04-16T15:00:01.9414166Z 
2025-04-16T15:00:01.9414680Z     console.log
2025-04-16T15:00:01.9415839Z       Connected to in-memory MongoDB at mongodb://127.0.0.1:62709/
2025-04-16T15:00:01.9416529Z 
2025-04-16T15:00:01.9416964Z       at log (tests/setup.js:31:11)
2025-04-16T15:00:01.9417457Z 
2025-04-16T15:00:01.9417927Z     console.log
2025-04-16T15:00:01.9418474Z       Database cleared
2025-04-16T15:00:01.9418934Z 
2025-04-16T15:00:01.9419324Z       at log (tests/setup.js:57:11)
2025-04-16T15:00:01.9419826Z 
2025-04-16T15:00:01.9420142Z     console.log
2025-04-16T15:00:01.9420674Z       Database cleared
2025-04-16T15:00:01.9421097Z 
2025-04-16T15:00:01.9421482Z       at log (tests/setup.js:57:11)
2025-04-16T15:00:01.9421964Z 
2025-04-16T15:00:01.9422393Z     console.log
2025-04-16T15:00:01.9422883Z       Database cleared
2025-04-16T15:00:01.9423247Z 
2025-04-16T15:00:01.9423726Z       at log (tests/setup.js:57:11)
2025-04-16T15:00:01.9424220Z 
2025-04-16T15:00:01.9424509Z     console.log
2025-04-16T15:00:01.9424990Z       Database cleared
2025-04-16T15:00:01.9425421Z 
2025-04-16T15:00:01.9425797Z       at log (tests/setup.js:57:11)
2025-04-16T15:00:01.9426281Z 
2025-04-16T15:00:01.9426610Z     console.log
2025-04-16T15:00:01.9427112Z       Database cleared
2025-04-16T15:00:01.9427522Z 
2025-04-16T15:00:01.9427879Z       at log (tests/setup.js:57:11)
2025-04-16T15:00:01.9428351Z 
2025-04-16T15:00:01.9429139Z     console.log
2025-04-16T15:00:01.9429708Z       Database cleared
2025-04-16T15:00:01.9430164Z 
2025-04-16T15:00:01.9430577Z       at log (tests/setup.js:57:11)
2025-04-16T15:00:01.9431086Z 
2025-04-16T15:00:01.9431414Z     console.log
2025-04-16T15:00:01.9441291Z       Database cleared
2025-04-16T15:00:01.9441724Z 
2025-04-16T15:00:01.9442070Z       at log (tests/setup.js:57:11)
2025-04-16T15:00:01.9442585Z 
2025-04-16T15:00:01.9442892Z     console.log
2025-04-16T15:00:01.9443426Z       Database cleared
2025-04-16T15:00:01.9444134Z 
2025-04-16T15:00:01.9444501Z       at log (tests/setup.js:57:11)
2025-04-16T15:00:01.9444999Z 
2025-04-16T15:00:01.9445308Z     console.log
2025-04-16T15:00:01.9445824Z       Database cleared
2025-04-16T15:00:01.9446229Z 
2025-04-16T15:00:01.9446538Z       at log (tests/setup.js:57:11)
2025-04-16T15:00:01.9447004Z 
2025-04-16T15:00:01.9447415Z     console.log
2025-04-16T15:00:01.9447951Z       Database cleared
2025-04-16T15:00:01.9448200Z 
2025-04-16T15:00:01.9448408Z       at log (tests/setup.js:57:11)
2025-04-16T15:00:01.9448686Z 
2025-04-16T15:00:01.9448819Z     console.log
2025-04-16T15:00:01.9449134Z       Database cleared
2025-04-16T15:00:01.9449341Z 
2025-04-16T15:00:01.9449526Z       at log (tests/setup.js:57:11)
2025-04-16T15:00:01.9449801Z 
2025-04-16T15:00:01.9449921Z     console.log
2025-04-16T15:00:01.9450230Z       Database cleared
2025-04-16T15:00:01.9450435Z 
2025-04-16T15:00:01.9450631Z       at log (tests/setup.js:57:11)
2025-04-16T15:00:01.9450895Z 
2025-04-16T15:00:01.9451027Z     console.log
2025-04-16T15:00:01.9451331Z       Database cleared
2025-04-16T15:00:01.9451541Z 
2025-04-16T15:00:01.9451724Z       at log (tests/setup.js:57:11)
2025-04-16T15:00:01.9451997Z 
2025-04-16T15:00:01.9452122Z     console.log
2025-04-16T15:00:01.9452429Z       Database cleared
2025-04-16T15:00:01.9452632Z 
2025-04-16T15:00:01.9453099Z       at log (tests/setup.js:57:11)
2025-04-16T15:00:01.9453407Z 
2025-04-16T15:00:01.9453701Z     console.log
2025-04-16T15:00:01.9454029Z       Database cleared
2025-04-16T15:00:01.9454232Z 
2025-04-16T15:00:01.9454434Z       at log (tests/setup.js:57:11)
2025-04-16T15:00:01.9454712Z 
2025-04-16T15:00:01.9454851Z     console.log
2025-04-16T15:00:01.9455161Z       Database cleared
2025-04-16T15:00:01.9455380Z 
2025-04-16T15:00:01.9455569Z       at log (tests/setup.js:57:11)
2025-04-16T15:00:01.9455848Z 
2025-04-16T15:00:01.9455972Z     console.log
2025-04-16T15:00:01.9456288Z       Database cleared
2025-04-16T15:00:01.9456496Z 
2025-04-16T15:00:01.9456689Z       at log (tests/setup.js:57:11)
2025-04-16T15:00:01.9456959Z 
2025-04-16T15:00:01.9457086Z     console.log
2025-04-16T15:00:01.9457396Z       Database cleared
2025-04-16T15:00:01.9457609Z 
2025-04-16T15:00:01.9457790Z       at log (tests/setup.js:57:11)
2025-04-16T15:00:01.9458056Z 
2025-04-16T15:00:01.9458186Z     console.log
2025-04-16T15:00:01.9458578Z       Disconnected from in-memory MongoDB
2025-04-16T15:00:01.9458888Z 
2025-04-16T15:00:01.9459073Z       at log (tests/setup.js:42:11)
2025-04-16T15:00:01.9459368Z 
2025-04-16T15:00:09.9695221Z PASS tests/unit/models/chat-room.model.test.js (8.021 s)
2025-04-16T15:00:09.9764029Z   ‚óè Console
2025-04-16T15:00:09.9764285Z 
2025-04-16T15:00:09.9764429Z     console.log
2025-04-16T15:00:09.9765042Z       Connected to in-memory MongoDB at mongodb://127.0.0.1:54693/
2025-04-16T15:00:09.9765508Z 
2025-04-16T15:00:09.9765727Z       at log (tests/setup.js:31:11)
2025-04-16T15:00:09.9766018Z 
2025-04-16T15:00:09.9766160Z     console.log
2025-04-16T15:00:09.9766480Z       Database cleared
2025-04-16T15:00:09.9766704Z 
2025-04-16T15:00:09.9766906Z       at log (tests/setup.js:57:11)
2025-04-16T15:00:09.9767205Z 
2025-04-16T15:00:09.9767339Z     console.log
2025-04-16T15:00:09.9767663Z       Database cleared
2025-04-16T15:00:09.9767880Z 
2025-04-16T15:00:09.9768083Z       at log (tests/setup.js:57:11)
2025-04-16T15:00:09.9768427Z 
2025-04-16T15:00:09.9768558Z     console.log
2025-04-16T15:00:09.9768884Z       Database cleared
2025-04-16T15:00:09.9769684Z 
2025-04-16T15:00:09.9769882Z       at log (tests/setup.js:57:11)
2025-04-16T15:00:09.9770160Z 
2025-04-16T15:00:09.9770291Z     console.log
2025-04-16T15:00:09.9770618Z       Database cleared
2025-04-16T15:00:09.9770851Z 
2025-04-16T15:00:09.9771041Z       at log (tests/setup.js:57:11)
2025-04-16T15:00:09.9771326Z 
2025-04-16T15:00:09.9771462Z     console.log
2025-04-16T15:00:09.9771802Z       Database cleared
2025-04-16T15:00:09.9771996Z 
2025-04-16T15:00:09.9772196Z       at log (tests/setup.js:57:11)
2025-04-16T15:00:09.9772482Z 
2025-04-16T15:00:09.9772616Z     console.log
2025-04-16T15:00:09.9772944Z       Database cleared
2025-04-16T15:00:09.9773171Z 
2025-04-16T15:00:09.9773368Z       at log (tests/setup.js:57:11)
2025-04-16T15:00:09.9773857Z 
2025-04-16T15:00:09.9774007Z     console.log
2025-04-16T15:00:09.9774342Z       Database cleared
2025-04-16T15:00:09.9774581Z 
2025-04-16T15:00:09.9774768Z       at log (tests/setup.js:57:11)
2025-04-16T15:00:09.9775070Z 
2025-04-16T15:00:09.9775189Z     console.log
2025-04-16T15:00:09.9775495Z       Database cleared
2025-04-16T15:00:09.9775703Z 
2025-04-16T15:00:09.9775902Z       at log (tests/setup.js:57:11)
2025-04-16T15:00:09.9776184Z 
2025-04-16T15:00:09.9776324Z     console.log
2025-04-16T15:00:09.9776635Z       Database cleared
2025-04-16T15:00:09.9776863Z 
2025-04-16T15:00:09.9777047Z       at log (tests/setup.js:57:11)
2025-04-16T15:00:09.9777326Z 
2025-04-16T15:00:09.9777451Z     console.log
2025-04-16T15:00:09.9777775Z       Database cleared
2025-04-16T15:00:09.9777994Z 
2025-04-16T15:00:09.9778199Z       at log (tests/setup.js:57:11)
2025-04-16T15:00:09.9778480Z 
2025-04-16T15:00:09.9778601Z     console.log
2025-04-16T15:00:09.9778917Z       Database cleared
2025-04-16T15:00:09.9779147Z 
2025-04-16T15:00:09.9779342Z       at log (tests/setup.js:57:11)
2025-04-16T15:00:09.9779615Z 
2025-04-16T15:00:09.9780026Z     console.log
2025-04-16T15:00:09.9780384Z       Database cleared
2025-04-16T15:00:09.9780605Z 
2025-04-16T15:00:09.9780789Z       at log (tests/setup.js:57:11)
2025-04-16T15:00:09.9781067Z 
2025-04-16T15:00:09.9781187Z     console.log
2025-04-16T15:00:09.9781497Z       Database cleared
2025-04-16T15:00:09.9781698Z 
2025-04-16T15:00:09.9781899Z       at log (tests/setup.js:57:11)
2025-04-16T15:00:09.9782138Z 
2025-04-16T15:00:09.9782241Z     console.log
2025-04-16T15:00:09.9782536Z       Database cleared
2025-04-16T15:00:09.9782742Z 
2025-04-16T15:00:09.9782934Z       at log (tests/setup.js:57:11)
2025-04-16T15:00:09.9783217Z 
2025-04-16T15:00:09.9783372Z     console.log
2025-04-16T15:00:09.9828439Z       Database cleared
2025-04-16T15:00:09.9828726Z 
2025-04-16T15:00:09.9828941Z       at log (tests/setup.js:57:11)
2025-04-16T15:00:09.9829277Z 
2025-04-16T15:00:09.9829418Z     console.log
2025-04-16T15:00:09.9829775Z       Database cleared
2025-04-16T15:00:09.9830015Z 
2025-04-16T15:00:09.9830257Z       at log (tests/setup.js:57:11)
2025-04-16T15:00:09.9830555Z 
2025-04-16T15:00:09.9830701Z     console.log
2025-04-16T15:00:09.9831041Z       Database cleared
2025-04-16T15:00:09.9831300Z 
2025-04-16T15:00:09.9831505Z       at log (tests/setup.js:57:11)
2025-04-16T15:00:09.9831799Z 
2025-04-16T15:00:09.9831936Z     console.log
2025-04-16T15:00:09.9832275Z       Database cleared
2025-04-16T15:00:09.9832493Z 
2025-04-16T15:00:09.9832704Z       at log (tests/setup.js:57:11)
2025-04-16T15:00:09.9832982Z 
2025-04-16T15:00:09.9833124Z     console.log
2025-04-16T15:00:09.9833463Z       Database cleared
2025-04-16T15:00:09.9833910Z 
2025-04-16T15:00:09.9834119Z       at log (tests/setup.js:57:11)
2025-04-16T15:00:09.9834412Z 
2025-04-16T15:00:09.9834564Z     console.log
2025-04-16T15:00:09.9834975Z       Disconnected from in-memory MongoDB
2025-04-16T15:00:09.9835310Z 
2025-04-16T15:00:09.9835509Z       at log (tests/setup.js:42:11)
2025-04-16T15:00:09.9835798Z 
2025-04-16T15:00:14.8563118Z PASS tests/unit/models/chat-message.model.test.js
2025-04-16T15:00:14.8587726Z   ‚óè Console
2025-04-16T15:00:14.8589072Z 
2025-04-16T15:00:14.8589248Z     console.log
2025-04-16T15:00:14.8590280Z       Connected to in-memory MongoDB at mongodb://127.0.0.1:38053/
2025-04-16T15:00:14.8590714Z 
2025-04-16T15:00:14.8590913Z       at log (tests/setup.js:31:11)
2025-04-16T15:00:14.8591201Z 
2025-04-16T15:00:14.8591330Z     console.log
2025-04-16T15:00:14.8591669Z       Database cleared
2025-04-16T15:00:14.8591875Z 
2025-04-16T15:00:14.8592069Z       at log (tests/setup.js:57:11)
2025-04-16T15:00:14.8592352Z 
2025-04-16T15:00:14.8592492Z     console.log
2025-04-16T15:00:14.8592813Z       Database cleared
2025-04-16T15:00:14.8593046Z 
2025-04-16T15:00:14.8593236Z       at log (tests/setup.js:57:11)
2025-04-16T15:00:14.8593803Z 
2025-04-16T15:00:14.8593984Z     console.log
2025-04-16T15:00:14.8594305Z       Database cleared
2025-04-16T15:00:14.8594521Z 
2025-04-16T15:00:14.8594715Z       at log (tests/setup.js:57:11)
2025-04-16T15:00:14.8594985Z 
2025-04-16T15:00:14.8595146Z     console.log
2025-04-16T15:00:14.8595484Z       Database cleared
2025-04-16T15:00:14.8595699Z 
2025-04-16T15:00:14.8595913Z       at log (tests/setup.js:57:11)
2025-04-16T15:00:14.8596179Z 
2025-04-16T15:00:14.8596309Z     console.log
2025-04-16T15:00:14.8596623Z       Database cleared
2025-04-16T15:00:14.8596844Z 
2025-04-16T15:00:14.8597046Z       at log (tests/setup.js:57:11)
2025-04-16T15:00:14.8597319Z 
2025-04-16T15:00:14.8597467Z     console.log
2025-04-16T15:00:14.8597792Z       Database cleared
2025-04-16T15:00:14.8598016Z 
2025-04-16T15:00:14.8598213Z       at log (tests/setup.js:57:11)
2025-04-16T15:00:14.8598505Z 
2025-04-16T15:00:14.8598641Z     console.log
2025-04-16T15:00:14.8598972Z       Database cleared
2025-04-16T15:00:14.8599180Z 
2025-04-16T15:00:14.8599365Z       at log (tests/setup.js:57:11)
2025-04-16T15:00:14.8599629Z 
2025-04-16T15:00:14.8599754Z     console.log
2025-04-16T15:00:14.8600071Z       Database cleared
2025-04-16T15:00:14.8600284Z 
2025-04-16T15:00:14.8600745Z       at log (tests/setup.js:57:11)
2025-04-16T15:00:14.8601013Z 
2025-04-16T15:00:14.8601149Z     console.log
2025-04-16T15:00:14.8601475Z       Database cleared
2025-04-16T15:00:14.8601681Z 
2025-04-16T15:00:14.8601870Z       at log (tests/setup.js:57:11)
2025-04-16T15:00:14.8602148Z 
2025-04-16T15:00:14.8602271Z     console.log
2025-04-16T15:00:14.8602579Z       Database cleared
2025-04-16T15:00:14.8602780Z 
2025-04-16T15:00:14.8602964Z       at log (tests/setup.js:57:11)
2025-04-16T15:00:14.8603220Z 
2025-04-16T15:00:14.8603346Z     console.log
2025-04-16T15:00:14.8603974Z       Database cleared
2025-04-16T15:00:14.8604187Z 
2025-04-16T15:00:14.8604368Z       at log (tests/setup.js:57:11)
2025-04-16T15:00:14.8604635Z 
2025-04-16T15:00:14.8604770Z     console.log
2025-04-16T15:00:14.8605075Z       Database cleared
2025-04-16T15:00:14.8605259Z 
2025-04-16T15:00:14.8605440Z       at log (tests/setup.js:57:11)
2025-04-16T15:00:14.8605691Z 
2025-04-16T15:00:14.8605813Z     console.log
2025-04-16T15:00:14.8606134Z       Database cleared
2025-04-16T15:00:14.8606335Z 
2025-04-16T15:00:14.8606540Z       at log (tests/setup.js:57:11)
2025-04-16T15:00:14.8606826Z 
2025-04-16T15:00:14.8606968Z     console.log
2025-04-16T15:00:14.8607284Z       Database cleared
2025-04-16T15:00:14.8607511Z 
2025-04-16T15:00:14.8607699Z       at log (tests/setup.js:57:11)
2025-04-16T15:00:14.8607994Z 
2025-04-16T15:00:14.8608117Z     console.log
2025-04-16T15:00:14.8608442Z       Database cleared
2025-04-16T15:00:14.8608650Z 
2025-04-16T15:00:14.8608831Z       at log (tests/setup.js:57:11)
2025-04-16T15:00:14.8609106Z 
2025-04-16T15:00:14.8609232Z     console.log
2025-04-16T15:00:14.8609548Z       Database cleared
2025-04-16T15:00:14.8609761Z 
2025-04-16T15:00:14.8609947Z       at log (tests/setup.js:57:11)
2025-04-16T15:00:14.8610210Z 
2025-04-16T15:00:14.8610331Z     console.log
2025-04-16T15:00:14.8610658Z       Database cleared
2025-04-16T15:00:14.8610866Z 
2025-04-16T15:00:14.8611066Z       at log (tests/setup.js:57:11)
2025-04-16T15:00:14.8611356Z 
2025-04-16T15:00:14.8611478Z     console.log
2025-04-16T15:00:14.8611871Z       Disconnected from in-memory MongoDB
2025-04-16T15:00:14.8612435Z 
2025-04-16T15:00:14.8612636Z       at log (tests/setup.js:42:11)
2025-04-16T15:00:14.8612902Z 
2025-04-16T15:00:16.0639213Z PASS tests/unit/models/paymentMethod.model.test.js
2025-04-16T15:00:16.0657368Z   ‚óè Console
2025-04-16T15:00:16.0658564Z 
2025-04-16T15:00:16.0658737Z     console.log
2025-04-16T15:00:16.0659329Z       Connected to in-memory MongoDB at mongodb://127.0.0.1:58575/
2025-04-16T15:00:16.0659760Z 
2025-04-16T15:00:16.0659960Z       at log (tests/setup.js:31:11)
2025-04-16T15:00:16.0660253Z 
2025-04-16T15:00:16.0660388Z     console.log
2025-04-16T15:00:16.0661907Z       Database cleared
2025-04-16T15:00:16.0662143Z 
2025-04-16T15:00:16.0662353Z       at log (tests/setup.js:57:11)
2025-04-16T15:00:16.0662627Z 
2025-04-16T15:00:16.0662763Z     console.log
2025-04-16T15:00:16.0663091Z       Database cleared
2025-04-16T15:00:16.0663345Z 
2025-04-16T15:00:16.0663868Z       at log (tests/setup.js:57:11)
2025-04-16T15:00:16.0664198Z 
2025-04-16T15:00:16.0664335Z     console.log
2025-04-16T15:00:16.0664682Z       Database cleared
2025-04-16T15:00:16.0664893Z 
2025-04-16T15:00:16.0665096Z       at log (tests/setup.js:57:11)
2025-04-16T15:00:16.0665376Z 
2025-04-16T15:00:16.0665510Z     console.log
2025-04-16T15:00:16.0665850Z       Database cleared
2025-04-16T15:00:16.0666079Z 
2025-04-16T15:00:16.0666260Z       at log (tests/setup.js:57:11)
2025-04-16T15:00:16.0666528Z 
2025-04-16T15:00:16.0666666Z     console.log
2025-04-16T15:00:16.0666983Z       Database cleared
2025-04-16T15:00:16.0667210Z 
2025-04-16T15:00:16.0667409Z       at log (tests/setup.js:57:11)
2025-04-16T15:00:16.0667771Z 
2025-04-16T15:00:16.0667907Z     console.log
2025-04-16T15:00:16.0668252Z       Database cleared
2025-04-16T15:00:16.0668477Z 
2025-04-16T15:00:16.0668683Z       at log (tests/setup.js:57:11)
2025-04-16T15:00:16.0668972Z 
2025-04-16T15:00:16.0669466Z     console.log
2025-04-16T15:00:16.0669832Z       Database cleared
2025-04-16T15:00:16.0670061Z 
2025-04-16T15:00:16.0670251Z       at log (tests/setup.js:57:11)
2025-04-16T15:00:16.0670546Z 
2025-04-16T15:00:16.0670674Z     console.log
2025-04-16T15:00:16.0670990Z       Database cleared
2025-04-16T15:00:16.0671197Z 
2025-04-16T15:00:16.0671377Z       at log (tests/setup.js:57:11)
2025-04-16T15:00:16.0671666Z 
2025-04-16T15:00:16.0671787Z     console.log
2025-04-16T15:00:16.0672100Z       Database cleared
2025-04-16T15:00:16.0672303Z 
2025-04-16T15:00:16.0672496Z       at log (tests/setup.js:57:11)
2025-04-16T15:00:16.0672765Z 
2025-04-16T15:00:16.0672893Z     console.log
2025-04-16T15:00:16.0673204Z       Database cleared
2025-04-16T15:00:16.0673420Z 
2025-04-16T15:00:16.0673847Z       at log (tests/setup.js:57:11)
2025-04-16T15:00:16.0674127Z 
2025-04-16T15:00:16.0674250Z     console.log
2025-04-16T15:00:16.0674632Z       Disconnected from in-memory MongoDB
2025-04-16T15:00:16.0674930Z 
2025-04-16T15:00:16.0675144Z       at log (tests/setup.js:42:11)
2025-04-16T15:00:16.0675411Z 
2025-04-16T15:00:16.3984965Z PASS tests/unit/services/auth.service.test.js
2025-04-16T15:00:16.9864188Z PASS tests/unit/middleware/auth.middleware.test.js
2025-04-16T15:00:17.2082582Z PASS services/auth.service.test.js
2025-04-16T15:00:17.6178273Z PASS tests/performance/api.performance.test.js
2025-04-16T15:00:17.6207017Z   ‚óè Console
2025-04-16T15:00:17.6209798Z 
2025-04-16T15:00:17.6211279Z     console.log
2025-04-16T15:00:17.6226480Z       Connected to in-memory MongoDB at mongodb://127.0.0.1:48031/
2025-04-16T15:00:17.6227038Z 
2025-04-16T15:00:17.6227332Z       at log (tests/setup.js:31:11)
2025-04-16T15:00:17.6227664Z 
2025-04-16T15:00:17.6227814Z     console.log
2025-04-16T15:00:17.6228192Z       Database cleared
2025-04-16T15:00:17.6228438Z 
2025-04-16T15:00:17.6228651Z       at log (tests/setup.js:57:11)
2025-04-16T15:00:17.6228934Z 
2025-04-16T15:00:17.6229064Z     console.log
2025-04-16T15:00:17.6229462Z       Database cleared
2025-04-16T15:00:17.6229697Z 
2025-04-16T15:00:17.6229888Z       at log (tests/setup.js:57:11)
2025-04-16T15:00:17.6230164Z 
2025-04-16T15:00:17.6230935Z     console.log
2025-04-16T15:00:17.6231246Z       Database cleared
2025-04-16T15:00:17.6231450Z 
2025-04-16T15:00:17.6231646Z       at log (tests/setup.js:57:11)
2025-04-16T15:00:17.6231947Z 
2025-04-16T15:00:17.6232075Z     console.log
2025-04-16T15:00:17.6232405Z       Database cleared
2025-04-16T15:00:17.6232621Z 
2025-04-16T15:00:17.6232814Z       at log (tests/setup.js:57:11)
2025-04-16T15:00:17.6233090Z 
2025-04-16T15:00:17.6233222Z     console.log
2025-04-16T15:00:17.6233873Z       Disconnected from in-memory MongoDB
2025-04-16T15:00:17.6234198Z 
2025-04-16T15:00:17.6234391Z       at log (tests/setup.js:42:11)
2025-04-16T15:00:17.6234672Z 
2025-04-16T15:00:17.8008159Z PASS tests/unit/middleware/security.test.js
2025-04-16T15:00:17.8009047Z   ‚óè Console
2025-04-16T15:00:17.8009242Z 
2025-04-16T15:00:17.8009386Z     console.log
2025-04-16T15:00:17.8010154Z       2025-04-16 15:00:17 [[32minfo[39m]: CSP configured in report-only mode {
2025-04-16T15:00:17.8010868Z         "service": "date-night-api"
2025-04-16T15:00:17.8011326Z       }
2025-04-16T15:00:17.8011488Z 
2025-04-16T15:00:17.8011945Z       at Console.log (../node_modules/winston/lib/winston/transports/console.js:87:23)
2025-04-16T15:00:17.8012469Z 
2025-04-16T15:00:17.8012610Z     console.log
2025-04-16T15:00:17.8013330Z       2025-04-16 15:00:17 [[32minfo[39m]: CSP configured in enforce mode {
2025-04-16T15:00:17.8014195Z         "service": "date-night-api"
2025-04-16T15:00:17.8014630Z       }
2025-04-16T15:00:17.8014811Z 
2025-04-16T15:00:17.8015280Z       at Console.log (../node_modules/winston/lib/winston/transports/console.js:87:23)
2025-04-16T15:00:17.8015827Z 
2025-04-16T15:00:17.8021605Z 
2025-04-16T15:00:17.8030970Z Test Suites: 13 passed, 13 total
2025-04-16T15:00:17.8037288Z Tests:       1 skipped, 233 passed, 234 total
2025-04-16T15:00:17.8037806Z Snapshots:   0 total
2025-04-16T15:00:17.8038759Z Time:        28.662 s
2025-04-16T15:00:17.8039159Z Ran all test suites.
2025-04-16T15:00:17.9543263Z ##[group]Run npm run test:integration
2025-04-16T15:00:17.9544122Z [36;1mnpm run test:integration[0m
2025-04-16T15:00:17.9610723Z shell: /usr/bin/bash -e {0}
2025-04-16T15:00:17.9610987Z env:
2025-04-16T15:00:17.9611169Z   CI: true
2025-04-16T15:00:17.9611339Z   NODE_ENV: test
2025-04-16T15:00:17.9611621Z   MONGODB_URI: mongodb://localhost:27017/date-night-test
2025-04-16T15:00:17.9611942Z ##[endgroup]
2025-04-16T15:00:18.1215117Z npm error Lifecycle script `test:integration` failed with error:
2025-04-16T15:00:18.1232675Z npm error workspace date-night-server@1.0.0
2025-04-16T15:00:18.1233695Z npm error location /home/runner/work/date-night-app2/date-night-app2/server
2025-04-16T15:00:18.1234533Z npm error Missing script: "test:integration"
2025-04-16T15:00:18.1235003Z npm error
2025-04-16T15:00:18.1235422Z npm error To see a list of scripts, run:
2025-04-16T15:00:18.1235985Z npm error   npm run --workspace=date-night-server@1.0.0
2025-04-16T15:00:18.1304916Z ##[error]Process completed with exit code 1.
2025-04-16T15:00:18.1367326Z ##[group]Run actions/upload-artifact@v4
2025-04-16T15:00:18.1367622Z with:
2025-04-16T15:00:18.1367804Z   name: server-test-results
2025-04-16T15:00:18.1368029Z   path: ./server/coverage
2025-04-16T15:00:18.1368245Z   if-no-files-found: warn
2025-04-16T15:00:18.1368447Z   compression-level: 6
2025-04-16T15:00:18.1368643Z   overwrite: false
2025-04-16T15:00:18.1368838Z   include-hidden-files: false
2025-04-16T15:00:18.1369054Z env:
2025-04-16T15:00:18.1369204Z   CI: true
2025-04-16T15:00:18.1369370Z ##[endgroup]
2025-04-16T15:00:18.3876923Z ##[warning]No files were found with the provided path: ./server/coverage. No artifacts will be uploaded.
2025-04-16T15:00:18.4041645Z Post job cleanup.
2025-04-16T15:00:18.5051712Z [command]/usr/bin/git version
2025-04-16T15:00:18.5097712Z git version 2.49.0
2025-04-16T15:00:18.5147918Z Temporarily overriding HOME='/home/runner/work/_temp/9cc64d9b-ce7c-4f76-99ef-e918bef95a77' before making global git config changes
2025-04-16T15:00:18.5150066Z Adding repository directory to the temporary git global config as a safe directory
2025-04-16T15:00:18.5157187Z [command]/usr/bin/git config --global --add safe.directory /home/runner/work/date-night-app2/date-night-app2
2025-04-16T15:00:18.5211051Z [command]/usr/bin/git config --local --name-only --get-regexp core\.sshCommand
2025-04-16T15:00:18.5254621Z [command]/usr/bin/git submodule foreach --recursive sh -c "git config --local --name-only --get-regexp 'core\.sshCommand' && git config --local --unset-all 'core.sshCommand' || :"
2025-04-16T15:00:18.5516816Z [command]/usr/bin/git config --local --name-only --get-regexp http\.https\:\/\/github\.com\/\.extraheader
2025-04-16T15:00:18.5544159Z http.https://github.com/.extraheader
2025-04-16T15:00:18.5565158Z [command]/usr/bin/git config --local --unset-all http.https://github.com/.extraheader
2025-04-16T15:00:18.5608658Z [command]/usr/bin/git submodule foreach --recursive sh -c "git config --local --name-only --get-regexp 'http\.https\:\/\/github\.com\/\.extraheader' && git config --local --unset-all 'http.https://github.com/.extraheader' || :"
2025-04-16T15:00:18.6004779Z Print service container logs: 332bb2ae573545bcaddedf548eb6663f_mongo6_1e5ceb
2025-04-16T15:00:18.6009478Z ##[command]/usr/bin/docker logs --details 0ccea14e4bb1a30c7ad56a30ad9262fa4011dd958ecc061ab3f013dd0a5f8c87
2025-04-16T15:00:18.6458561Z  {"t":{"$date":"2025-04-16T14:59:23.507+00:00"},"s":"I",  "c":"NETWORK",  "id":4915701, "ctx":"-","msg":"Initialized wire specification","attr":{"spec":{"incomingExternalClient":{"minWireVersion":0,"maxWireVersion":17},"incomingInternalClient":{"minWireVersion":0,"maxWireVersion":17},"outgoing":{"minWireVersion":6,"maxWireVersion":17},"isInternalClient":true}}}
2025-04-16T15:00:18.6462401Z  {"t":{"$date":"2025-04-16T14:59:23.511+00:00"},"s":"I",  "c":"CONTROL",  "id":23285,   "ctx":"main","msg":"Automatically disabling TLS 1.0, to force-enable TLS 1.0 specify --sslDisabledProtocols 'none'"}
2025-04-16T15:00:18.6465986Z  {"t":{"$date":"2025-04-16T14:59:23.511+00:00"},"s":"I",  "c":"NETWORK",  "id":4648601, "ctx":"main","msg":"Implicit TCP FastOpen unavailable. If TCP FastOpen is required, set tcpFastOpenServer, tcpFastOpenClient, and tcpFastOpenQueueSize."}
2025-04-16T15:00:18.6469222Z  {"t":{"$date":"2025-04-16T14:59:23.513+00:00"},"s":"I",  "c":"REPL",     "id":5123008, "ctx":"main","msg":"Successfully registered PrimaryOnlyService","attr":{"service":"TenantMigrationDonorService","namespace":"config.tenantMigrationDonors"}}
2025-04-16T15:00:18.6471600Z  {"t":{"$date":"2025-04-16T14:59:23.513+00:00"},"s":"I",  "c":"REPL",     "id":5123008, "ctx":"main","msg":"Successfully registered PrimaryOnlyService","attr":{"service":"TenantMigrationRecipientService","namespace":"config.tenantMigrationRecipients"}}
2025-04-16T15:00:18.6474115Z  {"t":{"$date":"2025-04-16T14:59:23.513+00:00"},"s":"I",  "c":"REPL",     "id":5123008, "ctx":"main","msg":"Successfully registered PrimaryOnlyService","attr":{"service":"ShardSplitDonorService","namespace":"config.tenantSplitDonors"}}
2025-04-16T15:00:18.6475717Z  {"t":{"$date":"2025-04-16T14:59:23.513+00:00"},"s":"I",  "c":"CONTROL",  "id":5945603, "ctx":"main","msg":"Multi threading initialized"}
2025-04-16T15:00:18.6477935Z  {"t":{"$date":"2025-04-16T14:59:23.513+00:00"},"s":"I",  "c":"CONTROL",  "id":4615611, "ctx":"initandlisten","msg":"MongoDB starting","attr":{"pid":1,"port":27017,"dbPath":"/data/db","architecture":"64-bit","host":"0ccea14e4bb1"}}
2025-04-16T15:00:18.6480695Z  {"t":{"$date":"2025-04-16T14:59:23.513+00:00"},"s":"I",  "c":"CONTROL",  "id":23403,   "ctx":"initandlisten","msg":"Build Info","attr":{"buildInfo":{"version":"6.0.22","gitVersion":"ee527360b84c6798535ee0895de3c7186b3522f9","openSSLVersion":"OpenSSL 3.0.2 15 Mar 2022","modules":[],"allocator":"tcmalloc","environment":{"distmod":"ubuntu2204","distarch":"x86_64","target_arch":"x86_64"}}}}
2025-04-16T15:00:18.6482367Z  {"t":{"$date":"2025-04-16T14:59:23.513+00:00"},"s":"I",  "c":"CONTROL",  "id":51765,   "ctx":"initandlisten","msg":"Operating System","attr":{"os":{"name":"Ubuntu","version":"22.04"}}}
2025-04-16T15:00:18.6483929Z  {"t":{"$date":"2025-04-16T14:59:23.513+00:00"},"s":"I",  "c":"CONTROL",  "id":21951,   "ctx":"initandlisten","msg":"Options set by command line","attr":{"options":{"net":{"bindIp":"*"}}}}
2025-04-16T15:00:18.6485393Z  {"t":{"$date":"2025-04-16T14:59:23.515+00:00"},"s":"I",  "c":"STORAGE",  "id":22297,   "ctx":"initandlisten","msg":"Using the XFS filesystem is strongly recommended with the WiredTiger storage engine. See http://dochub.mongodb.org/core/prodnotes-filesystem","tags":["startupWarnings"]}
2025-04-16T15:00:18.6488503Z  {"t":{"$date":"2025-04-16T14:59:23.515+00:00"},"s":"I",  "c":"STORAGE",  "id":22315,   "ctx":"initandlisten","msg":"Opening WiredTiger","attr":{"config":"create,cache_size=3457M,session_max=33000,eviction=(threads_min=4,threads_max=4),config_base=false,statistics=(fast),log=(enabled=true,remove=true,path=journal,compressor=snappy),builtin_extension_config=(zstd=(compression_level=6)),file_manager=(close_idle_time=600,close_scan_interval=10,close_handle_minimum=2000),statistics_log=(wait=0),json_output=(error,message),verbose=[recovery_progress:1,checkpoint_progress:1,compact_progress:1,backup:0,checkpoint:0,compact:0,evict:0,history_store:0,recovery:0,rts:0,salvage:0,tiered:0,timestamp:0,transaction:0,verify:0,log:0],"}}
2025-04-16T15:00:18.6491891Z  {"t":{"$date":"2025-04-16T14:59:23.731+00:00"},"s":"I",  "c":"WTRECOV",  "id":22430,   "ctx":"initandlisten","msg":"WiredTiger message","attr":{"message":{"ts_sec":1744815563,"ts_usec":731163,"thread":"1:0x7f728acd5cc0","session_name":"txn-recover","category":"WT_VERB_RECOVERY_PROGRESS","category_id":30,"verbose_level":"DEBUG","verbose_level_id":1,"msg":"recovery log replay has successfully finished and ran for 0 milliseconds"}}}
2025-04-16T15:00:18.6494316Z  {"t":{"$date":"2025-04-16T14:59:23.731+00:00"},"s":"I",  "c":"WTRECOV",  "id":22430,   "ctx":"initandlisten","msg":"WiredTiger message","attr":{"message":{"ts_sec":1744815563,"ts_usec":731472,"thread":"1:0x7f728acd5cc0","session_name":"txn-recover","category":"WT_VERB_RECOVERY_PROGRESS","category_id":30,"verbose_level":"DEBUG","verbose_level_id":1,"msg":"Set global recovery timestamp: (0, 0)"}}}
2025-04-16T15:00:18.6497668Z  {"t":{"$date":"2025-04-16T14:59:23.731+00:00"},"s":"I",  "c":"WTRECOV",  "id":22430,   "ctx":"initandlisten","msg":"WiredTiger message","attr":{"message":{"ts_sec":1744815563,"ts_usec":731546,"thread":"1:0x7f728acd5cc0","session_name":"txn-recover","category":"WT_VERB_RECOVERY_PROGRESS","category_id":30,"verbose_level":"DEBUG","verbose_level_id":1,"msg":"Set global oldest timestamp: (0, 0)"}}}
2025-04-16T15:00:18.6501454Z  {"t":{"$date":"2025-04-16T14:59:23.731+00:00"},"s":"I",  "c":"WTRECOV",  "id":22430,   "ctx":"initandlisten","msg":"WiredTiger message","attr":{"message":{"ts_sec":1744815563,"ts_usec":731659,"thread":"1:0x7f728acd5cc0","session_name":"txn-recover","category":"WT_VERB_RECOVERY_PROGRESS","category_id":30,"verbose_level":"DEBUG","verbose_level_id":1,"msg":"recovery was completed successfully and took 0ms, including 0ms for the log replay, 0ms for the rollback to stable, and 0ms for the checkpoint."}}}
2025-04-16T15:00:18.6504517Z  {"t":{"$date":"2025-04-16T14:59:23.736+00:00"},"s":"I",  "c":"STORAGE",  "id":4795906, "ctx":"initandlisten","msg":"WiredTiger opened","attr":{"durationMillis":221}}
2025-04-16T15:00:18.6506013Z  {"t":{"$date":"2025-04-16T14:59:23.736+00:00"},"s":"I",  "c":"RECOVERY", "id":23987,   "ctx":"initandlisten","msg":"WiredTiger recoveryTimestamp","attr":{"recoveryTimestamp":{"$timestamp":{"t":0,"i":0}}}}
2025-04-16T15:00:18.6507679Z  {"t":{"$date":"2025-04-16T14:59:23.745+00:00"},"s":"W",  "c":"CONTROL",  "id":22120,   "ctx":"initandlisten","msg":"Access control is not enabled for the database. Read and write access to data and configuration is unrestricted","tags":["startupWarnings"]}
2025-04-16T15:00:18.6509126Z  {"t":{"$date":"2025-04-16T14:59:23.745+00:00"},"s":"W",  "c":"CONTROL",  "id":22178,   "ctx":"initandlisten","msg":"/sys/kernel/mm/transparent_hugepage/enabled is 'always'. We suggest setting it to 'never' in this binary version","tags":["startupWarnings"]}
2025-04-16T15:00:18.6510653Z  {"t":{"$date":"2025-04-16T14:59:23.745+00:00"},"s":"W",  "c":"CONTROL",  "id":5123300, "ctx":"initandlisten","msg":"vm.max_map_count is too low","attr":{"currentValue":262144,"recommendedMinimum":1677720,"maxConns":838860},"tags":["startupWarnings"]}
2025-04-16T15:00:18.6512140Z  {"t":{"$date":"2025-04-16T14:59:23.745+00:00"},"s":"I",  "c":"STORAGE",  "id":20320,   "ctx":"initandlisten","msg":"createCollection","attr":{"namespace":"admin.system.version","uuidDisposition":"provided","uuid":{"uuid":{"$uuid":"5884d15e-aec1-423b-a238-d1a56080af30"}},"options":{"uuid":{"$uuid":"5884d15e-aec1-423b-a238-d1a56080af30"}}}}
2025-04-16T15:00:18.6515069Z  {"t":{"$date":"2025-04-16T14:59:23.754+00:00"},"s":"I",  "c":"INDEX",    "id":20345,   "ctx":"initandlisten","msg":"Index build: done building","attr":{"buildUUID":null,"collectionUUID":{"uuid":{"$uuid":"5884d15e-aec1-423b-a238-d1a56080af30"}},"namespace":"admin.system.version","index":"_id_","ident":"index-1-3826784265461213353","collectionIdent":"collection-0-3826784265461213353","commitTimestamp":null}}
2025-04-16T15:00:18.6516632Z  {"t":{"$date":"2025-04-16T14:59:23.754+00:00"},"s":"I",  "c":"REPL",     "id":20459,   "ctx":"initandlisten","msg":"Setting featureCompatibilityVersion","attr":{"newVersion":"6.0"}}
2025-04-16T15:00:18.6517740Z  {"t":{"$date":"2025-04-16T14:59:23.754+00:00"},"s":"I",  "c":"REPL",     "id":5853300, "ctx":"initandlisten","msg":"current featureCompatibilityVersion value","attr":{"featureCompatibilityVersion":"6.0","context":"setFCV"}}
2025-04-16T15:00:18.6520199Z  {"t":{"$date":"2025-04-16T14:59:23.754+00:00"},"s":"I",  "c":"NETWORK",  "id":4915702, "ctx":"initandlisten","msg":"Updated wire specification","attr":{"oldSpec":{"incomingExternalClient":{"minWireVersion":0,"maxWireVersion":17},"incomingInternalClient":{"minWireVersion":0,"maxWireVersion":17},"outgoing":{"minWireVersion":6,"maxWireVersion":17},"isInternalClient":true},"newSpec":{"incomingExternalClient":{"minWireVersion":0,"maxWireVersion":17},"incomingInternalClient":{"minWireVersion":17,"maxWireVersion":17},"outgoing":{"minWireVersion":17,"maxWireVersion":17},"isInternalClient":true}}}
2025-04-16T15:00:18.6523481Z  {"t":{"$date":"2025-04-16T14:59:23.754+00:00"},"s":"I",  "c":"NETWORK",  "id":4915702, "ctx":"initandlisten","msg":"Updated wire specification","attr":{"oldSpec":{"incomingExternalClient":{"minWireVersion":0,"maxWireVersion":17},"incomingInternalClient":{"minWireVersion":17,"maxWireVersion":17},"outgoing":{"minWireVersion":17,"maxWireVersion":17},"isInternalClient":true},"newSpec":{"incomingExternalClient":{"minWireVersion":0,"maxWireVersion":17},"incomingInternalClient":{"minWireVersion":17,"maxWireVersion":17},"outgoing":{"minWireVersion":17,"maxWireVersion":17},"isInternalClient":true}}}
2025-04-16T15:00:18.6526417Z  {"t":{"$date":"2025-04-16T14:59:23.754+00:00"},"s":"I",  "c":"REPL",     "id":5853300, "ctx":"initandlisten","msg":"current featureCompatibilityVersion value","attr":{"featureCompatibilityVersion":"6.0","context":"startup"}}
2025-04-16T15:00:18.6527376Z  {"t":{"$date":"2025-04-16T14:59:23.754+00:00"},"s":"I",  "c":"STORAGE",  "id":5071100, "ctx":"initandlisten","msg":"Clearing temp directory"}
2025-04-16T15:00:18.6528128Z  {"t":{"$date":"2025-04-16T14:59:23.754+00:00"},"s":"I",  "c":"CONTROL",  "id":20536,   "ctx":"initandlisten","msg":"Flow Control is enabled on this deployment"}
2025-04-16T15:00:18.6529125Z  {"t":{"$date":"2025-04-16T14:59:23.755+00:00"},"s":"I",  "c":"FTDC",     "id":20625,   "ctx":"initandlisten","msg":"Initializing full-time diagnostic data capture","attr":{"dataDirectory":"/data/db/diagnostic.data"}}
2025-04-16T15:00:18.6530482Z  {"t":{"$date":"2025-04-16T14:59:23.757+00:00"},"s":"I",  "c":"STORAGE",  "id":20320,   "ctx":"initandlisten","msg":"createCollection","attr":{"namespace":"local.startup_log","uuidDisposition":"generated","uuid":{"uuid":{"$uuid":"d98dc3e9-9888-434b-ad47-59be168e4ca2"}},"options":{"capped":true,"size":10485760}}}
2025-04-16T15:00:18.6532650Z  {"t":{"$date":"2025-04-16T14:59:23.763+00:00"},"s":"I",  "c":"INDEX",    "id":20345,   "ctx":"initandlisten","msg":"Index build: done building","attr":{"buildUUID":null,"collectionUUID":{"uuid":{"$uuid":"d98dc3e9-9888-434b-ad47-59be168e4ca2"}},"namespace":"local.startup_log","index":"_id_","ident":"index-3-3826784265461213353","collectionIdent":"collection-2-3826784265461213353","commitTimestamp":null}}
2025-04-16T15:00:18.6534541Z  {"t":{"$date":"2025-04-16T14:59:23.763+00:00"},"s":"I",  "c":"REPL",     "id":6015317, "ctx":"initandlisten","msg":"Setting new configuration state","attr":{"newState":"ConfigReplicationDisabled","oldState":"ConfigPreStart"}}
2025-04-16T15:00:18.6535489Z  {"t":{"$date":"2025-04-16T14:59:23.763+00:00"},"s":"I",  "c":"STORAGE",  "id":22262,   "ctx":"initandlisten","msg":"Timestamp monitor starting"}
2025-04-16T15:00:18.6536854Z  {"t":{"$date":"2025-04-16T14:59:23.765+00:00"},"s":"I",  "c":"STORAGE",  "id":20320,   "ctx":"LogicalSessionCacheRefresh","msg":"createCollection","attr":{"namespace":"config.system.sessions","uuidDisposition":"generated","uuid":{"uuid":{"$uuid":"d2a45cb9-9532-4370-aaac-410251701970"}},"options":{}}}
2025-04-16T15:00:18.6538445Z  {"t":{"$date":"2025-04-16T14:59:23.767+00:00"},"s":"I",  "c":"CONTROL",  "id":20712,   "ctx":"LogicalSessionCacheReap","msg":"Sessions collection is not set up; waiting until next sessions reap interval","attr":{"error":"NamespaceNotFound: config.system.sessions does not exist"}}
2025-04-16T15:00:18.6539568Z  {"t":{"$date":"2025-04-16T14:59:23.768+00:00"},"s":"I",  "c":"NETWORK",  "id":23015,   "ctx":"listener","msg":"Listening on","attr":{"address":"/tmp/mongodb-27017.sock"}}
2025-04-16T15:00:18.6540396Z  {"t":{"$date":"2025-04-16T14:59:23.768+00:00"},"s":"I",  "c":"NETWORK",  "id":23015,   "ctx":"listener","msg":"Listening on","attr":{"address":"0.0.0.0"}}
2025-04-16T15:00:18.6541186Z  {"t":{"$date":"2025-04-16T14:59:23.768+00:00"},"s":"I",  "c":"NETWORK",  "id":23016,   "ctx":"listener","msg":"Waiting for connections","attr":{"port":27017,"ssl":"off"}}
2025-04-16T15:00:18.6545471Z  {"t":{"$date":"2025-04-16T14:59:23.771+00:00"},"s":"I",  "c":"CONTROL",  "id":8423403, "ctx":"initandlisten","msg":"mongod startup complete","attr":{"Summary of time elapsed":{"Startup from clean shutdown?":true,"Statistics":{"Transport layer setup":"0 ms","Run initial syncer crash recovery":"0 ms","Create storage engine lock file in the data directory":"0 ms","Create storage engine lock file in the data directory":"0 ms","Get metadata describing storage engine":"0 ms","Get metadata describing storage engine":"0 ms","Create storage engine":"0 ms","Create storage engine":"229 ms","Write current PID to file":"0 ms","Write current PID to file":"0 ms","Write a new metadata for storage engine":"0 ms","Write a new metadata for storage engine":"0 ms","Initialize FCV before rebuilding indexes":"0 ms","Initialize FCV before rebuilding indexes":"0 ms","Drop abandoned idents and get back indexes that need to be rebuilt or builds that need to be restarted":"0 ms","Drop abandoned idents and get back indexes that need to be rebuilt or builds that need to be restarted":"0 ms","Rebuild indexes for collections":"0 ms","Rebuild indexes for collections":"0 ms","Build user and roles graph":"0 ms","Set up the background thread pool responsible for waiting for opTimes to be majority committed":"0 ms","Start up the replication coordinator":"0 ms","Start transport layer":"1 ms","_initAndListen total elapsed time":"255 ms"}}}}
2025-04-16T15:00:18.6550671Z  {"t":{"$date":"2025-04-16T14:59:23.784+00:00"},"s":"I",  "c":"INDEX",    "id":20345,   "ctx":"LogicalSessionCacheRefresh","msg":"Index build: done building","attr":{"buildUUID":null,"collectionUUID":{"uuid":{"$uuid":"d2a45cb9-9532-4370-aaac-410251701970"}},"namespace":"config.system.sessions","index":"_id_","ident":"index-5-3826784265461213353","collectionIdent":"collection-4-3826784265461213353","commitTimestamp":null}}
2025-04-16T15:00:18.6552979Z  {"t":{"$date":"2025-04-16T14:59:23.784+00:00"},"s":"I",  "c":"INDEX",    "id":20345,   "ctx":"LogicalSessionCacheRefresh","msg":"Index build: done building","attr":{"buildUUID":null,"collectionUUID":{"uuid":{"$uuid":"d2a45cb9-9532-4370-aaac-410251701970"}},"namespace":"config.system.sessions","index":"lsidTTLIndex","ident":"index-6-3826784265461213353","collectionIdent":"collection-4-3826784265461213353","commitTimestamp":null}}
2025-04-16T15:00:18.6561608Z Stop and remove container: 332bb2ae573545bcaddedf548eb6663f_mongo6_1e5ceb
2025-04-16T15:00:18.6567743Z ##[command]/usr/bin/docker rm --force 0ccea14e4bb1a30c7ad56a30ad9262fa4011dd958ecc061ab3f013dd0a5f8c87
2025-04-16T15:00:19.2822079Z 0ccea14e4bb1a30c7ad56a30ad9262fa4011dd958ecc061ab3f013dd0a5f8c87
2025-04-16T15:00:19.2854427Z Remove container network: github_network_f46008bb22264ba397deb3ee10e481fd
2025-04-16T15:00:19.2859812Z ##[command]/usr/bin/docker network rm github_network_f46008bb22264ba397deb3ee10e481fd
2025-04-16T15:00:19.3837037Z github_network_f46008bb22264ba397deb3ee10e481fd
2025-04-16T15:00:19.3898580Z Cleaning up orphan processes
