2025-04-16T13:26:27.5171372Z Current runner version: '2.323.0'
2025-04-16T13:26:27.5195201Z ##[group]Operating System
2025-04-16T13:26:27.5196022Z Ubuntu
2025-04-16T13:26:27.5196558Z 24.04.2
2025-04-16T13:26:27.5197044Z LTS
2025-04-16T13:26:27.5197647Z ##[endgroup]
2025-04-16T13:26:27.5198216Z ##[group]Runner Image
2025-04-16T13:26:27.5198810Z Image: ubuntu-24.04
2025-04-16T13:26:27.5199460Z Version: 20250413.1.0
2025-04-16T13:26:27.5200635Z Included Software: https://github.com/actions/runner-images/blob/ubuntu24/20250413.1/images/ubuntu/Ubuntu2404-Readme.md
2025-04-16T13:26:27.5202314Z Image Release: https://github.com/actions/runner-images/releases/tag/ubuntu24%2F20250413.1
2025-04-16T13:26:27.5203412Z ##[endgroup]
2025-04-16T13:26:27.5203978Z ##[group]Runner Image Provisioner
2025-04-16T13:26:27.5204815Z 2.0.422.1
2025-04-16T13:26:27.5205361Z ##[endgroup]
2025-04-16T13:26:27.5208313Z ##[group]GITHUB_TOKEN Permissions
2025-04-16T13:26:27.5210362Z Actions: write
2025-04-16T13:26:27.5211136Z Attestations: write
2025-04-16T13:26:27.5211853Z Checks: write
2025-04-16T13:26:27.5212380Z Contents: write
2025-04-16T13:26:27.5212937Z Deployments: write
2025-04-16T13:26:27.5213492Z Discussions: write
2025-04-16T13:26:27.5214079Z Issues: write
2025-04-16T13:26:27.5214752Z Metadata: read
2025-04-16T13:26:27.5215332Z Models: read
2025-04-16T13:26:27.5215898Z Packages: write
2025-04-16T13:26:27.5216411Z Pages: write
2025-04-16T13:26:27.5216988Z PullRequests: write
2025-04-16T13:26:27.5217574Z RepositoryProjects: write
2025-04-16T13:26:27.5218200Z SecurityEvents: write
2025-04-16T13:26:27.5218732Z Statuses: write
2025-04-16T13:26:27.5219355Z ##[endgroup]
2025-04-16T13:26:27.5221336Z Secret source: Actions
2025-04-16T13:26:27.5222139Z Prepare workflow directory
2025-04-16T13:26:27.5547239Z Prepare all required actions
2025-04-16T13:26:27.5612451Z Getting action download info
2025-04-16T13:26:28.2226702Z ##[group]Download immutable action package 'actions/checkout@v4'
2025-04-16T13:26:28.2227738Z Version: 4.2.2
2025-04-16T13:26:28.2228692Z Digest: sha256:ccb2698953eaebd21c7bf6268a94f9c26518a7e38e27e0b83c1fe1ad049819b1
2025-04-16T13:26:28.2230045Z Source commit SHA: 11bd71901bbe5b1630ceea73d27597364c9af683
2025-04-16T13:26:28.2230787Z ##[endgroup]
2025-04-16T13:26:28.3117907Z ##[group]Download immutable action package 'actions/setup-node@v4'
2025-04-16T13:26:28.3118734Z Version: 4.4.0
2025-04-16T13:26:28.3119529Z Digest: sha256:9427cefe82346e992fb5b949e3569b39d537ae41aa3086483b14eceebfc16bc1
2025-04-16T13:26:28.3120613Z Source commit SHA: 49933ea5288caeca8642d1e84afbd3f7d6820020
2025-04-16T13:26:28.3121381Z ##[endgroup]
2025-04-16T13:26:28.7151553Z Complete job name: lint (22.x)
2025-04-16T13:26:28.7737611Z ##[group]Run actions/checkout@v4
2025-04-16T13:26:28.7738417Z with:
2025-04-16T13:26:28.7738815Z   repository: mrkurger/date-night-app2
2025-04-16T13:26:28.7739494Z   token: ***
2025-04-16T13:26:28.7739859Z   ssh-strict: true
2025-04-16T13:26:28.7740237Z   ssh-user: git
2025-04-16T13:26:28.7740617Z   persist-credentials: true
2025-04-16T13:26:28.7741052Z   clean: true
2025-04-16T13:26:28.7741458Z   sparse-checkout-cone-mode: true
2025-04-16T13:26:28.7741913Z   fetch-depth: 1
2025-04-16T13:26:28.7742278Z   fetch-tags: false
2025-04-16T13:26:28.7742657Z   show-progress: true
2025-04-16T13:26:28.7743031Z   lfs: false
2025-04-16T13:26:28.7743385Z   submodules: false
2025-04-16T13:26:28.7743777Z   set-safe-directory: true
2025-04-16T13:26:28.7744595Z ##[endgroup]
2025-04-16T13:26:28.9587235Z Syncing repository: mrkurger/date-night-app2
2025-04-16T13:26:28.9590076Z ##[group]Getting Git version info
2025-04-16T13:26:28.9591542Z Working directory is '/home/runner/work/date-night-app2/date-night-app2'
2025-04-16T13:26:28.9595033Z [command]/usr/bin/git version
2025-04-16T13:26:28.9639361Z git version 2.49.0
2025-04-16T13:26:28.9673583Z ##[endgroup]
2025-04-16T13:26:28.9686845Z Temporarily overriding HOME='/home/runner/work/_temp/087ae6a4-7ae7-4666-b49c-8000acea59d6' before making global git config changes
2025-04-16T13:26:28.9702263Z Adding repository directory to the temporary git global config as a safe directory
2025-04-16T13:26:28.9705517Z [command]/usr/bin/git config --global --add safe.directory /home/runner/work/date-night-app2/date-night-app2
2025-04-16T13:26:28.9746094Z Deleting the contents of '/home/runner/work/date-night-app2/date-night-app2'
2025-04-16T13:26:28.9751947Z ##[group]Initializing the repository
2025-04-16T13:26:28.9756561Z [command]/usr/bin/git init /home/runner/work/date-night-app2/date-night-app2
2025-04-16T13:26:28.9822638Z hint: Using 'master' as the name for the initial branch. This default branch name
2025-04-16T13:26:28.9825074Z hint: is subject to change. To configure the initial branch name to use in all
2025-04-16T13:26:28.9826908Z hint: of your new repositories, which will suppress this warning, call:
2025-04-16T13:26:28.9828151Z hint:
2025-04-16T13:26:28.9829000Z hint: 	git config --global init.defaultBranch <name>
2025-04-16T13:26:28.9829975Z hint:
2025-04-16T13:26:28.9831059Z hint: Names commonly chosen instead of 'master' are 'main', 'trunk' and
2025-04-16T13:26:28.9832827Z hint: 'development'. The just-created branch can be renamed via this command:
2025-04-16T13:26:28.9834173Z hint:
2025-04-16T13:26:28.9835071Z hint: 	git branch -m <name>
2025-04-16T13:26:28.9838342Z Initialized empty Git repository in /home/runner/work/date-night-app2/date-night-app2/.git/
2025-04-16T13:26:28.9850537Z [command]/usr/bin/git remote add origin https://github.com/mrkurger/date-night-app2
2025-04-16T13:26:28.9888122Z ##[endgroup]
2025-04-16T13:26:28.9889721Z ##[group]Disabling automatic garbage collection
2025-04-16T13:26:28.9894040Z [command]/usr/bin/git config --local gc.auto 0
2025-04-16T13:26:28.9926523Z ##[endgroup]
2025-04-16T13:26:28.9927798Z ##[group]Setting up auth
2025-04-16T13:26:28.9933400Z [command]/usr/bin/git config --local --name-only --get-regexp core\.sshCommand
2025-04-16T13:26:28.9970013Z [command]/usr/bin/git submodule foreach --recursive sh -c "git config --local --name-only --get-regexp 'core\.sshCommand' && git config --local --unset-all 'core.sshCommand' || :"
2025-04-16T13:26:29.0274139Z [command]/usr/bin/git config --local --name-only --get-regexp http\.https\:\/\/github\.com\/\.extraheader
2025-04-16T13:26:29.0314862Z [command]/usr/bin/git submodule foreach --recursive sh -c "git config --local --name-only --get-regexp 'http\.https\:\/\/github\.com\/\.extraheader' && git config --local --unset-all 'http.https://github.com/.extraheader' || :"
2025-04-16T13:26:29.0571553Z [command]/usr/bin/git config --local http.https://github.com/.extraheader AUTHORIZATION: basic ***
2025-04-16T13:26:29.0619813Z ##[endgroup]
2025-04-16T13:26:29.0622473Z ##[group]Fetching the repository
2025-04-16T13:26:29.0630871Z [command]/usr/bin/git -c protocol.version=2 fetch --no-tags --prune --no-recurse-submodules --depth=1 origin +b292197eeb0331af586c34ae83d2e0ac2f3cbf90:refs/remotes/origin/main
2025-04-16T13:26:31.7058980Z From https://github.com/mrkurger/date-night-app2
2025-04-16T13:26:31.7060719Z  * [new ref]         b292197eeb0331af586c34ae83d2e0ac2f3cbf90 -> origin/main
2025-04-16T13:26:31.7108607Z ##[endgroup]
2025-04-16T13:26:31.7109445Z ##[group]Determining the checkout info
2025-04-16T13:26:31.7112782Z ##[endgroup]
2025-04-16T13:26:31.7115271Z [command]/usr/bin/git sparse-checkout disable
2025-04-16T13:26:31.7157423Z [command]/usr/bin/git config --local --unset-all extensions.worktreeConfig
2025-04-16T13:26:31.7189521Z ##[group]Checking out the ref
2025-04-16T13:26:31.7193461Z [command]/usr/bin/git checkout --progress --force -B main refs/remotes/origin/main
2025-04-16T13:26:32.1818406Z Switched to a new branch 'main'
2025-04-16T13:26:32.1821375Z branch 'main' set up to track 'origin/main'.
2025-04-16T13:26:32.1845401Z ##[endgroup]
2025-04-16T13:26:32.1906493Z [command]/usr/bin/git log -1 --format=%H
2025-04-16T13:26:32.1946766Z b292197eeb0331af586c34ae83d2e0ac2f3cbf90
2025-04-16T13:26:32.2209203Z ##[group]Run actions/setup-node@v4
2025-04-16T13:26:32.2209511Z with:
2025-04-16T13:26:32.2209688Z   node-version: 22.x
2025-04-16T13:26:32.2209893Z   cache: npm
2025-04-16T13:26:32.2210399Z   cache-dependency-path: client-angular/package-lock.json
2025-04-16T13:26:32.2210733Z   always-auth: false
2025-04-16T13:26:32.2210934Z   check-latest: false
2025-04-16T13:26:32.2211282Z   token: ***
2025-04-16T13:26:32.2211739Z ##[endgroup]
2025-04-16T13:26:32.3952430Z Found in cache @ /opt/hostedtoolcache/node/22.14.0/x64
2025-04-16T13:26:32.3960312Z ##[group]Environment details
2025-04-16T13:26:32.8956930Z node: v22.14.0
2025-04-16T13:26:32.8957970Z npm: 10.9.2
2025-04-16T13:26:32.8960686Z yarn: 1.22.22
2025-04-16T13:26:32.8962413Z ##[endgroup]
2025-04-16T13:26:32.8986814Z [command]/opt/hostedtoolcache/node/22.14.0/x64/bin/npm config get cache
2025-04-16T13:26:33.0106952Z /home/runner/.npm
2025-04-16T13:26:33.3248390Z Cache hit for: node-cache-Linux-x64-npm-eed186788acb99c392cc79891935d042040413390720b7932c16d8b7ca478e8b
2025-04-16T13:26:34.6301294Z Received 0 of 69351304 (0.0%), 0.0 MBs/sec
2025-04-16T13:26:35.5026257Z Received 69351304 of 69351304 (100.0%), 35.3 MBs/sec
2025-04-16T13:26:35.5028865Z Cache Size: ~66 MB (69351304 B)
2025-04-16T13:26:35.5076604Z [command]/usr/bin/tar -xf /home/runner/work/_temp/a09092b9-4b0a-4c83-9afd-f63dda42d394/cache.tzst -P -C /home/runner/work/date-night-app2/date-night-app2 --use-compress-program unzstd
2025-04-16T13:26:35.8191975Z Cache restored successfully
2025-04-16T13:26:35.8346918Z Cache restored from key: node-cache-Linux-x64-npm-eed186788acb99c392cc79891935d042040413390720b7932c16d8b7ca478e8b
2025-04-16T13:26:35.8509243Z ##[group]Run npm ci
2025-04-16T13:26:35.8509534Z [36;1mnpm ci[0m
2025-04-16T13:26:35.8561426Z shell: /usr/bin/bash -e {0}
2025-04-16T13:26:35.8561666Z ##[endgroup]
2025-04-16T13:26:41.2589316Z npm warn deprecated inflight@1.0.6: This module is not supported, and leaks memory. Do not use it. Check out lru-cache if you want a good and tested way to coalesce async requests by a key value, which is much more comprehensive and powerful.
2025-04-16T13:26:41.5833825Z npm warn deprecated rimraf@3.0.2: Rimraf versions prior to v4 are no longer supported
2025-04-16T13:26:41.6164804Z npm warn deprecated abab@2.0.6: Use your platform's native atob() and btoa() methods instead
2025-04-16T13:26:41.8292891Z npm warn deprecated glob@7.2.3: Glob versions prior to v9 are no longer supported
2025-04-16T13:26:42.0181343Z npm warn deprecated domexception@4.0.0: Use your platform's native DOMException instead
2025-04-16T13:26:43.1356216Z npm warn deprecated @humanwhocodes/object-schema@2.0.3: Use @eslint/object-schema instead
2025-04-16T13:26:43.1890822Z npm warn deprecated @humanwhocodes/config-array@0.11.14: Use @eslint/config-array instead
2025-04-16T13:26:47.5076498Z npm warn deprecated eslint@8.56.0: This version is no longer supported. Please see https://eslint.org/version-support for other options.
2025-04-16T13:27:02.7385414Z 
2025-04-16T13:27:02.7387577Z > date-night-app@1.0.0 prepare
2025-04-16T13:27:02.7388303Z > husky
2025-04-16T13:27:02.7390477Z 
2025-04-16T13:27:02.7533654Z sh: 1: husky: not found
2025-04-16T13:27:02.7583390Z npm error code 127
2025-04-16T13:27:02.7588168Z npm error path /home/runner/work/date-night-app2/date-night-app2
2025-04-16T13:27:02.7593129Z npm error command failed
2025-04-16T13:27:02.7593642Z npm error command sh -c husky
2025-04-16T13:27:02.7605052Z npm error A complete log of this run can be found in: /home/runner/.npm/_logs/2025-04-16T13_26_35_916Z-debug-0.log
2025-04-16T13:27:02.8562558Z ##[error]Process completed with exit code 127.
2025-04-16T13:27:02.8740791Z Post job cleanup.
2025-04-16T13:27:02.9723638Z [command]/usr/bin/git version
2025-04-16T13:27:02.9764059Z git version 2.49.0
2025-04-16T13:27:02.9812207Z Temporarily overriding HOME='/home/runner/work/_temp/1e75cb29-8bf0-463f-997d-d57e6d38f581' before making global git config changes
2025-04-16T13:27:02.9815030Z Adding repository directory to the temporary git global config as a safe directory
2025-04-16T13:27:02.9820310Z [command]/usr/bin/git config --global --add safe.directory /home/runner/work/date-night-app2/date-night-app2
2025-04-16T13:27:02.9871382Z [command]/usr/bin/git config --local --name-only --get-regexp core\.sshCommand
2025-04-16T13:27:02.9908070Z [command]/usr/bin/git submodule foreach --recursive sh -c "git config --local --name-only --get-regexp 'core\.sshCommand' && git config --local --unset-all 'core.sshCommand' || :"
2025-04-16T13:27:03.0161781Z [command]/usr/bin/git config --local --name-only --get-regexp http\.https\:\/\/github\.com\/\.extraheader
2025-04-16T13:27:03.0186213Z http.https://github.com/.extraheader
2025-04-16T13:27:03.0200259Z [command]/usr/bin/git config --local --unset-all http.https://github.com/.extraheader
2025-04-16T13:27:03.0236257Z [command]/usr/bin/git submodule foreach --recursive sh -c "git config --local --name-only --get-regexp 'http\.https\:\/\/github\.com\/\.extraheader' && git config --local --unset-all 'http.https://github.com/.extraheader' || :"
2025-04-16T13:27:03.0580564Z Cleaning up orphan processes
