2025-04-16T01:47:22.0126359Z Current runner version: '2.323.0'
2025-04-16T01:47:22.0158376Z ##[group]Operating System
2025-04-16T01:47:22.0159798Z Ubuntu
2025-04-16T01:47:22.0160606Z 24.04.2
2025-04-16T01:47:22.0161327Z LTS
2025-04-16T01:47:22.0162171Z ##[endgroup]
2025-04-16T01:47:22.0163028Z ##[group]Runner Image
2025-04-16T01:47:22.0164043Z Image: ubuntu-24.04
2025-04-16T01:47:22.0164820Z Version: 20250406.1.0
2025-04-16T01:47:22.0166709Z Included Software: https://github.com/actions/runner-images/blob/ubuntu24/20250406.1/images/ubuntu/Ubuntu2404-Readme.md
2025-04-16T01:47:22.0169634Z Image Release: https://github.com/actions/runner-images/releases/tag/ubuntu24%2F20250406.1
2025-04-16T01:47:22.0171151Z ##[endgroup]
2025-04-16T01:47:22.0172208Z ##[group]Runner Image Provisioner
2025-04-16T01:47:22.0173163Z 2.0.422.1
2025-04-16T01:47:22.0173924Z ##[endgroup]
2025-04-16T01:47:22.0175755Z ##[group]GITHUB_TOKEN Permissions
2025-04-16T01:47:22.0178160Z Contents: read
2025-04-16T01:47:22.0179255Z Metadata: read
2025-04-16T01:47:22.0180320Z Packages: read
2025-04-16T01:47:22.0181365Z ##[endgroup]
2025-04-16T01:47:22.0184523Z Secret source: Actions
2025-04-16T01:47:22.0185891Z Prepare workflow directory
2025-04-16T01:47:22.0844995Z Prepare all required actions
2025-04-16T01:47:22.0900794Z Getting action download info
2025-04-16T01:47:22.5159998Z ##[group]Download immutable action package 'actions/checkout@v4'
2025-04-16T01:47:22.5160995Z Version: 4.2.2
2025-04-16T01:47:22.5161995Z Digest: sha256:ccb2698953eaebd21c7bf6268a94f9c26518a7e38e27e0b83c1fe1ad049819b1
2025-04-16T01:47:22.5163164Z Source commit SHA: 11bd71901bbe5b1630ceea73d27597364c9af683
2025-04-16T01:47:22.5163837Z ##[endgroup]
2025-04-16T01:47:22.5996707Z ##[group]Download immutable action package 'actions/setup-node@v4'
2025-04-16T01:47:22.5997470Z Version: 4.4.0
2025-04-16T01:47:22.5998169Z Digest: sha256:9427cefe82346e992fb5b949e3569b39d537ae41aa3086483b14eceebfc16bc1
2025-04-16T01:47:22.5999567Z Source commit SHA: 49933ea5288caeca8642d1e84afbd3f7d6820020
2025-04-16T01:47:22.6000259Z ##[endgroup]
2025-04-16T01:47:22.9006147Z Download action repository 'cypress-io/github-action@v6' (SHA:108b8684ae52e735ff7891524cbffbcd4be5b19f)
2025-04-16T01:47:23.4731092Z ##[group]Download immutable action package 'actions/upload-artifact@v4'
2025-04-16T01:47:23.4732513Z Version: 4.6.2
2025-04-16T01:47:23.4733699Z Digest: sha256:290722aa3281d5caf23d0acdc3dbeb3424786a1a01a9cc97e72f147225e37c38
2025-04-16T01:47:23.4735358Z Source commit SHA: ea165f8d65b6e75b540449e92b4886f43607fa02
2025-04-16T01:47:23.4736450Z ##[endgroup]
2025-04-16T01:47:23.7103116Z Complete job name: e2e (22.x)
2025-04-16T01:47:23.7780512Z ##[group]Run actions/checkout@v4
2025-04-16T01:47:23.7781810Z with:
2025-04-16T01:47:23.7782582Z   repository: mrkurger/date-night-app2
2025-04-16T01:47:23.7783849Z   token: ***
2025-04-16T01:47:23.7784571Z   ssh-strict: true
2025-04-16T01:47:23.7785321Z   ssh-user: git
2025-04-16T01:47:23.7786094Z   persist-credentials: true
2025-04-16T01:47:23.7786968Z   clean: true
2025-04-16T01:47:23.7787748Z   sparse-checkout-cone-mode: true
2025-04-16T01:47:23.7788717Z   fetch-depth: 1
2025-04-16T01:47:23.7789670Z   fetch-tags: false
2025-04-16T01:47:23.7790440Z   show-progress: true
2025-04-16T01:47:23.7791219Z   lfs: false
2025-04-16T01:47:23.7791935Z   submodules: false
2025-04-16T01:47:23.7792726Z   set-safe-directory: true
2025-04-16T01:47:23.7793830Z ##[endgroup]
2025-04-16T01:47:23.9687797Z Syncing repository: mrkurger/date-night-app2
2025-04-16T01:47:23.9691606Z ##[group]Getting Git version info
2025-04-16T01:47:23.9694154Z Working directory is '/home/runner/work/date-night-app2/date-night-app2'
2025-04-16T01:47:23.9699733Z [command]/usr/bin/git version
2025-04-16T01:47:23.9702508Z git version 2.49.0
2025-04-16T01:47:23.9854719Z ##[endgroup]
2025-04-16T01:47:23.9864569Z Temporarily overriding HOME='/home/runner/work/_temp/23d5669a-35c1-4f43-a735-d5bbc6d636ba' before making global git config changes
2025-04-16T01:47:23.9870725Z Adding repository directory to the temporary git global config as a safe directory
2025-04-16T01:47:23.9875092Z [command]/usr/bin/git config --global --add safe.directory /home/runner/work/date-night-app2/date-night-app2
2025-04-16T01:47:23.9880887Z Deleting the contents of '/home/runner/work/date-night-app2/date-night-app2'
2025-04-16T01:47:23.9884286Z ##[group]Initializing the repository
2025-04-16T01:47:23.9886632Z [command]/usr/bin/git init /home/runner/work/date-night-app2/date-night-app2
2025-04-16T01:47:23.9913228Z hint: Using 'master' as the name for the initial branch. This default branch name
2025-04-16T01:47:23.9916459Z hint: is subject to change. To configure the initial branch name to use in all
2025-04-16T01:47:23.9921581Z hint: of your new repositories, which will suppress this warning, call:
2025-04-16T01:47:23.9924055Z hint:
2025-04-16T01:47:23.9927395Z hint: 	git config --global init.defaultBranch <name>
2025-04-16T01:47:23.9929540Z hint:
2025-04-16T01:47:23.9931259Z hint: Names commonly chosen instead of 'master' are 'main', 'trunk' and
2025-04-16T01:47:23.9934240Z hint: 'development'. The just-created branch can be renamed via this command:
2025-04-16T01:47:23.9936655Z hint:
2025-04-16T01:47:23.9937766Z hint: 	git branch -m <name>
2025-04-16T01:47:23.9940370Z Initialized empty Git repository in /home/runner/work/date-night-app2/date-night-app2/.git/
2025-04-16T01:47:23.9946714Z [command]/usr/bin/git remote add origin https://github.com/mrkurger/date-night-app2
2025-04-16T01:47:23.9983202Z ##[endgroup]
2025-04-16T01:47:23.9985769Z ##[group]Disabling automatic garbage collection
2025-04-16T01:47:23.9988034Z [command]/usr/bin/git config --local gc.auto 0
2025-04-16T01:47:24.0025277Z ##[endgroup]
2025-04-16T01:47:24.0027310Z ##[group]Setting up auth
2025-04-16T01:47:24.0031167Z [command]/usr/bin/git config --local --name-only --get-regexp core\.sshCommand
2025-04-16T01:47:24.0062607Z [command]/usr/bin/git submodule foreach --recursive sh -c "git config --local --name-only --get-regexp 'core\.sshCommand' && git config --local --unset-all 'core.sshCommand' || :"
2025-04-16T01:47:24.0347810Z [command]/usr/bin/git config --local --name-only --get-regexp http\.https\:\/\/github\.com\/\.extraheader
2025-04-16T01:47:24.0384031Z [command]/usr/bin/git submodule foreach --recursive sh -c "git config --local --name-only --get-regexp 'http\.https\:\/\/github\.com\/\.extraheader' && git config --local --unset-all 'http.https://github.com/.extraheader' || :"
2025-04-16T01:47:24.1369087Z [command]/usr/bin/git config --local http.https://github.com/.extraheader AUTHORIZATION: basic ***
2025-04-16T01:47:24.1374249Z ##[endgroup]
2025-04-16T01:47:24.1376583Z ##[group]Fetching the repository
2025-04-16T01:47:24.1381087Z [command]/usr/bin/git -c protocol.version=2 fetch --no-tags --prune --no-recurse-submodules --depth=1 origin +e08716c0076b6c4c5641feed0acb51c02aa7e5fd:refs/remotes/origin/main
2025-04-16T01:47:26.8707861Z From https://github.com/mrkurger/date-night-app2
2025-04-16T01:47:26.8712884Z  * [new ref]         e08716c0076b6c4c5641feed0acb51c02aa7e5fd -> origin/main
2025-04-16T01:47:26.8749941Z ##[endgroup]
2025-04-16T01:47:26.8750745Z ##[group]Determining the checkout info
2025-04-16T01:47:26.8779464Z ##[endgroup]
2025-04-16T01:47:26.8780686Z [command]/usr/bin/git sparse-checkout disable
2025-04-16T01:47:26.8806687Z [command]/usr/bin/git config --local --unset-all extensions.worktreeConfig
2025-04-16T01:47:26.8856317Z ##[group]Checking out the ref
2025-04-16T01:47:26.8860083Z [command]/usr/bin/git checkout --progress --force -B main refs/remotes/origin/main
2025-04-16T01:47:27.3156146Z Switched to a new branch 'main'
2025-04-16T01:47:27.3159124Z branch 'main' set up to track 'origin/main'.
2025-04-16T01:47:27.3185174Z ##[endgroup]
2025-04-16T01:47:27.3231814Z [command]/usr/bin/git log -1 --format=%H
2025-04-16T01:47:27.3271130Z e08716c0076b6c4c5641feed0acb51c02aa7e5fd
2025-04-16T01:47:27.3527764Z ##[group]Run actions/setup-node@v4
2025-04-16T01:47:27.3528186Z with:
2025-04-16T01:47:27.3528446Z   node-version: 22.x
2025-04-16T01:47:27.3528781Z   cache: npm
2025-04-16T01:47:27.3529391Z   cache-dependency-path: client-angular/package-lock.json
2025-04-16T01:47:27.3530147Z   always-auth: false
2025-04-16T01:47:27.3530392Z   check-latest: false
2025-04-16T01:47:27.3530906Z   token: ***
2025-04-16T01:47:27.3531197Z ##[endgroup]
2025-04-16T01:47:27.5245917Z Found in cache @ /opt/hostedtoolcache/node/22.14.0/x64
2025-04-16T01:47:27.5251877Z ##[group]Environment details
2025-04-16T01:47:27.8896768Z node: v22.14.0
2025-04-16T01:47:27.8909756Z npm: 10.9.2
2025-04-16T01:47:27.8910704Z yarn: 1.22.22
2025-04-16T01:47:27.8911933Z ##[endgroup]
2025-04-16T01:47:27.8940780Z [command]/opt/hostedtoolcache/node/22.14.0/x64/bin/npm config get cache
2025-04-16T01:47:28.0686391Z /home/runner/.npm
2025-04-16T01:47:28.4039701Z npm cache is not found
2025-04-16T01:47:28.4187175Z ##[group]Run npm ci
2025-04-16T01:47:28.4187568Z [36;1mnpm ci[0m
2025-04-16T01:47:28.4306430Z shell: /usr/bin/bash -e {0}
2025-04-16T01:47:28.4306864Z ##[endgroup]
2025-04-16T01:47:32.7249554Z npm warn deprecated rimraf@3.0.2: Rimraf versions prior to v4 are no longer supported
2025-04-16T01:47:34.3701370Z npm warn deprecated inflight@1.0.6: This module is not supported, and leaks memory. Do not use it. Check out lru-cache if you want a good and tested way to coalesce async requests by a key value, which is much more comprehensive and powerful.
2025-04-16T01:47:34.6271757Z npm warn deprecated glob@7.2.3: Glob versions prior to v9 are no longer supported
2025-04-16T01:47:35.1550758Z npm warn deprecated domexception@4.0.0: Use your platform's native DOMException instead
2025-04-16T01:47:35.6309888Z npm warn deprecated abab@2.0.6: Use your platform's native atob() and btoa() methods instead
2025-04-16T01:47:53.1608184Z 
2025-04-16T01:47:53.1610523Z added 1237 packages, and audited 1239 packages in 25s
2025-04-16T01:47:53.1612224Z 
2025-04-16T01:47:53.1612723Z 189 packages are looking for funding
2025-04-16T01:47:53.1614297Z   run `npm fund` for details
2025-04-16T01:47:53.1699230Z 
2025-04-16T01:47:53.1699730Z 3 moderate severity vulnerabilities
2025-04-16T01:47:53.1700273Z 
2025-04-16T01:47:53.1700842Z To address all issues (including breaking changes), run:
2025-04-16T01:47:53.1701634Z   npm audit fix --force
2025-04-16T01:47:53.1702779Z 
2025-04-16T01:47:53.1703046Z Run `npm audit` for details.
2025-04-16T01:47:53.2493088Z ##[warning]Unexpected input(s) 'headless', valid inputs are ['record', 'auto-cancel-after-failures', 'config', 'config-file', 'env', 'browser', 'command', 'start', 'start-windows', 'build', 'install', 'install-command', 'runTests', 'wait-on', 'wait-on-timeout', 'parallel', 'group', 'tag', 'working-directory', 'headed', 'publish-summary', 'summary-title', 'spec', 'project', 'command-prefix', 'ci-build-id', 'cache-key', 'quiet', 'component']
2025-04-16T01:47:53.2506272Z ##[group]Run cypress-io/github-action@v6
2025-04-16T01:47:53.2506518Z with:
2025-04-16T01:47:53.2506703Z   working-directory: ./client-angular
2025-04-16T01:47:53.2506938Z   build: npm run build
2025-04-16T01:47:53.2507132Z   start: npm start
2025-04-16T01:47:53.2507339Z   wait-on: http://localhost:4200
2025-04-16T01:47:53.2507583Z   browser: chrome
2025-04-16T01:47:53.2507752Z   headless: true
2025-04-16T01:47:53.2507925Z   record: false
2025-04-16T01:47:53.2508108Z   publish-summary: true
2025-04-16T01:47:53.2508343Z   component: false
2025-04-16T01:47:53.2508521Z ##[endgroup]
2025-04-16T01:47:53.7158249Z [command]/opt/hostedtoolcache/node/22.14.0/x64/bin/npm ci
2025-04-16T01:47:59.9354600Z npm warn deprecated inflight@1.0.6: This module is not supported, and leaks memory. Do not use it. Check out lru-cache if you want a good and tested way to coalesce async requests by a key value, which is much more comprehensive and powerful.
2025-04-16T01:48:00.1679038Z npm warn deprecated rimraf@3.0.2: Rimraf versions prior to v4 are no longer supported
2025-04-16T01:48:00.1853219Z npm warn deprecated abab@2.0.6: Use your platform's native atob() and btoa() methods instead
2025-04-16T01:48:00.2991915Z npm warn deprecated glob@7.2.3: Glob versions prior to v9 are no longer supported
2025-04-16T01:48:00.3891293Z npm warn deprecated domexception@4.0.0: Use your platform's native DOMException instead
2025-04-16T01:48:05.0729629Z 
2025-04-16T01:48:05.0730422Z added 1237 packages, and audited 1239 packages in 11s
2025-04-16T01:48:05.0762523Z 
2025-04-16T01:48:05.0762879Z 189 packages are looking for funding
2025-04-16T01:48:05.0763411Z   run `npm fund` for details
2025-04-16T01:48:05.0914094Z 
2025-04-16T01:48:05.0914430Z 3 moderate severity vulnerabilities
2025-04-16T01:48:05.0914759Z 
2025-04-16T01:48:05.0915157Z To address all issues (including breaking changes), run:
2025-04-16T01:48:05.0915756Z   npm audit fix --force
2025-04-16T01:48:05.0916009Z 
2025-04-16T01:48:05.0916226Z Run `npm audit` for details.
2025-04-16T01:48:05.1488536Z [command]/opt/hostedtoolcache/node/22.14.0/x64/bin/npx cypress cache list
2025-04-16T01:48:05.5684555Z ┌─────────┬────────────┐
2025-04-16T01:48:05.5699653Z │ version │ last used  │
2025-04-16T01:48:05.5700829Z ├─────────┼────────────┤
2025-04-16T01:48:05.5701588Z │ 14.3.0  │ 7 days ago │
2025-04-16T01:48:05.5702729Z └─────────┴────────────┘
2025-04-16T01:48:05.5877650Z [command]/opt/hostedtoolcache/node/22.14.0/x64/bin/npx cypress verify
2025-04-16T01:48:06.1049709Z 
2025-04-16T01:48:06.1074831Z [STARTED] Task without title.
2025-04-16T01:48:07.6114913Z [SUCCESS] Task without title.
2025-04-16T01:48:07.6444391Z [command]/usr/bin/tar --posix -cf cache.tzst --exclude cache.tzst -P -C /home/runner/work/date-night-app2/date-night-app2 --files-from manifest.txt --use-compress-program zstdmt
2025-04-16T01:48:09.1912277Z Sent 19005440 of 69358748 (27.4%), 18.1 MBs/sec
2025-04-16T01:48:10.1904572Z Sent 69358748 of 69358748 (100.0%), 33.0 MBs/sec
2025-04-16T01:48:10.6014646Z [command]/usr/bin/tar --posix -cf cache.tzst --exclude cache.tzst -P -C /home/runner/work/date-night-app2/date-night-app2 --files-from manifest.txt --use-compress-program zstdmt
2025-04-16T01:48:14.8412188Z Sent 0 of 178373466 (0.0%), 0.0 MBs/sec
2025-04-16T01:48:15.8167996Z Sent 178373466 of 178373466 (100.0%), 86.1 MBs/sec
2025-04-16T01:48:16.0958031Z build app command "npm run build"
2025-04-16T01:48:16.0959693Z current working directory "/home/runner/work/date-night-app2/date-night-app2/client-angular"
2025-04-16T01:48:16.0982808Z [command]/opt/hostedtoolcache/node/22.14.0/x64/bin/npm run build
2025-04-16T01:48:16.2148141Z 
2025-04-16T01:48:16.2149344Z > client-angular@0.0.0 build
2025-04-16T01:48:16.2150786Z > ng build client-angular
2025-04-16T01:48:16.2158667Z 
2025-04-16T01:48:16.9201374Z [33m❯[39m Building...
2025-04-16T01:48:33.3372665Z [32m✔[39m Building...
2025-04-16T01:48:33.3415968Z Application bundle generation failed. [16.414 seconds]
2025-04-16T01:48:33.3420740Z 
2025-04-16T01:48:33.3636342Z [1m[33m[33m▲ [43;33m[[43;30mWARNING[43;33m][0m [1m14 repetitive deprecation warnings omitted.
2025-04-16T01:48:33.3637790Z Run in verbose mode to see all warnings.[0m [1m[35m[plugin angular-sass][0m
2025-04-16T01:48:33.3638415Z 
2025-04-16T01:48:33.3638631Z   null
2025-04-16T01:48:33.3639134Z 
2025-04-16T01:48:33.3639242Z 
2025-04-16T01:48:33.3640010Z [33m▲ [43;33m[[43;30mWARNING[43;33m][0m [1m2 repetitive deprecation warnings omitted.
2025-04-16T01:48:33.3663878Z Run in verbose mode to see all warnings.[0m [1m[35m[plugin angular-sass][0m
2025-04-16T01:48:33.3664462Z 
2025-04-16T01:48:33.3669415Z   null
2025-04-16T01:48:33.3669701Z 
2025-04-16T01:48:33.3669744Z 
2025-04-16T01:48:33.3670495Z [33m▲ [43;33m[[43;30mWARNING[43;33m][0m [1mDeprecation[0m [1m[35m[plugin angular-sass][0m
2025-04-16T01:48:33.3671110Z 
2025-04-16T01:48:33.3671403Z     src/app/core/design/components.scss:8:8:
2025-04-16T01:48:33.3672083Z [37m      8 │ @import [32m[37m'design-tokens';
2025-04-16T01:48:33.3672563Z         ╵         [32m^[0m
2025-04-16T01:48:33.3672785Z 
2025-04-16T01:48:33.3672794Z 
2025-04-16T01:48:33.3673159Z   Sass @import rules are deprecated and will be removed in Dart Sass 3.0.0.
2025-04-16T01:48:33.3673678Z   
2025-04-16T01:48:33.3674267Z   More info and automated migrator: [4mhttps://sass-lang.com/d/import[0m
2025-04-16T01:48:33.3675019Z 
2025-04-16T01:48:33.3675027Z 
2025-04-16T01:48:33.3675754Z [33m▲ [43;33m[[43;30mWARNING[43;33m][0m [1mDeprecation[0m [1m[35m[plugin angular-sass][0m
2025-04-16T01:48:33.3676249Z 
2025-04-16T01:48:33.3676465Z     src/app/core/design/components.scss:8:8:
2025-04-16T01:48:33.3677062Z [37m      8 │ @import [32m[37m'design-tokens';
2025-04-16T01:48:33.3677524Z         ╵         [32m^[0m
2025-04-16T01:48:33.3677895Z 
2025-04-16T01:48:33.3677904Z 
2025-04-16T01:48:33.3777965Z   Sass @import rules are deprecated and will be removed in Dart Sass 3.0.0.
2025-04-16T01:48:33.3778563Z   
2025-04-16T01:48:33.3796250Z   More info and automated migrator: [4mhttps://sass-lang.com/d/import[0m
2025-04-16T01:48:33.3796725Z 
2025-04-16T01:48:33.3796745Z 
2025-04-16T01:48:33.3797602Z [33m▲ [43;33m[[43;30mWARNING[43;33m][0m [1mDeprecation[0m [1m[35m[plugin angular-sass][0m
2025-04-16T01:48:33.3798210Z 
2025-04-16T01:48:33.3798505Z     src/app/core/design/components.scss:374:9:
2025-04-16T01:48:33.3799410Z [37m      374 │   color: [32m[37mdarken($success, 30%);
2025-04-16T01:48:33.3799982Z           ╵          [32m^[0m
2025-04-16T01:48:33.3800205Z 
2025-04-16T01:48:33.3800229Z 
2025-04-16T01:48:33.3800676Z   Global built-in functions are deprecated and will be removed in Dart Sass 3.0.0.
2025-04-16T01:48:33.3801308Z   Use color.adjust instead.
2025-04-16T01:48:33.3801641Z   
2025-04-16T01:48:33.3802264Z   More info and automated migrator: [4mhttps://sass-lang.com/d/import[0m
2025-04-16T01:48:33.3802729Z 
2025-04-16T01:48:33.3802891Z 
2025-04-16T01:48:33.3803598Z [33m▲ [43;33m[[43;30mWARNING[43;33m][0m [1mDeprecation[0m [1m[35m[plugin angular-sass][0m
2025-04-16T01:48:33.3804230Z 
2025-04-16T01:48:33.3815640Z     src/app/core/design/components.scss:374:9:
2025-04-16T01:48:33.3816602Z [37m      374 │   color: [32m[37mdarken($success, 30%);
2025-04-16T01:48:33.3817314Z           ╵          [32m^[0m
2025-04-16T01:48:33.3817661Z 
2025-04-16T01:48:33.3817703Z 
2025-04-16T01:48:33.3817922Z   darken() is deprecated. Suggestions:
2025-04-16T01:48:33.3818289Z   
2025-04-16T01:48:33.3818665Z   color.scale($color, $lightness: -60.9561752988%)
2025-04-16T01:48:33.3820437Z   color.adjust($color, $lightness: -30%)
2025-04-16T01:48:33.3820984Z   
2025-04-16T01:48:33.3821670Z   More info: [4mhttps://sass-lang.com/d/color-functions[0m
2025-04-16T01:48:33.3822159Z 
2025-04-16T01:48:33.3829812Z 
2025-04-16T01:48:33.3830629Z [33m▲ [43;33m[[43;30mWARNING[43;33m][0m [1mDeprecation[0m [1m[35m[plugin angular-sass][0m
2025-04-16T01:48:33.3831184Z 
2025-04-16T01:48:33.3831426Z     src/app/core/design/components.scss:374:9:
2025-04-16T01:48:33.3832323Z [37m      374 │   color: [32m[37mdarken($success, 30%);
2025-04-16T01:48:33.3832980Z           ╵          [32m^[0m
2025-04-16T01:48:33.3833297Z 
2025-04-16T01:48:33.3833361Z 
2025-04-16T01:48:33.3833793Z   Global built-in functions are deprecated and will be removed in Dart Sass 3.0.0.
2025-04-16T01:48:33.3834434Z   Use color.adjust instead.
2025-04-16T01:48:33.3834759Z   
2025-04-16T01:48:33.3835373Z   More info and automated migrator: [4mhttps://sass-lang.com/d/import[0m
2025-04-16T01:48:33.3835823Z 
2025-04-16T01:48:33.3835841Z 
2025-04-16T01:48:33.3836497Z [33m▲ [43;33m[[43;30mWARNING[43;33m][0m [1mDeprecation[0m [1m[35m[plugin angular-sass][0m
2025-04-16T01:48:33.3836979Z 
2025-04-16T01:48:33.3837206Z     src/app/core/design/components.scss:374:9:
2025-04-16T01:48:33.3837877Z [37m      374 │   color: [32m[37mdarken($success, 30%);
2025-04-16T01:48:33.3838563Z           ╵          [32m^[0m
2025-04-16T01:48:33.3838999Z 
2025-04-16T01:48:33.3859352Z 
2025-04-16T01:48:33.3869529Z   darken() is deprecated. Suggestions:
2025-04-16T01:48:33.3870072Z   
2025-04-16T01:48:33.3870568Z   color.scale($color, $lightness: -60.9561752988%)
2025-04-16T01:48:33.3871221Z   color.adjust($color, $lightness: -30%)
2025-04-16T01:48:33.3871724Z   
2025-04-16T01:48:33.3872416Z   More info: [4mhttps://sass-lang.com/d/color-functions[0m
2025-04-16T01:48:33.3873177Z 
2025-04-16T01:48:33.3873248Z 
2025-04-16T01:48:33.3873990Z [33m▲ [43;33m[[43;30mWARNING[43;33m][0m [1mDeprecation[0m [1m[35m[plugin angular-sass][0m
2025-04-16T01:48:33.3874531Z 
2025-04-16T01:48:33.3874783Z     src/app/core/design/components.scss:375:20:
2025-04-16T01:48:33.3875586Z [37m      375 │   background-color: [32m[37mlighten($success, 40%);
2025-04-16T01:48:33.3876234Z           ╵                     [32m^[0m
2025-04-16T01:48:33.3876505Z 
2025-04-16T01:48:33.3876514Z 
2025-04-16T01:48:33.3876964Z   Global built-in functions are deprecated and will be removed in Dart Sass 3.0.0.
2025-04-16T01:48:33.3877616Z   Use color.adjust instead.
2025-04-16T01:48:33.3877974Z   
2025-04-16T01:48:33.3878665Z   More info and automated migrator: [4mhttps://sass-lang.com/d/import[0m
2025-04-16T01:48:33.3899596Z 
2025-04-16T01:48:33.3899607Z 
2025-04-16T01:48:33.3900405Z [33m▲ [43;33m[[43;30mWARNING[43;33m][0m [1mDeprecation[0m [1m[35m[plugin angular-sass][0m
2025-04-16T01:48:33.3900965Z 
2025-04-16T01:48:33.3901204Z     src/app/core/design/components.scss:375:20:
2025-04-16T01:48:33.3902018Z [37m      375 │   background-color: [32m[37mlighten($success, 40%);
2025-04-16T01:48:33.3902680Z           ╵                     [32m^[0m
2025-04-16T01:48:33.3902957Z 
2025-04-16T01:48:33.3902965Z 
2025-04-16T01:48:33.3903171Z   lighten() is deprecated. Suggestions:
2025-04-16T01:48:33.3903566Z   
2025-04-16T01:48:33.3904215Z   color.scale($color, $lightness: 78.7644787645%)
2025-04-16T01:48:33.3904754Z   color.adjust($color, $lightness: 40%)
2025-04-16T01:48:33.3905260Z   
2025-04-16T01:48:33.3905852Z   More info: [4mhttps://sass-lang.com/d/color-functions[0m
2025-04-16T01:48:33.3906255Z 
2025-04-16T01:48:33.3906376Z 
2025-04-16T01:48:33.3907091Z [33m▲ [43;33m[[43;30mWARNING[43;33m][0m [1mDeprecation[0m [1m[35m[plugin angular-sass][0m
2025-04-16T01:48:33.3907727Z 
2025-04-16T01:48:33.3912902Z     src/app/core/design/components.scss:375:20:
2025-04-16T01:48:33.3913952Z [37m      375 │   background-color: [32m[37mlighten($success, 40%);
2025-04-16T01:48:33.3914748Z           ╵                     [32m^[0m
2025-04-16T01:48:33.3915148Z 
2025-04-16T01:48:33.3919957Z 
2025-04-16T01:48:33.3920632Z   Global built-in functions are deprecated and will be removed in Dart Sass 3.0.0.
2025-04-16T01:48:33.3921415Z   Use color.adjust instead.
2025-04-16T01:48:33.3921871Z   
2025-04-16T01:48:33.3922661Z   More info and automated migrator: [4mhttps://sass-lang.com/d/import[0m
2025-04-16T01:48:33.3927186Z 
2025-04-16T01:48:33.3927197Z 
2025-04-16T01:48:33.3927933Z [33m▲ [43;33m[[43;30mWARNING[43;33m][0m [1mDeprecation[0m [1m[35m[plugin angular-sass][0m
2025-04-16T01:48:33.3928475Z 
2025-04-16T01:48:33.3928703Z     src/app/core/design/components.scss:375:20:
2025-04-16T01:48:33.3932774Z [37m      375 │   background-color: [32m[37mlighten($success, 40%);
2025-04-16T01:48:33.3933529Z           ╵                     [32m^[0m
2025-04-16T01:48:33.3933865Z 
2025-04-16T01:48:33.3933875Z 
2025-04-16T01:48:33.3934100Z   lighten() is deprecated. Suggestions:
2025-04-16T01:48:33.3934528Z   
2025-04-16T01:48:33.3934926Z   color.scale($color, $lightness: 78.7644787645%)
2025-04-16T01:48:33.3935505Z   color.adjust($color, $lightness: 40%)
2025-04-16T01:48:33.3935931Z   
2025-04-16T01:48:33.3936541Z   More info: [4mhttps://sass-lang.com/d/color-functions[0m
2025-04-16T01:48:33.3936974Z 
2025-04-16T01:48:33.3936985Z 
2025-04-16T01:48:33.3937752Z [33m▲ [43;33m[[43;30mWARNING[43;33m][0m [1mDeprecation[0m [1m[35m[plugin angular-sass][0m
2025-04-16T01:48:33.3938319Z 
2025-04-16T01:48:33.3938583Z     src/app/core/design/components.scss:376:16:
2025-04-16T01:48:33.3939656Z [37m      376 │   border-color: [32m[37mlighten($success, 30%);
2025-04-16T01:48:33.3940386Z           ╵                 [32m^[0m
2025-04-16T01:48:33.3940681Z 
2025-04-16T01:48:33.3940691Z 
2025-04-16T01:48:33.3941175Z   Global built-in functions are deprecated and will be removed in Dart Sass 3.0.0.
2025-04-16T01:48:33.3942166Z   Use color.adjust instead.
2025-04-16T01:48:33.3942533Z   
2025-04-16T01:48:33.3943235Z   More info and automated migrator: [4mhttps://sass-lang.com/d/import[0m
2025-04-16T01:48:33.3943721Z 
2025-04-16T01:48:33.3943731Z 
2025-04-16T01:48:33.3944420Z [33m▲ [43;33m[[43;30mWARNING[43;33m][0m [1mDeprecation[0m [1m[35m[plugin angular-sass][0m
2025-04-16T01:48:33.3945028Z 
2025-04-16T01:48:33.3945260Z     src/app/core/design/components.scss:376:16:
2025-04-16T01:48:33.3946018Z [37m      376 │   border-color: [32m[37mlighten($success, 30%);
2025-04-16T01:48:33.3946609Z           ╵                 [32m^[0m
2025-04-16T01:48:33.3946880Z 
2025-04-16T01:48:33.3946887Z 
2025-04-16T01:48:33.3947082Z   lighten() is deprecated. Suggestions:
2025-04-16T01:48:33.3947460Z   
2025-04-16T01:48:33.3947805Z   color.scale($color, $lightness: 59.0733590734%)
2025-04-16T01:48:33.3948301Z   color.adjust($color, $lightness: 30%)
2025-04-16T01:48:33.3948689Z   
2025-04-16T01:48:33.3949853Z   More info: [4mhttps://sass-lang.com/d/color-functions[0m
2025-04-16T01:48:33.3950276Z 
2025-04-16T01:48:33.3950285Z 
2025-04-16T01:48:33.3951064Z [33m▲ [43;33m[[43;30mWARNING[43;33m][0m [1mDeprecation[0m [1m[35m[plugin angular-sass][0m
2025-04-16T01:48:33.3951637Z 
2025-04-16T01:48:33.3951901Z     src/app/core/design/components.scss:376:16:
2025-04-16T01:48:33.3952796Z [37m      376 │   border-color: [32m[37mlighten($success, 30%);
2025-04-16T01:48:33.3953515Z           ╵                 [32m^[0m
2025-04-16T01:48:33.3953811Z 
2025-04-16T01:48:33.3953821Z 
2025-04-16T01:48:33.3954304Z   Global built-in functions are deprecated and will be removed in Dart Sass 3.0.0.
2025-04-16T01:48:33.3955040Z   Use color.adjust instead.
2025-04-16T01:48:33.3955414Z   
2025-04-16T01:48:33.3956107Z   More info and automated migrator: [4mhttps://sass-lang.com/d/import[0m
2025-04-16T01:48:33.3956599Z 
2025-04-16T01:48:33.3956607Z 
2025-04-16T01:48:33.3957299Z [33m▲ [43;33m[[43;30mWARNING[43;33m][0m [1mDeprecation[0m [1m[35m[plugin angular-sass][0m
2025-04-16T01:48:33.3957905Z 
2025-04-16T01:48:33.3958143Z     src/app/core/design/components.scss:376:16:
2025-04-16T01:48:33.3959316Z [37m      376 │   border-color: [32m[37mlighten($success, 30%);
2025-04-16T01:48:33.3959978Z           ╵                 [32m^[0m
2025-04-16T01:48:33.3960241Z 
2025-04-16T01:48:33.3960249Z 
2025-04-16T01:48:33.3960451Z   lighten() is deprecated. Suggestions:
2025-04-16T01:48:33.3960842Z   
2025-04-16T01:48:33.3961205Z   color.scale($color, $lightness: 59.0733590734%)
2025-04-16T01:48:33.3961712Z   color.adjust($color, $lightness: 30%)
2025-04-16T01:48:33.3962089Z   
2025-04-16T01:48:33.3962629Z   More info: [4mhttps://sass-lang.com/d/color-functions[0m
2025-04-16T01:48:33.3963003Z 
2025-04-16T01:48:33.3963011Z 
2025-04-16T01:48:33.3963696Z [33m▲ [43;33m[[43;30mWARNING[43;33m][0m [1mDeprecation[0m [1m[35m[plugin angular-sass][0m
2025-04-16T01:48:33.3964205Z 
2025-04-16T01:48:33.3964439Z     src/app/core/design/components.scss:380:9:
2025-04-16T01:48:33.3965149Z [37m      380 │   color: [32m[37mdarken($warning, 30%);
2025-04-16T01:48:33.3965699Z           ╵          [32m^[0m
2025-04-16T01:48:33.3965930Z 
2025-04-16T01:48:33.3965951Z 
2025-04-16T01:48:33.3966387Z   Global built-in functions are deprecated and will be removed in Dart Sass 3.0.0.
2025-04-16T01:48:33.3967030Z   Use color.adjust instead.
2025-04-16T01:48:33.3967355Z   
2025-04-16T01:48:33.3967978Z   More info and automated migrator: [4mhttps://sass-lang.com/d/import[0m
2025-04-16T01:48:33.3968429Z 
2025-04-16T01:48:33.3968436Z 
2025-04-16T01:48:33.3969314Z [33m▲ [43;33m[[43;30mWARNING[43;33m][0m [1mDeprecation[0m [1m[35m[plugin angular-sass][0m
2025-04-16T01:48:33.3969884Z 
2025-04-16T01:48:33.3970146Z     src/app/core/design/components.scss:380:9:
2025-04-16T01:48:33.3970929Z [37m      380 │   color: [32m[37mdarken($warning, 30%);
2025-04-16T01:48:33.3971540Z           ╵          [32m^[0m
2025-04-16T01:48:33.3972027Z 
2025-04-16T01:48:33.3972036Z 
2025-04-16T01:48:33.3972255Z   darken() is deprecated. Suggestions:
2025-04-16T01:48:33.3972663Z   
2025-04-16T01:48:33.3973061Z   color.scale($color, $lightness: -58.3969465649%)
2025-04-16T01:48:33.3973637Z   color.adjust($color, $lightness: -30%)
2025-04-16T01:48:33.3974065Z   
2025-04-16T01:48:33.3974653Z   More info: [4mhttps://sass-lang.com/d/color-functions[0m
2025-04-16T01:48:33.3975064Z 
2025-04-16T01:48:33.3975072Z 
2025-04-16T01:48:33.3975794Z [33m▲ [43;33m[[43;30mWARNING[43;33m][0m [1mDeprecation[0m [1m[35m[plugin angular-sass][0m
2025-04-16T01:48:33.3976366Z 
2025-04-16T01:48:33.3976611Z     src/app/core/design/components.scss:380:9:
2025-04-16T01:48:33.3977421Z [37m      380 │   color: [32m[37mdarken($warning, 30%);
2025-04-16T01:48:33.3978041Z           ╵          [32m^[0m
2025-04-16T01:48:33.3978300Z 
2025-04-16T01:48:33.3978309Z 
2025-04-16T01:48:33.3978784Z   Global built-in functions are deprecated and will be removed in Dart Sass 3.0.0.
2025-04-16T01:48:33.3979730Z   Use color.adjust instead.
2025-04-16T01:48:33.3980098Z   
2025-04-16T01:48:33.3980852Z   More info and automated migrator: [4mhttps://sass-lang.com/d/import[0m
2025-04-16T01:48:33.3981376Z 
2025-04-16T01:48:33.3981399Z 
2025-04-16T01:48:33.3989549Z [33m▲ [43;33m[[43;30mWARNING[43;33m][0m [1mDeprecation[0m [1m[35m[plugin angular-sass][0m
2025-04-16T01:48:33.3990158Z 
2025-04-16T01:48:33.3990434Z     src/app/core/design/components.scss:380:9:
2025-04-16T01:48:33.3991294Z [37m      380 │   color: [32m[37mdarken($warning, 30%);
2025-04-16T01:48:33.3991949Z           ╵          [32m^[0m
2025-04-16T01:48:33.3992218Z 
2025-04-16T01:48:33.3992228Z 
2025-04-16T01:48:33.3992455Z   darken() is deprecated. Suggestions:
2025-04-16T01:48:33.3992878Z   
2025-04-16T01:48:33.3993286Z   color.scale($color, $lightness: -58.3969465649%)
2025-04-16T01:48:33.3993865Z   color.adjust($color, $lightness: -30%)
2025-04-16T01:48:33.3994299Z   
2025-04-16T01:48:33.3994924Z   More info: [4mhttps://sass-lang.com/d/color-functions[0m
2025-04-16T01:48:33.3995361Z 
2025-04-16T01:48:33.3995369Z 
2025-04-16T01:48:33.3996390Z [33m▲ [43;33m[[43;30mWARNING[43;33m][0m [1mDeprecation[0m [1m[35m[plugin angular-sass][0m
2025-04-16T01:48:33.3996974Z 
2025-04-16T01:48:33.3997232Z     src/app/core/design/components.scss:381:20:
2025-04-16T01:48:33.3998077Z [37m      381 │   background-color: [32m[37mlighten($warning, 40%);
2025-04-16T01:48:33.3998735Z           ╵                     [32m^[0m
2025-04-16T01:48:33.3999211Z 
2025-04-16T01:48:33.3999219Z 
2025-04-16T01:48:33.3999665Z   Global built-in functions are deprecated and will be removed in Dart Sass 3.0.0.
2025-04-16T01:48:33.4000324Z   Use color.adjust instead.
2025-04-16T01:48:33.4000665Z   
2025-04-16T01:48:33.4001324Z   More info and automated migrator: [4mhttps://sass-lang.com/d/import[0m
2025-04-16T01:48:33.4001801Z 
2025-04-16T01:48:33.4001810Z 
2025-04-16T01:48:33.4002483Z [33m▲ [43;33m[[43;30mWARNING[43;33m][0m [1mDeprecation[0m [1m[35m[plugin angular-sass][0m
2025-04-16T01:48:33.4003014Z 
2025-04-16T01:48:33.4003235Z     src/app/core/design/components.scss:381:20:
2025-04-16T01:48:33.4004050Z [37m      381 │   background-color: [32m[37mlighten($warning, 40%);
2025-04-16T01:48:33.4004693Z           ╵                     [32m^[0m
2025-04-16T01:48:33.4004969Z 
2025-04-16T01:48:33.4004977Z 
2025-04-16T01:48:33.4005170Z   lighten() is deprecated. Suggestions:
2025-04-16T01:48:33.4005559Z   
2025-04-16T01:48:33.4005918Z   color.scale($color, $lightness: 82.2580645161%)
2025-04-16T01:48:33.4006430Z   color.adjust($color, $lightness: 40%)
2025-04-16T01:48:33.4006811Z   
2025-04-16T01:48:33.4007345Z   More info: [4mhttps://sass-lang.com/d/color-functions[0m
2025-04-16T01:48:33.4007728Z 
2025-04-16T01:48:33.4007741Z 
2025-04-16T01:48:33.4008411Z [33m▲ [43;33m[[43;30mWARNING[43;33m][0m [1mDeprecation[0m [1m[35m[plugin angular-sass][0m
2025-04-16T01:48:33.4009082Z 
2025-04-16T01:48:33.4009326Z     src/app/core/design/components.scss:381:20:
2025-04-16T01:48:33.4010355Z [37m      381 │   background-color: [32m[37mlighten($warning, 40%);
2025-04-16T01:48:33.4010995Z           ╵                     [32m^[0m
2025-04-16T01:48:33.4011266Z 
2025-04-16T01:48:33.4011274Z 
2025-04-16T01:48:33.4011707Z   Global built-in functions are deprecated and will be removed in Dart Sass 3.0.0.
2025-04-16T01:48:33.4012337Z   Use color.adjust instead.
2025-04-16T01:48:33.4012664Z   
2025-04-16T01:48:33.4013287Z   More info and automated migrator: [4mhttps://sass-lang.com/d/import[0m
2025-04-16T01:48:33.4013752Z 
2025-04-16T01:48:33.4013760Z 
2025-04-16T01:48:33.4014427Z [33m▲ [43;33m[[43;30mWARNING[43;33m][0m [1mDeprecation[0m [1m[35m[plugin angular-sass][0m
2025-04-16T01:48:33.4015010Z 
2025-04-16T01:48:33.4015234Z     src/app/core/design/components.scss:381:20:
2025-04-16T01:48:33.4016027Z [37m      381 │   background-color: [32m[37mlighten($warning, 40%);
2025-04-16T01:48:33.4016714Z           ╵                     [32m^[0m
2025-04-16T01:48:33.4016998Z 
2025-04-16T01:48:33.4017007Z 
2025-04-16T01:48:33.4017193Z   lighten() is deprecated. Suggestions:
2025-04-16T01:48:33.4017579Z   
2025-04-16T01:48:33.4017948Z   color.scale($color, $lightness: 82.2580645161%)
2025-04-16T01:48:33.4018445Z   color.adjust($color, $lightness: 40%)
2025-04-16T01:48:33.4018826Z   
2025-04-16T01:48:33.4030108Z   More info: [4mhttps://sass-lang.com/d/color-functions[0m
2025-04-16T01:48:33.4030589Z 
2025-04-16T01:48:33.4030601Z 
2025-04-16T01:48:33.4031423Z [33m▲ [43;33m[[43;30mWARNING[43;33m][0m [1mDeprecation[0m [1m[35m[plugin angular-sass][0m
2025-04-16T01:48:33.4032014Z 
2025-04-16T01:48:33.4032243Z     src/app/core/design/main.scss:8:8:
2025-04-16T01:48:33.4032980Z [37m      8 │ @import [32m[37m'design-tokens';
2025-04-16T01:48:33.4033550Z         ╵         [32m^[0m
2025-04-16T01:48:33.4033805Z 
2025-04-16T01:48:33.4033825Z 
2025-04-16T01:48:33.4034246Z   Sass @import rules are deprecated and will be removed in Dart Sass 3.0.0.
2025-04-16T01:48:33.4034875Z   
2025-04-16T01:48:33.4035604Z   More info and automated migrator: [4mhttps://sass-lang.com/d/import[0m
2025-04-16T01:48:33.4036131Z 
2025-04-16T01:48:33.4036148Z 
2025-04-16T01:48:33.4037185Z [33m▲ [43;33m[[43;30mWARNING[43;33m][0m [1mDeprecation[0m [1m[35m[plugin angular-sass][0m
2025-04-16T01:48:33.4037763Z 
2025-04-16T01:48:33.4037994Z     src/app/core/design/main.scss:8:8:
2025-04-16T01:48:33.4038712Z [37m      8 │ @import [32m[37m'design-tokens';
2025-04-16T01:48:33.4049582Z         ╵         [32m^[0m
2025-04-16T01:48:33.4049824Z 
2025-04-16T01:48:33.4049833Z 
2025-04-16T01:48:33.4050230Z   Sass @import rules are deprecated and will be removed in Dart Sass 3.0.0.
2025-04-16T01:48:33.4050782Z   
2025-04-16T01:48:33.4051423Z   More info and automated migrator: [4mhttps://sass-lang.com/d/import[0m
2025-04-16T01:48:33.4051875Z 
2025-04-16T01:48:33.4051883Z 
2025-04-16T01:48:33.4052569Z [33m▲ [43;33m[[43;30mWARNING[43;33m][0m [1mDeprecation[0m [1m[35m[plugin angular-sass][0m
2025-04-16T01:48:33.4053082Z 
2025-04-16T01:48:33.4053281Z     src/app/core/design/main.scss:9:8:
2025-04-16T01:48:33.4053889Z [37m      9 │ @import [32m[37m'components';
2025-04-16T01:48:33.4054379Z         ╵         [32m^[0m
2025-04-16T01:48:33.4054604Z 
2025-04-16T01:48:33.4054612Z 
2025-04-16T01:48:33.4054974Z   Sass @import rules are deprecated and will be removed in Dart Sass 3.0.0.
2025-04-16T01:48:33.4055532Z   
2025-04-16T01:48:33.4056157Z   More info and automated migrator: [4mhttps://sass-lang.com/d/import[0m
2025-04-16T01:48:33.4056625Z 
2025-04-16T01:48:33.4056633Z 
2025-04-16T01:48:33.4057297Z [33m▲ [43;33m[[43;30mWARNING[43;33m][0m [1mDeprecation[0m [1m[35m[plugin angular-sass][0m
2025-04-16T01:48:33.4057804Z 
2025-04-16T01:48:33.4057996Z     src/app/core/design/main.scss:9:8:
2025-04-16T01:48:33.4058592Z [37m      9 │ @import [32m[37m'components';
2025-04-16T01:48:33.4059231Z         ╵         [32m^[0m
2025-04-16T01:48:33.4059718Z 
2025-04-16T01:48:33.4059728Z 
2025-04-16T01:48:33.4060101Z   Sass @import rules are deprecated and will be removed in Dart Sass 3.0.0.
2025-04-16T01:48:33.4060650Z   
2025-04-16T01:48:33.4061285Z   More info and automated migrator: [4mhttps://sass-lang.com/d/import[0m
2025-04-16T01:48:33.4061743Z 
2025-04-16T01:48:33.4061756Z 
2025-04-16T01:48:33.4062425Z [33m▲ [43;33m[[43;30mWARNING[43;33m][0m [1mDeprecation[0m [1m[35m[plugin angular-sass][0m
2025-04-16T01:48:33.4062922Z 
2025-04-16T01:48:33.4063125Z     src/app/core/design/main.scss:190:18:
2025-04-16T01:48:33.4063891Z [37m      190 │   margin-right: -([32m[37m$grid-gutter-width / 2);
2025-04-16T01:48:33.4064522Z           ╵                   [32m^[0m
2025-04-16T01:48:33.4064786Z 
2025-04-16T01:48:33.4064794Z 
2025-04-16T01:48:33.4065283Z   Using / for division outside of calc() is deprecated and will be removed in Dart Sass 2.0.0.
2025-04-16T01:48:33.4065913Z   
2025-04-16T01:48:33.4066484Z   Recommendation: math.div($grid-gutter-width, 2) or calc($grid-gutter-width / 2)
2025-04-16T01:48:33.4067092Z   
2025-04-16T01:48:33.4067733Z   More info and automated migrator: [4mhttps://sass-lang.com/d/slash-div[0m
2025-04-16T01:48:33.4068227Z 
2025-04-16T01:48:33.4068234Z 
2025-04-16T01:48:33.4087947Z [33m▲ [43;33m[[43;30mWARNING[43;33m][0m [1mDeprecation[0m [1m[35m[plugin angular-sass][0m
2025-04-16T01:48:33.4088559Z 
2025-04-16T01:48:33.4088798Z     src/app/core/design/main.scss:190:18:
2025-04-16T01:48:33.4089906Z [37m      190 │   margin-right: -([32m[37m$grid-gutter-width / 2);
2025-04-16T01:48:33.4090552Z           ╵                   [32m^[0m
2025-04-16T01:48:33.4090824Z 
2025-04-16T01:48:33.4090832Z 
2025-04-16T01:48:33.4091322Z   Using / for division outside of calc() is deprecated and will be removed in Dart Sass 2.0.0.
2025-04-16T01:48:33.4091955Z   
2025-04-16T01:48:33.4092521Z   Recommendation: math.div($grid-gutter-width, 2) or calc($grid-gutter-width / 2)
2025-04-16T01:48:33.4093126Z   
2025-04-16T01:48:33.4093802Z   More info and automated migrator: [4mhttps://sass-lang.com/d/slash-div[0m
2025-04-16T01:48:33.4094286Z 
2025-04-16T01:48:33.4094295Z 
2025-04-16T01:48:33.4095216Z [33m▲ [43;33m[[43;30mWARNING[43;33m][0m [1mDeprecation[0m [1m[35m[plugin angular-sass][0m
2025-04-16T01:48:33.4095732Z 
2025-04-16T01:48:33.4095933Z     src/app/core/design/main.scss:191:17:
2025-04-16T01:48:33.4096701Z [37m      191 │   margin-left: -([32m[37m$grid-gutter-width / 2);
2025-04-16T01:48:33.4097325Z           ╵                  [32m^[0m
2025-04-16T01:48:33.4097586Z 
2025-04-16T01:48:33.4097594Z 
2025-04-16T01:48:33.4098067Z   Using / for division outside of calc() is deprecated and will be removed in Dart Sass 2.0.0.
2025-04-16T01:48:33.4098705Z   
2025-04-16T01:48:33.4099434Z   Recommendation: math.div($grid-gutter-width, 2) or calc($grid-gutter-width / 2)
2025-04-16T01:48:33.4100028Z   
2025-04-16T01:48:33.4100682Z   More info and automated migrator: [4mhttps://sass-lang.com/d/slash-div[0m
2025-04-16T01:48:33.4101172Z 
2025-04-16T01:48:33.4101180Z 
2025-04-16T01:48:33.4101848Z [33m▲ [43;33m[[43;30mWARNING[43;33m][0m [1mDeprecation[0m [1m[35m[plugin angular-sass][0m
2025-04-16T01:48:33.4102345Z 
2025-04-16T01:48:33.4102551Z     src/app/core/design/main.scss:191:17:
2025-04-16T01:48:33.4103299Z [37m      191 │   margin-left: -([32m[37m$grid-gutter-width / 2);
2025-04-16T01:48:33.4103900Z           ╵                  [32m^[0m
2025-04-16T01:48:33.4104152Z 
2025-04-16T01:48:33.4104160Z 
2025-04-16T01:48:33.4104614Z   Using / for division outside of calc() is deprecated and will be removed in Dart Sass 2.0.0.
2025-04-16T01:48:33.4105240Z   
2025-04-16T01:48:33.4105793Z   Recommendation: math.div($grid-gutter-width, 2) or calc($grid-gutter-width / 2)
2025-04-16T01:48:33.4106382Z   
2025-04-16T01:48:33.4107013Z   More info and automated migrator: [4mhttps://sass-lang.com/d/slash-div[0m
2025-04-16T01:48:33.4107505Z 
2025-04-16T01:48:33.4107513Z 
2025-04-16T01:48:33.4108170Z [33m▲ [43;33m[[43;30mWARNING[43;33m][0m [1mDeprecation[0m [1m[35m[plugin angular-sass][0m
2025-04-16T01:48:33.4159416Z 
2025-04-16T01:48:33.4159663Z     src/app/core/design/main.scss:198:18:
2025-04-16T01:48:33.4160553Z [37m      198 │   padding-right: ([32m[37m$grid-gutter-width / 2);
2025-04-16T01:48:33.4161212Z           ╵                   [32m^[0m
2025-04-16T01:48:33.4161489Z 
2025-04-16T01:48:33.4161498Z 
2025-04-16T01:48:33.4161986Z   Using / for division outside of calc() is deprecated and will be removed in Dart Sass 2.0.0.
2025-04-16T01:48:33.4162638Z   
2025-04-16T01:48:33.4163219Z   Recommendation: math.div($grid-gutter-width, 2) or calc($grid-gutter-width / 2)
2025-04-16T01:48:33.4163831Z   
2025-04-16T01:48:33.4164487Z   More info and automated migrator: [4mhttps://sass-lang.com/d/slash-div[0m
2025-04-16T01:48:33.4164974Z 
2025-04-16T01:48:33.4164983Z 
2025-04-16T01:48:33.4165673Z [33m▲ [43;33m[[43;30mWARNING[43;33m][0m [1mDeprecation[0m [1m[35m[plugin angular-sass][0m
2025-04-16T01:48:33.4166186Z 
2025-04-16T01:48:33.4166400Z     src/app/core/design/main.scss:198:18:
2025-04-16T01:48:33.4167171Z [37m      198 │   padding-right: ([32m[37m$grid-gutter-width / 2);
2025-04-16T01:48:33.4167807Z           ╵                   [32m^[0m
2025-04-16T01:48:33.4168084Z 
2025-04-16T01:48:33.4168093Z 
2025-04-16T01:48:33.4168570Z   Using / for division outside of calc() is deprecated and will be removed in Dart Sass 2.0.0.
2025-04-16T01:48:33.4169373Z   
2025-04-16T01:48:33.4169929Z   Recommendation: math.div($grid-gutter-width, 2) or calc($grid-gutter-width / 2)
2025-04-16T01:48:33.4170531Z   
2025-04-16T01:48:33.4171221Z   More info and automated migrator: [4mhttps://sass-lang.com/d/slash-div[0m
2025-04-16T01:48:33.4171746Z 
2025-04-16T01:48:33.4171755Z 
2025-04-16T01:48:33.4172500Z [33m▲ [43;33m[[43;30mWARNING[43;33m][0m [1mDeprecation[0m [1m[35m[plugin angular-sass][0m
2025-04-16T01:48:33.4173079Z 
2025-04-16T01:48:33.4173310Z     src/app/core/design/main.scss:199:17:
2025-04-16T01:48:33.4174188Z [37m      199 │   padding-left: ([32m[37m$grid-gutter-width / 2);
2025-04-16T01:48:33.4174902Z           ╵                  [32m^[0m
2025-04-16T01:48:33.4175211Z 
2025-04-16T01:48:33.4175222Z 
2025-04-16T01:48:33.4176281Z   Using / for division outside of calc() is deprecated and will be removed in Dart Sass 2.0.0.
2025-04-16T01:48:33.4177004Z   
2025-04-16T01:48:33.4177602Z   Recommendation: math.div($grid-gutter-width, 2) or calc($grid-gutter-width / 2)
2025-04-16T01:48:33.4178216Z   
2025-04-16T01:48:33.4194334Z   More info and automated migrator: [4mhttps://sass-lang.com/d/slash-div[0m
2025-04-16T01:48:33.4194908Z 
2025-04-16T01:48:33.4194918Z 
2025-04-16T01:48:33.4195733Z [33m▲ [43;33m[[43;30mWARNING[43;33m][0m [1mDeprecation[0m [1m[35m[plugin angular-sass][0m
2025-04-16T01:48:33.4196278Z 
2025-04-16T01:48:33.4196514Z     src/app/core/design/main.scss:199:17:
2025-04-16T01:48:33.4197351Z [37m      199 │   padding-left: ([32m[37m$grid-gutter-width / 2);
2025-04-16T01:48:33.4197985Z           ╵                  [32m^[0m
2025-04-16T01:48:33.4198275Z 
2025-04-16T01:48:33.4198284Z 
2025-04-16T01:48:33.4198766Z   Using / for division outside of calc() is deprecated and will be removed in Dart Sass 2.0.0.
2025-04-16T01:48:33.4199683Z   
2025-04-16T01:48:33.4200258Z   Recommendation: math.div($grid-gutter-width, 2) or calc($grid-gutter-width / 2)
2025-04-16T01:48:33.4200873Z   
2025-04-16T01:48:33.4201543Z   More info and automated migrator: [4mhttps://sass-lang.com/d/slash-div[0m
2025-04-16T01:48:33.4202015Z 
2025-04-16T01:48:33.4202023Z 
2025-04-16T01:48:33.4202702Z [33m▲ [43;33m[[43;30mWARNING[43;33m][0m [1mDeprecation[0m [1m[35m[plugin angular-sass][0m
2025-04-16T01:48:33.4203214Z 
2025-04-16T01:48:33.4203413Z     src/app/core/design/main.scss:204:25:
2025-04-16T01:48:33.4204176Z [37m      204 │     flex: 0 0 percentage([32m[37m$i / $grid-columns);
2025-04-16T01:48:33.4204811Z           ╵                          [32m^[0m
2025-04-16T01:48:33.4205102Z 
2025-04-16T01:48:33.4205328Z 
2025-04-16T01:48:33.4205813Z   Using / for division outside of calc() is deprecated and will be removed in Dart Sass 2.0.0.
2025-04-16T01:48:33.4206453Z   
2025-04-16T01:48:33.4206966Z   Recommendation: math.div($i, $grid-columns) or calc($i / $grid-columns)
2025-04-16T01:48:33.4207519Z   
2025-04-16T01:48:33.4208163Z   More info and automated migrator: [4mhttps://sass-lang.com/d/slash-div[0m
2025-04-16T01:48:33.4208648Z 
2025-04-16T01:48:33.4208655Z 
2025-04-16T01:48:33.4209493Z [33m▲ [43;33m[[43;30mWARNING[43;33m][0m [1mDeprecation[0m [1m[35m[plugin angular-sass][0m
2025-04-16T01:48:33.4210001Z 
2025-04-16T01:48:33.4210199Z     src/app/core/design/main.scss:204:25:
2025-04-16T01:48:33.4210974Z [37m      204 │     flex: 0 0 percentage([32m[37m$i / $grid-columns);
2025-04-16T01:48:33.4211610Z           ╵                          [32m^[0m
2025-04-16T01:48:33.4211900Z 
2025-04-16T01:48:33.4211907Z 
2025-04-16T01:48:33.4212383Z   Using / for division outside of calc() is deprecated and will be removed in Dart Sass 2.0.0.
2025-04-16T01:48:33.4213032Z   
2025-04-16T01:48:33.4213525Z   Recommendation: math.div($i, $grid-columns) or calc($i / $grid-columns)
2025-04-16T01:48:33.4214070Z   
2025-04-16T01:48:33.4214715Z   More info and automated migrator: [4mhttps://sass-lang.com/d/slash-div[0m
2025-04-16T01:48:33.4215193Z 
2025-04-16T01:48:33.4215201Z 
2025-04-16T01:48:33.4215861Z [33m▲ [43;33m[[43;30mWARNING[43;33m][0m [1mDeprecation[0m [1m[35m[plugin angular-sass][0m
2025-04-16T01:48:33.4216359Z 
2025-04-16T01:48:33.4216690Z     src/app/features/auth/login/login.component.scss:1:8:
2025-04-16T01:48:33.4217532Z [37m      1 │ @import [32m[37m'../../../core/design/design-tokens';
2025-04-16T01:48:33.4218075Z         ╵         [32m^[0m
2025-04-16T01:48:33.4218308Z 
2025-04-16T01:48:33.4218316Z 
2025-04-16T01:48:33.4218687Z   Sass @import rules are deprecated and will be removed in Dart Sass 3.0.0.
2025-04-16T01:48:33.4225410Z   
2025-04-16T01:48:33.4226109Z   More info and automated migrator: [4mhttps://sass-lang.com/d/import[0m
2025-04-16T01:48:33.4226597Z 
2025-04-16T01:48:33.4226612Z 
2025-04-16T01:48:33.4227298Z [33m▲ [43;33m[[43;30mWARNING[43;33m][0m [1mDeprecation[0m [1m[35m[plugin angular-sass][0m
2025-04-16T01:48:33.4228032Z 
2025-04-16T01:48:33.4228365Z     src/app/features/auth/login/login.component.scss:233:11:
2025-04-16T01:48:33.4229365Z [37m      233 │     color: [32m[37mdarken($success, 10%);
2025-04-16T01:48:33.4229925Z           ╵            [32m^[0m
2025-04-16T01:48:33.4230166Z 
2025-04-16T01:48:33.4230174Z 
2025-04-16T01:48:33.4230614Z   Global built-in functions are deprecated and will be removed in Dart Sass 3.0.0.
2025-04-16T01:48:33.4231256Z   Use color.adjust instead.
2025-04-16T01:48:33.4231600Z   
2025-04-16T01:48:33.4232239Z   More info and automated migrator: [4mhttps://sass-lang.com/d/import[0m
2025-04-16T01:48:33.4232715Z 
2025-04-16T01:48:33.4232723Z 
2025-04-16T01:48:33.4233401Z [33m▲ [43;33m[[43;30mWARNING[43;33m][0m [1mDeprecation[0m [1m[35m[plugin angular-sass][0m
2025-04-16T01:48:33.4233923Z 
2025-04-16T01:48:33.4234241Z     src/app/features/auth/login/login.component.scss:233:11:
2025-04-16T01:48:33.4235042Z [37m      233 │     color: [32m[37mdarken($success, 10%);
2025-04-16T01:48:33.4235581Z           ╵            [32m^[0m
2025-04-16T01:48:33.4235833Z 
2025-04-16T01:48:33.4235841Z 
2025-04-16T01:48:33.4236039Z   darken() is deprecated. Suggestions:
2025-04-16T01:48:33.4236421Z   
2025-04-16T01:48:33.4236790Z   color.scale($color, $lightness: -20.3187250996%)
2025-04-16T01:48:33.4237308Z   color.adjust($color, $lightness: -10%)
2025-04-16T01:48:33.4237679Z   
2025-04-16T01:48:33.4238203Z   More info: [4mhttps://sass-lang.com/d/color-functions[0m
2025-04-16T01:48:33.4238584Z 
2025-04-16T01:48:33.4238592Z 
2025-04-16T01:48:33.4239505Z [33m▲ [43;33m[[43;30mWARNING[43;33m][0m [1mDeprecation[0m [1m[35m[plugin angular-sass][0m
2025-04-16T01:48:33.4240011Z 
2025-04-16T01:48:33.4240261Z     src/app/features/chat/chat.component.scss:1:8:
2025-04-16T01:48:33.4241267Z [37m      1 │ @import [32m[37m'../../core/design/design-tokens';
2025-04-16T01:48:33.4241819Z         ╵         [32m^[0m
2025-04-16T01:48:33.4242040Z 
2025-04-16T01:48:33.4242048Z 
2025-04-16T01:48:33.4242439Z   Sass @import rules are deprecated and will be removed in Dart Sass 3.0.0.
2025-04-16T01:48:33.4243004Z   
2025-04-16T01:48:33.4243641Z   More info and automated migrator: [4mhttps://sass-lang.com/d/import[0m
2025-04-16T01:48:33.4244109Z 
2025-04-16T01:48:33.4244117Z 
2025-04-16T01:48:33.4244783Z [33m▲ [43;33m[[43;30mWARNING[43;33m][0m [1mDeprecation[0m [1m[35m[plugin angular-sass][0m
2025-04-16T01:48:33.4245290Z 
2025-04-16T01:48:33.4245598Z     src/app/features/list-view/list-view.component.scss:1:8:
2025-04-16T01:48:33.4246416Z [37m      1 │ @import [32m[37m'../../core/design/design-tokens';
2025-04-16T01:48:33.4246949Z         ╵         [32m^[0m
2025-04-16T01:48:33.4247170Z 
2025-04-16T01:48:33.4247178Z 
2025-04-16T01:48:33.4247575Z   Sass @import rules are deprecated and will be removed in Dart Sass 3.0.0.
2025-04-16T01:48:33.4248126Z   
2025-04-16T01:48:33.4248743Z   More info and automated migrator: [4mhttps://sass-lang.com/d/import[0m
2025-04-16T01:48:33.4249381Z 
2025-04-16T01:48:33.4249389Z 
2025-04-16T01:48:33.4250651Z [33m▲ [43;33m[[43;30mWARNING[43;33m][0m [1mTS-998113: AdCardComponent is not used within the template of ListViewComponent[0m [1m[35m[plugin angular-compiler][0m
2025-04-16T01:48:33.4251553Z 
2025-04-16T01:48:33.4251859Z     src/app/features/list-view/list-view.component.ts:86:4:
2025-04-16T01:48:33.4252751Z [37m      86 │     [32mAdCardComponent[37m,
2025-04-16T01:48:33.4253295Z          ╵     [32m~~~~~~~~~~~~~~~[0m
2025-04-16T01:48:33.4253575Z 
2025-04-16T01:48:33.4253590Z 
2025-04-16T01:48:33.4254302Z [33m▲ [43;33m[[43;30mWARNING[43;33m][0m [1mDeprecation[0m [1m[35m[plugin angular-sass][0m
2025-04-16T01:48:33.4254837Z 
2025-04-16T01:48:33.4255251Z     src/app/features/netflix-view/netflix-view.component.scss:1:8:
2025-04-16T01:48:33.4256262Z [37m      1 │ @import [32m[37m'../../core/design/design-tokens';
2025-04-16T01:48:33.4256864Z         ╵         [32m^[0m
2025-04-16T01:48:33.4257107Z 
2025-04-16T01:48:33.4257408Z 
2025-04-16T01:48:33.4257858Z   Sass @import rules are deprecated and will be removed in Dart Sass 3.0.0.
2025-04-16T01:48:33.4258462Z   
2025-04-16T01:48:33.4259463Z   More info and automated migrator: [4mhttps://sass-lang.com/d/import[0m
2025-04-16T01:48:33.4259960Z 
2025-04-16T01:48:33.4259969Z 
2025-04-16T01:48:33.4260689Z [33m▲ [43;33m[[43;30mWARNING[43;33m][0m [1mDeprecation[0m [1m[35m[plugin angular-sass][0m
2025-04-16T01:48:33.4261194Z 
2025-04-16T01:48:33.4261466Z     src/app/features/tinder/tinder.component.scss:1:8:
2025-04-16T01:48:33.4262234Z [37m      1 │ @import [32m[37m'../../../../styles/variables';
2025-04-16T01:48:33.4262769Z         ╵         [32m^[0m
2025-04-16T01:48:33.4262991Z 
2025-04-16T01:48:33.4262999Z 
2025-04-16T01:48:33.4263391Z   Sass @import rules are deprecated and will be removed in Dart Sass 3.0.0.
2025-04-16T01:48:33.4263944Z   
2025-04-16T01:48:33.4264566Z   More info and automated migrator: [4mhttps://sass-lang.com/d/import[0m
2025-04-16T01:48:33.4265039Z 
2025-04-16T01:48:33.4265048Z 
2025-04-16T01:48:33.4265722Z [33m▲ [43;33m[[43;30mWARNING[43;33m][0m [1mDeprecation[0m [1m[35m[plugin angular-sass][0m
2025-04-16T01:48:33.4266229Z 
2025-04-16T01:48:33.4266499Z     src/app/features/tinder/tinder.component.scss:2:8:
2025-04-16T01:48:33.4267251Z [37m      2 │ @import [32m[37m'../../../../styles/mixins';
2025-04-16T01:48:33.4267764Z         ╵         [32m^[0m
2025-04-16T01:48:33.4267988Z 
2025-04-16T01:48:33.4267996Z 
2025-04-16T01:48:33.4268368Z   Sass @import rules are deprecated and will be removed in Dart Sass 3.0.0.
2025-04-16T01:48:33.4269084Z   
2025-04-16T01:48:33.4269715Z   More info and automated migrator: [4mhttps://sass-lang.com/d/import[0m
2025-04-16T01:48:33.4270191Z 
2025-04-16T01:48:33.4270450Z 
2025-04-16T01:48:33.4271815Z [33m▲ [43;33m[[43;30mWARNING[43;33m][0m [1mTS-998113: LabelComponent is not used within the template of TinderComponent[0m [1m[35m[plugin angular-compiler][0m
2025-04-16T01:48:33.4272759Z 
2025-04-16T01:48:33.4273098Z     src/app/features/tinder/tinder.component.ts:46:4:
2025-04-16T01:48:33.4273868Z [37m      46 │     [32mLabelComponent[37m
2025-04-16T01:48:33.4274470Z          ╵     [32m~~~~~~~~~~~~~~[0m
2025-04-16T01:48:33.4274766Z 
2025-04-16T01:48:33.4274775Z 
2025-04-16T01:48:33.4275527Z [33m▲ [43;33m[[43;30mWARNING[43;33m][0m [1mDeprecation[0m [1m[35m[plugin angular-sass][0m
2025-04-16T01:48:33.4276082Z 
2025-04-16T01:48:33.4276396Z     src/app/features/wallet/wallet.component.scss:1:8:
2025-04-16T01:48:33.4277371Z [37m      1 │ @import [32m[37m'../../../app/core/design/design-tokens.scss';
2025-04-16T01:48:33.4277990Z         ╵         [32m^[0m
2025-04-16T01:48:33.4278217Z 
2025-04-16T01:48:33.4278226Z 
2025-04-16T01:48:33.4278629Z   Sass @import rules are deprecated and will be removed in Dart Sass 3.0.0.
2025-04-16T01:48:33.4279469Z   
2025-04-16T01:48:33.4280126Z   More info and automated migrator: [4mhttps://sass-lang.com/d/import[0m
2025-04-16T01:48:33.4280586Z 
2025-04-16T01:48:33.4280607Z 
2025-04-16T01:48:33.4281281Z [33m▲ [43;33m[[43;30mWARNING[43;33m][0m [1mDeprecation[0m [1m[35m[plugin angular-sass][0m
2025-04-16T01:48:33.4281787Z 
2025-04-16T01:48:33.4282139Z     src/app/shared/components/ad-card/ad-card.component.scss:1:8:
2025-04-16T01:48:33.4283030Z [37m      1 │ @import [32m[37m'../../../core/design/design-tokens';
2025-04-16T01:48:33.4283579Z         ╵         [32m^[0m
2025-04-16T01:48:33.4283803Z 
2025-04-16T01:48:33.4283811Z 
2025-04-16T01:48:33.4284188Z   Sass @import rules are deprecated and will be removed in Dart Sass 3.0.0.
2025-04-16T01:48:33.4284746Z   
2025-04-16T01:48:33.4285365Z   More info and automated migrator: [4mhttps://sass-lang.com/d/import[0m
2025-04-16T01:48:33.4285833Z 
2025-04-16T01:48:33.4285854Z 
2025-04-16T01:48:33.4286517Z [33m▲ [43;33m[[43;30mWARNING[43;33m][0m [1mDeprecation[0m [1m[35m[plugin angular-sass][0m
2025-04-16T01:48:33.4287016Z 
2025-04-16T01:48:33.4287642Z     src/app/shared/components/main-layout/main-layout.component.scss:1:8:
2025-04-16T01:48:33.4288601Z [37m      1 │ @import [32m[37m'../../../core/design/design-tokens';
2025-04-16T01:48:33.4289323Z         ╵         [32m^[0m
2025-04-16T01:48:33.4289554Z 
2025-04-16T01:48:33.4289563Z 
2025-04-16T01:48:33.4289933Z   Sass @import rules are deprecated and will be removed in Dart Sass 3.0.0.
2025-04-16T01:48:33.4290457Z   
2025-04-16T01:48:33.4291070Z   More info and automated migrator: [4mhttps://sass-lang.com/d/import[0m
2025-04-16T01:48:33.4291504Z 
2025-04-16T01:48:33.4291518Z 
2025-04-16T01:48:33.4292192Z [33m▲ [43;33m[[43;30mWARNING[43;33m][0m [1mDeprecation[0m [1m[35m[plugin angular-sass][0m
2025-04-16T01:48:33.4292697Z 
2025-04-16T01:48:33.4293124Z     src/app/shared/emerald/components/app-card/app-card.component.scss:1:8:
2025-04-16T01:48:33.4294143Z [37m      1 │ @import [32m[37m'../../../../../app/core/design/design-tokens';
2025-04-16T01:48:33.4294730Z         ╵         [32m^[0m
2025-04-16T01:48:33.4294951Z 
2025-04-16T01:48:33.4294972Z 
2025-04-16T01:48:33.4295352Z   Sass @import rules are deprecated and will be removed in Dart Sass 3.0.0.
2025-04-16T01:48:33.4295895Z   
2025-04-16T01:48:33.4296520Z   More info and automated migrator: [4mhttps://sass-lang.com/d/import[0m
2025-04-16T01:48:33.4296980Z 
2025-04-16T01:48:33.4296989Z 
2025-04-16T01:48:33.4297665Z [33m▲ [43;33m[[43;30mWARNING[43;33m][0m [1mDeprecation[0m [1m[35m[plugin angular-sass][0m
2025-04-16T01:48:33.4298157Z 
2025-04-16T01:48:33.4298595Z     src/app/shared/emerald/components/app-card/app-card.component.scss:231:26:
2025-04-16T01:48:33.4299835Z [37m      231 │         background-color: [32m[37mdarken($danger, 10%);
2025-04-16T01:48:33.4300495Z           ╵                           [32m^[0m
2025-04-16T01:48:33.4300972Z 
2025-04-16T01:48:33.4300981Z 
2025-04-16T01:48:33.4301413Z   Global built-in functions are deprecated and will be removed in Dart Sass 3.0.0.
2025-04-16T01:48:33.4302044Z   Use color.adjust instead.
2025-04-16T01:48:33.4302382Z   
2025-04-16T01:48:33.4303001Z   More info and automated migrator: [4mhttps://sass-lang.com/d/import[0m
2025-04-16T01:48:33.4303467Z 
2025-04-16T01:48:33.4303474Z 
2025-04-16T01:48:33.4304139Z [33m▲ [43;33m[[43;30mWARNING[43;33m][0m [1mDeprecation[0m [1m[35m[plugin angular-sass][0m
2025-04-16T01:48:33.4304629Z 
2025-04-16T01:48:33.4305072Z     src/app/shared/emerald/components/app-card/app-card.component.scss:231:26:
2025-04-16T01:48:33.4306052Z [37m      231 │         background-color: [32m[37mdarken($danger, 10%);
2025-04-16T01:48:33.4306690Z           ╵                           [32m^[0m
2025-04-16T01:48:33.4306967Z 
2025-04-16T01:48:33.4306974Z 
2025-04-16T01:48:33.4307176Z   darken() is deprecated. Suggestions:
2025-04-16T01:48:33.4307564Z   
2025-04-16T01:48:33.4335877Z   color.scale($color, $lightness: -17.1140939597%)
2025-04-16T01:48:33.4336423Z   color.adjust($color, $lightness: -10%)
2025-04-16T01:48:33.4336811Z   
2025-04-16T01:48:33.4337397Z   More info: [4mhttps://sass-lang.com/d/color-functions[0m
2025-04-16T01:48:33.4337783Z 
2025-04-16T01:48:33.4337790Z 
2025-04-16T01:48:33.4338451Z [33m▲ [43;33m[[43;30mWARNING[43;33m][0m [1mDeprecation[0m [1m[35m[plugin angular-sass][0m
2025-04-16T01:48:33.4339212Z 
2025-04-16T01:48:33.4339668Z     src/app/shared/emerald/components/app-card/app-card.component.scss:240:26:
2025-04-16T01:48:33.4340677Z [37m      240 │         background-color: [32m[37mdarken($primary, 10%);
2025-04-16T01:48:33.4341306Z           ╵                           [32m^[0m
2025-04-16T01:48:33.4341587Z 
2025-04-16T01:48:33.4341596Z 
2025-04-16T01:48:33.4342007Z   Global built-in functions are deprecated and will be removed in Dart Sass 3.0.0.
2025-04-16T01:48:33.4342640Z   Use color.adjust instead.
2025-04-16T01:48:33.4342976Z   
2025-04-16T01:48:33.4343589Z   More info and automated migrator: [4mhttps://sass-lang.com/d/import[0m
2025-04-16T01:48:33.4344044Z 
2025-04-16T01:48:33.4344053Z 
2025-04-16T01:48:33.4344902Z [33m▲ [43;33m[[43;30mWARNING[43;33m][0m [1mDeprecation[0m [1m[35m[plugin angular-sass][0m
2025-04-16T01:48:33.4345422Z 
2025-04-16T01:48:33.4345866Z     src/app/shared/emerald/components/app-card/app-card.component.scss:240:26:
2025-04-16T01:48:33.4346871Z [37m      240 │         background-color: [32m[37mdarken($primary, 10%);
2025-04-16T01:48:33.4347495Z           ╵                           [32m^[0m
2025-04-16T01:48:33.4347773Z 
2025-04-16T01:48:33.4347780Z 
2025-04-16T01:48:33.4347970Z   darken() is deprecated. Suggestions:
2025-04-16T01:48:33.4348352Z   
2025-04-16T01:48:33.4348702Z   color.scale($color, $lightness: -18.1494661922%)
2025-04-16T01:48:33.4349453Z   color.adjust($color, $lightness: -10%)
2025-04-16T01:48:33.4349844Z   
2025-04-16T01:48:33.4350379Z   More info: [4mhttps://sass-lang.com/d/color-functions[0m
2025-04-16T01:48:33.4350775Z 
2025-04-16T01:48:33.4350789Z 
2025-04-16T01:48:33.4351441Z [33m▲ [43;33m[[43;30mWARNING[43;33m][0m [1mDeprecation[0m [1m[35m[plugin angular-sass][0m
2025-04-16T01:48:33.4351939Z 
2025-04-16T01:48:33.4352375Z     src/app/shared/emerald/components/app-card/app-card.component.scss:275:26:
2025-04-16T01:48:33.4353352Z [37m      275 │         background-color: [32m[37mdarken($danger, 10%);
2025-04-16T01:48:33.4353989Z           ╵                           [32m^[0m
2025-04-16T01:48:33.4354268Z 
2025-04-16T01:48:33.4354276Z 
2025-04-16T01:48:33.4354697Z   Global built-in functions are deprecated and will be removed in Dart Sass 3.0.0.
2025-04-16T01:48:33.4355322Z   Use color.adjust instead.
2025-04-16T01:48:33.4355650Z   
2025-04-16T01:48:33.4356258Z   More info and automated migrator: [4mhttps://sass-lang.com/d/import[0m
2025-04-16T01:48:33.4356724Z 
2025-04-16T01:48:33.4356731Z 
2025-04-16T01:48:33.4357387Z [33m▲ [43;33m[[43;30mWARNING[43;33m][0m [1mDeprecation[0m [1m[35m[plugin angular-sass][0m
2025-04-16T01:48:33.4358128Z 
2025-04-16T01:48:33.4358575Z     src/app/shared/emerald/components/app-card/app-card.component.scss:275:26:
2025-04-16T01:48:33.4359862Z [37m      275 │         background-color: [32m[37mdarken($danger, 10%);
2025-04-16T01:48:33.4360518Z           ╵                           [32m^[0m
2025-04-16T01:48:33.4360803Z 
2025-04-16T01:48:33.4360811Z 
2025-04-16T01:48:33.4361001Z   darken() is deprecated. Suggestions:
2025-04-16T01:48:33.4361388Z   
2025-04-16T01:48:33.4361749Z   color.scale($color, $lightness: -17.1140939597%)
2025-04-16T01:48:33.4362283Z   color.adjust($color, $lightness: -10%)
2025-04-16T01:48:33.4362679Z   
2025-04-16T01:48:33.4363220Z   More info: [4mhttps://sass-lang.com/d/color-functions[0m
2025-04-16T01:48:33.4363612Z 
2025-04-16T01:48:33.4363620Z 
2025-04-16T01:48:33.4364293Z [33m▲ [43;33m[[43;30mWARNING[43;33m][0m [1mDeprecation[0m [1m[35m[plugin angular-sass][0m
2025-04-16T01:48:33.4364821Z 
2025-04-16T01:48:33.4365270Z     src/app/shared/emerald/components/app-card/app-card.component.scss:288:26:
2025-04-16T01:48:33.4366313Z [37m      288 │         background-color: [32m[37mdarken($success, 10%);
2025-04-16T01:48:33.4366980Z           ╵                           [32m^[0m
2025-04-16T01:48:33.4367257Z 
2025-04-16T01:48:33.4367265Z 
2025-04-16T01:48:33.4367700Z   Global built-in functions are deprecated and will be removed in Dart Sass 3.0.0.
2025-04-16T01:48:33.4368351Z   Use color.adjust instead.
2025-04-16T01:48:33.4368683Z   
2025-04-16T01:48:33.4369500Z   More info and automated migrator: [4mhttps://sass-lang.com/d/import[0m
2025-04-16T01:48:33.4369989Z 
2025-04-16T01:48:33.4369997Z 
2025-04-16T01:48:33.4370674Z [33m▲ [43;33m[[43;30mWARNING[43;33m][0m [1mDeprecation[0m [1m[35m[plugin angular-sass][0m
2025-04-16T01:48:33.4371192Z 
2025-04-16T01:48:33.4371647Z     src/app/shared/emerald/components/app-card/app-card.component.scss:288:26:
2025-04-16T01:48:33.4372693Z [37m      288 │         background-color: [32m[37mdarken($success, 10%);
2025-04-16T01:48:33.4373336Z           ╵                           [32m^[0m
2025-04-16T01:48:33.4373624Z 
2025-04-16T01:48:33.4373632Z 
2025-04-16T01:48:33.4374002Z   darken() is deprecated. Suggestions:
2025-04-16T01:48:33.4374376Z   
2025-04-16T01:48:33.4374737Z   color.scale($color, $lightness: -20.3187250996%)
2025-04-16T01:48:33.4375272Z   color.adjust($color, $lightness: -10%)
2025-04-16T01:48:33.4375646Z   
2025-04-16T01:48:33.4376184Z   More info: [4mhttps://sass-lang.com/d/color-functions[0m
2025-04-16T01:48:33.4376561Z 
2025-04-16T01:48:33.4376569Z 
2025-04-16T01:48:33.4377221Z [33m▲ [43;33m[[43;30mWARNING[43;33m][0m [1mDeprecation[0m [1m[35m[plugin angular-sass][0m
2025-04-16T01:48:33.4377736Z 
2025-04-16T01:48:33.4378140Z     src/app/shared/emerald/components/avatar/avatar.component.scss:1:8:
2025-04-16T01:48:33.4379320Z [37m      1 │ @import [32m[37m'../../../../core/design/design-tokens';
2025-04-16T01:48:33.4379912Z         ╵         [32m^[0m
2025-04-16T01:48:33.4380133Z 
2025-04-16T01:48:33.4380141Z 
2025-04-16T01:48:33.4380530Z   Sass @import rules are deprecated and will be removed in Dart Sass 3.0.0.
2025-04-16T01:48:33.4381104Z   
2025-04-16T01:48:33.4381732Z   More info and automated migrator: [4mhttps://sass-lang.com/d/import[0m
2025-04-16T01:48:33.4382192Z 
2025-04-16T01:48:33.4382200Z 
2025-04-16T01:48:33.4382869Z [33m▲ [43;33m[[43;30mWARNING[43;33m][0m [1mDeprecation[0m [1m[35m[plugin angular-sass][0m
2025-04-16T01:48:33.4383379Z 
2025-04-16T01:48:33.4383831Z     src/app/shared/emerald/components/card-grid/card-grid.component.scss:1:8:
2025-04-16T01:48:33.4384824Z [37m      1 │ @import [32m[37m'../../../../core/design/design-tokens';
2025-04-16T01:48:33.4385381Z         ╵         [32m^[0m
2025-04-16T01:48:33.4385608Z 
2025-04-16T01:48:33.4385615Z 
2025-04-16T01:48:33.4385988Z   Sass @import rules are deprecated and will be removed in Dart Sass 3.0.0.
2025-04-16T01:48:33.4386774Z   
2025-04-16T01:48:33.4387411Z   More info and automated migrator: [4mhttps://sass-lang.com/d/import[0m
2025-04-16T01:48:33.4387901Z 
2025-04-16T01:48:33.4387909Z 
2025-04-16T01:48:33.4388599Z [33m▲ [43;33m[[43;30mWARNING[43;33m][0m [1mDeprecation[0m [1m[35m[plugin angular-sass][0m
2025-04-16T01:48:33.4389267Z 
2025-04-16T01:48:33.4389720Z     src/app/shared/emerald/components/carousel/carousel.component.scss:1:8:
2025-04-16T01:48:33.4390721Z [37m      1 │ @import [32m[37m'../../../../core/design/design-tokens';
2025-04-16T01:48:33.4391286Z         ╵         [32m^[0m
2025-04-16T01:48:33.4391508Z 
2025-04-16T01:48:33.4391521Z 
2025-04-16T01:48:33.4391898Z   Sass @import rules are deprecated and will be removed in Dart Sass 3.0.0.
2025-04-16T01:48:33.4392449Z   
2025-04-16T01:48:33.4393077Z   More info and automated migrator: [4mhttps://sass-lang.com/d/import[0m
2025-04-16T01:48:33.4393553Z 
2025-04-16T01:48:33.4393560Z 
2025-04-16T01:48:33.4394238Z [33m▲ [43;33m[[43;30mWARNING[43;33m][0m [1mDeprecation[0m [1m[35m[plugin angular-sass][0m
2025-04-16T01:48:33.4394752Z 
2025-04-16T01:48:33.4395425Z     src/app/shared/emerald/components/floating-action-button/floating-action-button.component.scss:1:8:
2025-04-16T01:48:33.4396637Z [37m      1 │ @import [32m[37m'../../../../core/design/design-tokens';
2025-04-16T01:48:33.4397202Z         ╵         [32m^[0m
2025-04-16T01:48:33.4397423Z 
2025-04-16T01:48:33.4397430Z 
2025-04-16T01:48:33.4397806Z   Sass @import rules are deprecated and will be removed in Dart Sass 3.0.0.
2025-04-16T01:48:33.4398368Z   
2025-04-16T01:48:33.4399203Z   More info and automated migrator: [4mhttps://sass-lang.com/d/import[0m
2025-04-16T01:48:33.4399685Z 
2025-04-16T01:48:33.4399693Z 
2025-04-16T01:48:33.4400388Z [33m▲ [43;33m[[43;30mWARNING[43;33m][0m [1mDeprecation[0m [1m[35m[plugin angular-sass][0m
2025-04-16T01:48:33.4400898Z 
2025-04-16T01:48:33.4401366Z     src/app/shared/emerald/components/info-panel/info-panel.component.scss:1:8:
2025-04-16T01:48:33.4402399Z [37m      1 │ @import [32m[37m'../../../../core/design/design-tokens';
2025-04-16T01:48:33.4402974Z         ╵         [32m^[0m
2025-04-16T01:48:33.4403203Z 
2025-04-16T01:48:33.4403210Z 
2025-04-16T01:48:33.4403765Z   Sass @import rules are deprecated and will be removed in Dart Sass 3.0.0.
2025-04-16T01:48:33.4404339Z   
2025-04-16T01:48:33.4404983Z   More info and automated migrator: [4mhttps://sass-lang.com/d/import[0m
2025-04-16T01:48:33.4405453Z 
2025-04-16T01:48:33.4405461Z 
2025-04-16T01:48:33.4406144Z [33m▲ [43;33m[[43;30mWARNING[43;33m][0m [1mDeprecation[0m [1m[35m[plugin angular-sass][0m
2025-04-16T01:48:33.4406655Z 
2025-04-16T01:48:33.4407054Z     src/app/shared/emerald/components/label/label.component.scss:1:8:
2025-04-16T01:48:33.4408014Z [37m      1 │ @import [32m[37m'../../../../core/design/design-tokens';
2025-04-16T01:48:33.4408583Z         ╵         [32m^[0m
2025-04-16T01:48:33.4408810Z 
2025-04-16T01:48:33.4408818Z 
2025-04-16T01:48:33.4409357Z   Sass @import rules are deprecated and will be removed in Dart Sass 3.0.0.
2025-04-16T01:48:33.4409924Z   
2025-04-16T01:48:33.4410556Z   More info and automated migrator: [4mhttps://sass-lang.com/d/import[0m
2025-04-16T01:48:33.4411043Z 
2025-04-16T01:48:33.4411052Z 
2025-04-16T01:48:33.4411722Z [33m▲ [43;33m[[43;30mWARNING[43;33m][0m [1mDeprecation[0m [1m[35m[plugin angular-sass][0m
2025-04-16T01:48:33.4412222Z 
2025-04-16T01:48:33.4412620Z     src/app/shared/emerald/components/label/label.component.scss:4:14:
2025-04-16T01:48:33.4413499Z [37m      4 │ $success-100: [32m[37mlighten($success, 40%);
2025-04-16T01:48:33.4414069Z         ╵               [32m^[0m
2025-04-16T01:48:33.4414317Z 
2025-04-16T01:48:33.4414324Z 
2025-04-16T01:48:33.4414770Z   Global built-in functions are deprecated and will be removed in Dart Sass 3.0.0.
2025-04-16T01:48:33.4415419Z   Use color.adjust instead.
2025-04-16T01:48:33.4415749Z   
2025-04-16T01:48:33.4416369Z   More info and automated migrator: [4mhttps://sass-lang.com/d/import[0m
2025-04-16T01:48:33.4417079Z 
2025-04-16T01:48:33.4417087Z 
2025-04-16T01:48:33.4417771Z [33m▲ [43;33m[[43;30mWARNING[43;33m][0m [1mDeprecation[0m [1m[35m[plugin angular-sass][0m
2025-04-16T01:48:33.4418298Z 
2025-04-16T01:48:33.4418693Z     src/app/shared/emerald/components/label/label.component.scss:4:14:
2025-04-16T01:48:33.4419767Z [37m      4 │ $success-100: [32m[37mlighten($success, 40%);
2025-04-16T01:48:33.4420335Z         ╵               [32m^[0m
2025-04-16T01:48:33.4420583Z 
2025-04-16T01:48:33.4420591Z 
2025-04-16T01:48:33.4420782Z   lighten() is deprecated. Suggestions:
2025-04-16T01:48:33.4421176Z   
2025-04-16T01:48:33.4421529Z   color.scale($color, $lightness: 78.7644787645%)
2025-04-16T01:48:33.4422049Z   color.adjust($color, $lightness: 40%)
2025-04-16T01:48:33.4422422Z   
2025-04-16T01:48:33.4422949Z   More info: [4mhttps://sass-lang.com/d/color-functions[0m
2025-04-16T01:48:33.4423340Z 
2025-04-16T01:48:33.4423354Z 
2025-04-16T01:48:33.4424031Z [33m▲ [43;33m[[43;30mWARNING[43;33m][0m [1mDeprecation[0m [1m[35m[plugin angular-sass][0m
2025-04-16T01:48:33.4424535Z 
2025-04-16T01:48:33.4424939Z     src/app/shared/emerald/components/label/label.component.scss:5:14:
2025-04-16T01:48:33.4425836Z [37m      5 │ $success-300: [32m[37mlighten($success, 20%);
2025-04-16T01:48:33.4426408Z         ╵               [32m^[0m
2025-04-16T01:48:33.4426647Z 
2025-04-16T01:48:33.4426655Z 
2025-04-16T01:48:33.4427089Z   Global built-in functions are deprecated and will be removed in Dart Sass 3.0.0.
2025-04-16T01:48:33.4427749Z   Use color.adjust instead.
2025-04-16T01:48:33.4428079Z   
2025-04-16T01:48:33.4428702Z   More info and automated migrator: [4mhttps://sass-lang.com/d/import[0m
2025-04-16T01:48:33.4429400Z 
2025-04-16T01:48:33.4429408Z 
2025-04-16T01:48:33.4430114Z [33m▲ [43;33m[[43;30mWARNING[43;33m][0m [1mDeprecation[0m [1m[35m[plugin angular-sass][0m
2025-04-16T01:48:33.4430639Z 
2025-04-16T01:48:33.4431035Z     src/app/shared/emerald/components/label/label.component.scss:5:14:
2025-04-16T01:48:33.4431948Z [37m      5 │ $success-300: [32m[37mlighten($success, 20%);
2025-04-16T01:48:33.4432520Z         ╵               [32m^[0m
2025-04-16T01:48:33.4432960Z 
2025-04-16T01:48:33.4432970Z 
2025-04-16T01:48:33.4433172Z   lighten() is deprecated. Suggestions:
2025-04-16T01:48:33.4433568Z   
2025-04-16T01:48:33.4433925Z   color.scale($color, $lightness: 39.3822393822%)
2025-04-16T01:48:33.4434448Z   color.adjust($color, $lightness: 20%)
2025-04-16T01:48:33.4434819Z   
2025-04-16T01:48:33.4435352Z   More info: [4mhttps://sass-lang.com/d/color-functions[0m
2025-04-16T01:48:33.4435743Z 
2025-04-16T01:48:33.4435751Z 
2025-04-16T01:48:33.4436428Z [33m▲ [43;33m[[43;30mWARNING[43;33m][0m [1mDeprecation[0m [1m[35m[plugin angular-sass][0m
2025-04-16T01:48:33.4436937Z 
2025-04-16T01:48:33.4437334Z     src/app/shared/emerald/components/label/label.component.scss:6:14:
2025-04-16T01:48:33.4438191Z [37m      6 │ $success-700: [32m[37mdarken($success, 10%);
2025-04-16T01:48:33.4438747Z         ╵               [32m^[0m
2025-04-16T01:48:33.4439154Z 
2025-04-16T01:48:33.4439161Z 
2025-04-16T01:48:33.4439612Z   Global built-in functions are deprecated and will be removed in Dart Sass 3.0.0.
2025-04-16T01:48:33.4440263Z   Use color.adjust instead.
2025-04-16T01:48:33.4440588Z   
2025-04-16T01:48:33.4441202Z   More info and automated migrator: [4mhttps://sass-lang.com/d/import[0m
2025-04-16T01:48:33.4441671Z 
2025-04-16T01:48:33.4441679Z 
2025-04-16T01:48:33.4442334Z [33m▲ [43;33m[[43;30mWARNING[43;33m][0m [1mDeprecation[0m [1m[35m[plugin angular-sass][0m
2025-04-16T01:48:33.4442830Z 
2025-04-16T01:48:33.4443220Z     src/app/shared/emerald/components/label/label.component.scss:6:14:
2025-04-16T01:48:33.4444088Z [37m      6 │ $success-700: [32m[37mdarken($success, 10%);
2025-04-16T01:48:33.4444677Z         ╵               [32m^[0m
2025-04-16T01:48:33.4444928Z 
2025-04-16T01:48:33.4444936Z 
2025-04-16T01:48:33.4445330Z   darken() is deprecated. Suggestions:
2025-04-16T01:48:33.4445716Z   
2025-04-16T01:48:33.4446085Z   color.scale($color, $lightness: -20.3187250996%)
2025-04-16T01:48:33.4446630Z   color.adjust($color, $lightness: -10%)
2025-04-16T01:48:33.4447040Z   
2025-04-16T01:48:33.4447585Z   More info: [4mhttps://sass-lang.com/d/color-functions[0m
2025-04-16T01:48:33.4447999Z 
2025-04-16T01:48:33.4448008Z 
2025-04-16T01:48:33.4448684Z [33m▲ [43;33m[[43;30mWARNING[43;33m][0m [1mDeprecation[0m [1m[35m[plugin angular-sass][0m
2025-04-16T01:48:33.4449446Z 
2025-04-16T01:48:33.4449855Z     src/app/shared/emerald/components/label/label.component.scss:8:14:
2025-04-16T01:48:33.4450740Z [37m      8 │ $warning-100: [32m[37mlighten($warning, 40%);
2025-04-16T01:48:33.4451312Z         ╵               [32m^[0m
2025-04-16T01:48:33.4451554Z 
2025-04-16T01:48:33.4451561Z 
2025-04-16T01:48:33.4451996Z   Global built-in functions are deprecated and will be removed in Dart Sass 3.0.0.
2025-04-16T01:48:33.4452651Z   Use color.adjust instead.
2025-04-16T01:48:33.4453011Z   
2025-04-16T01:48:33.4453724Z   More info and automated migrator: [4mhttps://sass-lang.com/d/import[0m
2025-04-16T01:48:33.4454237Z 
2025-04-16T01:48:33.4454253Z 
2025-04-16T01:48:33.4455011Z [33m▲ [43;33m[[43;30mWARNING[43;33m][0m [1mDeprecation[0m [1m[35m[plugin angular-sass][0m
2025-04-16T01:48:33.4455574Z 
2025-04-16T01:48:33.4456009Z     src/app/shared/emerald/components/label/label.component.scss:8:14:
2025-04-16T01:48:33.4456897Z [37m      8 │ $warning-100: [32m[37mlighten($warning, 40%);
2025-04-16T01:48:33.4457424Z         ╵               [32m^[0m
2025-04-16T01:48:33.4457644Z 
2025-04-16T01:48:33.4457652Z 
2025-04-16T01:48:33.4457837Z   lighten() is deprecated. Suggestions:
2025-04-16T01:48:33.4458214Z   
2025-04-16T01:48:33.4458581Z   color.scale($color, $lightness: 82.2580645161%)
2025-04-16T01:48:33.4459324Z   color.adjust($color, $lightness: 40%)
2025-04-16T01:48:33.4459721Z   
2025-04-16T01:48:33.4460279Z   More info: [4mhttps://sass-lang.com/d/color-functions[0m
2025-04-16T01:48:33.4460695Z 
2025-04-16T01:48:33.4460703Z 
2025-04-16T01:48:33.4461413Z [33m▲ [43;33m[[43;30mWARNING[43;33m][0m [1mDeprecation[0m [1m[35m[plugin angular-sass][0m
2025-04-16T01:48:33.4462133Z 
2025-04-16T01:48:33.4462567Z     src/app/shared/emerald/components/label/label.component.scss:9:14:
2025-04-16T01:48:33.4463523Z [37m      9 │ $warning-300: [32m[37mlighten($warning, 20%);
2025-04-16T01:48:33.4464138Z         ╵               [32m^[0m
2025-04-16T01:48:33.4464397Z 
2025-04-16T01:48:33.4464405Z 
2025-04-16T01:48:33.4464861Z   Global built-in functions are deprecated and will be removed in Dart Sass 3.0.0.
2025-04-16T01:48:33.4465549Z   Use color.adjust instead.
2025-04-16T01:48:33.4465893Z   
2025-04-16T01:48:33.4466578Z   More info and automated migrator: [4mhttps://sass-lang.com/d/import[0m
2025-04-16T01:48:33.4467093Z 
2025-04-16T01:48:33.4467102Z 
2025-04-16T01:48:33.4467821Z [33m▲ [43;33m[[43;30mWARNING[43;33m][0m [1mDeprecation[0m [1m[35m[plugin angular-sass][0m
2025-04-16T01:48:33.4468389Z 
2025-04-16T01:48:33.4468821Z     src/app/shared/emerald/components/label/label.component.scss:9:14:
2025-04-16T01:48:33.4470089Z [37m      9 │ $warning-300: [32m[37mlighten($warning, 20%);
2025-04-16T01:48:33.4470726Z         ╵               [32m^[0m
2025-04-16T01:48:33.4470988Z 
2025-04-16T01:48:33.4471004Z 
2025-04-16T01:48:33.4471213Z   lighten() is deprecated. Suggestions:
2025-04-16T01:48:33.4471621Z   
2025-04-16T01:48:33.4472001Z   color.scale($color, $lightness: 41.1290322581%)
2025-04-16T01:48:33.4472541Z   color.adjust($color, $lightness: 20%)
2025-04-16T01:48:33.4472936Z   
2025-04-16T01:48:33.4473508Z   More info: [4mhttps://sass-lang.com/d/color-functions[0m
2025-04-16T01:48:33.4473920Z 
2025-04-16T01:48:33.4473928Z 
2025-04-16T01:48:33.4474641Z [33m▲ [43;33m[[43;30mWARNING[43;33m][0m [1mDeprecation[0m [1m[35m[plugin angular-sass][0m
2025-04-16T01:48:33.4475178Z 
2025-04-16T01:48:33.4475681Z     src/app/shared/emerald/components/page-header/page-header.component.scss:1:8:
2025-04-16T01:48:33.4476968Z [37m      1 │ @import [32m[37m'../../../../core/design/design-tokens';
2025-04-16T01:48:33.4477597Z         ╵         [32m^[0m
2025-04-16T01:48:33.4477857Z 
2025-04-16T01:48:33.4477866Z 
2025-04-16T01:48:33.4478261Z   Sass @import rules are deprecated and will be removed in Dart Sass 3.0.0.
2025-04-16T01:48:33.4479025Z   
2025-04-16T01:48:33.4479713Z   More info and automated migrator: [4mhttps://sass-lang.com/d/import[0m
2025-04-16T01:48:33.4480210Z 
2025-04-16T01:48:33.4480219Z 
2025-04-16T01:48:33.4480918Z [33m▲ [43;33m[[43;30mWARNING[43;33m][0m [1mDeprecation[0m [1m[35m[plugin angular-sass][0m
2025-04-16T01:48:33.4481481Z 
2025-04-16T01:48:33.4482000Z     src/app/shared/emerald/components/page-header/page-header.component.scss:8:14:
2025-04-16T01:48:33.4483066Z [37m      8 │ $primary-700: [32m[37mdarken($primary-500, 10%);
2025-04-16T01:48:33.4483697Z         ╵               [32m^[0m
2025-04-16T01:48:33.4483978Z 
2025-04-16T01:48:33.4483986Z 
2025-04-16T01:48:33.4484435Z   Global built-in functions are deprecated and will be removed in Dart Sass 3.0.0.
2025-04-16T01:48:33.4485122Z   Use color.adjust instead.
2025-04-16T01:48:33.4485473Z   
2025-04-16T01:48:33.4486145Z   More info and automated migrator: [4mhttps://sass-lang.com/d/import[0m
2025-04-16T01:48:33.4486644Z 
2025-04-16T01:48:33.4486652Z 
2025-04-16T01:48:33.4487365Z [33m▲ [43;33m[[43;30mWARNING[43;33m][0m [1mDeprecation[0m [1m[35m[plugin angular-sass][0m
2025-04-16T01:48:33.4487917Z 
2025-04-16T01:48:33.4488422Z     src/app/shared/emerald/components/page-header/page-header.component.scss:8:14:
2025-04-16T01:48:33.4489762Z [37m      8 │ $primary-700: [32m[37mdarken($primary-500, 10%);
2025-04-16T01:48:33.4490405Z         ╵               [32m^[0m
2025-04-16T01:48:33.4490665Z 
2025-04-16T01:48:33.4490673Z 
2025-04-16T01:48:33.4490883Z   darken() is deprecated. Suggestions:
2025-04-16T01:48:33.4491285Z   
2025-04-16T01:48:33.4491690Z   color.scale($color, $lightness: -18.1494661922%)
2025-04-16T01:48:33.4492241Z   color.adjust($color, $lightness: -10%)
2025-04-16T01:48:33.4492657Z   
2025-04-16T01:48:33.4493381Z   More info: [4mhttps://sass-lang.com/d/color-functions[0m
2025-04-16T01:48:33.4493825Z 
2025-04-16T01:48:33.4493834Z 
2025-04-16T01:48:33.4494554Z [33m▲ [43;33m[[43;30mWARNING[43;33m][0m [1mDeprecation[0m [1m[35m[plugin angular-sass][0m
2025-04-16T01:48:33.4495101Z 
2025-04-16T01:48:33.4495631Z     src/app/shared/emerald/components/page-header/page-header.component.scss:226:26:
2025-04-16T01:48:33.4496764Z [37m      226 │         background-color: [32m[37mdarken($primary, 10%);
2025-04-16T01:48:33.4497451Z           ╵                           [32m^[0m
2025-04-16T01:48:33.4497742Z 
2025-04-16T01:48:33.4497751Z 
2025-04-16T01:48:33.4498204Z   Global built-in functions are deprecated and will be removed in Dart Sass 3.0.0.
2025-04-16T01:48:33.4499261Z   Use color.adjust instead.
2025-04-16T01:48:33.4499609Z   
2025-04-16T01:48:33.4500265Z   More info and automated migrator: [4mhttps://sass-lang.com/d/import[0m
2025-04-16T01:48:33.4500756Z 
2025-04-16T01:48:33.4500765Z 
2025-04-16T01:48:33.4501527Z [33m▲ [43;33m[[43;30mWARNING[43;33m][0m [1mDeprecation[0m [1m[35m[plugin angular-sass][0m
2025-04-16T01:48:33.4502085Z 
2025-04-16T01:48:33.4502832Z     src/app/shared/emerald/components/page-header/page-header.component.scss:226:26:
2025-04-16T01:48:33.4504197Z [37m      226 │         background-color: [32m[37mdarken($primary, 10%);
2025-04-16T01:48:33.4504948Z           ╵                           [32m^[0m
2025-04-16T01:48:33.4505442Z 
2025-04-16T01:48:33.4505450Z 
2025-04-16T01:48:33.4505670Z   darken() is deprecated. Suggestions:
2025-04-16T01:48:33.4506100Z   
2025-04-16T01:48:33.4506672Z   color.scale($color, $lightness: -18.1494661922%)
2025-04-16T01:48:33.4507238Z   color.adjust($color, $lightness: -10%)
2025-04-16T01:48:33.4507654Z   
2025-04-16T01:48:33.4508234Z   More info: [4mhttps://sass-lang.com/d/color-functions[0m
2025-04-16T01:48:33.4509111Z 
2025-04-16T01:48:33.4509119Z 
2025-04-16T01:48:33.4509872Z [33m▲ [43;33m[[43;30mWARNING[43;33m][0m [1mDeprecation[0m [1m[35m[plugin angular-sass][0m
2025-04-16T01:48:33.4510431Z 
2025-04-16T01:48:33.4510972Z     src/app/shared/emerald/components/page-header/page-header.component.scss:244:26:
2025-04-16T01:48:33.4512093Z [37m      244 │         background-color: [32m[37mdarken($success, 10%);
2025-04-16T01:48:33.4512793Z           ╵                           [32m^[0m
2025-04-16T01:48:33.4513084Z 
2025-04-16T01:48:33.4513099Z 
2025-04-16T01:48:33.4513551Z   Global built-in functions are deprecated and will be removed in Dart Sass 3.0.0.
2025-04-16T01:48:33.4514227Z   Use color.adjust instead.
2025-04-16T01:48:33.4514571Z   
2025-04-16T01:48:33.4515240Z   More info and automated migrator: [4mhttps://sass-lang.com/d/import[0m
2025-04-16T01:48:33.4515728Z 
2025-04-16T01:48:33.4515736Z 
2025-04-16T01:48:33.4516442Z [33m▲ [43;33m[[43;30mWARNING[43;33m][0m [1mDeprecation[0m [1m[35m[plugin angular-sass][0m
2025-04-16T01:48:33.4517047Z 
2025-04-16T01:48:33.4517565Z     src/app/shared/emerald/components/page-header/page-header.component.scss:244:26:
2025-04-16T01:48:33.4518711Z [37m      244 │         background-color: [32m[37mdarken($success, 10%);
2025-04-16T01:48:33.4519658Z           ╵                           [32m^[0m
2025-04-16T01:48:33.4519970Z 
2025-04-16T01:48:33.4519978Z 
2025-04-16T01:48:33.4520177Z   darken() is deprecated. Suggestions:
2025-04-16T01:48:33.4520584Z   
2025-04-16T01:48:33.4520962Z   color.scale($color, $lightness: -20.3187250996%)
2025-04-16T01:48:33.4521512Z   color.adjust($color, $lightness: -10%)
2025-04-16T01:48:33.4521920Z   
2025-04-16T01:48:33.4522480Z   More info: [4mhttps://sass-lang.com/d/color-functions[0m
2025-04-16T01:48:33.4522896Z 
2025-04-16T01:48:33.4522904Z 
2025-04-16T01:48:33.4523612Z [33m▲ [43;33m[[43;30mWARNING[43;33m][0m [1mDeprecation[0m [1m[35m[plugin angular-sass][0m
2025-04-16T01:48:33.4524157Z 
2025-04-16T01:48:33.4524685Z     src/app/shared/emerald/components/page-header/page-header.component.scss:253:26:
2025-04-16T01:48:33.4525995Z [37m      253 │         background-color: [32m[37mdarken($danger, 10%);
2025-04-16T01:48:33.4527062Z           ╵                           [32m^[0m
2025-04-16T01:48:33.4527362Z 
2025-04-16T01:48:33.4527370Z 
2025-04-16T01:48:33.4527819Z   Global built-in functions are deprecated and will be removed in Dart Sass 3.0.0.
2025-04-16T01:48:33.4528504Z   Use color.adjust instead.
2025-04-16T01:48:33.4529073Z   
2025-04-16T01:48:33.4529779Z   More info and automated migrator: [4mhttps://sass-lang.com/d/import[0m
2025-04-16T01:48:33.4530277Z 
2025-04-16T01:48:33.4530285Z 
2025-04-16T01:48:33.4530997Z [33m▲ [43;33m[[43;30mWARNING[43;33m][0m [1mDeprecation[0m [1m[35m[plugin angular-sass][0m
2025-04-16T01:48:33.4531539Z 
2025-04-16T01:48:33.4532074Z     src/app/shared/emerald/components/page-header/page-header.component.scss:253:26:
2025-04-16T01:48:33.4533550Z [37m      253 │         background-color: [32m[37mdarken($danger, 10%);
2025-04-16T01:48:33.4534275Z           ╵                           [32m^[0m
2025-04-16T01:48:33.4534584Z 
2025-04-16T01:48:33.4534605Z 
2025-04-16T01:48:33.4534812Z   darken() is deprecated. Suggestions:
2025-04-16T01:48:33.4535224Z   
2025-04-16T01:48:33.4535606Z   color.scale($color, $lightness: -17.1140939597%)
2025-04-16T01:48:33.4536167Z   color.adjust($color, $lightness: -10%)
2025-04-16T01:48:33.4536576Z   
2025-04-16T01:48:33.4537141Z   More info: [4mhttps://sass-lang.com/d/color-functions[0m
2025-04-16T01:48:33.4537560Z 
2025-04-16T01:48:33.4537577Z 
2025-04-16T01:48:33.4538284Z [33m▲ [43;33m[[43;30mWARNING[43;33m][0m [1mDeprecation[0m [1m[35m[plugin angular-sass][0m
2025-04-16T01:48:33.4538823Z 
2025-04-16T01:48:33.4539533Z     src/app/shared/emerald/components/page-header/page-header.component.scss:262:26:
2025-04-16T01:48:33.4540663Z [37m      262 │         background-color: [32m[37mdarken($warning, 10%);
2025-04-16T01:48:33.4541555Z           ╵                           [32m^[0m
2025-04-16T01:48:33.4541857Z 
2025-04-16T01:48:33.4541865Z 
2025-04-16T01:48:33.4542329Z   Global built-in functions are deprecated and will be removed in Dart Sass 3.0.0.
2025-04-16T01:48:33.4543005Z   Use color.adjust instead.
2025-04-16T01:48:33.4543357Z   
2025-04-16T01:48:33.4544022Z   More info and automated migrator: [4mhttps://sass-lang.com/d/import[0m
2025-04-16T01:48:33.4544549Z 
2025-04-16T01:48:33.4544557Z 
2025-04-16T01:48:33.4545595Z [33m▲ [43;33m[[43;30mWARNING[43;33m][0m [1mDeprecation[0m [1m[35m[plugin angular-sass][0m
2025-04-16T01:48:33.4546424Z 
2025-04-16T01:48:33.4546971Z     src/app/shared/emerald/components/page-header/page-header.component.scss:262:26:
2025-04-16T01:48:33.4548147Z [37m      262 │         background-color: [32m[37mdarken($warning, 10%);
2025-04-16T01:48:33.4549370Z           ╵                           [32m^[0m
2025-04-16T01:48:33.4549721Z 
2025-04-16T01:48:33.4549730Z 
2025-04-16T01:48:33.4549951Z   darken() is deprecated. Suggestions:
2025-04-16T01:48:33.4550356Z   
2025-04-16T01:48:33.4550744Z   color.scale($color, $lightness: -19.465648855%)
2025-04-16T01:48:33.4551292Z   color.adjust($color, $lightness: -10%)
2025-04-16T01:48:33.4551679Z   
2025-04-16T01:48:33.4552220Z   More info: [4mhttps://sass-lang.com/d/color-functions[0m
2025-04-16T01:48:33.4552609Z 
2025-04-16T01:48:33.4552617Z 
2025-04-16T01:48:33.4553299Z [33m▲ [43;33m[[43;30mWARNING[43;33m][0m [1mDeprecation[0m [1m[35m[plugin angular-sass][0m
2025-04-16T01:48:33.4553809Z 
2025-04-16T01:48:33.4554227Z     src/app/shared/emerald/components/pager/pager.component.scss:1:8:
2025-04-16T01:48:33.4555239Z [37m      1 │ @import [32m[37m'../../../../core/design/design-tokens';
2025-04-16T01:48:33.4555843Z         ╵         [32m^[0m
2025-04-16T01:48:33.4556078Z 
2025-04-16T01:48:33.4556087Z 
2025-04-16T01:48:33.4556491Z   Sass @import rules are deprecated and will be removed in Dart Sass 3.0.0.
2025-04-16T01:48:33.4557080Z   
2025-04-16T01:48:33.4557739Z   More info and automated migrator: [4mhttps://sass-lang.com/d/import[0m
2025-04-16T01:48:33.4558233Z 
2025-04-16T01:48:33.4558241Z 
2025-04-16T01:48:33.4559272Z [33m▲ [43;33m[[43;30mWARNING[43;33m][0m [1mDeprecation[0m [1m[35m[plugin angular-sass][0m
2025-04-16T01:48:33.4559824Z 
2025-04-16T01:48:33.4560396Z     src/app/shared/emerald/components/skeleton-loader/skeleton-loader.component.scss:1:8:
2025-04-16T01:48:33.4561528Z [37m      1 │ @import [32m[37m'../../../../core/design/design-tokens';
2025-04-16T01:48:33.4562098Z         ╵         [32m^[0m
2025-04-16T01:48:33.4562327Z 
2025-04-16T01:48:33.4562334Z 
2025-04-16T01:48:33.4562720Z   Sass @import rules are deprecated and will be removed in Dart Sass 3.0.0.
2025-04-16T01:48:33.4563308Z   
2025-04-16T01:48:33.4563970Z   More info and automated migrator: [4mhttps://sass-lang.com/d/import[0m
2025-04-16T01:48:33.4564478Z 
2025-04-16T01:48:33.4564486Z 
2025-04-16T01:48:33.4565225Z [33m▲ [43;33m[[43;30mWARNING[43;33m][0m [1mDeprecation[0m [1m[35m[plugin angular-sass][0m
2025-04-16T01:48:33.4565773Z 
2025-04-16T01:48:33.4566215Z     src/app/shared/emerald/components/toggle/toggle.component.scss:1:8:
2025-04-16T01:48:33.4567234Z [37m      1 │ @import [32m[37m'../../../../core/design/design-tokens';
2025-04-16T01:48:33.4568144Z         ╵         [32m^[0m
2025-04-16T01:48:33.4568401Z 
2025-04-16T01:48:33.4568410Z 
2025-04-16T01:48:33.4568808Z   Sass @import rules are deprecated and will be removed in Dart Sass 3.0.0.
2025-04-16T01:48:33.4570723Z   
2025-04-16T01:48:33.4571423Z   More info and automated migrator: [4mhttps://sass-lang.com/d/import[0m
2025-04-16T01:48:33.4571920Z 
2025-04-16T01:48:33.4571929Z 
2025-04-16T01:48:33.4572639Z [33m▲ [43;33m[[43;30mWARNING[43;33m][0m [1mDeprecation[0m [1m[35m[plugin angular-sass][0m
2025-04-16T01:48:33.4573169Z 
2025-04-16T01:48:33.4573586Z     src/app/shared/emerald/tinder-card/tinder-card.component.scss:1:8:
2025-04-16T01:48:33.4574707Z [37m      1 │ @import [32m[37m'../../../../styles/scss/variables';
2025-04-16T01:48:33.4575294Z         ╵         [32m^[0m
2025-04-16T01:48:33.4575525Z 
2025-04-16T01:48:33.4575533Z 
2025-04-16T01:48:33.4575944Z   Sass @import rules are deprecated and will be removed in Dart Sass 3.0.0.
2025-04-16T01:48:33.4576511Z   
2025-04-16T01:48:33.4577178Z   More info and automated migrator: [4mhttps://sass-lang.com/d/import[0m
2025-04-16T01:48:33.4577660Z 
2025-04-16T01:48:33.4577667Z 
2025-04-16T01:48:33.4578367Z [33m▲ [43;33m[[43;30mWARNING[43;33m][0m [1mDeprecation[0m [1m[35m[plugin angular-sass][0m
2025-04-16T01:48:33.4579082Z 
2025-04-16T01:48:33.4579771Z     src/app/shared/emerald/tinder-card/tinder-card.component.scss:2:8:
2025-04-16T01:48:33.4580740Z [37m      2 │ @import [32m[37m'../../../../styles/scss/mixins';
2025-04-16T01:48:33.4581302Z         ╵         [32m^[0m
2025-04-16T01:48:33.4581540Z 
2025-04-16T01:48:33.4581548Z 
2025-04-16T01:48:33.4581958Z   Sass @import rules are deprecated and will be removed in Dart Sass 3.0.0.
2025-04-16T01:48:33.4582822Z   
2025-04-16T01:48:33.4583508Z   More info and automated migrator: [4mhttps://sass-lang.com/d/import[0m
2025-04-16T01:48:33.4584001Z 
2025-04-16T01:48:33.4584010Z 
2025-04-16T01:48:33.4584710Z [33m▲ [43;33m[[43;30mWARNING[43;33m][0m [1mDeprecation[0m [1m[35m[plugin angular-sass][0m
2025-04-16T01:48:33.4585236Z 
2025-04-16T01:48:33.4585461Z     src/app/core/design/components.scss:8:8:
2025-04-16T01:48:33.4586144Z [37m      8 │ @import [32m[37m'design-tokens';
2025-04-16T01:48:33.4586655Z         ╵         [32m^[0m
2025-04-16T01:48:33.4586891Z 
2025-04-16T01:48:33.4586898Z 
2025-04-16T01:48:33.4587280Z   Sass @import rules are deprecated and will be removed in Dart Sass 3.0.0.
2025-04-16T01:48:33.4587856Z   
2025-04-16T01:48:33.4588516Z   More info and automated migrator: [4mhttps://sass-lang.com/d/import[0m
2025-04-16T01:48:33.4589241Z 
2025-04-16T01:48:33.4589534Z   The plugin "angular-sass" was triggered by this import
2025-04-16T01:48:33.4589914Z 
2025-04-16T01:48:33.4590119Z     angular:styles/global:styles:1:8:
2025-04-16T01:48:33.4590808Z [37m      1 │ @import [32m'src/styles/main.scss'[37m;
2025-04-16T01:48:33.4591583Z         ╵         [32m~~~~~~~~~~~~~~~~~~~~~~[0m
2025-04-16T01:48:33.4591884Z 
2025-04-16T01:48:33.4591892Z 
2025-04-16T01:48:33.4592605Z [33m▲ [43;33m[[43;30mWARNING[43;33m][0m [1mDeprecation[0m [1m[35m[plugin angular-sass][0m
2025-04-16T01:48:33.4593131Z 
2025-04-16T01:48:33.4593358Z     src/app/core/design/components.scss:374:9:
2025-04-16T01:48:33.4594088Z [37m      374 │   color: [32m[37mdarken($success, 30%);
2025-04-16T01:48:33.4594664Z           ╵          [32m^[0m
2025-04-16T01:48:33.4594896Z 
2025-04-16T01:48:33.4594905Z 
2025-04-16T01:48:33.4595341Z   Global built-in functions are deprecated and will be removed in Dart Sass 3.0.0.
2025-04-16T01:48:33.4596004Z   Use color.adjust instead.
2025-04-16T01:48:33.4596357Z   
2025-04-16T01:48:33.4597022Z   More info and automated migrator: [4mhttps://sass-lang.com/d/import[0m
2025-04-16T01:48:33.4597512Z 
2025-04-16T01:48:33.4597783Z   The plugin "angular-sass" was triggered by this import
2025-04-16T01:48:33.4598155Z 
2025-04-16T01:48:33.4598367Z     angular:styles/global:styles:1:8:
2025-04-16T01:48:33.4599224Z [37m      1 │ @import [32m'src/styles/main.scss'[37m;
2025-04-16T01:48:33.4599846Z         ╵         [32m~~~~~~~~~~~~~~~~~~~~~~[0m
2025-04-16T01:48:33.4600144Z 
2025-04-16T01:48:33.4600152Z 
2025-04-16T01:48:33.4600847Z [33m▲ [43;33m[[43;30mWARNING[43;33m][0m [1mDeprecation[0m [1m[35m[plugin angular-sass][0m
2025-04-16T01:48:33.4601367Z 
2025-04-16T01:48:33.4601601Z     src/app/core/design/components.scss:374:9:
2025-04-16T01:48:33.4602320Z [37m      374 │   color: [32m[37mdarken($success, 30%);
2025-04-16T01:48:33.4602885Z           ╵          [32m^[0m
2025-04-16T01:48:33.4603119Z 
2025-04-16T01:48:33.4603127Z 
2025-04-16T01:48:33.4603331Z   darken() is deprecated. Suggestions:
2025-04-16T01:48:33.4603883Z   
2025-04-16T01:48:33.4604271Z   color.scale($color, $lightness: -60.9561752988%)
2025-04-16T01:48:33.4604801Z   color.adjust($color, $lightness: -30%)
2025-04-16T01:48:33.4605206Z   
2025-04-16T01:48:33.4605773Z   More info: [4mhttps://sass-lang.com/d/color-functions[0m
2025-04-16T01:48:33.4606178Z 
2025-04-16T01:48:33.4606452Z   The plugin "angular-sass" was triggered by this import
2025-04-16T01:48:33.4606826Z 
2025-04-16T01:48:33.4607022Z     angular:styles/global:styles:1:8:
2025-04-16T01:48:33.4607691Z [37m      1 │ @import [32m'src/styles/main.scss'[37m;
2025-04-16T01:48:33.4608303Z         ╵         [32m~~~~~~~~~~~~~~~~~~~~~~[0m
2025-04-16T01:48:33.4608590Z 
2025-04-16T01:48:33.4608598Z 
2025-04-16T01:48:33.4609535Z [33m▲ [43;33m[[43;30mWARNING[43;33m][0m [1mDeprecation[0m [1m[35m[plugin angular-sass][0m
2025-04-16T01:48:33.4610085Z 
2025-04-16T01:48:33.4610326Z     src/app/core/design/components.scss:375:20:
2025-04-16T01:48:33.4611491Z [37m      375 │   background-color: [32m[37mlighten($success, 40%);
2025-04-16T01:48:33.4612168Z           ╵                     [32m^[0m
2025-04-16T01:48:33.4612451Z 
2025-04-16T01:48:33.4612459Z 
2025-04-16T01:48:33.4612907Z   Global built-in functions are deprecated and will be removed in Dart Sass 3.0.0.
2025-04-16T01:48:33.4613569Z   Use color.adjust instead.
2025-04-16T01:48:33.4613905Z   
2025-04-16T01:48:33.4614554Z   More info and automated migrator: [4mhttps://sass-lang.com/d/import[0m
2025-04-16T01:48:33.4615039Z 
2025-04-16T01:48:33.4615311Z   The plugin "angular-sass" was triggered by this import
2025-04-16T01:48:33.4615682Z 
2025-04-16T01:48:33.4615888Z     angular:styles/global:styles:1:8:
2025-04-16T01:48:33.4616615Z [37m      1 │ @import [32m'src/styles/main.scss'[37m;
2025-04-16T01:48:33.4617241Z         ╵         [32m~~~~~~~~~~~~~~~~~~~~~~[0m
2025-04-16T01:48:33.4617532Z 
2025-04-16T01:48:33.4617540Z 
2025-04-16T01:48:33.4618237Z [33m▲ [43;33m[[43;30mWARNING[43;33m][0m [1mDeprecation[0m [1m[35m[plugin angular-sass][0m
2025-04-16T01:48:33.4618782Z 
2025-04-16T01:48:33.4619202Z     src/app/core/design/components.scss:375:20:
2025-04-16T01:48:33.4620544Z [37m      375 │   background-color: [32m[37mlighten($success, 40%);
2025-04-16T01:48:33.4621247Z           ╵                     [32m^[0m
2025-04-16T01:48:33.4621526Z 
2025-04-16T01:48:33.4621533Z 
2025-04-16T01:48:33.4621731Z   lighten() is deprecated. Suggestions:
2025-04-16T01:48:33.4622122Z   
2025-04-16T01:48:33.4622496Z   color.scale($color, $lightness: 78.7644787645%)
2025-04-16T01:48:33.4623021Z   color.adjust($color, $lightness: 40%)
2025-04-16T01:48:33.4623422Z   
2025-04-16T01:48:33.4623982Z   More info: [4mhttps://sass-lang.com/d/color-functions[0m
2025-04-16T01:48:33.4624391Z 
2025-04-16T01:48:33.4624669Z   The plugin "angular-sass" was triggered by this import
2025-04-16T01:48:33.4625037Z 
2025-04-16T01:48:33.4625239Z     angular:styles/global:styles:1:8:
2025-04-16T01:48:33.4625938Z [37m      1 │ @import [32m'src/styles/main.scss'[37m;
2025-04-16T01:48:33.4626883Z         ╵         [32m~~~~~~~~~~~~~~~~~~~~~~[0m
2025-04-16T01:48:33.4627197Z 
2025-04-16T01:48:33.4627205Z 
2025-04-16T01:48:33.4627962Z [33m▲ [43;33m[[43;30mWARNING[43;33m][0m [1mDeprecation[0m [1m[35m[plugin angular-sass][0m
2025-04-16T01:48:33.4628766Z 
2025-04-16T01:48:33.4629248Z     src/app/core/design/components.scss:376:16:
2025-04-16T01:48:33.4630111Z [37m      376 │   border-color: [32m[37mlighten($success, 30%);
2025-04-16T01:48:33.4631068Z           ╵                 [32m^[0m
2025-04-16T01:48:33.4631352Z 
2025-04-16T01:48:33.4631361Z 
2025-04-16T01:48:33.4631816Z   Global built-in functions are deprecated and will be removed in Dart Sass 3.0.0.
2025-04-16T01:48:33.4632478Z   Use color.adjust instead.
2025-04-16T01:48:33.4632828Z   
2025-04-16T01:48:33.4633492Z   More info and automated migrator: [4mhttps://sass-lang.com/d/import[0m
2025-04-16T01:48:33.4633983Z 
2025-04-16T01:48:33.4634266Z   The plugin "angular-sass" was triggered by this import
2025-04-16T01:48:33.4634812Z 
2025-04-16T01:48:33.4635017Z     angular:styles/global:styles:1:8:
2025-04-16T01:48:33.4635701Z [37m      1 │ @import [32m'src/styles/main.scss'[37m;
2025-04-16T01:48:33.4636342Z         ╵         [32m~~~~~~~~~~~~~~~~~~~~~~[0m
2025-04-16T01:48:33.4636633Z 
2025-04-16T01:48:33.4636641Z 
2025-04-16T01:48:33.4637348Z [33m▲ [43;33m[[43;30mWARNING[43;33m][0m [1mDeprecation[0m [1m[35m[plugin angular-sass][0m
2025-04-16T01:48:33.4637873Z 
2025-04-16T01:48:33.4638132Z     src/app/core/design/components.scss:376:16:
2025-04-16T01:48:33.4639436Z [37m      376 │   border-color: [32m[37mlighten($success, 30%);
2025-04-16T01:48:33.4640121Z           ╵                 [32m^[0m
2025-04-16T01:48:33.4640395Z 
2025-04-16T01:48:33.4640403Z 
2025-04-16T01:48:33.4640609Z   lighten() is deprecated. Suggestions:
2025-04-16T01:48:33.4641000Z   
2025-04-16T01:48:33.4641379Z   color.scale($color, $lightness: 59.0733590734%)
2025-04-16T01:48:33.4641906Z   color.adjust($color, $lightness: 30%)
2025-04-16T01:48:33.4642301Z   
2025-04-16T01:48:33.4642857Z   More info: [4mhttps://sass-lang.com/d/color-functions[0m
2025-04-16T01:48:33.4643257Z 
2025-04-16T01:48:33.4643544Z   The plugin "angular-sass" was triggered by this import
2025-04-16T01:48:33.4643916Z 
2025-04-16T01:48:33.4644111Z     angular:styles/global:styles:1:8:
2025-04-16T01:48:33.4644787Z [37m      1 │ @import [32m'src/styles/main.scss'[37m;
2025-04-16T01:48:33.4645402Z         ╵         [32m~~~~~~~~~~~~~~~~~~~~~~[0m
2025-04-16T01:48:33.4645702Z 
2025-04-16T01:48:33.4645711Z 
2025-04-16T01:48:33.4646408Z [33m▲ [43;33m[[43;30mWARNING[43;33m][0m [1mDeprecation[0m [1m[35m[plugin angular-sass][0m
2025-04-16T01:48:33.4646925Z 
2025-04-16T01:48:33.4647158Z     src/app/core/design/components.scss:380:9:
2025-04-16T01:48:33.4647888Z [37m      380 │   color: [32m[37mdarken($warning, 30%);
2025-04-16T01:48:33.4648486Z           ╵          [32m^[0m
2025-04-16T01:48:33.4649230Z 
2025-04-16T01:48:33.4649254Z 
2025-04-16T01:48:33.4649717Z   Global built-in functions are deprecated and will be removed in Dart Sass 3.0.0.
2025-04-16T01:48:33.4650379Z   Use color.adjust instead.
2025-04-16T01:48:33.4650719Z   
2025-04-16T01:48:33.4651549Z   More info and automated migrator: [4mhttps://sass-lang.com/d/import[0m
2025-04-16T01:48:33.4652055Z 
2025-04-16T01:48:33.4652334Z   The plugin "angular-sass" was triggered by this import
2025-04-16T01:48:33.4652708Z 
2025-04-16T01:48:33.4652901Z     angular:styles/global:styles:1:8:
2025-04-16T01:48:33.4653585Z [37m      1 │ @import [32m'src/styles/main.scss'[37m;
2025-04-16T01:48:33.4654194Z         ╵         [32m~~~~~~~~~~~~~~~~~~~~~~[0m
2025-04-16T01:48:33.4654490Z 
2025-04-16T01:48:33.4654499Z 
2025-04-16T01:48:33.4655192Z [33m▲ [43;33m[[43;30mWARNING[43;33m][0m [1mDeprecation[0m [1m[35m[plugin angular-sass][0m
2025-04-16T01:48:33.4655713Z 
2025-04-16T01:48:33.4655951Z     src/app/core/design/components.scss:380:9:
2025-04-16T01:48:33.4656677Z [37m      380 │   color: [32m[37mdarken($warning, 30%);
2025-04-16T01:48:33.4657242Z           ╵          [32m^[0m
2025-04-16T01:48:33.4657475Z 
2025-04-16T01:48:33.4657483Z 
2025-04-16T01:48:33.4657696Z   darken() is deprecated. Suggestions:
2025-04-16T01:48:33.4658082Z   
2025-04-16T01:48:33.4658464Z   color.scale($color, $lightness: -58.3969465649%)
2025-04-16T01:48:33.4659175Z   color.adjust($color, $lightness: -30%)
2025-04-16T01:48:33.4659582Z   
2025-04-16T01:48:33.4660151Z   More info: [4mhttps://sass-lang.com/d/color-functions[0m
2025-04-16T01:48:33.4660559Z 
2025-04-16T01:48:33.4660831Z   The plugin "angular-sass" was triggered by this import
2025-04-16T01:48:33.4661199Z 
2025-04-16T01:48:33.4661393Z     angular:styles/global:styles:1:8:
2025-04-16T01:48:33.4662069Z [37m      1 │ @import [32m'src/styles/main.scss'[37m;
2025-04-16T01:48:33.4662675Z         ╵         [32m~~~~~~~~~~~~~~~~~~~~~~[0m
2025-04-16T01:48:33.4662969Z 
2025-04-16T01:48:33.4662977Z 
2025-04-16T01:48:33.4663663Z [33m▲ [43;33m[[43;30mWARNING[43;33m][0m [1mDeprecation[0m [1m[35m[plugin angular-sass][0m
2025-04-16T01:48:33.4664363Z 
2025-04-16T01:48:33.4664601Z     src/app/core/design/components.scss:381:20:
2025-04-16T01:48:33.4665428Z [37m      381 │   background-color: [32m[37mlighten($warning, 40%);
2025-04-16T01:48:33.4666100Z           ╵                     [32m^[0m
2025-04-16T01:48:33.4666373Z 
2025-04-16T01:48:33.4666380Z 
2025-04-16T01:48:33.4666823Z   Global built-in functions are deprecated and will be removed in Dart Sass 3.0.0.
2025-04-16T01:48:33.4667471Z   Use color.adjust instead.
2025-04-16T01:48:33.4667814Z   
2025-04-16T01:48:33.4668499Z   More info and automated migrator: [4mhttps://sass-lang.com/d/import[0m
2025-04-16T01:48:33.4669233Z 
2025-04-16T01:48:33.4669518Z   The plugin "angular-sass" was triggered by this import
2025-04-16T01:48:33.4670164Z 
2025-04-16T01:48:33.4670368Z     angular:styles/global:styles:1:8:
2025-04-16T01:48:33.4671071Z [37m      1 │ @import [32m'src/styles/main.scss'[37m;
2025-04-16T01:48:33.4671700Z         ╵         [32m~~~~~~~~~~~~~~~~~~~~~~[0m
2025-04-16T01:48:33.4671996Z 
2025-04-16T01:48:33.4672004Z 
2025-04-16T01:48:33.4672709Z [33m▲ [43;33m[[43;30mWARNING[43;33m][0m [1mDeprecation[0m [1m[35m[plugin angular-sass][0m
2025-04-16T01:48:33.4673233Z 
2025-04-16T01:48:33.4673466Z     src/app/core/design/components.scss:381:20:
2025-04-16T01:48:33.4674289Z [37m      381 │   background-color: [32m[37mlighten($warning, 40%);
2025-04-16T01:48:33.4675264Z           ╵                     [32m^[0m
2025-04-16T01:48:33.4675550Z 
2025-04-16T01:48:33.4675558Z 
2025-04-16T01:48:33.4675772Z   lighten() is deprecated. Suggestions:
2025-04-16T01:48:33.4676169Z   
2025-04-16T01:48:33.4676538Z   color.scale($color, $lightness: 82.2580645161%)
2025-04-16T01:48:33.4677062Z   color.adjust($color, $lightness: 40%)
2025-04-16T01:48:33.4677448Z   
2025-04-16T01:48:33.4678014Z   More info: [4mhttps://sass-lang.com/d/color-functions[0m
2025-04-16T01:48:33.4678442Z 
2025-04-16T01:48:33.4678713Z   The plugin "angular-sass" was triggered by this import
2025-04-16T01:48:33.4679267Z 
2025-04-16T01:48:33.4679466Z     angular:styles/global:styles:1:8:
2025-04-16T01:48:33.4680309Z [37m      1 │ @import [32m'src/styles/main.scss'[37m;
2025-04-16T01:48:33.4680929Z         ╵         [32m~~~~~~~~~~~~~~~~~~~~~~[0m
2025-04-16T01:48:33.4681225Z 
2025-04-16T01:48:33.4681233Z 
2025-04-16T01:48:33.4681918Z [33m▲ [43;33m[[43;30mWARNING[43;33m][0m [1mDeprecation[0m [1m[35m[plugin angular-sass][0m
2025-04-16T01:48:33.4682433Z 
2025-04-16T01:48:33.4682636Z     src/app/core/design/main.scss:8:8:
2025-04-16T01:48:33.4683270Z [37m      8 │ @import [32m[37m'design-tokens';
2025-04-16T01:48:33.4683772Z         ╵         [32m^[0m
2025-04-16T01:48:33.4684002Z 
2025-04-16T01:48:33.4684010Z 
2025-04-16T01:48:33.4684401Z   Sass @import rules are deprecated and will be removed in Dart Sass 3.0.0.
2025-04-16T01:48:33.4684967Z   
2025-04-16T01:48:33.4685621Z   More info and automated migrator: [4mhttps://sass-lang.com/d/import[0m
2025-04-16T01:48:33.4686115Z 
2025-04-16T01:48:33.4686407Z   The plugin "angular-sass" was triggered by this import
2025-04-16T01:48:33.4686783Z 
2025-04-16T01:48:33.4686991Z     angular:styles/global:styles:1:8:
2025-04-16T01:48:33.4687984Z [37m      1 │ @import [32m'src/styles/main.scss'[37m;
2025-04-16T01:48:33.4688603Z         ╵         [32m~~~~~~~~~~~~~~~~~~~~~~[0m
2025-04-16T01:48:33.4689122Z 
2025-04-16T01:48:33.4689132Z 
2025-04-16T01:48:33.4689848Z [33m▲ [43;33m[[43;30mWARNING[43;33m][0m [1mDeprecation[0m [1m[35m[plugin angular-sass][0m
2025-04-16T01:48:33.4690380Z 
2025-04-16T01:48:33.4690585Z     src/app/core/design/main.scss:9:8:
2025-04-16T01:48:33.4691214Z [37m      9 │ @import [32m[37m'components';
2025-04-16T01:48:33.4691701Z         ╵         [32m^[0m
2025-04-16T01:48:33.4691928Z 
2025-04-16T01:48:33.4691936Z 
2025-04-16T01:48:33.4692325Z   Sass @import rules are deprecated and will be removed in Dart Sass 3.0.0.
2025-04-16T01:48:33.4693057Z   
2025-04-16T01:48:33.4693709Z   More info and automated migrator: [4mhttps://sass-lang.com/d/import[0m
2025-04-16T01:48:33.4694198Z 
2025-04-16T01:48:33.4694475Z   The plugin "angular-sass" was triggered by this import
2025-04-16T01:48:33.4694867Z 
2025-04-16T01:48:33.4695078Z     angular:styles/global:styles:1:8:
2025-04-16T01:48:33.4696056Z [37m      1 │ @import [32m'src/styles/main.scss'[37m;
2025-04-16T01:48:33.4696675Z         ╵         [32m~~~~~~~~~~~~~~~~~~~~~~[0m
2025-04-16T01:48:33.4696959Z 
2025-04-16T01:48:33.4696967Z 
2025-04-16T01:48:33.4697661Z [33m▲ [43;33m[[43;30mWARNING[43;33m][0m [1mDeprecation[0m [1m[35m[plugin angular-sass][0m
2025-04-16T01:48:33.4698176Z 
2025-04-16T01:48:33.4698381Z     src/app/core/design/main.scss:190:18:
2025-04-16T01:48:33.4699355Z [37m      190 │   margin-right: -([32m[37m$grid-gutter-width / 2);
2025-04-16T01:48:33.4700022Z           ╵                   [32m^[0m
2025-04-16T01:48:33.4700293Z 
2025-04-16T01:48:33.4700301Z 
2025-04-16T01:48:33.4700798Z   Using / for division outside of calc() is deprecated and will be removed in Dart Sass 2.0.0.
2025-04-16T01:48:33.4701477Z   
2025-04-16T01:48:33.4702367Z   Recommendation: math.div($grid-gutter-width, 2) or calc($grid-gutter-width / 2)
2025-04-16T01:48:33.4702981Z   
2025-04-16T01:48:33.4703677Z   More info and automated migrator: [4mhttps://sass-lang.com/d/slash-div[0m
2025-04-16T01:48:33.4704168Z 
2025-04-16T01:48:33.4704453Z   The plugin "angular-sass" was triggered by this import
2025-04-16T01:48:33.4704829Z 
2025-04-16T01:48:33.4705032Z     angular:styles/global:styles:1:8:
2025-04-16T01:48:33.4706022Z [37m      1 │ @import [32m'src/styles/main.scss'[37m;
2025-04-16T01:48:33.4706665Z         ╵         [32m~~~~~~~~~~~~~~~~~~~~~~[0m
2025-04-16T01:48:33.4706963Z 
2025-04-16T01:48:33.4706972Z 
2025-04-16T01:48:33.4707937Z [33m▲ [43;33m[[43;30mWARNING[43;33m][0m [1mDeprecation[0m [1m[35m[plugin angular-sass][0m
2025-04-16T01:48:33.4708511Z 
2025-04-16T01:48:33.4708740Z     src/app/core/design/main.scss:191:17:
2025-04-16T01:48:33.4709796Z [37m      191 │   margin-left: -([32m[37m$grid-gutter-width / 2);
2025-04-16T01:48:33.4710443Z           ╵                  [32m^[0m
2025-04-16T01:48:33.4710878Z 
2025-04-16T01:48:33.4710890Z 
2025-04-16T01:48:33.4711388Z   Using / for division outside of calc() is deprecated and will be removed in Dart Sass 2.0.0.
2025-04-16T01:48:33.4712055Z   
2025-04-16T01:48:33.4712631Z   Recommendation: math.div($grid-gutter-width, 2) or calc($grid-gutter-width / 2)
2025-04-16T01:48:33.4713255Z   
2025-04-16T01:48:33.4713926Z   More info and automated migrator: [4mhttps://sass-lang.com/d/slash-div[0m
2025-04-16T01:48:33.4714447Z 
2025-04-16T01:48:33.4714741Z   The plugin "angular-sass" was triggered by this import
2025-04-16T01:48:33.4715402Z 
2025-04-16T01:48:33.4715604Z     angular:styles/global:styles:1:8:
2025-04-16T01:48:33.4716311Z [37m      1 │ @import [32m'src/styles/main.scss'[37m;
2025-04-16T01:48:33.4716974Z         ╵         [32m~~~~~~~~~~~~~~~~~~~~~~[0m
2025-04-16T01:48:33.4717297Z 
2025-04-16T01:48:33.4717305Z 
2025-04-16T01:48:33.4718005Z [33m▲ [43;33m[[43;30mWARNING[43;33m][0m [1mDeprecation[0m [1m[35m[plugin angular-sass][0m
2025-04-16T01:48:33.4718542Z 
2025-04-16T01:48:33.4718752Z     src/app/core/design/main.scss:198:18:
2025-04-16T01:48:33.4719734Z [37m      198 │   padding-right: ([32m[37m$grid-gutter-width / 2);
2025-04-16T01:48:33.4720390Z           ╵                   [32m^[0m
2025-04-16T01:48:33.4720663Z 
2025-04-16T01:48:33.4720671Z 
2025-04-16T01:48:33.4721160Z   Using / for division outside of calc() is deprecated and will be removed in Dart Sass 2.0.0.
2025-04-16T01:48:33.4721820Z   
2025-04-16T01:48:33.4722396Z   Recommendation: math.div($grid-gutter-width, 2) or calc($grid-gutter-width / 2)
2025-04-16T01:48:33.4723012Z   
2025-04-16T01:48:33.4723688Z   More info and automated migrator: [4mhttps://sass-lang.com/d/slash-div[0m
2025-04-16T01:48:33.4724183Z 
2025-04-16T01:48:33.4724470Z   The plugin "angular-sass" was triggered by this import
2025-04-16T01:48:33.4725014Z 
2025-04-16T01:48:33.4725207Z     angular:styles/global:styles:1:8:
2025-04-16T01:48:33.4725893Z [37m      1 │ @import [32m'src/styles/main.scss'[37m;
2025-04-16T01:48:33.4726518Z         ╵         [32m~~~~~~~~~~~~~~~~~~~~~~[0m
2025-04-16T01:48:33.4726813Z 
2025-04-16T01:48:33.4726821Z 
2025-04-16T01:48:33.4727813Z [33m▲ [43;33m[[43;30mWARNING[43;33m][0m [1mDeprecation[0m [1m[35m[plugin angular-sass][0m
2025-04-16T01:48:33.4728358Z 
2025-04-16T01:48:33.4728568Z     src/app/core/design/main.scss:199:17:
2025-04-16T01:48:33.4729568Z [37m      199 │   padding-left: ([32m[37m$grid-gutter-width / 2);
2025-04-16T01:48:33.4730498Z           ╵                  [32m^[0m
2025-04-16T01:48:33.4730807Z 
2025-04-16T01:48:33.4730815Z 
2025-04-16T01:48:33.4731581Z   Using / for division outside of calc() is deprecated and will be removed in Dart Sass 2.0.0.
2025-04-16T01:48:33.4732274Z   
2025-04-16T01:48:33.4733121Z   Recommendation: math.div($grid-gutter-width, 2) or calc($grid-gutter-width / 2)
2025-04-16T01:48:33.4733856Z   
2025-04-16T01:48:33.4734554Z   More info and automated migrator: [4mhttps://sass-lang.com/d/slash-div[0m
2025-04-16T01:48:33.4735074Z 
2025-04-16T01:48:33.4735362Z   The plugin "angular-sass" was triggered by this import
2025-04-16T01:48:33.4735751Z 
2025-04-16T01:48:33.4736533Z     angular:styles/global:styles:1:8:
2025-04-16T01:48:33.4737536Z [37m      1 │ @import [32m'src/styles/main.scss'[37m;
2025-04-16T01:48:33.4738191Z         ╵         [32m~~~~~~~~~~~~~~~~~~~~~~[0m
2025-04-16T01:48:33.4738487Z 
2025-04-16T01:48:33.4738494Z 
2025-04-16T01:48:33.4739443Z [33m▲ [43;33m[[43;30mWARNING[43;33m][0m [1mDeprecation[0m [1m[35m[plugin angular-sass][0m
2025-04-16T01:48:33.4740253Z 
2025-04-16T01:48:33.4740484Z     src/app/core/design/main.scss:204:25:
2025-04-16T01:48:33.4741583Z [37m      204 │     flex: 0 0 percentage([32m[37m$i / $grid-columns);
2025-04-16T01:48:33.4742275Z           ╵                          [32m^[0m
2025-04-16T01:48:33.4742581Z 
2025-04-16T01:48:33.4742589Z 
2025-04-16T01:48:33.4743078Z   Using / for division outside of calc() is deprecated and will be removed in Dart Sass 2.0.0.
2025-04-16T01:48:33.4743900Z   
2025-04-16T01:48:33.4744431Z   Recommendation: math.div($i, $grid-columns) or calc($i / $grid-columns)
2025-04-16T01:48:33.4745008Z   
2025-04-16T01:48:33.4745969Z   More info and automated migrator: [4mhttps://sass-lang.com/d/slash-div[0m
2025-04-16T01:48:33.4746500Z 
2025-04-16T01:48:33.4747048Z   The plugin "angular-sass" was triggered by this import
2025-04-16T01:48:33.4747438Z 
2025-04-16T01:48:33.4747645Z     angular:styles/global:styles:1:8:
2025-04-16T01:48:33.4748626Z [37m      1 │ @import [32m'src/styles/main.scss'[37m;
2025-04-16T01:48:33.4749429Z         ╵         [32m~~~~~~~~~~~~~~~~~~~~~~[0m
2025-04-16T01:48:33.4749730Z 
2025-04-16T01:48:33.4749906Z [39m[22m
2025-04-16T01:48:33.4750851Z [1m[31m[31m✘ [41;31m[[41;97mERROR[41;31m][0m [1mUndefined variable.
2025-04-16T01:48:33.4751432Z     ╷
2025-04-16T01:48:33.4751929Z 124 │           background-color: $success-100;
2025-04-16T01:48:33.4752511Z     │                             ^^^^^^^^^^^^
2025-04-16T01:48:33.4752939Z     ╵
2025-04-16T01:48:33.4753905Z   src/app/features/wallet/wallet.component.scss 124:29  root stylesheet[0m [1m[35m[plugin angular-sass][0m
2025-04-16T01:48:33.4754643Z 
2025-04-16T01:48:33.4754652Z 
2025-04-16T01:48:33.4755781Z [31m✘ [41;31m[[41;97mERROR[41;31m][0m [1mTwo forwarded modules both define a variable named $primary-100.
2025-04-16T01:48:33.4756561Z     ╷
2025-04-16T01:48:33.4757393Z 5   │ @forward '../../app/core/design/design-tokens';
2025-04-16T01:48:33.4758176Z     │ ━━━━━━━━━━━━━━━━━━━━━━━━━━━━━━━━━━━━━━━━━━━━━━ original @forward
2025-04-16T01:48:33.4758661Z ... │
2025-04-16T01:48:33.4759371Z 7   │ @forward '../../app/core/design/main';
2025-04-16T01:48:33.4759997Z     │ ^^^^^^^^^^^^^^^^^^^^^^^^^^^^^^^^^^^^^ new @forward
2025-04-16T01:48:33.4760608Z     ╵
2025-04-16T01:48:33.4761146Z   src/styles/design-system/index.scss 7:1                           @use
2025-04-16T01:48:33.4762904Z   src/app/features/user-settings/user-settings.component.scss 11:1  root stylesheet[0m [1m[35m[plugin angular-sass][0m
2025-04-16T01:48:33.4763991Z 
2025-04-16T01:48:33.4764001Z 
2025-04-16T01:48:33.4764789Z [31m✘ [41;31m[[41;97mERROR[41;31m][0m [1mUndefined variable.
2025-04-16T01:48:33.4765604Z     ╷
2025-04-16T01:48:33.4766098Z 202 │       border-color: $primary;
2025-04-16T01:48:33.4766629Z     │                     ^^^^^^^^
2025-04-16T01:48:33.4767319Z     ╵
2025-04-16T01:48:33.4769033Z   src/app/shared/emerald/components/carousel/carousel.component.scss 202:21  root stylesheet[0m [1m[35m[plugin angular-sass][0m
2025-04-16T01:48:33.4770214Z 
2025-04-16T01:48:33.4770223Z 
2025-04-16T01:48:33.4770734Z [31m✘ [41;31m[[41;97mERROR[41;31m][0m [1mUndefined variable.
2025-04-16T01:48:33.4771276Z     ╷
2025-04-16T01:48:33.4772040Z 136 │       background-color: $success-100;
2025-04-16T01:48:33.4772661Z     │                         ^^^^^^^^^^^^
2025-04-16T01:48:33.4773361Z     ╵
2025-04-16T01:48:33.4775048Z   src/app/shared/emerald/components/info-panel/info-panel.component.scss 136:25  root stylesheet[0m [1m[35m[plugin angular-sass][0m
2025-04-16T01:48:33.4776239Z 
2025-04-16T01:48:33.4776247Z 
2025-04-16T01:48:33.4776851Z [31m✘ [41;31m[[41;97mERROR[41;31m][0m [1mCan't find stylesheet to import.
2025-04-16T01:48:33.4777459Z   ╷
2025-04-16T01:48:33.4778240Z 1 │ @import '../../../../styles/scss/variables';
2025-04-16T01:48:33.4778836Z   │         ^^^^^^^^^^^^^^^^^^^^^^^^^^^^^^^^^^^
2025-04-16T01:48:33.4779532Z   ╵
2025-04-16T01:48:33.4780626Z   src/app/shared/emerald/tinder-card/tinder-card.component.scss 1:9  root stylesheet[0m [1m[35m[plugin angular-sass][0m
2025-04-16T01:48:33.4781442Z 
2025-04-16T01:48:33.4781451Z 
2025-04-16T01:48:33.4781928Z [31m✘ [41;31m[[41;97mERROR[41;31m][0m [1mUndefined variable.
2025-04-16T01:48:33.4782456Z     ╷
2025-04-16T01:48:33.4782971Z 227 │       background-color: $error-100;
2025-04-16T01:48:33.4783826Z     │                         ^^^^^^^^^^
2025-04-16T01:48:33.4784234Z     ╵
2025-04-16T01:48:33.4785286Z   src/app/features/list-view/list-view.component.scss 227:25  root stylesheet[0m [1m[35m[plugin angular-sass][0m
2025-04-16T01:48:33.4786312Z 
2025-04-16T01:48:33.4786321Z 
2025-04-16T01:48:33.4786920Z [31m✘ [41;31m[[41;97mERROR[41;31m][0m [1mCan't find stylesheet to import.
2025-04-16T01:48:33.4787499Z   ╷
2025-04-16T01:48:33.4787966Z 1 │ @import '../../../../styles/variables';
2025-04-16T01:48:33.4788506Z   │         ^^^^^^^^^^^^^^^^^^^^^^^^^^^^^^
2025-04-16T01:48:33.4788636Z   ╵
2025-04-16T01:48:33.4789628Z   src/app/features/tinder/tinder.component.scss 1:9  root stylesheet[0m [1m[35m[plugin angular-sass][0m
2025-04-16T01:48:33.4789644Z 
2025-04-16T01:48:33.4789652Z 
2025-04-16T01:48:33.4790128Z [31m✘ [41;31m[[41;97mERROR[41;31m][0m [1mUndefined variable.
2025-04-16T01:48:33.4790450Z    ╷
2025-04-16T01:48:33.4790764Z 29 │   background-color: $neutral-50;
2025-04-16T01:48:33.4790988Z    │                     ^^^^^^^^^^^
2025-04-16T01:48:33.4791119Z    ╵
2025-04-16T01:48:33.4791897Z   src/app/features/chat/chat.component.scss 29:21  root stylesheet[0m [1m[35m[plugin angular-sass][0m
2025-04-16T01:48:33.4791912Z 
2025-04-16T01:48:33.4791920Z 
2025-04-16T01:48:33.4792734Z [31m✘ [41;31m[[41;97mERROR[41;31m][0m [1mTwo forwarded modules both define a variable named $primary-100.
2025-04-16T01:48:33.4792880Z     ╷
2025-04-16T01:48:33.4793266Z 5   │ @forward '../../app/core/design/design-tokens';
2025-04-16T01:48:33.4793677Z     │ ━━━━━━━━━━━━━━━━━━━━━━━━━━━━━━━━━━━━━━━━━━━━━━ original @forward
2025-04-16T01:48:33.4793817Z ... │
2025-04-16T01:48:33.4794142Z 7   │ @forward '../../app/core/design/main';
2025-04-16T01:48:33.4794431Z     │ ^^^^^^^^^^^^^^^^^^^^^^^^^^^^^^^^^^^^^ new @forward
2025-04-16T01:48:33.4794562Z     ╵
2025-04-16T01:48:33.4795012Z   src/styles/design-system/index.scss 7:1                                    @use
2025-04-16T01:48:33.4796075Z   src/app/features/advertiser-profile/advertiser-profile.component.scss 1:1  root stylesheet[0m [1m[35m[plugin angular-sass][0m
2025-04-16T01:48:33.4796090Z 
2025-04-16T01:48:33.4796112Z 
2025-04-16T01:48:33.4797310Z [31m✘ [41;31m[[41;97mERROR[41;31m][0m [1mNG8002: Can't bind to 'aria-label' since it isn't a known property of 'span'.[0m [1m[35m[plugin angular-compiler][0m
2025-04-16T01:48:33.4797326Z 
2025-04-16T01:48:33.4797522Z     src/app/app.component.html:45:61:
2025-04-16T01:48:33.4798195Z [37m      45 │ ...readMessages > 0" [32maria-label="{{unreadMessages}} unread messages"[37m>
2025-04-16T01:48:33.4798599Z          ╵                      [32m~~~~~~~~~~~~~~~~~~~~~~~~~~~~~~~~~~~~~~~~~~~~~~~[0m
2025-04-16T01:48:33.4798610Z 
2025-04-16T01:48:33.4799136Z   Error occurs in the template of component AppComponent.
2025-04-16T01:48:33.4799151Z 
2025-04-16T01:48:33.4799350Z     src/app/app.component.ts:28:15:
2025-04-16T01:48:33.4799808Z [37m      28 │   templateUrl: [32m'./app.component.html'[37m,
2025-04-16T01:48:33.4800092Z          ╵                [32m~~~~~~~~~~~~~~~~~~~~~~[0m
2025-04-16T01:48:33.4800111Z 
2025-04-16T01:48:33.4800119Z 
2025-04-16T01:48:33.4800989Z [31m✘ [41;31m[[41;97mERROR[41;31m][0m [1mCould not resolve "./features/tinder/tinder.module"[0m
2025-04-16T01:48:33.4801006Z 
2025-04-16T01:48:33.4801187Z     src/app/app.routes.ts:85:31:
2025-04-16T01:48:33.4801812Z [37m      85 │ ...: () => import([32m'./features/tinder/tinder.module'[37m).then(m => m.T...
2025-04-16T01:48:33.4802137Z          ╵                   [32m~~~~~~~~~~~~~~~~~~~~~~~~~~~~~~~~~[0m
2025-04-16T01:48:33.4802149Z 
2025-04-16T01:48:33.4802157Z 
2025-04-16T01:48:33.4803575Z [31m✘ [41;31m[[41;97mERROR[41;31m][0m [1mTS2307: Cannot find module './features/tinder/tinder.module' or its corresponding type declarations.[0m [1m[35m[plugin angular-compiler][0m
2025-04-16T01:48:33.4803589Z 
2025-04-16T01:48:33.4803777Z     src/app/app.routes.ts:85:31:
2025-04-16T01:48:33.4804381Z [37m      85 │ ...: () => import([32m'./features/tinder/tinder.module'[37m).then(m => m.T...
2025-04-16T01:48:33.4804720Z          ╵                   [32m~~~~~~~~~~~~~~~~~~~~~~~~~~~~~~~~~[0m
2025-04-16T01:48:33.4804732Z 
2025-04-16T01:48:33.4804740Z 
2025-04-16T01:48:33.4805587Z [31m✘ [41;31m[[41;97mERROR[41;31m][0m [1mCould not resolve "../../shared/layouts/main-layout/main-layout.component"[0m
2025-04-16T01:48:33.4805598Z 
2025-04-16T01:48:33.4806049Z     src/app/features/advertiser-profile/advertiser-profile.component.ts:18:36:
2025-04-16T01:48:33.4806660Z [37m      18 │ ...nt } from [32m'../../shared/layouts/main-layout/main-layout.compone[37m...
2025-04-16T01:48:33.4807051Z          ╵              [32m~~~~~~~~~~~~~~~~~~~~~~~~~~~~~~~~~~~~~~~~~~~~~~~~~~~~~[0m
2025-04-16T01:48:33.4807062Z 
2025-04-16T01:48:33.4807070Z 
2025-04-16T01:48:33.4808737Z [31m✘ [41;31m[[41;97mERROR[41;31m][0m [1mTS2307: Cannot find module '../../shared/layouts/main-layout/main-layout.component' or its corresponding type declarations.[0m [1m[35m[plugin angular-compiler][0m
2025-04-16T01:48:33.4809059Z 
2025-04-16T01:48:33.4809562Z     src/app/features/advertiser-profile/advertiser-profile.component.ts:18:36:
2025-04-16T01:48:33.4810246Z [37m      18 │ ...nt } from [32m'../../shared/layouts/main-layout/main-layout.compone[37m...
2025-04-16T01:48:33.4810662Z          ╵              [32m~~~~~~~~~~~~~~~~~~~~~~~~~~~~~~~~~~~~~~~~~~~~~~~~~~~~~[0m
2025-04-16T01:48:33.4810675Z 
2025-04-16T01:48:33.4810690Z 
2025-04-16T01:48:33.4811635Z [31m✘ [41;31m[[41;97mERROR[41;31m][0m [1mTS-991010: 'imports' must be an array of components, directives, pipes, or NgModules.
2025-04-16T01:48:33.4812241Z   Value could not be determined statically.[0m [1m[35m[plugin angular-compiler][0m
2025-04-16T01:48:33.4812254Z 
2025-04-16T01:48:33.4812737Z     src/app/features/advertiser-profile/advertiser-profile.component.ts:26:61:
2025-04-16T01:48:33.4813472Z [37m      26 │ ...monModule, RouterModule, ReactiveFormsModule, [32mMainLayoutComponent[37m]
2025-04-16T01:48:33.4813875Z          ╵                                                  [32m~~~~~~~~~~~~~~~~~~~[0m
2025-04-16T01:48:33.4813887Z 
2025-04-16T01:48:33.4814033Z   Unknown reference.
2025-04-16T01:48:33.4814045Z 
2025-04-16T01:48:33.4814514Z     src/app/features/advertiser-profile/advertiser-profile.component.ts:26:61:
2025-04-16T01:48:33.4815241Z [37m      26 │ ...monModule, RouterModule, ReactiveFormsModule, [32mMainLayoutComponent[37m]
2025-04-16T01:48:33.4815620Z          ╵                                                  [32m~~~~~~~~~~~~~~~~~~~[0m
2025-04-16T01:48:33.4815632Z 
2025-04-16T01:48:33.4815640Z 
2025-04-16T01:48:33.4817335Z [31m✘ [41;31m[[41;97mERROR[41;31m][0m [1mTS-996008: Component LoginComponent is standalone, and cannot be declared in an NgModule. Did you mean to import it instead?[0m [1m[35m[plugin angular-compiler][0m
2025-04-16T01:48:33.4817351Z 
2025-04-16T01:48:33.4817601Z     src/app/features/auth/auth.module.ts:38:4:
2025-04-16T01:48:33.4817948Z [37m      38 │     [32mLoginComponent[37m,
2025-04-16T01:48:33.4818199Z          ╵     [32m~~~~~~~~~~~~~~[0m
2025-04-16T01:48:33.4818211Z 
2025-04-16T01:48:33.4818383Z 
2025-04-16T01:48:33.4820263Z [31m✘ [41;31m[[41;97mERROR[41;31m][0m [1mTS-996008: Component RegisterComponent is standalone, and cannot be declared in an NgModule. Did you mean to import it instead?[0m [1m[35m[plugin angular-compiler][0m
2025-04-16T01:48:33.4820289Z 
2025-04-16T01:48:33.4820520Z     src/app/features/auth/auth.module.ts:39:4:
2025-04-16T01:48:33.4820881Z [37m      39 │     [32mRegisterComponent[37m
2025-04-16T01:48:33.4821146Z          ╵     [32m~~~~~~~~~~~~~~~~~[0m
2025-04-16T01:48:33.4821158Z 
2025-04-16T01:48:33.4821166Z 
2025-04-16T01:48:33.4822115Z [31m✘ [41;31m[[41;97mERROR[41;31m][0m [1mNG5: Argument of type 'Event' is not assignable to parameter of type 'KeyboardEvent'.
2025-04-16T01:48:33.4823328Z   Type 'Event' is missing the following properties from type 'KeyboardEvent': altKey, charCode, code, ctrlKey, and 17 more.[0m [1m[35m[plugin angular-compiler][0m
2025-04-16T01:48:33.4823358Z 
2025-04-16T01:48:33.4823644Z     src/app/features/chat/chat.component.html:286:42:
2025-04-16T01:48:33.4824168Z [37m      286 │             (keyup.enter)="handleEnterKey([32m$event[37m)"
2025-04-16T01:48:33.4824511Z           ╵                                           [32m~~~~~~[0m
2025-04-16T01:48:33.4824524Z 
2025-04-16T01:48:33.4824831Z   Error occurs in the template of component ChatComponent.
2025-04-16T01:48:33.4824842Z 
2025-04-16T01:48:33.4825110Z     src/app/features/chat/chat.component.ts:110:15:
2025-04-16T01:48:33.4825584Z [37m      110 │   templateUrl: [32m'./chat.component.html'[37m,
2025-04-16T01:48:33.4825896Z           ╵                [32m~~~~~~~~~~~~~~~~~~~~~~~[0m
2025-04-16T01:48:33.4825918Z 
2025-04-16T01:48:33.4825926Z 
2025-04-16T01:48:33.4828362Z [31m✘ [41;31m[[41;97mERROR[41;31m][0m [1mNG5: Argument of type 'import("/home/runner/work/date-night-app2/date-night-app2/client-angular/src/app/shared/emerald/components/page-header/page-header.component").HeaderAction' is not assignable to parameter of type 'HeaderAction'.
2025-04-16T01:48:33.4830069Z   Property 'icon' is optional in type 'HeaderAction' but required in type 'HeaderAction'.[0m [1m[35m[plugin angular-compiler][0m
2025-04-16T01:48:33.4830095Z 
2025-04-16T01:48:33.4830441Z     src/app/features/list-view/list-view.component.html:8:41:
2025-04-16T01:48:33.4830976Z [37m      8 │       (actionClick)="onHeaderActionClick([32m$event[37m)">
2025-04-16T01:48:33.4831303Z         ╵                                          [32m~~~~~~[0m
2025-04-16T01:48:33.4831314Z 
2025-04-16T01:48:33.4831634Z   Error occurs in the template of component ListViewComponent.
2025-04-16T01:48:33.4831645Z 
2025-04-16T01:48:33.4831961Z     src/app/features/list-view/list-view.component.ts:78:15:
2025-04-16T01:48:33.4832449Z [37m      78 │   templateUrl: [32m'./list-view.component.html'[37m,
2025-04-16T01:48:33.4832762Z          ╵                [32m~~~~~~~~~~~~~~~~~~~~~~~~~~~~[0m
2025-04-16T01:48:33.4832773Z 
2025-04-16T01:48:33.4832781Z 
2025-04-16T01:48:33.4834839Z [31m✘ [41;31m[[41;97mERROR[41;31m][0m [1mNG9: Type 'AbstractControl<any, any>' is missing the following properties from type 'FormControl<any>': defaultValue, registerOnChange, registerOnDisabledChange[0m [1m[35m[plugin angular-compiler][0m
2025-04-16T01:48:33.4834854Z 
2025-04-16T01:48:33.4835184Z     src/app/features/list-view/list-view.component.html:16:27:
2025-04-16T01:48:33.4835834Z [37m      16 │           <input matInput [[32mformControl[37m]="filterForm.controls['sear...
2025-04-16T01:48:33.4836125Z          ╵                            [32m~~~~~~~~~~~[0m
2025-04-16T01:48:33.4836136Z 
2025-04-16T01:48:33.4836449Z   Error occurs in the template of component ListViewComponent.
2025-04-16T01:48:33.4836460Z 
2025-04-16T01:48:33.4836762Z     src/app/features/list-view/list-view.component.ts:78:15:
2025-04-16T01:48:33.4837251Z [37m      78 │   templateUrl: [32m'./list-view.component.html'[37m,
2025-04-16T01:48:33.4837557Z          ╵                [32m~~~~~~~~~~~~~~~~~~~~~~~~~~~~[0m
2025-04-16T01:48:33.4837568Z 
2025-04-16T01:48:33.4837748Z 
2025-04-16T01:48:33.4838776Z [31m✘ [41;31m[[41;97mERROR[41;31m][0m [1mNG2: Type '"netflix" | "list" | "compact"' is not assignable to type '"netflix" | "tinder" | "list"'.
2025-04-16T01:48:33.4839717Z   Type '"compact"' is not assignable to type '"netflix" | "tinder" | "list"'.[0m [1m[35m[plugin angular-compiler][0m
2025-04-16T01:48:33.4839731Z 
2025-04-16T01:48:33.4840058Z     src/app/features/list-view/list-view.component.html:205:15:
2025-04-16T01:48:33.4840655Z [37m      205 │               [[32mlayout[37m]="viewMode === 'list' ? 'list' : (viewMode ...
2025-04-16T01:48:33.4840909Z           ╵                [32m~~~~~~[0m
2025-04-16T01:48:33.4840920Z 
2025-04-16T01:48:33.4841234Z   Error occurs in the template of component ListViewComponent.
2025-04-16T01:48:33.4841258Z 
2025-04-16T01:48:33.4841572Z     src/app/features/list-view/list-view.component.ts:78:15:
2025-04-16T01:48:33.4842049Z [37m      78 │   templateUrl: [32m'./list-view.component.html'[37m,
2025-04-16T01:48:33.4842364Z          ╵                [32m~~~~~~~~~~~~~~~~~~~~~~~~~~~~[0m
2025-04-16T01:48:33.4842376Z 
2025-04-16T01:48:33.4842384Z 
2025-04-16T01:48:33.4843560Z [31m✘ [41;31m[[41;97mERROR[41;31m][0m [1mTS2339: Property 'isAdvertiserOnline' does not exist on type 'Ad'.[0m [1m[35m[plugin angular-compiler][0m
2025-04-16T01:48:33.4843576Z 
2025-04-16T01:48:33.4843897Z     src/app/features/list-view/list-view.component.ts:233:33:
2025-04-16T01:48:33.4844630Z [37m      233 │ ...sAdvertiserOnline: ad.[32misAdvertiserOnline[37m || Math.random() > 0....
2025-04-16T01:48:33.4844979Z           ╵                          [32m~~~~~~~~~~~~~~~~~~[0m
2025-04-16T01:48:33.4844991Z 
2025-04-16T01:48:33.4844999Z 
2025-04-16T01:48:33.4846163Z [31m✘ [41;31m[[41;97mERROR[41;31m][0m [1mTS2339: Property 'isAdvertiserOnline' does not exist on type 'Ad'.[0m [1m[35m[plugin angular-compiler][0m
2025-04-16T01:48:33.4846343Z 
2025-04-16T01:48:33.4846689Z     src/app/features/list-view/list-view.component.ts:294:41:
2025-04-16T01:48:33.4847327Z [37m      294 │         if (filters.status.online && !ad.[32misAdvertiserOnline[37m) {
2025-04-16T01:48:33.4847696Z           ╵                                          [32m~~~~~~~~~~~~~~~~~~[0m
2025-04-16T01:48:33.4847710Z 
2025-04-16T01:48:33.4847718Z 
2025-04-16T01:48:33.4848783Z [31m✘ [41;31m[[41;97mERROR[41;31m][0m [1mTS2339: Property 'isVerified' does not exist on type 'Ad'.[0m [1m[35m[plugin angular-compiler][0m
2025-04-16T01:48:33.4848806Z 
2025-04-16T01:48:33.4849310Z     src/app/features/list-view/list-view.component.ts:302:43:
2025-04-16T01:48:33.4849898Z [37m      302 │         if (filters.status.verified && !ad.[32misVerified[37m) {
2025-04-16T01:48:33.4850265Z           ╵                                            [32m~~~~~~~~~~[0m
2025-04-16T01:48:33.4850291Z 
2025-04-16T01:48:33.4850298Z 
2025-04-16T01:48:33.4851609Z [31m✘ [41;31m[[41;97mERROR[41;31m][0m [1mNG1: Property 'advertiserImage' does not exist on type 'Ad'. Did you mean 'advertiser'?[0m [1m[35m[plugin angular-compiler][0m
2025-04-16T01:48:33.4851626Z 
2025-04-16T01:48:33.4852013Z     src/app/features/netflix-view/netflix-view.component.html:9:30:
2025-04-16T01:48:33.4852507Z [37m      9 │       [avatarUrl]="featuredAd.[32madvertiserImage[37m"
2025-04-16T01:48:33.4852817Z         ╵                               [32m~~~~~~~~~~~~~~~[0m
2025-04-16T01:48:33.4852840Z 
2025-04-16T01:48:33.4853180Z   Error occurs in the template of component NetflixViewComponent.
2025-04-16T01:48:33.4853192Z 
2025-04-16T01:48:33.4853552Z     src/app/features/netflix-view/netflix-view.component.ts:35:15:
2025-04-16T01:48:33.4854091Z [37m      35 │   templateUrl: [32m'./netflix-view.component.html'[37m,
2025-04-16T01:48:33.4854423Z          ╵                [32m~~~~~~~~~~~~~~~~~~~~~~~~~~~~~~~[0m
2025-04-16T01:48:33.4854449Z 
2025-04-16T01:48:33.4854457Z 
2025-04-16T01:48:33.4863497Z [31m✘ [41;31m[[41;97mERROR[41;31m][0m [1mNG1: Property 'advertiserName' does not exist on type 'Ad'. Did you mean 'advertiser'?[0m [1m[35m[plugin angular-compiler][0m
2025-04-16T01:48:33.4863525Z 
2025-04-16T01:48:33.4863940Z     src/app/features/netflix-view/netflix-view.component.html:10:31:
2025-04-16T01:48:33.4864471Z [37m      10 │       [avatarName]="featuredAd.[32madvertiserName[37m"
2025-04-16T01:48:33.4864795Z          ╵                                [32m~~~~~~~~~~~~~~[0m
2025-04-16T01:48:33.4864815Z 
2025-04-16T01:48:33.4865153Z   Error occurs in the template of component NetflixViewComponent.
2025-04-16T01:48:33.4865165Z 
2025-04-16T01:48:33.4865526Z     src/app/features/netflix-view/netflix-view.component.ts:35:15:
2025-04-16T01:48:33.4866058Z [37m      35 │   templateUrl: [32m'./netflix-view.component.html'[37m,
2025-04-16T01:48:33.4866392Z          ╵                [32m~~~~~~~~~~~~~~~~~~~~~~~~~~~~~~~[0m
2025-04-16T01:48:33.4866407Z 
2025-04-16T01:48:33.4866415Z 
2025-04-16T01:48:33.4867558Z [31m✘ [41;31m[[41;97mERROR[41;31m][0m [1mNG9: Property 'isAdvertiserOnline' does not exist on type 'Ad'.[0m [1m[35m[plugin angular-compiler][0m
2025-04-16T01:48:33.4867576Z 
2025-04-16T01:48:33.4867961Z     src/app/features/netflix-view/netflix-view.component.html:11:35:
2025-04-16T01:48:33.4868526Z [37m      11 │       [avatarIsOnline]="featuredAd.[32misAdvertiserOnline[37m"
2025-04-16T01:48:33.4869059Z          ╵                                    [32m~~~~~~~~~~~~~~~~~~[0m
2025-04-16T01:48:33.4869074Z 
2025-04-16T01:48:33.4869411Z   Error occurs in the template of component NetflixViewComponent.
2025-04-16T01:48:33.4869423Z 
2025-04-16T01:48:33.4869786Z     src/app/features/netflix-view/netflix-view.component.ts:35:15:
2025-04-16T01:48:33.4870318Z [37m      35 │   templateUrl: [32m'./netflix-view.component.html'[37m,
2025-04-16T01:48:33.4871389Z          ╵                [32m~~~~~~~~~~~~~~~~~~~~~~~~~~~~~~~[0m
2025-04-16T01:48:33.4871404Z 
2025-04-16T01:48:33.4871412Z 
2025-04-16T01:48:33.4872910Z [31m✘ [41;31m[[41;97mERROR[41;31m][0m [1mNG3: Object literal may only specify known properties, and '"primary"' does not exist in type 'HeaderAction'.[0m [1m[35m[plugin angular-compiler][0m
2025-04-16T01:48:33.4872928Z 
2025-04-16T01:48:33.4873308Z     src/app/features/netflix-view/netflix-view.component.html:13:81:
2025-04-16T01:48:33.4873991Z [37m      13 │ ...label: 'View Profile', icon: 'fas fa-info-circle', primary: [32mtrue[37m},
2025-04-16T01:48:33.4874371Z          ╵                                                                [32m~~~~[0m
2025-04-16T01:48:33.4874384Z 
2025-04-16T01:48:33.4874731Z   Error occurs in the template of component NetflixViewComponent.
2025-04-16T01:48:33.4874742Z 
2025-04-16T01:48:33.4875094Z     src/app/features/netflix-view/netflix-view.component.ts:35:15:
2025-04-16T01:48:33.4875618Z [37m      35 │   templateUrl: [32m'./netflix-view.component.html'[37m,
2025-04-16T01:48:33.4875956Z          ╵                [32m~~~~~~~~~~~~~~~~~~~~~~~~~~~~~~~[0m
2025-04-16T01:48:33.4875967Z 
2025-04-16T01:48:33.4875975Z 
2025-04-16T01:48:33.4876945Z [31m✘ [41;31m[[41;97mERROR[41;31m][0m [1mNG8002: Can't bind to 'layout' since it isn't a known property of 'emerald-skeleton-loader'.
2025-04-16T01:48:33.4878315Z 1. If 'emerald-skeleton-loader' is an Angular component and it has 'layout' input, then verify that it is included in the '@Component.imports' of this component.
2025-04-16T01:48:33.4879604Z 2. If 'emerald-skeleton-loader' is a Web Component then add 'CUSTOM_ELEMENTS_SCHEMA' to the '@Component.schemas' of this component to suppress this message.
2025-04-16T01:48:33.4880638Z 3. To allow any property add 'NO_ERRORS_SCHEMA' to the '@Component.schemas' of this component.[0m [1m[35m[plugin angular-compiler][0m
2025-04-16T01:48:33.4880653Z 
2025-04-16T01:48:33.4881004Z     src/app/features/netflix-view/netflix-view.component.html:54:10:
2025-04-16T01:48:33.4881371Z [37m      54 │           [32m[layout]="'netflix'"[37m>
2025-04-16T01:48:33.4881639Z          ╵           [32m~~~~~~~~~~~~~~~~~~~~[0m
2025-04-16T01:48:33.4881650Z 
2025-04-16T01:48:33.4882139Z   Error occurs in the template of component NetflixViewComponent.
2025-04-16T01:48:33.4882154Z 
2025-04-16T01:48:33.4882491Z     src/app/features/netflix-view/netflix-view.component.ts:35:15:
2025-04-16T01:48:33.4882970Z [37m      35 │   templateUrl: [32m'./netflix-view.component.html'[37m,
2025-04-16T01:48:33.4883254Z          ╵                [32m~~~~~~~~~~~~~~~~~~~~~~~~~~~~~~~[0m
2025-04-16T01:48:33.4883264Z 
2025-04-16T01:48:33.4883272Z 
2025-04-16T01:48:33.4884373Z [31m✘ [41;31m[[41;97mERROR[41;31m][0m [1mNG2: Type 'string' is not assignable to type '"netflix" | "grid" | "masonry"'.[0m [1m[35m[plugin angular-compiler][0m
2025-04-16T01:48:33.4884388Z 
2025-04-16T01:48:33.4884716Z     src/app/features/netflix-view/netflix-view.component.html:85:15:
2025-04-16T01:48:33.4885096Z [37m      85 │               [[32mlayout[37m]="cardGridConfig.layout"
2025-04-16T01:48:33.4885307Z          ╵                [32m~~~~~~[0m
2025-04-16T01:48:33.4885317Z 
2025-04-16T01:48:33.4885609Z   Error occurs in the template of component NetflixViewComponent.
2025-04-16T01:48:33.4885620Z 
2025-04-16T01:48:33.4885925Z     src/app/features/netflix-view/netflix-view.component.ts:35:15:
2025-04-16T01:48:33.4886368Z [37m      35 │   templateUrl: [32m'./netflix-view.component.html'[37m,
2025-04-16T01:48:33.4886639Z          ╵                [32m~~~~~~~~~~~~~~~~~~~~~~~~~~~~~~~[0m
2025-04-16T01:48:33.4886649Z 
2025-04-16T01:48:33.4886656Z 
2025-04-16T01:48:33.4887517Z [31m✘ [41;31m[[41;97mERROR[41;31m][0m [1mNG8002: Can't bind to 'itemsPerRow' since it isn't a known property of 'emerald-card-grid'.
2025-04-16T01:48:33.4888502Z 1. If 'emerald-card-grid' is an Angular component and it has 'itemsPerRow' input, then verify that it is included in the '@Component.imports' of this component.
2025-04-16T01:48:33.4889725Z 2. If 'emerald-card-grid' is a Web Component then add 'CUSTOM_ELEMENTS_SCHEMA' to the '@Component.schemas' of this component to suppress this message.
2025-04-16T01:48:33.4890737Z 3. To allow any property add 'NO_ERRORS_SCHEMA' to the '@Component.schemas' of this component.[0m [1m[35m[plugin angular-compiler][0m
2025-04-16T01:48:33.4890752Z 
2025-04-16T01:48:33.4891128Z     src/app/features/netflix-view/netflix-view.component.html:88:14:
2025-04-16T01:48:33.4891644Z [37m      88 │               [32m[itemsPerRow]="cardGridConfig.itemsPerRow"[37m
2025-04-16T01:48:33.4892008Z          ╵               [32m~~~~~~~~~~~~~~~~~~~~~~~~~~~~~~~~~~~~~~~~~~[0m
2025-04-16T01:48:33.4892019Z 
2025-04-16T01:48:33.4892353Z   Error occurs in the template of component NetflixViewComponent.
2025-04-16T01:48:33.4892365Z 
2025-04-16T01:48:33.4892726Z     src/app/features/netflix-view/netflix-view.component.ts:35:15:
2025-04-16T01:48:33.4893233Z [37m      35 │   templateUrl: [32m'./netflix-view.component.html'[37m,
2025-04-16T01:48:33.4893563Z          ╵                [32m~~~~~~~~~~~~~~~~~~~~~~~~~~~~~~~[0m
2025-04-16T01:48:33.4893575Z 
2025-04-16T01:48:33.4893583Z 
2025-04-16T01:48:33.4894526Z [31m✘ [41;31m[[41;97mERROR[41;31m][0m [1mNG8002: Can't bind to 'subtitle' since it isn't a known property of 'emerald-app-card'.
2025-04-16T01:48:33.4895512Z 1. If 'emerald-app-card' is an Angular component and it has 'subtitle' input, then verify that it is included in the '@Component.imports' of this component.
2025-04-16T01:48:33.4896461Z 2. If 'emerald-app-card' is a Web Component then add 'CUSTOM_ELEMENTS_SCHEMA' to the '@Component.schemas' of this component to suppress this message.
2025-04-16T01:48:33.4897481Z 3. To allow any property add 'NO_ERRORS_SCHEMA' to the '@Component.schemas' of this component.[0m [1m[35m[plugin angular-compiler][0m
2025-04-16T01:48:33.4897494Z 
2025-04-16T01:48:33.4897872Z     src/app/features/netflix-view/netflix-view.component.html:93:18:
2025-04-16T01:48:33.4898301Z [37m      93 │                   [32m[subtitle]="ad.location"[37m
2025-04-16T01:48:33.4898606Z          ╵                   [32m~~~~~~~~~~~~~~~~~~~~~~~~[0m
2025-04-16T01:48:33.4898625Z 
2025-04-16T01:48:33.4899362Z   Error occurs in the template of component NetflixViewComponent.
2025-04-16T01:48:33.4899384Z 
2025-04-16T01:48:33.4899753Z     src/app/features/netflix-view/netflix-view.component.ts:35:15:
2025-04-16T01:48:33.4900287Z [37m      35 │   templateUrl: [32m'./netflix-view.component.html'[37m,
2025-04-16T01:48:33.4900605Z          ╵                [32m~~~~~~~~~~~~~~~~~~~~~~~~~~~~~~~[0m
2025-04-16T01:48:33.4900617Z 
2025-04-16T01:48:33.4900625Z 
2025-04-16T01:48:33.4901570Z [31m✘ [41;31m[[41;97mERROR[41;31m][0m [1mNG8002: Can't bind to 'description' since it isn't a known property of 'emerald-app-card'.
2025-04-16T01:48:33.4902578Z 1. If 'emerald-app-card' is an Angular component and it has 'description' input, then verify that it is included in the '@Component.imports' of this component.
2025-04-16T01:48:33.4903525Z 2. If 'emerald-app-card' is a Web Component then add 'CUSTOM_ELEMENTS_SCHEMA' to the '@Component.schemas' of this component to suppress this message.
2025-04-16T01:48:33.4904537Z 3. To allow any property add 'NO_ERRORS_SCHEMA' to the '@Component.schemas' of this component.[0m [1m[35m[plugin angular-compiler][0m
2025-04-16T01:48:33.4904550Z 
2025-04-16T01:48:33.4904913Z     src/app/features/netflix-view/netflix-view.component.html:94:18:
2025-04-16T01:48:33.4905540Z [37m      94 │ ...          [32m[description]="ad.shortDescription || ad.description?[37m...
2025-04-16T01:48:33.4905935Z          ╵              [32m~~~~~~~~~~~~~~~~~~~~~~~~~~~~~~~~~~~~~~~~~~~~~~~~~~~~~[0m
2025-04-16T01:48:33.4905946Z 
2025-04-16T01:48:33.4906275Z   Error occurs in the template of component NetflixViewComponent.
2025-04-16T01:48:33.4906285Z 
2025-04-16T01:48:33.4906628Z     src/app/features/netflix-view/netflix-view.component.ts:35:15:
2025-04-16T01:48:33.4907332Z [37m      35 │   templateUrl: [32m'./netflix-view.component.html'[37m,
2025-04-16T01:48:33.4907652Z          ╵                [32m~~~~~~~~~~~~~~~~~~~~~~~~~~~~~~~[0m
2025-04-16T01:48:33.4907664Z 
2025-04-16T01:48:33.4907682Z 
2025-04-16T01:48:33.4908600Z [31m✘ [41;31m[[41;97mERROR[41;31m][0m [1mNG8002: Can't bind to 'imageUrl' since it isn't a known property of 'emerald-app-card'.
2025-04-16T01:48:33.4909747Z 1. If 'emerald-app-card' is an Angular component and it has 'imageUrl' input, then verify that it is included in the '@Component.imports' of this component.
2025-04-16T01:48:33.4910693Z 2. If 'emerald-app-card' is a Web Component then add 'CUSTOM_ELEMENTS_SCHEMA' to the '@Component.schemas' of this component to suppress this message.
2025-04-16T01:48:33.4911721Z 3. To allow any property add 'NO_ERRORS_SCHEMA' to the '@Component.schemas' of this component.[0m [1m[35m[plugin angular-compiler][0m
2025-04-16T01:48:33.4911739Z 
2025-04-16T01:48:33.4912105Z     src/app/features/netflix-view/netflix-view.component.html:95:18:
2025-04-16T01:48:33.4912546Z [37m      95 │                   [32m[imageUrl]="getMediaUrl(ad)"[37m
2025-04-16T01:48:33.4912871Z          ╵                   [32m~~~~~~~~~~~~~~~~~~~~~~~~~~~~[0m
2025-04-16T01:48:33.4912883Z 
2025-04-16T01:48:33.4913204Z   Error occurs in the template of component NetflixViewComponent.
2025-04-16T01:48:33.4913215Z 
2025-04-16T01:48:33.4913560Z     src/app/features/netflix-view/netflix-view.component.ts:35:15:
2025-04-16T01:48:33.4914059Z [37m      35 │   templateUrl: [32m'./netflix-view.component.html'[37m,
2025-04-16T01:48:33.4914366Z          ╵                [32m~~~~~~~~~~~~~~~~~~~~~~~~~~~~~~~[0m
2025-04-16T01:48:33.4914377Z 
2025-04-16T01:48:33.4914391Z 
2025-04-16T01:48:33.4915299Z [31m✘ [41;31m[[41;97mERROR[41;31m][0m [1mNG8002: Can't bind to 'avatarUrl' since it isn't a known property of 'emerald-app-card'.
2025-04-16T01:48:33.4916275Z 1. If 'emerald-app-card' is an Angular component and it has 'avatarUrl' input, then verify that it is included in the '@Component.imports' of this component.
2025-04-16T01:48:33.4917449Z 2. If 'emerald-app-card' is a Web Component then add 'CUSTOM_ELEMENTS_SCHEMA' to the '@Component.schemas' of this component to suppress this message.
2025-04-16T01:48:33.4918497Z 3. To allow any property add 'NO_ERRORS_SCHEMA' to the '@Component.schemas' of this component.[0m [1m[35m[plugin angular-compiler][0m
2025-04-16T01:48:33.4918511Z 
2025-04-16T01:48:33.4919090Z     src/app/features/netflix-view/netflix-view.component.html:96:18:
2025-04-16T01:48:33.4919573Z [37m      96 │                   [32m[avatarUrl]="ad.advertiserImage"[37m
2025-04-16T01:48:33.4919899Z          ╵                   [32m~~~~~~~~~~~~~~~~~~~~~~~~~~~~~~~~[0m
2025-04-16T01:48:33.4919911Z 
2025-04-16T01:48:33.4920238Z   Error occurs in the template of component NetflixViewComponent.
2025-04-16T01:48:33.4920249Z 
2025-04-16T01:48:33.4920588Z     src/app/features/netflix-view/netflix-view.component.ts:35:15:
2025-04-16T01:48:33.4921097Z [37m      35 │   templateUrl: [32m'./netflix-view.component.html'[37m,
2025-04-16T01:48:33.4921400Z          ╵                [32m~~~~~~~~~~~~~~~~~~~~~~~~~~~~~~~[0m
2025-04-16T01:48:33.4921412Z 
2025-04-16T01:48:33.4921430Z 
2025-04-16T01:48:33.4922378Z [31m✘ [41;31m[[41;97mERROR[41;31m][0m [1mNG8002: Can't bind to 'avatarName' since it isn't a known property of 'emerald-app-card'.
2025-04-16T01:48:33.4923366Z 1. If 'emerald-app-card' is an Angular component and it has 'avatarName' input, then verify that it is included in the '@Component.imports' of this component.
2025-04-16T01:48:33.4924303Z 2. If 'emerald-app-card' is a Web Component then add 'CUSTOM_ELEMENTS_SCHEMA' to the '@Component.schemas' of this component to suppress this message.
2025-04-16T01:48:33.4925320Z 3. To allow any property add 'NO_ERRORS_SCHEMA' to the '@Component.schemas' of this component.[0m [1m[35m[plugin angular-compiler][0m
2025-04-16T01:48:33.4925333Z 
2025-04-16T01:48:33.4925695Z     src/app/features/netflix-view/netflix-view.component.html:97:18:
2025-04-16T01:48:33.4926345Z [37m      97 │                   [32m[avatarName]="ad.advertiserName"[37m
2025-04-16T01:48:33.4926676Z          ╵                   [32m~~~~~~~~~~~~~~~~~~~~~~~~~~~~~~~~[0m
2025-04-16T01:48:33.4926688Z 
2025-04-16T01:48:33.4927011Z   Error occurs in the template of component NetflixViewComponent.
2025-04-16T01:48:33.4927023Z 
2025-04-16T01:48:33.4927374Z     src/app/features/netflix-view/netflix-view.component.ts:35:15:
2025-04-16T01:48:33.4927869Z [37m      35 │   templateUrl: [32m'./netflix-view.component.html'[37m,
2025-04-16T01:48:33.4928178Z          ╵                [32m~~~~~~~~~~~~~~~~~~~~~~~~~~~~~~~[0m
2025-04-16T01:48:33.4928189Z 
2025-04-16T01:48:33.4928197Z 
2025-04-16T01:48:33.4929232Z [31m✘ [41;31m[[41;97mERROR[41;31m][0m [1mNG8002: Can't bind to 'tags' since it isn't a known property of 'emerald-app-card'.
2025-04-16T01:48:33.4930167Z 1. If 'emerald-app-card' is an Angular component and it has 'tags' input, then verify that it is included in the '@Component.imports' of this component.
2025-04-16T01:48:33.4931505Z 2. If 'emerald-app-card' is a Web Component then add 'CUSTOM_ELEMENTS_SCHEMA' to the '@Component.schemas' of this component to suppress this message.
2025-04-16T01:48:33.4932564Z 3. To allow any property add 'NO_ERRORS_SCHEMA' to the '@Component.schemas' of this component.[0m [1m[35m[plugin angular-compiler][0m
2025-04-16T01:48:33.4932578Z 
2025-04-16T01:48:33.4932952Z     src/app/features/netflix-view/netflix-view.component.html:99:18:
2025-04-16T01:48:33.4933386Z [37m      99 │                   [32m[tags]="ad.tags?.slice(0, 3)"[37m
2025-04-16T01:48:33.4933707Z          ╵                   [32m~~~~~~~~~~~~~~~~~~~~~~~~~~~~~[0m
2025-04-16T01:48:33.4933720Z 
2025-04-16T01:48:33.4934051Z   Error occurs in the template of component NetflixViewComponent.
2025-04-16T01:48:33.4934062Z 
2025-04-16T01:48:33.4934405Z     src/app/features/netflix-view/netflix-view.component.ts:35:15:
2025-04-16T01:48:33.4934912Z [37m      35 │   templateUrl: [32m'./netflix-view.component.html'[37m,
2025-04-16T01:48:33.4935220Z          ╵                [32m~~~~~~~~~~~~~~~~~~~~~~~~~~~~~~~[0m
2025-04-16T01:48:33.4935231Z 
2025-04-16T01:48:33.4935418Z 
2025-04-16T01:48:33.4936340Z [31m✘ [41;31m[[41;97mERROR[41;31m][0m [1mNG8002: Can't bind to 'itemId' since it isn't a known property of 'emerald-app-card'.
2025-04-16T01:48:33.4937299Z 1. If 'emerald-app-card' is an Angular component and it has 'itemId' input, then verify that it is included in the '@Component.imports' of this component.
2025-04-16T01:48:33.4938242Z 2. If 'emerald-app-card' is a Web Component then add 'CUSTOM_ELEMENTS_SCHEMA' to the '@Component.schemas' of this component to suppress this message.
2025-04-16T01:48:33.4939510Z 3. To allow any property add 'NO_ERRORS_SCHEMA' to the '@Component.schemas' of this component.[0m [1m[35m[plugin angular-compiler][0m
2025-04-16T01:48:33.4939529Z 
2025-04-16T01:48:33.4939908Z     src/app/features/netflix-view/netflix-view.component.html:101:18:
2025-04-16T01:48:33.4940333Z [37m      101 │                   [32m[itemId]="ad._id"[37m
2025-04-16T01:48:33.4940622Z           ╵                   [32m~~~~~~~~~~~~~~~~~[0m
2025-04-16T01:48:33.4940644Z 
2025-04-16T01:48:33.4940975Z   Error occurs in the template of component NetflixViewComponent.
2025-04-16T01:48:33.4940986Z 
2025-04-16T01:48:33.4941329Z     src/app/features/netflix-view/netflix-view.component.ts:35:15:
2025-04-16T01:48:33.4941831Z [37m      35 │   templateUrl: [32m'./netflix-view.component.html'[37m,
2025-04-16T01:48:33.4942142Z          ╵                [32m~~~~~~~~~~~~~~~~~~~~~~~~~~~~~~~[0m
2025-04-16T01:48:33.4943694Z 
2025-04-16T01:48:33.4943702Z 
2025-04-16T01:48:33.4944651Z [31m✘ [41;31m[[41;97mERROR[41;31m][0m [1mNG8002: Can't bind to 'actions' since it isn't a known property of 'emerald-app-card'.
2025-04-16T01:48:33.4945633Z 1. If 'emerald-app-card' is an Angular component and it has 'actions' input, then verify that it is included in the '@Component.imports' of this component.
2025-04-16T01:48:33.4946771Z 2. If 'emerald-app-card' is a Web Component then add 'CUSTOM_ELEMENTS_SCHEMA' to the '@Component.schemas' of this component to suppress this message.
2025-04-16T01:48:33.4947826Z 3. To allow any property add 'NO_ERRORS_SCHEMA' to the '@Component.schemas' of this component.[0m [1m[35m[plugin angular-compiler][0m
2025-04-16T01:48:33.4947840Z 
2025-04-16T01:48:33.4948220Z     src/app/features/netflix-view/netflix-view.component.html:102:18:
2025-04-16T01:48:33.4948599Z [37m      102 │                   [32m[actions]="[[37m
2025-04-16T01:48:33.4949051Z           ╵                   [32m~~~~~~~~~~~~[0m
2025-04-16T01:48:33.4949067Z 
2025-04-16T01:48:33.4949392Z   Error occurs in the template of component NetflixViewComponent.
2025-04-16T01:48:33.4949403Z 
2025-04-16T01:48:33.4949759Z     src/app/features/netflix-view/netflix-view.component.ts:35:15:
2025-04-16T01:48:33.4950261Z [37m      35 │   templateUrl: [32m'./netflix-view.component.html'[37m,
2025-04-16T01:48:33.4950575Z          ╵                [32m~~~~~~~~~~~~~~~~~~~~~~~~~~~~~~~[0m
2025-04-16T01:48:33.4950588Z 
2025-04-16T01:48:33.4950596Z 
2025-04-16T01:48:33.4951664Z [31m✘ [41;31m[[41;97mERROR[41;31m][0m [1mNG5: Argument of type 'Event' is not assignable to parameter of type '{ id: string; itemId?: string; }'.
2025-04-16T01:48:33.4952578Z   Property 'id' is missing in type 'Event' but required in type '{ id: string; itemId?: string; }'.[0m [1m[35m[plugin angular-compiler][0m
2025-04-16T01:48:33.4952590Z 
2025-04-16T01:48:33.4952971Z     src/app/features/netflix-view/netflix-view.component.html:107:46:
2025-04-16T01:48:33.4953798Z [37m      107 │                   (actionClick)="onCardAction([32m$event[37m, ad._id)">
2025-04-16T01:48:33.4954202Z           ╵                                               [32m~~~~~~[0m
2025-04-16T01:48:33.4954215Z 
2025-04-16T01:48:33.4954634Z   Error occurs in the template of component NetflixViewComponent.
2025-04-16T01:48:33.4954659Z 
2025-04-16T01:48:33.4955053Z     src/app/features/netflix-view/netflix-view.component.ts:35:15:
2025-04-16T01:48:33.4955621Z [37m      35 │   templateUrl: [32m'./netflix-view.component.html'[37m,
2025-04-16T01:48:33.4956232Z          ╵                [32m~~~~~~~~~~~~~~~~~~~~~~~~~~~~~~~[0m
2025-04-16T01:48:33.4956249Z 
2025-04-16T01:48:33.4956257Z 
2025-04-16T01:48:33.4957259Z [31m✘ [41;31m[[41;97mERROR[41;31m][0m [1mNG8002: Can't bind to 'value' since it isn't a known property of 'emerald-toggle'.
2025-04-16T01:48:33.4958293Z 1. If 'emerald-toggle' is an Angular component and it has 'value' input, then verify that it is included in the '@Component.imports' of this component.
2025-04-16T01:48:33.4959508Z 2. If 'emerald-toggle' is a Web Component then add 'CUSTOM_ELEMENTS_SCHEMA' to the '@Component.schemas' of this component to suppress this message.
2025-04-16T01:48:33.4960657Z 3. To allow any property add 'NO_ERRORS_SCHEMA' to the '@Component.schemas' of this component.[0m [1m[35m[plugin angular-compiler][0m
2025-04-16T01:48:33.4960685Z 
2025-04-16T01:48:33.4961089Z     src/app/features/netflix-view/netflix-view.component.html:178:16:
2025-04-16T01:48:33.4961865Z [37m      178 │                 [32m[value]="filterForm.get('touringOnly')?.value"[37m
2025-04-16T01:48:33.4962299Z           ╵                 [32m~~~~~~~~~~~~~~~~~~~~~~~~~~~~~~~~~~~~~~~~~~~~~~[0m
2025-04-16T01:48:33.4962312Z 
2025-04-16T01:48:33.4962680Z   Error occurs in the template of component NetflixViewComponent.
2025-04-16T01:48:33.4962692Z 
2025-04-16T01:48:33.4963134Z     src/app/features/netflix-view/netflix-view.component.ts:35:15:
2025-04-16T01:48:33.4963685Z [37m      35 │   templateUrl: [32m'./netflix-view.component.html'[37m,
2025-04-16T01:48:33.4964162Z          ╵                [32m~~~~~~~~~~~~~~~~~~~~~~~~~~~~~~~[0m
2025-04-16T01:48:33.4964175Z 
2025-04-16T01:48:33.4964182Z 
2025-04-16T01:48:33.4965351Z [31m✘ [41;31m[[41;97mERROR[41;31m][0m [1mTS2339: Property 'website' does not exist on type 'UserProfile'.[0m [1m[35m[plugin angular-compiler][0m
2025-04-16T01:48:33.4965550Z 
2025-04-16T01:48:33.4965978Z     src/app/features/profile/edit-profile.component.ts:139:26:
2025-04-16T01:48:33.4966467Z [37m      139 │             website: user.[32mwebsite[37m || '',
2025-04-16T01:48:33.4966807Z           ╵                           [32m~~~~~~~[0m
2025-04-16T01:48:33.4966819Z 
2025-04-16T01:48:33.4966899Z 
2025-04-16T01:48:33.4967480Z [31m✘ [41;31m[[41;97mERROR[41;31m][0m [1mExpected "}" but found "onSubmit"[0m
2025-04-16T01:48:33.4967493Z 
2025-04-16T01:48:33.4967881Z     src/app/features/profile/profile.component.ts:12:2:
2025-04-16T01:48:33.4968315Z [37m      12 │   [32monSubmit[37m(): void {
2025-04-16T01:48:33.4968574Z          │   [32m~~~~~~~~[37m
2025-04-16T01:48:33.4968788Z          ╵   [32m}[0m
2025-04-16T01:48:33.4968800Z 
2025-04-16T01:48:33.4969049Z 
2025-04-16T01:48:33.4969845Z [31m✘ [41;31m[[41;97mERROR[41;31m][0m [1mTS1005: ',' expected.[0m [1m[35m[plugin angular-compiler][0m
2025-04-16T01:48:33.4969873Z 
2025-04-16T01:48:33.4970161Z     src/app/features/profile/profile.component.ts:12:2:
2025-04-16T01:48:33.4970667Z [37m      12 │   [32monSubmit[37m(): void {
2025-04-16T01:48:33.4970949Z          ╵   [32m~~~~~~~~[0m
2025-04-16T01:48:33.4970962Z 
2025-04-16T01:48:33.4970970Z 
2025-04-16T01:48:33.4971789Z [31m✘ [41;31m[[41;97mERROR[41;31m][0m [1mTS1005: ',' expected.[0m [1m[35m[plugin angular-compiler][0m
2025-04-16T01:48:33.4971801Z 
2025-04-16T01:48:33.4972145Z     src/app/features/profile/profile.component.ts:12:10:
2025-04-16T01:48:33.4972506Z [37m      12 │   onSubmit[32m([37m): void {
2025-04-16T01:48:33.4972863Z          ╵           [32m^[0m
2025-04-16T01:48:33.4972875Z 
2025-04-16T01:48:33.4972883Z 
2025-04-16T01:48:33.4973801Z [31m✘ [41;31m[[41;97mERROR[41;31m][0m [1mTS1141: String literal expected.[0m [1m[35m[plugin angular-compiler][0m
2025-04-16T01:48:33.4973815Z 
2025-04-16T01:48:33.4974184Z     src/app/features/profile/profile.component.ts:12:10:
2025-04-16T01:48:33.4974580Z [37m      12 │   onSubmit[32m(): void {[37m
2025-04-16T01:48:33.4974867Z          ╵           [32m~~~~~~~~~~[0m
2025-04-16T01:48:33.4974929Z 
2025-04-16T01:48:33.4975113Z 
2025-04-16T01:48:33.4975888Z [31m✘ [41;31m[[41;97mERROR[41;31m][0m [1mTS1005: '=>' expected.[0m [1m[35m[plugin angular-compiler][0m
2025-04-16T01:48:33.4975901Z 
2025-04-16T01:48:33.4976300Z     src/app/features/profile/profile.component.ts:12:19:
2025-04-16T01:48:33.4976732Z [37m      12 │   onSubmit(): void [32m{[37m
2025-04-16T01:48:33.4977047Z          ╵                    [32m^[0m
2025-04-16T01:48:33.4977059Z 
2025-04-16T01:48:33.4977067Z 
2025-04-16T01:48:33.4978082Z [31m✘ [41;31m[[41;97mERROR[41;31m][0m [1mTS1128: Declaration or statement expected.[0m [1m[35m[plugin angular-compiler][0m
2025-04-16T01:48:33.4978096Z 
2025-04-16T01:48:33.4978404Z     src/app/features/profile/profile.component.ts:72:0:
2025-04-16T01:48:33.4978758Z [37m      72 │ [32m}[37m from '@angular/core';
2025-04-16T01:48:33.4979321Z          ╵ [32m^[0m
2025-04-16T01:48:33.4979334Z 
2025-04-16T01:48:33.4979343Z 
2025-04-16T01:48:33.4980355Z [31m✘ [41;31m[[41;97mERROR[41;31m][0m [1mTS1434: Unexpected keyword or identifier.[0m [1m[35m[plugin angular-compiler][0m
2025-04-16T01:48:33.4980369Z 
2025-04-16T01:48:33.4980731Z     src/app/features/profile/profile.component.ts:72:2:
2025-04-16T01:48:33.4981106Z [37m      72 │ } [32mfrom[37m '@angular/core';
2025-04-16T01:48:33.4981356Z          ╵   [32m~~~~[0m
2025-04-16T01:48:33.4981368Z 
2025-04-16T01:48:33.4981376Z 
2025-04-16T01:48:33.4994587Z [31m✘ [41;31m[[41;97mERROR[41;31m][0m [1mTS2304: Cannot find name 'from'.[0m [1m[35m[plugin angular-compiler][0m
2025-04-16T01:48:33.4994618Z 
2025-04-16T01:48:33.4994948Z     src/app/features/profile/profile.component.ts:72:2:
2025-04-16T01:48:33.4995343Z [37m      72 │ } [32mfrom[37m '@angular/core';
2025-04-16T01:48:33.4995538Z          ╵   [32m~~~~[0m
2025-04-16T01:48:33.4995801Z 
2025-04-16T01:48:33.4995809Z 
2025-04-16T01:48:33.4996750Z [31m✘ [41;31m[[41;97mERROR[41;31m][0m [1mTS2304: Cannot find name 'AuthService'.[0m [1m[35m[plugin angular-compiler][0m
2025-04-16T01:48:33.4996776Z 
2025-04-16T01:48:33.4997076Z     src/app/features/profile/profile.component.ts:98:25:
2025-04-16T01:48:33.4997512Z [37m      98 │     private authService: [32mAuthService[37m,
2025-04-16T01:48:33.4997806Z          ╵                          [32m~~~~~~~~~~~[0m
2025-04-16T01:48:33.4997817Z 
2025-04-16T01:48:33.4997824Z 
2025-04-16T01:48:33.4999563Z [31m✘ [41;31m[[41;97mERROR[41;31m][0m [1mTS2339: Property 'privacy' does not exist on type '{ notifications?: boolean; darkMode?: boolean; language?: string; }'.[0m [1m[35m[plugin angular-compiler][0m
2025-04-16T01:48:33.4999583Z 
2025-04-16T01:48:33.4999882Z     src/app/features/profile/profile.component.ts:146:59:
2025-04-16T01:48:33.5000583Z [37m      146 │ ...ences.privacy': this.userProfile.preferences?.[32mprivacy[37m || 'public'
2025-04-16T01:48:33.5000952Z           ╵                                                  [32m~~~~~~~[0m
2025-04-16T01:48:33.5000964Z 
2025-04-16T01:48:33.5000971Z 
2025-04-16T01:48:33.5002130Z [31m✘ [41;31m[[41;97mERROR[41;31m][0m [1mTS-996002: 'ProfileComponent' does not appear to be an NgModule class.[0m [1m[35m[plugin angular-compiler][0m
2025-04-16T01:48:33.5002144Z 
2025-04-16T01:48:33.5002413Z     src/app/features/profile/profile.module.ts:28:4:
2025-04-16T01:48:33.5002750Z [37m      28 │     [32mProfileComponent[37m,
2025-04-16T01:48:33.5002996Z          ╵     [32m~~~~~~~~~~~~~~~~[0m
2025-04-16T01:48:33.5003012Z 
2025-04-16T01:48:33.5003205Z   Is it missing an @NgModule annotation?
2025-04-16T01:48:33.5003216Z 
2025-04-16T01:48:33.5003503Z     src/app/features/profile/profile.component.ts:88:13:
2025-04-16T01:48:33.5004023Z [37m      88 │ export class [32mProfileComponent[37m implements OnInit {
2025-04-16T01:48:33.5004303Z          ╵              [32m~~~~~~~~~~~~~~~~[0m
2025-04-16T01:48:33.5004327Z 
2025-04-16T01:48:33.5004335Z 
2025-04-16T01:48:33.5005466Z [31m✘ [41;31m[[41;97mERROR[41;31m][0m [1mNG8002: Can't bind to 'layout' since it isn't a known property of 'emerald-skeleton-loader'.
2025-04-16T01:48:33.5006513Z 1. If 'emerald-skeleton-loader' is an Angular component and it has 'layout' input, then verify that it is included in the '@Component.imports' of this component.
2025-04-16T01:48:33.5007522Z 2. If 'emerald-skeleton-loader' is a Web Component then add 'CUSTOM_ELEMENTS_SCHEMA' to the '@Component.schemas' of this component to suppress this message.
2025-04-16T01:48:33.5008556Z 3. To allow any property add 'NO_ERRORS_SCHEMA' to the '@Component.schemas' of this component.[0m [1m[35m[plugin angular-compiler][0m
2025-04-16T01:48:33.5008569Z 
2025-04-16T01:48:33.5009065Z     src/app/features/tinder/tinder.component.html:18:8:
2025-04-16T01:48:33.5009448Z [37m      18 │         [32m[layout]="'tinder'"[37m>
2025-04-16T01:48:33.5009731Z          ╵         [32m~~~~~~~~~~~~~~~~~~~[0m
2025-04-16T01:48:33.5009742Z 
2025-04-16T01:48:33.5010040Z   Error occurs in the template of component TinderComponent.
2025-04-16T01:48:33.5010052Z 
2025-04-16T01:48:33.5010320Z     src/app/features/tinder/tinder.component.ts:34:15:
2025-04-16T01:48:33.5010785Z [37m      34 │   templateUrl: [32m'./tinder.component.html'[37m,
2025-04-16T01:48:33.5011083Z          ╵                [32m~~~~~~~~~~~~~~~~~~~~~~~~~[0m
2025-04-16T01:48:33.5011094Z 
2025-04-16T01:48:33.5011103Z 
2025-04-16T01:48:33.5012090Z [31m✘ [41;31m[[41;97mERROR[41;31m][0m [1mNG2: Type 'number' is not assignable to type 'string'.[0m [1m[35m[plugin angular-compiler][0m
2025-04-16T01:48:33.5012103Z 
2025-04-16T01:48:33.5012372Z     src/app/features/tinder/tinder.component.html:53:9:
2025-04-16T01:48:33.5012725Z [37m      53 │         [[32mage[37m]="currentAd.age"
2025-04-16T01:48:33.5012957Z          ╵          [32m~~~[0m
2025-04-16T01:48:33.5012968Z 
2025-04-16T01:48:33.5013477Z   Error occurs in the template of component TinderComponent.
2025-04-16T01:48:33.5013489Z 
2025-04-16T01:48:33.5013751Z     src/app/features/tinder/tinder.component.ts:34:15:
2025-04-16T01:48:33.5014227Z [37m      34 │   templateUrl: [32m'./tinder.component.html'[37m,
2025-04-16T01:48:33.5014522Z          ╵                [32m~~~~~~~~~~~~~~~~~~~~~~~~~[0m
2025-04-16T01:48:33.5014539Z 
2025-04-16T01:48:33.5014547Z 
2025-04-16T01:48:33.5015610Z [31m✘ [41;31m[[41;97mERROR[41;31m][0m [1mNG2: Type 'string' is not assignable to type '"" | "like" | "dislike"'.[0m [1m[35m[plugin angular-compiler][0m
2025-04-16T01:48:33.5015623Z 
2025-04-16T01:48:33.5015884Z     src/app/features/tinder/tinder.component.html:54:9:
2025-04-16T01:48:33.5016237Z [37m      54 │         [[32mstate[37m]="cardState"
2025-04-16T01:48:33.5016467Z          ╵          [32m~~~~~[0m
2025-04-16T01:48:33.5016478Z 
2025-04-16T01:48:33.5016828Z   Error occurs in the template of component TinderComponent.
2025-04-16T01:48:33.5016852Z 
2025-04-16T01:48:33.5017107Z     src/app/features/tinder/tinder.component.ts:34:15:
2025-04-16T01:48:33.5017561Z [37m      34 │   templateUrl: [32m'./tinder.component.html'[37m,
2025-04-16T01:48:33.5017871Z          ╵                [32m~~~~~~~~~~~~~~~~~~~~~~~~~[0m
2025-04-16T01:48:33.5017883Z 
2025-04-16T01:48:33.5017890Z 
2025-04-16T01:48:33.5019065Z [31m✘ [41;31m[[41;97mERROR[41;31m][0m [1mNG2: Type 'number' is not assignable to type 'string'.[0m [1m[35m[plugin angular-compiler][0m
2025-04-16T01:48:33.5019080Z 
2025-04-16T01:48:33.5019353Z     src/app/features/tinder/tinder.component.html:71:9:
2025-04-16T01:48:33.5019704Z [37m      71 │         [[32mage[37m]="nextAd.age"
2025-04-16T01:48:33.5019929Z          ╵          [32m~~~[0m
2025-04-16T01:48:33.5019946Z 
2025-04-16T01:48:33.5020235Z   Error occurs in the template of component TinderComponent.
2025-04-16T01:48:33.5020246Z 
2025-04-16T01:48:33.5020499Z     src/app/features/tinder/tinder.component.ts:34:15:
2025-04-16T01:48:33.5020964Z [37m      34 │   templateUrl: [32m'./tinder.component.html'[37m,
2025-04-16T01:48:33.5021255Z          ╵                [32m~~~~~~~~~~~~~~~~~~~~~~~~~[0m
2025-04-16T01:48:33.5021267Z 
2025-04-16T01:48:33.5021275Z 
2025-04-16T01:48:33.5022325Z [31m✘ [41;31m[[41;97mERROR[41;31m][0m [1mNG8002: Can't bind to 'value' since it isn't a known property of 'emerald-toggle'.
2025-04-16T01:48:33.5023279Z 1. If 'emerald-toggle' is an Angular component and it has 'value' input, then verify that it is included in the '@Component.imports' of this component.
2025-04-16T01:48:33.5024215Z 2. If 'emerald-toggle' is a Web Component then add 'CUSTOM_ELEMENTS_SCHEMA' to the '@Component.schemas' of this component to suppress this message.
2025-04-16T01:48:33.5025251Z 3. To allow any property add 'NO_ERRORS_SCHEMA' to the '@Component.schemas' of this component.[0m [1m[35m[plugin angular-compiler][0m
2025-04-16T01:48:33.5025264Z 
2025-04-16T01:48:33.5025547Z     src/app/features/tinder/tinder.component.html:133:16:
2025-04-16T01:48:33.5026107Z [37m      133 │                 [32m[value]="filterForm.get('touringOnly')?.value"[37m
2025-04-16T01:48:33.5026493Z           ╵                 [32m~~~~~~~~~~~~~~~~~~~~~~~~~~~~~~~~~~~~~~~~~~~~~~[0m
2025-04-16T01:48:33.5026516Z 
2025-04-16T01:48:33.5026817Z   Error occurs in the template of component TinderComponent.
2025-04-16T01:48:33.5026828Z 
2025-04-16T01:48:33.5027084Z     src/app/features/tinder/tinder.component.ts:34:15:
2025-04-16T01:48:33.5027531Z [37m      34 │   templateUrl: [32m'./tinder.component.html'[37m,
2025-04-16T01:48:33.5027822Z          ╵                [32m~~~~~~~~~~~~~~~~~~~~~~~~~[0m
2025-04-16T01:48:33.5027834Z 
2025-04-16T01:48:33.5027841Z 
2025-04-16T01:48:33.5028786Z [31m✘ [41;31m[[41;97mERROR[41;31m][0m [1mTS2322: Type '{ type: string; url: string; }[]' is not assignable to type 'TinderCardMedia[]'.
2025-04-16T01:48:33.5029436Z   Type '{ type: string; url: string; }' is not assignable to type 'TinderCardMedia'.
2025-04-16T01:48:33.5029854Z     Types of property 'type' are incompatible.
2025-04-16T01:48:33.5030521Z       Type 'string' is not assignable to type '"image" | "video"'.[0m [1m[35m[plugin angular-compiler][0m
2025-04-16T01:48:33.5030540Z 
2025-04-16T01:48:33.5030807Z     src/app/features/tinder/tinder.component.ts:275:4:
2025-04-16T01:48:33.5031125Z [37m      275 │     [32mreturn[37m ad.media;
2025-04-16T01:48:33.5031347Z           ╵     [32m~~~~~~[0m
2025-04-16T01:48:33.5031357Z 
2025-04-16T01:48:33.5031365Z 
2025-04-16T01:48:33.5031938Z [31m✘ [41;31m[[41;97mERROR[41;31m][0m [1mCould not resolve "angularx-qrcode"[0m
2025-04-16T01:48:33.5031950Z 
2025-04-16T01:48:33.5032345Z     src/app/features/wallet/dialogs/deposit-dialog.component.ts:14:29:
2025-04-16T01:48:33.5032843Z [37m      14 │ import { QRCodeModule } from [32m'angularx-qrcode'[37m;
2025-04-16T01:48:33.5033158Z          ╵                              [32m~~~~~~~~~~~~~~~~~[0m
2025-04-16T01:48:33.5033169Z 
2025-04-16T01:48:33.5034039Z   You can mark the path "angularx-qrcode" as external to exclude it from the bundle, which will remove this error and leave the unresolved path in the bundle.
2025-04-16T01:48:33.5034064Z 
2025-04-16T01:48:33.5034072Z 
2025-04-16T01:48:33.5035374Z [31m✘ [41;31m[[41;97mERROR[41;31m][0m [1mTS2307: Cannot find module 'angularx-qrcode' or its corresponding type declarations.[0m [1m[35m[plugin angular-compiler][0m
2025-04-16T01:48:33.5035388Z 
2025-04-16T01:48:33.5035779Z     src/app/features/wallet/dialogs/deposit-dialog.component.ts:14:29:
2025-04-16T01:48:33.5036277Z [37m      14 │ import { QRCodeModule } from [32m'angularx-qrcode'[37m;
2025-04-16T01:48:33.5036599Z          ╵                              [32m~~~~~~~~~~~~~~~~~[0m
2025-04-16T01:48:33.5036610Z 
2025-04-16T01:48:33.5036617Z 
2025-04-16T01:48:33.5037521Z [31m✘ [41;31m[[41;97mERROR[41;31m][0m [1mTS-991010: 'imports' must be an array of components, directives, pipes, or NgModules.
2025-04-16T01:48:33.5038085Z   Value could not be determined statically.[0m [1m[35m[plugin angular-compiler][0m
2025-04-16T01:48:33.5038114Z 
2025-04-16T01:48:33.5038501Z     src/app/features/wallet/dialogs/deposit-dialog.component.ts:272:4:
2025-04-16T01:48:33.5039144Z [37m      272 │     [32mQRCodeModule[37m,
2025-04-16T01:48:33.5039435Z           ╵     [32m~~~~~~~~~~~~[0m
2025-04-16T01:48:33.5039447Z 
2025-04-16T01:48:33.5039574Z   Unknown reference.
2025-04-16T01:48:33.5039585Z 
2025-04-16T01:48:33.5039973Z     src/app/features/wallet/dialogs/deposit-dialog.component.ts:272:4:
2025-04-16T01:48:33.5040290Z [37m      272 │     [32mQRCodeModule[37m,
2025-04-16T01:48:33.5040524Z           ╵     [32m~~~~~~~~~~~~[0m
2025-04-16T01:48:33.5040535Z 
2025-04-16T01:48:33.5040543Z 
2025-04-16T01:48:33.5041329Z [31m✘ [41;31m[[41;97mERROR[41;31m][0m [1mNG5002: Unclosed block ""[0m [1m[35m[plugin angular-compiler][0m
2025-04-16T01:48:33.5041342Z 
2025-04-16T01:48:33.5041736Z     src/app/features/wallet/dialogs/transfer-dialog.component.ts:74:46:
2025-04-16T01:48:33.5042356Z [37m      74 │ ...           <span class="user-username">[32m@{[37m{ user.username }}</span>
2025-04-16T01:48:33.5042670Z          ╵                                           [32m~~[0m
2025-04-16T01:48:33.5042682Z 
2025-04-16T01:48:33.5042701Z 
2025-04-16T01:48:33.5043604Z [31m✘ [41;31m[[41;97mERROR[41;31m][0m [1mNG5002: Invalid ICU message. Missing '}'.[0m [1m[35m[plugin angular-compiler][0m
2025-04-16T01:48:33.5043626Z 
2025-04-16T01:48:33.5044018Z     src/app/features/wallet/dialogs/transfer-dialog.component.ts:114:2:
2025-04-16T01:48:33.5044270Z [37m      114 │   [32m`[37m,
2025-04-16T01:48:33.5044461Z           ╵   [32m^[0m
2025-04-16T01:48:33.5044472Z 
2025-04-16T01:48:33.5044479Z 
2025-04-16T01:48:33.5045864Z [31m✘ [41;31m[[41;97mERROR[41;31m][0m [1mNG5002: Unexpected character "EOF" (Do you have an unescaped "{" in your template? Use "{{ '{' }}") to escape it.)[0m [1m[35m[plugin angular-compiler][0m
2025-04-16T01:48:33.5045877Z 
2025-04-16T01:48:33.5046278Z     src/app/features/wallet/dialogs/transfer-dialog.component.ts:114:2:
2025-04-16T01:48:33.5046703Z [37m      114 │   [32m`[37m,
2025-04-16T01:48:33.5046881Z           ╵   [32m^[0m
2025-04-16T01:48:33.5046892Z 
2025-04-16T01:48:33.5046912Z 
2025-04-16T01:48:33.5048101Z [31m✘ [41;31m[[41;97mERROR[41;31m][0m [1mTS2322: Type 'Observable<any[] | User[] | UserSearchResult[]>' is not assignable to type 'Observable<UserSearchResult[]>'.
2025-04-16T01:48:33.5048558Z   Type 'any[] | User[] | UserSearchResult[]' is not assignable to type 'UserSearchResult[]'.
2025-04-16T01:48:33.5049082Z     Type 'User[]' is not assignable to type 'UserSearchResult[]'.
2025-04-16T01:48:33.5050047Z       Property 'displayName' is missing in type 'User' but required in type 'UserSearchResult'.[0m [1m[35m[plugin angular-compiler][0m
2025-04-16T01:48:33.5050061Z 
2025-04-16T01:48:33.5050464Z     src/app/features/wallet/dialogs/transfer-dialog.component.ts:272:4:
2025-04-16T01:48:33.5051014Z [37m      272 │     [32mreturn[37m this.userService.searchUsers(query).pipe(
2025-04-16T01:48:33.5051248Z           ╵     [32m~~~~~~[0m
2025-04-16T01:48:33.5051260Z 
2025-04-16T01:48:33.5051448Z   'displayName' is declared here.
2025-04-16T01:48:33.5051458Z 
2025-04-16T01:48:33.5051861Z     src/app/features/wallet/dialogs/transfer-dialog.component.ts:21:2:
2025-04-16T01:48:33.5052194Z [37m      21 │   [32mdisplayName[37m: string;
2025-04-16T01:48:33.5052424Z          ╵   [32m~~~~~~~~~~~[0m
2025-04-16T01:48:33.5052435Z 
2025-04-16T01:48:33.5052443Z 
2025-04-16T01:48:33.5052999Z [31m✘ [41;31m[[41;97mERROR[41;31m][0m [1mCould not resolve "angularx-qrcode"[0m
2025-04-16T01:48:33.5053012Z 
2025-04-16T01:48:33.5053275Z     src/app/features/wallet/wallet.component.ts:33:29:
2025-04-16T01:48:33.5053890Z [37m      33 │ import { QRCodeModule } from [32m'angularx-qrcode'[37m;
2025-04-16T01:48:33.5054205Z          ╵                              [32m~~~~~~~~~~~~~~~~~[0m
2025-04-16T01:48:33.5054217Z 
2025-04-16T01:48:33.5055060Z   You can mark the path "angularx-qrcode" as external to exclude it from the bundle, which will remove this error and leave the unresolved path in the bundle.
2025-04-16T01:48:33.5055087Z 
2025-04-16T01:48:33.5055094Z 
2025-04-16T01:48:33.5056514Z [31m✘ [41;31m[[41;97mERROR[41;31m][0m [1mTS2307: Cannot find module 'angularx-qrcode' or its corresponding type declarations.[0m [1m[35m[plugin angular-compiler][0m
2025-04-16T01:48:33.5056531Z 
2025-04-16T01:48:33.5056803Z     src/app/features/wallet/wallet.component.ts:33:29:
2025-04-16T01:48:33.5057280Z [37m      33 │ import { QRCodeModule } from [32m'angularx-qrcode'[37m;
2025-04-16T01:48:33.5057575Z          ╵                              [32m~~~~~~~~~~~~~~~~~[0m
2025-04-16T01:48:33.5057586Z 
2025-04-16T01:48:33.5057594Z 
2025-04-16T01:48:33.5058476Z [31m✘ [41;31m[[41;97mERROR[41;31m][0m [1mTS-991010: 'imports' must be an array of components, directives, pipes, or NgModules.
2025-04-16T01:48:33.5059398Z   Value could not be determined statically.[0m [1m[35m[plugin angular-compiler][0m
2025-04-16T01:48:33.5059428Z 
2025-04-16T01:48:33.5059683Z     src/app/features/wallet/wallet.component.ts:81:4:
2025-04-16T01:48:33.5060002Z [37m      81 │     [32mQRCodeModule[37m,
2025-04-16T01:48:33.5060247Z          ╵     [32m~~~~~~~~~~~~[0m
2025-04-16T01:48:33.5060260Z 
2025-04-16T01:48:33.5060377Z   Unknown reference.
2025-04-16T01:48:33.5060388Z 
2025-04-16T01:48:33.5060645Z     src/app/features/wallet/wallet.component.ts:81:4:
2025-04-16T01:48:33.5060934Z [37m      81 │     [32mQRCodeModule[37m,
2025-04-16T01:48:33.5061165Z          ╵     [32m~~~~~~~~~~~~[0m
2025-04-16T01:48:33.5061182Z 
2025-04-16T01:48:33.5061190Z 
2025-04-16T01:48:33.5061728Z [31m✘ [41;31m[[41;97mERROR[41;31m][0m [1mCould not resolve "angularx-qrcode"[0m
2025-04-16T01:48:33.5061740Z 
2025-04-16T01:48:33.5061967Z     src/app/features/wallet/wallet.module.ts:27:29:
2025-04-16T01:48:33.5062456Z [37m      27 │ import { QRCodeModule } from [32m'angularx-qrcode'[37m;
2025-04-16T01:48:33.5062964Z          ╵                              [32m~~~~~~~~~~~~~~~~~[0m
2025-04-16T01:48:33.5062975Z 
2025-04-16T01:48:33.5063829Z   You can mark the path "angularx-qrcode" as external to exclude it from the bundle, which will remove this error and leave the unresolved path in the bundle.
2025-04-16T01:48:33.5063841Z 
2025-04-16T01:48:33.5063849Z 
2025-04-16T01:48:33.5065130Z [31m✘ [41;31m[[41;97mERROR[41;31m][0m [1mTS2307: Cannot find module 'angularx-qrcode' or its corresponding type declarations.[0m [1m[35m[plugin angular-compiler][0m
2025-04-16T01:48:33.5065144Z 
2025-04-16T01:48:33.5065392Z     src/app/features/wallet/wallet.module.ts:27:29:
2025-04-16T01:48:33.5065891Z [37m      27 │ import { QRCodeModule } from [32m'angularx-qrcode'[37m;
2025-04-16T01:48:33.5066202Z          ╵                              [32m~~~~~~~~~~~~~~~~~[0m
2025-04-16T01:48:33.5066214Z 
2025-04-16T01:48:33.5066221Z 
2025-04-16T01:48:33.5067165Z [31m✘ [41;31m[[41;97mERROR[41;31m][0m [1mTS-991010: Value at position 26 in the NgModule.imports of WalletModule is not a reference
2025-04-16T01:48:33.5067749Z   Value could not be determined statically.[0m [1m[35m[plugin angular-compiler][0m
2025-04-16T01:48:33.5067761Z 
2025-04-16T01:48:33.5068017Z     src/app/features/wallet/wallet.module.ts:52:11:
2025-04-16T01:48:33.5068295Z [37m      52 │   imports: [32m[[37m
2025-04-16T01:48:33.5068511Z          ╵            [32m^[0m
2025-04-16T01:48:33.5068529Z 
2025-04-16T01:48:33.5068654Z   Unknown reference.
2025-04-16T01:48:33.5068665Z 
2025-04-16T01:48:33.5069136Z     src/app/features/wallet/wallet.module.ts:79:4:
2025-04-16T01:48:33.5069469Z [37m      79 │     [32mQRCodeModule[37m,
2025-04-16T01:48:33.5069701Z          ╵     [32m~~~~~~~~~~~~[0m
2025-04-16T01:48:33.5069713Z 
2025-04-16T01:48:33.5069720Z 
2025-04-16T01:48:33.5071320Z [31m✘ [41;31m[[41;97mERROR[41;31m][0m [1mTS-996008: Component CardGridComponent is standalone, and cannot be declared in an NgModule. Did you mean to import it instead?[0m [1m[35m[plugin angular-compiler][0m
2025-04-16T01:48:33.5071348Z 
2025-04-16T01:48:33.5071582Z     src/app/shared/emerald/emerald.module.ts:55:4:
2025-04-16T01:48:33.5071923Z [37m      55 │     [32mCardGridComponent[37m,
2025-04-16T01:48:33.5072356Z          ╵     [32m~~~~~~~~~~~~~~~~~[0m
2025-04-16T01:48:33.5072371Z 
2025-04-16T01:48:33.5072379Z 
2025-04-16T01:48:33.5073994Z [31m✘ [41;31m[[41;97mERROR[41;31m][0m [1mTS-996008: Component PagerComponent is standalone, and cannot be declared in an NgModule. Did you mean to import it instead?[0m [1m[35m[plugin angular-compiler][0m
2025-04-16T01:48:33.5074007Z 
2025-04-16T01:48:33.5074249Z     src/app/shared/emerald/emerald.module.ts:56:4:
2025-04-16T01:48:33.5074575Z [37m      56 │     [32mPagerComponent[37m,
2025-04-16T01:48:33.5074814Z          ╵     [32m~~~~~~~~~~~~~~[0m
2025-04-16T01:48:33.5074830Z 
2025-04-16T01:48:33.5074838Z 
2025-04-16T01:48:33.5076574Z [31m✘ [41;31m[[41;97mERROR[41;31m][0m [1mTS-996008: Component FloatingActionButtonComponent is standalone, and cannot be declared in an NgModule. Did you mean to import it instead?[0m [1m[35m[plugin angular-compiler][0m
2025-04-16T01:48:33.5076603Z 
2025-04-16T01:48:33.5076852Z     src/app/shared/emerald/emerald.module.ts:57:4:
2025-04-16T01:48:33.5077271Z [37m      57 │     [32mFloatingActionButtonComponent[37m
2025-04-16T01:48:33.5077550Z          ╵     [32m~~~~~~~~~~~~~~~~~~~~~~~~~~~~~[0m
2025-04-16T01:48:33.5077561Z 
2025-04-16T01:48:33.5077568Z 
2025-04-16T01:48:33.5078700Z [31m✘ [41;31m[[41;97mERROR[41;31m][0m [1mTS-996004: Can't be exported from this NgModule, as it must be imported first[0m [1m[35m[plugin angular-compiler][0m
2025-04-16T01:48:33.5078713Z 
2025-04-16T01:48:33.5079100Z     src/app/shared/emerald/emerald.module.ts:83:4:
2025-04-16T01:48:33.5079448Z [37m      83 │     [32mCardGridComponent[37m,
2025-04-16T01:48:33.5079697Z          ╵     [32m~~~~~~~~~~~~~~~~~[0m
2025-04-16T01:48:33.5079708Z 
2025-04-16T01:48:33.5079715Z 
2025-04-16T01:48:33.5081040Z [31m✘ [41;31m[[41;97mERROR[41;31m][0m [1mTS-996004: Can't be exported from this NgModule, as it must be imported first[0m [1m[35m[plugin angular-compiler][0m
2025-04-16T01:48:33.5081056Z 
2025-04-16T01:48:33.5081304Z     src/app/shared/emerald/emerald.module.ts:84:4:
2025-04-16T01:48:33.5081617Z [37m      84 │     [32mPagerComponent[37m,
2025-04-16T01:48:33.5081855Z          ╵     [32m~~~~~~~~~~~~~~[0m
2025-04-16T01:48:33.5081866Z 
2025-04-16T01:48:33.5081874Z 
2025-04-16T01:48:33.5083002Z [31m✘ [41;31m[[41;97mERROR[41;31m][0m [1mTS-996004: Can't be exported from this NgModule, as it must be imported first[0m [1m[35m[plugin angular-compiler][0m
2025-04-16T01:48:33.5083017Z 
2025-04-16T01:48:33.5083254Z     src/app/shared/emerald/emerald.module.ts:85:4:
2025-04-16T01:48:33.5083669Z [37m      85 │     [32mFloatingActionButtonComponent[37m
2025-04-16T01:48:33.5083955Z          ╵     [32m~~~~~~~~~~~~~~~~~~~~~~~~~~~~~[0m
2025-04-16T01:48:33.5083965Z 
2025-04-16T01:48:33.5083987Z 
2025-04-16T01:48:33.5084772Z [31m✘ [41;31m[[41;97mERROR[41;31m][0m [1mTwo forwarded modules both define a variable named $primary-100.
2025-04-16T01:48:33.5084902Z     ╷
2025-04-16T01:48:33.5085283Z 5   │ @forward '../../app/core/design/design-tokens';
2025-04-16T01:48:33.5085678Z     │ ━━━━━━━━━━━━━━━━━━━━━━━━━━━━━━━━━━━━━━━━━━━━━━ original @forward
2025-04-16T01:48:33.5085809Z ... │
2025-04-16T01:48:33.5086125Z 7   │ @forward '../../app/core/design/main';
2025-04-16T01:48:33.5086409Z     │ ^^^^^^^^^^^^^^^^^^^^^^^^^^^^^^^^^^^^^ new @forward
2025-04-16T01:48:33.5086531Z     ╵
2025-04-16T01:48:33.5086770Z   src/styles/design-system/index.scss 7:1  @use
2025-04-16T01:48:33.5087358Z   src/styles/main.scss 5:1                 root stylesheet[0m [1m[35m[plugin angular-sass][0m
2025-04-16T01:48:33.5087370Z 
2025-04-16T01:48:33.5087567Z     angular:styles/global:styles:1:8:
2025-04-16T01:48:33.5087942Z [37m      1 │ @import [32m'src/styles/main.scss'[37m;
2025-04-16T01:48:33.5088230Z         ╵         [32m~~~~~~~~~~~~~~~~~~~~~~[0m
2025-04-16T01:48:33.5088241Z 
2025-04-16T01:48:33.5088397Z [39m[22m
2025-04-16T01:48:33.6220514Z npm error Lifecycle script `build` failed with error:
2025-04-16T01:48:33.6221650Z npm error code 1
2025-04-16T01:48:33.6223431Z npm error path /home/runner/work/date-night-app2/date-night-app2/client-angular
2025-04-16T01:48:33.6224288Z npm error workspace client-angular@0.0.0
2025-04-16T01:48:33.6225215Z npm error location /home/runner/work/date-night-app2/date-night-app2/client-angular
2025-04-16T01:48:33.6225960Z npm error command failed
2025-04-16T01:48:33.6226488Z npm error command sh -c ng build client-angular
2025-04-16T01:48:33.6371282Z ##[error]The process '/opt/hostedtoolcache/node/22.14.0/x64/bin/npm' failed with exit code 1
2025-04-16T01:48:33.6474873Z ##[group]Run actions/upload-artifact@v4
2025-04-16T01:48:33.6475140Z with:
2025-04-16T01:48:33.6475318Z   name: cypress-screenshots
2025-04-16T01:48:33.6475565Z   path: ./client-angular/cypress/screenshots
2025-04-16T01:48:33.6475844Z   if-no-files-found: warn
2025-04-16T01:48:33.6476052Z   compression-level: 6
2025-04-16T01:48:33.6476241Z   overwrite: false
2025-04-16T01:48:33.6476432Z   include-hidden-files: false
2025-04-16T01:48:33.6476633Z env:
2025-04-16T01:48:33.6476778Z   CI: 1
2025-04-16T01:48:33.6476970Z   CYPRESS_CACHE_FOLDER: /home/runner/.cache/Cypress
2025-04-16T01:48:33.6477250Z   npm_config_cache: /home/runner/.npm
2025-04-16T01:48:33.6477469Z ##[endgroup]
2025-04-16T01:48:33.8657319Z ##[warning]No files were found with the provided path: ./client-angular/cypress/screenshots. No artifacts will be uploaded.
2025-04-16T01:48:33.8800882Z Post job cleanup.
2025-04-16T01:48:33.9728658Z [command]/usr/bin/git version
2025-04-16T01:48:33.9768287Z git version 2.49.0
2025-04-16T01:48:33.9812958Z Temporarily overriding HOME='/home/runner/work/_temp/8bfad7d5-35f7-4867-8dc6-6d3fb71744c8' before making global git config changes
2025-04-16T01:48:33.9815335Z Adding repository directory to the temporary git global config as a safe directory
2025-04-16T01:48:33.9820564Z [command]/usr/bin/git config --global --add safe.directory /home/runner/work/date-night-app2/date-night-app2
2025-04-16T01:48:33.9862448Z [command]/usr/bin/git config --local --name-only --get-regexp core\.sshCommand
2025-04-16T01:48:33.9896974Z [command]/usr/bin/git submodule foreach --recursive sh -c "git config --local --name-only --get-regexp 'core\.sshCommand' && git config --local --unset-all 'core.sshCommand' || :"
2025-04-16T01:48:34.0142516Z [command]/usr/bin/git config --local --name-only --get-regexp http\.https\:\/\/github\.com\/\.extraheader
2025-04-16T01:48:34.0165335Z http.https://github.com/.extraheader
2025-04-16T01:48:34.0179933Z [command]/usr/bin/git config --local --unset-all http.https://github.com/.extraheader
2025-04-16T01:48:34.0213049Z [command]/usr/bin/git submodule foreach --recursive sh -c "git config --local --name-only --get-regexp 'http\.https\:\/\/github\.com\/\.extraheader' && git config --local --unset-all 'http.https://github.com/.extraheader' || :"
2025-04-16T01:48:34.0549499Z Cleaning up orphan processes
