2025-04-17T00:09:25.9592227Z Current runner version: '2.323.0'
2025-04-17T00:09:25.9663142Z ##[group]Operating System
2025-04-17T00:09:25.9664467Z Ubuntu
2025-04-17T00:09:25.9665290Z 24.04.2
2025-04-17T00:09:25.9666414Z LTS
2025-04-17T00:09:25.9667327Z ##[endgroup]
2025-04-17T00:09:25.9668237Z ##[group]Runner Image
2025-04-17T00:09:25.9669144Z Image: ubuntu-24.04
2025-04-17T00:09:25.9670209Z Version: 20250413.1.0
2025-04-17T00:09:25.9672031Z Included Software: https://github.com/actions/runner-images/blob/ubuntu24/20250413.1/images/ubuntu/Ubuntu2404-Readme.md
2025-04-17T00:09:25.9674514Z Image Release: https://github.com/actions/runner-images/releases/tag/ubuntu24%2F20250413.1
2025-04-17T00:09:25.9676536Z ##[endgroup]
2025-04-17T00:09:25.9677407Z ##[group]Runner Image Provisioner
2025-04-17T00:09:25.9678461Z 2.0.422.1
2025-04-17T00:09:25.9679296Z ##[endgroup]
2025-04-17T00:09:25.9681133Z ##[group]GITHUB_TOKEN Permissions
2025-04-17T00:09:25.9683615Z Actions: read
2025-04-17T00:09:25.9684708Z Contents: write
2025-04-17T00:09:25.9716340Z Metadata: read
2025-04-17T00:09:25.9717393Z ##[endgroup]
2025-04-17T00:09:25.9720535Z Secret source: Actions
2025-04-17T00:09:25.9721744Z Prepare workflow directory
2025-04-17T00:09:26.0813253Z Prepare all required actions
2025-04-17T00:09:26.0940581Z Getting action download info
2025-04-17T00:09:26.5008796Z ##[group]Download immutable action package 'actions/checkout@v4'
2025-04-17T00:09:26.5009788Z Version: 4.2.2
2025-04-17T00:09:26.5010763Z Digest: sha256:ccb2698953eaebd21c7bf6268a94f9c26518a7e38e27e0b83c1fe1ad049819b1
2025-04-17T00:09:26.5011930Z Source commit SHA: 11bd71901bbe5b1630ceea73d27597364c9af683
2025-04-17T00:09:26.5012960Z ##[endgroup]
2025-04-17T00:09:26.5853438Z ##[group]Download immutable action package 'actions/setup-node@v4'
2025-04-17T00:09:26.5854256Z Version: 4.4.0
2025-04-17T00:09:26.5855016Z Digest: sha256:9427cefe82346e992fb5b949e3569b39d537ae41aa3086483b14eceebfc16bc1
2025-04-17T00:09:26.5856208Z Source commit SHA: 49933ea5288caeca8642d1e84afbd3f7d6820020
2025-04-17T00:09:26.5856952Z ##[endgroup]
2025-04-17T00:09:26.8891646Z Complete job name: sync-error-logs
2025-04-17T00:09:26.9529723Z ##[group]Run actions/checkout@v4
2025-04-17T00:09:26.9530579Z with:
2025-04-17T00:09:26.9530965Z   fetch-depth: 0
2025-04-17T00:09:26.9531527Z   token: ***
2025-04-17T00:09:26.9531944Z   repository: mrkurger/date-night-app2
2025-04-17T00:09:26.9532462Z   ssh-strict: true
2025-04-17T00:09:26.9532857Z   ssh-user: git
2025-04-17T00:09:26.9533252Z   persist-credentials: true
2025-04-17T00:09:26.9533700Z   clean: true
2025-04-17T00:09:26.9534104Z   sparse-checkout-cone-mode: true
2025-04-17T00:09:26.9534579Z   fetch-tags: false
2025-04-17T00:09:26.9534971Z   show-progress: true
2025-04-17T00:09:26.9535373Z   lfs: false
2025-04-17T00:09:26.9535984Z   submodules: false
2025-04-17T00:09:26.9536399Z   set-safe-directory: true
2025-04-17T00:09:26.9537073Z env:
2025-04-17T00:09:26.9537432Z   CI: true
2025-04-17T00:09:26.9537791Z ##[endgroup]
2025-04-17T00:09:27.1236927Z Syncing repository: mrkurger/date-night-app2
2025-04-17T00:09:27.1240323Z ##[group]Getting Git version info
2025-04-17T00:09:27.1241639Z Working directory is '/home/runner/work/date-night-app2/date-night-app2'
2025-04-17T00:09:27.1243046Z [command]/usr/bin/git version
2025-04-17T00:09:27.1278499Z git version 2.49.0
2025-04-17T00:09:27.1307469Z ##[endgroup]
2025-04-17T00:09:27.1322698Z Temporarily overriding HOME='/home/runner/work/_temp/d4686b67-03e7-430a-a04c-00eea920e642' before making global git config changes
2025-04-17T00:09:27.1326447Z Adding repository directory to the temporary git global config as a safe directory
2025-04-17T00:09:27.1330557Z [command]/usr/bin/git config --global --add safe.directory /home/runner/work/date-night-app2/date-night-app2
2025-04-17T00:09:27.1377252Z Deleting the contents of '/home/runner/work/date-night-app2/date-night-app2'
2025-04-17T00:09:27.1382005Z ##[group]Initializing the repository
2025-04-17T00:09:27.1387297Z [command]/usr/bin/git init /home/runner/work/date-night-app2/date-night-app2
2025-04-17T00:09:27.1448566Z hint: Using 'master' as the name for the initial branch. This default branch name
2025-04-17T00:09:27.1450219Z hint: is subject to change. To configure the initial branch name to use in all
2025-04-17T00:09:27.1451451Z hint: of your new repositories, which will suppress this warning, call:
2025-04-17T00:09:27.1452730Z hint:
2025-04-17T00:09:27.1453501Z hint: 	git config --global init.defaultBranch <name>
2025-04-17T00:09:27.1454457Z hint:
2025-04-17T00:09:27.1455299Z hint: Names commonly chosen instead of 'master' are 'main', 'trunk' and
2025-04-17T00:09:27.1456971Z hint: 'development'. The just-created branch can be renamed via this command:
2025-04-17T00:09:27.1458212Z hint:
2025-04-17T00:09:27.1458877Z hint: 	git branch -m <name>
2025-04-17T00:09:27.1461007Z Initialized empty Git repository in /home/runner/work/date-night-app2/date-night-app2/.git/
2025-04-17T00:09:27.1470453Z [command]/usr/bin/git remote add origin https://github.com/mrkurger/date-night-app2
2025-04-17T00:09:27.1505050Z ##[endgroup]
2025-04-17T00:09:27.1506464Z ##[group]Disabling automatic garbage collection
2025-04-17T00:09:27.1509563Z [command]/usr/bin/git config --local gc.auto 0
2025-04-17T00:09:27.1541928Z ##[endgroup]
2025-04-17T00:09:27.1543120Z ##[group]Setting up auth
2025-04-17T00:09:27.1549128Z [command]/usr/bin/git config --local --name-only --get-regexp core\.sshCommand
2025-04-17T00:09:27.1582603Z [command]/usr/bin/git submodule foreach --recursive sh -c "git config --local --name-only --get-regexp 'core\.sshCommand' && git config --local --unset-all 'core.sshCommand' || :"
2025-04-17T00:09:27.1862358Z [command]/usr/bin/git config --local --name-only --get-regexp http\.https\:\/\/github\.com\/\.extraheader
2025-04-17T00:09:27.1896081Z [command]/usr/bin/git submodule foreach --recursive sh -c "git config --local --name-only --get-regexp 'http\.https\:\/\/github\.com\/\.extraheader' && git config --local --unset-all 'http.https://github.com/.extraheader' || :"
2025-04-17T00:09:27.2127296Z [command]/usr/bin/git config --local http.https://github.com/.extraheader AUTHORIZATION: basic ***
2025-04-17T00:09:27.2171221Z ##[endgroup]
2025-04-17T00:09:27.2173769Z ##[group]Fetching the repository
2025-04-17T00:09:27.2181487Z [command]/usr/bin/git -c protocol.version=2 fetch --prune --no-recurse-submodules origin +refs/heads/*:refs/remotes/origin/* +refs/tags/*:refs/tags/*
2025-04-17T00:09:35.5525828Z From https://github.com/mrkurger/date-night-app2
2025-04-17T00:09:35.5531244Z  * [new branch]      main       -> origin/main
2025-04-17T00:09:35.5563195Z [command]/usr/bin/git branch --list --remote origin/main
2025-04-17T00:09:35.5588401Z   origin/main
2025-04-17T00:09:35.5601418Z [command]/usr/bin/git rev-parse refs/remotes/origin/main
2025-04-17T00:09:35.5624340Z 45e70035cec1178500ba734e085b87ba464d618c
2025-04-17T00:09:35.5634094Z ##[endgroup]
2025-04-17T00:09:35.5636124Z ##[group]Determining the checkout info
2025-04-17T00:09:35.5638154Z ##[endgroup]
2025-04-17T00:09:35.5639889Z [command]/usr/bin/git sparse-checkout disable
2025-04-17T00:09:35.5681643Z [command]/usr/bin/git config --local --unset-all extensions.worktreeConfig
2025-04-17T00:09:35.5714496Z ##[group]Checking out the ref
2025-04-17T00:09:35.5716918Z [command]/usr/bin/git checkout --progress --force -B main refs/remotes/origin/main
2025-04-17T00:09:35.9702267Z Switched to a new branch 'main'
2025-04-17T00:09:35.9707134Z branch 'main' set up to track 'origin/main'.
2025-04-17T00:09:35.9738239Z ##[endgroup]
2025-04-17T00:09:35.9778567Z [command]/usr/bin/git log -1 --format=%H
2025-04-17T00:09:35.9801917Z 45e70035cec1178500ba734e085b87ba464d618c
2025-04-17T00:09:36.0019635Z ##[group]Run actions/setup-node@v4
2025-04-17T00:09:36.0019957Z with:
2025-04-17T00:09:36.0020180Z   node-version: 22.x
2025-04-17T00:09:36.0020417Z   always-auth: false
2025-04-17T00:09:36.0020658Z   check-latest: false
2025-04-17T00:09:36.0021033Z   token: ***
2025-04-17T00:09:36.0021507Z env:
2025-04-17T00:09:36.0021725Z   CI: true
2025-04-17T00:09:36.0021927Z ##[endgroup]
2025-04-17T00:09:36.1852321Z Found in cache @ /opt/hostedtoolcache/node/22.14.0/x64
2025-04-17T00:09:36.1853723Z ##[group]Environment details
2025-04-17T00:09:36.6971260Z node: v22.14.0
2025-04-17T00:09:36.6976676Z npm: 10.9.2
2025-04-17T00:09:36.6980626Z yarn: 1.22.22
2025-04-17T00:09:36.6985230Z ##[endgroup]
2025-04-17T00:09:36.7101948Z ##[group]Run npm install @octokit/rest@19.0.13 fs-extra@11.2.0
2025-04-17T00:09:36.7102398Z [36;1mnpm install @octokit/rest@19.0.13 fs-extra@11.2.0[0m
2025-04-17T00:09:36.7154754Z shell: /usr/bin/bash -e {0}
2025-04-17T00:09:36.7155008Z env:
2025-04-17T00:09:36.7155183Z   CI: true
2025-04-17T00:09:36.7155356Z ##[endgroup]
2025-04-17T00:09:41.6803365Z npm warn deprecated xss-clean@0.1.4: Package no longer supported. Contact Support at https://www.npmjs.com/support for more info.
2025-04-17T00:09:42.7098040Z npm warn deprecated rimraf@3.0.2: Rimraf versions prior to v4 are no longer supported
2025-04-17T00:09:43.1421914Z npm warn deprecated passport-reddit@1.1.0: While functionally complete, this library will not be receiving any updates going forwards. Users are actively discouraged from using OAuth2 for authentication. See archival notice on github for more details.
2025-04-17T00:09:43.5103947Z npm warn deprecated npmlog@5.0.1: This package is no longer supported.
2025-04-17T00:09:43.6606417Z npm warn deprecated superagent@8.1.2: Please upgrade to v9.0.0+ as we have fixed a public vulnerability with formidable dependency. Note that v9.0.0+ requires Node.js v14.18.0+. See https://github.com/ladjs/superagent/pull/1800 for insight. This project is supported and maintained by the team at Forward Email @ https://forwardemail.net
2025-04-17T00:09:44.3315214Z npm warn deprecated inflight@1.0.6: This module is not supported, and leaks memory. Do not use it. Check out lru-cache if you want a good and tested way to coalesce async requests by a key value, which is much more comprehensive and powerful.
2025-04-17T00:09:44.6949345Z npm warn deprecated glob@7.2.3: Glob versions prior to v9 are no longer supported
2025-04-17T00:09:45.1232168Z npm warn deprecated gauge@3.0.2: This package is no longer supported.
2025-04-17T00:09:45.7255582Z npm warn deprecated domexception@4.0.0: Use your platform's native DOMException instead
2025-04-17T00:09:46.6628338Z npm warn deprecated are-we-there-yet@2.0.0: This package is no longer supported.
2025-04-17T00:09:46.7823987Z npm warn deprecated abab@2.0.6: Use your platform's native atob() and btoa() methods instead
2025-04-17T00:09:48.1892708Z npm warn deprecated @humanwhocodes/object-schema@2.0.3: Use @eslint/object-schema instead
2025-04-17T00:09:48.1894692Z npm warn deprecated @humanwhocodes/config-array@0.11.14: Use @eslint/config-array instead
2025-04-17T00:09:55.6273060Z npm warn deprecated eslint@8.56.0: This version is no longer supported. Please see https://eslint.org/version-support for other options.
2025-04-17T00:09:55.6555513Z npm warn deprecated eslint@8.56.0: This version is no longer supported. Please see https://eslint.org/version-support for other options.
2025-04-17T00:10:18.0494321Z 
2025-04-17T00:10:18.0495008Z added 1921 packages, and audited 1924 packages in 41s
2025-04-17T00:10:18.0495480Z 
2025-04-17T00:10:18.0495904Z 354 packages are looking for funding
2025-04-17T00:10:18.0529973Z   run `npm fund` for details
2025-04-17T00:10:18.0590302Z 
2025-04-17T00:10:18.0606562Z 6 moderate severity vulnerabilities
2025-04-17T00:10:18.0607430Z 
2025-04-17T00:10:18.0608246Z To address issues that do not require attention, run:
2025-04-17T00:10:18.0608999Z   npm audit fix
2025-04-17T00:10:18.0609584Z 
2025-04-17T00:10:18.0610167Z To address all issues (including breaking changes), run:
2025-04-17T00:10:18.0610698Z   npm audit fix --force
2025-04-17T00:10:18.0610954Z 
2025-04-17T00:10:18.0611152Z Run `npm audit` for details.
2025-04-17T00:10:18.1576449Z ##[group]Run cat > fetch-workflow-logs.js << 'EOF'
2025-04-17T00:10:18.1577125Z [36;1mcat > fetch-workflow-logs.js << 'EOF'[0m
2025-04-17T00:10:18.1577447Z [36;1mconst { Octokit } = require('@octokit/rest');[0m
2025-04-17T00:10:18.1577968Z [36;1mconst fs = require('fs-extra');[0m
2025-04-17T00:10:18.1578240Z [36;1mconst path = require('path');[0m
2025-04-17T00:10:18.1578488Z [36;1m[0m
2025-04-17T00:10:18.1578710Z [36;1masync function main() {[0m
2025-04-17T00:10:18.1578960Z [36;1m  const owner = process.env.REPO_OWNER;[0m
2025-04-17T00:10:18.1579242Z [36;1m  const repo = process.env.REPO_NAME;[0m
2025-04-17T00:10:18.1579549Z [36;1m  const logsDir = path.join('workflow-error-logs');[0m
2025-04-17T00:10:18.1579845Z [36;1m  [0m
2025-04-17T00:10:18.1580100Z [36;1m  console.log(`Fetching workflow logs for ${owner}/${repo}`);[0m
2025-04-17T00:10:18.1580398Z [36;1m  [0m
2025-04-17T00:10:18.1580607Z [36;1m  // Create logs directory if it doesn't exist[0m
2025-04-17T00:10:18.1580918Z [36;1m  await fs.ensureDir(logsDir);[0m
2025-04-17T00:10:18.1581140Z [36;1m  [0m
2025-04-17T00:10:18.1581319Z [36;1m  const octokit = new Octokit({[0m
2025-04-17T00:10:18.1581570Z [36;1m    auth: process.env.GITHUB_TOKEN,[0m
2025-04-17T00:10:18.1581821Z [36;1m    request: {[0m
2025-04-17T00:10:18.1582014Z [36;1m      retries: 3,[0m
2025-04-17T00:10:18.1582211Z [36;1m      retryAfter: 1[0m
2025-04-17T00:10:18.1582405Z [36;1m    }[0m
2025-04-17T00:10:18.1582563Z [36;1m  });[0m
2025-04-17T00:10:18.1582720Z [36;1m  [0m
2025-04-17T00:10:18.1582927Z [36;1m  // Get all workflows[0m
2025-04-17T00:10:18.1583251Z [36;1m  const { data: workflows } = await octokit.actions.listRepoWorkflows({[0m
2025-04-17T00:10:18.1583591Z [36;1m    owner,[0m
2025-04-17T00:10:18.1583767Z [36;1m    repo,[0m
2025-04-17T00:10:18.1583933Z [36;1m  });[0m
2025-04-17T00:10:18.1584089Z [36;1m  [0m
2025-04-17T00:10:18.1584280Z [36;1m  // Get recent workflow runs (last 30 days)[0m
2025-04-17T00:10:18.1584555Z [36;1m  const thirtyDaysAgo = new Date();[0m
2025-04-17T00:10:18.1584873Z [36;1m  thirtyDaysAgo.setDate(thirtyDaysAgo.getDate() - 30);[0m
2025-04-17T00:10:18.1585161Z [36;1m  [0m
2025-04-17T00:10:18.1585366Z [36;1m  for (const workflow of workflows.workflows) {[0m
2025-04-17T00:10:18.1586045Z [36;1m    console.log(`Processing workflow: ${workflow.name} (${workflow.id})`);[0m
2025-04-17T00:10:18.1586396Z [36;1m    [0m
2025-04-17T00:10:18.1586561Z [36;1m    try {[0m
2025-04-17T00:10:18.1586827Z [36;1m      const { data: runs } = await octokit.actions.listWorkflowRuns({[0m
2025-04-17T00:10:18.1587146Z [36;1m        owner,[0m
2025-04-17T00:10:18.1587334Z [36;1m        repo,[0m
2025-04-17T00:10:18.1587547Z [36;1m        workflow_id: workflow.id,[0m
2025-04-17T00:10:18.1587855Z [36;1m        created: `>=${thirtyDaysAgo.toISOString().split('T')[0]}`,[0m
2025-04-17T00:10:18.1588156Z [36;1m      });[0m
2025-04-17T00:10:18.1588321Z [36;1m      [0m
2025-04-17T00:10:18.1588523Z [36;1m      // Process failed runs[0m
2025-04-17T00:10:18.1588824Z [36;1m      const failedRuns = runs.workflow_runs.filter(run => [0m
2025-04-17T00:10:18.1589292Z [36;1m        run.conclusion === 'failure' || run.conclusion === 'cancelled' || run.conclusion === 'timed_out'[0m
2025-04-17T00:10:18.1589710Z [36;1m      );[0m
2025-04-17T00:10:18.1589873Z [36;1m      [0m
2025-04-17T00:10:18.1590185Z [36;1m      console.log(`Found ${failedRuns.length} failed runs for ${workflow.name}`);[0m
2025-04-17T00:10:18.1590542Z [36;1m      [0m
2025-04-17T00:10:18.1590727Z [36;1m      for (const run of failedRuns) {[0m
2025-04-17T00:10:18.1591084Z [36;1m        const runDate = new Date(run.created_at).toISOString().split('T')[0];[0m
2025-04-17T00:10:18.1591629Z [36;1m        const workflowDir = path.join(logsDir, workflow.name.replace(/[^a-zA-Z0-9]/g, '-').toLowerCase());[0m
2025-04-17T00:10:18.1592154Z [36;1m        const runDir = path.join(workflowDir, `${runDate}_${run.id}`);[0m
2025-04-17T00:10:18.1592664Z [36;1m        [0m
2025-04-17T00:10:18.1592915Z [36;1m        await fs.ensureDir(runDir);[0m
2025-04-17T00:10:18.1593156Z [36;1m        [0m
2025-04-17T00:10:18.1593332Z [36;1m        // Save run metadata[0m
2025-04-17T00:10:18.1593693Z [36;1m        await fs.writeJson(path.join(runDir, 'metadata.json'), run, { spaces: 2 });[0m
2025-04-17T00:10:18.1594158Z [36;1m        [0m
2025-04-17T00:10:18.1594321Z [36;1m        try {[0m
2025-04-17T00:10:18.1594532Z [36;1m          // Get jobs for this run[0m
2025-04-17T00:10:18.1594871Z [36;1m          const { data: jobs } = await octokit.actions.listJobsForWorkflowRun({[0m
2025-04-17T00:10:18.1595222Z [36;1m            owner,[0m
2025-04-17T00:10:18.1595417Z [36;1m            repo,[0m
2025-04-17T00:10:18.1595913Z [36;1m            run_id: run.id,[0m
2025-04-17T00:10:18.1596139Z [36;1m          });[0m
2025-04-17T00:10:18.1596321Z [36;1m          [0m
2025-04-17T00:10:18.1596512Z [36;1m          // Save jobs metadata[0m
2025-04-17T00:10:18.1596875Z [36;1m          await fs.writeJson(path.join(runDir, 'jobs.json'), jobs, { spaces: 2 });[0m
2025-04-17T00:10:18.1597217Z [36;1m          [0m
2025-04-17T00:10:18.1597399Z [36;1m          // Process each job[0m
2025-04-17T00:10:18.1597650Z [36;1m          for (const job of jobs.jobs) {[0m
2025-04-17T00:10:18.1598070Z [36;1m            if (job.conclusion === 'failure' || job.conclusion === 'cancelled' || job.conclusion === 'timed_out') {[0m
2025-04-17T00:10:18.1598635Z [36;1m              const jobDir = path.join(runDir, job.name.replace(/[^a-zA-Z0-9]/g, '-').toLowerCase());[0m
2025-04-17T00:10:18.1599051Z [36;1m              await fs.ensureDir(jobDir);[0m
2025-04-17T00:10:18.1599293Z [36;1m              [0m
2025-04-17T00:10:18.1599500Z [36;1m              // Save job metadata[0m
2025-04-17T00:10:18.1599873Z [36;1m              await fs.writeJson(path.join(jobDir, 'job-metadata.json'), job, { spaces: 2 });[0m
2025-04-17T00:10:18.1600238Z [36;1m              [0m
2025-04-17T00:10:18.1600430Z [36;1m              try {[0m
2025-04-17T00:10:18.1600633Z [36;1m                // Get job logs[0m
2025-04-17T00:10:18.1600982Z [36;1m                const logs = await octokit.actions.downloadJobLogsForWorkflowRun({[0m
2025-04-17T00:10:18.1601351Z [36;1m                  owner,[0m
2025-04-17T00:10:18.1601573Z [36;1m                  repo,[0m
2025-04-17T00:10:18.1601791Z [36;1m                  job_id: job.id,[0m
2025-04-17T00:10:18.1602022Z [36;1m                });[0m
2025-04-17T00:10:18.1602213Z [36;1m                [0m
2025-04-17T00:10:18.1602405Z [36;1m                // Save logs[0m
2025-04-17T00:10:18.1602718Z [36;1m                await fs.writeFile(path.join(jobDir, 'logs.txt'), logs.data);[0m
2025-04-17T00:10:18.1603116Z [36;1m                console.log(`Saved logs for job ${job.name} (${job.id})`);[0m
2025-04-17T00:10:18.1603435Z [36;1m              } catch (error) {[0m
2025-04-17T00:10:18.1603786Z [36;1m                console.error(`Error fetching logs for job ${job.id}: ${error.message}`);[0m
2025-04-17T00:10:18.1604321Z [36;1m                await fs.writeFile(path.join(jobDir, 'error.txt'), `Error fetching logs: ${error.message}`);[0m
2025-04-17T00:10:18.1604724Z [36;1m              }[0m
2025-04-17T00:10:18.1604909Z [36;1m            }[0m
2025-04-17T00:10:18.1605089Z [36;1m          }[0m
2025-04-17T00:10:18.1605270Z [36;1m        } catch (error) {[0m
2025-04-17T00:10:18.1605790Z [36;1m          console.error(`Error processing run ${run.id}: ${error.message}`);[0m
2025-04-17T00:10:18.1606414Z [36;1m          await fs.writeFile(path.join(runDir, 'error.txt'), `Error processing run: ${error.message}`);[0m
2025-04-17T00:10:18.1606814Z [36;1m        }[0m
2025-04-17T00:10:18.1606987Z [36;1m      }[0m
2025-04-17T00:10:18.1607158Z [36;1m    } catch (error) {[0m
2025-04-17T00:10:18.1607509Z [36;1m      console.error(`Error processing workflow ${workflow.id}: ${error.message}`);[0m
2025-04-17T00:10:18.1607863Z [36;1m    }[0m
2025-04-17T00:10:18.1608180Z [36;1m  }[0m
2025-04-17T00:10:18.1608341Z [36;1m  [0m
2025-04-17T00:10:18.1608521Z [36;1m  // Create summary file[0m
2025-04-17T00:10:18.1608747Z [36;1m  const summary = {[0m
2025-04-17T00:10:18.1608975Z [36;1m    timestamp: new Date().toISOString(),[0m
2025-04-17T00:10:18.1609395Z [36;1m    totalWorkflows: workflows.workflows.length,[0m
2025-04-17T00:10:18.1609732Z [36;1m    workflowSummary: workflows.workflows.map(w => ({[0m
2025-04-17T00:10:18.1610025Z [36;1m      name: w.name,[0m
2025-04-17T00:10:18.1610216Z [36;1m      id: w.id,[0m
2025-04-17T00:10:18.1610413Z [36;1m      path: w.path,[0m
2025-04-17T00:10:18.1610600Z [36;1m    })),[0m
2025-04-17T00:10:18.1610762Z [36;1m  };[0m
2025-04-17T00:10:18.1610922Z [36;1m  [0m
2025-04-17T00:10:18.1611213Z [36;1m  await fs.writeJson(path.join(logsDir, 'summary.json'), summary, { spaces: 2 });[0m
2025-04-17T00:10:18.1611643Z [36;1m  console.log('Workflow error logs sync completed');[0m
2025-04-17T00:10:18.1611919Z [36;1m}[0m
2025-04-17T00:10:18.1612073Z [36;1m[0m
2025-04-17T00:10:18.1612234Z [36;1mmain().catch(error => {[0m
2025-04-17T00:10:18.1612507Z [36;1m  console.error('Error in main process:', error);[0m
2025-04-17T00:10:18.1612790Z [36;1m  process.exit(1);[0m
2025-04-17T00:10:18.1612990Z [36;1m});[0m
2025-04-17T00:10:18.1613149Z [36;1mEOF[0m
2025-04-17T00:10:18.1613298Z [36;1m[0m
2025-04-17T00:10:18.1613474Z [36;1mnode fetch-workflow-logs.js[0m
2025-04-17T00:10:18.1664213Z shell: /usr/bin/bash -e {0}
2025-04-17T00:10:18.1664435Z env:
2025-04-17T00:10:18.1664598Z   CI: true
2025-04-17T00:10:18.1664968Z   GITHUB_TOKEN: ***
2025-04-17T00:10:18.1665163Z   REPO_OWNER: mrkurger
2025-04-17T00:10:18.1665366Z   REPO_NAME: date-night-app2
2025-04-17T00:10:18.1665590Z ##[endgroup]
2025-04-17T00:10:18.2480016Z Fetching workflow logs for mrkurger/date-night-app2
2025-04-17T00:10:18.4017366Z Processing workflow: Angular Tests (156396503)
2025-04-17T00:10:19.0399117Z Found 28 failed runs for Angular Tests
2025-04-17T00:10:19.3296257Z Saved logs for job e2e (22.x) (40689420093)
2025-04-17T00:10:19.4279675Z Saved logs for job test (22.x) (40689420097)
2025-04-17T00:10:19.8618364Z Saved logs for job test (22.x) (40674483684)
2025-04-17T00:10:20.0679016Z Saved logs for job e2e (22.x) (40674483730)
2025-04-17T00:10:20.4186510Z Saved logs for job e2e (22.x) (40671285255)
2025-04-17T00:10:20.5077430Z Saved logs for job test (22.x) (40671285283)
2025-04-17T00:10:20.8693355Z Saved logs for job e2e (22.x) (40665045272)
2025-04-17T00:10:20.9881874Z Saved logs for job test (22.x) (40665045274)
2025-04-17T00:10:21.3214131Z Saved logs for job test (22.x) (40664496095)
2025-04-17T00:10:21.4405925Z Saved logs for job e2e (22.x) (40664496108)
2025-04-17T00:10:21.7521482Z Saved logs for job e2e (22.x) (40663459721)
2025-04-17T00:10:21.8502532Z Saved logs for job test (22.x) (40663459733)
2025-04-17T00:10:22.1924814Z Saved logs for job e2e (22.x) (40662876861)
2025-04-17T00:10:22.2974244Z Saved logs for job test (22.x) (40662876876)
2025-04-17T00:10:22.7685552Z Saved logs for job e2e (22.x) (40662340818)
2025-04-17T00:10:22.8629885Z Saved logs for job test (22.x) (40662340822)
2025-04-17T00:10:23.1273998Z Saved logs for job test (22.x) (40660813802)
2025-04-17T00:10:23.2771781Z Saved logs for job e2e (22.x) (40660813807)
2025-04-17T00:10:23.6060727Z Saved logs for job e2e (22.x) (40659963795)
2025-04-17T00:10:23.7844617Z Saved logs for job test (22.x) (40659963797)
2025-04-17T00:10:23.8824564Z Saved logs for job lint (22.x) (40659963816)
2025-04-17T00:10:24.2039956Z Saved logs for job e2e (22.x) (40658470007)
2025-04-17T00:10:24.3581654Z Saved logs for job lint (22.x) (40658470023)
2025-04-17T00:10:24.4633263Z Saved logs for job test (22.x) (40658470025)
2025-04-17T00:10:24.8931953Z Saved logs for job test (22.x) (40656595432)
2025-04-17T00:10:24.9792103Z Saved logs for job e2e (22.x) (40656595450)
2025-04-17T00:10:25.1289578Z Saved logs for job lint (22.x) (40656595451)
2025-04-17T00:10:25.4371164Z Saved logs for job lint (22.x) (40648995689)
2025-04-17T00:10:25.5411554Z Saved logs for job e2e (22.x) (40648995690)
2025-04-17T00:10:25.6800123Z Saved logs for job test (22.x) (40648995699)
2025-04-17T00:10:26.0524988Z Saved logs for job test (22.x) (40648936041)
2025-04-17T00:10:26.1644873Z Saved logs for job lint (22.x) (40648936049)
2025-04-17T00:10:26.2587171Z Saved logs for job e2e (22.x) (40648936088)
2025-04-17T00:10:26.6132876Z Saved logs for job test (22.x) (40645363558)
2025-04-17T00:10:26.7394241Z Saved logs for job e2e (22.x) (40645363568)
2025-04-17T00:10:26.8336204Z Saved logs for job lint (22.x) (40645363582)
2025-04-17T00:10:27.1590067Z Saved logs for job test (22.x) (40642315715)
2025-04-17T00:10:27.2906409Z Saved logs for job e2e (22.x) (40642315733)
2025-04-17T00:10:27.3927985Z Saved logs for job lint (22.x) (40642315744)
2025-04-17T00:10:27.7364382Z Saved logs for job test (22.x) (40640408484)
2025-04-17T00:10:27.8261057Z Saved logs for job e2e (22.x) (40640408487)
2025-04-17T00:10:27.9544699Z Saved logs for job lint (22.x) (40640408495)
2025-04-17T00:10:28.1948959Z Saved logs for job test (22.x) (40639200761)
2025-04-17T00:10:28.2739326Z Saved logs for job e2e (22.x) (40639200762)
2025-04-17T00:10:28.3817460Z Saved logs for job lint (22.x) (40639200772)
2025-04-17T00:10:28.7615051Z Saved logs for job test (22.x) (40638434179)
2025-04-17T00:10:28.8423963Z Saved logs for job lint (22.x) (40638434180)
2025-04-17T00:10:28.9546740Z Saved logs for job e2e (22.x) (40638434197)
2025-04-17T00:10:29.2450113Z Saved logs for job test (22.x) (40638117917)
2025-04-17T00:10:29.3614151Z Saved logs for job e2e (22.x) (40638117918)
2025-04-17T00:10:29.4807912Z Saved logs for job lint (22.x) (40638117931)
2025-04-17T00:10:29.8627516Z Saved logs for job test (22.x) (40637222574)
2025-04-17T00:10:29.9431363Z Saved logs for job e2e (22.x) (40637222590)
2025-04-17T00:10:30.0614770Z Saved logs for job lint (22.x) (40637222627)
2025-04-17T00:10:30.3802940Z Saved logs for job e2e (22.x) (40636317713)
2025-04-17T00:10:30.4931230Z Saved logs for job test (22.x) (40636317717)
2025-04-17T00:10:30.5966274Z Saved logs for job lint (22.x) (40636317718)
2025-04-17T00:10:30.8467760Z Saved logs for job test (22.x) (40635520017)
2025-04-17T00:10:30.9597657Z Saved logs for job e2e (22.x) (40635520024)
2025-04-17T00:10:31.0553204Z Saved logs for job lint (22.x) (40635520025)
2025-04-17T00:10:31.5952296Z Saved logs for job e2e (22.x) (40631138588)
2025-04-17T00:10:31.7397699Z Saved logs for job test (22.x) (40631138593)
2025-04-17T00:10:32.0558453Z Saved logs for job test (22.x) (40628452555)
2025-04-17T00:10:32.1635515Z Saved logs for job e2e (22.x) (40628452573)
2025-04-17T00:10:32.5007050Z Saved logs for job test (22.x) (40625114143)
2025-04-17T00:10:32.6113857Z Saved logs for job e2e (22.x) (40625114153)
2025-04-17T00:10:32.9623119Z Saved logs for job e2e (22.x) (40623556700)
2025-04-17T00:10:33.0593447Z Saved logs for job test (22.x) (40623556710)
2025-04-17T00:10:33.4227011Z Saved logs for job e2e (22.x) (40623232672)
2025-04-17T00:10:33.5019055Z Saved logs for job test (22.x) (40623232677)
2025-04-17T00:10:33.5022012Z Processing workflow: Security Alerts Report (Alternative) (156517337)
2025-04-17T00:10:33.6249014Z Found 0 failed runs for Security Alerts Report (Alternative)
2025-04-17T00:10:33.6251249Z Processing workflow: Security Alerts Report (156511788)
2025-04-17T00:10:33.7857904Z Found 1 failed runs for Security Alerts Report
2025-04-17T00:10:34.0856646Z Saved logs for job generate-report (40657820058)
2025-04-17T00:10:34.0857750Z Processing workflow: Server Tests (156396504)
2025-04-17T00:10:35.2131928Z Found 8 failed runs for Server Tests
2025-04-17T00:10:35.5083377Z Saved logs for job test (22.x) (40674483676)
2025-04-17T00:10:35.8023277Z Saved logs for job test (22.x) (40663459741)
2025-04-17T00:10:36.1068297Z Saved logs for job test (22.x) (40659963757)
2025-04-17T00:10:36.2020244Z Saved logs for job lint (22.x) (40659963777)
2025-04-17T00:10:36.4774416Z Saved logs for job lint (22.x) (40656595380)
2025-04-17T00:10:36.5788279Z Saved logs for job test (22.x) (40656595382)
2025-04-17T00:10:36.9920035Z Saved logs for job test (22.x) (40648936051)
2025-04-17T00:10:37.0658752Z Saved logs for job lint (22.x) (40648936076)
2025-04-17T00:10:37.4233273Z Saved logs for job lint (22.x) (40636317715)
2025-04-17T00:10:37.5182158Z Saved logs for job test (22.x) (40636317724)
2025-04-17T00:10:37.8590234Z Saved logs for job lint (22.x) (40636157199)
2025-04-17T00:10:37.9587064Z Saved logs for job test (22.x) (40636157200)
2025-04-17T00:10:38.1873891Z Saved logs for job test (22.x) (40631138589)
2025-04-17T00:10:38.1876161Z Processing workflow: Sync GitHub Insights (Alternative) (156517338)
2025-04-17T00:10:38.2754940Z Found 0 failed runs for Sync GitHub Insights (Alternative)
2025-04-17T00:10:38.2757663Z Processing workflow: Sync GitHub Insights (Fixed) (156518590)
2025-04-17T00:10:38.4327278Z Found 0 failed runs for Sync GitHub Insights (Fixed)
2025-04-17T00:10:38.4330977Z Processing workflow: Sync GitHub Insights (156511789)
2025-04-17T00:10:38.6089261Z Found 3 failed runs for Sync GitHub Insights
2025-04-17T00:10:38.8776800Z Saved logs for job sync-insights (40658529730)
2025-04-17T00:10:39.1527566Z Saved logs for job sync-insights (40657800158)
2025-04-17T00:10:39.4886893Z Saved logs for job sync-insights (40656793753)
2025-04-17T00:10:39.4890237Z Processing workflow: Sync Snyk Issues (156557032)
2025-04-17T00:10:39.5825981Z Found 0 failed runs for Sync Snyk Issues
2025-04-17T00:10:39.5827953Z Processing workflow: Sync Test Reports (156511790)
2025-04-17T00:10:39.9416522Z Found 2 failed runs for Sync Test Reports
2025-04-17T00:10:40.2698190Z Saved logs for job sync-reports (40656664593)
2025-04-17T00:10:40.5222390Z Saved logs for job sync-reports (40656644372)
2025-04-17T00:10:40.5225421Z Processing workflow: Sync Workflow Error Logs (156531139)
2025-04-17T00:10:40.9243372Z Found 13 failed runs for Sync Workflow Error Logs
2025-04-17T00:10:41.1886153Z Saved logs for job sync-error-logs (40663884504)
2025-04-17T00:10:41.4116754Z Saved logs for job sync-error-logs (40663871175)
2025-04-17T00:10:41.7038617Z Saved logs for job sync-error-logs (40663862163)
2025-04-17T00:10:42.0619193Z Saved logs for job sync-error-logs (40663803075)
2025-04-17T00:10:42.2903465Z Saved logs for job sync-error-logs (40663762300)
2025-04-17T00:10:42.6242451Z Saved logs for job sync-error-logs (40663734511)
2025-04-17T00:10:42.8765894Z Saved logs for job sync-error-logs (40663704386)
2025-04-17T00:10:43.1860078Z Saved logs for job sync-error-logs (40663657537)
2025-04-17T00:10:43.4259325Z Saved logs for job sync-error-logs (40663640084)
2025-04-17T00:10:43.7614821Z Saved logs for job sync-error-logs (40663610469)
2025-04-17T00:10:44.0160371Z Saved logs for job sync-error-logs (40663581882)
2025-04-17T00:10:44.2357344Z Saved logs for job sync-error-logs (40663556539)
2025-04-17T00:10:44.5110670Z Saved logs for job sync-error-logs (40663029643)
2025-04-17T00:10:44.5111897Z Processing workflow: Sync Workflow Error Logs (Robust) (156532769)
2025-04-17T00:10:45.0158534Z Found 29 failed runs for Sync Workflow Error Logs (Robust)
2025-04-17T00:10:45.2969958Z Saved logs for job sync-error-logs (40689562156)
2025-04-17T00:10:45.5911911Z Saved logs for job sync-error-logs (40689546791)
2025-04-17T00:10:45.8346235Z Saved logs for job sync-error-logs (40675235687)
2025-04-17T00:10:46.2052493Z Saved logs for job sync-error-logs (40674614570)
2025-04-17T00:10:46.4705788Z Saved logs for job sync-error-logs (40674612775)
2025-04-17T00:10:46.6721806Z Saved logs for job sync-error-logs (40674610625)
2025-04-17T00:10:46.9288139Z Saved logs for job sync-error-logs (40674579990)
2025-04-17T00:10:47.1711606Z Saved logs for job sync-error-logs (40674578990)
2025-04-17T00:10:47.4337931Z Saved logs for job sync-error-logs (40674578982)
2025-04-17T00:10:47.6807448Z Saved logs for job sync-error-logs (40672633017)
2025-04-17T00:10:47.9273031Z Saved logs for job sync-error-logs (40671412670)
2025-04-17T00:10:48.1480763Z Saved logs for job sync-error-logs (40671398924)
2025-04-17T00:10:48.3844410Z Saved logs for job sync-error-logs (40671389821)
2025-04-17T00:10:48.6276883Z Saved logs for job sync-error-logs (40671384641)
2025-04-17T00:10:48.9014621Z Saved logs for job sync-error-logs (40667363362)
2025-04-17T00:10:49.1571331Z Saved logs for job sync-error-logs (40667339786)
2025-04-17T00:10:49.5154020Z Saved logs for job sync-error-logs (40667169107)
2025-04-17T00:10:49.7479919Z Saved logs for job sync-error-logs (40665192111)
2025-04-17T00:10:49.9488551Z Saved logs for job sync-error-logs (40665160549)
2025-04-17T00:10:50.3366670Z Saved logs for job sync-error-logs (40664651912)
2025-04-17T00:10:50.6011257Z Saved logs for job sync-error-logs (40664616106)
2025-04-17T00:10:50.8718422Z Saved logs for job sync-error-logs (40664499845)
2025-04-17T00:10:51.1513890Z Saved logs for job sync-error-logs (40664435963)
2025-04-17T00:10:51.3967289Z Saved logs for job sync-error-logs (40663852786)
2025-04-17T00:10:51.6518817Z Saved logs for job sync-error-logs (40663768800)
2025-04-17T00:10:51.8957814Z Saved logs for job sync-error-logs (40663746533)
2025-04-17T00:10:52.1982943Z Saved logs for job sync-error-logs (40663734604)
2025-04-17T00:10:52.4162380Z Saved logs for job sync-error-logs (40663734211)
2025-04-17T00:10:52.6646473Z Saved logs for job sync-error-logs (40663726146)
2025-04-17T00:10:52.6647620Z Processing workflow: Sync Workflow Error Logs (156529457)
2025-04-17T00:10:53.0866272Z Found 16 failed runs for Sync Workflow Error Logs
2025-04-17T00:10:53.3364590Z Saved logs for job sync-error-logs (40663978660)
2025-04-17T00:10:53.6173075Z Saved logs for job sync-error-logs (40663935374)
2025-04-17T00:10:53.9179791Z Saved logs for job sync-error-logs (40663840001)
2025-04-17T00:10:54.1719668Z Saved logs for job sync-error-logs (40663802949)
2025-04-17T00:10:54.4196592Z Saved logs for job sync-error-logs (40663762365)
2025-04-17T00:10:54.7281501Z Saved logs for job sync-error-logs (40663734602)
2025-04-17T00:10:54.9452115Z Saved logs for job sync-error-logs (40663704422)
2025-04-17T00:10:55.2812604Z Saved logs for job sync-error-logs (40663657651)
2025-04-17T00:10:55.5703936Z Saved logs for job sync-error-logs (40663640395)
2025-04-17T00:10:55.8113701Z Saved logs for job sync-error-logs (40663610514)
2025-04-17T00:10:56.1550036Z Saved logs for job sync-error-logs (40663581717)
2025-04-17T00:10:56.4708994Z Saved logs for job sync-error-logs (40663556577)
2025-04-17T00:10:56.8116537Z Saved logs for job sync-error-logs (40663029928)
2025-04-17T00:10:56.9927043Z Saved logs for job sync-error-logs (40662993597)
2025-04-17T00:10:57.3095395Z Saved logs for job sync-error-logs (40662475242)
2025-04-17T00:10:57.6046049Z Saved logs for job sync-error-logs (40662446363)
2025-04-17T00:10:57.6047109Z Processing workflow: Dependabot Updates (153911032)
2025-04-17T00:10:58.3285094Z Found 13 failed runs for Dependabot Updates
2025-04-17T00:10:58.6216578Z Saved logs for job Dependabot (40674491910)
2025-04-17T00:10:58.9339428Z Saved logs for job Dependabot (40674491931)
2025-04-17T00:10:59.1802015Z Saved logs for job Dependabot (40672175776)
2025-04-17T00:10:59.4104748Z Saved logs for job Dependabot (40671290570)
2025-04-17T00:10:59.7199947Z Saved logs for job Dependabot (40671289916)
2025-04-17T00:11:00.0000004Z Saved logs for job Dependabot (40667240338)
2025-04-17T00:11:00.2416231Z Saved logs for job Dependabot (40667235385)
2025-04-17T00:11:00.4691556Z Saved logs for job Dependabot (40657560162)
2025-04-17T00:11:00.7533107Z Saved logs for job Dependabot (40657559762)
2025-04-17T00:11:01.0547127Z Saved logs for job Dependabot (40657410431)
2025-04-17T00:11:01.3612989Z Saved logs for job Dependabot (40657409984)
2025-04-17T00:11:01.6355331Z Saved logs for job Dependabot (40656602439)
2025-04-17T00:11:01.9452962Z Saved logs for job Dependabot (40656599224)
2025-04-17T00:11:01.9456457Z Workflow error logs sync completed
2025-04-17T00:11:01.9578116Z ##[group]Run cat > workflow-error-logs/README.md << 'EOF'
2025-04-17T00:11:01.9578541Z [36;1mcat > workflow-error-logs/README.md << 'EOF'[0m
2025-04-17T00:11:01.9578823Z [36;1m# Workflow Error Logs[0m
2025-04-17T00:11:01.9579032Z [36;1m[0m
2025-04-17T00:11:01.9579570Z [36;1mThis directory contains logs from failed GitHub Actions workflow runs. These logs are automatically collected by the "Sync Workflow Error Logs" workflow.[0m
2025-04-17T00:11:01.9580163Z [36;1m[0m
2025-04-17T00:11:01.9580505Z [36;1m## Directory Structure[0m
2025-04-17T00:11:01.9580711Z [36;1m[0m
2025-04-17T00:11:01.9580863Z [36;1m```[0m
2025-04-17T00:11:01.9581036Z [36;1mworkflow-error-logs/[0m
2025-04-17T00:11:01.9581288Z [36;1m├── {workflow-name}/[0m
2025-04-17T00:11:01.9581503Z [36;1m│   ├── {date}_{run-id}/[0m
2025-04-17T00:11:01.9581758Z [36;1m│   │   ├── metadata.json       # Run metadata[0m
2025-04-17T00:11:01.9582046Z [36;1m│   │   ├── jobs.json           # Jobs metadata[0m
2025-04-17T00:11:01.9582339Z [36;1m│   │   ├── {job-name}/[0m
2025-04-17T00:11:01.9582583Z [36;1m│   │   │   ├── job-metadata.json  # Job metadata[0m
2025-04-17T00:11:01.9582861Z [36;1m│   │   │   └── logs.txt           # Job logs[0m
2025-04-17T00:11:01.9583096Z [36;1m│   │   └── ...[0m
2025-04-17T00:11:01.9583279Z [36;1m│   └── ...[0m
2025-04-17T00:11:01.9583450Z [36;1m└── ...[0m
2025-04-17T00:11:01.9583609Z [36;1m```[0m
2025-04-17T00:11:01.9583765Z [36;1m[0m
2025-04-17T00:11:01.9583921Z [36;1m## Using These Logs[0m
2025-04-17T00:11:01.9584129Z [36;1m[0m
2025-04-17T00:11:01.9584643Z [36;1mThese logs can be used to diagnose and fix issues with GitHub Actions workflows. Look for error messages, failed steps, and other indicators of problems.[0m
2025-04-17T00:11:01.9585225Z [36;1m[0m
2025-04-17T00:11:01.9585384Z [36;1m## Automatic Collection[0m
2025-04-17T00:11:01.9585750Z [36;1m[0m
2025-04-17T00:11:01.9586033Z [36;1mLogs are collected:[0m
2025-04-17T00:11:01.9586393Z [36;1m- After any workflow completes[0m
2025-04-17T00:11:01.9586794Z [36;1m- Every 6 hours via scheduled run[0m
2025-04-17T00:11:01.9587201Z [36;1m- Manually via workflow dispatch[0m
2025-04-17T00:11:01.9587557Z [36;1m[0m
2025-04-17T00:11:01.9587804Z [36;1m## Retention[0m
2025-04-17T00:11:01.9588083Z [36;1m[0m
2025-04-17T00:11:01.9588401Z [36;1mOnly logs from the past 30 days are collected.[0m
2025-04-17T00:11:01.9588823Z [36;1mEOF[0m
2025-04-17T00:11:01.9635282Z shell: /usr/bin/bash -e {0}
2025-04-17T00:11:01.9635504Z env:
2025-04-17T00:11:01.9635908Z   CI: true
2025-04-17T00:11:01.9636068Z ##[endgroup]
2025-04-17T00:11:01.9732447Z ##[group]Run git config --local user.email "action@github.com"
2025-04-17T00:11:01.9732848Z [36;1mgit config --local user.email "action@github.com"[0m
2025-04-17T00:11:01.9733175Z [36;1mgit config --local user.name "GitHub Action"[0m
2025-04-17T00:11:01.9774316Z shell: /usr/bin/bash -e {0}
2025-04-17T00:11:01.9774533Z env:
2025-04-17T00:11:01.9774694Z   CI: true
2025-04-17T00:11:01.9774855Z ##[endgroup]
2025-04-17T00:11:01.9887968Z ##[group]Run # Fetch the latest changes from the remote repository
2025-04-17T00:11:01.9888391Z [36;1m# Fetch the latest changes from the remote repository[0m
2025-04-17T00:11:01.9888689Z [36;1mgit fetch origin main[0m
2025-04-17T00:11:01.9930089Z shell: /usr/bin/bash -e {0}
2025-04-17T00:11:01.9930311Z env:
2025-04-17T00:11:01.9930465Z   CI: true
2025-04-17T00:11:01.9930631Z ##[endgroup]
2025-04-17T00:11:02.1975159Z From https://github.com/mrkurger/date-night-app2
2025-04-17T00:11:02.1977076Z  * branch            main       -> FETCH_HEAD
2025-04-17T00:11:02.2024505Z ##[group]Run # Check if there are any conflicts between local and remote
2025-04-17T00:11:02.2024956Z [36;1m# Check if there are any conflicts between local and remote[0m
2025-04-17T00:11:02.2025432Z [36;1mif git merge-tree $(git merge-base HEAD origin/main) HEAD origin/main | grep -e "^<<<<<<< ";[0m
2025-04-17T00:11:02.2026080Z [36;1mthen[0m
2025-04-17T00:11:02.2026303Z [36;1m  echo "has_conflicts=true" >> $GITHUB_OUTPUT[0m
2025-04-17T00:11:02.2026570Z [36;1melse[0m
2025-04-17T00:11:02.2026780Z [36;1m  echo "has_conflicts=false" >> $GITHUB_OUTPUT[0m
2025-04-17T00:11:02.2027037Z [36;1mfi[0m
2025-04-17T00:11:02.2072466Z shell: /usr/bin/bash -e {0}
2025-04-17T00:11:02.2072686Z env:
2025-04-17T00:11:02.2072847Z   CI: true
2025-04-17T00:11:02.2073013Z ##[endgroup]
2025-04-17T00:11:02.2237409Z ##[group]Run # Pull the latest changes with rebase strategy
2025-04-17T00:11:02.2237795Z [36;1m# Pull the latest changes with rebase strategy[0m
2025-04-17T00:11:02.2238261Z [36;1mgit pull --rebase origin main[0m
2025-04-17T00:11:02.2238496Z [36;1m[0m
2025-04-17T00:11:02.2238668Z [36;1mgit add workflow-error-logs[0m
2025-04-17T00:11:02.2238890Z [36;1m[0m
2025-04-17T00:11:02.2239060Z [36;1m# Only commit if there are changes[0m
2025-04-17T00:11:02.2239321Z [36;1mif git diff --staged --quiet; then[0m
2025-04-17T00:11:02.2239565Z [36;1m  echo "No changes to commit"[0m
2025-04-17T00:11:02.2239788Z [36;1melse[0m
2025-04-17T00:11:02.2240015Z [36;1m  git commit -m "Update workflow error logs [skip ci]"[0m
2025-04-17T00:11:02.2240303Z [36;1m  git push[0m
2025-04-17T00:11:02.2240487Z [36;1mfi[0m
2025-04-17T00:11:02.2281862Z shell: /usr/bin/bash -e {0}
2025-04-17T00:11:02.2282078Z env:
2025-04-17T00:11:02.2282276Z   CI: true
2025-04-17T00:11:02.2282428Z ##[endgroup]
2025-04-17T00:11:02.7485887Z error: cannot pull with rebase: You have unstaged changes.
2025-04-17T00:11:02.7499987Z error: Please commit or stash them.
2025-04-17T00:11:02.7511573Z ##[error]Process completed with exit code 128.
2025-04-17T00:11:02.7605195Z Post job cleanup.
2025-04-17T00:11:02.8530651Z [command]/usr/bin/git version
2025-04-17T00:11:02.8569175Z git version 2.49.0
2025-04-17T00:11:02.8616226Z Temporarily overriding HOME='/home/runner/work/_temp/a097e750-0632-49dc-abf5-95e8bea92a3b' before making global git config changes
2025-04-17T00:11:02.8618224Z Adding repository directory to the temporary git global config as a safe directory
2025-04-17T00:11:02.8623028Z [command]/usr/bin/git config --global --add safe.directory /home/runner/work/date-night-app2/date-night-app2
2025-04-17T00:11:02.8666351Z [command]/usr/bin/git config --local --name-only --get-regexp core\.sshCommand
2025-04-17T00:11:02.8702633Z [command]/usr/bin/git submodule foreach --recursive sh -c "git config --local --name-only --get-regexp 'core\.sshCommand' && git config --local --unset-all 'core.sshCommand' || :"
2025-04-17T00:11:02.8943329Z [command]/usr/bin/git config --local --name-only --get-regexp http\.https\:\/\/github\.com\/\.extraheader
2025-04-17T00:11:02.8968371Z http.https://github.com/.extraheader
2025-04-17T00:11:02.8981498Z [command]/usr/bin/git config --local --unset-all http.https://github.com/.extraheader
2025-04-17T00:11:02.9016996Z [command]/usr/bin/git submodule foreach --recursive sh -c "git config --local --name-only --get-regexp 'http\.https\:\/\/github\.com\/\.extraheader' && git config --local --unset-all 'http.https://github.com/.extraheader' || :"
2025-04-17T00:11:02.9348227Z Cleaning up orphan processes
