2025-04-18T15:13:20.3653073Z Current runner version: '2.323.0'
2025-04-18T15:13:20.3683475Z ##[group]Operating System
2025-04-18T15:13:20.3684254Z Ubuntu
2025-04-18T15:13:20.3684783Z 24.04.2
2025-04-18T15:13:20.3685341Z LTS
2025-04-18T15:13:20.3685772Z ##[endgroup]
2025-04-18T15:13:20.3686325Z ##[group]Runner Image
2025-04-18T15:13:20.3686881Z Image: ubuntu-24.04
2025-04-18T15:13:20.3687402Z Version: 20250413.1.0
2025-04-18T15:13:20.3688359Z Included Software: https://github.com/actions/runner-images/blob/ubuntu24/20250413.1/images/ubuntu/Ubuntu2404-Readme.md
2025-04-18T15:13:20.3689813Z Image Release: https://github.com/actions/runner-images/releases/tag/ubuntu24%2F20250413.1
2025-04-18T15:13:20.3690698Z ##[endgroup]
2025-04-18T15:13:20.3691451Z ##[group]Runner Image Provisioner
2025-04-18T15:13:20.3692183Z 2.0.422.1
2025-04-18T15:13:20.3692607Z ##[endgroup]
2025-04-18T15:13:20.3695035Z ##[group]GITHUB_TOKEN Permissions
2025-04-18T15:13:20.3696958Z Actions: write
2025-04-18T15:13:20.3697769Z Attestations: write
2025-04-18T15:13:20.3698364Z Checks: write
2025-04-18T15:13:20.3698805Z Contents: write
2025-04-18T15:13:20.3699365Z Deployments: write
2025-04-18T15:13:20.3699865Z Discussions: write
2025-04-18T15:13:20.3700325Z Issues: write
2025-04-18T15:13:20.3700840Z Metadata: read
2025-04-18T15:13:20.3701543Z Models: read
2025-04-18T15:13:20.3702065Z Packages: write
2025-04-18T15:13:20.3702568Z Pages: write
2025-04-18T15:13:20.3703076Z PullRequests: write
2025-04-18T15:13:20.3703573Z RepositoryProjects: write
2025-04-18T15:13:20.3704151Z SecurityEvents: write
2025-04-18T15:13:20.3704682Z Statuses: write
2025-04-18T15:13:20.3705137Z ##[endgroup]
2025-04-18T15:13:20.3707506Z Secret source: Actions
2025-04-18T15:13:20.3708479Z Prepare workflow directory
2025-04-18T15:13:20.4226896Z Prepare all required actions
2025-04-18T15:13:20.4282739Z Getting action download info
2025-04-18T15:13:20.9713264Z ##[group]Download immutable action package 'actions/checkout@v4'
2025-04-18T15:13:20.9714263Z Version: 4.2.2
2025-04-18T15:13:20.9715190Z Digest: sha256:ccb2698953eaebd21c7bf6268a94f9c26518a7e38e27e0b83c1fe1ad049819b1
2025-04-18T15:13:20.9716496Z Source commit SHA: 11bd71901bbe5b1630ceea73d27597364c9af683
2025-04-18T15:13:20.9717173Z ##[endgroup]
2025-04-18T15:13:21.0733609Z ##[group]Download immutable action package 'actions/setup-node@v4'
2025-04-18T15:13:21.0734414Z Version: 4.4.0
2025-04-18T15:13:21.0735194Z Digest: sha256:9427cefe82346e992fb5b949e3569b39d537ae41aa3086483b14eceebfc16bc1
2025-04-18T15:13:21.0736099Z Source commit SHA: 49933ea5288caeca8642d1e84afbd3f7d6820020
2025-04-18T15:13:21.0736825Z ##[endgroup]
2025-04-18T15:13:21.3203321Z ##[group]Download immutable action package 'actions/upload-artifact@v4'
2025-04-18T15:13:21.3204665Z Version: 4.6.2
2025-04-18T15:13:21.3205937Z Digest: sha256:290722aa3281d5caf23d0acdc3dbeb3424786a1a01a9cc97e72f147225e37c38
2025-04-18T15:13:21.3207559Z Source commit SHA: ea165f8d65b6e75b540449e92b4886f43607fa02
2025-04-18T15:13:21.3208628Z ##[endgroup]
2025-04-18T15:13:21.5503899Z Complete job name: test (22.x)
2025-04-18T15:13:21.6083543Z ##[group]Run actions/checkout@v4
2025-04-18T15:13:21.6084421Z with:
2025-04-18T15:13:21.6084855Z   repository: mrkurger/date-night-app2
2025-04-18T15:13:21.6085564Z   token: ***
2025-04-18T15:13:21.6085972Z   ssh-strict: true
2025-04-18T15:13:21.6086392Z   ssh-user: git
2025-04-18T15:13:21.6086813Z   persist-credentials: true
2025-04-18T15:13:21.6087277Z   clean: true
2025-04-18T15:13:21.6087705Z   sparse-checkout-cone-mode: true
2025-04-18T15:13:21.6088244Z   fetch-depth: 1
2025-04-18T15:13:21.6088654Z   fetch-tags: false
2025-04-18T15:13:21.6089079Z   show-progress: true
2025-04-18T15:13:21.6089498Z   lfs: false
2025-04-18T15:13:21.6089927Z   submodules: false
2025-04-18T15:13:21.6090362Z   set-safe-directory: true
2025-04-18T15:13:21.6091288Z env:
2025-04-18T15:13:21.6091689Z   CI: true
2025-04-18T15:13:21.6092058Z ##[endgroup]
2025-04-18T15:13:21.8233623Z Syncing repository: mrkurger/date-night-app2
2025-04-18T15:13:21.8237014Z ##[group]Getting Git version info
2025-04-18T15:13:21.8239355Z Working directory is '/home/runner/work/date-night-app2/date-night-app2'
2025-04-18T15:13:21.8259733Z [command]/usr/bin/git version
2025-04-18T15:13:21.8393968Z git version 2.49.0
2025-04-18T15:13:21.8425569Z ##[endgroup]
2025-04-18T15:13:21.8439085Z Temporarily overriding HOME='/home/runner/work/_temp/a330d888-5c66-4368-b22d-8f6399304b55' before making global git config changes
2025-04-18T15:13:21.8444084Z Adding repository directory to the temporary git global config as a safe directory
2025-04-18T15:13:21.8458416Z [command]/usr/bin/git config --global --add safe.directory /home/runner/work/date-night-app2/date-night-app2
2025-04-18T15:13:21.8496282Z Deleting the contents of '/home/runner/work/date-night-app2/date-night-app2'
2025-04-18T15:13:21.8500790Z ##[group]Initializing the repository
2025-04-18T15:13:21.8506455Z [command]/usr/bin/git init /home/runner/work/date-night-app2/date-night-app2
2025-04-18T15:13:21.8593513Z hint: Using 'master' as the name for the initial branch. This default branch name
2025-04-18T15:13:21.8595860Z hint: is subject to change. To configure the initial branch name to use in all
2025-04-18T15:13:21.8597274Z hint: of your new repositories, which will suppress this warning, call:
2025-04-18T15:13:21.8598245Z hint:
2025-04-18T15:13:21.8599126Z hint: 	git config --global init.defaultBranch <name>
2025-04-18T15:13:21.8600459Z hint:
2025-04-18T15:13:21.8601918Z hint: Names commonly chosen instead of 'master' are 'main', 'trunk' and
2025-04-18T15:13:21.8604387Z hint: 'development'. The just-created branch can be renamed via this command:
2025-04-18T15:13:21.8606281Z hint:
2025-04-18T15:13:21.8607082Z hint: 	git branch -m <name>
2025-04-18T15:13:21.8609621Z Initialized empty Git repository in /home/runner/work/date-night-app2/date-night-app2/.git/
2025-04-18T15:13:21.8619887Z [command]/usr/bin/git remote add origin https://github.com/mrkurger/date-night-app2
2025-04-18T15:13:21.8664488Z ##[endgroup]
2025-04-18T15:13:21.8666183Z ##[group]Disabling automatic garbage collection
2025-04-18T15:13:21.8668318Z [command]/usr/bin/git config --local gc.auto 0
2025-04-18T15:13:21.8700494Z ##[endgroup]
2025-04-18T15:13:21.8702235Z ##[group]Setting up auth
2025-04-18T15:13:21.8708060Z [command]/usr/bin/git config --local --name-only --get-regexp core\.sshCommand
2025-04-18T15:13:21.8743221Z [command]/usr/bin/git submodule foreach --recursive sh -c "git config --local --name-only --get-regexp 'core\.sshCommand' && git config --local --unset-all 'core.sshCommand' || :"
2025-04-18T15:13:21.9092499Z [command]/usr/bin/git config --local --name-only --get-regexp http\.https\:\/\/github\.com\/\.extraheader
2025-04-18T15:13:21.9127272Z [command]/usr/bin/git submodule foreach --recursive sh -c "git config --local --name-only --get-regexp 'http\.https\:\/\/github\.com\/\.extraheader' && git config --local --unset-all 'http.https://github.com/.extraheader' || :"
2025-04-18T15:13:21.9374174Z [command]/usr/bin/git config --local http.https://github.com/.extraheader AUTHORIZATION: basic ***
2025-04-18T15:13:21.9423398Z ##[endgroup]
2025-04-18T15:13:21.9426535Z ##[group]Fetching the repository
2025-04-18T15:13:21.9438430Z [command]/usr/bin/git -c protocol.version=2 fetch --no-tags --prune --no-recurse-submodules --depth=1 origin +19b83b77541673145bfc18b2d313be2b0171d002:refs/remotes/origin/main
2025-04-18T15:13:24.5719750Z From https://github.com/mrkurger/date-night-app2
2025-04-18T15:13:24.5720690Z  * [new ref]         19b83b77541673145bfc18b2d313be2b0171d002 -> origin/main
2025-04-18T15:13:24.5752486Z ##[endgroup]
2025-04-18T15:13:24.5753186Z ##[group]Determining the checkout info
2025-04-18T15:13:24.5757692Z ##[endgroup]
2025-04-18T15:13:24.5765145Z [command]/usr/bin/git sparse-checkout disable
2025-04-18T15:13:24.5811699Z [command]/usr/bin/git config --local --unset-all extensions.worktreeConfig
2025-04-18T15:13:24.5843083Z ##[group]Checking out the ref
2025-04-18T15:13:24.5846527Z [command]/usr/bin/git checkout --progress --force -B main refs/remotes/origin/main
2025-04-18T15:13:25.1687859Z Switched to a new branch 'main'
2025-04-18T15:13:25.1691972Z branch 'main' set up to track 'origin/main'.
2025-04-18T15:13:25.1715135Z ##[endgroup]
2025-04-18T15:13:25.1755652Z [command]/usr/bin/git log -1 --format=%H
2025-04-18T15:13:25.1779818Z 19b83b77541673145bfc18b2d313be2b0171d002
2025-04-18T15:13:25.2002996Z ##[group]Run actions/setup-node@v4
2025-04-18T15:13:25.2003310Z with:
2025-04-18T15:13:25.2003492Z   node-version: 22.x
2025-04-18T15:13:25.2003683Z   cache: npm
2025-04-18T15:13:25.2003936Z   cache-dependency-path: client-angular/package-lock.json
2025-04-18T15:13:25.2004254Z   always-auth: false
2025-04-18T15:13:25.2004453Z   check-latest: false
2025-04-18T15:13:25.2004759Z   token: ***
2025-04-18T15:13:25.2004933Z env:
2025-04-18T15:13:25.2005083Z   CI: true
2025-04-18T15:13:25.2005244Z ##[endgroup]
2025-04-18T15:13:25.3715697Z Found in cache @ /opt/hostedtoolcache/node/22.14.0/x64
2025-04-18T15:13:25.3718480Z ##[group]Environment details
2025-04-18T15:13:25.7959574Z node: v22.14.0
2025-04-18T15:13:25.7964437Z npm: 10.9.2
2025-04-18T15:13:25.7967165Z yarn: 1.22.22
2025-04-18T15:13:25.7970411Z ##[endgroup]
2025-04-18T15:13:25.7990783Z [command]/opt/hostedtoolcache/node/22.14.0/x64/bin/npm config get cache
2025-04-18T15:13:25.9694788Z /home/runner/.npm
2025-04-18T15:13:25.9836735Z ##[error]Some specified paths were not resolved, unable to cache dependencies.
2025-04-18T15:13:25.9953726Z ##[group]Run actions/upload-artifact@v4
2025-04-18T15:13:25.9953996Z with:
2025-04-18T15:13:25.9954157Z   name: test-results
2025-04-18T15:13:25.9954354Z   path: ./client-angular/coverage
2025-04-18T15:13:25.9954588Z   if-no-files-found: warn
2025-04-18T15:13:25.9954793Z   compression-level: 6
2025-04-18T15:13:25.9954982Z   overwrite: false
2025-04-18T15:13:25.9955163Z   include-hidden-files: false
2025-04-18T15:13:26.0015753Z env:
2025-04-18T15:13:26.0016007Z   CI: true
2025-04-18T15:13:26.0016282Z ##[endgroup]
2025-04-18T15:13:26.2419144Z ##[warning]No files were found with the provided path: ./client-angular/coverage. No artifacts will be uploaded.
2025-04-18T15:13:26.2577623Z Post job cleanup.
2025-04-18T15:13:26.3504484Z [command]/usr/bin/git version
2025-04-18T15:13:26.3544711Z git version 2.49.0
2025-04-18T15:13:26.3590031Z Temporarily overriding HOME='/home/runner/work/_temp/414e999f-1dfc-4c56-aedb-eb8704406f4d' before making global git config changes
2025-04-18T15:13:26.3592619Z Adding repository directory to the temporary git global config as a safe directory
2025-04-18T15:13:26.3597899Z [command]/usr/bin/git config --global --add safe.directory /home/runner/work/date-night-app2/date-night-app2
2025-04-18T15:13:26.3640022Z [command]/usr/bin/git config --local --name-only --get-regexp core\.sshCommand
2025-04-18T15:13:26.3674470Z [command]/usr/bin/git submodule foreach --recursive sh -c "git config --local --name-only --get-regexp 'core\.sshCommand' && git config --local --unset-all 'core.sshCommand' || :"
2025-04-18T15:13:26.3921942Z [command]/usr/bin/git config --local --name-only --get-regexp http\.https\:\/\/github\.com\/\.extraheader
2025-04-18T15:13:26.3945673Z http.https://github.com/.extraheader
2025-04-18T15:13:26.3958483Z [command]/usr/bin/git config --local --unset-all http.https://github.com/.extraheader
2025-04-18T15:13:26.3991740Z [command]/usr/bin/git submodule foreach --recursive sh -c "git config --local --name-only --get-regexp 'http\.https\:\/\/github\.com\/\.extraheader' && git config --local --unset-all 'http.https://github.com/.extraheader' || :"
2025-04-18T15:13:26.4327923Z Cleaning up orphan processes
