2025-04-16T02:49:53.1232641Z Current runner version: '2.323.0'
2025-04-16T02:49:53.1285559Z ##[group]Operating System
2025-04-16T02:49:53.1286365Z Ubuntu
2025-04-16T02:49:53.1286850Z 24.04.2
2025-04-16T02:49:53.1287429Z LTS
2025-04-16T02:49:53.1287926Z ##[endgroup]
2025-04-16T02:49:53.1288482Z ##[group]Runner Image
2025-04-16T02:49:53.1289009Z Image: ubuntu-24.04
2025-04-16T02:49:53.1289585Z Version: 20250406.1.0
2025-04-16T02:49:53.1290546Z Included Software: https://github.com/actions/runner-images/blob/ubuntu24/20250406.1/images/ubuntu/Ubuntu2404-Readme.md
2025-04-16T02:49:53.1291912Z Image Release: https://github.com/actions/runner-images/releases/tag/ubuntu24%2F20250406.1
2025-04-16T02:49:53.1292987Z ##[endgroup]
2025-04-16T02:49:53.1293855Z ##[group]Runner Image Provisioner
2025-04-16T02:49:53.1294844Z 2.0.422.1
2025-04-16T02:49:53.1295698Z ##[endgroup]
2025-04-16T02:49:53.1297524Z ##[group]GITHUB_TOKEN Permissions
2025-04-16T02:49:53.1300108Z Contents: read
2025-04-16T02:49:53.1301019Z Metadata: read
2025-04-16T02:49:53.1302053Z Packages: read
2025-04-16T02:49:53.1303426Z ##[endgroup]
2025-04-16T02:49:53.1306726Z Secret source: Actions
2025-04-16T02:49:53.1308026Z Prepare workflow directory
2025-04-16T02:49:53.1999270Z Prepare all required actions
2025-04-16T02:49:53.2055575Z Getting action download info
2025-04-16T02:49:53.7873846Z ##[group]Download immutable action package 'actions/checkout@v4'
2025-04-16T02:49:53.7874854Z Version: 4.2.2
2025-04-16T02:49:53.7875751Z Digest: sha256:ccb2698953eaebd21c7bf6268a94f9c26518a7e38e27e0b83c1fe1ad049819b1
2025-04-16T02:49:53.7877019Z Source commit SHA: 11bd71901bbe5b1630ceea73d27597364c9af683
2025-04-16T02:49:53.7877690Z ##[endgroup]
2025-04-16T02:49:53.8931129Z ##[group]Download immutable action package 'actions/setup-node@v4'
2025-04-16T02:49:53.8931880Z Version: 4.4.0
2025-04-16T02:49:53.8932708Z Digest: sha256:9427cefe82346e992fb5b949e3569b39d537ae41aa3086483b14eceebfc16bc1
2025-04-16T02:49:53.8933946Z Source commit SHA: 49933ea5288caeca8642d1e84afbd3f7d6820020
2025-04-16T02:49:53.8934575Z ##[endgroup]
2025-04-16T02:49:54.2733036Z Download action repository 'cypress-io/github-action@v6' (SHA:108b8684ae52e735ff7891524cbffbcd4be5b19f)
2025-04-16T02:49:54.9559972Z ##[group]Download immutable action package 'actions/upload-artifact@v4'
2025-04-16T02:49:54.9561205Z Version: 4.6.2
2025-04-16T02:49:54.9562280Z Digest: sha256:290722aa3281d5caf23d0acdc3dbeb3424786a1a01a9cc97e72f147225e37c38
2025-04-16T02:49:54.9564184Z Source commit SHA: ea165f8d65b6e75b540449e92b4886f43607fa02
2025-04-16T02:49:54.9565247Z ##[endgroup]
2025-04-16T02:49:55.1878346Z Complete job name: e2e (22.x)
2025-04-16T02:49:55.2564291Z ##[group]Run actions/checkout@v4
2025-04-16T02:49:55.2565614Z with:
2025-04-16T02:49:55.2566404Z   repository: mrkurger/date-night-app2
2025-04-16T02:49:55.2567712Z   token: ***
2025-04-16T02:49:55.2568439Z   ssh-strict: true
2025-04-16T02:49:55.2569198Z   ssh-user: git
2025-04-16T02:49:55.2569980Z   persist-credentials: true
2025-04-16T02:49:55.2570854Z   clean: true
2025-04-16T02:49:55.2571666Z   sparse-checkout-cone-mode: true
2025-04-16T02:49:55.2572638Z   fetch-depth: 1
2025-04-16T02:49:55.2573537Z   fetch-tags: false
2025-04-16T02:49:55.2574316Z   show-progress: true
2025-04-16T02:49:55.2575094Z   lfs: false
2025-04-16T02:49:55.2575802Z   submodules: false
2025-04-16T02:49:55.2576593Z   set-safe-directory: true
2025-04-16T02:49:55.2577694Z ##[endgroup]
2025-04-16T02:49:55.5629902Z Syncing repository: mrkurger/date-night-app2
2025-04-16T02:49:55.5632267Z ##[group]Getting Git version info
2025-04-16T02:49:55.5633387Z Working directory is '/home/runner/work/date-night-app2/date-night-app2'
2025-04-16T02:49:55.5634523Z [command]/usr/bin/git version
2025-04-16T02:49:55.5741060Z git version 2.49.0
2025-04-16T02:49:55.5778293Z ##[endgroup]
2025-04-16T02:49:55.5790960Z Temporarily overriding HOME='/home/runner/work/_temp/ba0f341d-a745-4d98-b3f6-894ed26780cb' before making global git config changes
2025-04-16T02:49:55.5794989Z Adding repository directory to the temporary git global config as a safe directory
2025-04-16T02:49:55.5799443Z [command]/usr/bin/git config --global --add safe.directory /home/runner/work/date-night-app2/date-night-app2
2025-04-16T02:49:55.5844001Z Deleting the contents of '/home/runner/work/date-night-app2/date-night-app2'
2025-04-16T02:49:55.5849219Z ##[group]Initializing the repository
2025-04-16T02:49:55.5853947Z [command]/usr/bin/git init /home/runner/work/date-night-app2/date-night-app2
2025-04-16T02:49:55.5946732Z hint: Using 'master' as the name for the initial branch. This default branch name
2025-04-16T02:49:55.5948443Z hint: is subject to change. To configure the initial branch name to use in all
2025-04-16T02:49:55.5949590Z hint: of your new repositories, which will suppress this warning, call:
2025-04-16T02:49:55.5950974Z hint:
2025-04-16T02:49:55.5952811Z hint: 	git config --global init.defaultBranch <name>
2025-04-16T02:49:55.5959548Z hint:
2025-04-16T02:49:55.5963312Z hint: Names commonly chosen instead of 'master' are 'main', 'trunk' and
2025-04-16T02:49:55.5964536Z hint: 'development'. The just-created branch can be renamed via this command:
2025-04-16T02:49:55.5965608Z hint:
2025-04-16T02:49:55.5966265Z hint: 	git branch -m <name>
2025-04-16T02:49:55.5967429Z Initialized empty Git repository in /home/runner/work/date-night-app2/date-night-app2/.git/
2025-04-16T02:49:55.5972385Z [command]/usr/bin/git remote add origin https://github.com/mrkurger/date-night-app2
2025-04-16T02:49:55.6018127Z ##[endgroup]
2025-04-16T02:49:55.6019868Z ##[group]Disabling automatic garbage collection
2025-04-16T02:49:55.6021585Z [command]/usr/bin/git config --local gc.auto 0
2025-04-16T02:49:55.6053758Z ##[endgroup]
2025-04-16T02:49:55.6056756Z ##[group]Setting up auth
2025-04-16T02:49:55.6065031Z [command]/usr/bin/git config --local --name-only --get-regexp core\.sshCommand
2025-04-16T02:49:55.6099185Z [command]/usr/bin/git submodule foreach --recursive sh -c "git config --local --name-only --get-regexp 'core\.sshCommand' && git config --local --unset-all 'core.sshCommand' || :"
2025-04-16T02:49:55.6456038Z [command]/usr/bin/git config --local --name-only --get-regexp http\.https\:\/\/github\.com\/\.extraheader
2025-04-16T02:49:55.6490519Z [command]/usr/bin/git submodule foreach --recursive sh -c "git config --local --name-only --get-regexp 'http\.https\:\/\/github\.com\/\.extraheader' && git config --local --unset-all 'http.https://github.com/.extraheader' || :"
2025-04-16T02:49:55.6728829Z [command]/usr/bin/git config --local http.https://github.com/.extraheader AUTHORIZATION: basic ***
2025-04-16T02:49:55.6771799Z ##[endgroup]
2025-04-16T02:49:55.6776794Z ##[group]Fetching the repository
2025-04-16T02:49:55.6783483Z [command]/usr/bin/git -c protocol.version=2 fetch --no-tags --prune --no-recurse-submodules --depth=1 origin +508023551706c062eab78afd282c74e89458d0a0:refs/remotes/origin/main
2025-04-16T02:49:58.6569950Z From https://github.com/mrkurger/date-night-app2
2025-04-16T02:49:58.6572041Z  * [new ref]         508023551706c062eab78afd282c74e89458d0a0 -> origin/main
2025-04-16T02:49:58.6608600Z ##[endgroup]
2025-04-16T02:49:58.6610021Z ##[group]Determining the checkout info
2025-04-16T02:49:58.6615041Z ##[endgroup]
2025-04-16T02:49:58.6622169Z [command]/usr/bin/git sparse-checkout disable
2025-04-16T02:49:58.6669091Z [command]/usr/bin/git config --local --unset-all extensions.worktreeConfig
2025-04-16T02:49:58.6720950Z ##[group]Checking out the ref
2025-04-16T02:49:58.6725450Z [command]/usr/bin/git checkout --progress --force -B main refs/remotes/origin/main
2025-04-16T02:49:59.1023523Z Switched to a new branch 'main'
2025-04-16T02:49:59.1026513Z branch 'main' set up to track 'origin/main'.
2025-04-16T02:49:59.1062007Z ##[endgroup]
2025-04-16T02:49:59.1108941Z [command]/usr/bin/git log -1 --format=%H
2025-04-16T02:49:59.1132555Z 508023551706c062eab78afd282c74e89458d0a0
2025-04-16T02:49:59.1405944Z ##[group]Run actions/setup-node@v4
2025-04-16T02:49:59.1406405Z with:
2025-04-16T02:49:59.1406655Z   node-version: 22.x
2025-04-16T02:49:59.1406932Z   cache: npm
2025-04-16T02:49:59.1407322Z   cache-dependency-path: client-angular/package-lock.json
2025-04-16T02:49:59.1407954Z   always-auth: false
2025-04-16T02:49:59.1408236Z   check-latest: false
2025-04-16T02:49:59.1408644Z   token: ***
2025-04-16T02:49:59.1408950Z ##[endgroup]
2025-04-16T02:49:59.3244290Z Found in cache @ /opt/hostedtoolcache/node/22.14.0/x64
2025-04-16T02:49:59.3245223Z ##[group]Environment details
2025-04-16T02:49:59.7562419Z node: v22.14.0
2025-04-16T02:49:59.7563799Z npm: 10.9.2
2025-04-16T02:49:59.7564889Z yarn: 1.22.22
2025-04-16T02:49:59.7566260Z ##[endgroup]
2025-04-16T02:49:59.7589876Z [command]/opt/hostedtoolcache/node/22.14.0/x64/bin/npm config get cache
2025-04-16T02:49:59.9359217Z /home/runner/.npm
2025-04-16T02:50:00.1849567Z Cache hit for: node-cache-Linux-x64-npm-eed186788acb99c392cc79891935d042040413390720b7932c16d8b7ca478e8b
2025-04-16T02:50:01.3325274Z Received 69351304 of 69351304 (100.0%), 67.0 MBs/sec
2025-04-16T02:50:01.3326323Z Cache Size: ~66 MB (69351304 B)
2025-04-16T02:50:01.3361276Z [command]/usr/bin/tar -xf /home/runner/work/_temp/68a75059-b164-4fbc-b682-2bdd49e8ac9e/cache.tzst -P -C /home/runner/work/date-night-app2/date-night-app2 --use-compress-program unzstd
2025-04-16T02:50:01.6476594Z Cache restored successfully
2025-04-16T02:50:01.6626051Z Cache restored from key: node-cache-Linux-x64-npm-eed186788acb99c392cc79891935d042040413390720b7932c16d8b7ca478e8b
2025-04-16T02:50:01.6781945Z ##[group]Run npm ci
2025-04-16T02:50:01.6782237Z [36;1mnpm ci[0m
2025-04-16T02:50:01.6835648Z shell: /usr/bin/bash -e {0}
2025-04-16T02:50:01.6835891Z ##[endgroup]
2025-04-16T02:50:06.2952887Z npm warn deprecated inflight@1.0.6: This module is not supported, and leaks memory. Do not use it. Check out lru-cache if you want a good and tested way to coalesce async requests by a key value, which is much more comprehensive and powerful.
2025-04-16T02:50:06.5139552Z npm warn deprecated rimraf@3.0.2: Rimraf versions prior to v4 are no longer supported
2025-04-16T02:50:06.5344974Z npm warn deprecated abab@2.0.6: Use your platform's native atob() and btoa() methods instead
2025-04-16T02:50:06.6369253Z npm warn deprecated glob@7.2.3: Glob versions prior to v9 are no longer supported
2025-04-16T02:50:06.7529128Z npm warn deprecated domexception@4.0.0: Use your platform's native DOMException instead
2025-04-16T02:50:23.2666011Z 
2025-04-16T02:50:23.2693449Z added 1237 packages, and audited 1239 packages in 22s
2025-04-16T02:50:23.2694023Z 
2025-04-16T02:50:23.2694308Z 189 packages are looking for funding
2025-04-16T02:50:23.2694826Z   run `npm fund` for details
2025-04-16T02:50:23.2828378Z 
2025-04-16T02:50:23.2830068Z 3 moderate severity vulnerabilities
2025-04-16T02:50:23.2831739Z 
2025-04-16T02:50:23.2836298Z To address all issues (including breaking changes), run:
2025-04-16T02:50:23.2840855Z   npm audit fix --force
2025-04-16T02:50:23.2845218Z 
2025-04-16T02:50:23.2848381Z Run `npm audit` for details.
2025-04-16T02:50:23.3809625Z ##[warning]Unexpected input(s) 'headless', valid inputs are ['record', 'auto-cancel-after-failures', 'config', 'config-file', 'env', 'browser', 'command', 'start', 'start-windows', 'build', 'install', 'install-command', 'runTests', 'wait-on', 'wait-on-timeout', 'parallel', 'group', 'tag', 'working-directory', 'headed', 'publish-summary', 'summary-title', 'spec', 'project', 'command-prefix', 'ci-build-id', 'cache-key', 'quiet', 'component']
2025-04-16T02:50:23.3821797Z ##[group]Run cypress-io/github-action@v6
2025-04-16T02:50:23.3822046Z with:
2025-04-16T02:50:23.3822232Z   working-directory: ./client-angular
2025-04-16T02:50:23.3822468Z   build: npm run build
2025-04-16T02:50:23.3822662Z   start: npm start
2025-04-16T02:50:23.3822875Z   wait-on: http://localhost:4200
2025-04-16T02:50:23.3823271Z   browser: chrome
2025-04-16T02:50:23.3823455Z   headless: true
2025-04-16T02:50:23.3823630Z   record: false
2025-04-16T02:50:23.3823818Z   publish-summary: true
2025-04-16T02:50:23.3824050Z   component: false
2025-04-16T02:50:23.3824226Z ##[endgroup]
2025-04-16T02:50:23.7249456Z Cache hit for: npm-linux-x64-1d233aaccb68d004b711b451817eab777690f3623def55195bf0d740b39cc99b48ca48e70d82b3444ce09ad374c63e3f1e277558b747562d914ab0a8adec8060
2025-04-16T02:50:23.7270153Z Cache hit for: cypress-linux-x64-1d233aaccb68d004b711b451817eab777690f3623def55195bf0d740b39cc99b48ca48e70d82b3444ce09ad374c63e3f1e277558b747562d914ab0a8adec8060
2025-04-16T02:50:25.4027700Z Received 69358748 of 69358748 (100.0%), 65.3 MBs/sec
2025-04-16T02:50:25.4040349Z Cache Size: ~66 MB (69358748 B)
2025-04-16T02:50:25.4620476Z [command]/usr/bin/tar -xf /home/runner/work/_temp/643c099a-71db-48f4-8938-feb54028a780/cache.tzst -P -C /home/runner/work/date-night-app2/date-night-app2 --use-compress-program unzstd
2025-04-16T02:50:25.5322525Z Received 71303168 of 178373466 (40.0%), 67.9 MBs/sec
2025-04-16T02:50:26.0029849Z Cache restored successfully
2025-04-16T02:50:26.4187308Z Received 178373466 of 178373466 (100.0%), 90.1 MBs/sec
2025-04-16T02:50:26.4192265Z Cache Size: ~170 MB (178373466 B)
2025-04-16T02:50:26.4217083Z [command]/usr/bin/tar -xf /home/runner/work/_temp/f0a468a7-57bc-4064-b0ea-8c97c85349a4/cache.tzst -P -C /home/runner/work/date-night-app2/date-night-app2 --use-compress-program unzstd
2025-04-16T02:50:29.1566114Z Cache restored successfully
2025-04-16T02:50:29.1940760Z [command]/opt/hostedtoolcache/node/22.14.0/x64/bin/npm ci
2025-04-16T02:50:35.5852434Z npm warn deprecated inflight@1.0.6: This module is not supported, and leaks memory. Do not use it. Check out lru-cache if you want a good and tested way to coalesce async requests by a key value, which is much more comprehensive and powerful.
2025-04-16T02:50:35.8433869Z npm warn deprecated rimraf@3.0.2: Rimraf versions prior to v4 are no longer supported
2025-04-16T02:50:35.8666114Z npm warn deprecated abab@2.0.6: Use your platform's native atob() and btoa() methods instead
2025-04-16T02:50:35.9859360Z npm warn deprecated glob@7.2.3: Glob versions prior to v9 are no longer supported
2025-04-16T02:50:36.0926744Z npm warn deprecated domexception@4.0.0: Use your platform's native DOMException instead
2025-04-16T02:50:41.3527101Z 
2025-04-16T02:50:41.3527931Z added 1237 packages, and audited 1239 packages in 12s
2025-04-16T02:50:41.3533364Z 
2025-04-16T02:50:41.3533733Z 189 packages are looking for funding
2025-04-16T02:50:41.3534238Z   run `npm fund` for details
2025-04-16T02:50:41.3682196Z 
2025-04-16T02:50:41.3682887Z 3 moderate severity vulnerabilities
2025-04-16T02:50:41.3684630Z 
2025-04-16T02:50:41.3686147Z To address all issues (including breaking changes), run:
2025-04-16T02:50:41.3686756Z   npm audit fix --force
2025-04-16T02:50:41.3687000Z 
2025-04-16T02:50:41.3687201Z Run `npm audit` for details.
2025-04-16T02:50:41.4342375Z [command]/opt/hostedtoolcache/node/22.14.0/x64/bin/npx cypress cache list
2025-04-16T02:50:42.0098820Z ┌─────────┬───────────────────┐
2025-04-16T02:50:42.0099641Z │ version │ last used         │
2025-04-16T02:50:42.0100723Z ├─────────┼───────────────────┤
2025-04-16T02:50:42.0101451Z │ 14.3.0  │ a few seconds ago │
2025-04-16T02:50:42.0102111Z └─────────┴───────────────────┘
2025-04-16T02:50:42.0246311Z build app command "npm run build"
2025-04-16T02:50:42.0249291Z current working directory "/home/runner/work/date-night-app2/date-night-app2/client-angular"
2025-04-16T02:50:42.0277379Z [command]/opt/hostedtoolcache/node/22.14.0/x64/bin/npm run build
2025-04-16T02:50:42.1934348Z 
2025-04-16T02:50:42.1935255Z > client-angular@0.0.0 build
2025-04-16T02:50:42.1936052Z > ng build client-angular
2025-04-16T02:50:42.1953667Z 
2025-04-16T02:50:42.9246022Z [33m❯[39m Building...
2025-04-16T02:51:00.3597098Z [32m✔[39m Building...
2025-04-16T02:51:00.3626374Z Application bundle generation failed. [17.434 seconds]
2025-04-16T02:51:00.3628941Z 
2025-04-16T02:51:00.3695329Z [1m[33m[33m▲ [43;33m[[43;30mWARNING[43;33m][0m [1m2 repetitive deprecation warnings omitted.
2025-04-16T02:51:00.3696853Z Run in verbose mode to see all warnings.[0m [1m[35m[plugin angular-sass][0m
2025-04-16T02:51:00.3697561Z 
2025-04-16T02:51:00.3706440Z   null
2025-04-16T02:51:00.3733589Z 
2025-04-16T02:51:00.3734037Z 
2025-04-16T02:51:00.3734912Z [33m▲ [43;33m[[43;30mWARNING[43;33m][0m [1m14 repetitive deprecation warnings omitted.
2025-04-16T02:51:00.3736238Z Run in verbose mode to see all warnings.[0m [1m[35m[plugin angular-sass][0m
2025-04-16T02:51:00.3736750Z 
2025-04-16T02:51:00.3737140Z   null
2025-04-16T02:51:00.3737415Z 
2025-04-16T02:51:00.3758684Z 
2025-04-16T02:51:00.3759633Z [33m▲ [43;33m[[43;30mWARNING[43;33m][0m [1mDeprecation[0m [1m[35m[plugin angular-sass][0m
2025-04-16T02:51:00.3760210Z 
2025-04-16T02:51:00.3760475Z     src/app/core/design/components.scss:8:8:
2025-04-16T02:51:00.3761427Z [37m      8 │ @import [32m[37m'design-tokens';
2025-04-16T02:51:00.3762132Z         ╵         [32m^[0m
2025-04-16T02:51:00.3762474Z 
2025-04-16T02:51:00.3762629Z 
2025-04-16T02:51:00.3763246Z   Sass @import rules are deprecated and will be removed in Dart Sass 3.0.0.
2025-04-16T02:51:00.3763947Z   
2025-04-16T02:51:00.3764725Z   More info and automated migrator: [4mhttps://sass-lang.com/d/import[0m
2025-04-16T02:51:00.3765389Z 
2025-04-16T02:51:00.3773552Z 
2025-04-16T02:51:00.3798758Z [33m▲ [43;33m[[43;30mWARNING[43;33m][0m [1mDeprecation[0m [1m[35m[plugin angular-sass][0m
2025-04-16T02:51:00.3813702Z 
2025-04-16T02:51:00.3813995Z     src/app/core/design/components.scss:8:8:
2025-04-16T02:51:00.3814812Z [37m      8 │ @import [32m[37m'design-tokens';
2025-04-16T02:51:00.3815408Z         ╵         [32m^[0m
2025-04-16T02:51:00.3815663Z 
2025-04-16T02:51:00.3815673Z 
2025-04-16T02:51:00.3816106Z   Sass @import rules are deprecated and will be removed in Dart Sass 3.0.0.
2025-04-16T02:51:00.3816721Z   
2025-04-16T02:51:00.3817469Z   More info and automated migrator: [4mhttps://sass-lang.com/d/import[0m
2025-04-16T02:51:00.3817987Z 
2025-04-16T02:51:00.3817996Z 
2025-04-16T02:51:00.3818810Z [33m▲ [43;33m[[43;30mWARNING[43;33m][0m [1mDeprecation[0m [1m[35m[plugin angular-sass][0m
2025-04-16T02:51:00.3819360Z 
2025-04-16T02:51:00.3819641Z     src/app/core/design/components.scss:374:9:
2025-04-16T02:51:00.3820478Z [37m      374 │   color: [32m[37mdarken($success, 30%);
2025-04-16T02:51:00.3821107Z           ╵          [32m^[0m
2025-04-16T02:51:00.3821370Z 
2025-04-16T02:51:00.3821379Z 
2025-04-16T02:51:00.3821853Z   Global built-in functions are deprecated and will be removed in Dart Sass 3.0.0.
2025-04-16T02:51:00.3822561Z   Use color.adjust instead.
2025-04-16T02:51:00.3822941Z   
2025-04-16T02:51:00.3823910Z   More info and automated migrator: [4mhttps://sass-lang.com/d/import[0m
2025-04-16T02:51:00.3824419Z 
2025-04-16T02:51:00.3824428Z 
2025-04-16T02:51:00.3825168Z [33m▲ [43;33m[[43;30mWARNING[43;33m][0m [1mDeprecation[0m [1m[35m[plugin angular-sass][0m
2025-04-16T02:51:00.3825705Z 
2025-04-16T02:51:00.3825948Z     src/app/core/design/components.scss:374:9:
2025-04-16T02:51:00.3827036Z [37m      374 │   color: [32m[37mdarken($success, 30%);
2025-04-16T02:51:00.3827684Z           ╵          [32m^[0m
2025-04-16T02:51:00.3866557Z 
2025-04-16T02:51:00.3866587Z 
2025-04-16T02:51:00.3866868Z   darken() is deprecated. Suggestions:
2025-04-16T02:51:00.3867311Z   
2025-04-16T02:51:00.3867725Z   color.scale($color, $lightness: -60.9561752988%)
2025-04-16T02:51:00.3868302Z   color.adjust($color, $lightness: -30%)
2025-04-16T02:51:00.3868721Z   
2025-04-16T02:51:00.3869332Z   More info: [4mhttps://sass-lang.com/d/color-functions[0m
2025-04-16T02:51:00.3869750Z 
2025-04-16T02:51:00.3869759Z 
2025-04-16T02:51:00.3870487Z [33m▲ [43;33m[[43;30mWARNING[43;33m][0m [1mDeprecation[0m [1m[35m[plugin angular-sass][0m
2025-04-16T02:51:00.3871022Z 
2025-04-16T02:51:00.3871265Z     src/app/core/design/components.scss:374:9:
2025-04-16T02:51:00.3872130Z [37m      374 │   color: [32m[37mdarken($success, 30%);
2025-04-16T02:51:00.3872703Z           ╵          [32m^[0m
2025-04-16T02:51:00.3872939Z 
2025-04-16T02:51:00.3872948Z 
2025-04-16T02:51:00.3874000Z   Global built-in functions are deprecated and will be removed in Dart Sass 3.0.0.
2025-04-16T02:51:00.3874675Z   Use color.adjust instead.
2025-04-16T02:51:00.3875306Z   
2025-04-16T02:51:00.3875991Z   More info and automated migrator: [4mhttps://sass-lang.com/d/import[0m
2025-04-16T02:51:00.3876492Z 
2025-04-16T02:51:00.3876501Z 
2025-04-16T02:51:00.3877231Z [33m▲ [43;33m[[43;30mWARNING[43;33m][0m [1mDeprecation[0m [1m[35m[plugin angular-sass][0m
2025-04-16T02:51:00.3877772Z 
2025-04-16T02:51:00.3878036Z     src/app/core/design/components.scss:374:9:
2025-04-16T02:51:00.3878828Z [37m      374 │   color: [32m[37mdarken($success, 30%);
2025-04-16T02:51:00.3879463Z           ╵          [32m^[0m
2025-04-16T02:51:00.3879727Z 
2025-04-16T02:51:00.3879737Z 
2025-04-16T02:51:00.3879956Z   darken() is deprecated. Suggestions:
2025-04-16T02:51:00.3880383Z   
2025-04-16T02:51:00.3880804Z   color.scale($color, $lightness: -60.9561752988%)
2025-04-16T02:51:00.3881399Z   color.adjust($color, $lightness: -30%)
2025-04-16T02:51:00.3881840Z   
2025-04-16T02:51:00.3882459Z   More info: [4mhttps://sass-lang.com/d/color-functions[0m
2025-04-16T02:51:00.3882907Z 
2025-04-16T02:51:00.3882916Z 
2025-04-16T02:51:00.3944110Z [33m▲ [43;33m[[43;30mWARNING[43;33m][0m [1mDeprecation[0m [1m[35m[plugin angular-sass][0m
2025-04-16T02:51:00.3944670Z 
2025-04-16T02:51:00.3944946Z     src/app/core/design/components.scss:375:20:
2025-04-16T02:51:00.3945873Z [37m      375 │   background-color: [32m[37mlighten($success, 40%);
2025-04-16T02:51:00.3946567Z           ╵                     [32m^[0m
2025-04-16T02:51:00.3946852Z 
2025-04-16T02:51:00.3946869Z 
2025-04-16T02:51:00.3947324Z   Global built-in functions are deprecated and will be removed in Dart Sass 3.0.0.
2025-04-16T02:51:00.3947989Z   Use color.adjust instead.
2025-04-16T02:51:00.3948318Z   
2025-04-16T02:51:00.3949000Z   More info and automated migrator: [4mhttps://sass-lang.com/d/import[0m
2025-04-16T02:51:00.3949542Z 
2025-04-16T02:51:00.3949568Z 
2025-04-16T02:51:00.3950287Z [33m▲ [43;33m[[43;30mWARNING[43;33m][0m [1mDeprecation[0m [1m[35m[plugin angular-sass][0m
2025-04-16T02:51:00.3950832Z 
2025-04-16T02:51:00.3951082Z     src/app/core/design/components.scss:375:20:
2025-04-16T02:51:00.3951944Z [37m      375 │   background-color: [32m[37mlighten($success, 40%);
2025-04-16T02:51:00.3952620Z           ╵                     [32m^[0m
2025-04-16T02:51:00.3952901Z 
2025-04-16T02:51:00.3952910Z 
2025-04-16T02:51:00.3963506Z   lighten() is deprecated. Suggestions:
2025-04-16T02:51:00.3963989Z   
2025-04-16T02:51:00.3964445Z   color.scale($color, $lightness: 78.7644787645%)
2025-04-16T02:51:00.3964999Z   color.adjust($color, $lightness: 40%)
2025-04-16T02:51:00.3965406Z   
2025-04-16T02:51:00.3966016Z   More info: [4mhttps://sass-lang.com/d/color-functions[0m
2025-04-16T02:51:00.3966424Z 
2025-04-16T02:51:00.3966433Z 
2025-04-16T02:51:00.3967410Z [33m▲ [43;33m[[43;30mWARNING[43;33m][0m [1mDeprecation[0m [1m[35m[plugin angular-sass][0m
2025-04-16T02:51:00.3967977Z 
2025-04-16T02:51:00.3968227Z     src/app/core/design/components.scss:375:20:
2025-04-16T02:51:00.3969257Z [37m      375 │   background-color: [32m[37mlighten($success, 40%);
2025-04-16T02:51:00.3970044Z           ╵                     [32m^[0m
2025-04-16T02:51:00.3970363Z 
2025-04-16T02:51:00.3970372Z 
2025-04-16T02:51:00.3970863Z   Global built-in functions are deprecated and will be removed in Dart Sass 3.0.0.
2025-04-16T02:51:00.3971587Z   Use color.adjust instead.
2025-04-16T02:51:00.3971971Z   
2025-04-16T02:51:00.3972760Z   More info and automated migrator: [4mhttps://sass-lang.com/d/import[0m
2025-04-16T02:51:00.3973512Z 
2025-04-16T02:51:00.3973522Z 
2025-04-16T02:51:00.3974321Z [33m▲ [43;33m[[43;30mWARNING[43;33m][0m [1mDeprecation[0m [1m[35m[plugin angular-sass][0m
2025-04-16T02:51:00.3974883Z 
2025-04-16T02:51:00.3975151Z     src/app/core/design/components.scss:375:20:
2025-04-16T02:51:00.3976108Z [37m      375 │   background-color: [32m[37mlighten($success, 40%);
2025-04-16T02:51:00.3976879Z           ╵                     [32m^[0m
2025-04-16T02:51:00.3977453Z 
2025-04-16T02:51:00.3977463Z 
2025-04-16T02:51:00.3977688Z   lighten() is deprecated. Suggestions:
2025-04-16T02:51:00.3978127Z   
2025-04-16T02:51:00.3978525Z   color.scale($color, $lightness: 78.7644787645%)
2025-04-16T02:51:00.3979402Z   color.adjust($color, $lightness: 40%)
2025-04-16T02:51:00.3979803Z   
2025-04-16T02:51:00.3980391Z   More info: [4mhttps://sass-lang.com/d/color-functions[0m
2025-04-16T02:51:00.3980781Z 
2025-04-16T02:51:00.3980790Z 
2025-04-16T02:51:00.3981493Z [33m▲ [43;33m[[43;30mWARNING[43;33m][0m [1mDeprecation[0m [1m[35m[plugin angular-sass][0m
2025-04-16T02:51:00.3981995Z 
2025-04-16T02:51:00.3982234Z     src/app/core/design/components.scss:376:16:
2025-04-16T02:51:00.3983015Z [37m      376 │   border-color: [32m[37mlighten($success, 30%);
2025-04-16T02:51:00.3983921Z           ╵                 [32m^[0m
2025-04-16T02:51:00.3984199Z 
2025-04-16T02:51:00.3984208Z 
2025-04-16T02:51:00.3984653Z   Global built-in functions are deprecated and will be removed in Dart Sass 3.0.0.
2025-04-16T02:51:00.3985309Z   Use color.adjust instead.
2025-04-16T02:51:00.3985647Z   
2025-04-16T02:51:00.3986297Z   More info and automated migrator: [4mhttps://sass-lang.com/d/import[0m
2025-04-16T02:51:00.3986816Z 
2025-04-16T02:51:00.3986825Z 
2025-04-16T02:51:00.3987513Z [33m▲ [43;33m[[43;30mWARNING[43;33m][0m [1mDeprecation[0m [1m[35m[plugin angular-sass][0m
2025-04-16T02:51:00.3989716Z 
2025-04-16T02:51:00.3989978Z     src/app/core/design/components.scss:376:16:
2025-04-16T02:51:00.3990814Z [37m      376 │   border-color: [32m[37mlighten($success, 30%);
2025-04-16T02:51:00.3991435Z           ╵                 [32m^[0m
2025-04-16T02:51:00.3991709Z 
2025-04-16T02:51:00.3991717Z 
2025-04-16T02:51:00.3991918Z   lighten() is deprecated. Suggestions:
2025-04-16T02:51:00.3992313Z   
2025-04-16T02:51:00.3992713Z   color.scale($color, $lightness: 59.0733590734%)
2025-04-16T02:51:00.3993447Z   color.adjust($color, $lightness: 30%)
2025-04-16T02:51:00.3993831Z   
2025-04-16T02:51:00.3994399Z   More info: [4mhttps://sass-lang.com/d/color-functions[0m
2025-04-16T02:51:00.3994800Z 
2025-04-16T02:51:00.3994816Z 
2025-04-16T02:51:00.3995514Z [33m▲ [43;33m[[43;30mWARNING[43;33m][0m [1mDeprecation[0m [1m[35m[plugin angular-sass][0m
2025-04-16T02:51:00.3996027Z 
2025-04-16T02:51:00.3996261Z     src/app/core/design/components.scss:376:16:
2025-04-16T02:51:00.3997042Z [37m      376 │   border-color: [32m[37mlighten($success, 30%);
2025-04-16T02:51:00.3997650Z           ╵                 [32m^[0m
2025-04-16T02:51:00.3997919Z 
2025-04-16T02:51:00.3997927Z 
2025-04-16T02:51:00.3998366Z   Global built-in functions are deprecated and will be removed in Dart Sass 3.0.0.
2025-04-16T02:51:00.3999018Z   Use color.adjust instead.
2025-04-16T02:51:00.3999358Z   
2025-04-16T02:51:00.4000213Z   More info and automated migrator: [4mhttps://sass-lang.com/d/import[0m
2025-04-16T02:51:00.4000706Z 
2025-04-16T02:51:00.4000714Z 
2025-04-16T02:51:00.4001406Z [33m▲ [43;33m[[43;30mWARNING[43;33m][0m [1mDeprecation[0m [1m[35m[plugin angular-sass][0m
2025-04-16T02:51:00.4001936Z 
2025-04-16T02:51:00.4002162Z     src/app/core/design/components.scss:376:16:
2025-04-16T02:51:00.4002933Z [37m      376 │   border-color: [32m[37mlighten($success, 30%);
2025-04-16T02:51:00.4017142Z           ╵                 [32m^[0m
2025-04-16T02:51:00.4017433Z 
2025-04-16T02:51:00.4017442Z 
2025-04-16T02:51:00.4017658Z   lighten() is deprecated. Suggestions:
2025-04-16T02:51:00.4018057Z   
2025-04-16T02:51:00.4018439Z   color.scale($color, $lightness: 59.0733590734%)
2025-04-16T02:51:00.4018971Z   color.adjust($color, $lightness: 30%)
2025-04-16T02:51:00.4019368Z   
2025-04-16T02:51:00.4019913Z   More info: [4mhttps://sass-lang.com/d/color-functions[0m
2025-04-16T02:51:00.4020316Z 
2025-04-16T02:51:00.4020323Z 
2025-04-16T02:51:00.4021032Z [33m▲ [43;33m[[43;30mWARNING[43;33m][0m [1mDeprecation[0m [1m[35m[plugin angular-sass][0m
2025-04-16T02:51:00.4021545Z 
2025-04-16T02:51:00.4021775Z     src/app/core/design/components.scss:380:9:
2025-04-16T02:51:00.4022758Z [37m      380 │   color: [32m[37mdarken($warning, 30%);
2025-04-16T02:51:00.4023556Z           ╵          [32m^[0m
2025-04-16T02:51:00.4023790Z 
2025-04-16T02:51:00.4023799Z 
2025-04-16T02:51:00.4024245Z   Global built-in functions are deprecated and will be removed in Dart Sass 3.0.0.
2025-04-16T02:51:00.4024889Z   Use color.adjust instead.
2025-04-16T02:51:00.4025231Z   
2025-04-16T02:51:00.4025884Z   More info and automated migrator: [4mhttps://sass-lang.com/d/import[0m
2025-04-16T02:51:00.4026355Z 
2025-04-16T02:51:00.4026363Z 
2025-04-16T02:51:00.4027053Z [33m▲ [43;33m[[43;30mWARNING[43;33m][0m [1mDeprecation[0m [1m[35m[plugin angular-sass][0m
2025-04-16T02:51:00.4027550Z 
2025-04-16T02:51:00.4027780Z     src/app/core/design/components.scss:380:9:
2025-04-16T02:51:00.4028621Z [37m      380 │   color: [32m[37mdarken($warning, 30%);
2025-04-16T02:51:00.4029172Z           ╵          [32m^[0m
2025-04-16T02:51:00.4029418Z 
2025-04-16T02:51:00.4029433Z 
2025-04-16T02:51:00.4029631Z   darken() is deprecated. Suggestions:
2025-04-16T02:51:00.4030020Z   
2025-04-16T02:51:00.4030400Z   color.scale($color, $lightness: -58.3969465649%)
2025-04-16T02:51:00.4030934Z   color.adjust($color, $lightness: -30%)
2025-04-16T02:51:00.4031327Z   
2025-04-16T02:51:00.4031876Z   More info: [4mhttps://sass-lang.com/d/color-functions[0m
2025-04-16T02:51:00.4032271Z 
2025-04-16T02:51:00.4032278Z 
2025-04-16T02:51:00.4032962Z [33m▲ [43;33m[[43;30mWARNING[43;33m][0m [1mDeprecation[0m [1m[35m[plugin angular-sass][0m
2025-04-16T02:51:00.4033686Z 
2025-04-16T02:51:00.4033928Z     src/app/core/design/components.scss:380:9:
2025-04-16T02:51:00.4034668Z [37m      380 │   color: [32m[37mdarken($warning, 30%);
2025-04-16T02:51:00.4035231Z           ╵          [32m^[0m
2025-04-16T02:51:00.4035459Z 
2025-04-16T02:51:00.4035481Z 
2025-04-16T02:51:00.4035926Z   Global built-in functions are deprecated and will be removed in Dart Sass 3.0.0.
2025-04-16T02:51:00.4036583Z   Use color.adjust instead.
2025-04-16T02:51:00.4036915Z   
2025-04-16T02:51:00.4037559Z   More info and automated migrator: [4mhttps://sass-lang.com/d/import[0m
2025-04-16T02:51:00.4038038Z 
2025-04-16T02:51:00.4038046Z 
2025-04-16T02:51:00.4038723Z [33m▲ [43;33m[[43;30mWARNING[43;33m][0m [1mDeprecation[0m [1m[35m[plugin angular-sass][0m
2025-04-16T02:51:00.4039222Z 
2025-04-16T02:51:00.4039451Z     src/app/core/design/components.scss:380:9:
2025-04-16T02:51:00.4040157Z [37m      380 │   color: [32m[37mdarken($warning, 30%);
2025-04-16T02:51:00.4040704Z           ╵          [32m^[0m
2025-04-16T02:51:00.4040940Z 
2025-04-16T02:51:00.4040947Z 
2025-04-16T02:51:00.4041141Z   darken() is deprecated. Suggestions:
2025-04-16T02:51:00.4041531Z   
2025-04-16T02:51:00.4041910Z   color.scale($color, $lightness: -58.3969465649%)
2025-04-16T02:51:00.4042620Z   color.adjust($color, $lightness: -30%)
2025-04-16T02:51:00.4043029Z   
2025-04-16T02:51:00.4043898Z   More info: [4mhttps://sass-lang.com/d/color-functions[0m
2025-04-16T02:51:00.4044409Z 
2025-04-16T02:51:00.4044417Z 
2025-04-16T02:51:00.4045120Z [33m▲ [43;33m[[43;30mWARNING[43;33m][0m [1mDeprecation[0m [1m[35m[plugin angular-sass][0m
2025-04-16T02:51:00.4045629Z 
2025-04-16T02:51:00.4045872Z     src/app/core/design/components.scss:381:20:
2025-04-16T02:51:00.4046692Z [37m      381 │   background-color: [32m[37mlighten($warning, 40%);
2025-04-16T02:51:00.4047347Z           ╵                     [32m^[0m
2025-04-16T02:51:00.4047623Z 
2025-04-16T02:51:00.4047630Z 
2025-04-16T02:51:00.4048063Z   Global built-in functions are deprecated and will be removed in Dart Sass 3.0.0.
2025-04-16T02:51:00.4048712Z   Use color.adjust instead.
2025-04-16T02:51:00.4049052Z   
2025-04-16T02:51:00.4049687Z   More info and automated migrator: [4mhttps://sass-lang.com/d/import[0m
2025-04-16T02:51:00.4050177Z 
2025-04-16T02:51:00.4050185Z 
2025-04-16T02:51:00.4050868Z [33m▲ [43;33m[[43;30mWARNING[43;33m][0m [1mDeprecation[0m [1m[35m[plugin angular-sass][0m
2025-04-16T02:51:00.4051570Z 
2025-04-16T02:51:00.4051802Z     src/app/core/design/components.scss:381:20:
2025-04-16T02:51:00.4052615Z [37m      381 │   background-color: [32m[37mlighten($warning, 40%);
2025-04-16T02:51:00.4053502Z           ╵                     [32m^[0m
2025-04-16T02:51:00.4053780Z 
2025-04-16T02:51:00.4053788Z 
2025-04-16T02:51:00.4053997Z   lighten() is deprecated. Suggestions:
2025-04-16T02:51:00.4054382Z   
2025-04-16T02:51:00.4054750Z   color.scale($color, $lightness: 82.2580645161%)
2025-04-16T02:51:00.4055271Z   color.adjust($color, $lightness: 40%)
2025-04-16T02:51:00.4055656Z   
2025-04-16T02:51:00.4056197Z   More info: [4mhttps://sass-lang.com/d/color-functions[0m
2025-04-16T02:51:00.4056589Z 
2025-04-16T02:51:00.4056597Z 
2025-04-16T02:51:00.4057293Z [33m▲ [43;33m[[43;30mWARNING[43;33m][0m [1mDeprecation[0m [1m[35m[plugin angular-sass][0m
2025-04-16T02:51:00.4057792Z 
2025-04-16T02:51:00.4058016Z     src/app/core/design/components.scss:381:20:
2025-04-16T02:51:00.4058829Z [37m      381 │   background-color: [32m[37mlighten($warning, 40%);
2025-04-16T02:51:00.4059474Z           ╵                     [32m^[0m
2025-04-16T02:51:00.4059732Z 
2025-04-16T02:51:00.4059740Z 
2025-04-16T02:51:00.4060171Z   Global built-in functions are deprecated and will be removed in Dart Sass 3.0.0.
2025-04-16T02:51:00.4060807Z   Use color.adjust instead.
2025-04-16T02:51:00.4061136Z   
2025-04-16T02:51:00.4061771Z   More info and automated migrator: [4mhttps://sass-lang.com/d/import[0m
2025-04-16T02:51:00.4062231Z 
2025-04-16T02:51:00.4062239Z 
2025-04-16T02:51:00.4062920Z [33m▲ [43;33m[[43;30mWARNING[43;33m][0m [1mDeprecation[0m [1m[35m[plugin angular-sass][0m
2025-04-16T02:51:00.4063665Z 
2025-04-16T02:51:00.4063909Z     src/app/core/design/components.scss:381:20:
2025-04-16T02:51:00.4064751Z [37m      381 │   background-color: [32m[37mlighten($warning, 40%);
2025-04-16T02:51:00.4065415Z           ╵                     [32m^[0m
2025-04-16T02:51:00.4065698Z 
2025-04-16T02:51:00.4065705Z 
2025-04-16T02:51:00.4065905Z   lighten() is deprecated. Suggestions:
2025-04-16T02:51:00.4066293Z   
2025-04-16T02:51:00.4066651Z   color.scale($color, $lightness: 82.2580645161%)
2025-04-16T02:51:00.4067172Z   color.adjust($color, $lightness: 40%)
2025-04-16T02:51:00.4067541Z   
2025-04-16T02:51:00.4068097Z   More info: [4mhttps://sass-lang.com/d/color-functions[0m
2025-04-16T02:51:00.4068498Z 
2025-04-16T02:51:00.4068505Z 
2025-04-16T02:51:00.4069178Z [33m▲ [43;33m[[43;30mWARNING[43;33m][0m [1mDeprecation[0m [1m[35m[plugin angular-sass][0m
2025-04-16T02:51:00.4069888Z 
2025-04-16T02:51:00.4070102Z     src/app/core/design/main.scss:8:8:
2025-04-16T02:51:00.4086741Z [37m      8 │ @import [32m[37m'design-tokens';
2025-04-16T02:51:00.4087274Z         ╵         [32m^[0m
2025-04-16T02:51:00.4087725Z 
2025-04-16T02:51:00.4087737Z 
2025-04-16T02:51:00.4088145Z   Sass @import rules are deprecated and will be removed in Dart Sass 3.0.0.
2025-04-16T02:51:00.4088732Z   
2025-04-16T02:51:00.4089404Z   More info and automated migrator: [4mhttps://sass-lang.com/d/import[0m
2025-04-16T02:51:00.4089885Z 
2025-04-16T02:51:00.4089893Z 
2025-04-16T02:51:00.4090581Z [33m▲ [43;33m[[43;30mWARNING[43;33m][0m [1mDeprecation[0m [1m[35m[plugin angular-sass][0m
2025-04-16T02:51:00.4091090Z 
2025-04-16T02:51:00.4091297Z     src/app/core/design/main.scss:8:8:
2025-04-16T02:51:00.4091931Z [37m      8 │ @import [32m[37m'design-tokens';
2025-04-16T02:51:00.4092435Z         ╵         [32m^[0m
2025-04-16T02:51:00.4092657Z 
2025-04-16T02:51:00.4092673Z 
2025-04-16T02:51:00.4093057Z   Sass @import rules are deprecated and will be removed in Dart Sass 3.0.0.
2025-04-16T02:51:00.4093924Z   
2025-04-16T02:51:00.4094586Z   More info and automated migrator: [4mhttps://sass-lang.com/d/import[0m
2025-04-16T02:51:00.4095086Z 
2025-04-16T02:51:00.4095095Z 
2025-04-16T02:51:00.4095784Z [33m▲ [43;33m[[43;30mWARNING[43;33m][0m [1mDeprecation[0m [1m[35m[plugin angular-sass][0m
2025-04-16T02:51:00.4096541Z 
2025-04-16T02:51:00.4096742Z     src/app/core/design/main.scss:9:8:
2025-04-16T02:51:00.4097387Z [37m      9 │ @import [32m[37m'components';
2025-04-16T02:51:00.4097869Z         ╵         [32m^[0m
2025-04-16T02:51:00.4098098Z 
2025-04-16T02:51:00.4098106Z 
2025-04-16T02:51:00.4098492Z   Sass @import rules are deprecated and will be removed in Dart Sass 3.0.0.
2025-04-16T02:51:00.4099044Z   
2025-04-16T02:51:00.4099680Z   More info and automated migrator: [4mhttps://sass-lang.com/d/import[0m
2025-04-16T02:51:00.4100148Z 
2025-04-16T02:51:00.4100155Z 
2025-04-16T02:51:00.4100836Z [33m▲ [43;33m[[43;30mWARNING[43;33m][0m [1mDeprecation[0m [1m[35m[plugin angular-sass][0m
2025-04-16T02:51:00.4101327Z 
2025-04-16T02:51:00.4101527Z     src/app/core/design/main.scss:9:8:
2025-04-16T02:51:00.4102146Z [37m      9 │ @import [32m[37m'components';
2025-04-16T02:51:00.4102619Z         ╵         [32m^[0m
2025-04-16T02:51:00.4102852Z 
2025-04-16T02:51:00.4102875Z 
2025-04-16T02:51:00.4103433Z   Sass @import rules are deprecated and will be removed in Dart Sass 3.0.0.
2025-04-16T02:51:00.4103988Z   
2025-04-16T02:51:00.4104610Z   More info and automated migrator: [4mhttps://sass-lang.com/d/import[0m
2025-04-16T02:51:00.4105023Z 
2025-04-16T02:51:00.4105031Z 
2025-04-16T02:51:00.4105712Z [33m▲ [43;33m[[43;30mWARNING[43;33m][0m [1mDeprecation[0m [1m[35m[plugin angular-sass][0m
2025-04-16T02:51:00.4106211Z 
2025-04-16T02:51:00.4106410Z     src/app/core/design/main.scss:190:18:
2025-04-16T02:51:00.4107197Z [37m      190 │   margin-right: -([32m[37m$grid-gutter-width / 2);
2025-04-16T02:51:00.4107842Z           ╵                   [32m^[0m
2025-04-16T02:51:00.4108110Z 
2025-04-16T02:51:00.4108125Z 
2025-04-16T02:51:00.4108615Z   Using / for division outside of calc() is deprecated and will be removed in Dart Sass 2.0.0.
2025-04-16T02:51:00.4109256Z   
2025-04-16T02:51:00.4109827Z   Recommendation: math.div($grid-gutter-width, 2) or calc($grid-gutter-width / 2)
2025-04-16T02:51:00.4110452Z   
2025-04-16T02:51:00.4111113Z   More info and automated migrator: [4mhttps://sass-lang.com/d/slash-div[0m
2025-04-16T02:51:00.4111599Z 
2025-04-16T02:51:00.4111607Z 
2025-04-16T02:51:00.4112293Z [33m▲ [43;33m[[43;30mWARNING[43;33m][0m [1mDeprecation[0m [1m[35m[plugin angular-sass][0m
2025-04-16T02:51:00.4112797Z 
2025-04-16T02:51:00.4113001Z     src/app/core/design/main.scss:190:18:
2025-04-16T02:51:00.4114029Z [37m      190 │   margin-right: -([32m[37m$grid-gutter-width / 2);
2025-04-16T02:51:00.4114654Z           ╵                   [32m^[0m
2025-04-16T02:51:00.4114928Z 
2025-04-16T02:51:00.4114936Z 
2025-04-16T02:51:00.4115420Z   Using / for division outside of calc() is deprecated and will be removed in Dart Sass 2.0.0.
2025-04-16T02:51:00.4116049Z   
2025-04-16T02:51:00.4116814Z   Recommendation: math.div($grid-gutter-width, 2) or calc($grid-gutter-width / 2)
2025-04-16T02:51:00.4117439Z   
2025-04-16T02:51:00.4118104Z   More info and automated migrator: [4mhttps://sass-lang.com/d/slash-div[0m
2025-04-16T02:51:00.4118604Z 
2025-04-16T02:51:00.4118611Z 
2025-04-16T02:51:00.4119287Z [33m▲ [43;33m[[43;30mWARNING[43;33m][0m [1mDeprecation[0m [1m[35m[plugin angular-sass][0m
2025-04-16T02:51:00.4119788Z 
2025-04-16T02:51:00.4120001Z     src/app/core/design/main.scss:191:17:
2025-04-16T02:51:00.4120770Z [37m      191 │   margin-left: -([32m[37m$grid-gutter-width / 2);
2025-04-16T02:51:00.4121383Z           ╵                  [32m^[0m
2025-04-16T02:51:00.4121655Z 
2025-04-16T02:51:00.4121662Z 
2025-04-16T02:51:00.4122145Z   Using / for division outside of calc() is deprecated and will be removed in Dart Sass 2.0.0.
2025-04-16T02:51:00.4122779Z   
2025-04-16T02:51:00.4123530Z   Recommendation: math.div($grid-gutter-width, 2) or calc($grid-gutter-width / 2)
2025-04-16T02:51:00.4124143Z   
2025-04-16T02:51:00.4124826Z   More info and automated migrator: [4mhttps://sass-lang.com/d/slash-div[0m
2025-04-16T02:51:00.4125315Z 
2025-04-16T02:51:00.4127457Z 
2025-04-16T02:51:00.4128242Z [33m▲ [43;33m[[43;30mWARNING[43;33m][0m [1mDeprecation[0m [1m[35m[plugin angular-sass][0m
2025-04-16T02:51:00.4128778Z 
2025-04-16T02:51:00.4128992Z     src/app/core/design/main.scss:191:17:
2025-04-16T02:51:00.4129785Z [37m      191 │   margin-left: -([32m[37m$grid-gutter-width / 2);
2025-04-16T02:51:00.4130415Z           ╵                  [32m^[0m
2025-04-16T02:51:00.4130679Z 
2025-04-16T02:51:00.4130687Z 
2025-04-16T02:51:00.4131181Z   Using / for division outside of calc() is deprecated and will be removed in Dart Sass 2.0.0.
2025-04-16T02:51:00.4131810Z   
2025-04-16T02:51:00.4132392Z   Recommendation: math.div($grid-gutter-width, 2) or calc($grid-gutter-width / 2)
2025-04-16T02:51:00.4132996Z   
2025-04-16T02:51:00.4133965Z   More info and automated migrator: [4mhttps://sass-lang.com/d/slash-div[0m
2025-04-16T02:51:00.4134467Z 
2025-04-16T02:51:00.4134477Z 
2025-04-16T02:51:00.4135167Z [33m▲ [43;33m[[43;30mWARNING[43;33m][0m [1mDeprecation[0m [1m[35m[plugin angular-sass][0m
2025-04-16T02:51:00.4135690Z 
2025-04-16T02:51:00.4135892Z     src/app/core/design/main.scss:198:18:
2025-04-16T02:51:00.4136667Z [37m      198 │   padding-right: ([32m[37m$grid-gutter-width / 2);
2025-04-16T02:51:00.4137300Z           ╵                   [32m^[0m
2025-04-16T02:51:00.4137571Z 
2025-04-16T02:51:00.4137578Z 
2025-04-16T02:51:00.4138071Z   Using / for division outside of calc() is deprecated and will be removed in Dart Sass 2.0.0.
2025-04-16T02:51:00.4138700Z   
2025-04-16T02:51:00.4139272Z   Recommendation: math.div($grid-gutter-width, 2) or calc($grid-gutter-width / 2)
2025-04-16T02:51:00.4139886Z   
2025-04-16T02:51:00.4140543Z   More info and automated migrator: [4mhttps://sass-lang.com/d/slash-div[0m
2025-04-16T02:51:00.4141023Z 
2025-04-16T02:51:00.4141031Z 
2025-04-16T02:51:00.4141723Z [33m▲ [43;33m[[43;30mWARNING[43;33m][0m [1mDeprecation[0m [1m[35m[plugin angular-sass][0m
2025-04-16T02:51:00.4142208Z 
2025-04-16T02:51:00.4142417Z     src/app/core/design/main.scss:198:18:
2025-04-16T02:51:00.4143470Z [37m      198 │   padding-right: ([32m[37m$grid-gutter-width / 2);
2025-04-16T02:51:00.4144131Z           ╵                   [32m^[0m
2025-04-16T02:51:00.4144404Z 
2025-04-16T02:51:00.4144412Z 
2025-04-16T02:51:00.4144897Z   Using / for division outside of calc() is deprecated and will be removed in Dart Sass 2.0.0.
2025-04-16T02:51:00.4145530Z   
2025-04-16T02:51:00.4146098Z   Recommendation: math.div($grid-gutter-width, 2) or calc($grid-gutter-width / 2)
2025-04-16T02:51:00.4146705Z   
2025-04-16T02:51:00.4147363Z   More info and automated migrator: [4mhttps://sass-lang.com/d/slash-div[0m
2025-04-16T02:51:00.4147839Z 
2025-04-16T02:51:00.4147847Z 
2025-04-16T02:51:00.4148529Z [33m▲ [43;33m[[43;30mWARNING[43;33m][0m [1mDeprecation[0m [1m[35m[plugin angular-sass][0m
2025-04-16T02:51:00.4149214Z 
2025-04-16T02:51:00.4149430Z     src/app/core/design/main.scss:199:17:
2025-04-16T02:51:00.4150195Z [37m      199 │   padding-left: ([32m[37m$grid-gutter-width / 2);
2025-04-16T02:51:00.4150834Z           ╵                  [32m^[0m
2025-04-16T02:51:00.4151103Z 
2025-04-16T02:51:00.4151111Z 
2025-04-16T02:51:00.4151586Z   Using / for division outside of calc() is deprecated and will be removed in Dart Sass 2.0.0.
2025-04-16T02:51:00.4152217Z   
2025-04-16T02:51:00.4152784Z   Recommendation: math.div($grid-gutter-width, 2) or calc($grid-gutter-width / 2)
2025-04-16T02:51:00.4153630Z   
2025-04-16T02:51:00.4154316Z   More info and automated migrator: [4mhttps://sass-lang.com/d/slash-div[0m
2025-04-16T02:51:00.4154806Z 
2025-04-16T02:51:00.4154815Z 
2025-04-16T02:51:00.4155493Z [33m▲ [43;33m[[43;30mWARNING[43;33m][0m [1mDeprecation[0m [1m[35m[plugin angular-sass][0m
2025-04-16T02:51:00.4155996Z 
2025-04-16T02:51:00.4156202Z     src/app/core/design/main.scss:199:17:
2025-04-16T02:51:00.4156968Z [37m      199 │   padding-left: ([32m[37m$grid-gutter-width / 2);
2025-04-16T02:51:00.4157596Z           ╵                  [32m^[0m
2025-04-16T02:51:00.4158056Z 
2025-04-16T02:51:00.4158063Z 
2025-04-16T02:51:00.4158538Z   Using / for division outside of calc() is deprecated and will be removed in Dart Sass 2.0.0.
2025-04-16T02:51:00.4159179Z   
2025-04-16T02:51:00.4159754Z   Recommendation: math.div($grid-gutter-width, 2) or calc($grid-gutter-width / 2)
2025-04-16T02:51:00.4160365Z   
2025-04-16T02:51:00.4161023Z   More info and automated migrator: [4mhttps://sass-lang.com/d/slash-div[0m
2025-04-16T02:51:00.4161502Z 
2025-04-16T02:51:00.4161510Z 
2025-04-16T02:51:00.4162182Z [33m▲ [43;33m[[43;30mWARNING[43;33m][0m [1mDeprecation[0m [1m[35m[plugin angular-sass][0m
2025-04-16T02:51:00.4162684Z 
2025-04-16T02:51:00.4162883Z     src/app/core/design/main.scss:204:25:
2025-04-16T02:51:00.4163834Z [37m      204 │     flex: 0 0 percentage([32m[37m$i / $grid-columns);
2025-04-16T02:51:00.4164497Z           ╵                          [32m^[0m
2025-04-16T02:51:00.4164770Z 
2025-04-16T02:51:00.4164778Z 
2025-04-16T02:51:00.4165281Z   Using / for division outside of calc() is deprecated and will be removed in Dart Sass 2.0.0.
2025-04-16T02:51:00.4165915Z   
2025-04-16T02:51:00.4166425Z   Recommendation: math.div($i, $grid-columns) or calc($i / $grid-columns)
2025-04-16T02:51:00.4166969Z   
2025-04-16T02:51:00.4167609Z   More info and automated migrator: [4mhttps://sass-lang.com/d/slash-div[0m
2025-04-16T02:51:00.4168091Z 
2025-04-16T02:51:00.4168099Z 
2025-04-16T02:51:00.4168786Z [33m▲ [43;33m[[43;30mWARNING[43;33m][0m [1mDeprecation[0m [1m[35m[plugin angular-sass][0m
2025-04-16T02:51:00.4169288Z 
2025-04-16T02:51:00.4169495Z     src/app/core/design/main.scss:204:25:
2025-04-16T02:51:00.4170256Z [37m      204 │     flex: 0 0 percentage([32m[37m$i / $grid-columns);
2025-04-16T02:51:00.4199130Z           ╵                          [32m^[0m
2025-04-16T02:51:00.4199429Z 
2025-04-16T02:51:00.4199457Z 
2025-04-16T02:51:00.4199958Z   Using / for division outside of calc() is deprecated and will be removed in Dart Sass 2.0.0.
2025-04-16T02:51:00.4200619Z   
2025-04-16T02:51:00.4201157Z   Recommendation: math.div($i, $grid-columns) or calc($i / $grid-columns)
2025-04-16T02:51:00.4201719Z   
2025-04-16T02:51:00.4202400Z   More info and automated migrator: [4mhttps://sass-lang.com/d/slash-div[0m
2025-04-16T02:51:00.4202893Z 
2025-04-16T02:51:00.4202902Z 
2025-04-16T02:51:00.4203794Z [33m▲ [43;33m[[43;30mWARNING[43;33m][0m [1mDeprecation[0m [1m[35m[plugin angular-sass][0m
2025-04-16T02:51:00.4204298Z 
2025-04-16T02:51:00.4204611Z     src/app/features/auth/login/login.component.scss:1:8:
2025-04-16T02:51:00.4205485Z [37m      1 │ @import [32m[37m'../../../core/design/design-tokens';
2025-04-16T02:51:00.4206045Z         ╵         [32m^[0m
2025-04-16T02:51:00.4206274Z 
2025-04-16T02:51:00.4206283Z 
2025-04-16T02:51:00.4206892Z   Sass @import rules are deprecated and will be removed in Dart Sass 3.0.0.
2025-04-16T02:51:00.4207458Z   
2025-04-16T02:51:00.4208110Z   More info and automated migrator: [4mhttps://sass-lang.com/d/import[0m
2025-04-16T02:51:00.4208593Z 
2025-04-16T02:51:00.4208601Z 
2025-04-16T02:51:00.4209283Z [33m▲ [43;33m[[43;30mWARNING[43;33m][0m [1mDeprecation[0m [1m[35m[plugin angular-sass][0m
2025-04-16T02:51:00.4209779Z 
2025-04-16T02:51:00.4210097Z     src/app/features/auth/login/login.component.scss:233:11:
2025-04-16T02:51:00.4210869Z [37m      233 │     color: [32m[37mdarken($success, 10%);
2025-04-16T02:51:00.4211416Z           ╵            [32m^[0m
2025-04-16T02:51:00.4211660Z 
2025-04-16T02:51:00.4211668Z 
2025-04-16T02:51:00.4212107Z   Global built-in functions are deprecated and will be removed in Dart Sass 3.0.0.
2025-04-16T02:51:00.4212768Z   Use color.adjust instead.
2025-04-16T02:51:00.4213303Z   
2025-04-16T02:51:00.4213966Z   More info and automated migrator: [4mhttps://sass-lang.com/d/import[0m
2025-04-16T02:51:00.4214447Z 
2025-04-16T02:51:00.4214468Z 
2025-04-16T02:51:00.4215147Z [33m▲ [43;33m[[43;30mWARNING[43;33m][0m [1mDeprecation[0m [1m[35m[plugin angular-sass][0m
2025-04-16T02:51:00.4215891Z 
2025-04-16T02:51:00.4216204Z     src/app/features/auth/login/login.component.scss:233:11:
2025-04-16T02:51:00.4217011Z [37m      233 │     color: [32m[37mdarken($success, 10%);
2025-04-16T02:51:00.4217568Z           ╵            [32m^[0m
2025-04-16T02:51:00.4217813Z 
2025-04-16T02:51:00.4217821Z 
2025-04-16T02:51:00.4218020Z   darken() is deprecated. Suggestions:
2025-04-16T02:51:00.4218413Z   
2025-04-16T02:51:00.4218810Z   color.scale($color, $lightness: -20.3187250996%)
2025-04-16T02:51:00.4219351Z   color.adjust($color, $lightness: -10%)
2025-04-16T02:51:00.4219743Z   
2025-04-16T02:51:00.4220295Z   More info: [4mhttps://sass-lang.com/d/color-functions[0m
2025-04-16T02:51:00.4220699Z 
2025-04-16T02:51:00.4220707Z 
2025-04-16T02:51:00.4221399Z [33m▲ [43;33m[[43;30mWARNING[43;33m][0m [1mDeprecation[0m [1m[35m[plugin angular-sass][0m
2025-04-16T02:51:00.4221900Z 
2025-04-16T02:51:00.4222160Z     src/app/features/chat/chat.component.scss:1:8:
2025-04-16T02:51:00.4222965Z [37m      1 │ @import [32m[37m'../../core/design/design-tokens';
2025-04-16T02:51:00.4223705Z         ╵         [32m^[0m
2025-04-16T02:51:00.4223949Z 
2025-04-16T02:51:00.4223957Z 
2025-04-16T02:51:00.4224342Z   Sass @import rules are deprecated and will be removed in Dart Sass 3.0.0.
2025-04-16T02:51:00.4224906Z   
2025-04-16T02:51:00.4225553Z   More info and automated migrator: [4mhttps://sass-lang.com/d/import[0m
2025-04-16T02:51:00.4226025Z 
2025-04-16T02:51:00.4226033Z 
2025-04-16T02:51:00.4226721Z [33m▲ [43;33m[[43;30mWARNING[43;33m][0m [1mDeprecation[0m [1m[35m[plugin angular-sass][0m
2025-04-16T02:51:00.4227217Z 
2025-04-16T02:51:00.4227536Z     src/app/features/list-view/list-view.component.scss:1:8:
2025-04-16T02:51:00.4228401Z [37m      1 │ @import [32m[37m'../../core/design/design-tokens';
2025-04-16T02:51:00.4228983Z         ╵         [32m^[0m
2025-04-16T02:51:00.4229212Z 
2025-04-16T02:51:00.4229219Z 
2025-04-16T02:51:00.4229603Z   Sass @import rules are deprecated and will be removed in Dart Sass 3.0.0.
2025-04-16T02:51:00.4230177Z   
2025-04-16T02:51:00.4230820Z   More info and automated migrator: [4mhttps://sass-lang.com/d/import[0m
2025-04-16T02:51:00.4231287Z 
2025-04-16T02:51:00.4231295Z 
2025-04-16T02:51:00.4232554Z [33m▲ [43;33m[[43;30mWARNING[43;33m][0m [1mTS-998113: AdCardComponent is not used within the template of ListViewComponent[0m [1m[35m[plugin angular-compiler][0m
2025-04-16T02:51:00.4233604Z 
2025-04-16T02:51:00.4233922Z     src/app/features/list-view/list-view.component.ts:86:4:
2025-04-16T02:51:00.4234668Z [37m      86 │     [32mAdCardComponent[37m,
2025-04-16T02:51:00.4235216Z          ╵     [32m~~~~~~~~~~~~~~~[0m
2025-04-16T02:51:00.4235480Z 
2025-04-16T02:51:00.4235488Z 
2025-04-16T02:51:00.4236395Z [33m▲ [43;33m[[43;30mWARNING[43;33m][0m [1mDeprecation[0m [1m[35m[plugin angular-sass][0m
2025-04-16T02:51:00.4236923Z 
2025-04-16T02:51:00.4237304Z     src/app/features/netflix-view/netflix-view.component.scss:1:8:
2025-04-16T02:51:00.4238205Z [37m      1 │ @import [32m[37m'../../core/design/design-tokens';
2025-04-16T02:51:00.4238756Z         ╵         [32m^[0m
2025-04-16T02:51:00.4238981Z 
2025-04-16T02:51:00.4238988Z 
2025-04-16T02:51:00.4239365Z   Sass @import rules are deprecated and will be removed in Dart Sass 3.0.0.
2025-04-16T02:51:00.4239928Z   
2025-04-16T02:51:00.4240548Z   More info and automated migrator: [4mhttps://sass-lang.com/d/import[0m
2025-04-16T02:51:00.4241024Z 
2025-04-16T02:51:00.4241031Z 
2025-04-16T02:51:00.4241705Z [33m▲ [43;33m[[43;30mWARNING[43;33m][0m [1mDeprecation[0m [1m[35m[plugin angular-sass][0m
2025-04-16T02:51:00.4242206Z 
2025-04-16T02:51:00.4242481Z     src/app/features/tinder/tinder.component.scss:1:8:
2025-04-16T02:51:00.4243502Z [37m      1 │ @import [32m[37m'../../../../styles/variables';
2025-04-16T02:51:00.4244086Z         ╵         [32m^[0m
2025-04-16T02:51:00.4244311Z 
2025-04-16T02:51:00.4244319Z 
2025-04-16T02:51:00.4244703Z   Sass @import rules are deprecated and will be removed in Dart Sass 3.0.0.
2025-04-16T02:51:00.4245451Z   
2025-04-16T02:51:00.4246103Z   More info and automated migrator: [4mhttps://sass-lang.com/d/import[0m
2025-04-16T02:51:00.4246581Z 
2025-04-16T02:51:00.4246589Z 
2025-04-16T02:51:00.4247256Z [33m▲ [43;33m[[43;30mWARNING[43;33m][0m [1mDeprecation[0m [1m[35m[plugin angular-sass][0m
2025-04-16T02:51:00.4247765Z 
2025-04-16T02:51:00.4248041Z     src/app/features/tinder/tinder.component.scss:2:8:
2025-04-16T02:51:00.4248808Z [37m      2 │ @import [32m[37m'../../../../styles/mixins';
2025-04-16T02:51:00.4249322Z         ╵         [32m^[0m
2025-04-16T02:51:00.4249548Z 
2025-04-16T02:51:00.4249555Z 
2025-04-16T02:51:00.4249934Z   Sass @import rules are deprecated and will be removed in Dart Sass 3.0.0.
2025-04-16T02:51:00.4250498Z   
2025-04-16T02:51:00.4251153Z   More info and automated migrator: [4mhttps://sass-lang.com/d/import[0m
2025-04-16T02:51:00.4251624Z 
2025-04-16T02:51:00.4251632Z 
2025-04-16T02:51:00.4252905Z [33m▲ [43;33m[[43;30mWARNING[43;33m][0m [1mTS-998113: LabelComponent is not used within the template of TinderComponent[0m [1m[35m[plugin angular-compiler][0m
2025-04-16T02:51:00.4253953Z 
2025-04-16T02:51:00.4254245Z     src/app/features/tinder/tinder.component.ts:46:4:
2025-04-16T02:51:00.4254932Z [37m      46 │     [32mLabelComponent[37m
2025-04-16T02:51:00.4255486Z          ╵     [32m~~~~~~~~~~~~~~[0m
2025-04-16T02:51:00.4255757Z 
2025-04-16T02:51:00.4255764Z 
2025-04-16T02:51:00.4256450Z [33m▲ [43;33m[[43;30mWARNING[43;33m][0m [1mDeprecation[0m [1m[35m[plugin angular-sass][0m
2025-04-16T02:51:00.4256958Z 
2025-04-16T02:51:00.4257226Z     src/app/features/wallet/wallet.component.scss:1:8:
2025-04-16T02:51:00.4258125Z [37m      1 │ @import [32m[37m'../../../app/core/design/design-tokens.scss';
2025-04-16T02:51:00.4258747Z         ╵         [32m^[0m
2025-04-16T02:51:00.4258975Z 
2025-04-16T02:51:00.4258982Z 
2025-04-16T02:51:00.4259363Z   Sass @import rules are deprecated and will be removed in Dart Sass 3.0.0.
2025-04-16T02:51:00.4259938Z   
2025-04-16T02:51:00.4260584Z   More info and automated migrator: [4mhttps://sass-lang.com/d/import[0m
2025-04-16T02:51:00.4261038Z 
2025-04-16T02:51:00.4261046Z 
2025-04-16T02:51:00.4261720Z [33m▲ [43;33m[[43;30mWARNING[43;33m][0m [1mDeprecation[0m [1m[35m[plugin angular-sass][0m
2025-04-16T02:51:00.4262211Z 
2025-04-16T02:51:00.4262570Z     src/app/shared/components/ad-card/ad-card.component.scss:1:8:
2025-04-16T02:51:00.4263700Z [37m      1 │ @import [32m[37m'../../../core/design/design-tokens';
2025-04-16T02:51:00.4264286Z         ╵         [32m^[0m
2025-04-16T02:51:00.4264521Z 
2025-04-16T02:51:00.4264528Z 
2025-04-16T02:51:00.4264913Z   Sass @import rules are deprecated and will be removed in Dart Sass 3.0.0.
2025-04-16T02:51:00.4265476Z   
2025-04-16T02:51:00.4266319Z   More info and automated migrator: [4mhttps://sass-lang.com/d/import[0m
2025-04-16T02:51:00.4266811Z 
2025-04-16T02:51:00.4266819Z 
2025-04-16T02:51:00.4267530Z [33m▲ [43;33m[[43;30mWARNING[43;33m][0m [1mDeprecation[0m [1m[35m[plugin angular-sass][0m
2025-04-16T02:51:00.4268034Z 
2025-04-16T02:51:00.4268448Z     src/app/shared/components/main-layout/main-layout.component.scss:1:8:
2025-04-16T02:51:00.4269408Z [37m      1 │ @import [32m[37m'../../../core/design/design-tokens';
2025-04-16T02:51:00.4269967Z         ╵         [32m^[0m
2025-04-16T02:51:00.4270192Z 
2025-04-16T02:51:00.4270200Z 
2025-04-16T02:51:00.4270583Z   Sass @import rules are deprecated and will be removed in Dart Sass 3.0.0.
2025-04-16T02:51:00.4271134Z   
2025-04-16T02:51:00.4271776Z   More info and automated migrator: [4mhttps://sass-lang.com/d/import[0m
2025-04-16T02:51:00.4272235Z 
2025-04-16T02:51:00.4272243Z 
2025-04-16T02:51:00.4272934Z [33m▲ [43;33m[[43;30mWARNING[43;33m][0m [1mDeprecation[0m [1m[35m[plugin angular-sass][0m
2025-04-16T02:51:00.4273612Z 
2025-04-16T02:51:00.4274050Z     src/app/shared/emerald/components/app-card/app-card.component.scss:1:8:
2025-04-16T02:51:00.4275289Z [37m      1 │ @import [32m[37m'../../../../../app/core/design/design-tokens';
2025-04-16T02:51:00.4275888Z         ╵         [32m^[0m
2025-04-16T02:51:00.4276122Z 
2025-04-16T02:51:00.4276129Z 
2025-04-16T02:51:00.4276508Z   Sass @import rules are deprecated and will be removed in Dart Sass 3.0.0.
2025-04-16T02:51:00.4277065Z   
2025-04-16T02:51:00.4277699Z   More info and automated migrator: [4mhttps://sass-lang.com/d/import[0m
2025-04-16T02:51:00.4278167Z 
2025-04-16T02:51:00.4278175Z 
2025-04-16T02:51:00.4278857Z [33m▲ [43;33m[[43;30mWARNING[43;33m][0m [1mDeprecation[0m [1m[35m[plugin angular-sass][0m
2025-04-16T02:51:00.4279372Z 
2025-04-16T02:51:00.4279822Z     src/app/shared/emerald/components/app-card/app-card.component.scss:231:26:
2025-04-16T02:51:00.4280848Z [37m      231 │         background-color: [32m[37mdarken($danger, 10%);
2025-04-16T02:51:00.4281516Z           ╵                           [32m^[0m
2025-04-16T02:51:00.4281808Z 
2025-04-16T02:51:00.4281816Z 
2025-04-16T02:51:00.4282259Z   Global built-in functions are deprecated and will be removed in Dart Sass 3.0.0.
2025-04-16T02:51:00.4282902Z   Use color.adjust instead.
2025-04-16T02:51:00.4283479Z   
2025-04-16T02:51:00.4284179Z   More info and automated migrator: [4mhttps://sass-lang.com/d/import[0m
2025-04-16T02:51:00.4284650Z 
2025-04-16T02:51:00.4284670Z 
2025-04-16T02:51:00.4285353Z [33m▲ [43;33m[[43;30mWARNING[43;33m][0m [1mDeprecation[0m [1m[35m[plugin angular-sass][0m
2025-04-16T02:51:00.4285856Z 
2025-04-16T02:51:00.4286316Z     src/app/shared/emerald/components/app-card/app-card.component.scss:231:26:
2025-04-16T02:51:00.4287379Z [37m      231 │         background-color: [32m[37mdarken($danger, 10%);
2025-04-16T02:51:00.4288023Z           ╵                           [32m^[0m
2025-04-16T02:51:00.4288311Z 
2025-04-16T02:51:00.4288333Z 
2025-04-16T02:51:00.4288536Z   darken() is deprecated. Suggestions:
2025-04-16T02:51:00.4288928Z   
2025-04-16T02:51:00.4289321Z   color.scale($color, $lightness: -17.1140939597%)
2025-04-16T02:51:00.4289855Z   color.adjust($color, $lightness: -10%)
2025-04-16T02:51:00.4290252Z   
2025-04-16T02:51:00.4290795Z   More info: [4mhttps://sass-lang.com/d/color-functions[0m
2025-04-16T02:51:00.4291194Z 
2025-04-16T02:51:00.4291202Z 
2025-04-16T02:51:00.4291888Z [33m▲ [43;33m[[43;30mWARNING[43;33m][0m [1mDeprecation[0m [1m[35m[plugin angular-sass][0m
2025-04-16T02:51:00.4292383Z 
2025-04-16T02:51:00.4292844Z     src/app/shared/emerald/components/app-card/app-card.component.scss:240:26:
2025-04-16T02:51:00.4294040Z [37m      240 │         background-color: [32m[37mdarken($primary, 10%);
2025-04-16T02:51:00.4294708Z           ╵                           [32m^[0m
2025-04-16T02:51:00.4294991Z 
2025-04-16T02:51:00.4294999Z 
2025-04-16T02:51:00.4295644Z   Global built-in functions are deprecated and will be removed in Dart Sass 3.0.0.
2025-04-16T02:51:00.4296319Z   Use color.adjust instead.
2025-04-16T02:51:00.4296660Z   
2025-04-16T02:51:00.4297316Z   More info and automated migrator: [4mhttps://sass-lang.com/d/import[0m
2025-04-16T02:51:00.4297793Z 
2025-04-16T02:51:00.4297801Z 
2025-04-16T02:51:00.4298475Z [33m▲ [43;33m[[43;30mWARNING[43;33m][0m [1mDeprecation[0m [1m[35m[plugin angular-sass][0m
2025-04-16T02:51:00.4298991Z 
2025-04-16T02:51:00.4299438Z     src/app/shared/emerald/components/app-card/app-card.component.scss:240:26:
2025-04-16T02:51:00.4300459Z [37m      240 │         background-color: [32m[37mdarken($primary, 10%);
2025-04-16T02:51:00.4301120Z           ╵                           [32m^[0m
2025-04-16T02:51:00.4301405Z 
2025-04-16T02:51:00.4301414Z 
2025-04-16T02:51:00.4301623Z   darken() is deprecated. Suggestions:
2025-04-16T02:51:00.4302005Z   
2025-04-16T02:51:00.4302380Z   color.scale($color, $lightness: -18.1494661922%)
2025-04-16T02:51:00.4302968Z   color.adjust($color, $lightness: -10%)
2025-04-16T02:51:00.4303616Z   
2025-04-16T02:51:00.4304167Z   More info: [4mhttps://sass-lang.com/d/color-functions[0m
2025-04-16T02:51:00.4304758Z 
2025-04-16T02:51:00.4304766Z 
2025-04-16T02:51:00.4305456Z [33m▲ [43;33m[[43;30mWARNING[43;33m][0m [1mDeprecation[0m [1m[35m[plugin angular-sass][0m
2025-04-16T02:51:00.4305974Z 
2025-04-16T02:51:00.4306424Z     src/app/shared/emerald/components/app-card/app-card.component.scss:275:26:
2025-04-16T02:51:00.4307441Z [37m      275 │         background-color: [32m[37mdarken($danger, 10%);
2025-04-16T02:51:00.4308095Z           ╵                           [32m^[0m
2025-04-16T02:51:00.4308377Z 
2025-04-16T02:51:00.4308385Z 
2025-04-16T02:51:00.4308815Z   Global built-in functions are deprecated and will be removed in Dart Sass 3.0.0.
2025-04-16T02:51:00.4309449Z   Use color.adjust instead.
2025-04-16T02:51:00.4309790Z   
2025-04-16T02:51:00.4310450Z   More info and automated migrator: [4mhttps://sass-lang.com/d/import[0m
2025-04-16T02:51:00.4310924Z 
2025-04-16T02:51:00.4310932Z 
2025-04-16T02:51:00.4311622Z [33m▲ [43;33m[[43;30mWARNING[43;33m][0m [1mDeprecation[0m [1m[35m[plugin angular-sass][0m
2025-04-16T02:51:00.4312132Z 
2025-04-16T02:51:00.4312580Z     src/app/shared/emerald/components/app-card/app-card.component.scss:275:26:
2025-04-16T02:51:00.4313777Z [37m      275 │         background-color: [32m[37mdarken($danger, 10%);
2025-04-16T02:51:00.4314435Z           ╵                           [32m^[0m
2025-04-16T02:51:00.4314719Z 
2025-04-16T02:51:00.4314727Z 
2025-04-16T02:51:00.4314929Z   darken() is deprecated. Suggestions:
2025-04-16T02:51:00.4315328Z   
2025-04-16T02:51:00.4315705Z   color.scale($color, $lightness: -17.1140939597%)
2025-04-16T02:51:00.4316231Z   color.adjust($color, $lightness: -10%)
2025-04-16T02:51:00.4316627Z   
2025-04-16T02:51:00.4317179Z   More info: [4mhttps://sass-lang.com/d/color-functions[0m
2025-04-16T02:51:00.4317574Z 
2025-04-16T02:51:00.4317582Z 
2025-04-16T02:51:00.4318291Z [33m▲ [43;33m[[43;30mWARNING[43;33m][0m [1mDeprecation[0m [1m[35m[plugin angular-sass][0m
2025-04-16T02:51:00.4318799Z 
2025-04-16T02:51:00.4319250Z     src/app/shared/emerald/components/app-card/app-card.component.scss:288:26:
2025-04-16T02:51:00.4320236Z [37m      288 │         background-color: [32m[37mdarken($success, 10%);
2025-04-16T02:51:00.4320922Z           ╵                           [32m^[0m
2025-04-16T02:51:00.4321213Z 
2025-04-16T02:51:00.4321221Z 
2025-04-16T02:51:00.4321653Z   Global built-in functions are deprecated and will be removed in Dart Sass 3.0.0.
2025-04-16T02:51:00.4322300Z   Use color.adjust instead.
2025-04-16T02:51:00.4322636Z   
2025-04-16T02:51:00.4323507Z   More info and automated migrator: [4mhttps://sass-lang.com/d/import[0m
2025-04-16T02:51:00.4323989Z 
2025-04-16T02:51:00.4323998Z 
2025-04-16T02:51:00.4324695Z [33m▲ [43;33m[[43;30mWARNING[43;33m][0m [1mDeprecation[0m [1m[35m[plugin angular-sass][0m
2025-04-16T02:51:00.4325200Z 
2025-04-16T02:51:00.4325865Z     src/app/shared/emerald/components/app-card/app-card.component.scss:288:26:
2025-04-16T02:51:00.4326902Z [37m      288 │         background-color: [32m[37mdarken($success, 10%);
2025-04-16T02:51:00.4327568Z           ╵                           [32m^[0m
2025-04-16T02:51:00.4327850Z 
2025-04-16T02:51:00.4327858Z 
2025-04-16T02:51:00.4328038Z   darken() is deprecated. Suggestions:
2025-04-16T02:51:00.4328378Z   
2025-04-16T02:51:00.4328740Z   color.scale($color, $lightness: -20.3187250996%)
2025-04-16T02:51:00.4329259Z   color.adjust($color, $lightness: -10%)
2025-04-16T02:51:00.4329647Z   
2025-04-16T02:51:00.4330154Z   More info: [4mhttps://sass-lang.com/d/color-functions[0m
2025-04-16T02:51:00.4330537Z 
2025-04-16T02:51:00.4330546Z 
2025-04-16T02:51:00.4331206Z [33m▲ [43;33m[[43;30mWARNING[43;33m][0m [1mDeprecation[0m [1m[35m[plugin angular-sass][0m
2025-04-16T02:51:00.4331693Z 
2025-04-16T02:51:00.4332105Z     src/app/shared/emerald/components/avatar/avatar.component.scss:1:8:
2025-04-16T02:51:00.4333072Z [37m      1 │ @import [32m[37m'../../../../core/design/design-tokens';
2025-04-16T02:51:00.4334079Z         ╵         [32m^[0m
2025-04-16T02:51:00.4334309Z 
2025-04-16T02:51:00.4334317Z 
2025-04-16T02:51:00.4334711Z   Sass @import rules are deprecated and will be removed in Dart Sass 3.0.0.
2025-04-16T02:51:00.4335278Z   
2025-04-16T02:51:00.4335925Z   More info and automated migrator: [4mhttps://sass-lang.com/d/import[0m
2025-04-16T02:51:00.4336396Z 
2025-04-16T02:51:00.4336404Z 
2025-04-16T02:51:00.4337087Z [33m▲ [43;33m[[43;30mWARNING[43;33m][0m [1mDeprecation[0m [1m[35m[plugin angular-sass][0m
2025-04-16T02:51:00.4337584Z 
2025-04-16T02:51:00.4338032Z     src/app/shared/emerald/components/card-grid/card-grid.component.scss:1:8:
2025-04-16T02:51:00.4339038Z [37m      1 │ @import [32m[37m'../../../../core/design/design-tokens';
2025-04-16T02:51:00.4339599Z         ╵         [32m^[0m
2025-04-16T02:51:00.4339825Z 
2025-04-16T02:51:00.4339846Z 
2025-04-16T02:51:00.4340220Z   Sass @import rules are deprecated and will be removed in Dart Sass 3.0.0.
2025-04-16T02:51:00.4340774Z   
2025-04-16T02:51:00.4341432Z   More info and automated migrator: [4mhttps://sass-lang.com/d/import[0m
2025-04-16T02:51:00.4341886Z 
2025-04-16T02:51:00.4341894Z 
2025-04-16T02:51:00.4342570Z [33m▲ [43;33m[[43;30mWARNING[43;33m][0m [1mDeprecation[0m [1m[35m[plugin angular-sass][0m
2025-04-16T02:51:00.4343049Z 
2025-04-16T02:51:00.4343731Z     src/app/shared/emerald/components/carousel/carousel.component.scss:1:8:
2025-04-16T02:51:00.4344727Z [37m      1 │ @import [32m[37m'../../../../core/design/design-tokens';
2025-04-16T02:51:00.4345280Z         ╵         [32m^[0m
2025-04-16T02:51:00.4345495Z 
2025-04-16T02:51:00.4345503Z 
2025-04-16T02:51:00.4345877Z   Sass @import rules are deprecated and will be removed in Dart Sass 3.0.0.
2025-04-16T02:51:00.4346418Z   
2025-04-16T02:51:00.4347059Z   More info and automated migrator: [4mhttps://sass-lang.com/d/import[0m
2025-04-16T02:51:00.4347536Z 
2025-04-16T02:51:00.4347543Z 
2025-04-16T02:51:00.4348218Z [33m▲ [43;33m[[43;30mWARNING[43;33m][0m [1mDeprecation[0m [1m[35m[plugin angular-sass][0m
2025-04-16T02:51:00.4348740Z 
2025-04-16T02:51:00.4349402Z     src/app/shared/emerald/components/floating-action-button/floating-action-button.component.scss:1:8:
2025-04-16T02:51:00.4350591Z [37m      1 │ @import [32m[37m'../../../../core/design/design-tokens';
2025-04-16T02:51:00.4351156Z         ╵         [32m^[0m
2025-04-16T02:51:00.4351372Z 
2025-04-16T02:51:00.4351380Z 
2025-04-16T02:51:00.4351760Z   Sass @import rules are deprecated and will be removed in Dart Sass 3.0.0.
2025-04-16T02:51:00.4352299Z   
2025-04-16T02:51:00.4352926Z   More info and automated migrator: [4mhttps://sass-lang.com/d/import[0m
2025-04-16T02:51:00.4353562Z 
2025-04-16T02:51:00.4353570Z 
2025-04-16T02:51:00.4354264Z [33m▲ [43;33m[[43;30mWARNING[43;33m][0m [1mDeprecation[0m [1m[35m[plugin angular-sass][0m
2025-04-16T02:51:00.4354977Z 
2025-04-16T02:51:00.4355464Z     src/app/shared/emerald/components/info-panel/info-panel.component.scss:1:8:
2025-04-16T02:51:00.4356493Z [37m      1 │ @import [32m[37m'../../../../core/design/design-tokens';
2025-04-16T02:51:00.4357057Z         ╵         [32m^[0m
2025-04-16T02:51:00.4357276Z 
2025-04-16T02:51:00.4357284Z 
2025-04-16T02:51:00.4357654Z   Sass @import rules are deprecated and will be removed in Dart Sass 3.0.0.
2025-04-16T02:51:00.4358205Z   
2025-04-16T02:51:00.4358850Z   More info and automated migrator: [4mhttps://sass-lang.com/d/import[0m
2025-04-16T02:51:00.4359310Z 
2025-04-16T02:51:00.4359318Z 
2025-04-16T02:51:00.4359980Z [33m▲ [43;33m[[43;30mWARNING[43;33m][0m [1mDeprecation[0m [1m[35m[plugin angular-sass][0m
2025-04-16T02:51:00.4360474Z 
2025-04-16T02:51:00.4360872Z     src/app/shared/emerald/components/label/label.component.scss:1:8:
2025-04-16T02:51:00.4361802Z [37m      1 │ @import [32m[37m'../../../../core/design/design-tokens';
2025-04-16T02:51:00.4362378Z         ╵         [32m^[0m
2025-04-16T02:51:00.4362607Z 
2025-04-16T02:51:00.4362615Z 
2025-04-16T02:51:00.4362996Z   Sass @import rules are deprecated and will be removed in Dart Sass 3.0.0.
2025-04-16T02:51:00.4363923Z   
2025-04-16T02:51:00.4364581Z   More info and automated migrator: [4mhttps://sass-lang.com/d/import[0m
2025-04-16T02:51:00.4365050Z 
2025-04-16T02:51:00.4365058Z 
2025-04-16T02:51:00.4365732Z [33m▲ [43;33m[[43;30mWARNING[43;33m][0m [1mDeprecation[0m [1m[35m[plugin angular-sass][0m
2025-04-16T02:51:00.4366235Z 
2025-04-16T02:51:00.4366631Z     src/app/shared/emerald/components/label/label.component.scss:4:14:
2025-04-16T02:51:00.4367521Z [37m      4 │ $success-100: [32m[37mlighten($success, 40%);
2025-04-16T02:51:00.4368104Z         ╵               [32m^[0m
2025-04-16T02:51:00.4368352Z 
2025-04-16T02:51:00.4368359Z 
2025-04-16T02:51:00.4368794Z   Global built-in functions are deprecated and will be removed in Dart Sass 3.0.0.
2025-04-16T02:51:00.4369452Z   Use color.adjust instead.
2025-04-16T02:51:00.4369784Z   
2025-04-16T02:51:00.4370430Z   More info and automated migrator: [4mhttps://sass-lang.com/d/import[0m
2025-04-16T02:51:00.4370908Z 
2025-04-16T02:51:00.4370916Z 
2025-04-16T02:51:00.4371604Z [33m▲ [43;33m[[43;30mWARNING[43;33m][0m [1mDeprecation[0m [1m[35m[plugin angular-sass][0m
2025-04-16T02:51:00.4372099Z 
2025-04-16T02:51:00.4372495Z     src/app/shared/emerald/components/label/label.component.scss:4:14:
2025-04-16T02:51:00.4373649Z [37m      4 │ $success-100: [32m[37mlighten($success, 40%);
2025-04-16T02:51:00.4374248Z         ╵               [32m^[0m
2025-04-16T02:51:00.4374495Z 
2025-04-16T02:51:00.4374503Z 
2025-04-16T02:51:00.4374703Z   lighten() is deprecated. Suggestions:
2025-04-16T02:51:00.4375098Z   
2025-04-16T02:51:00.4375469Z   color.scale($color, $lightness: 78.7644787645%)
2025-04-16T02:51:00.4375978Z   color.adjust($color, $lightness: 40%)
2025-04-16T02:51:00.4376362Z   
2025-04-16T02:51:00.4376920Z   More info: [4mhttps://sass-lang.com/d/color-functions[0m
2025-04-16T02:51:00.4377311Z 
2025-04-16T02:51:00.4377319Z 
2025-04-16T02:51:00.4378016Z [33m▲ [43;33m[[43;30mWARNING[43;33m][0m [1mDeprecation[0m [1m[35m[plugin angular-sass][0m
2025-04-16T02:51:00.4378533Z 
2025-04-16T02:51:00.4378936Z     src/app/shared/emerald/components/label/label.component.scss:5:14:
2025-04-16T02:51:00.4379830Z [37m      5 │ $success-300: [32m[37mlighten($success, 20%);
2025-04-16T02:51:00.4380404Z         ╵               [32m^[0m
2025-04-16T02:51:00.4380656Z 
2025-04-16T02:51:00.4380663Z 
2025-04-16T02:51:00.4381099Z   Global built-in functions are deprecated and will be removed in Dart Sass 3.0.0.
2025-04-16T02:51:00.4381742Z   Use color.adjust instead.
2025-04-16T02:51:00.4382079Z   
2025-04-16T02:51:00.4382715Z   More info and automated migrator: [4mhttps://sass-lang.com/d/import[0m
2025-04-16T02:51:00.4383346Z 
2025-04-16T02:51:00.4383354Z 
2025-04-16T02:51:00.4384292Z [33m▲ [43;33m[[43;30mWARNING[43;33m][0m [1mDeprecation[0m [1m[35m[plugin angular-sass][0m
2025-04-16T02:51:00.4384821Z 
2025-04-16T02:51:00.4385214Z     src/app/shared/emerald/components/label/label.component.scss:5:14:
2025-04-16T02:51:00.4386135Z [37m      5 │ $success-300: [32m[37mlighten($success, 20%);
2025-04-16T02:51:00.4386711Z         ╵               [32m^[0m
2025-04-16T02:51:00.4387009Z 
2025-04-16T02:51:00.4387017Z 
2025-04-16T02:51:00.4387221Z   lighten() is deprecated. Suggestions:
2025-04-16T02:51:00.4387609Z   
2025-04-16T02:51:00.4387979Z   color.scale($color, $lightness: 39.3822393822%)
2025-04-16T02:51:00.4388499Z   color.adjust($color, $lightness: 20%)
2025-04-16T02:51:00.4388883Z   
2025-04-16T02:51:00.4389422Z   More info: [4mhttps://sass-lang.com/d/color-functions[0m
2025-04-16T02:51:00.4389828Z 
2025-04-16T02:51:00.4389836Z 
2025-04-16T02:51:00.4390518Z [33m▲ [43;33m[[43;30mWARNING[43;33m][0m [1mDeprecation[0m [1m[35m[plugin angular-sass][0m
2025-04-16T02:51:00.4391036Z 
2025-04-16T02:51:00.4391446Z     src/app/shared/emerald/components/label/label.component.scss:6:14:
2025-04-16T02:51:00.4392330Z [37m      6 │ $success-700: [32m[37mdarken($success, 10%);
2025-04-16T02:51:00.4393292Z         ╵               [32m^[0m
2025-04-16T02:51:00.4393553Z 
2025-04-16T02:51:00.4393561Z 
2025-04-16T02:51:00.4394004Z   Global built-in functions are deprecated and will be removed in Dart Sass 3.0.0.
2025-04-16T02:51:00.4394657Z   Use color.adjust instead.
2025-04-16T02:51:00.4394989Z   
2025-04-16T02:51:00.4395650Z   More info and automated migrator: [4mhttps://sass-lang.com/d/import[0m
2025-04-16T02:51:00.4396120Z 
2025-04-16T02:51:00.4396127Z 
2025-04-16T02:51:00.4396816Z [33m▲ [43;33m[[43;30mWARNING[43;33m][0m [1mDeprecation[0m [1m[35m[plugin angular-sass][0m
2025-04-16T02:51:00.4397315Z 
2025-04-16T02:51:00.4397707Z     src/app/shared/emerald/components/label/label.component.scss:6:14:
2025-04-16T02:51:00.4398601Z [37m      6 │ $success-700: [32m[37mdarken($success, 10%);
2025-04-16T02:51:00.4399196Z         ╵               [32m^[0m
2025-04-16T02:51:00.4399445Z 
2025-04-16T02:51:00.4399452Z 
2025-04-16T02:51:00.4399660Z   darken() is deprecated. Suggestions:
2025-04-16T02:51:00.4400063Z   
2025-04-16T02:51:00.4400443Z   color.scale($color, $lightness: -20.3187250996%)
2025-04-16T02:51:00.4400980Z   color.adjust($color, $lightness: -10%)
2025-04-16T02:51:00.4401382Z   
2025-04-16T02:51:00.4401924Z   More info: [4mhttps://sass-lang.com/d/color-functions[0m
2025-04-16T02:51:00.4402315Z 
2025-04-16T02:51:00.4402323Z 
2025-04-16T02:51:00.4403002Z [33m▲ [43;33m[[43;30mWARNING[43;33m][0m [1mDeprecation[0m [1m[35m[plugin angular-sass][0m
2025-04-16T02:51:00.4403673Z 
2025-04-16T02:51:00.4404071Z     src/app/shared/emerald/components/label/label.component.scss:8:14:
2025-04-16T02:51:00.4404990Z [37m      8 │ $warning-100: [32m[37mlighten($warning, 40%);
2025-04-16T02:51:00.4405569Z         ╵               [32m^[0m
2025-04-16T02:51:00.4405815Z 
2025-04-16T02:51:00.4405822Z 
2025-04-16T02:51:00.4406279Z   Global built-in functions are deprecated and will be removed in Dart Sass 3.0.0.
2025-04-16T02:51:00.4406932Z   Use color.adjust instead.
2025-04-16T02:51:00.4407275Z   
2025-04-16T02:51:00.4407921Z   More info and automated migrator: [4mhttps://sass-lang.com/d/import[0m
2025-04-16T02:51:00.4408391Z 
2025-04-16T02:51:00.4408406Z 
2025-04-16T02:51:00.4409083Z [33m▲ [43;33m[[43;30mWARNING[43;33m][0m [1mDeprecation[0m [1m[35m[plugin angular-sass][0m
2025-04-16T02:51:00.4409583Z 
2025-04-16T02:51:00.4409982Z     src/app/shared/emerald/components/label/label.component.scss:8:14:
2025-04-16T02:51:00.4410878Z [37m      8 │ $warning-100: [32m[37mlighten($warning, 40%);
2025-04-16T02:51:00.4411445Z         ╵               [32m^[0m
2025-04-16T02:51:00.4411697Z 
2025-04-16T02:51:00.4411705Z 
2025-04-16T02:51:00.4411901Z   lighten() is deprecated. Suggestions:
2025-04-16T02:51:00.4412301Z   
2025-04-16T02:51:00.4412674Z   color.scale($color, $lightness: 82.2580645161%)
2025-04-16T02:51:00.4413599Z   color.adjust($color, $lightness: 40%)
2025-04-16T02:51:00.4414029Z   
2025-04-16T02:51:00.4414593Z   More info: [4mhttps://sass-lang.com/d/color-functions[0m
2025-04-16T02:51:00.4414999Z 
2025-04-16T02:51:00.4415007Z 
2025-04-16T02:51:00.4415701Z [33m▲ [43;33m[[43;30mWARNING[43;33m][0m [1mDeprecation[0m [1m[35m[plugin angular-sass][0m
2025-04-16T02:51:00.4416205Z 
2025-04-16T02:51:00.4416610Z     src/app/shared/emerald/components/label/label.component.scss:9:14:
2025-04-16T02:51:00.4417498Z [37m      9 │ $warning-300: [32m[37mlighten($warning, 20%);
2025-04-16T02:51:00.4418075Z         ╵               [32m^[0m
2025-04-16T02:51:00.4418332Z 
2025-04-16T02:51:00.4418340Z 
2025-04-16T02:51:00.4418771Z   Global built-in functions are deprecated and will be removed in Dart Sass 3.0.0.
2025-04-16T02:51:00.4419417Z   Use color.adjust instead.
2025-04-16T02:51:00.4419752Z   
2025-04-16T02:51:00.4420387Z   More info and automated migrator: [4mhttps://sass-lang.com/d/import[0m
2025-04-16T02:51:00.4420871Z 
2025-04-16T02:51:00.4420879Z 
2025-04-16T02:51:00.4421559Z [33m▲ [43;33m[[43;30mWARNING[43;33m][0m [1mDeprecation[0m [1m[35m[plugin angular-sass][0m
2025-04-16T02:51:00.4422238Z 
2025-04-16T02:51:00.4422630Z     src/app/shared/emerald/components/label/label.component.scss:9:14:
2025-04-16T02:51:00.4423725Z [37m      9 │ $warning-300: [32m[37mlighten($warning, 20%);
2025-04-16T02:51:00.4424309Z         ╵               [32m^[0m
2025-04-16T02:51:00.4424558Z 
2025-04-16T02:51:00.4424566Z 
2025-04-16T02:51:00.4424775Z   lighten() is deprecated. Suggestions:
2025-04-16T02:51:00.4425166Z   
2025-04-16T02:51:00.4425538Z   color.scale($color, $lightness: 41.1290322581%)
2025-04-16T02:51:00.4426061Z   color.adjust($color, $lightness: 20%)
2025-04-16T02:51:00.4426449Z   
2025-04-16T02:51:00.4426984Z   More info: [4mhttps://sass-lang.com/d/color-functions[0m
2025-04-16T02:51:00.4427376Z 
2025-04-16T02:51:00.4427384Z 
2025-04-16T02:51:00.4428073Z [33m▲ [43;33m[[43;30mWARNING[43;33m][0m [1mDeprecation[0m [1m[35m[plugin angular-sass][0m
2025-04-16T02:51:00.4428583Z 
2025-04-16T02:51:00.4429061Z     src/app/shared/emerald/components/page-header/page-header.component.scss:1:8:
2025-04-16T02:51:00.4430111Z [37m      1 │ @import [32m[37m'../../../../core/design/design-tokens';
2025-04-16T02:51:00.4430695Z         ╵         [32m^[0m
2025-04-16T02:51:00.4430921Z 
2025-04-16T02:51:00.4430929Z 
2025-04-16T02:51:00.4431319Z   Sass @import rules are deprecated and will be removed in Dart Sass 3.0.0.
2025-04-16T02:51:00.4431873Z   
2025-04-16T02:51:00.4432512Z   More info and automated migrator: [4mhttps://sass-lang.com/d/import[0m
2025-04-16T02:51:00.4432975Z 
2025-04-16T02:51:00.4432983Z 
2025-04-16T02:51:00.4433896Z [33m▲ [43;33m[[43;30mWARNING[43;33m][0m [1mDeprecation[0m [1m[35m[plugin angular-sass][0m
2025-04-16T02:51:00.4434412Z 
2025-04-16T02:51:00.4434911Z     src/app/shared/emerald/components/page-header/page-header.component.scss:8:14:
2025-04-16T02:51:00.4435939Z [37m      8 │ $primary-700: [32m[37mdarken($primary-500, 10%);
2025-04-16T02:51:00.4436523Z         ╵               [32m^[0m
2025-04-16T02:51:00.4436790Z 
2025-04-16T02:51:00.4436798Z 
2025-04-16T02:51:00.4437234Z   Global built-in functions are deprecated and will be removed in Dart Sass 3.0.0.
2025-04-16T02:51:00.4437881Z   Use color.adjust instead.
2025-04-16T02:51:00.4438223Z   
2025-04-16T02:51:00.4438857Z   More info and automated migrator: [4mhttps://sass-lang.com/d/import[0m
2025-04-16T02:51:00.4439332Z 
2025-04-16T02:51:00.4439340Z 
2025-04-16T02:51:00.4440020Z [33m▲ [43;33m[[43;30mWARNING[43;33m][0m [1mDeprecation[0m [1m[35m[plugin angular-sass][0m
2025-04-16T02:51:00.4440530Z 
2025-04-16T02:51:00.4441013Z     src/app/shared/emerald/components/page-header/page-header.component.scss:8:14:
2025-04-16T02:51:00.4442074Z [37m      8 │ $primary-700: [32m[37mdarken($primary-500, 10%);
2025-04-16T02:51:00.4442660Z         ╵               [32m^[0m
2025-04-16T02:51:00.4442907Z 
2025-04-16T02:51:00.4443290Z 
2025-04-16T02:51:00.4443522Z   darken() is deprecated. Suggestions:
2025-04-16T02:51:00.4443916Z   
2025-04-16T02:51:00.4444297Z   color.scale($color, $lightness: -18.1494661922%)
2025-04-16T02:51:00.4444863Z   color.adjust($color, $lightness: -10%)
2025-04-16T02:51:00.4445283Z   
2025-04-16T02:51:00.4445854Z   More info: [4mhttps://sass-lang.com/d/color-functions[0m
2025-04-16T02:51:00.4446270Z 
2025-04-16T02:51:00.4446279Z 
2025-04-16T02:51:00.4446961Z [33m▲ [43;33m[[43;30mWARNING[43;33m][0m [1mDeprecation[0m [1m[35m[plugin angular-sass][0m
2025-04-16T02:51:00.4447478Z 
2025-04-16T02:51:00.4447981Z     src/app/shared/emerald/components/page-header/page-header.component.scss:226:26:
2025-04-16T02:51:00.4449056Z [37m      226 │         background-color: [32m[37mdarken($primary, 10%);
2025-04-16T02:51:00.4449707Z           ╵                           [32m^[0m
2025-04-16T02:51:00.4449980Z 
2025-04-16T02:51:00.4449988Z 
2025-04-16T02:51:00.4450439Z   Global built-in functions are deprecated and will be removed in Dart Sass 3.0.0.
2025-04-16T02:51:00.4451068Z   Use color.adjust instead.
2025-04-16T02:51:00.4451399Z   
2025-04-16T02:51:00.4452297Z   More info and automated migrator: [4mhttps://sass-lang.com/d/import[0m
2025-04-16T02:51:00.4452738Z 
2025-04-16T02:51:00.4452746Z 
2025-04-16T02:51:00.4453702Z [33m▲ [43;33m[[43;30mWARNING[43;33m][0m [1mDeprecation[0m [1m[35m[plugin angular-sass][0m
2025-04-16T02:51:00.4454244Z 
2025-04-16T02:51:00.4454753Z     src/app/shared/emerald/components/page-header/page-header.component.scss:226:26:
2025-04-16T02:51:00.4455884Z [37m      226 │         background-color: [32m[37mdarken($primary, 10%);
2025-04-16T02:51:00.4456603Z           ╵                           [32m^[0m
2025-04-16T02:51:00.4456905Z 
2025-04-16T02:51:00.4456913Z 
2025-04-16T02:51:00.4457101Z   darken() is deprecated. Suggestions:
2025-04-16T02:51:00.4457459Z   
2025-04-16T02:51:00.4457816Z   color.scale($color, $lightness: -18.1494661922%)
2025-04-16T02:51:00.4458280Z   color.adjust($color, $lightness: -10%)
2025-04-16T02:51:00.4458654Z   
2025-04-16T02:51:00.4459218Z   More info: [4mhttps://sass-lang.com/d/color-functions[0m
2025-04-16T02:51:00.4459644Z 
2025-04-16T02:51:00.4459652Z 
2025-04-16T02:51:00.4460396Z [33m▲ [43;33m[[43;30mWARNING[43;33m][0m [1mDeprecation[0m [1m[35m[plugin angular-sass][0m
2025-04-16T02:51:00.4460919Z 
2025-04-16T02:51:00.4461443Z     src/app/shared/emerald/components/page-header/page-header.component.scss:244:26:
2025-04-16T02:51:00.4462562Z [37m      244 │         background-color: [32m[37mdarken($success, 10%);
2025-04-16T02:51:00.4463470Z           ╵                           [32m^[0m
2025-04-16T02:51:00.4463773Z 
2025-04-16T02:51:00.4463781Z 
2025-04-16T02:51:00.4464230Z   Global built-in functions are deprecated and will be removed in Dart Sass 3.0.0.
2025-04-16T02:51:00.4464895Z   Use color.adjust instead.
2025-04-16T02:51:00.4465247Z   
2025-04-16T02:51:00.4465945Z   More info and automated migrator: [4mhttps://sass-lang.com/d/import[0m
2025-04-16T02:51:00.4466441Z 
2025-04-16T02:51:00.4466450Z 
2025-04-16T02:51:00.4467171Z [33m▲ [43;33m[[43;30mWARNING[43;33m][0m [1mDeprecation[0m [1m[35m[plugin angular-sass][0m
2025-04-16T02:51:00.4467713Z 
2025-04-16T02:51:00.4468228Z     src/app/shared/emerald/components/page-header/page-header.component.scss:244:26:
2025-04-16T02:51:00.4469345Z [37m      244 │         background-color: [32m[37mdarken($success, 10%);
2025-04-16T02:51:00.4470041Z           ╵                           [32m^[0m
2025-04-16T02:51:00.4470354Z 
2025-04-16T02:51:00.4470362Z 
2025-04-16T02:51:00.4470576Z   darken() is deprecated. Suggestions:
2025-04-16T02:51:00.4470971Z   
2025-04-16T02:51:00.4471366Z   color.scale($color, $lightness: -20.3187250996%)
2025-04-16T02:51:00.4471916Z   color.adjust($color, $lightness: -10%)
2025-04-16T02:51:00.4472322Z   
2025-04-16T02:51:00.4472886Z   More info: [4mhttps://sass-lang.com/d/color-functions[0m
2025-04-16T02:51:00.4473549Z 
2025-04-16T02:51:00.4473558Z 
2025-04-16T02:51:00.4474496Z [33m▲ [43;33m[[43;30mWARNING[43;33m][0m [1mDeprecation[0m [1m[35m[plugin angular-sass][0m
2025-04-16T02:51:00.4475052Z 
2025-04-16T02:51:00.4475573Z     src/app/shared/emerald/components/page-header/page-header.component.scss:253:26:
2025-04-16T02:51:00.4476674Z [37m      253 │         background-color: [32m[37mdarken($danger, 10%);
2025-04-16T02:51:00.4477362Z           ╵                           [32m^[0m
2025-04-16T02:51:00.4477652Z 
2025-04-16T02:51:00.4477661Z 
2025-04-16T02:51:00.4478104Z   Global built-in functions are deprecated and will be removed in Dart Sass 3.0.0.
2025-04-16T02:51:00.4478767Z   Use color.adjust instead.
2025-04-16T02:51:00.4479118Z   
2025-04-16T02:51:00.4479776Z   More info and automated migrator: [4mhttps://sass-lang.com/d/import[0m
2025-04-16T02:51:00.4480234Z 
2025-04-16T02:51:00.4480242Z 
2025-04-16T02:51:00.4480963Z [33m▲ [43;33m[[43;30mWARNING[43;33m][0m [1mDeprecation[0m [1m[35m[plugin angular-sass][0m
2025-04-16T02:51:00.4481492Z 
2025-04-16T02:51:00.4482008Z     src/app/shared/emerald/components/page-header/page-header.component.scss:253:26:
2025-04-16T02:51:00.4483469Z [37m      253 │         background-color: [32m[37mdarken($danger, 10%);
2025-04-16T02:51:00.4484150Z           ╵                           [32m^[0m
2025-04-16T02:51:00.4484443Z 
2025-04-16T02:51:00.4484451Z 
2025-04-16T02:51:00.4484647Z   darken() is deprecated. Suggestions:
2025-04-16T02:51:00.4485031Z   
2025-04-16T02:51:00.4485398Z   color.scale($color, $lightness: -17.1140939597%)
2025-04-16T02:51:00.4485919Z   color.adjust($color, $lightness: -10%)
2025-04-16T02:51:00.4486310Z   
2025-04-16T02:51:00.4486933Z   More info: [4mhttps://sass-lang.com/d/color-functions[0m
2025-04-16T02:51:00.4487346Z 
2025-04-16T02:51:00.4487354Z 
2025-04-16T02:51:00.4488084Z [33m▲ [43;33m[[43;30mWARNING[43;33m][0m [1mDeprecation[0m [1m[35m[plugin angular-sass][0m
2025-04-16T02:51:00.4488609Z 
2025-04-16T02:51:00.4489135Z     src/app/shared/emerald/components/page-header/page-header.component.scss:262:26:
2025-04-16T02:51:00.4490246Z [37m      262 │         background-color: [32m[37mdarken($warning, 10%);
2025-04-16T02:51:00.4490968Z           ╵                           [32m^[0m
2025-04-16T02:51:00.4491254Z 
2025-04-16T02:51:00.4491262Z 
2025-04-16T02:51:00.4491713Z   Global built-in functions are deprecated and will be removed in Dart Sass 3.0.0.
2025-04-16T02:51:00.4492378Z   Use color.adjust instead.
2025-04-16T02:51:00.4492716Z   
2025-04-16T02:51:00.4493650Z   More info and automated migrator: [4mhttps://sass-lang.com/d/import[0m
2025-04-16T02:51:00.4494147Z 
2025-04-16T02:51:00.4494157Z 
2025-04-16T02:51:00.4494888Z [33m▲ [43;33m[[43;30mWARNING[43;33m][0m [1mDeprecation[0m [1m[35m[plugin angular-sass][0m
2025-04-16T02:51:00.4495417Z 
2025-04-16T02:51:00.4495983Z     src/app/shared/emerald/components/page-header/page-header.component.scss:262:26:
2025-04-16T02:51:00.4497109Z [37m      262 │         background-color: [32m[37mdarken($warning, 10%);
2025-04-16T02:51:00.4497813Z           ╵                           [32m^[0m
2025-04-16T02:51:00.4498103Z 
2025-04-16T02:51:00.4498124Z 
2025-04-16T02:51:00.4498332Z   darken() is deprecated. Suggestions:
2025-04-16T02:51:00.4498736Z   
2025-04-16T02:51:00.4499125Z   color.scale($color, $lightness: -19.465648855%)
2025-04-16T02:51:00.4499669Z   color.adjust($color, $lightness: -10%)
2025-04-16T02:51:00.4500055Z   
2025-04-16T02:51:00.4500600Z   More info: [4mhttps://sass-lang.com/d/color-functions[0m
2025-04-16T02:51:00.4501011Z 
2025-04-16T02:51:00.4501020Z 
2025-04-16T02:51:00.4501744Z [33m▲ [43;33m[[43;30mWARNING[43;33m][0m [1mDeprecation[0m [1m[35m[plugin angular-sass][0m
2025-04-16T02:51:00.4502276Z 
2025-04-16T02:51:00.4502696Z     src/app/shared/emerald/components/pager/pager.component.scss:1:8:
2025-04-16T02:51:00.4504283Z [37m      1 │ @import [32m[37m'../../../../core/design/design-tokens';
2025-04-16T02:51:00.4504909Z         ╵         [32m^[0m
2025-04-16T02:51:00.4505344Z 
2025-04-16T02:51:00.4505358Z 
2025-04-16T02:51:00.4505776Z   Sass @import rules are deprecated and will be removed in Dart Sass 3.0.0.
2025-04-16T02:51:00.4506573Z   
2025-04-16T02:51:00.4507482Z   More info and automated migrator: [4mhttps://sass-lang.com/d/import[0m
2025-04-16T02:51:00.4507978Z 
2025-04-16T02:51:00.4507986Z 
2025-04-16T02:51:00.4508881Z [33m▲ [43;33m[[43;30mWARNING[43;33m][0m [1mDeprecation[0m [1m[35m[plugin angular-sass][0m
2025-04-16T02:51:00.4509418Z 
2025-04-16T02:51:00.4509981Z     src/app/shared/emerald/components/skeleton-loader/skeleton-loader.component.scss:1:8:
2025-04-16T02:51:00.4511113Z [37m      1 │ @import [32m[37m'../../../../core/design/design-tokens';
2025-04-16T02:51:00.4511710Z         ╵         [32m^[0m
2025-04-16T02:51:00.4511951Z 
2025-04-16T02:51:00.4511960Z 
2025-04-16T02:51:00.4512353Z   Sass @import rules are deprecated and will be removed in Dart Sass 3.0.0.
2025-04-16T02:51:00.4512927Z   
2025-04-16T02:51:00.4513868Z   More info and automated migrator: [4mhttps://sass-lang.com/d/import[0m
2025-04-16T02:51:00.4514362Z 
2025-04-16T02:51:00.4514370Z 
2025-04-16T02:51:00.4515277Z [33m▲ [43;33m[[43;30mWARNING[43;33m][0m [1mDeprecation[0m [1m[35m[plugin angular-sass][0m
2025-04-16T02:51:00.4515800Z 
2025-04-16T02:51:00.4516218Z     src/app/shared/emerald/components/toggle/toggle.component.scss:1:8:
2025-04-16T02:51:00.4517228Z [37m      1 │ @import [32m[37m'../../../../core/design/design-tokens';
2025-04-16T02:51:00.4517827Z         ╵         [32m^[0m
2025-04-16T02:51:00.4518058Z 
2025-04-16T02:51:00.4518066Z 
2025-04-16T02:51:00.4518457Z   Sass @import rules are deprecated and will be removed in Dart Sass 3.0.0.
2025-04-16T02:51:00.4519015Z   
2025-04-16T02:51:00.4519683Z   More info and automated migrator: [4mhttps://sass-lang.com/d/import[0m
2025-04-16T02:51:00.4520160Z 
2025-04-16T02:51:00.4520168Z 
2025-04-16T02:51:00.4520885Z [33m▲ [43;33m[[43;30mWARNING[43;33m][0m [1mDeprecation[0m [1m[35m[plugin angular-sass][0m
2025-04-16T02:51:00.4521402Z 
2025-04-16T02:51:00.4521802Z     src/app/shared/emerald/tinder-card/tinder-card.component.scss:1:8:
2025-04-16T02:51:00.4522768Z [37m      1 │ @import [32m[37m'../../../../styles/scss/variables';
2025-04-16T02:51:00.4523578Z         ╵         [32m^[0m
2025-04-16T02:51:00.4523812Z 
2025-04-16T02:51:00.4523820Z 
2025-04-16T02:51:00.4524215Z   Sass @import rules are deprecated and will be removed in Dart Sass 3.0.0.
2025-04-16T02:51:00.4524784Z   
2025-04-16T02:51:00.4525457Z   More info and automated migrator: [4mhttps://sass-lang.com/d/import[0m
2025-04-16T02:51:00.4525930Z 
2025-04-16T02:51:00.4525938Z 
2025-04-16T02:51:00.4526638Z [33m▲ [43;33m[[43;30mWARNING[43;33m][0m [1mDeprecation[0m [1m[35m[plugin angular-sass][0m
2025-04-16T02:51:00.4527168Z 
2025-04-16T02:51:00.4527582Z     src/app/shared/emerald/tinder-card/tinder-card.component.scss:2:8:
2025-04-16T02:51:00.4528691Z [37m      2 │ @import [32m[37m'../../../../styles/scss/mixins';
2025-04-16T02:51:00.4529290Z         ╵         [32m^[0m
2025-04-16T02:51:00.4529543Z 
2025-04-16T02:51:00.4529552Z 
2025-04-16T02:51:00.4529945Z   Sass @import rules are deprecated and will be removed in Dart Sass 3.0.0.
2025-04-16T02:51:00.4530522Z   
2025-04-16T02:51:00.4531187Z   More info and automated migrator: [4mhttps://sass-lang.com/d/import[0m
2025-04-16T02:51:00.4531662Z 
2025-04-16T02:51:00.4531670Z 
2025-04-16T02:51:00.4532382Z [33m▲ [43;33m[[43;30mWARNING[43;33m][0m [1mDeprecation[0m [1m[35m[plugin angular-sass][0m
2025-04-16T02:51:00.4532893Z 
2025-04-16T02:51:00.4533362Z     src/app/core/design/components.scss:8:8:
2025-04-16T02:51:00.4534113Z [37m      8 │ @import [32m[37m'design-tokens';
2025-04-16T02:51:00.4534665Z         ╵         [32m^[0m
2025-04-16T02:51:00.4534894Z 
2025-04-16T02:51:00.4534902Z 
2025-04-16T02:51:00.4535482Z   Sass @import rules are deprecated and will be removed in Dart Sass 3.0.0.
2025-04-16T02:51:00.4536069Z   
2025-04-16T02:51:00.4536939Z   More info and automated migrator: [4mhttps://sass-lang.com/d/import[0m
2025-04-16T02:51:00.4537441Z 
2025-04-16T02:51:00.4537733Z   The plugin "angular-sass" was triggered by this import
2025-04-16T02:51:00.4538124Z 
2025-04-16T02:51:00.4538327Z     angular:styles/global:styles:1:8:
2025-04-16T02:51:00.4539028Z [37m      1 │ @import [32m'src/styles/main.scss'[37m;
2025-04-16T02:51:00.4539648Z         ╵         [32m~~~~~~~~~~~~~~~~~~~~~~[0m
2025-04-16T02:51:00.4539942Z 
2025-04-16T02:51:00.4539950Z 
2025-04-16T02:51:00.4540651Z [33m▲ [43;33m[[43;30mWARNING[43;33m][0m [1mDeprecation[0m [1m[35m[plugin angular-sass][0m
2025-04-16T02:51:00.4541157Z 
2025-04-16T02:51:00.4541392Z     src/app/core/design/components.scss:374:9:
2025-04-16T02:51:00.4542134Z [37m      374 │   color: [32m[37mdarken($success, 30%);
2025-04-16T02:51:00.4542711Z           ╵          [32m^[0m
2025-04-16T02:51:00.4542944Z 
2025-04-16T02:51:00.4542952Z 
2025-04-16T02:51:00.4543593Z   Global built-in functions are deprecated and will be removed in Dart Sass 3.0.0.
2025-04-16T02:51:00.4544268Z   Use color.adjust instead.
2025-04-16T02:51:00.4544620Z   
2025-04-16T02:51:00.4545300Z   More info and automated migrator: [4mhttps://sass-lang.com/d/import[0m
2025-04-16T02:51:00.4545950Z 
2025-04-16T02:51:00.4546258Z   The plugin "angular-sass" was triggered by this import
2025-04-16T02:51:00.4546638Z 
2025-04-16T02:51:00.4547601Z     angular:styles/global:styles:1:8:
2025-04-16T02:51:00.4548323Z [37m      1 │ @import [32m'src/styles/main.scss'[37m;
2025-04-16T02:51:00.4548900Z         ╵         [32m~~~~~~~~~~~~~~~~~~~~~~[0m
2025-04-16T02:51:00.4549205Z 
2025-04-16T02:51:00.4549214Z 
2025-04-16T02:51:00.4549855Z [33m▲ [43;33m[[43;30mWARNING[43;33m][0m [1mDeprecation[0m [1m[35m[plugin angular-sass][0m
2025-04-16T02:51:00.4550315Z 
2025-04-16T02:51:00.4550533Z     src/app/core/design/components.scss:374:9:
2025-04-16T02:51:00.4551308Z [37m      374 │   color: [32m[37mdarken($success, 30%);
2025-04-16T02:51:00.4551904Z           ╵          [32m^[0m
2025-04-16T02:51:00.4552160Z 
2025-04-16T02:51:00.4552168Z 
2025-04-16T02:51:00.4552386Z   darken() is deprecated. Suggestions:
2025-04-16T02:51:00.4552831Z   
2025-04-16T02:51:00.4553486Z   color.scale($color, $lightness: -60.9561752988%)
2025-04-16T02:51:00.4554054Z   color.adjust($color, $lightness: -30%)
2025-04-16T02:51:00.4554482Z   
2025-04-16T02:51:00.4555101Z   More info: [4mhttps://sass-lang.com/d/color-functions[0m
2025-04-16T02:51:00.4555517Z 
2025-04-16T02:51:00.4555817Z   The plugin "angular-sass" was triggered by this import
2025-04-16T02:51:00.4556187Z 
2025-04-16T02:51:00.4556395Z     angular:styles/global:styles:1:8:
2025-04-16T02:51:00.4557134Z [37m      1 │ @import [32m'src/styles/main.scss'[37m;
2025-04-16T02:51:00.4557765Z         ╵         [32m~~~~~~~~~~~~~~~~~~~~~~[0m
2025-04-16T02:51:00.4558078Z 
2025-04-16T02:51:00.4558086Z 
2025-04-16T02:51:00.4558830Z [33m▲ [43;33m[[43;30mWARNING[43;33m][0m [1mDeprecation[0m [1m[35m[plugin angular-sass][0m
2025-04-16T02:51:00.4559379Z 
2025-04-16T02:51:00.4559606Z     src/app/core/design/components.scss:375:20:
2025-04-16T02:51:00.4560446Z [37m      375 │   background-color: [32m[37mlighten($success, 40%);
2025-04-16T02:51:00.4561115Z           ╵                     [32m^[0m
2025-04-16T02:51:00.4561392Z 
2025-04-16T02:51:00.4561402Z 
2025-04-16T02:51:00.4561876Z   Global built-in functions are deprecated and will be removed in Dart Sass 3.0.0.
2025-04-16T02:51:00.4562564Z   Use color.adjust instead.
2025-04-16T02:51:00.4562908Z   
2025-04-16T02:51:00.4563988Z   More info and automated migrator: [4mhttps://sass-lang.com/d/import[0m
2025-04-16T02:51:00.4564496Z 
2025-04-16T02:51:00.4564813Z   The plugin "angular-sass" was triggered by this import
2025-04-16T02:51:00.4565192Z 
2025-04-16T02:51:00.4565405Z     angular:styles/global:styles:1:8:
2025-04-16T02:51:00.4566121Z [37m      1 │ @import [32m'src/styles/main.scss'[37m;
2025-04-16T02:51:00.4566750Z         ╵         [32m~~~~~~~~~~~~~~~~~~~~~~[0m
2025-04-16T02:51:00.4567268Z 
2025-04-16T02:51:00.4567281Z 
2025-04-16T02:51:00.4568051Z [33m▲ [43;33m[[43;30mWARNING[43;33m][0m [1mDeprecation[0m [1m[35m[plugin angular-sass][0m
2025-04-16T02:51:00.4568575Z 
2025-04-16T02:51:00.4568805Z     src/app/core/design/components.scss:375:20:
2025-04-16T02:51:00.4569609Z [37m      375 │   background-color: [32m[37mlighten($success, 40%);
2025-04-16T02:51:00.4570461Z           ╵                     [32m^[0m
2025-04-16T02:51:00.4570745Z 
2025-04-16T02:51:00.4570753Z 
2025-04-16T02:51:00.4570968Z   lighten() is deprecated. Suggestions:
2025-04-16T02:51:00.4571397Z   
2025-04-16T02:51:00.4571790Z   color.scale($color, $lightness: 78.7644787645%)
2025-04-16T02:51:00.4572325Z   color.adjust($color, $lightness: 40%)
2025-04-16T02:51:00.4572723Z   
2025-04-16T02:51:00.4573542Z   More info: [4mhttps://sass-lang.com/d/color-functions[0m
2025-04-16T02:51:00.4573971Z 
2025-04-16T02:51:00.4574264Z   The plugin "angular-sass" was triggered by this import
2025-04-16T02:51:00.4574643Z 
2025-04-16T02:51:00.4574858Z     angular:styles/global:styles:1:8:
2025-04-16T02:51:00.4575563Z [37m      1 │ @import [32m'src/styles/main.scss'[37m;
2025-04-16T02:51:00.4576344Z         ╵         [32m~~~~~~~~~~~~~~~~~~~~~~[0m
2025-04-16T02:51:00.4576650Z 
2025-04-16T02:51:00.4576658Z 
2025-04-16T02:51:00.4577354Z [33m▲ [43;33m[[43;30mWARNING[43;33m][0m [1mDeprecation[0m [1m[35m[plugin angular-sass][0m
2025-04-16T02:51:00.4577873Z 
2025-04-16T02:51:00.4578112Z     src/app/core/design/components.scss:376:16:
2025-04-16T02:51:00.4578893Z [37m      376 │   border-color: [32m[37mlighten($success, 30%);
2025-04-16T02:51:00.4579502Z           ╵                 [32m^[0m
2025-04-16T02:51:00.4579785Z 
2025-04-16T02:51:00.4579792Z 
2025-04-16T02:51:00.4580248Z   Global built-in functions are deprecated and will be removed in Dart Sass 3.0.0.
2025-04-16T02:51:00.4580913Z   Use color.adjust instead.
2025-04-16T02:51:00.4581264Z   
2025-04-16T02:51:00.4581991Z   More info and automated migrator: [4mhttps://sass-lang.com/d/import[0m
2025-04-16T02:51:00.4582495Z 
2025-04-16T02:51:00.4582778Z   The plugin "angular-sass" was triggered by this import
2025-04-16T02:51:00.4583343Z 
2025-04-16T02:51:00.4583547Z     angular:styles/global:styles:1:8:
2025-04-16T02:51:00.4584271Z [37m      1 │ @import [32m'src/styles/main.scss'[37m;
2025-04-16T02:51:00.4584895Z         ╵         [32m~~~~~~~~~~~~~~~~~~~~~~[0m
2025-04-16T02:51:00.4585181Z 
2025-04-16T02:51:00.4585190Z 
2025-04-16T02:51:00.4585898Z [33m▲ [43;33m[[43;30mWARNING[43;33m][0m [1mDeprecation[0m [1m[35m[plugin angular-sass][0m
2025-04-16T02:51:00.4586410Z 
2025-04-16T02:51:00.4586648Z     src/app/core/design/components.scss:376:16:
2025-04-16T02:51:00.4587514Z [37m      376 │   border-color: [32m[37mlighten($success, 30%);
2025-04-16T02:51:00.4588153Z           ╵                 [32m^[0m
2025-04-16T02:51:00.4588606Z 
2025-04-16T02:51:00.4588615Z 
2025-04-16T02:51:00.4588836Z   lighten() is deprecated. Suggestions:
2025-04-16T02:51:00.4589425Z   
2025-04-16T02:51:00.4589796Z   color.scale($color, $lightness: 59.0733590734%)
2025-04-16T02:51:00.4590323Z   color.adjust($color, $lightness: 30%)
2025-04-16T02:51:00.4590781Z   
2025-04-16T02:51:00.4591363Z   More info: [4mhttps://sass-lang.com/d/color-functions[0m
2025-04-16T02:51:00.4591760Z 
2025-04-16T02:51:00.4592042Z   The plugin "angular-sass" was triggered by this import
2025-04-16T02:51:00.4592413Z 
2025-04-16T02:51:00.4592615Z     angular:styles/global:styles:1:8:
2025-04-16T02:51:00.4593553Z [37m      1 │ @import [32m'src/styles/main.scss'[37m;
2025-04-16T02:51:00.4594203Z         ╵         [32m~~~~~~~~~~~~~~~~~~~~~~[0m
2025-04-16T02:51:00.4594496Z 
2025-04-16T02:51:00.4594504Z 
2025-04-16T02:51:00.4595217Z [33m▲ [43;33m[[43;30mWARNING[43;33m][0m [1mDeprecation[0m [1m[35m[plugin angular-sass][0m
2025-04-16T02:51:00.4595731Z 
2025-04-16T02:51:00.4595964Z     src/app/core/design/components.scss:380:9:
2025-04-16T02:51:00.4596893Z [37m      380 │   color: [32m[37mdarken($warning, 30%);
2025-04-16T02:51:00.4597534Z           ╵          [32m^[0m
2025-04-16T02:51:00.4597777Z 
2025-04-16T02:51:00.4597785Z 
2025-04-16T02:51:00.4598258Z   Global built-in functions are deprecated and will be removed in Dart Sass 3.0.0.
2025-04-16T02:51:00.4598919Z   Use color.adjust instead.
2025-04-16T02:51:00.4599263Z   
2025-04-16T02:51:00.4599952Z   More info and automated migrator: [4mhttps://sass-lang.com/d/import[0m
2025-04-16T02:51:00.4600446Z 
2025-04-16T02:51:00.4600741Z   The plugin "angular-sass" was triggered by this import
2025-04-16T02:51:00.4601108Z 
2025-04-16T02:51:00.4601493Z     angular:styles/global:styles:1:8:
2025-04-16T02:51:00.4602289Z [37m      1 │ @import [32m'src/styles/main.scss'[37m;
2025-04-16T02:51:00.4603233Z         ╵         [32m~~~~~~~~~~~~~~~~~~~~~~[0m
2025-04-16T02:51:00.4603638Z 
2025-04-16T02:51:00.4603647Z 
2025-04-16T02:51:00.4604369Z [33m▲ [43;33m[[43;30mWARNING[43;33m][0m [1mDeprecation[0m [1m[35m[plugin angular-sass][0m
2025-04-16T02:51:00.4604910Z 
2025-04-16T02:51:00.4605141Z     src/app/core/design/components.scss:380:9:
2025-04-16T02:51:00.4605888Z [37m      380 │   color: [32m[37mdarken($warning, 30%);
2025-04-16T02:51:00.4606655Z           ╵          [32m^[0m
2025-04-16T02:51:00.4606890Z 
2025-04-16T02:51:00.4606898Z 
2025-04-16T02:51:00.4607117Z   darken() is deprecated. Suggestions:
2025-04-16T02:51:00.4607514Z   
2025-04-16T02:51:00.4607907Z   color.scale($color, $lightness: -58.3969465649%)
2025-04-16T02:51:00.4608450Z   color.adjust($color, $lightness: -30%)
2025-04-16T02:51:00.4608865Z   
2025-04-16T02:51:00.4609425Z   More info: [4mhttps://sass-lang.com/d/color-functions[0m
2025-04-16T02:51:00.4609838Z 
2025-04-16T02:51:00.4610115Z   The plugin "angular-sass" was triggered by this import
2025-04-16T02:51:00.4610484Z 
2025-04-16T02:51:00.4610682Z     angular:styles/global:styles:1:8:
2025-04-16T02:51:00.4611368Z [37m      1 │ @import [32m'src/styles/main.scss'[37m;
2025-04-16T02:51:00.4611993Z         ╵         [32m~~~~~~~~~~~~~~~~~~~~~~[0m
2025-04-16T02:51:00.4612296Z 
2025-04-16T02:51:00.4612305Z 
2025-04-16T02:51:00.4613006Z [33m▲ [43;33m[[43;30mWARNING[43;33m][0m [1mDeprecation[0m [1m[35m[plugin angular-sass][0m
2025-04-16T02:51:00.4613792Z 
2025-04-16T02:51:00.4614040Z     src/app/core/design/components.scss:381:20:
2025-04-16T02:51:00.4614899Z [37m      381 │   background-color: [32m[37mlighten($warning, 40%);
2025-04-16T02:51:00.4615571Z           ╵                     [32m^[0m
2025-04-16T02:51:00.4615843Z 
2025-04-16T02:51:00.4615852Z 
2025-04-16T02:51:00.4616301Z   Global built-in functions are deprecated and will be removed in Dart Sass 3.0.0.
2025-04-16T02:51:00.4616958Z   Use color.adjust instead.
2025-04-16T02:51:00.4617299Z   
2025-04-16T02:51:00.4617967Z   More info and automated migrator: [4mhttps://sass-lang.com/d/import[0m
2025-04-16T02:51:00.4618440Z 
2025-04-16T02:51:00.4618740Z   The plugin "angular-sass" was triggered by this import
2025-04-16T02:51:00.4619106Z 
2025-04-16T02:51:00.4619320Z     angular:styles/global:styles:1:8:
2025-04-16T02:51:00.4620014Z [37m      1 │ @import [32m'src/styles/main.scss'[37m;
2025-04-16T02:51:00.4620643Z         ╵         [32m~~~~~~~~~~~~~~~~~~~~~~[0m
2025-04-16T02:51:00.4620941Z 
2025-04-16T02:51:00.4620949Z 
2025-04-16T02:51:00.4621645Z [33m▲ [43;33m[[43;30mWARNING[43;33m][0m [1mDeprecation[0m [1m[35m[plugin angular-sass][0m
2025-04-16T02:51:00.4622160Z 
2025-04-16T02:51:00.4622401Z     src/app/core/design/components.scss:381:20:
2025-04-16T02:51:00.4623418Z [37m      381 │   background-color: [32m[37mlighten($warning, 40%);
2025-04-16T02:51:00.4624104Z           ╵                     [32m^[0m
2025-04-16T02:51:00.4624387Z 
2025-04-16T02:51:00.4624396Z 
2025-04-16T02:51:00.4624607Z   lighten() is deprecated. Suggestions:
2025-04-16T02:51:00.4625003Z   
2025-04-16T02:51:00.4625379Z   color.scale($color, $lightness: 82.2580645161%)
2025-04-16T02:51:00.4625904Z   color.adjust($color, $lightness: 40%)
2025-04-16T02:51:00.4626294Z   
2025-04-16T02:51:00.4627046Z   More info: [4mhttps://sass-lang.com/d/color-functions[0m
2025-04-16T02:51:00.4627462Z 
2025-04-16T02:51:00.4627766Z   The plugin "angular-sass" was triggered by this import
2025-04-16T02:51:00.4628142Z 
2025-04-16T02:51:00.4628364Z     angular:styles/global:styles:1:8:
2025-04-16T02:51:00.4629080Z [37m      1 │ @import [32m'src/styles/main.scss'[37m;
2025-04-16T02:51:00.4629703Z         ╵         [32m~~~~~~~~~~~~~~~~~~~~~~[0m
2025-04-16T02:51:00.4629996Z 
2025-04-16T02:51:00.4630004Z 
2025-04-16T02:51:00.4630696Z [33m▲ [43;33m[[43;30mWARNING[43;33m][0m [1mDeprecation[0m [1m[35m[plugin angular-sass][0m
2025-04-16T02:51:00.4631216Z 
2025-04-16T02:51:00.4631412Z     src/app/core/design/main.scss:8:8:
2025-04-16T02:51:00.4632055Z [37m      8 │ @import [32m[37m'design-tokens';
2025-04-16T02:51:00.4632562Z         ╵         [32m^[0m
2025-04-16T02:51:00.4632990Z 
2025-04-16T02:51:00.4632999Z 
2025-04-16T02:51:00.4633632Z   Sass @import rules are deprecated and will be removed in Dart Sass 3.0.0.
2025-04-16T02:51:00.4634214Z   
2025-04-16T02:51:00.4634909Z   More info and automated migrator: [4mhttps://sass-lang.com/d/import[0m
2025-04-16T02:51:00.4635543Z 
2025-04-16T02:51:00.4635833Z   The plugin "angular-sass" was triggered by this import
2025-04-16T02:51:00.4636189Z 
2025-04-16T02:51:00.4636394Z     angular:styles/global:styles:1:8:
2025-04-16T02:51:00.4637070Z [37m      1 │ @import [32m'src/styles/main.scss'[37m;
2025-04-16T02:51:00.4637710Z         ╵         [32m~~~~~~~~~~~~~~~~~~~~~~[0m
2025-04-16T02:51:00.4638020Z 
2025-04-16T02:51:00.4638028Z 
2025-04-16T02:51:00.4638741Z [33m▲ [43;33m[[43;30mWARNING[43;33m][0m [1mDeprecation[0m [1m[35m[plugin angular-sass][0m
2025-04-16T02:51:00.4639245Z 
2025-04-16T02:51:00.4639449Z     src/app/core/design/main.scss:9:8:
2025-04-16T02:51:00.4640258Z [37m      9 │ @import [32m[37m'components';
2025-04-16T02:51:00.4640785Z         ╵         [32m^[0m
2025-04-16T02:51:00.4641021Z 
2025-04-16T02:51:00.4641046Z 
2025-04-16T02:51:00.4641437Z   Sass @import rules are deprecated and will be removed in Dart Sass 3.0.0.
2025-04-16T02:51:00.4642007Z   
2025-04-16T02:51:00.4642696Z   More info and automated migrator: [4mhttps://sass-lang.com/d/import[0m
2025-04-16T02:51:00.4643341Z 
2025-04-16T02:51:00.4643632Z   The plugin "angular-sass" was triggered by this import
2025-04-16T02:51:00.4644002Z 
2025-04-16T02:51:00.4644200Z     angular:styles/global:styles:1:8:
2025-04-16T02:51:00.4644904Z [37m      1 │ @import [32m'src/styles/main.scss'[37m;
2025-04-16T02:51:00.4645564Z         ╵         [32m~~~~~~~~~~~~~~~~~~~~~~[0m
2025-04-16T02:51:00.4645859Z 
2025-04-16T02:51:00.4645867Z 
2025-04-16T02:51:00.4646746Z [33m▲ [43;33m[[43;30mWARNING[43;33m][0m [1mDeprecation[0m [1m[35m[plugin angular-sass][0m
2025-04-16T02:51:00.4647375Z 
2025-04-16T02:51:00.4647612Z     src/app/core/design/main.scss:190:18:
2025-04-16T02:51:00.4648450Z [37m      190 │   margin-right: -([32m[37m$grid-gutter-width / 2);
2025-04-16T02:51:00.4649118Z           ╵                   [32m^[0m
2025-04-16T02:51:00.4649401Z 
2025-04-16T02:51:00.4649409Z 
2025-04-16T02:51:00.4650090Z   Using / for division outside of calc() is deprecated and will be removed in Dart Sass 2.0.0.
2025-04-16T02:51:00.4650945Z   
2025-04-16T02:51:00.4651550Z   Recommendation: math.div($grid-gutter-width, 2) or calc($grid-gutter-width / 2)
2025-04-16T02:51:00.4652164Z   
2025-04-16T02:51:00.4652927Z   More info and automated migrator: [4mhttps://sass-lang.com/d/slash-div[0m
2025-04-16T02:51:00.4653654Z 
2025-04-16T02:51:00.4653952Z   The plugin "angular-sass" was triggered by this import
2025-04-16T02:51:00.4654313Z 
2025-04-16T02:51:00.4654516Z     angular:styles/global:styles:1:8:
2025-04-16T02:51:00.4655224Z [37m      1 │ @import [32m'src/styles/main.scss'[37m;
2025-04-16T02:51:00.4655835Z         ╵         [32m~~~~~~~~~~~~~~~~~~~~~~[0m
2025-04-16T02:51:00.4656131Z 
2025-04-16T02:51:00.4656139Z 
2025-04-16T02:51:00.4657018Z [33m▲ [43;33m[[43;30mWARNING[43;33m][0m [1mDeprecation[0m [1m[35m[plugin angular-sass][0m
2025-04-16T02:51:00.4657551Z 
2025-04-16T02:51:00.4657758Z     src/app/core/design/main.scss:191:17:
2025-04-16T02:51:00.4658574Z [37m      191 │   margin-left: -([32m[37m$grid-gutter-width / 2);
2025-04-16T02:51:00.4659250Z           ╵                  [32m^[0m
2025-04-16T02:51:00.4659522Z 
2025-04-16T02:51:00.4659530Z 
2025-04-16T02:51:00.4660223Z   Using / for division outside of calc() is deprecated and will be removed in Dart Sass 2.0.0.
2025-04-16T02:51:00.4660885Z   
2025-04-16T02:51:00.4661478Z   Recommendation: math.div($grid-gutter-width, 2) or calc($grid-gutter-width / 2)
2025-04-16T02:51:00.4662096Z   
2025-04-16T02:51:00.4662785Z   More info and automated migrator: [4mhttps://sass-lang.com/d/slash-div[0m
2025-04-16T02:51:00.4663441Z 
2025-04-16T02:51:00.4663731Z   The plugin "angular-sass" was triggered by this import
2025-04-16T02:51:00.4664102Z 
2025-04-16T02:51:00.4664301Z     angular:styles/global:styles:1:8:
2025-04-16T02:51:00.4665020Z [37m      1 │ @import [32m'src/styles/main.scss'[37m;
2025-04-16T02:51:00.4665639Z         ╵         [32m~~~~~~~~~~~~~~~~~~~~~~[0m
2025-04-16T02:51:00.4666100Z 
2025-04-16T02:51:00.4666108Z 
2025-04-16T02:51:00.4666821Z [33m▲ [43;33m[[43;30mWARNING[43;33m][0m [1mDeprecation[0m [1m[35m[plugin angular-sass][0m
2025-04-16T02:51:00.4667334Z 
2025-04-16T02:51:00.4667546Z     src/app/core/design/main.scss:198:18:
2025-04-16T02:51:00.4668336Z [37m      198 │   padding-right: ([32m[37m$grid-gutter-width / 2);
2025-04-16T02:51:00.4669034Z           ╵                   [32m^[0m
2025-04-16T02:51:00.4669312Z 
2025-04-16T02:51:00.4669330Z 
2025-04-16T02:51:00.4669816Z   Using / for division outside of calc() is deprecated and will be removed in Dart Sass 2.0.0.
2025-04-16T02:51:00.4670657Z   
2025-04-16T02:51:00.4671241Z   Recommendation: math.div($grid-gutter-width, 2) or calc($grid-gutter-width / 2)
2025-04-16T02:51:00.4671857Z   
2025-04-16T02:51:00.4672565Z   More info and automated migrator: [4mhttps://sass-lang.com/d/slash-div[0m
2025-04-16T02:51:00.4673042Z 
2025-04-16T02:51:00.4673652Z   The plugin "angular-sass" was triggered by this import
2025-04-16T02:51:00.4674036Z 
2025-04-16T02:51:00.4674253Z     angular:styles/global:styles:1:8:
2025-04-16T02:51:00.4674945Z [37m      1 │ @import [32m'src/styles/main.scss'[37m;
2025-04-16T02:51:00.4675560Z         ╵         [32m~~~~~~~~~~~~~~~~~~~~~~[0m
2025-04-16T02:51:00.4675859Z 
2025-04-16T02:51:00.4675868Z 
2025-04-16T02:51:00.4676566Z [33m▲ [43;33m[[43;30mWARNING[43;33m][0m [1mDeprecation[0m [1m[35m[plugin angular-sass][0m
2025-04-16T02:51:00.4677082Z 
2025-04-16T02:51:00.4677292Z     src/app/core/design/main.scss:199:17:
2025-04-16T02:51:00.4678078Z [37m      199 │   padding-left: ([32m[37m$grid-gutter-width / 2);
2025-04-16T02:51:00.4678719Z           ╵                  [32m^[0m
2025-04-16T02:51:00.4678997Z 
2025-04-16T02:51:00.4679004Z 
2025-04-16T02:51:00.4679495Z   Using / for division outside of calc() is deprecated and will be removed in Dart Sass 2.0.0.
2025-04-16T02:51:00.4680138Z   
2025-04-16T02:51:00.4680739Z   Recommendation: math.div($grid-gutter-width, 2) or calc($grid-gutter-width / 2)
2025-04-16T02:51:00.4681367Z   
2025-04-16T02:51:00.4682040Z   More info and automated migrator: [4mhttps://sass-lang.com/d/slash-div[0m
2025-04-16T02:51:00.4682526Z 
2025-04-16T02:51:00.4682805Z   The plugin "angular-sass" was triggered by this import
2025-04-16T02:51:00.4683404Z 
2025-04-16T02:51:00.4683613Z     angular:styles/global:styles:1:8:
2025-04-16T02:51:00.4684312Z [37m      1 │ @import [32m'src/styles/main.scss'[37m;
2025-04-16T02:51:00.4684946Z         ╵         [32m~~~~~~~~~~~~~~~~~~~~~~[0m
2025-04-16T02:51:00.4685234Z 
2025-04-16T02:51:00.4685243Z 
2025-04-16T02:51:00.4685932Z [33m▲ [43;33m[[43;30mWARNING[43;33m][0m [1mDeprecation[0m [1m[35m[plugin angular-sass][0m
2025-04-16T02:51:00.4686445Z 
2025-04-16T02:51:00.4686652Z     src/app/core/design/main.scss:204:25:
2025-04-16T02:51:00.4687715Z [37m      204 │     flex: 0 0 percentage([32m[37m$i / $grid-columns);
2025-04-16T02:51:00.4688404Z           ╵                          [32m^[0m
2025-04-16T02:51:00.4688712Z 
2025-04-16T02:51:00.4688721Z 
2025-04-16T02:51:00.4689232Z   Using / for division outside of calc() is deprecated and will be removed in Dart Sass 2.0.0.
2025-04-16T02:51:00.4689882Z   
2025-04-16T02:51:00.4690393Z   Recommendation: math.div($i, $grid-columns) or calc($i / $grid-columns)
2025-04-16T02:51:00.4690949Z   
2025-04-16T02:51:00.4691824Z   More info and automated migrator: [4mhttps://sass-lang.com/d/slash-div[0m
2025-04-16T02:51:00.4692326Z 
2025-04-16T02:51:00.4692619Z   The plugin "angular-sass" was triggered by this import
2025-04-16T02:51:00.4692978Z 
2025-04-16T02:51:00.4693344Z     angular:styles/global:styles:1:8:
2025-04-16T02:51:00.4694058Z [37m      1 │ @import [32m'src/styles/main.scss'[37m;
2025-04-16T02:51:00.4694676Z         ╵         [32m~~~~~~~~~~~~~~~~~~~~~~[0m
2025-04-16T02:51:00.4694971Z 
2025-04-16T02:51:00.4695169Z [39m[22m
2025-04-16T02:51:00.4696041Z [1m[31m[31m✘ [41;31m[[41;97mERROR[41;31m][0m [1mUndefined variable.
2025-04-16T02:51:00.4696812Z     ╷
2025-04-16T02:51:00.4697318Z 136 │       background-color: $success-100;
2025-04-16T02:51:00.4697935Z     │                         ^^^^^^^^^^^^
2025-04-16T02:51:00.4698368Z     ╵
2025-04-16T02:51:00.4699570Z   src/app/shared/emerald/components/info-panel/info-panel.component.scss 136:25  root stylesheet[0m [1m[35m[plugin angular-sass][0m
2025-04-16T02:51:00.4700472Z 
2025-04-16T02:51:00.4700481Z 
2025-04-16T02:51:00.4701052Z [31m✘ [41;31m[[41;97mERROR[41;31m][0m [1mCan't find stylesheet to import.
2025-04-16T02:51:00.4701622Z   ╷
2025-04-16T02:51:00.4702126Z 1 │ @import '../../../../styles/scss/variables';
2025-04-16T02:51:00.4702709Z   │         ^^^^^^^^^^^^^^^^^^^^^^^^^^^^^^^^^^^
2025-04-16T02:51:00.4703338Z   ╵
2025-04-16T02:51:00.4704459Z   src/app/shared/emerald/tinder-card/tinder-card.component.scss 1:9  root stylesheet[0m [1m[35m[plugin angular-sass][0m
2025-04-16T02:51:00.4705240Z 
2025-04-16T02:51:00.4705249Z 
2025-04-16T02:51:00.4705727Z [31m✘ [41;31m[[41;97mERROR[41;31m][0m [1mUndefined variable.
2025-04-16T02:51:00.4706265Z     ╷
2025-04-16T02:51:00.4706739Z 227 │       background-color: $error-100;
2025-04-16T02:51:00.4707305Z     │                         ^^^^^^^^^^
2025-04-16T02:51:00.4707731Z     ╵
2025-04-16T02:51:00.4708739Z   src/app/features/list-view/list-view.component.scss 227:25  root stylesheet[0m [1m[35m[plugin angular-sass][0m
2025-04-16T02:51:00.4709634Z 
2025-04-16T02:51:00.4709643Z 
2025-04-16T02:51:00.4710157Z [31m✘ [41;31m[[41;97mERROR[41;31m][0m [1mUndefined variable.
2025-04-16T02:51:00.4710674Z     ╷
2025-04-16T02:51:00.4711264Z 202 │       border-color: $primary;
2025-04-16T02:51:00.4711919Z     │                     ^^^^^^^^
2025-04-16T02:51:00.4712471Z     ╵
2025-04-16T02:51:00.4714139Z   src/app/shared/emerald/components/carousel/carousel.component.scss 202:21  root stylesheet[0m [1m[35m[plugin angular-sass][0m
2025-04-16T02:51:00.4715143Z 
2025-04-16T02:51:00.4715152Z 
2025-04-16T02:51:00.4716075Z [31m✘ [41;31m[[41;97mERROR[41;31m][0m [1mTwo forwarded modules both define a variable named $primary-100.
2025-04-16T02:51:00.4716992Z     ╷
2025-04-16T02:51:00.4718060Z 5   │ @forward '../../app/core/design/design-tokens';
2025-04-16T02:51:00.4718957Z     │ ━━━━━━━━━━━━━━━━━━━━━━━━━━━━━━━━━━━━━━━━━━━━━━ original @forward
2025-04-16T02:51:00.4719560Z ... │
2025-04-16T02:51:00.4720299Z 7   │ @forward '../../app/core/design/main';
2025-04-16T02:51:00.4721081Z     │ ^^^^^^^^^^^^^^^^^^^^^^^^^^^^^^^^^^^^^ new @forward
2025-04-16T02:51:00.4721755Z     ╵
2025-04-16T02:51:00.4722443Z   src/styles/design-system/index.scss 7:1                           @use
2025-04-16T02:51:00.4724558Z   src/app/features/user-settings/user-settings.component.scss 11:1  root stylesheet[0m [1m[35m[plugin angular-sass][0m
2025-04-16T02:51:00.4725559Z 
2025-04-16T02:51:00.4725568Z 
2025-04-16T02:51:00.4726456Z [31m✘ [41;31m[[41;97mERROR[41;31m][0m [1mCan't find stylesheet to import.
2025-04-16T02:51:00.4727215Z   ╷
2025-04-16T02:51:00.4728115Z 1 │ @import '../../../../styles/variables';
2025-04-16T02:51:00.4728912Z   │         ^^^^^^^^^^^^^^^^^^^^^^^^^^^^^^
2025-04-16T02:51:00.4729409Z   ╵
2025-04-16T02:51:00.4730581Z   src/app/features/tinder/tinder.component.scss 1:9  root stylesheet[0m [1m[35m[plugin angular-sass][0m
2025-04-16T02:51:00.4731385Z 
2025-04-16T02:51:00.4731394Z 
2025-04-16T02:51:00.4731943Z [31m✘ [41;31m[[41;97mERROR[41;31m][0m [1mUndefined variable.
2025-04-16T02:51:00.4732588Z    ╷
2025-04-16T02:51:00.4733490Z 29 │   background-color: $neutral-50;
2025-04-16T02:51:00.4734152Z    │                     ^^^^^^^^^^^
2025-04-16T02:51:00.4747977Z    ╵
2025-04-16T02:51:00.4749032Z   src/app/features/chat/chat.component.scss 29:21  root stylesheet[0m [1m[35m[plugin angular-sass][0m
2025-04-16T02:51:00.4749707Z 
2025-04-16T02:51:00.4749717Z 
2025-04-16T02:51:00.4750570Z [31m✘ [41;31m[[41;97mERROR[41;31m][0m [1mTwo forwarded modules both define a variable named $primary-100.
2025-04-16T02:51:00.4751311Z     ╷
2025-04-16T02:51:00.4751902Z 5   │ @forward '../../app/core/design/design-tokens';
2025-04-16T02:51:00.4752684Z     │ ━━━━━━━━━━━━━━━━━━━━━━━━━━━━━━━━━━━━━━━━━━━━━━ original @forward
2025-04-16T02:51:00.4753394Z ... │
2025-04-16T02:51:00.4753911Z 7   │ @forward '../../app/core/design/main';
2025-04-16T02:51:00.4754545Z     │ ^^^^^^^^^^^^^^^^^^^^^^^^^^^^^^^^^^^^^ new @forward
2025-04-16T02:51:00.4754996Z     ╵
2025-04-16T02:51:00.4755589Z   src/styles/design-system/index.scss 7:1                                    @use
2025-04-16T02:51:00.4757114Z   src/app/features/advertiser-profile/advertiser-profile.component.scss 1:1  root stylesheet[0m [1m[35m[plugin angular-sass][0m
2025-04-16T02:51:00.4757978Z 
2025-04-16T02:51:00.4757989Z 
2025-04-16T02:51:00.4758470Z [31m✘ [41;31m[[41;97mERROR[41;31m][0m [1mUndefined variable.
2025-04-16T02:51:00.4758986Z     ╷
2025-04-16T02:51:00.4759546Z 124 │           background-color: $success-100;
2025-04-16T02:51:00.4760164Z     │                             ^^^^^^^^^^^^
2025-04-16T02:51:00.4760598Z     ╵
2025-04-16T02:51:00.4761559Z   src/app/features/wallet/wallet.component.scss 124:29  root stylesheet[0m [1m[35m[plugin angular-sass][0m
2025-04-16T02:51:00.4762272Z 
2025-04-16T02:51:00.4762281Z 
2025-04-16T02:51:00.4763725Z [31m✘ [41;31m[[41;97mERROR[41;31m][0m [1mNG8002: Can't bind to 'aria-label' since it isn't a known property of 'span'.[0m [1m[35m[plugin angular-compiler][0m
2025-04-16T02:51:00.4764592Z 
2025-04-16T02:51:00.4764824Z     src/app/app.component.html:45:61:
2025-04-16T02:51:00.4765864Z [37m      45 │ ...readMessages > 0" [32maria-label="{{unreadMessages}} unread messages"[37m>
2025-04-16T02:51:00.4766812Z          ╵                      [32m~~~~~~~~~~~~~~~~~~~~~~~~~~~~~~~~~~~~~~~~~~~~~~~[0m
2025-04-16T02:51:00.4767177Z 
2025-04-16T02:51:00.4767680Z   Error occurs in the template of component AppComponent.
2025-04-16T02:51:00.4768105Z 
2025-04-16T02:51:00.4768484Z     src/app/app.component.ts:28:15:
2025-04-16T02:51:00.4769293Z [37m      28 │   templateUrl: [32m'./app.component.html'[37m,
2025-04-16T02:51:00.4770010Z          ╵                [32m~~~~~~~~~~~~~~~~~~~~~~[0m
2025-04-16T02:51:00.4770320Z 
2025-04-16T02:51:00.4770328Z 
2025-04-16T02:51:00.4771055Z [31m✘ [41;31m[[41;97mERROR[41;31m][0m [1mCould not resolve "./features/tinder/tinder.module"[0m
2025-04-16T02:51:00.4771590Z 
2025-04-16T02:51:00.4771793Z     src/app/app.routes.ts:85:31:
2025-04-16T02:51:00.4772715Z [37m      85 │ ...: () => import([32m'./features/tinder/tinder.module'[37m).then(m => m.T...
2025-04-16T02:51:00.4773813Z          ╵                   [32m~~~~~~~~~~~~~~~~~~~~~~~~~~~~~~~~~[0m
2025-04-16T02:51:00.4774154Z 
2025-04-16T02:51:00.4774163Z 
2025-04-16T02:51:00.4775665Z [31m✘ [41;31m[[41;97mERROR[41;31m][0m [1mTS2307: Cannot find module './features/tinder/tinder.module' or its corresponding type declarations.[0m [1m[35m[plugin angular-compiler][0m
2025-04-16T02:51:00.4776688Z 
2025-04-16T02:51:00.4776886Z     src/app/app.routes.ts:85:31:
2025-04-16T02:51:00.4778095Z [37m      85 │ ...: () => import([32m'./features/tinder/tinder.module'[37m).then(m => m.T...
2025-04-16T02:51:00.4778936Z          ╵                   [32m~~~~~~~~~~~~~~~~~~~~~~~~~~~~~~~~~[0m
2025-04-16T02:51:00.4779252Z 
2025-04-16T02:51:00.4779261Z 
2025-04-16T02:51:00.4780181Z [31m✘ [41;31m[[41;97mERROR[41;31m][0m [1mCould not resolve "../../shared/layouts/main-layout/main-layout.component"[0m
2025-04-16T02:51:00.4780832Z 
2025-04-16T02:51:00.4781318Z     src/app/features/advertiser-profile/advertiser-profile.component.ts:18:36:
2025-04-16T02:51:00.4782534Z [37m      18 │ ...nt } from [32m'../../shared/layouts/main-layout/main-layout.compone[37m...
2025-04-16T02:51:00.4783677Z          ╵              [32m~~~~~~~~~~~~~~~~~~~~~~~~~~~~~~~~~~~~~~~~~~~~~~~~~~~~~[0m
2025-04-16T02:51:00.4784049Z 
2025-04-16T02:51:00.4784077Z 
2025-04-16T02:51:00.4785807Z [31m✘ [41;31m[[41;97mERROR[41;31m][0m [1mTS2307: Cannot find module '../../shared/layouts/main-layout/main-layout.component' or its corresponding type declarations.[0m [1m[35m[plugin angular-compiler][0m
2025-04-16T02:51:00.4787050Z 
2025-04-16T02:51:00.4787553Z     src/app/features/advertiser-profile/advertiser-profile.component.ts:18:36:
2025-04-16T02:51:00.4788998Z [37m      18 │ ...nt } from [32m'../../shared/layouts/main-layout/main-layout.compone[37m...
2025-04-16T02:51:00.4789960Z          ╵              [32m~~~~~~~~~~~~~~~~~~~~~~~~~~~~~~~~~~~~~~~~~~~~~~~~~~~~~[0m
2025-04-16T02:51:00.4790339Z 
2025-04-16T02:51:00.4790348Z 
2025-04-16T02:51:00.4791668Z [31m✘ [41;31m[[41;97mERROR[41;31m][0m [1mTS-991010: 'imports' must be an array of components, directives, pipes, or NgModules.
2025-04-16T02:51:00.4793006Z   Value could not be determined statically.[0m [1m[35m[plugin angular-compiler][0m
2025-04-16T02:51:00.4793814Z 
2025-04-16T02:51:00.4794333Z     src/app/features/advertiser-profile/advertiser-profile.component.ts:26:61:
2025-04-16T02:51:00.4795851Z [37m      26 │ ...monModule, RouterModule, ReactiveFormsModule, [32mMainLayoutComponent[37m]
2025-04-16T02:51:00.4796899Z          ╵                                                  [32m~~~~~~~~~~~~~~~~~~~[0m
2025-04-16T02:51:00.4797237Z 
2025-04-16T02:51:00.4797385Z   Unknown reference.
2025-04-16T02:51:00.4797604Z 
2025-04-16T02:51:00.4798075Z     src/app/features/advertiser-profile/advertiser-profile.component.ts:26:61:
2025-04-16T02:51:00.4799360Z [37m      26 │ ...monModule, RouterModule, ReactiveFormsModule, [32mMainLayoutComponent[37m]
2025-04-16T02:51:00.4800325Z          ╵                                                  [32m~~~~~~~~~~~~~~~~~~~[0m
2025-04-16T02:51:00.4800656Z 
2025-04-16T02:51:00.4800665Z 
2025-04-16T02:51:00.4802510Z [31m✘ [41;31m[[41;97mERROR[41;31m][0m [1mTS-996008: Component LoginComponent is standalone, and cannot be declared in an NgModule. Did you mean to import it instead?[0m [1m[35m[plugin angular-compiler][0m
2025-04-16T02:51:00.4803826Z 
2025-04-16T02:51:00.4804090Z     src/app/features/auth/auth.module.ts:38:4:
2025-04-16T02:51:00.4804788Z [37m      38 │     [32mLoginComponent[37m,
2025-04-16T02:51:00.4805332Z          ╵     [32m~~~~~~~~~~~~~~[0m
2025-04-16T02:51:00.4805613Z 
2025-04-16T02:51:00.4805622Z 
2025-04-16T02:51:00.4807310Z [31m✘ [41;31m[[41;97mERROR[41;31m][0m [1mTS-996008: Component RegisterComponent is standalone, and cannot be declared in an NgModule. Did you mean to import it instead?[0m [1m[35m[plugin angular-compiler][0m
2025-04-16T02:51:00.4808523Z 
2025-04-16T02:51:00.4808769Z     src/app/features/auth/auth.module.ts:39:4:
2025-04-16T02:51:00.4809485Z [37m      39 │     [32mRegisterComponent[37m
2025-04-16T02:51:00.4810084Z          ╵     [32m~~~~~~~~~~~~~~~~~[0m
2025-04-16T02:51:00.4810373Z 
2025-04-16T02:51:00.4810381Z 
2025-04-16T02:51:00.4811374Z [31m✘ [41;31m[[41;97mERROR[41;31m][0m [1mNG5: Argument of type 'Event' is not assignable to parameter of type 'KeyboardEvent'.
2025-04-16T02:51:00.4813539Z   Type 'Event' is missing the following properties from type 'KeyboardEvent': altKey, charCode, code, ctrlKey, and 17 more.[0m [1m[35m[plugin angular-compiler][0m
2025-04-16T02:51:00.4814711Z 
2025-04-16T02:51:00.4815018Z     src/app/features/chat/chat.component.html:286:42:
2025-04-16T02:51:00.4815968Z [37m      286 │             (keyup.enter)="handleEnterKey([32m$event[37m)"
2025-04-16T02:51:00.4816755Z           ╵                                           [32m~~~~~~[0m
2025-04-16T02:51:00.4817081Z 
2025-04-16T02:51:00.4817610Z   Error occurs in the template of component ChatComponent.
2025-04-16T02:51:00.4818165Z 
2025-04-16T02:51:00.4818599Z     src/app/features/chat/chat.component.ts:110:15:
2025-04-16T02:51:00.4819461Z [37m      110 │   templateUrl: [32m'./chat.component.html'[37m,
2025-04-16T02:51:00.4820206Z           ╵                [32m~~~~~~~~~~~~~~~~~~~~~~~[0m
2025-04-16T02:51:00.4820542Z 
2025-04-16T02:51:00.4820552Z 
2025-04-16T02:51:00.4823583Z [31m✘ [41;31m[[41;97mERROR[41;31m][0m [1mNG5: Argument of type 'import("/home/runner/work/date-night-app2/date-night-app2/client-angular/src/app/shared/emerald/components/page-header/page-header.component").HeaderAction' is not assignable to parameter of type 'HeaderAction'.
2025-04-16T02:51:00.4827420Z   Property 'icon' is optional in type 'HeaderAction' but required in type 'HeaderAction'.[0m [1m[35m[plugin angular-compiler][0m
2025-04-16T02:51:00.4828218Z 
2025-04-16T02:51:00.4828752Z     src/app/features/list-view/list-view.component.html:8:41:
2025-04-16T02:51:00.4829928Z [37m      8 │       (actionClick)="onHeaderActionClick([32m$event[37m)">
2025-04-16T02:51:00.4830712Z         ╵                                          [32m~~~~~~[0m
2025-04-16T02:51:00.4831032Z 
2025-04-16T02:51:00.4831387Z   Error occurs in the template of component ListViewComponent.
2025-04-16T02:51:00.4831798Z 
2025-04-16T02:51:00.4832139Z     src/app/features/list-view/list-view.component.ts:78:15:
2025-04-16T02:51:00.4833318Z [37m      78 │   templateUrl: [32m'./list-view.component.html'[37m,
2025-04-16T02:51:00.4834154Z          ╵                [32m~~~~~~~~~~~~~~~~~~~~~~~~~~~~[0m
2025-04-16T02:51:00.4834476Z 
2025-04-16T02:51:00.4834494Z 
2025-04-16T02:51:00.4836569Z [31m✘ [41;31m[[41;97mERROR[41;31m][0m [1mNG9: Type 'AbstractControl<any, any>' is missing the following properties from type 'FormControl<any>': defaultValue, registerOnChange, registerOnDisabledChange[0m [1m[35m[plugin angular-compiler][0m
2025-04-16T02:51:00.4837962Z 
2025-04-16T02:51:00.4838323Z     src/app/features/list-view/list-view.component.html:16:27:
2025-04-16T02:51:00.4839436Z [37m      16 │           <input matInput [[32mformControl[37m]="filterForm.controls['sear...
2025-04-16T02:51:00.4840264Z          ╵                            [32m~~~~~~~~~~~[0m
2025-04-16T02:51:00.4840592Z 
2025-04-16T02:51:00.4841156Z   Error occurs in the template of component ListViewComponent.
2025-04-16T02:51:00.4841615Z 
2025-04-16T02:51:00.4841964Z     src/app/features/list-view/list-view.component.ts:78:15:
2025-04-16T02:51:00.4842938Z [37m      78 │   templateUrl: [32m'./list-view.component.html'[37m,
2025-04-16T02:51:00.4844192Z          ╵                [32m~~~~~~~~~~~~~~~~~~~~~~~~~~~~[0m
2025-04-16T02:51:00.4844513Z 
2025-04-16T02:51:00.4844522Z 
2025-04-16T02:51:00.4845655Z [31m✘ [41;31m[[41;97mERROR[41;31m][0m [1mNG2: Type '"netflix" | "list" | "compact"' is not assignable to type '"netflix" | "tinder" | "list"'.
2025-04-16T02:51:00.4847170Z   Type '"compact"' is not assignable to type '"netflix" | "tinder" | "list"'.[0m [1m[35m[plugin angular-compiler][0m
2025-04-16T02:51:00.4847992Z 
2025-04-16T02:51:00.4848344Z     src/app/features/list-view/list-view.component.html:205:15:
2025-04-16T02:51:00.4849424Z [37m      205 │               [[32mlayout[37m]="viewMode === 'list' ? 'list' : (viewMode ...
2025-04-16T02:51:00.4850366Z           ╵                [32m~~~~~~[0m
2025-04-16T02:51:00.4850669Z 
2025-04-16T02:51:00.4850999Z   Error occurs in the template of component ListViewComponent.
2025-04-16T02:51:00.4851575Z 
2025-04-16T02:51:00.4851899Z     src/app/features/list-view/list-view.component.ts:78:15:
2025-04-16T02:51:00.4852812Z [37m      78 │   templateUrl: [32m'./list-view.component.html'[37m,
2025-04-16T02:51:00.4853943Z          ╵                [32m~~~~~~~~~~~~~~~~~~~~~~~~~~~~[0m
2025-04-16T02:51:00.4854267Z 
2025-04-16T02:51:00.4854276Z 
2025-04-16T02:51:00.4855680Z [31m✘ [41;31m[[41;97mERROR[41;31m][0m [1mTS2339: Property 'isAdvertiserOnline' does not exist on type 'Ad'.[0m [1m[35m[plugin angular-compiler][0m
2025-04-16T02:51:00.4856518Z 
2025-04-16T02:51:00.4856868Z     src/app/features/list-view/list-view.component.ts:233:33:
2025-04-16T02:51:00.4858043Z [37m      233 │ ...sAdvertiserOnline: ad.[32misAdvertiserOnline[37m || Math.random() > 0....
2025-04-16T02:51:00.4858964Z           ╵                          [32m~~~~~~~~~~~~~~~~~~[0m
2025-04-16T02:51:00.4859286Z 
2025-04-16T02:51:00.4859295Z 
2025-04-16T02:51:00.4860483Z [31m✘ [41;31m[[41;97mERROR[41;31m][0m [1mTS2339: Property 'isAdvertiserOnline' does not exist on type 'Ad'.[0m [1m[35m[plugin angular-compiler][0m
2025-04-16T02:51:00.4861311Z 
2025-04-16T02:51:00.4861660Z     src/app/features/list-view/list-view.component.ts:294:41:
2025-04-16T02:51:00.4862730Z [37m      294 │         if (filters.status.online && !ad.[32misAdvertiserOnline[37m) {
2025-04-16T02:51:00.4863819Z           ╵                                          [32m~~~~~~~~~~~~~~~~~~[0m
2025-04-16T02:51:00.4864165Z 
2025-04-16T02:51:00.4864174Z 
2025-04-16T02:51:00.4865281Z [31m✘ [41;31m[[41;97mERROR[41;31m][0m [1mTS2339: Property 'isVerified' does not exist on type 'Ad'.[0m [1m[35m[plugin angular-compiler][0m
2025-04-16T02:51:00.4866230Z 
2025-04-16T02:51:00.4866752Z     src/app/features/list-view/list-view.component.ts:302:43:
2025-04-16T02:51:00.4868003Z [37m      302 │         if (filters.status.verified && !ad.[32misVerified[37m) {
2025-04-16T02:51:00.4868883Z           ╵                                            [32m~~~~~~~~~~[0m
2025-04-16T02:51:00.4869230Z 
2025-04-16T02:51:00.4869400Z 
2025-04-16T02:51:00.4870949Z [31m✘ [41;31m[[41;97mERROR[41;31m][0m [1mNG1: Property 'advertiserImage' does not exist on type 'Ad'. Did you mean 'advertiser'?[0m [1m[35m[plugin angular-compiler][0m
2025-04-16T02:51:00.4872046Z 
2025-04-16T02:51:00.4872473Z     src/app/features/netflix-view/netflix-view.component.html:9:30:
2025-04-16T02:51:00.4873732Z [37m      9 │       [avatarUrl]="featuredAd.[32madvertiserImage[37m"
2025-04-16T02:51:00.4874509Z         ╵                               [32m~~~~~~~~~~~~~~~[0m
2025-04-16T02:51:00.4874843Z 
2025-04-16T02:51:00.4875198Z   Error occurs in the template of component NetflixViewComponent.
2025-04-16T02:51:00.4875643Z 
2025-04-16T02:51:00.4876039Z     src/app/features/netflix-view/netflix-view.component.ts:35:15:
2025-04-16T02:51:00.4877476Z [37m      35 │   templateUrl: [32m'./netflix-view.component.html'[37m,
2025-04-16T02:51:00.4878514Z          ╵                [32m~~~~~~~~~~~~~~~~~~~~~~~~~~~~~~~[0m
2025-04-16T02:51:00.4878874Z 
2025-04-16T02:51:00.4878883Z 
2025-04-16T02:51:00.4880226Z [31m✘ [41;31m[[41;97mERROR[41;31m][0m [1mNG1: Property 'advertiserName' does not exist on type 'Ad'. Did you mean 'advertiser'?[0m [1m[35m[plugin angular-compiler][0m
2025-04-16T02:51:00.4881139Z 
2025-04-16T02:51:00.4881552Z     src/app/features/netflix-view/netflix-view.component.html:10:31:
2025-04-16T02:51:00.4882555Z [37m      10 │       [avatarName]="featuredAd.[32madvertiserName[37m"
2025-04-16T02:51:00.4883502Z          ╵                                [32m~~~~~~~~~~~~~~[0m
2025-04-16T02:51:00.4883833Z 
2025-04-16T02:51:00.4884206Z   Error occurs in the template of component NetflixViewComponent.
2025-04-16T02:51:00.4884647Z 
2025-04-16T02:51:00.4885037Z     src/app/features/netflix-view/netflix-view.component.ts:35:15:
2025-04-16T02:51:00.4886068Z [37m      35 │   templateUrl: [32m'./netflix-view.component.html'[37m,
2025-04-16T02:51:00.4886911Z          ╵                [32m~~~~~~~~~~~~~~~~~~~~~~~~~~~~~~~[0m
2025-04-16T02:51:00.4887464Z 
2025-04-16T02:51:00.4887475Z 
2025-04-16T02:51:00.4888653Z [31m✘ [41;31m[[41;97mERROR[41;31m][0m [1mNG9: Property 'isAdvertiserOnline' does not exist on type 'Ad'.[0m [1m[35m[plugin angular-compiler][0m
2025-04-16T02:51:00.4889477Z 
2025-04-16T02:51:00.4889885Z     src/app/features/netflix-view/netflix-view.component.html:11:35:
2025-04-16T02:51:00.4890975Z [37m      11 │       [avatarIsOnline]="featuredAd.[32misAdvertiserOnline[37m"
2025-04-16T02:51:00.4891835Z          ╵                                    [32m~~~~~~~~~~~~~~~~~~[0m
2025-04-16T02:51:00.4892167Z 
2025-04-16T02:51:00.4892528Z   Error occurs in the template of component NetflixViewComponent.
2025-04-16T02:51:00.4893381Z 
2025-04-16T02:51:00.4893933Z     src/app/features/netflix-view/netflix-view.component.ts:35:15:
2025-04-16T02:51:00.4894994Z [37m      35 │   templateUrl: [32m'./netflix-view.component.html'[37m,
2025-04-16T02:51:00.4895791Z          ╵                [32m~~~~~~~~~~~~~~~~~~~~~~~~~~~~~~~[0m
2025-04-16T02:51:00.4896131Z 
2025-04-16T02:51:00.4896139Z 
2025-04-16T02:51:00.4897861Z [31m✘ [41;31m[[41;97mERROR[41;31m][0m [1mNG3: Object literal may only specify known properties, and '"primary"' does not exist in type 'HeaderAction'.[0m [1m[35m[plugin angular-compiler][0m
2025-04-16T02:51:00.4898880Z 
2025-04-16T02:51:00.4899283Z     src/app/features/netflix-view/netflix-view.component.html:13:81:
2025-04-16T02:51:00.4900441Z [37m      13 │ ...label: 'View Profile', icon: 'fas fa-info-circle', primary: [32mtrue[37m},
2025-04-16T02:51:00.4901365Z          ╵                                                                [32m~~~~[0m
2025-04-16T02:51:00.4901713Z 
2025-04-16T02:51:00.4902064Z   Error occurs in the template of component NetflixViewComponent.
2025-04-16T02:51:00.4902697Z 
2025-04-16T02:51:00.4903067Z     src/app/features/netflix-view/netflix-view.component.ts:35:15:
2025-04-16T02:51:00.4904132Z [37m      35 │   templateUrl: [32m'./netflix-view.component.html'[37m,
2025-04-16T02:51:00.4904817Z          ╵                [32m~~~~~~~~~~~~~~~~~~~~~~~~~~~~~~~[0m
2025-04-16T02:51:00.4905133Z 
2025-04-16T02:51:00.4905141Z 
2025-04-16T02:51:00.4906177Z [31m✘ [41;31m[[41;97mERROR[41;31m][0m [1mNG8002: Can't bind to 'layout' since it isn't a known property of 'emerald-skeleton-loader'.
2025-04-16T02:51:00.4907974Z 1. If 'emerald-skeleton-loader' is an Angular component and it has 'layout' input, then verify that it is included in the '@Component.imports' of this component.
2025-04-16T02:51:00.4909945Z 2. If 'emerald-skeleton-loader' is a Web Component then add 'CUSTOM_ELEMENTS_SCHEMA' to the '@Component.schemas' of this component to suppress this message.
2025-04-16T02:51:00.4912177Z 3. To allow any property add 'NO_ERRORS_SCHEMA' to the '@Component.schemas' of this component.[0m [1m[35m[plugin angular-compiler][0m
2025-04-16T02:51:00.4912994Z 
2025-04-16T02:51:00.4913686Z     src/app/features/netflix-view/netflix-view.component.html:54:10:
2025-04-16T02:51:00.4914635Z [37m      54 │           [32m[layout]="'netflix'"[37m>
2025-04-16T02:51:00.4915272Z          ╵           [32m~~~~~~~~~~~~~~~~~~~~[0m
2025-04-16T02:51:00.4915586Z 
2025-04-16T02:51:00.4916122Z   Error occurs in the template of component NetflixViewComponent.
2025-04-16T02:51:00.4916566Z 
2025-04-16T02:51:00.4916947Z     src/app/features/netflix-view/netflix-view.component.ts:35:15:
2025-04-16T02:51:00.4917950Z [37m      35 │   templateUrl: [32m'./netflix-view.component.html'[37m,
2025-04-16T02:51:00.4918709Z          ╵                [32m~~~~~~~~~~~~~~~~~~~~~~~~~~~~~~~[0m
2025-04-16T02:51:00.4919016Z 
2025-04-16T02:51:00.4919024Z 
2025-04-16T02:51:00.4920267Z [31m✘ [41;31m[[41;97mERROR[41;31m][0m [1mNG2: Type 'string' is not assignable to type '"netflix" | "grid" | "masonry"'.[0m [1m[35m[plugin angular-compiler][0m
2025-04-16T02:51:00.4921074Z 
2025-04-16T02:51:00.4921468Z     src/app/features/netflix-view/netflix-view.component.html:85:15:
2025-04-16T02:51:00.4922578Z [37m      85 │               [[32mlayout[37m]="cardGridConfig.layout"
2025-04-16T02:51:00.4923393Z          ╵                [32m~~~~~~[0m
2025-04-16T02:51:00.4923703Z 
2025-04-16T02:51:00.4924072Z   Error occurs in the template of component NetflixViewComponent.
2025-04-16T02:51:00.4924512Z 
2025-04-16T02:51:00.4924903Z     src/app/features/netflix-view/netflix-view.component.ts:35:15:
2025-04-16T02:51:00.4925925Z [37m      35 │   templateUrl: [32m'./netflix-view.component.html'[37m,
2025-04-16T02:51:00.4926696Z          ╵                [32m~~~~~~~~~~~~~~~~~~~~~~~~~~~~~~~[0m
2025-04-16T02:51:00.4927022Z 
2025-04-16T02:51:00.4927031Z 
2025-04-16T02:51:00.4928054Z [31m✘ [41;31m[[41;97mERROR[41;31m][0m [1mNG8002: Can't bind to 'itemsPerRow' since it isn't a known property of 'emerald-card-grid'.
2025-04-16T02:51:00.4929840Z 1. If 'emerald-card-grid' is an Angular component and it has 'itemsPerRow' input, then verify that it is included in the '@Component.imports' of this component.
2025-04-16T02:51:00.4931752Z 2. If 'emerald-card-grid' is a Web Component then add 'CUSTOM_ELEMENTS_SCHEMA' to the '@Component.schemas' of this component to suppress this message.
2025-04-16T02:51:00.4933908Z 3. To allow any property add 'NO_ERRORS_SCHEMA' to the '@Component.schemas' of this component.[0m [1m[35m[plugin angular-compiler][0m
2025-04-16T02:51:00.4934688Z 
2025-04-16T02:51:00.4935091Z     src/app/features/netflix-view/netflix-view.component.html:88:14:
2025-04-16T02:51:00.4936121Z [37m      88 │               [32m[itemsPerRow]="cardGridConfig.itemsPerRow"[37m
2025-04-16T02:51:00.4936911Z          ╵               [32m~~~~~~~~~~~~~~~~~~~~~~~~~~~~~~~~~~~~~~~~~~[0m
2025-04-16T02:51:00.4937250Z 
2025-04-16T02:51:00.4937581Z   Error occurs in the template of component NetflixViewComponent.
2025-04-16T02:51:00.4937995Z 
2025-04-16T02:51:00.4938360Z     src/app/features/netflix-view/netflix-view.component.ts:35:15:
2025-04-16T02:51:00.4939299Z [37m      35 │   templateUrl: [32m'./netflix-view.component.html'[37m,
2025-04-16T02:51:00.4940028Z          ╵                [32m~~~~~~~~~~~~~~~~~~~~~~~~~~~~~~~[0m
2025-04-16T02:51:00.4940323Z 
2025-04-16T02:51:00.4940330Z 
2025-04-16T02:51:00.4941255Z [31m✘ [41;31m[[41;97mERROR[41;31m][0m [1mNG8002: Can't bind to 'subtitle' since it isn't a known property of 'emerald-app-card'.
2025-04-16T02:51:00.4942871Z 1. If 'emerald-app-card' is an Angular component and it has 'subtitle' input, then verify that it is included in the '@Component.imports' of this component.
2025-04-16T02:51:00.4944809Z 2. If 'emerald-app-card' is a Web Component then add 'CUSTOM_ELEMENTS_SCHEMA' to the '@Component.schemas' of this component to suppress this message.
2025-04-16T02:51:00.4946844Z 3. To allow any property add 'NO_ERRORS_SCHEMA' to the '@Component.schemas' of this component.[0m [1m[35m[plugin angular-compiler][0m
2025-04-16T02:51:00.4947589Z 
2025-04-16T02:51:00.4947983Z     src/app/features/netflix-view/netflix-view.component.html:93:18:
2025-04-16T02:51:00.4948918Z [37m      93 │                   [32m[subtitle]="ad.location"[37m
2025-04-16T02:51:00.4949592Z          ╵                   [32m~~~~~~~~~~~~~~~~~~~~~~~~[0m
2025-04-16T02:51:00.4949917Z 
2025-04-16T02:51:00.4950271Z   Error occurs in the template of component NetflixViewComponent.
2025-04-16T02:51:00.4950685Z 
2025-04-16T02:51:00.4951065Z     src/app/features/netflix-view/netflix-view.component.ts:35:15:
2025-04-16T02:51:00.4952081Z [37m      35 │   templateUrl: [32m'./netflix-view.component.html'[37m,
2025-04-16T02:51:00.4952859Z          ╵                [32m~~~~~~~~~~~~~~~~~~~~~~~~~~~~~~~[0m
2025-04-16T02:51:00.4953360Z 
2025-04-16T02:51:00.4953369Z 
2025-04-16T02:51:00.4954445Z [31m✘ [41;31m[[41;97mERROR[41;31m][0m [1mNG8002: Can't bind to 'description' since it isn't a known property of 'emerald-app-card'.
2025-04-16T02:51:00.4956253Z 1. If 'emerald-app-card' is an Angular component and it has 'description' input, then verify that it is included in the '@Component.imports' of this component.
2025-04-16T02:51:00.4958424Z 2. If 'emerald-app-card' is a Web Component then add 'CUSTOM_ELEMENTS_SCHEMA' to the '@Component.schemas' of this component to suppress this message.
2025-04-16T02:51:00.4960400Z 3. To allow any property add 'NO_ERRORS_SCHEMA' to the '@Component.schemas' of this component.[0m [1m[35m[plugin angular-compiler][0m
2025-04-16T02:51:00.4961196Z 
2025-04-16T02:51:00.4961610Z     src/app/features/netflix-view/netflix-view.component.html:94:18:
2025-04-16T02:51:00.4962765Z [37m      94 │ ...          [32m[description]="ad.shortDescription || ad.description?[37m...
2025-04-16T02:51:00.4963916Z          ╵              [32m~~~~~~~~~~~~~~~~~~~~~~~~~~~~~~~~~~~~~~~~~~~~~~~~~~~~~[0m
2025-04-16T02:51:00.4964296Z 
2025-04-16T02:51:00.4964727Z   Error occurs in the template of component NetflixViewComponent.
2025-04-16T02:51:00.4965212Z 
2025-04-16T02:51:00.4965595Z     src/app/features/netflix-view/netflix-view.component.ts:35:15:
2025-04-16T02:51:00.4966615Z [37m      35 │   templateUrl: [32m'./netflix-view.component.html'[37m,
2025-04-16T02:51:00.4967420Z          ╵                [32m~~~~~~~~~~~~~~~~~~~~~~~~~~~~~~~[0m
2025-04-16T02:51:00.4967742Z 
2025-04-16T02:51:00.4967752Z 
2025-04-16T02:51:00.4968761Z [31m✘ [41;31m[[41;97mERROR[41;31m][0m [1mNG8002: Can't bind to 'imageUrl' since it isn't a known property of 'emerald-app-card'.
2025-04-16T02:51:00.4970487Z 1. If 'emerald-app-card' is an Angular component and it has 'imageUrl' input, then verify that it is included in the '@Component.imports' of this component.
2025-04-16T02:51:00.4972334Z 2. If 'emerald-app-card' is a Web Component then add 'CUSTOM_ELEMENTS_SCHEMA' to the '@Component.schemas' of this component to suppress this message.
2025-04-16T02:51:00.4974597Z 3. To allow any property add 'NO_ERRORS_SCHEMA' to the '@Component.schemas' of this component.[0m [1m[35m[plugin angular-compiler][0m
2025-04-16T02:51:00.4975390Z 
2025-04-16T02:51:00.4975792Z     src/app/features/netflix-view/netflix-view.component.html:95:18:
2025-04-16T02:51:00.4976745Z [37m      95 │                   [32m[imageUrl]="getMediaUrl(ad)"[37m
2025-04-16T02:51:00.4977451Z          ╵                   [32m~~~~~~~~~~~~~~~~~~~~~~~~~~~~[0m
2025-04-16T02:51:00.4977774Z 
2025-04-16T02:51:00.4978137Z   Error occurs in the template of component NetflixViewComponent.
2025-04-16T02:51:00.4978570Z 
2025-04-16T02:51:00.4978952Z     src/app/features/netflix-view/netflix-view.component.ts:35:15:
2025-04-16T02:51:00.4979938Z [37m      35 │   templateUrl: [32m'./netflix-view.component.html'[37m,
2025-04-16T02:51:00.4980706Z          ╵                [32m~~~~~~~~~~~~~~~~~~~~~~~~~~~~~~~[0m
2025-04-16T02:51:00.4981031Z 
2025-04-16T02:51:00.4981040Z 
2025-04-16T02:51:00.4982229Z [31m✘ [41;31m[[41;97mERROR[41;31m][0m [1mNG8002: Can't bind to 'avatarUrl' since it isn't a known property of 'emerald-app-card'.
2025-04-16T02:51:00.4984340Z 1. If 'emerald-app-card' is an Angular component and it has 'avatarUrl' input, then verify that it is included in the '@Component.imports' of this component.
2025-04-16T02:51:00.4986243Z 2. If 'emerald-app-card' is a Web Component then add 'CUSTOM_ELEMENTS_SCHEMA' to the '@Component.schemas' of this component to suppress this message.
2025-04-16T02:51:00.4988237Z 3. To allow any property add 'NO_ERRORS_SCHEMA' to the '@Component.schemas' of this component.[0m [1m[35m[plugin angular-compiler][0m
2025-04-16T02:51:00.4989019Z 
2025-04-16T02:51:00.4989420Z     src/app/features/netflix-view/netflix-view.component.html:96:18:
2025-04-16T02:51:00.4990390Z [37m      96 │                   [32m[avatarUrl]="ad.advertiserImage"[37m
2025-04-16T02:51:00.4991102Z          ╵                   [32m~~~~~~~~~~~~~~~~~~~~~~~~~~~~~~~~[0m
2025-04-16T02:51:00.4991418Z 
2025-04-16T02:51:00.4991773Z   Error occurs in the template of component NetflixViewComponent.
2025-04-16T02:51:00.4992219Z 
2025-04-16T02:51:00.4992591Z     src/app/features/netflix-view/netflix-view.component.ts:35:15:
2025-04-16T02:51:00.4993909Z [37m      35 │   templateUrl: [32m'./netflix-view.component.html'[37m,
2025-04-16T02:51:00.4994662Z          ╵                [32m~~~~~~~~~~~~~~~~~~~~~~~~~~~~~~~[0m
2025-04-16T02:51:00.4994988Z 
2025-04-16T02:51:00.4994997Z 
2025-04-16T02:51:00.4996029Z [31m✘ [41;31m[[41;97mERROR[41;31m][0m [1mNG8002: Can't bind to 'avatarName' since it isn't a known property of 'emerald-app-card'.
2025-04-16T02:51:00.4997847Z 1. If 'emerald-app-card' is an Angular component and it has 'avatarName' input, then verify that it is included in the '@Component.imports' of this component.
2025-04-16T02:51:00.4999663Z 2. If 'emerald-app-card' is a Web Component then add 'CUSTOM_ELEMENTS_SCHEMA' to the '@Component.schemas' of this component to suppress this message.
2025-04-16T02:51:00.5001692Z 3. To allow any property add 'NO_ERRORS_SCHEMA' to the '@Component.schemas' of this component.[0m [1m[35m[plugin angular-compiler][0m
2025-04-16T02:51:00.5002494Z 
2025-04-16T02:51:00.5002907Z     src/app/features/netflix-view/netflix-view.component.html:97:18:
2025-04-16T02:51:00.5004131Z [37m      97 │                   [32m[avatarName]="ad.advertiserName"[37m
2025-04-16T02:51:00.5004887Z          ╵                   [32m~~~~~~~~~~~~~~~~~~~~~~~~~~~~~~~~[0m
2025-04-16T02:51:00.5005226Z 
2025-04-16T02:51:00.5005586Z   Error occurs in the template of component NetflixViewComponent.
2025-04-16T02:51:00.5006020Z 
2025-04-16T02:51:00.5006416Z     src/app/features/netflix-view/netflix-view.component.ts:35:15:
2025-04-16T02:51:00.5007429Z [37m      35 │   templateUrl: [32m'./netflix-view.component.html'[37m,
2025-04-16T02:51:00.5008206Z          ╵                [32m~~~~~~~~~~~~~~~~~~~~~~~~~~~~~~~[0m
2025-04-16T02:51:00.5008526Z 
2025-04-16T02:51:00.5008535Z 
2025-04-16T02:51:00.5009498Z [31m✘ [41;31m[[41;97mERROR[41;31m][0m [1mNG8002: Can't bind to 'tags' since it isn't a known property of 'emerald-app-card'.
2025-04-16T02:51:00.5011122Z 1. If 'emerald-app-card' is an Angular component and it has 'tags' input, then verify that it is included in the '@Component.imports' of this component.
2025-04-16T02:51:00.5012938Z 2. If 'emerald-app-card' is a Web Component then add 'CUSTOM_ELEMENTS_SCHEMA' to the '@Component.schemas' of this component to suppress this message.
2025-04-16T02:51:00.5015059Z 3. To allow any property add 'NO_ERRORS_SCHEMA' to the '@Component.schemas' of this component.[0m [1m[35m[plugin angular-compiler][0m
2025-04-16T02:51:00.5015866Z 
2025-04-16T02:51:00.5016282Z     src/app/features/netflix-view/netflix-view.component.html:99:18:
2025-04-16T02:51:00.5017282Z [37m      99 │                   [32m[tags]="ad.tags?.slice(0, 3)"[37m
2025-04-16T02:51:00.5017988Z          ╵                   [32m~~~~~~~~~~~~~~~~~~~~~~~~~~~~~[0m
2025-04-16T02:51:00.5018305Z 
2025-04-16T02:51:00.5018657Z   Error occurs in the template of component NetflixViewComponent.
2025-04-16T02:51:00.5019287Z 
2025-04-16T02:51:00.5019673Z     src/app/features/netflix-view/netflix-view.component.ts:35:15:
2025-04-16T02:51:00.5020668Z [37m      35 │   templateUrl: [32m'./netflix-view.component.html'[37m,
2025-04-16T02:51:00.5021450Z          ╵                [32m~~~~~~~~~~~~~~~~~~~~~~~~~~~~~~~[0m
2025-04-16T02:51:00.5021757Z 
2025-04-16T02:51:00.5021766Z 
2025-04-16T02:51:00.5022726Z [31m✘ [41;31m[[41;97mERROR[41;31m][0m [1mNG8002: Can't bind to 'itemId' since it isn't a known property of 'emerald-app-card'.
2025-04-16T02:51:00.5024580Z 1. If 'emerald-app-card' is an Angular component and it has 'itemId' input, then verify that it is included in the '@Component.imports' of this component.
2025-04-16T02:51:00.5026440Z 2. If 'emerald-app-card' is a Web Component then add 'CUSTOM_ELEMENTS_SCHEMA' to the '@Component.schemas' of this component to suppress this message.
2025-04-16T02:51:00.5028409Z 3. To allow any property add 'NO_ERRORS_SCHEMA' to the '@Component.schemas' of this component.[0m [1m[35m[plugin angular-compiler][0m
2025-04-16T02:51:00.5029192Z 
2025-04-16T02:51:00.5029604Z     src/app/features/netflix-view/netflix-view.component.html:101:18:
2025-04-16T02:51:00.5030689Z [37m      101 │                   [32m[itemId]="ad._id"[37m
2025-04-16T02:51:00.5031325Z           ╵                   [32m~~~~~~~~~~~~~~~~~[0m
2025-04-16T02:51:00.5031630Z 
2025-04-16T02:51:00.5031982Z   Error occurs in the template of component NetflixViewComponent.
2025-04-16T02:51:00.5032604Z 
2025-04-16T02:51:00.5033006Z     src/app/features/netflix-view/netflix-view.component.ts:35:15:
2025-04-16T02:51:00.5034259Z [37m      35 │   templateUrl: [32m'./netflix-view.component.html'[37m,
2025-04-16T02:51:00.5035285Z          ╵                [32m~~~~~~~~~~~~~~~~~~~~~~~~~~~~~~~[0m
2025-04-16T02:51:00.5035598Z 
2025-04-16T02:51:00.5035605Z 
2025-04-16T02:51:00.5036553Z [31m✘ [41;31m[[41;97mERROR[41;31m][0m [1mNG8002: Can't bind to 'actions' since it isn't a known property of 'emerald-app-card'.
2025-04-16T02:51:00.5038200Z 1. If 'emerald-app-card' is an Angular component and it has 'actions' input, then verify that it is included in the '@Component.imports' of this component.
2025-04-16T02:51:00.5040038Z 2. If 'emerald-app-card' is a Web Component then add 'CUSTOM_ELEMENTS_SCHEMA' to the '@Component.schemas' of this component to suppress this message.
2025-04-16T02:51:00.5041944Z 3. To allow any property add 'NO_ERRORS_SCHEMA' to the '@Component.schemas' of this component.[0m [1m[35m[plugin angular-compiler][0m
2025-04-16T02:51:00.5042721Z 
2025-04-16T02:51:00.5043294Z     src/app/features/netflix-view/netflix-view.component.html:102:18:
2025-04-16T02:51:00.5044213Z [37m      102 │                   [32m[actions]="[[37m
2025-04-16T02:51:00.5044827Z           ╵                   [32m~~~~~~~~~~~~[0m
2025-04-16T02:51:00.5045123Z 
2025-04-16T02:51:00.5045473Z   Error occurs in the template of component NetflixViewComponent.
2025-04-16T02:51:00.5045913Z 
2025-04-16T02:51:00.5046297Z     src/app/features/netflix-view/netflix-view.component.ts:35:15:
2025-04-16T02:51:00.5047286Z [37m      35 │   templateUrl: [32m'./netflix-view.component.html'[37m,
2025-04-16T02:51:00.5048070Z          ╵                [32m~~~~~~~~~~~~~~~~~~~~~~~~~~~~~~~[0m
2025-04-16T02:51:00.5048378Z 
2025-04-16T02:51:00.5048386Z 
2025-04-16T02:51:00.5049482Z [31m✘ [41;31m[[41;97mERROR[41;31m][0m [1mNG5: Argument of type 'Event' is not assignable to parameter of type '{ id: string; itemId?: string; }'.
2025-04-16T02:51:00.5051176Z   Property 'id' is missing in type 'Event' but required in type '{ id: string; itemId?: string; }'.[0m [1m[35m[plugin angular-compiler][0m
2025-04-16T02:51:00.5051932Z 
2025-04-16T02:51:00.5052338Z     src/app/features/netflix-view/netflix-view.component.html:107:46:
2025-04-16T02:51:00.5053689Z [37m      107 │                   (actionClick)="onCardAction([32m$event[37m, ad._id)">
2025-04-16T02:51:00.5054509Z           ╵                                               [32m~~~~~~[0m
2025-04-16T02:51:00.5055031Z 
2025-04-16T02:51:00.5055390Z   Error occurs in the template of component NetflixViewComponent.
2025-04-16T02:51:00.5055799Z 
2025-04-16T02:51:00.5056134Z     src/app/features/netflix-view/netflix-view.component.ts:35:15:
2025-04-16T02:51:00.5057139Z [37m      35 │   templateUrl: [32m'./netflix-view.component.html'[37m,
2025-04-16T02:51:00.5057831Z          ╵                [32m~~~~~~~~~~~~~~~~~~~~~~~~~~~~~~~[0m
2025-04-16T02:51:00.5058111Z 
2025-04-16T02:51:00.5058119Z 
2025-04-16T02:51:00.5058911Z [31m✘ [41;31m[[41;97mERROR[41;31m][0m [1mNG8002: Can't bind to 'value' since it isn't a known property of 'emerald-toggle'.
2025-04-16T02:51:00.5060344Z 1. If 'emerald-toggle' is an Angular component and it has 'value' input, then verify that it is included in the '@Component.imports' of this component.
2025-04-16T02:51:00.5061840Z 2. If 'emerald-toggle' is a Web Component then add 'CUSTOM_ELEMENTS_SCHEMA' to the '@Component.schemas' of this component to suppress this message.
2025-04-16T02:51:00.5063704Z 3. To allow any property add 'NO_ERRORS_SCHEMA' to the '@Component.schemas' of this component.[0m [1m[35m[plugin angular-compiler][0m
2025-04-16T02:51:00.5064588Z 
2025-04-16T02:51:00.5064939Z     src/app/features/netflix-view/netflix-view.component.html:178:16:
2025-04-16T02:51:00.5065862Z [37m      178 │                 [32m[value]="filterForm.get('touringOnly')?.value"[37m
2025-04-16T02:51:00.5066634Z           ╵                 [32m~~~~~~~~~~~~~~~~~~~~~~~~~~~~~~~~~~~~~~~~~~~~~~[0m
2025-04-16T02:51:00.5066982Z 
2025-04-16T02:51:00.5067327Z   Error occurs in the template of component NetflixViewComponent.
2025-04-16T02:51:00.5067753Z 
2025-04-16T02:51:00.5068116Z     src/app/features/netflix-view/netflix-view.component.ts:35:15:
2025-04-16T02:51:00.5069079Z [37m      35 │   templateUrl: [32m'./netflix-view.component.html'[37m,
2025-04-16T02:51:00.5069801Z          ╵                [32m~~~~~~~~~~~~~~~~~~~~~~~~~~~~~~~[0m
2025-04-16T02:51:00.5070097Z 
2025-04-16T02:51:00.5070119Z 
2025-04-16T02:51:00.5071229Z [31m✘ [41;31m[[41;97mERROR[41;31m][0m [1mTS2339: Property 'website' does not exist on type 'UserProfile'.[0m [1m[35m[plugin angular-compiler][0m
2025-04-16T02:51:00.5071991Z 
2025-04-16T02:51:00.5072319Z     src/app/features/profile/edit-profile.component.ts:139:26:
2025-04-16T02:51:00.5073392Z [37m      139 │             website: user.[32mwebsite[37m || '',
2025-04-16T02:51:00.5074049Z           ╵                           [32m~~~~~~~[0m
2025-04-16T02:51:00.5074341Z 
2025-04-16T02:51:00.5074350Z 
2025-04-16T02:51:00.5074924Z [31m✘ [41;31m[[41;97mERROR[41;31m][0m [1mExpected "}" but found "onSubmit"[0m
2025-04-16T02:51:00.5075369Z 
2025-04-16T02:51:00.5075654Z     src/app/features/profile/profile.component.ts:12:2:
2025-04-16T02:51:00.5076339Z [37m      12 │   [32monSubmit[37m(): void {
2025-04-16T02:51:00.5076853Z          │   [32m~~~~~~~~[37m
2025-04-16T02:51:00.5077259Z          ╵   [32m}[0m
2025-04-16T02:51:00.5077456Z 
2025-04-16T02:51:00.5077486Z 
2025-04-16T02:51:00.5078228Z [31m✘ [41;31m[[41;97mERROR[41;31m][0m [1mTS1005: ',' expected.[0m [1m[35m[plugin angular-compiler][0m
2025-04-16T02:51:00.5078774Z 
2025-04-16T02:51:00.5079055Z     src/app/features/profile/profile.component.ts:12:2:
2025-04-16T02:51:00.5079736Z [37m      12 │   [32monSubmit[37m(): void {
2025-04-16T02:51:00.5080243Z          ╵   [32m~~~~~~~~[0m
2025-04-16T02:51:00.5080476Z 
2025-04-16T02:51:00.5080484Z 
2025-04-16T02:51:00.5081225Z [31m✘ [41;31m[[41;97mERROR[41;31m][0m [1mTS1005: ',' expected.[0m [1m[35m[plugin angular-compiler][0m
2025-04-16T02:51:00.5081767Z 
2025-04-16T02:51:00.5082053Z     src/app/features/profile/profile.component.ts:12:10:
2025-04-16T02:51:00.5082736Z [37m      12 │   onSubmit[32m([37m): void {
2025-04-16T02:51:00.5083415Z          ╵           [32m^[0m
2025-04-16T02:51:00.5083644Z 
2025-04-16T02:51:00.5083651Z 
2025-04-16T02:51:00.5084752Z [31m✘ [41;31m[[41;97mERROR[41;31m][0m [1mTS1141: String literal expected.[0m [1m[35m[plugin angular-compiler][0m
2025-04-16T02:51:00.5085494Z 
2025-04-16T02:51:00.5085806Z     src/app/features/profile/profile.component.ts:12:10:
2025-04-16T02:51:00.5086577Z [37m      12 │   onSubmit[32m(): void {[37m
2025-04-16T02:51:00.5087175Z          ╵           [32m~~~~~~~~~~[0m
2025-04-16T02:51:00.5087446Z 
2025-04-16T02:51:00.5087453Z 
2025-04-16T02:51:00.5088218Z [31m✘ [41;31m[[41;97mERROR[41;31m][0m [1mTS1005: '=>' expected.[0m [1m[35m[plugin angular-compiler][0m
2025-04-16T02:51:00.5088777Z 
2025-04-16T02:51:00.5089072Z     src/app/features/profile/profile.component.ts:12:19:
2025-04-16T02:51:00.5089760Z [37m      12 │   onSubmit(): void [32m{[37m
2025-04-16T02:51:00.5090294Z          ╵                    [32m^[0m
2025-04-16T02:51:00.5090558Z 
2025-04-16T02:51:00.5090566Z 
2025-04-16T02:51:00.5091508Z [31m✘ [41;31m[[41;97mERROR[41;31m][0m [1mTS1128: Declaration or statement expected.[0m [1m[35m[plugin angular-compiler][0m
2025-04-16T02:51:00.5092176Z 
2025-04-16T02:51:00.5092465Z     src/app/features/profile/profile.component.ts:72:0:
2025-04-16T02:51:00.5093398Z [37m      72 │ [32m}[37m from '@angular/core';
2025-04-16T02:51:00.5094113Z          ╵ [32m^[0m
2025-04-16T02:51:00.5094314Z 
2025-04-16T02:51:00.5094322Z 
2025-04-16T02:51:00.5095248Z [31m✘ [41;31m[[41;97mERROR[41;31m][0m [1mTS1434: Unexpected keyword or identifier.[0m [1m[35m[plugin angular-compiler][0m
2025-04-16T02:51:00.5095924Z 
2025-04-16T02:51:00.5096199Z     src/app/features/profile/profile.component.ts:72:2:
2025-04-16T02:51:00.5096901Z [37m      72 │ } [32mfrom[37m '@angular/core';
2025-04-16T02:51:00.5097380Z          ╵   [32m~~~~[0m
2025-04-16T02:51:00.5097602Z 
2025-04-16T02:51:00.5097610Z 
2025-04-16T02:51:00.5098449Z [31m✘ [41;31m[[41;97mERROR[41;31m][0m [1mTS2304: Cannot find name 'from'.[0m [1m[35m[plugin angular-compiler][0m
2025-04-16T02:51:00.5099046Z 
2025-04-16T02:51:00.5099326Z     src/app/features/profile/profile.component.ts:72:2:
2025-04-16T02:51:00.5100030Z [37m      72 │ } [32mfrom[37m '@angular/core';
2025-04-16T02:51:00.5100503Z          ╵   [32m~~~~[0m
2025-04-16T02:51:00.5100735Z 
2025-04-16T02:51:00.5100743Z 
2025-04-16T02:51:00.5101637Z [31m✘ [41;31m[[41;97mERROR[41;31m][0m [1mTS2304: Cannot find name 'AuthService'.[0m [1m[35m[plugin angular-compiler][0m
2025-04-16T02:51:00.5102263Z 
2025-04-16T02:51:00.5102558Z     src/app/features/profile/profile.component.ts:98:25:
2025-04-16T02:51:00.5103523Z [37m      98 │     private authService: [32mAuthService[37m,
2025-04-16T02:51:00.5104171Z          ╵                          [32m~~~~~~~~~~~[0m
2025-04-16T02:51:00.5104469Z 
2025-04-16T02:51:00.5104477Z 
2025-04-16T02:51:00.5106034Z [31m✘ [41;31m[[41;97mERROR[41;31m][0m [1mTS2339: Property 'privacy' does not exist on type '{ notifications?: boolean; darkMode?: boolean; language?: string; }'.[0m [1m[35m[plugin angular-compiler][0m
2025-04-16T02:51:00.5107086Z 
2025-04-16T02:51:00.5107400Z     src/app/features/profile/profile.component.ts:146:59:
2025-04-16T02:51:00.5108475Z [37m      146 │ ...ences.privacy': this.userProfile.preferences?.[32mprivacy[37m || 'public'
2025-04-16T02:51:00.5109365Z           ╵                                                  [32m~~~~~~~[0m
2025-04-16T02:51:00.5109679Z 
2025-04-16T02:51:00.5109687Z 
2025-04-16T02:51:00.5110845Z [31m✘ [41;31m[[41;97mERROR[41;31m][0m [1mTS-996002: 'ProfileComponent' does not appear to be an NgModule class.[0m [1m[35m[plugin angular-compiler][0m
2025-04-16T02:51:00.5111651Z 
2025-04-16T02:51:00.5111923Z     src/app/features/profile/profile.module.ts:28:4:
2025-04-16T02:51:00.5112620Z [37m      28 │     [32mProfileComponent[37m,
2025-04-16T02:51:00.5113447Z          ╵     [32m~~~~~~~~~~~~~~~~[0m
2025-04-16T02:51:00.5113732Z 
2025-04-16T02:51:00.5113940Z   Is it missing an @NgModule annotation?
2025-04-16T02:51:00.5114249Z 
2025-04-16T02:51:00.5114577Z     src/app/features/profile/profile.component.ts:88:13:
2025-04-16T02:51:00.5115703Z [37m      88 │ export class [32mProfileComponent[37m implements OnInit {
2025-04-16T02:51:00.5116417Z          ╵              [32m~~~~~~~~~~~~~~~~[0m
2025-04-16T02:51:00.5116723Z 
2025-04-16T02:51:00.5116731Z 
2025-04-16T02:51:00.5117704Z [31m✘ [41;31m[[41;97mERROR[41;31m][0m [1mNG8002: Can't bind to 'layout' since it isn't a known property of 'emerald-skeleton-loader'.
2025-04-16T02:51:00.5119415Z 1. If 'emerald-skeleton-loader' is an Angular component and it has 'layout' input, then verify that it is included in the '@Component.imports' of this component.
2025-04-16T02:51:00.5121321Z 2. If 'emerald-skeleton-loader' is a Web Component then add 'CUSTOM_ELEMENTS_SCHEMA' to the '@Component.schemas' of this component to suppress this message.
2025-04-16T02:51:00.5123404Z 3. To allow any property add 'NO_ERRORS_SCHEMA' to the '@Component.schemas' of this component.[0m [1m[35m[plugin angular-compiler][0m
2025-04-16T02:51:00.5124161Z 
2025-04-16T02:51:00.5124468Z     src/app/features/tinder/tinder.component.html:18:8:
2025-04-16T02:51:00.5125210Z [37m      18 │         [32m[layout]="'tinder'"[37m>
2025-04-16T02:51:00.5125787Z          ╵         [32m~~~~~~~~~~~~~~~~~~~[0m
2025-04-16T02:51:00.5126261Z 
2025-04-16T02:51:00.5126566Z   Error occurs in the template of component TinderComponent.
2025-04-16T02:51:00.5126968Z 
2025-04-16T02:51:00.5127232Z     src/app/features/tinder/tinder.component.ts:34:15:
2025-04-16T02:51:00.5128067Z [37m      34 │   templateUrl: [32m'./tinder.component.html'[37m,
2025-04-16T02:51:00.5128737Z          ╵                [32m~~~~~~~~~~~~~~~~~~~~~~~~~[0m
2025-04-16T02:51:00.5129033Z 
2025-04-16T02:51:00.5129041Z 
2025-04-16T02:51:00.5130043Z [31m✘ [41;31m[[41;97mERROR[41;31m][0m [1mNG2: Type 'number' is not assignable to type 'string'.[0m [1m[35m[plugin angular-compiler][0m
2025-04-16T02:51:00.5130732Z 
2025-04-16T02:51:00.5131011Z     src/app/features/tinder/tinder.component.html:53:9:
2025-04-16T02:51:00.5131740Z [37m      53 │         [[32mage[37m]="currentAd.age"
2025-04-16T02:51:00.5132290Z          ╵          [32m~~~[0m
2025-04-16T02:51:00.5132530Z 
2025-04-16T02:51:00.5132842Z   Error occurs in the template of component TinderComponent.
2025-04-16T02:51:00.5133471Z 
2025-04-16T02:51:00.5133748Z     src/app/features/tinder/tinder.component.ts:34:15:
2025-04-16T02:51:00.5134586Z [37m      34 │   templateUrl: [32m'./tinder.component.html'[37m,
2025-04-16T02:51:00.5135272Z          ╵                [32m~~~~~~~~~~~~~~~~~~~~~~~~~[0m
2025-04-16T02:51:00.5135578Z 
2025-04-16T02:51:00.5135586Z 
2025-04-16T02:51:00.5136837Z [31m✘ [41;31m[[41;97mERROR[41;31m][0m [1mNG2: Type 'string' is not assignable to type '"" | "like" | "dislike"'.[0m [1m[35m[plugin angular-compiler][0m
2025-04-16T02:51:00.5137569Z 
2025-04-16T02:51:00.5137858Z     src/app/features/tinder/tinder.component.html:54:9:
2025-04-16T02:51:00.5138579Z [37m      54 │         [[32mstate[37m]="cardState"
2025-04-16T02:51:00.5139111Z          ╵          [32m~~~~~[0m
2025-04-16T02:51:00.5139370Z 
2025-04-16T02:51:00.5139667Z   Error occurs in the template of component TinderComponent.
2025-04-16T02:51:00.5140109Z 
2025-04-16T02:51:00.5140384Z     src/app/features/tinder/tinder.component.ts:34:15:
2025-04-16T02:51:00.5141203Z [37m      34 │   templateUrl: [32m'./tinder.component.html'[37m,
2025-04-16T02:51:00.5141874Z          ╵                [32m~~~~~~~~~~~~~~~~~~~~~~~~~[0m
2025-04-16T02:51:00.5142166Z 
2025-04-16T02:51:00.5142174Z 
2025-04-16T02:51:00.5143330Z [31m✘ [41;31m[[41;97mERROR[41;31m][0m [1mNG2: Type 'number' is not assignable to type 'string'.[0m [1m[35m[plugin angular-compiler][0m
2025-04-16T02:51:00.5144254Z 
2025-04-16T02:51:00.5144527Z     src/app/features/tinder/tinder.component.html:71:9:
2025-04-16T02:51:00.5145270Z [37m      71 │         [[32mage[37m]="nextAd.age"
2025-04-16T02:51:00.5145800Z          ╵          [32m~~~[0m
2025-04-16T02:51:00.5146038Z 
2025-04-16T02:51:00.5146348Z   Error occurs in the template of component TinderComponent.
2025-04-16T02:51:00.5146996Z 
2025-04-16T02:51:00.5147281Z     src/app/features/tinder/tinder.component.ts:34:15:
2025-04-16T02:51:00.5148104Z [37m      34 │   templateUrl: [32m'./tinder.component.html'[37m,
2025-04-16T02:51:00.5148786Z          ╵                [32m~~~~~~~~~~~~~~~~~~~~~~~~~[0m
2025-04-16T02:51:00.5149084Z 
2025-04-16T02:51:00.5149091Z 
2025-04-16T02:51:00.5149980Z [31m✘ [41;31m[[41;97mERROR[41;31m][0m [1mNG8002: Can't bind to 'value' since it isn't a known property of 'emerald-toggle'.
2025-04-16T02:51:00.5151552Z 1. If 'emerald-toggle' is an Angular component and it has 'value' input, then verify that it is included in the '@Component.imports' of this component.
2025-04-16T02:51:00.5153541Z 2. If 'emerald-toggle' is a Web Component then add 'CUSTOM_ELEMENTS_SCHEMA' to the '@Component.schemas' of this component to suppress this message.
2025-04-16T02:51:00.5155433Z 3. To allow any property add 'NO_ERRORS_SCHEMA' to the '@Component.schemas' of this component.[0m [1m[35m[plugin angular-compiler][0m
2025-04-16T02:51:00.5156187Z 
2025-04-16T02:51:00.5156493Z     src/app/features/tinder/tinder.component.html:133:16:
2025-04-16T02:51:00.5157616Z [37m      133 │                 [32m[value]="filterForm.get('touringOnly')?.value"[37m
2025-04-16T02:51:00.5158410Z           ╵                 [32m~~~~~~~~~~~~~~~~~~~~~~~~~~~~~~~~~~~~~~~~~~~~~~[0m
2025-04-16T02:51:00.5158756Z 
2025-04-16T02:51:00.5159062Z   Error occurs in the template of component TinderComponent.
2025-04-16T02:51:00.5159452Z 
2025-04-16T02:51:00.5159723Z     src/app/features/tinder/tinder.component.ts:34:15:
2025-04-16T02:51:00.5160541Z [37m      34 │   templateUrl: [32m'./tinder.component.html'[37m,
2025-04-16T02:51:00.5161220Z          ╵                [32m~~~~~~~~~~~~~~~~~~~~~~~~~[0m
2025-04-16T02:51:00.5161510Z 
2025-04-16T02:51:00.5161519Z 
2025-04-16T02:51:00.5162472Z [31m✘ [41;31m[[41;97mERROR[41;31m][0m [1mTS2322: Type '{ type: string; url: string; }[]' is not assignable to type 'TinderCardMedia[]'.
2025-04-16T02:51:00.5163716Z   Type '{ type: string; url: string; }' is not assignable to type 'TinderCardMedia'.
2025-04-16T02:51:00.5164426Z     Types of property 'type' are incompatible.
2025-04-16T02:51:00.5165420Z       Type 'string' is not assignable to type '"image" | "video"'.[0m [1m[35m[plugin angular-compiler][0m
2025-04-16T02:51:00.5165984Z 
2025-04-16T02:51:00.5166259Z     src/app/features/tinder/tinder.component.ts:275:4:
2025-04-16T02:51:00.5166934Z [37m      275 │     [32mreturn[37m ad.media;
2025-04-16T02:51:00.5167439Z           ╵     [32m~~~~~~[0m
2025-04-16T02:51:00.5167675Z 
2025-04-16T02:51:00.5167683Z 
2025-04-16T02:51:00.5168253Z [31m✘ [41;31m[[41;97mERROR[41;31m][0m [1mCould not resolve "angularx-qrcode"[0m
2025-04-16T02:51:00.5168694Z 
2025-04-16T02:51:00.5169096Z     src/app/features/wallet/dialogs/deposit-dialog.component.ts:14:29:
2025-04-16T02:51:00.5170079Z [37m      14 │ import { QRCodeModule } from [32m'angularx-qrcode'[37m;
2025-04-16T02:51:00.5170819Z          ╵                              [32m~~~~~~~~~~~~~~~~~[0m
2025-04-16T02:51:00.5171132Z 
2025-04-16T02:51:00.5172028Z   You can mark the path "angularx-qrcode" as external to exclude it from the bundle, which will remove this error and leave the unresolved path in the bundle.
2025-04-16T02:51:00.5172924Z 
2025-04-16T02:51:00.5172931Z 
2025-04-16T02:51:00.5174628Z [31m✘ [41;31m[[41;97mERROR[41;31m][0m [1mTS2307: Cannot find module 'angularx-qrcode' or its corresponding type declarations.[0m [1m[35m[plugin angular-compiler][0m
2025-04-16T02:51:00.5175557Z 
2025-04-16T02:51:00.5175967Z     src/app/features/wallet/dialogs/deposit-dialog.component.ts:14:29:
2025-04-16T02:51:00.5176980Z [37m      14 │ import { QRCodeModule } from [32m'angularx-qrcode'[37m;
2025-04-16T02:51:00.5177768Z          ╵                              [32m~~~~~~~~~~~~~~~~~[0m
2025-04-16T02:51:00.5178072Z 
2025-04-16T02:51:00.5178080Z 
2025-04-16T02:51:00.5179217Z [31m✘ [41;31m[[41;97mERROR[41;31m][0m [1mTS-991010: 'imports' must be an array of components, directives, pipes, or NgModules.
2025-04-16T02:51:00.5180457Z   Value could not be determined statically.[0m [1m[35m[plugin angular-compiler][0m
2025-04-16T02:51:00.5180996Z 
2025-04-16T02:51:00.5181396Z     src/app/features/wallet/dialogs/deposit-dialog.component.ts:272:4:
2025-04-16T02:51:00.5182190Z [37m      272 │     [32mQRCodeModule[37m,
2025-04-16T02:51:00.5182714Z           ╵     [32m~~~~~~~~~~~~[0m
2025-04-16T02:51:00.5182971Z 
2025-04-16T02:51:00.5183267Z   Unknown reference.
2025-04-16T02:51:00.5183476Z 
2025-04-16T02:51:00.5183876Z     src/app/features/wallet/dialogs/deposit-dialog.component.ts:272:4:
2025-04-16T02:51:00.5184672Z [37m      272 │     [32mQRCodeModule[37m,
2025-04-16T02:51:00.5185201Z           ╵     [32m~~~~~~~~~~~~[0m
2025-04-16T02:51:00.5185464Z 
2025-04-16T02:51:00.5185472Z 
2025-04-16T02:51:00.5186278Z [31m✘ [41;31m[[41;97mERROR[41;31m][0m [1mNG5002: Unclosed block ""[0m [1m[35m[plugin angular-compiler][0m
2025-04-16T02:51:00.5186850Z 
2025-04-16T02:51:00.5187314Z     src/app/features/wallet/dialogs/transfer-dialog.component.ts:74:46:
2025-04-16T02:51:00.5188397Z [37m      74 │ ...           <span class="user-username">[32m@{[37m{ user.username }}</span>
2025-04-16T02:51:00.5189342Z          ╵                                           [32m~~[0m
2025-04-16T02:51:00.5189651Z 
2025-04-16T02:51:00.5189659Z 
2025-04-16T02:51:00.5190569Z [31m✘ [41;31m[[41;97mERROR[41;31m][0m [1mNG5002: Invalid ICU message. Missing '}'.[0m [1m[35m[plugin angular-compiler][0m
2025-04-16T02:51:00.5191214Z 
2025-04-16T02:51:00.5191622Z     src/app/features/wallet/dialogs/transfer-dialog.component.ts:114:2:
2025-04-16T02:51:00.5192355Z [37m      114 │   [32m`[37m,
2025-04-16T02:51:00.5192755Z           ╵   [32m^[0m
2025-04-16T02:51:00.5192966Z 
2025-04-16T02:51:00.5192974Z 
2025-04-16T02:51:00.5194662Z [31m✘ [41;31m[[41;97mERROR[41;31m][0m [1mNG5002: Unexpected character "EOF" (Do you have an unescaped "{" in your template? Use "{{ '{' }}") to escape it.)[0m [1m[35m[plugin angular-compiler][0m
2025-04-16T02:51:00.5195605Z 
2025-04-16T02:51:00.5196018Z     src/app/features/wallet/dialogs/transfer-dialog.component.ts:114:2:
2025-04-16T02:51:00.5196761Z [37m      114 │   [32m`[37m,
2025-04-16T02:51:00.5197161Z           ╵   [32m^[0m
2025-04-16T02:51:00.5197375Z 
2025-04-16T02:51:00.5197383Z 
2025-04-16T02:51:00.5198599Z [31m✘ [41;31m[[41;97mERROR[41;31m][0m [1mTS2322: Type 'Observable<any[] | User[] | UserSearchResult[]>' is not assignable to type 'Observable<UserSearchResult[]>'.
2025-04-16T02:51:00.5199901Z   Type 'any[] | User[] | UserSearchResult[]' is not assignable to type 'UserSearchResult[]'.
2025-04-16T02:51:00.5200740Z     Type 'User[]' is not assignable to type 'UserSearchResult[]'.
2025-04-16T02:51:00.5202079Z       Property 'displayName' is missing in type 'User' but required in type 'UserSearchResult'.[0m [1m[35m[plugin angular-compiler][0m
2025-04-16T02:51:00.5202847Z 
2025-04-16T02:51:00.5203419Z     src/app/features/wallet/dialogs/transfer-dialog.component.ts:272:4:
2025-04-16T02:51:00.5204467Z [37m      272 │     [32mreturn[37m this.userService.searchUsers(query).pipe(
2025-04-16T02:51:00.5205147Z           ╵     [32m~~~~~~[0m
2025-04-16T02:51:00.5205376Z 
2025-04-16T02:51:00.5205567Z   'displayName' is declared here.
2025-04-16T02:51:00.5205844Z 
2025-04-16T02:51:00.5206250Z     src/app/features/wallet/dialogs/transfer-dialog.component.ts:21:2:
2025-04-16T02:51:00.5207057Z [37m      21 │   [32mdisplayName[37m: string;
2025-04-16T02:51:00.5207581Z          ╵   [32m~~~~~~~~~~~[0m
2025-04-16T02:51:00.5207834Z 
2025-04-16T02:51:00.5207843Z 
2025-04-16T02:51:00.5208433Z [31m✘ [41;31m[[41;97mERROR[41;31m][0m [1mCould not resolve "angularx-qrcode"[0m
2025-04-16T02:51:00.5208901Z 
2025-04-16T02:51:00.5209180Z     src/app/features/wallet/wallet.component.ts:33:29:
2025-04-16T02:51:00.5210052Z [37m      33 │ import { QRCodeModule } from [32m'angularx-qrcode'[37m;
2025-04-16T02:51:00.5211031Z          ╵                              [32m~~~~~~~~~~~~~~~~~[0m
2025-04-16T02:51:00.5211365Z 
2025-04-16T02:51:00.5212248Z   You can mark the path "angularx-qrcode" as external to exclude it from the bundle, which will remove this error and leave the unresolved path in the bundle.
2025-04-16T02:51:00.5213354Z 
2025-04-16T02:51:00.5213362Z 
2025-04-16T02:51:00.5214736Z [31m✘ [41;31m[[41;97mERROR[41;31m][0m [1mTS2307: Cannot find module 'angularx-qrcode' or its corresponding type declarations.[0m [1m[35m[plugin angular-compiler][0m
2025-04-16T02:51:00.5215675Z 
2025-04-16T02:51:00.5215952Z     src/app/features/wallet/wallet.component.ts:33:29:
2025-04-16T02:51:00.5216834Z [37m      33 │ import { QRCodeModule } from [32m'angularx-qrcode'[37m;
2025-04-16T02:51:00.5217575Z          ╵                              [32m~~~~~~~~~~~~~~~~~[0m
2025-04-16T02:51:00.5217879Z 
2025-04-16T02:51:00.5217887Z 
2025-04-16T02:51:00.5218830Z [31m✘ [41;31m[[41;97mERROR[41;31m][0m [1mTS-991010: 'imports' must be an array of components, directives, pipes, or NgModules.
2025-04-16T02:51:00.5220068Z   Value could not be determined statically.[0m [1m[35m[plugin angular-compiler][0m
2025-04-16T02:51:00.5220791Z 
2025-04-16T02:51:00.5221066Z     src/app/features/wallet/wallet.component.ts:81:4:
2025-04-16T02:51:00.5221760Z [37m      81 │     [32mQRCodeModule[37m,
2025-04-16T02:51:00.5222279Z          ╵     [32m~~~~~~~~~~~~[0m
2025-04-16T02:51:00.5222540Z 
2025-04-16T02:51:00.5222674Z   Unknown reference.
2025-04-16T02:51:00.5222877Z 
2025-04-16T02:51:00.5223321Z     src/app/features/wallet/wallet.component.ts:81:4:
2025-04-16T02:51:00.5224002Z [37m      81 │     [32mQRCodeModule[37m,
2025-04-16T02:51:00.5224518Z          ╵     [32m~~~~~~~~~~~~[0m
2025-04-16T02:51:00.5224784Z 
2025-04-16T02:51:00.5224792Z 
2025-04-16T02:51:00.5225382Z [31m✘ [41;31m[[41;97mERROR[41;31m][0m [1mCould not resolve "angularx-qrcode"[0m
2025-04-16T02:51:00.5225841Z 
2025-04-16T02:51:00.5226127Z     src/app/features/wallet/wallet.module.ts:27:29:
2025-04-16T02:51:00.5226977Z [37m      27 │ import { QRCodeModule } from [32m'angularx-qrcode'[37m;
2025-04-16T02:51:00.5227696Z          ╵                              [32m~~~~~~~~~~~~~~~~~[0m
2025-04-16T02:51:00.5228010Z 
2025-04-16T02:51:00.5228844Z   You can mark the path "angularx-qrcode" as external to exclude it from the bundle, which will remove this error and leave the unresolved path in the bundle.
2025-04-16T02:51:00.5229712Z 
2025-04-16T02:51:00.5229721Z 
2025-04-16T02:51:00.5231017Z [31m✘ [41;31m[[41;97mERROR[41;31m][0m [1mTS2307: Cannot find module 'angularx-qrcode' or its corresponding type declarations.[0m [1m[35m[plugin angular-compiler][0m
2025-04-16T02:51:00.5231908Z 
2025-04-16T02:51:00.5232160Z     src/app/features/wallet/wallet.module.ts:27:29:
2025-04-16T02:51:00.5233019Z [37m      27 │ import { QRCodeModule } from [32m'angularx-qrcode'[37m;
2025-04-16T02:51:00.5234000Z          ╵                              [32m~~~~~~~~~~~~~~~~~[0m
2025-04-16T02:51:00.5234319Z 
2025-04-16T02:51:00.5234328Z 
2025-04-16T02:51:00.5235310Z [31m✘ [41;31m[[41;97mERROR[41;31m][0m [1mTS-991010: Value at position 26 in the NgModule.imports of WalletModule is not a reference
2025-04-16T02:51:00.5236585Z   Value could not be determined statically.[0m [1m[35m[plugin angular-compiler][0m
2025-04-16T02:51:00.5237113Z 
2025-04-16T02:51:00.5237359Z     src/app/features/wallet/wallet.module.ts:52:11:
2025-04-16T02:51:00.5237988Z [37m      52 │   imports: [32m[[37m
2025-04-16T02:51:00.5238481Z          ╵            [32m^[0m
2025-04-16T02:51:00.5238719Z 
2025-04-16T02:51:00.5238855Z   Unknown reference.
2025-04-16T02:51:00.5239060Z 
2025-04-16T02:51:00.5239320Z     src/app/features/wallet/wallet.module.ts:79:4:
2025-04-16T02:51:00.5239960Z [37m      79 │     [32mQRCodeModule[37m,
2025-04-16T02:51:00.5240483Z          ╵     [32m~~~~~~~~~~~~[0m
2025-04-16T02:51:00.5240736Z 
2025-04-16T02:51:00.5240750Z 
2025-04-16T02:51:00.5242589Z [31m✘ [41;31m[[41;97mERROR[41;31m][0m [1mTS-996008: Component CardGridComponent is standalone, and cannot be declared in an NgModule. Did you mean to import it instead?[0m [1m[35m[plugin angular-compiler][0m
2025-04-16T02:51:00.5243875Z 
2025-04-16T02:51:00.5244133Z     src/app/shared/emerald/emerald.module.ts:55:4:
2025-04-16T02:51:00.5244849Z [37m      55 │     [32mCardGridComponent[37m,
2025-04-16T02:51:00.5245410Z          ╵     [32m~~~~~~~~~~~~~~~~~[0m
2025-04-16T02:51:00.5245689Z 
2025-04-16T02:51:00.5245696Z 
2025-04-16T02:51:00.5247465Z [31m✘ [41;31m[[41;97mERROR[41;31m][0m [1mTS-996008: Component FloatingActionButtonComponent is standalone, and cannot be declared in an NgModule. Did you mean to import it instead?[0m [1m[35m[plugin angular-compiler][0m
2025-04-16T02:51:00.5248677Z 
2025-04-16T02:51:00.5248920Z     src/app/shared/emerald/emerald.module.ts:56:4:
2025-04-16T02:51:00.5249674Z [37m      56 │     [32mFloatingActionButtonComponent[37m
2025-04-16T02:51:00.5250315Z          ╵     [32m~~~~~~~~~~~~~~~~~~~~~~~~~~~~~[0m
2025-04-16T02:51:00.5250594Z 
2025-04-16T02:51:00.5250602Z 
2025-04-16T02:51:00.5251784Z [31m✘ [41;31m[[41;97mERROR[41;31m][0m [1mTS-996004: Can't be exported from this NgModule, as it must be imported first[0m [1m[35m[plugin angular-compiler][0m
2025-04-16T02:51:00.5252778Z 
2025-04-16T02:51:00.5253039Z     src/app/shared/emerald/emerald.module.ts:83:4:
2025-04-16T02:51:00.5253900Z [37m      83 │     [32mCardGridComponent[37m,
2025-04-16T02:51:00.5254467Z          ╵     [32m~~~~~~~~~~~~~~~~~[0m
2025-04-16T02:51:00.5254742Z 
2025-04-16T02:51:00.5254750Z 
2025-04-16T02:51:00.5255943Z [31m✘ [41;31m[[41;97mERROR[41;31m][0m [1mTS-996004: Can't be exported from this NgModule, as it must be imported first[0m [1m[35m[plugin angular-compiler][0m
2025-04-16T02:51:00.5256751Z 
2025-04-16T02:51:00.5256992Z     src/app/shared/emerald/emerald.module.ts:85:4:
2025-04-16T02:51:00.5257749Z [37m      85 │     [32mFloatingActionButtonComponent[37m
2025-04-16T02:51:00.5258410Z          ╵     [32m~~~~~~~~~~~~~~~~~~~~~~~~~~~~~[0m
2025-04-16T02:51:00.5258694Z 
2025-04-16T02:51:00.5258701Z 
2025-04-16T02:51:00.5259483Z [31m✘ [41;31m[[41;97mERROR[41;31m][0m [1mTwo forwarded modules both define a variable named $primary-100.
2025-04-16T02:51:00.5260195Z     ╷
2025-04-16T02:51:00.5260723Z 5   │ @forward '../../app/core/design/design-tokens';
2025-04-16T02:51:00.5261455Z     │ ━━━━━━━━━━━━━━━━━━━━━━━━━━━━━━━━━━━━━━━━━━━━━━ original @forward
2025-04-16T02:51:00.5261926Z ... │
2025-04-16T02:51:00.5262385Z 7   │ @forward '../../app/core/design/main';
2025-04-16T02:51:00.5262971Z     │ ^^^^^^^^^^^^^^^^^^^^^^^^^^^^^^^^^^^^^ new @forward
2025-04-16T02:51:00.5263624Z     ╵
2025-04-16T02:51:00.5264005Z   src/styles/design-system/index.scss 7:1  @use
2025-04-16T02:51:00.5264936Z   src/styles/main.scss 5:1                 root stylesheet[0m [1m[35m[plugin angular-sass][0m
2025-04-16T02:51:00.5265450Z 
2025-04-16T02:51:00.5265646Z     angular:styles/global:styles:1:8:
2025-04-16T02:51:00.5266328Z [37m      1 │ @import [32m'src/styles/main.scss'[37m;
2025-04-16T02:51:00.5266926Z         ╵         [32m~~~~~~~~~~~~~~~~~~~~~~[0m
2025-04-16T02:51:00.5267225Z 
2025-04-16T02:51:00.5267383Z [39m[22m
2025-04-16T02:51:00.6484299Z npm error Lifecycle script `build` failed with error:
2025-04-16T02:51:00.6484879Z npm error code 1
2025-04-16T02:51:00.6485605Z npm error path /home/runner/work/date-night-app2/date-night-app2/client-angular
2025-04-16T02:51:00.6486380Z npm error workspace client-angular@0.0.0
2025-04-16T02:51:00.6487263Z npm error location /home/runner/work/date-night-app2/date-night-app2/client-angular
2025-04-16T02:51:00.6487965Z npm error command failed
2025-04-16T02:51:00.6488483Z npm error command sh -c ng build client-angular
2025-04-16T02:51:00.6631763Z ##[error]The process '/opt/hostedtoolcache/node/22.14.0/x64/bin/npm' failed with exit code 1
2025-04-16T02:51:00.6770959Z ##[group]Run actions/upload-artifact@v4
2025-04-16T02:51:00.6771239Z with:
2025-04-16T02:51:00.6771423Z   name: cypress-screenshots
2025-04-16T02:51:00.6771661Z   path: ./client-angular/cypress/screenshots
2025-04-16T02:51:00.6771752Z   if-no-files-found: warn
2025-04-16T02:51:00.6771845Z   compression-level: 6
2025-04-16T02:51:00.6771915Z   overwrite: false
2025-04-16T02:51:00.6772003Z   include-hidden-files: false
2025-04-16T02:51:00.6772067Z env:
2025-04-16T02:51:00.6772132Z   CI: 1
2025-04-16T02:51:00.6772254Z   CYPRESS_CACHE_FOLDER: /home/runner/.cache/Cypress
2025-04-16T02:51:00.6772344Z   npm_config_cache: /home/runner/.npm
2025-04-16T02:51:00.6772414Z ##[endgroup]
2025-04-16T02:51:00.9056436Z ##[warning]No files were found with the provided path: ./client-angular/cypress/screenshots. No artifacts will be uploaded.
2025-04-16T02:51:00.9175430Z Post job cleanup.
2025-04-16T02:51:01.0122294Z [command]/usr/bin/git version
2025-04-16T02:51:01.0163885Z git version 2.49.0
2025-04-16T02:51:01.0215172Z Temporarily overriding HOME='/home/runner/work/_temp/491ade00-2764-4e62-b45e-46aa4856a0db' before making global git config changes
2025-04-16T02:51:01.0219473Z Adding repository directory to the temporary git global config as a safe directory
2025-04-16T02:51:01.0223006Z [command]/usr/bin/git config --global --add safe.directory /home/runner/work/date-night-app2/date-night-app2
2025-04-16T02:51:01.0268592Z [command]/usr/bin/git config --local --name-only --get-regexp core\.sshCommand
2025-04-16T02:51:01.0305499Z [command]/usr/bin/git submodule foreach --recursive sh -c "git config --local --name-only --get-regexp 'core\.sshCommand' && git config --local --unset-all 'core.sshCommand' || :"
2025-04-16T02:51:01.0551916Z [command]/usr/bin/git config --local --name-only --get-regexp http\.https\:\/\/github\.com\/\.extraheader
2025-04-16T02:51:01.0575911Z http.https://github.com/.extraheader
2025-04-16T02:51:01.0590627Z [command]/usr/bin/git config --local --unset-all http.https://github.com/.extraheader
2025-04-16T02:51:01.0626750Z [command]/usr/bin/git submodule foreach --recursive sh -c "git config --local --name-only --get-regexp 'http\.https\:\/\/github\.com\/\.extraheader' && git config --local --unset-all 'http.https://github.com/.extraheader' || :"
2025-04-16T02:51:01.0969640Z Cleaning up orphan processes
