2025-04-16T15:03:11.6882532Z Current runner version: '2.323.0'
2025-04-16T15:03:11.6918544Z ##[group]Operating System
2025-04-16T15:03:11.6920138Z Ubuntu
2025-04-16T15:03:11.6920963Z 24.04.2
2025-04-16T15:03:11.6921730Z LTS
2025-04-16T15:03:11.6922670Z ##[endgroup]
2025-04-16T15:03:11.6923520Z ##[group]Runner Image
2025-04-16T15:03:11.6924570Z Image: ubuntu-24.04
2025-04-16T15:03:11.6925561Z Version: 20250413.1.0
2025-04-16T15:03:11.6927280Z Included Software: https://github.com/actions/runner-images/blob/ubuntu24/20250413.1/images/ubuntu/Ubuntu2404-Readme.md
2025-04-16T15:03:11.6930104Z Image Release: https://github.com/actions/runner-images/releases/tag/ubuntu24%2F20250413.1
2025-04-16T15:03:11.6932145Z ##[endgroup]
2025-04-16T15:03:11.6933110Z ##[group]Runner Image Provisioner
2025-04-16T15:03:11.6934072Z 2.0.422.1
2025-04-16T15:03:11.6934960Z ##[endgroup]
2025-04-16T15:03:11.6936831Z ##[group]GITHUB_TOKEN Permissions
2025-04-16T15:03:11.6939844Z Actions: read
2025-04-16T15:03:11.6940790Z Contents: write
2025-04-16T15:03:11.6941881Z Metadata: read
2025-04-16T15:03:11.6942902Z ##[endgroup]
2025-04-16T15:03:11.6946104Z Secret source: Actions
2025-04-16T15:03:11.6947527Z Prepare workflow directory
2025-04-16T15:03:11.7698067Z Prepare all required actions
2025-04-16T15:03:11.7755488Z Getting action download info
2025-04-16T15:03:12.4212005Z ##[group]Download immutable action package 'actions/checkout@v4'
2025-04-16T15:03:12.4212994Z Version: 4.2.2
2025-04-16T15:03:12.4214120Z Digest: sha256:ccb2698953eaebd21c7bf6268a94f9c26518a7e38e27e0b83c1fe1ad049819b1
2025-04-16T15:03:12.4215231Z Source commit SHA: 11bd71901bbe5b1630ceea73d27597364c9af683
2025-04-16T15:03:12.4215925Z ##[endgroup]
2025-04-16T15:03:12.5256259Z ##[group]Download immutable action package 'actions/setup-node@v4'
2025-04-16T15:03:12.5257134Z Version: 4.4.0
2025-04-16T15:03:12.5257892Z Digest: sha256:9427cefe82346e992fb5b949e3569b39d537ae41aa3086483b14eceebfc16bc1
2025-04-16T15:03:12.5259168Z Source commit SHA: 49933ea5288caeca8642d1e84afbd3f7d6820020
2025-04-16T15:03:12.5259962Z ##[endgroup]
2025-04-16T15:03:12.9213939Z Complete job name: sync-error-logs
2025-04-16T15:03:12.9871828Z ##[group]Run actions/checkout@v4
2025-04-16T15:03:12.9872647Z with:
2025-04-16T15:03:12.9873018Z   fetch-depth: 0
2025-04-16T15:03:12.9873591Z   token: ***
2025-04-16T15:03:12.9873998Z   repository: mrkurger/date-night-app2
2025-04-16T15:03:12.9874495Z   ssh-strict: true
2025-04-16T15:03:12.9874889Z   ssh-user: git
2025-04-16T15:03:12.9875277Z   persist-credentials: true
2025-04-16T15:03:12.9875711Z   clean: true
2025-04-16T15:03:12.9876101Z   sparse-checkout-cone-mode: true
2025-04-16T15:03:12.9876580Z   fetch-tags: false
2025-04-16T15:03:12.9876970Z   show-progress: true
2025-04-16T15:03:12.9877370Z   lfs: false
2025-04-16T15:03:12.9877724Z   submodules: false
2025-04-16T15:03:12.9878125Z   set-safe-directory: true
2025-04-16T15:03:12.9878905Z env:
2025-04-16T15:03:12.9879266Z   CI: true
2025-04-16T15:03:12.9879614Z ##[endgroup]
2025-04-16T15:03:13.2193881Z Syncing repository: mrkurger/date-night-app2
2025-04-16T15:03:13.2196685Z ##[group]Getting Git version info
2025-04-16T15:03:13.2197967Z Working directory is '/home/runner/work/date-night-app2/date-night-app2'
2025-04-16T15:03:13.2200801Z [command]/usr/bin/git version
2025-04-16T15:03:13.2286018Z git version 2.49.0
2025-04-16T15:03:13.2321533Z ##[endgroup]
2025-04-16T15:03:13.2348110Z Temporarily overriding HOME='/home/runner/work/_temp/9016a8f4-fa1f-468c-8a3e-3af31d6c8eee' before making global git config changes
2025-04-16T15:03:13.2352241Z Adding repository directory to the temporary git global config as a safe directory
2025-04-16T15:03:13.2356437Z [command]/usr/bin/git config --global --add safe.directory /home/runner/work/date-night-app2/date-night-app2
2025-04-16T15:03:13.2395821Z Deleting the contents of '/home/runner/work/date-night-app2/date-night-app2'
2025-04-16T15:03:13.2399954Z ##[group]Initializing the repository
2025-04-16T15:03:13.2404514Z [command]/usr/bin/git init /home/runner/work/date-night-app2/date-night-app2
2025-04-16T15:03:13.2477255Z hint: Using 'master' as the name for the initial branch. This default branch name
2025-04-16T15:03:13.2478396Z hint: is subject to change. To configure the initial branch name to use in all
2025-04-16T15:03:13.2479640Z hint: of your new repositories, which will suppress this warning, call:
2025-04-16T15:03:13.2480726Z hint:
2025-04-16T15:03:13.2481641Z hint: 	git config --global init.defaultBranch <name>
2025-04-16T15:03:13.2482754Z hint:
2025-04-16T15:03:13.2483756Z hint: Names commonly chosen instead of 'master' are 'main', 'trunk' and
2025-04-16T15:03:13.2485430Z hint: 'development'. The just-created branch can be renamed via this command:
2025-04-16T15:03:13.2486918Z hint:
2025-04-16T15:03:13.2487728Z hint: 	git branch -m <name>
2025-04-16T15:03:13.2491174Z Initialized empty Git repository in /home/runner/work/date-night-app2/date-night-app2/.git/
2025-04-16T15:03:13.2499764Z [command]/usr/bin/git remote add origin https://github.com/mrkurger/date-night-app2
2025-04-16T15:03:13.2537349Z ##[endgroup]
2025-04-16T15:03:13.2539044Z ##[group]Disabling automatic garbage collection
2025-04-16T15:03:13.2541764Z [command]/usr/bin/git config --local gc.auto 0
2025-04-16T15:03:13.2575096Z ##[endgroup]
2025-04-16T15:03:13.2576533Z ##[group]Setting up auth
2025-04-16T15:03:13.2582598Z [command]/usr/bin/git config --local --name-only --get-regexp core\.sshCommand
2025-04-16T15:03:13.2616758Z [command]/usr/bin/git submodule foreach --recursive sh -c "git config --local --name-only --get-regexp 'core\.sshCommand' && git config --local --unset-all 'core.sshCommand' || :"
2025-04-16T15:03:13.2967122Z [command]/usr/bin/git config --local --name-only --get-regexp http\.https\:\/\/github\.com\/\.extraheader
2025-04-16T15:03:13.3003043Z [command]/usr/bin/git submodule foreach --recursive sh -c "git config --local --name-only --get-regexp 'http\.https\:\/\/github\.com\/\.extraheader' && git config --local --unset-all 'http.https://github.com/.extraheader' || :"
2025-04-16T15:03:13.3241041Z [command]/usr/bin/git config --local http.https://github.com/.extraheader AUTHORIZATION: basic ***
2025-04-16T15:03:13.3294255Z ##[endgroup]
2025-04-16T15:03:13.3299274Z ##[group]Fetching the repository
2025-04-16T15:03:13.3307998Z [command]/usr/bin/git -c protocol.version=2 fetch --prune --no-recurse-submodules origin +refs/heads/*:refs/remotes/origin/* +refs/tags/*:refs/tags/*
2025-04-16T15:03:22.0692112Z From https://github.com/mrkurger/date-night-app2
2025-04-16T15:03:22.0697620Z  * [new branch]      dependabot/github_actions/dawidd6/action-download-artifact-9 -> origin/dependabot/github_actions/dawidd6/action-download-artifact-9
2025-04-16T15:03:22.0702971Z  * [new branch]      dependabot/npm_and_yarn/server/multi-94fa72f662 -> origin/dependabot/npm_and_yarn/server/multi-94fa72f662
2025-04-16T15:03:22.0710364Z  * [new branch]      main       -> origin/main
2025-04-16T15:03:22.0739651Z [command]/usr/bin/git branch --list --remote origin/main
2025-04-16T15:03:22.0765505Z   origin/main
2025-04-16T15:03:22.0778604Z [command]/usr/bin/git rev-parse refs/remotes/origin/main
2025-04-16T15:03:22.0801529Z b7b02b02b67d186f71e3b6a43ebe9f432064fd3a
2025-04-16T15:03:22.0808620Z ##[endgroup]
2025-04-16T15:03:22.0813014Z ##[group]Determining the checkout info
2025-04-16T15:03:22.0813816Z ##[endgroup]
2025-04-16T15:03:22.0816041Z [command]/usr/bin/git sparse-checkout disable
2025-04-16T15:03:22.0859603Z [command]/usr/bin/git config --local --unset-all extensions.worktreeConfig
2025-04-16T15:03:22.0888133Z ##[group]Checking out the ref
2025-04-16T15:03:22.0893675Z [command]/usr/bin/git checkout --progress --force -B main refs/remotes/origin/main
2025-04-16T15:03:22.4831983Z Switched to a new branch 'main'
2025-04-16T15:03:22.4840185Z branch 'main' set up to track 'origin/main'.
2025-04-16T15:03:22.4866823Z ##[endgroup]
2025-04-16T15:03:22.4930946Z [command]/usr/bin/git log -1 --format=%H
2025-04-16T15:03:22.4967410Z b7b02b02b67d186f71e3b6a43ebe9f432064fd3a
2025-04-16T15:03:22.5202087Z ##[group]Run actions/setup-node@v4
2025-04-16T15:03:22.5202352Z with:
2025-04-16T15:03:22.5202771Z   node-version: 22.x
2025-04-16T15:03:22.5202956Z   always-auth: false
2025-04-16T15:03:22.5203151Z   check-latest: false
2025-04-16T15:03:22.5203461Z   token: ***
2025-04-16T15:03:22.5203622Z env:
2025-04-16T15:03:22.5203776Z   CI: true
2025-04-16T15:03:22.5203928Z ##[endgroup]
2025-04-16T15:03:22.6942880Z Found in cache @ /opt/hostedtoolcache/node/22.14.0/x64
2025-04-16T15:03:22.6949688Z ##[group]Environment details
2025-04-16T15:03:24.6030728Z node: v22.14.0
2025-04-16T15:03:24.6032391Z npm: 10.9.2
2025-04-16T15:03:24.6032700Z yarn: 1.22.22
2025-04-16T15:03:24.6034307Z ##[endgroup]
2025-04-16T15:03:24.6147642Z ##[group]Run npm install @octokit/rest@19.0.13 fs-extra@11.2.0
2025-04-16T15:03:24.6148084Z [36;1mnpm install @octokit/rest@19.0.13 fs-extra@11.2.0[0m
2025-04-16T15:03:24.6206544Z shell: /usr/bin/bash -e {0}
2025-04-16T15:03:24.6206779Z env:
2025-04-16T15:03:24.6206932Z   CI: true
2025-04-16T15:03:24.6207097Z ##[endgroup]
2025-04-16T15:03:33.4114589Z npm warn deprecated xss-clean@0.1.4: Package no longer supported. Contact Support at https://www.npmjs.com/support for more info.
2025-04-16T15:03:34.5533182Z npm warn deprecated rimraf@3.0.2: Rimraf versions prior to v4 are no longer supported
2025-04-16T15:03:35.0119287Z npm warn deprecated passport-reddit@1.1.0: While functionally complete, this library will not be receiving any updates going forwards. Users are actively discouraged from using OAuth2 for authentication. See archival notice on github for more details.
2025-04-16T15:03:35.2854563Z npm warn deprecated npmlog@5.0.1: This package is no longer supported.
2025-04-16T15:03:35.5446623Z npm warn deprecated superagent@8.1.2: Please upgrade to v9.0.0+ as we have fixed a public vulnerability with formidable dependency. Note that v9.0.0+ requires Node.js v14.18.0+. See https://github.com/ladjs/superagent/pull/1800 for insight. This project is supported and maintained by the team at Forward Email @ https://forwardemail.net
2025-04-16T15:03:36.2464222Z npm warn deprecated inflight@1.0.6: This module is not supported, and leaks memory. Do not use it. Check out lru-cache if you want a good and tested way to coalesce async requests by a key value, which is much more comprehensive and powerful.
2025-04-16T15:03:36.5524347Z npm warn deprecated glob@7.2.3: Glob versions prior to v9 are no longer supported
2025-04-16T15:03:36.8758529Z npm warn deprecated gauge@3.0.2: This package is no longer supported.
2025-04-16T15:03:37.2091278Z npm warn deprecated domexception@4.0.0: Use your platform's native DOMException instead
2025-04-16T15:03:37.9060548Z npm warn deprecated are-we-there-yet@2.0.0: This package is no longer supported.
2025-04-16T15:03:38.0854288Z npm warn deprecated abab@2.0.6: Use your platform's native atob() and btoa() methods instead
2025-04-16T15:03:39.0229112Z npm warn deprecated @humanwhocodes/object-schema@2.0.3: Use @eslint/object-schema instead
2025-04-16T15:03:39.0652001Z npm warn deprecated @humanwhocodes/config-array@0.11.14: Use @eslint/config-array instead
2025-04-16T15:03:48.1773418Z npm warn deprecated eslint@8.56.0: This version is no longer supported. Please see https://eslint.org/version-support for other options.
2025-04-16T15:03:48.2140744Z npm warn deprecated eslint@8.56.0: This version is no longer supported. Please see https://eslint.org/version-support for other options.
2025-04-16T15:04:11.2779984Z 
2025-04-16T15:04:11.2780972Z added 1914 packages, and audited 1917 packages in 47s
2025-04-16T15:04:11.2781641Z 
2025-04-16T15:04:11.2781951Z 354 packages are looking for funding
2025-04-16T15:04:11.2805805Z   run `npm fund` for details
2025-04-16T15:04:11.2969268Z 
2025-04-16T15:04:11.2970064Z 9 moderate severity vulnerabilities
2025-04-16T15:04:11.2971192Z 
2025-04-16T15:04:11.2971930Z To address issues that do not require attention, run:
2025-04-16T15:04:11.2973145Z   npm audit fix
2025-04-16T15:04:11.2973639Z 
2025-04-16T15:04:11.2974672Z To address all issues (including breaking changes), run:
2025-04-16T15:04:11.2975539Z   npm audit fix --force
2025-04-16T15:04:11.2976748Z 
2025-04-16T15:04:11.2977245Z Run `npm audit` for details.
2025-04-16T15:04:11.3783481Z ##[group]Run cat > fetch-workflow-logs.js << 'EOF'
2025-04-16T15:04:11.3784420Z [36;1mcat > fetch-workflow-logs.js << 'EOF'[0m
2025-04-16T15:04:11.3784909Z [36;1mconst { Octokit } = require('@octokit/rest');[0m
2025-04-16T15:04:11.3785394Z [36;1mconst fs = require('fs-extra');[0m
2025-04-16T15:04:11.3785816Z [36;1mconst path = require('path');[0m
2025-04-16T15:04:11.3786198Z [36;1m[0m
2025-04-16T15:04:11.3786470Z [36;1masync function main() {[0m
2025-04-16T15:04:11.3786807Z [36;1m  const owner = process.env.REPO_OWNER;[0m
2025-04-16T15:04:11.3787117Z [36;1m  const repo = process.env.REPO_NAME;[0m
2025-04-16T15:04:11.3787430Z [36;1m  const logsDir = path.join('workflow-error-logs');[0m
2025-04-16T15:04:11.3787715Z [36;1m  [0m
2025-04-16T15:04:11.3787962Z [36;1m  console.log(`Fetching workflow logs for ${owner}/${repo}`);[0m
2025-04-16T15:04:11.3788262Z [36;1m  [0m
2025-04-16T15:04:11.3788494Z [36;1m  // Create logs directory if it doesn't exist[0m
2025-04-16T15:04:11.3789028Z [36;1m  await fs.ensureDir(logsDir);[0m
2025-04-16T15:04:11.3789269Z [36;1m  [0m
2025-04-16T15:04:11.3789449Z [36;1m  const octokit = new Octokit({[0m
2025-04-16T15:04:11.3789705Z [36;1m    auth: process.env.GITHUB_TOKEN,[0m
2025-04-16T15:04:11.3789955Z [36;1m    request: {[0m
2025-04-16T15:04:11.3790145Z [36;1m      retries: 3,[0m
2025-04-16T15:04:11.3790345Z [36;1m      retryAfter: 1[0m
2025-04-16T15:04:11.3790531Z [36;1m    }[0m
2025-04-16T15:04:11.3790691Z [36;1m  });[0m
2025-04-16T15:04:11.3790836Z [36;1m  [0m
2025-04-16T15:04:11.3791003Z [36;1m  // Get all workflows[0m
2025-04-16T15:04:11.3791326Z [36;1m  const { data: workflows } = await octokit.actions.listRepoWorkflows({[0m
2025-04-16T15:04:11.3791657Z [36;1m    owner,[0m
2025-04-16T15:04:11.3791832Z [36;1m    repo,[0m
2025-04-16T15:04:11.3791992Z [36;1m  });[0m
2025-04-16T15:04:11.3792147Z [36;1m  [0m
2025-04-16T15:04:11.3792352Z [36;1m  // Get recent workflow runs (last 30 days)[0m
2025-04-16T15:04:11.3792635Z [36;1m  const thirtyDaysAgo = new Date();[0m
2025-04-16T15:04:11.3792952Z [36;1m  thirtyDaysAgo.setDate(thirtyDaysAgo.getDate() - 30);[0m
2025-04-16T15:04:11.3793245Z [36;1m  [0m
2025-04-16T15:04:11.3793450Z [36;1m  for (const workflow of workflows.workflows) {[0m
2025-04-16T15:04:11.3793821Z [36;1m    console.log(`Processing workflow: ${workflow.name} (${workflow.id})`);[0m
2025-04-16T15:04:11.3794159Z [36;1m    [0m
2025-04-16T15:04:11.3794311Z [36;1m    try {[0m
2025-04-16T15:04:11.3794573Z [36;1m      const { data: runs } = await octokit.actions.listWorkflowRuns({[0m
2025-04-16T15:04:11.3794881Z [36;1m        owner,[0m
2025-04-16T15:04:11.3795068Z [36;1m        repo,[0m
2025-04-16T15:04:11.3795269Z [36;1m        workflow_id: workflow.id,[0m
2025-04-16T15:04:11.3795571Z [36;1m        created: `>=${thirtyDaysAgo.toISOString().split('T')[0]}`,[0m
2025-04-16T15:04:11.3795869Z [36;1m      });[0m
2025-04-16T15:04:11.3796034Z [36;1m      [0m
2025-04-16T15:04:11.3796217Z [36;1m      // Process failed runs[0m
2025-04-16T15:04:11.3796504Z [36;1m      const failedRuns = runs.workflow_runs.filter(run => [0m
2025-04-16T15:04:11.3796963Z [36;1m        run.conclusion === 'failure' || run.conclusion === 'cancelled' || run.conclusion === 'timed_out'[0m
2025-04-16T15:04:11.3797356Z [36;1m      );[0m
2025-04-16T15:04:11.3797514Z [36;1m      [0m
2025-04-16T15:04:11.3797813Z [36;1m      console.log(`Found ${failedRuns.length} failed runs for ${workflow.name}`);[0m
2025-04-16T15:04:11.3798160Z [36;1m      [0m
2025-04-16T15:04:11.3798348Z [36;1m      for (const run of failedRuns) {[0m
2025-04-16T15:04:11.3798690Z [36;1m        const runDate = new Date(run.created_at).toISOString().split('T')[0];[0m
2025-04-16T15:04:11.3799505Z [36;1m        const workflowDir = path.join(logsDir, workflow.name.replace(/[^a-zA-Z0-9]/g, '-').toLowerCase());[0m
2025-04-16T15:04:11.3800028Z [36;1m        const runDir = path.join(workflowDir, `${runDate}_${run.id}`);[0m
2025-04-16T15:04:11.3800704Z [36;1m        [0m
2025-04-16T15:04:11.3800948Z [36;1m        await fs.ensureDir(runDir);[0m
2025-04-16T15:04:11.3801188Z [36;1m        [0m
2025-04-16T15:04:11.3801365Z [36;1m        // Save run metadata[0m
2025-04-16T15:04:11.3801719Z [36;1m        await fs.writeJson(path.join(runDir, 'metadata.json'), run, { spaces: 2 });[0m
2025-04-16T15:04:11.3802057Z [36;1m        [0m
2025-04-16T15:04:11.3802222Z [36;1m        try {[0m
2025-04-16T15:04:11.3802420Z [36;1m          // Get jobs for this run[0m
2025-04-16T15:04:11.3802769Z [36;1m          const { data: jobs } = await octokit.actions.listJobsForWorkflowRun({[0m
2025-04-16T15:04:11.3803110Z [36;1m            owner,[0m
2025-04-16T15:04:11.3803309Z [36;1m            repo,[0m
2025-04-16T15:04:11.3803513Z [36;1m            run_id: run.id,[0m
2025-04-16T15:04:11.3803723Z [36;1m          });[0m
2025-04-16T15:04:11.3803906Z [36;1m          [0m
2025-04-16T15:04:11.3804096Z [36;1m          // Save jobs metadata[0m
2025-04-16T15:04:11.3804462Z [36;1m          await fs.writeJson(path.join(runDir, 'jobs.json'), jobs, { spaces: 2 });[0m
2025-04-16T15:04:11.3804793Z [36;1m          [0m
2025-04-16T15:04:11.3804987Z [36;1m          // Process each job[0m
2025-04-16T15:04:11.3805235Z [36;1m          for (const job of jobs.jobs) {[0m
2025-04-16T15:04:11.3805660Z [36;1m            if (job.conclusion === 'failure' || job.conclusion === 'cancelled' || job.conclusion === 'timed_out') {[0m
2025-04-16T15:04:11.3806225Z [36;1m              const jobDir = path.join(runDir, job.name.replace(/[^a-zA-Z0-9]/g, '-').toLowerCase());[0m
2025-04-16T15:04:11.3806629Z [36;1m              await fs.ensureDir(jobDir);[0m
2025-04-16T15:04:11.3806874Z [36;1m              [0m
2025-04-16T15:04:11.3807075Z [36;1m              // Save job metadata[0m
2025-04-16T15:04:11.3807441Z [36;1m              await fs.writeJson(path.join(jobDir, 'job-metadata.json'), job, { spaces: 2 });[0m
2025-04-16T15:04:11.3807807Z [36;1m              [0m
2025-04-16T15:04:11.3807991Z [36;1m              try {[0m
2025-04-16T15:04:11.3808197Z [36;1m                // Get job logs[0m
2025-04-16T15:04:11.3808532Z [36;1m                const logs = await octokit.actions.downloadJobLogsForWorkflowRun({[0m
2025-04-16T15:04:11.3809132Z [36;1m                  owner,[0m
2025-04-16T15:04:11.3809360Z [36;1m                  repo,[0m
2025-04-16T15:04:11.3809584Z [36;1m                  job_id: job.id,[0m
2025-04-16T15:04:11.3809810Z [36;1m                });[0m
2025-04-16T15:04:11.3810003Z [36;1m                [0m
2025-04-16T15:04:11.3810199Z [36;1m                // Save logs[0m
2025-04-16T15:04:11.3810506Z [36;1m                await fs.writeFile(path.join(jobDir, 'logs.txt'), logs.data);[0m
2025-04-16T15:04:11.3810912Z [36;1m                console.log(`Saved logs for job ${job.name} (${job.id})`);[0m
2025-04-16T15:04:11.3811225Z [36;1m              } catch (error) {[0m
2025-04-16T15:04:11.3811589Z [36;1m                console.error(`Error fetching logs for job ${job.id}: ${error.message}`);[0m
2025-04-16T15:04:11.3812126Z [36;1m                await fs.writeFile(path.join(jobDir, 'error.txt'), `Error fetching logs: ${error.message}`);[0m
2025-04-16T15:04:11.3812511Z [36;1m              }[0m
2025-04-16T15:04:11.3812691Z [36;1m            }[0m
2025-04-16T15:04:11.3812861Z [36;1m          }[0m
2025-04-16T15:04:11.3813042Z [36;1m        } catch (error) {[0m
2025-04-16T15:04:11.3813363Z [36;1m          console.error(`Error processing run ${run.id}: ${error.message}`);[0m
2025-04-16T15:04:11.3813853Z [36;1m          await fs.writeFile(path.join(runDir, 'error.txt'), `Error processing run: ${error.message}`);[0m
2025-04-16T15:04:11.3814241Z [36;1m        }[0m
2025-04-16T15:04:11.3814402Z [36;1m      }[0m
2025-04-16T15:04:11.3814577Z [36;1m    } catch (error) {[0m
2025-04-16T15:04:11.3814916Z [36;1m      console.error(`Error processing workflow ${workflow.id}: ${error.message}`);[0m
2025-04-16T15:04:11.3815411Z [36;1m    }[0m
2025-04-16T15:04:11.3815707Z [36;1m  }[0m
2025-04-16T15:04:11.3815870Z [36;1m  [0m
2025-04-16T15:04:11.3816035Z [36;1m  // Create summary file[0m
2025-04-16T15:04:11.3816250Z [36;1m  const summary = {[0m
2025-04-16T15:04:11.3816477Z [36;1m    timestamp: new Date().toISOString(),[0m
2025-04-16T15:04:11.3816771Z [36;1m    totalWorkflows: workflows.workflows.length,[0m
2025-04-16T15:04:11.3817108Z [36;1m    workflowSummary: workflows.workflows.map(w => ({[0m
2025-04-16T15:04:11.3817394Z [36;1m      name: w.name,[0m
2025-04-16T15:04:11.3817584Z [36;1m      id: w.id,[0m
2025-04-16T15:04:11.3817776Z [36;1m      path: w.path,[0m
2025-04-16T15:04:11.3817960Z [36;1m    })),[0m
2025-04-16T15:04:11.3818124Z [36;1m  };[0m
2025-04-16T15:04:11.3818276Z [36;1m  [0m
2025-04-16T15:04:11.3818567Z [36;1m  await fs.writeJson(path.join(logsDir, 'summary.json'), summary, { spaces: 2 });[0m
2025-04-16T15:04:11.3819175Z [36;1m  console.log('Workflow error logs sync completed');[0m
2025-04-16T15:04:11.3819461Z [36;1m}[0m
2025-04-16T15:04:11.3819614Z [36;1m[0m
2025-04-16T15:04:11.3819771Z [36;1mmain().catch(error => {[0m
2025-04-16T15:04:11.3820039Z [36;1m  console.error('Error in main process:', error);[0m
2025-04-16T15:04:11.3820310Z [36;1m  process.exit(1);[0m
2025-04-16T15:04:11.3820505Z [36;1m});[0m
2025-04-16T15:04:11.3820653Z [36;1mEOF[0m
2025-04-16T15:04:11.3820805Z [36;1m[0m
2025-04-16T15:04:11.3820972Z [36;1mnode fetch-workflow-logs.js[0m
2025-04-16T15:04:11.3870173Z shell: /usr/bin/bash -e {0}
2025-04-16T15:04:11.3870396Z env:
2025-04-16T15:04:11.3870547Z   CI: true
2025-04-16T15:04:11.3870939Z   GITHUB_TOKEN: ***
2025-04-16T15:04:11.3871135Z   REPO_OWNER: mrkurger
2025-04-16T15:04:11.3871334Z   REPO_NAME: date-night-app2
2025-04-16T15:04:11.3871546Z ##[endgroup]
2025-04-16T15:04:11.4728168Z Fetching workflow logs for mrkurger/date-night-app2
2025-04-16T15:04:11.7426662Z Processing workflow: Angular Tests (156396503)
2025-04-16T15:04:12.4129260Z Found 23 failed runs for Angular Tests
2025-04-16T15:04:13.5817655Z Saved logs for job e2e (22.x) (40663459721)
2025-04-16T15:04:13.8802642Z Saved logs for job test (22.x) (40663459733)
2025-04-16T15:04:14.9132009Z Saved logs for job e2e (22.x) (40662876861)
2025-04-16T15:04:15.1630399Z Saved logs for job test (22.x) (40662876876)
2025-04-16T15:04:15.8041238Z Saved logs for job e2e (22.x) (40662340818)
2025-04-16T15:04:16.0710172Z Saved logs for job test (22.x) (40662340822)
2025-04-16T15:04:16.8464861Z Saved logs for job test (22.x) (40660813802)
2025-04-16T15:04:17.2905820Z Saved logs for job e2e (22.x) (40660813807)
2025-04-16T15:04:18.0414484Z Saved logs for job e2e (22.x) (40659963795)
2025-04-16T15:04:18.3315679Z Saved logs for job test (22.x) (40659963797)
2025-04-16T15:04:18.5890288Z Saved logs for job lint (22.x) (40659963816)
2025-04-16T15:04:19.4102614Z Saved logs for job e2e (22.x) (40658470007)
2025-04-16T15:04:19.6397407Z Saved logs for job lint (22.x) (40658470023)
2025-04-16T15:04:19.9099895Z Saved logs for job test (22.x) (40658470025)
2025-04-16T15:04:20.6334485Z Saved logs for job test (22.x) (40656595432)
2025-04-16T15:04:20.8636212Z Saved logs for job e2e (22.x) (40656595450)
2025-04-16T15:04:21.1006634Z Saved logs for job lint (22.x) (40656595451)
2025-04-16T15:04:21.9217553Z Saved logs for job lint (22.x) (40648995689)
2025-04-16T15:04:22.1936534Z Saved logs for job e2e (22.x) (40648995690)
2025-04-16T15:04:22.4683328Z Saved logs for job test (22.x) (40648995699)
2025-04-16T15:04:23.3227482Z Saved logs for job test (22.x) (40648936041)
2025-04-16T15:04:23.6025234Z Saved logs for job lint (22.x) (40648936049)
2025-04-16T15:04:23.8635525Z Saved logs for job e2e (22.x) (40648936088)
2025-04-16T15:04:24.6562064Z Saved logs for job test (22.x) (40645363558)
2025-04-16T15:04:24.9015112Z Saved logs for job e2e (22.x) (40645363568)
2025-04-16T15:04:25.1544330Z Saved logs for job lint (22.x) (40645363582)
2025-04-16T15:04:25.9503245Z Saved logs for job test (22.x) (40642315715)
2025-04-16T15:04:26.2132882Z Saved logs for job e2e (22.x) (40642315733)
2025-04-16T15:04:26.4588056Z Saved logs for job lint (22.x) (40642315744)
2025-04-16T15:04:27.1813437Z Saved logs for job test (22.x) (40640408484)
2025-04-16T15:04:27.4638959Z Saved logs for job e2e (22.x) (40640408487)
2025-04-16T15:04:27.7227158Z Saved logs for job lint (22.x) (40640408495)
2025-04-16T15:04:28.1910617Z Saved logs for job test (22.x) (40639200761)
2025-04-16T15:04:28.4242932Z Saved logs for job e2e (22.x) (40639200762)
2025-04-16T15:04:28.7029617Z Saved logs for job lint (22.x) (40639200772)
2025-04-16T15:04:29.5322947Z Saved logs for job test (22.x) (40638434179)
2025-04-16T15:04:29.7526885Z Saved logs for job lint (22.x) (40638434180)
2025-04-16T15:04:29.9813996Z Saved logs for job e2e (22.x) (40638434197)
2025-04-16T15:04:30.5902153Z Saved logs for job test (22.x) (40638117917)
2025-04-16T15:04:30.8598407Z Saved logs for job e2e (22.x) (40638117918)
2025-04-16T15:04:31.1173513Z Saved logs for job lint (22.x) (40638117931)
2025-04-16T15:04:31.8686846Z Saved logs for job test (22.x) (40637222574)
2025-04-16T15:04:32.1130209Z Saved logs for job e2e (22.x) (40637222590)
2025-04-16T15:04:32.3624939Z Saved logs for job lint (22.x) (40637222627)
2025-04-16T15:04:33.1065665Z Saved logs for job e2e (22.x) (40636317713)
2025-04-16T15:04:33.3426646Z Saved logs for job test (22.x) (40636317717)
2025-04-16T15:04:33.5897708Z Saved logs for job lint (22.x) (40636317718)
2025-04-16T15:04:34.3698277Z Saved logs for job test (22.x) (40635520017)
2025-04-16T15:04:34.5891004Z Saved logs for job e2e (22.x) (40635520024)
2025-04-16T15:04:34.8199329Z Saved logs for job lint (22.x) (40635520025)
2025-04-16T15:04:35.9116770Z Saved logs for job e2e (22.x) (40631138588)
2025-04-16T15:04:36.1495251Z Saved logs for job test (22.x) (40631138593)
2025-04-16T15:04:36.7370585Z Saved logs for job test (22.x) (40628452555)
2025-04-16T15:04:37.0219931Z Saved logs for job e2e (22.x) (40628452573)
2025-04-16T15:04:38.1373134Z Saved logs for job test (22.x) (40625114143)
2025-04-16T15:04:38.4934617Z Saved logs for job e2e (22.x) (40625114153)
2025-04-16T15:04:39.5030313Z Saved logs for job e2e (22.x) (40623556700)
2025-04-16T15:04:39.7517174Z Saved logs for job test (22.x) (40623556710)
2025-04-16T15:04:40.7341783Z Saved logs for job e2e (22.x) (40623232672)
2025-04-16T15:04:40.9920548Z Saved logs for job test (22.x) (40623232677)
2025-04-16T15:04:40.9922190Z Processing workflow: Security Alerts Report (Alternative) (156517337)
2025-04-16T15:04:41.1806394Z Found 0 failed runs for Security Alerts Report (Alternative)
2025-04-16T15:04:41.1807836Z Processing workflow: Security Alerts Report (156511788)
2025-04-16T15:04:41.4554770Z Found 1 failed runs for Security Alerts Report
2025-04-16T15:04:42.1296896Z Saved logs for job generate-report (40657820058)
2025-04-16T15:04:42.1297934Z Processing workflow: Server Tests (156396504)
2025-04-16T15:04:42.7046999Z Found 7 failed runs for Server Tests
2025-04-16T15:04:43.6260588Z Saved logs for job test (22.x) (40663459741)
2025-04-16T15:04:44.3863807Z Saved logs for job test (22.x) (40659963757)
2025-04-16T15:04:44.6056126Z Saved logs for job lint (22.x) (40659963777)
2025-04-16T15:04:45.3297626Z Saved logs for job lint (22.x) (40656595380)
2025-04-16T15:04:45.6313936Z Saved logs for job test (22.x) (40656595382)
2025-04-16T15:04:46.3930703Z Saved logs for job test (22.x) (40648936051)
2025-04-16T15:04:46.6123331Z Saved logs for job lint (22.x) (40648936076)
2025-04-16T15:04:47.4124176Z Saved logs for job lint (22.x) (40636317715)
2025-04-16T15:04:47.7611292Z Saved logs for job test (22.x) (40636317724)
2025-04-16T15:04:48.2934105Z Saved logs for job lint (22.x) (40636157199)
2025-04-16T15:04:48.5188458Z Saved logs for job test (22.x) (40636157200)
2025-04-16T15:04:49.2965876Z Saved logs for job test (22.x) (40631138589)
2025-04-16T15:04:49.2967822Z Processing workflow: Sync GitHub Insights (Alternative) (156517338)
2025-04-16T15:04:49.4665368Z Found 0 failed runs for Sync GitHub Insights (Alternative)
2025-04-16T15:04:49.4672272Z Processing workflow: Sync GitHub Insights (Fixed) (156518590)
2025-04-16T15:04:49.7478172Z Found 0 failed runs for Sync GitHub Insights (Fixed)
2025-04-16T15:04:49.7480327Z Processing workflow: Sync GitHub Insights (156511789)
2025-04-16T15:04:50.0663674Z Found 3 failed runs for Sync GitHub Insights
2025-04-16T15:04:50.9479940Z Saved logs for job sync-insights (40658529730)
2025-04-16T15:04:51.6854925Z Saved logs for job sync-insights (40657800158)
2025-04-16T15:04:52.6104322Z Saved logs for job sync-insights (40656793753)
2025-04-16T15:04:52.6106213Z Processing workflow: Sync Test Reports (156511790)
2025-04-16T15:04:53.0580022Z Found 2 failed runs for Sync Test Reports
2025-04-16T15:04:53.7755553Z Saved logs for job sync-reports (40656664593)
2025-04-16T15:04:54.4385100Z Saved logs for job sync-reports (40656644372)
2025-04-16T15:04:54.4391782Z Processing workflow: Sync Workflow Error Logs (156531139)
2025-04-16T15:04:54.9605915Z Found 8 failed runs for Sync Workflow Error Logs
2025-04-16T15:04:55.8431437Z Saved logs for job sync-error-logs (40663734511)
2025-04-16T15:04:56.5700015Z Saved logs for job sync-error-logs (40663704386)
2025-04-16T15:04:57.3649944Z Saved logs for job sync-error-logs (40663657537)
2025-04-16T15:04:58.0840837Z Saved logs for job sync-error-logs (40663640084)
2025-04-16T15:04:58.8557477Z Saved logs for job sync-error-logs (40663610469)
2025-04-16T15:04:59.5714160Z Saved logs for job sync-error-logs (40663581882)
2025-04-16T15:05:00.3495497Z Saved logs for job sync-error-logs (40663556539)
2025-04-16T15:05:01.1399764Z Saved logs for job sync-error-logs (40663029643)
2025-04-16T15:05:01.1401288Z Processing workflow: Sync Workflow Error Logs (Robust) (156532769)
2025-04-16T15:05:01.7017314Z Found 11 failed runs for Sync Workflow Error Logs (Robust)
2025-04-16T15:05:02.4269180Z Saved logs for job sync-error-logs (40663746533)
2025-04-16T15:05:02.9300491Z Saved logs for job sync-error-logs (40663726146)
2025-04-16T15:05:03.6093107Z Saved logs for job sync-error-logs (40663694016)
2025-04-16T15:05:04.3474387Z Saved logs for job sync-error-logs (40663680006)
2025-04-16T15:05:04.7601775Z Saved logs for job sync-error-logs (40663676815)
2025-04-16T15:05:05.5327378Z Saved logs for job sync-error-logs (40663642603)
2025-04-16T15:05:06.0719045Z Saved logs for job sync-error-logs (40663640193)
2025-04-16T15:05:06.7761151Z Saved logs for job sync-error-logs (40663610483)
2025-04-16T15:05:07.2539692Z Saved logs for job sync-error-logs (40663581813)
2025-04-16T15:05:08.0522586Z Saved logs for job sync-error-logs (40663556527)
2025-04-16T15:05:08.4799295Z Saved logs for job sync-error-logs (40663489150)
2025-04-16T15:05:08.4801071Z Processing workflow: Sync Workflow Error Logs (156529457)
2025-04-16T15:05:08.9583248Z Found 13 failed runs for Sync Workflow Error Logs
2025-04-16T15:05:09.6569932Z Saved logs for job sync-error-logs (40663802949)
2025-04-16T15:05:10.4035206Z Saved logs for job sync-error-logs (40663762365)
2025-04-16T15:05:10.8689377Z Saved logs for job sync-error-logs (40663734602)
2025-04-16T15:05:11.6045516Z Saved logs for job sync-error-logs (40663704422)
2025-04-16T15:05:12.5000159Z Saved logs for job sync-error-logs (40663657651)
2025-04-16T15:05:13.3020141Z Saved logs for job sync-error-logs (40663640395)
2025-04-16T15:05:14.0916122Z Saved logs for job sync-error-logs (40663610514)
2025-04-16T15:05:14.8026889Z Saved logs for job sync-error-logs (40663581717)
2025-04-16T15:05:15.5444486Z Saved logs for job sync-error-logs (40663556577)
2025-04-16T15:05:16.2595232Z Saved logs for job sync-error-logs (40663029928)
2025-04-16T15:05:16.9790570Z Saved logs for job sync-error-logs (40662993597)
2025-04-16T15:05:17.5178453Z Saved logs for job sync-error-logs (40662475242)
2025-04-16T15:05:18.2600703Z Saved logs for job sync-error-logs (40662446363)
2025-04-16T15:05:18.2602780Z Processing workflow: Dependabot Updates (153911032)
2025-04-16T15:05:19.2352090Z Found 15 failed runs for Dependabot Updates
2025-04-16T15:05:20.1020255Z Saved logs for job Dependabot (40657560162)
2025-04-16T15:05:20.9340899Z Saved logs for job Dependabot (40657559762)
2025-04-16T15:05:21.8264643Z Saved logs for job Dependabot (40657410431)
2025-04-16T15:05:22.5785557Z Saved logs for job Dependabot (40657409984)
2025-04-16T15:05:23.4043390Z Saved logs for job Dependabot (40656602439)
2025-04-16T15:05:24.3440229Z Saved logs for job Dependabot (40656599224)
2025-04-16T15:05:25.7180418Z Saved logs for job Dependabot (40656599232)
2025-04-16T15:05:26.6289181Z Saved logs for job Dependabot (40648953960)
2025-04-16T15:05:27.1217857Z Saved logs for job Dependabot (40636173412)
2025-04-16T15:05:28.0033482Z Saved logs for job Dependabot (40635535253)
2025-04-16T15:05:28.8747992Z Saved logs for job Dependabot (40620670121)
2025-04-16T15:05:29.7071530Z Saved logs for job Dependabot (40620661666)
2025-04-16T15:05:30.6330184Z Saved logs for job Dependabot (40615377452)
2025-04-16T15:05:31.4334184Z Saved logs for job Dependabot (40615364053)
2025-04-16T15:05:32.3312555Z Saved logs for job Dependabot (40405591413)
2025-04-16T15:05:32.3316533Z Workflow error logs sync completed
2025-04-16T15:05:32.3419970Z ##[group]Run cat > workflow-error-logs/README.md << 'EOF'
2025-04-16T15:05:32.3420403Z [36;1mcat > workflow-error-logs/README.md << 'EOF'[0m
2025-04-16T15:05:32.3420679Z [36;1m# Workflow Error Logs[0m
2025-04-16T15:05:32.3420895Z [36;1m[0m
2025-04-16T15:05:32.3421438Z [36;1mThis directory contains logs from failed GitHub Actions workflow runs. These logs are automatically collected by the "Sync Workflow Error Logs" workflow.[0m
2025-04-16T15:05:32.3422037Z [36;1m[0m
2025-04-16T15:05:32.3422198Z [36;1m## Directory Structure[0m
2025-04-16T15:05:32.3422399Z [36;1m[0m
2025-04-16T15:05:32.3422548Z [36;1m```[0m
2025-04-16T15:05:32.3422737Z [36;1mworkflow-error-logs/[0m
2025-04-16T15:05:32.3422986Z [36;1mâ”œâ”€â”€ {workflow-name}/[0m
2025-04-16T15:05:32.3423203Z [36;1mâ”‚   â”œâ”€â”€ {date}_{run-id}/[0m
2025-04-16T15:05:32.3423463Z [36;1mâ”‚   â”‚   â”œâ”€â”€ metadata.json       # Run metadata[0m
2025-04-16T15:05:32.3423760Z [36;1mâ”‚   â”‚   â”œâ”€â”€ jobs.json           # Jobs metadata[0m
2025-04-16T15:05:32.3424075Z [36;1mâ”‚   â”‚   â”œâ”€â”€ {job-name}/[0m
2025-04-16T15:05:32.3424320Z [36;1mâ”‚   â”‚   â”‚   â”œâ”€â”€ job-metadata.json  # Job metadata[0m
2025-04-16T15:05:32.3424600Z [36;1mâ”‚   â”‚   â”‚   â””â”€â”€ logs.txt           # Job logs[0m
2025-04-16T15:05:32.3424833Z [36;1mâ”‚   â”‚   â””â”€â”€ ...[0m
2025-04-16T15:05:32.3425011Z [36;1mâ”‚   â””â”€â”€ ...[0m
2025-04-16T15:05:32.3425180Z [36;1mâ””â”€â”€ ...[0m
2025-04-16T15:05:32.3425337Z [36;1m```[0m
2025-04-16T15:05:32.3425490Z [36;1m[0m
2025-04-16T15:05:32.3425642Z [36;1m## Using These Logs[0m
2025-04-16T15:05:32.3425843Z [36;1m[0m
2025-04-16T15:05:32.3426344Z [36;1mThese logs can be used to diagnose and fix issues with GitHub Actions workflows. Look for error messages, failed steps, and other indicators of problems.[0m
2025-04-16T15:05:32.3426910Z [36;1m[0m
2025-04-16T15:05:32.3427062Z [36;1m## Automatic Collection[0m
2025-04-16T15:05:32.3427266Z [36;1m[0m
2025-04-16T15:05:32.3427419Z [36;1mLogs are collected:[0m
2025-04-16T15:05:32.3427678Z [36;1m- After any workflow completes[0m
2025-04-16T15:05:32.3427934Z [36;1m- Every 6 hours via scheduled run[0m
2025-04-16T15:05:32.3428180Z [36;1m- Manually via workflow dispatch[0m
2025-04-16T15:05:32.3428403Z [36;1m[0m
2025-04-16T15:05:32.3428546Z [36;1m## Retention[0m
2025-04-16T15:05:32.3429146Z [36;1m[0m
2025-04-16T15:05:32.3429521Z [36;1mOnly logs from the past 30 days are collected.[0m
2025-04-16T15:05:32.3429968Z [36;1mEOF[0m
2025-04-16T15:05:32.3479805Z shell: /usr/bin/bash -e {0}
2025-04-16T15:05:32.3480022Z env:
2025-04-16T15:05:32.3480181Z   CI: true
2025-04-16T15:05:32.3480341Z ##[endgroup]
2025-04-16T15:05:32.3580735Z ##[group]Run git config --local user.email "action@github.com"
2025-04-16T15:05:32.3581131Z [36;1mgit config --local user.email "action@github.com"[0m
2025-04-16T15:05:32.3581452Z [36;1mgit config --local user.name "GitHub Action"[0m
2025-04-16T15:05:32.3622939Z shell: /usr/bin/bash -e {0}
2025-04-16T15:05:32.3623148Z env:
2025-04-16T15:05:32.3623496Z   CI: true
2025-04-16T15:05:32.3623647Z ##[endgroup]
2025-04-16T15:05:32.3738226Z ##[group]Run # Fetch the latest changes from the remote repository
2025-04-16T15:05:32.3738641Z [36;1m# Fetch the latest changes from the remote repository[0m
2025-04-16T15:05:32.3739310Z [36;1mgit fetch origin main[0m
2025-04-16T15:05:32.3780950Z shell: /usr/bin/bash -e {0}
2025-04-16T15:05:32.3781156Z env:
2025-04-16T15:05:32.3781310Z   CI: true
2025-04-16T15:05:32.3781463Z ##[endgroup]
2025-04-16T15:05:32.7549647Z From https://github.com/mrkurger/date-night-app2
2025-04-16T15:05:32.7559811Z  * branch            main       -> FETCH_HEAD
2025-04-16T15:05:32.7670454Z ##[group]Run # Check if there are any conflicts between local and remote
2025-04-16T15:05:32.7670923Z [36;1m# Check if there are any conflicts between local and remote[0m
2025-04-16T15:05:32.7671396Z [36;1mif git merge-tree $(git merge-base HEAD origin/main) HEAD origin/main | grep -e "^<<<<<<< ";[0m
2025-04-16T15:05:32.7671802Z [36;1mthen[0m
2025-04-16T15:05:32.7672039Z [36;1m  echo "has_conflicts=true" >> $GITHUB_OUTPUT[0m
2025-04-16T15:05:32.7672291Z [36;1melse[0m
2025-04-16T15:05:32.7672494Z [36;1m  echo "has_conflicts=false" >> $GITHUB_OUTPUT[0m
2025-04-16T15:05:32.7672741Z [36;1mfi[0m
2025-04-16T15:05:32.7721541Z shell: /usr/bin/bash -e {0}
2025-04-16T15:05:32.7721765Z env:
2025-04-16T15:05:32.7721915Z   CI: true
2025-04-16T15:05:32.7722081Z ##[endgroup]
2025-04-16T15:05:32.7963867Z ##[group]Run # Pull the latest changes with rebase strategy
2025-04-16T15:05:32.7964276Z [36;1m# Pull the latest changes with rebase strategy[0m
2025-04-16T15:05:32.7964569Z [36;1mgit pull --rebase origin main[0m
2025-04-16T15:05:32.7964792Z [36;1m[0m
2025-04-16T15:05:32.7964969Z [36;1mgit add workflow-error-logs[0m
2025-04-16T15:05:32.7965184Z [36;1m[0m
2025-04-16T15:05:32.7965360Z [36;1m# Only commit if there are changes[0m
2025-04-16T15:05:32.7965618Z [36;1mif git diff --staged --quiet; then[0m
2025-04-16T15:05:32.7965869Z [36;1m  echo "No changes to commit"[0m
2025-04-16T15:05:32.7966106Z [36;1melse[0m
2025-04-16T15:05:32.7966331Z [36;1m  git commit -m "Update workflow error logs [skip ci]"[0m
2025-04-16T15:05:32.7966616Z [36;1m  git push[0m
2025-04-16T15:05:32.7966785Z [36;1mfi[0m
2025-04-16T15:05:32.8008942Z shell: /usr/bin/bash -e {0}
2025-04-16T15:05:32.8009253Z env:
2025-04-16T15:05:32.8009407Z   CI: true
2025-04-16T15:05:32.8009573Z ##[endgroup]
2025-04-16T15:05:33.4653044Z error: cannot pull with rebase: You have unstaged changes.
2025-04-16T15:05:33.4653863Z error: Please commit or stash them.
2025-04-16T15:05:33.4669668Z ##[error]Process completed with exit code 128.
2025-04-16T15:05:33.4766232Z Post job cleanup.
2025-04-16T15:05:33.5714386Z [command]/usr/bin/git version
2025-04-16T15:05:33.5756676Z git version 2.49.0
2025-04-16T15:05:33.5802464Z Temporarily overriding HOME='/home/runner/work/_temp/5b8320ec-0ca4-4d4c-874f-815ce5f60c42' before making global git config changes
2025-04-16T15:05:33.5804768Z Adding repository directory to the temporary git global config as a safe directory
2025-04-16T15:05:33.5819411Z [command]/usr/bin/git config --global --add safe.directory /home/runner/work/date-night-app2/date-night-app2
2025-04-16T15:05:33.5856020Z [command]/usr/bin/git config --local --name-only --get-regexp core\.sshCommand
2025-04-16T15:05:33.5891505Z [command]/usr/bin/git submodule foreach --recursive sh -c "git config --local --name-only --get-regexp 'core\.sshCommand' && git config --local --unset-all 'core.sshCommand' || :"
2025-04-16T15:05:33.6137627Z [command]/usr/bin/git config --local --name-only --get-regexp http\.https\:\/\/github\.com\/\.extraheader
2025-04-16T15:05:33.6161553Z http.https://github.com/.extraheader
2025-04-16T15:05:33.6175053Z [command]/usr/bin/git config --local --unset-all http.https://github.com/.extraheader
2025-04-16T15:05:33.6209897Z [command]/usr/bin/git submodule foreach --recursive sh -c "git config --local --name-only --get-regexp 'http\.https\:\/\/github\.com\/\.extraheader' && git config --local --unset-all 'http.https://github.com/.extraheader' || :"
2025-04-16T15:05:33.6663355Z Cleaning up orphan processes
