2025-04-16T06:04:22.7040120Z Current runner version: '2.323.0'
2025-04-16T06:04:22.7076865Z ##[group]Operating System
2025-04-16T06:04:22.7078183Z Ubuntu
2025-04-16T06:04:22.7079004Z 24.04.2
2025-04-16T06:04:22.7079869Z LTS
2025-04-16T06:04:22.7080782Z ##[endgroup]
2025-04-16T06:04:22.7081931Z ##[group]Runner Image
2025-04-16T06:04:22.7082925Z Image: ubuntu-24.04
2025-04-16T06:04:22.7083851Z Version: 20250406.1.0
2025-04-16T06:04:22.7085640Z Included Software: https://github.com/actions/runner-images/blob/ubuntu24/20250406.1/images/ubuntu/Ubuntu2404-Readme.md
2025-04-16T06:04:22.7087907Z Image Release: https://github.com/actions/runner-images/releases/tag/ubuntu24%2F20250406.1
2025-04-16T06:04:22.7089441Z ##[endgroup]
2025-04-16T06:04:22.7090281Z ##[group]Runner Image Provisioner
2025-04-16T06:04:22.7091130Z 2.0.422.1
2025-04-16T06:04:22.7092137Z ##[endgroup]
2025-04-16T06:04:22.7093850Z ##[group]GITHUB_TOKEN Permissions
2025-04-16T06:04:22.7096597Z Contents: read
2025-04-16T06:04:22.7097470Z Metadata: read
2025-04-16T06:04:22.7098430Z Packages: read
2025-04-16T06:04:22.7099375Z ##[endgroup]
2025-04-16T06:04:22.7102295Z Secret source: Actions
2025-04-16T06:04:22.7103804Z Prepare workflow directory
2025-04-16T06:04:22.7477942Z Prepare all required actions
2025-04-16T06:04:22.7534628Z Getting action download info
2025-04-16T06:04:23.3701247Z ##[group]Download immutable action package 'actions/checkout@v4'
2025-04-16T06:04:23.3702506Z Version: 4.2.2
2025-04-16T06:04:23.3703427Z Digest: sha256:ccb2698953eaebd21c7bf6268a94f9c26518a7e38e27e0b83c1fe1ad049819b1
2025-04-16T06:04:23.3704606Z Source commit SHA: 11bd71901bbe5b1630ceea73d27597364c9af683
2025-04-16T06:04:23.3705293Z ##[endgroup]
2025-04-16T06:04:23.4652426Z ##[group]Download immutable action package 'actions/setup-node@v4'
2025-04-16T06:04:23.4653216Z Version: 4.4.0
2025-04-16T06:04:23.4654043Z Digest: sha256:9427cefe82346e992fb5b949e3569b39d537ae41aa3086483b14eceebfc16bc1
2025-04-16T06:04:23.4654966Z Source commit SHA: 49933ea5288caeca8642d1e84afbd3f7d6820020
2025-04-16T06:04:23.4655658Z ##[endgroup]
2025-04-16T06:04:23.8358172Z ##[group]Download immutable action package 'actions/upload-artifact@v4'
2025-04-16T06:04:23.8358962Z Version: 4.6.2
2025-04-16T06:04:23.8359663Z Digest: sha256:290722aa3281d5caf23d0acdc3dbeb3424786a1a01a9cc97e72f147225e37c38
2025-04-16T06:04:23.8360686Z Source commit SHA: ea165f8d65b6e75b540449e92b4886f43607fa02
2025-04-16T06:04:23.8361361Z ##[endgroup]
2025-04-16T06:04:24.0538101Z Complete job name: test (22.x)
2025-04-16T06:04:24.1145255Z ##[group]Run actions/checkout@v4
2025-04-16T06:04:24.1146163Z with:
2025-04-16T06:04:24.1146594Z   repository: mrkurger/date-night-app2
2025-04-16T06:04:24.1147359Z   token: ***
2025-04-16T06:04:24.1147772Z   ssh-strict: true
2025-04-16T06:04:24.1148182Z   ssh-user: git
2025-04-16T06:04:24.1148604Z   persist-credentials: true
2025-04-16T06:04:24.1149074Z   clean: true
2025-04-16T06:04:24.1149505Z   sparse-checkout-cone-mode: true
2025-04-16T06:04:24.1149993Z   fetch-depth: 1
2025-04-16T06:04:24.1150398Z   fetch-tags: false
2025-04-16T06:04:24.1150833Z   show-progress: true
2025-04-16T06:04:24.1151257Z   lfs: false
2025-04-16T06:04:24.1151863Z   submodules: false
2025-04-16T06:04:24.1152324Z   set-safe-directory: true
2025-04-16T06:04:24.1153055Z ##[endgroup]
2025-04-16T06:04:24.3205408Z Syncing repository: mrkurger/date-night-app2
2025-04-16T06:04:24.3208130Z ##[group]Getting Git version info
2025-04-16T06:04:24.3209214Z Working directory is '/home/runner/work/date-night-app2/date-night-app2'
2025-04-16T06:04:24.3238984Z [command]/usr/bin/git version
2025-04-16T06:04:24.3248180Z git version 2.49.0
2025-04-16T06:04:24.3287604Z ##[endgroup]
2025-04-16T06:04:24.3314284Z Temporarily overriding HOME='/home/runner/work/_temp/a8adbda7-ae31-419e-ac4e-7207e1594b3b' before making global git config changes
2025-04-16T06:04:24.3319656Z Adding repository directory to the temporary git global config as a safe directory
2025-04-16T06:04:24.3322629Z [command]/usr/bin/git config --global --add safe.directory /home/runner/work/date-night-app2/date-night-app2
2025-04-16T06:04:24.3365784Z Deleting the contents of '/home/runner/work/date-night-app2/date-night-app2'
2025-04-16T06:04:24.3368512Z ##[group]Initializing the repository
2025-04-16T06:04:24.3374741Z [command]/usr/bin/git init /home/runner/work/date-night-app2/date-night-app2
2025-04-16T06:04:24.3449439Z hint: Using 'master' as the name for the initial branch. This default branch name
2025-04-16T06:04:24.3451337Z hint: is subject to change. To configure the initial branch name to use in all
2025-04-16T06:04:24.3453389Z hint: of your new repositories, which will suppress this warning, call:
2025-04-16T06:04:24.3454746Z hint:
2025-04-16T06:04:24.3455646Z hint: 	git config --global init.defaultBranch <name>
2025-04-16T06:04:24.3456679Z hint:
2025-04-16T06:04:24.3457661Z hint: Names commonly chosen instead of 'master' are 'main', 'trunk' and
2025-04-16T06:04:24.3459543Z hint: 'development'. The just-created branch can be renamed via this command:
2025-04-16T06:04:24.3461051Z hint:
2025-04-16T06:04:24.3462275Z hint: 	git branch -m <name>
2025-04-16T06:04:24.3465582Z Initialized empty Git repository in /home/runner/work/date-night-app2/date-night-app2/.git/
2025-04-16T06:04:24.3474903Z [command]/usr/bin/git remote add origin https://github.com/mrkurger/date-night-app2
2025-04-16T06:04:24.3513201Z ##[endgroup]
2025-04-16T06:04:24.3514708Z ##[group]Disabling automatic garbage collection
2025-04-16T06:04:24.3520232Z [command]/usr/bin/git config --local gc.auto 0
2025-04-16T06:04:24.3556368Z ##[endgroup]
2025-04-16T06:04:24.3557990Z ##[group]Setting up auth
2025-04-16T06:04:24.3562927Z [command]/usr/bin/git config --local --name-only --get-regexp core\.sshCommand
2025-04-16T06:04:24.3603367Z [command]/usr/bin/git submodule foreach --recursive sh -c "git config --local --name-only --get-regexp 'core\.sshCommand' && git config --local --unset-all 'core.sshCommand' || :"
2025-04-16T06:04:24.3920658Z [command]/usr/bin/git config --local --name-only --get-regexp http\.https\:\/\/github\.com\/\.extraheader
2025-04-16T06:04:24.3957090Z [command]/usr/bin/git submodule foreach --recursive sh -c "git config --local --name-only --get-regexp 'http\.https\:\/\/github\.com\/\.extraheader' && git config --local --unset-all 'http.https://github.com/.extraheader' || :"
2025-04-16T06:04:24.4202171Z [command]/usr/bin/git config --local http.https://github.com/.extraheader AUTHORIZATION: basic ***
2025-04-16T06:04:24.4254366Z ##[endgroup]
2025-04-16T06:04:24.4257321Z ##[group]Fetching the repository
2025-04-16T06:04:24.4269564Z [command]/usr/bin/git -c protocol.version=2 fetch --no-tags --prune --no-recurse-submodules --depth=1 origin +ac714081475a3d74e72ccd9d68627260d8654667:refs/remotes/origin/main
2025-04-16T06:04:27.1823936Z From https://github.com/mrkurger/date-night-app2
2025-04-16T06:04:27.1826375Z  * [new ref]         ac714081475a3d74e72ccd9d68627260d8654667 -> origin/main
2025-04-16T06:04:27.1857752Z ##[endgroup]
2025-04-16T06:04:27.1859401Z ##[group]Determining the checkout info
2025-04-16T06:04:27.1863529Z ##[endgroup]
2025-04-16T06:04:27.1869740Z [command]/usr/bin/git sparse-checkout disable
2025-04-16T06:04:27.1914738Z [command]/usr/bin/git config --local --unset-all extensions.worktreeConfig
2025-04-16T06:04:27.1948625Z ##[group]Checking out the ref
2025-04-16T06:04:27.1952280Z [command]/usr/bin/git checkout --progress --force -B main refs/remotes/origin/main
2025-04-16T06:04:27.6483110Z Switched to a new branch 'main'
2025-04-16T06:04:27.6484455Z branch 'main' set up to track 'origin/main'.
2025-04-16T06:04:27.6518518Z ##[endgroup]
2025-04-16T06:04:27.6592356Z [command]/usr/bin/git log -1 --format=%H
2025-04-16T06:04:27.6628067Z ac714081475a3d74e72ccd9d68627260d8654667
2025-04-16T06:04:27.6877075Z ##[group]Run actions/setup-node@v4
2025-04-16T06:04:27.6877388Z with:
2025-04-16T06:04:27.6877559Z   node-version: 22.x
2025-04-16T06:04:27.6877752Z   cache: npm
2025-04-16T06:04:27.6877998Z   cache-dependency-path: client-angular/package-lock.json
2025-04-16T06:04:27.6878307Z   always-auth: false
2025-04-16T06:04:27.6878494Z   check-latest: false
2025-04-16T06:04:27.6879055Z   token: ***
2025-04-16T06:04:27.6879230Z ##[endgroup]
2025-04-16T06:04:27.8635586Z Found in cache @ /opt/hostedtoolcache/node/22.14.0/x64
2025-04-16T06:04:27.8636445Z ##[group]Environment details
2025-04-16T06:04:28.3633193Z node: v22.14.0
2025-04-16T06:04:28.3633661Z npm: 10.9.2
2025-04-16T06:04:28.3633937Z yarn: 1.22.22
2025-04-16T06:04:28.3634738Z ##[endgroup]
2025-04-16T06:04:28.3635275Z [command]/opt/hostedtoolcache/node/22.14.0/x64/bin/npm config get cache
2025-04-16T06:04:28.4998607Z /home/runner/.npm
2025-04-16T06:04:28.7039713Z Cache hit for: node-cache-Linux-x64-npm-eed186788acb99c392cc79891935d042040413390720b7932c16d8b7ca478e8b
2025-04-16T06:04:29.7878479Z Received 69351304 of 69351304 (100.0%), 72.8 MBs/sec
2025-04-16T06:04:29.7879013Z Cache Size: ~66 MB (69351304 B)
2025-04-16T06:04:29.7938971Z [command]/usr/bin/tar -xf /home/runner/work/_temp/98b77447-533f-4586-b177-eb016d16b177/cache.tzst -P -C /home/runner/work/date-night-app2/date-night-app2 --use-compress-program unzstd
2025-04-16T06:04:30.1216157Z Cache restored successfully
2025-04-16T06:04:30.1366004Z Cache restored from key: node-cache-Linux-x64-npm-eed186788acb99c392cc79891935d042040413390720b7932c16d8b7ca478e8b
2025-04-16T06:04:30.1520597Z ##[group]Run npm ci
2025-04-16T06:04:30.1520875Z [36;1mnpm ci[0m
2025-04-16T06:04:30.1575556Z shell: /usr/bin/bash -e {0}
2025-04-16T06:04:30.1575816Z ##[endgroup]
2025-04-16T06:04:35.6356648Z npm warn deprecated inflight@1.0.6: This module is not supported, and leaks memory. Do not use it. Check out lru-cache if you want a good and tested way to coalesce async requests by a key value, which is much more comprehensive and powerful.
2025-04-16T06:04:35.8818382Z npm warn deprecated rimraf@3.0.2: Rimraf versions prior to v4 are no longer supported
2025-04-16T06:04:35.9003888Z npm warn deprecated abab@2.0.6: Use your platform's native atob() and btoa() methods instead
2025-04-16T06:04:36.0129869Z npm warn deprecated glob@7.2.3: Glob versions prior to v9 are no longer supported
2025-04-16T06:04:36.1200224Z npm warn deprecated domexception@4.0.0: Use your platform's native DOMException instead
2025-04-16T06:04:52.9612844Z 
2025-04-16T06:04:52.9650376Z added 1237 packages, and audited 1239 packages in 23s
2025-04-16T06:04:52.9652253Z 
2025-04-16T06:04:52.9653618Z 189 packages are looking for funding
2025-04-16T06:04:52.9655367Z   run `npm fund` for details
2025-04-16T06:04:52.9746342Z 
2025-04-16T06:04:52.9748103Z 3 moderate severity vulnerabilities
2025-04-16T06:04:52.9749732Z 
2025-04-16T06:04:52.9754716Z To address all issues (including breaking changes), run:
2025-04-16T06:04:52.9756612Z   npm audit fix --force
2025-04-16T06:04:52.9758046Z 
2025-04-16T06:04:52.9759460Z Run `npm audit` for details.
2025-04-16T06:04:53.0679511Z ##[group]Run npm test -- --watch=false --browsers=ChromeHeadless
2025-04-16T06:04:53.0679988Z [36;1mnpm test -- --watch=false --browsers=ChromeHeadless[0m
2025-04-16T06:04:53.0727408Z shell: /usr/bin/bash -e {0}
2025-04-16T06:04:53.0727652Z ##[endgroup]
2025-04-16T06:04:53.2071853Z 
2025-04-16T06:04:53.2073937Z > client-angular@0.0.0 test
2025-04-16T06:04:53.2075083Z > ng test client-angular --watch=false --browsers=ChromeHeadless
2025-04-16T06:04:53.2077592Z 
2025-04-16T06:04:55.2432651Z - Generating browser application bundles (phase: setup)...
2025-04-16T06:05:20.9352261Z âœ” Browser application bundle generation complete.
2025-04-16T06:05:20.9503704Z [1m[31m
2025-04-16T06:05:20.9506057Z ./src/app/features/advertiser-profile/advertiser-profile.component.scss?ngResource - Error: Module build failed (from ../node_modules/sass-loader/dist/cjs.js):
2025-04-16T06:05:20.9508007Z Two forwarded modules both define a variable named $primary-100.
2025-04-16T06:05:20.9514167Z     â•·
2025-04-16T06:05:20.9514957Z 5   â”‚ @forward '../../app/core/design/design-tokens';
2025-04-16T06:05:20.9515885Z     â”‚ â”â”â”â”â”â”â”â”â”â”â”â”â”â”â”â”â”â”â”â”â”â”â”â”â”â”â”â”â”â”â”â”â”â”â”â”â”â”â”â”â”â”â”â”â”â” original @forward
2025-04-16T06:05:20.9516467Z ... â”‚
2025-04-16T06:05:20.9517056Z 7   â”‚ @forward '../../app/core/design/main';
2025-04-16T06:05:20.9518221Z     â”‚ ^^^^^^^^^^^^^^^^^^^^^^^^^^^^^^^^^^^^^ new @forward
2025-04-16T06:05:20.9518680Z     â•µ
2025-04-16T06:05:20.9532310Z   src/styles/design-system/index.scss 7:1                                    @use
2025-04-16T06:05:20.9533578Z   src/app/features/advertiser-profile/advertiser-profile.component.scss 1:1  root stylesheet
2025-04-16T06:05:20.9534322Z 
2025-04-16T06:05:20.9535535Z ./src/app/features/user-settings/user-settings.component.scss?ngResource - Error: Module build failed (from ../node_modules/sass-loader/dist/cjs.js):
2025-04-16T06:05:20.9537096Z Two forwarded modules both define a variable named $primary-100.
2025-04-16T06:05:20.9537873Z     â•·
2025-04-16T06:05:20.9538547Z 5   â”‚ @forward '../../app/core/design/design-tokens';
2025-04-16T06:05:20.9539439Z     â”‚ â”â”â”â”â”â”â”â”â”â”â”â”â”â”â”â”â”â”â”â”â”â”â”â”â”â”â”â”â”â”â”â”â”â”â”â”â”â”â”â”â”â”â”â”â”â” original @forward
2025-04-16T06:05:20.9540029Z ... â”‚
2025-04-16T06:05:20.9540598Z 7   â”‚ @forward '../../app/core/design/main';
2025-04-16T06:05:20.9541333Z     â”‚ ^^^^^^^^^^^^^^^^^^^^^^^^^^^^^^^^^^^^^ new @forward
2025-04-16T06:05:20.9542053Z     â•µ
2025-04-16T06:05:20.9542658Z   src/styles/design-system/index.scss 7:1                           @use
2025-04-16T06:05:20.9543756Z   src/app/features/user-settings/user-settings.component.scss 11:1  root stylesheet
2025-04-16T06:05:20.9544380Z 
2025-04-16T06:05:20.9544630Z [39m[22m
2025-04-16T06:05:20.9687645Z [32m16 04 2025 06:05:20.967:INFO [karma-server]: [39mKarma v6.4.4 server started at http://localhost:9876/
2025-04-16T06:05:20.9693839Z [32m16 04 2025 06:05:20.968:INFO [launcher]: [39mLaunching browsers ChromeHeadless with concurrency unlimited
2025-04-16T06:05:20.9700513Z [91m16 04 2025 06:05:20.969:ERROR [karma-server]: [39mError: Found 1 load error
2025-04-16T06:05:20.9713206Z âœ” Browser application bundle generation complete.
2025-04-16T06:05:20.9714508Z     at Server.<anonymous> (/home/runner/work/date-night-app2/date-night-app2/node_modules/karma/lib/server.js:243:26)
2025-04-16T06:05:20.9716150Z     at Object.onceWrapper (node:events:632:28)
2025-04-16T06:05:20.9717226Z     at Server.emit (node:events:530:35)
2025-04-16T06:05:20.9718134Z     at emitListeningNT (node:net:1980:10)
2025-04-16T06:05:20.9719337Z     at process.processTicksAndRejections (node:internal/process/task_queues:89:21)
2025-04-16T06:05:20.9724998Z âœ” Browser application bundle generation complete.
2025-04-16T06:05:21.4810816Z npm error Lifecycle script `test` failed with error:
2025-04-16T06:05:21.4812194Z npm error code 1
2025-04-16T06:05:21.4813066Z npm error path /home/runner/work/date-night-app2/date-night-app2/client-angular
2025-04-16T06:05:21.4814735Z npm error workspace client-angular@0.0.0
2025-04-16T06:05:21.4816314Z npm error location /home/runner/work/date-night-app2/date-night-app2/client-angular
2025-04-16T06:05:21.4821354Z npm error command failed
2025-04-16T06:05:21.4825253Z npm error command sh -c ng test client-angular --watch=false --browsers=ChromeHeadless
2025-04-16T06:05:21.4899255Z ##[error]Process completed with exit code 1.
2025-04-16T06:05:21.4969055Z ##[group]Run actions/upload-artifact@v4
2025-04-16T06:05:21.4969334Z with:
2025-04-16T06:05:21.4969500Z   name: test-results
2025-04-16T06:05:21.4969706Z   path: ./client-angular/coverage
2025-04-16T06:05:21.4969947Z   if-no-files-found: warn
2025-04-16T06:05:21.4970150Z   compression-level: 6
2025-04-16T06:05:21.4970343Z   overwrite: false
2025-04-16T06:05:21.4970538Z   include-hidden-files: false
2025-04-16T06:05:21.4970748Z ##[endgroup]
2025-04-16T06:05:21.7160676Z ##[warning]No files were found with the provided path: ./client-angular/coverage. No artifacts will be uploaded.
2025-04-16T06:05:21.7305958Z Post job cleanup.
2025-04-16T06:05:21.8267822Z [command]/usr/bin/git version
2025-04-16T06:05:21.8309161Z git version 2.49.0
2025-04-16T06:05:21.8357019Z Temporarily overriding HOME='/home/runner/work/_temp/be2a3fd8-1193-4f78-adae-6d02c304b0a3' before making global git config changes
2025-04-16T06:05:21.8359060Z Adding repository directory to the temporary git global config as a safe directory
2025-04-16T06:05:21.8365192Z [command]/usr/bin/git config --global --add safe.directory /home/runner/work/date-night-app2/date-night-app2
2025-04-16T06:05:21.8409542Z [command]/usr/bin/git config --local --name-only --get-regexp core\.sshCommand
2025-04-16T06:05:21.8446606Z [command]/usr/bin/git submodule foreach --recursive sh -c "git config --local --name-only --get-regexp 'core\.sshCommand' && git config --local --unset-all 'core.sshCommand' || :"
2025-04-16T06:05:21.8691090Z [command]/usr/bin/git config --local --name-only --get-regexp http\.https\:\/\/github\.com\/\.extraheader
2025-04-16T06:05:21.8715408Z http.https://github.com/.extraheader
2025-04-16T06:05:21.8729833Z [command]/usr/bin/git config --local --unset-all http.https://github.com/.extraheader
2025-04-16T06:05:21.8765910Z [command]/usr/bin/git submodule foreach --recursive sh -c "git config --local --name-only --get-regexp 'http\.https\:\/\/github\.com\/\.extraheader' && git config --local --unset-all 'http.https://github.com/.extraheader' || :"
2025-04-16T06:05:21.9108117Z Cleaning up orphan processes
