2025-04-16T11:24:56.0032736Z Current runner version: '2.323.0'
2025-04-16T11:24:56.0059330Z ##[group]Operating System
2025-04-16T11:24:56.0060137Z Ubuntu
2025-04-16T11:24:56.0060586Z 24.04.2
2025-04-16T11:24:56.0061131Z LTS
2025-04-16T11:24:56.0061579Z ##[endgroup]
2025-04-16T11:24:56.0062092Z ##[group]Runner Image
2025-04-16T11:24:56.0062621Z Image: ubuntu-24.04
2025-04-16T11:24:56.0063214Z Version: 20250413.1.0
2025-04-16T11:24:56.0064193Z Included Software: https://github.com/actions/runner-images/blob/ubuntu24/20250413.1/images/ubuntu/Ubuntu2404-Readme.md
2025-04-16T11:24:56.0065555Z Image Release: https://github.com/actions/runner-images/releases/tag/ubuntu24%2F20250413.1
2025-04-16T11:24:56.0066507Z ##[endgroup]
2025-04-16T11:24:56.0066967Z ##[group]Runner Image Provisioner
2025-04-16T11:24:56.0067536Z 2.0.422.1
2025-04-16T11:24:56.0068349Z ##[endgroup]
2025-04-16T11:24:56.0069417Z ##[group]GITHUB_TOKEN Permissions
2025-04-16T11:24:56.0071386Z Contents: read
2025-04-16T11:24:56.0071956Z Metadata: read
2025-04-16T11:24:56.0072603Z Packages: read
2025-04-16T11:24:56.0073255Z ##[endgroup]
2025-04-16T11:24:56.0075333Z Secret source: Actions
2025-04-16T11:24:56.0076047Z Prepare workflow directory
2025-04-16T11:24:56.0520290Z Prepare all required actions
2025-04-16T11:24:56.0595613Z Getting action download info
2025-04-16T11:24:56.6757231Z ##[group]Download immutable action package 'actions/checkout@v4'
2025-04-16T11:24:56.6758478Z Version: 4.2.2
2025-04-16T11:24:56.6759410Z Digest: sha256:ccb2698953eaebd21c7bf6268a94f9c26518a7e38e27e0b83c1fe1ad049819b1
2025-04-16T11:24:56.6760636Z Source commit SHA: 11bd71901bbe5b1630ceea73d27597364c9af683
2025-04-16T11:24:56.6761375Z ##[endgroup]
2025-04-16T11:24:56.7931967Z ##[group]Download immutable action package 'actions/setup-node@v4'
2025-04-16T11:24:56.7932757Z Version: 4.4.0
2025-04-16T11:24:56.7933505Z Digest: sha256:9427cefe82346e992fb5b949e3569b39d537ae41aa3086483b14eceebfc16bc1
2025-04-16T11:24:56.7934406Z Source commit SHA: 49933ea5288caeca8642d1e84afbd3f7d6820020
2025-04-16T11:24:56.7935182Z ##[endgroup]
2025-04-16T11:24:57.1773116Z Complete job name: lint (22.x)
2025-04-16T11:24:57.2343008Z ##[group]Run actions/checkout@v4
2025-04-16T11:24:57.2343826Z with:
2025-04-16T11:24:57.2344216Z   repository: mrkurger/date-night-app2
2025-04-16T11:24:57.2344885Z   token: ***
2025-04-16T11:24:57.2345261Z   ssh-strict: true
2025-04-16T11:24:57.2345638Z   ssh-user: git
2025-04-16T11:24:57.2346138Z   persist-credentials: true
2025-04-16T11:24:57.2346766Z   clean: true
2025-04-16T11:24:57.2347154Z   sparse-checkout-cone-mode: true
2025-04-16T11:24:57.2347618Z   fetch-depth: 1
2025-04-16T11:24:57.2348195Z   fetch-tags: false
2025-04-16T11:24:57.2348586Z   show-progress: true
2025-04-16T11:24:57.2348969Z   lfs: false
2025-04-16T11:24:57.2349315Z   submodules: false
2025-04-16T11:24:57.2349703Z   set-safe-directory: true
2025-04-16T11:24:57.2350413Z ##[endgroup]
2025-04-16T11:24:57.5303984Z Syncing repository: mrkurger/date-night-app2
2025-04-16T11:24:57.5306893Z ##[group]Getting Git version info
2025-04-16T11:24:57.5308676Z Working directory is '/home/runner/work/date-night-app2/date-night-app2'
2025-04-16T11:24:57.5312101Z [command]/usr/bin/git version
2025-04-16T11:24:57.5426390Z git version 2.49.0
2025-04-16T11:24:57.5468240Z ##[endgroup]
2025-04-16T11:24:57.5482956Z Temporarily overriding HOME='/home/runner/work/_temp/38b48922-2836-4783-801f-dc51c85d837e' before making global git config changes
2025-04-16T11:24:57.5487176Z Adding repository directory to the temporary git global config as a safe directory
2025-04-16T11:24:57.5504812Z [command]/usr/bin/git config --global --add safe.directory /home/runner/work/date-night-app2/date-night-app2
2025-04-16T11:24:57.5549921Z Deleting the contents of '/home/runner/work/date-night-app2/date-night-app2'
2025-04-16T11:24:57.5554387Z ##[group]Initializing the repository
2025-04-16T11:24:57.5559858Z [command]/usr/bin/git init /home/runner/work/date-night-app2/date-night-app2
2025-04-16T11:24:57.5661582Z hint: Using 'master' as the name for the initial branch. This default branch name
2025-04-16T11:24:57.5664310Z hint: is subject to change. To configure the initial branch name to use in all
2025-04-16T11:24:57.5665816Z hint: of your new repositories, which will suppress this warning, call:
2025-04-16T11:24:57.5666951Z hint:
2025-04-16T11:24:57.5668960Z hint: 	git config --global init.defaultBranch <name>
2025-04-16T11:24:57.5670862Z hint:
2025-04-16T11:24:57.5673386Z hint: Names commonly chosen instead of 'master' are 'main', 'trunk' and
2025-04-16T11:24:57.5675159Z hint: 'development'. The just-created branch can be renamed via this command:
2025-04-16T11:24:57.5676588Z hint:
2025-04-16T11:24:57.5677399Z hint: 	git branch -m <name>
2025-04-16T11:24:57.5681597Z Initialized empty Git repository in /home/runner/work/date-night-app2/date-night-app2/.git/
2025-04-16T11:24:57.5690691Z [command]/usr/bin/git remote add origin https://github.com/mrkurger/date-night-app2
2025-04-16T11:24:57.5737100Z ##[endgroup]
2025-04-16T11:24:57.5740573Z ##[group]Disabling automatic garbage collection
2025-04-16T11:24:57.5741857Z [command]/usr/bin/git config --local gc.auto 0
2025-04-16T11:24:57.5777489Z ##[endgroup]
2025-04-16T11:24:57.5780630Z ##[group]Setting up auth
2025-04-16T11:24:57.5784351Z [command]/usr/bin/git config --local --name-only --get-regexp core\.sshCommand
2025-04-16T11:24:57.5821759Z [command]/usr/bin/git submodule foreach --recursive sh -c "git config --local --name-only --get-regexp 'core\.sshCommand' && git config --local --unset-all 'core.sshCommand' || :"
2025-04-16T11:24:57.6191424Z [command]/usr/bin/git config --local --name-only --get-regexp http\.https\:\/\/github\.com\/\.extraheader
2025-04-16T11:24:57.6227572Z [command]/usr/bin/git submodule foreach --recursive sh -c "git config --local --name-only --get-regexp 'http\.https\:\/\/github\.com\/\.extraheader' && git config --local --unset-all 'http.https://github.com/.extraheader' || :"
2025-04-16T11:24:57.6473657Z [command]/usr/bin/git config --local http.https://github.com/.extraheader AUTHORIZATION: basic ***
2025-04-16T11:24:57.6519496Z ##[endgroup]
2025-04-16T11:24:57.6523821Z ##[group]Fetching the repository
2025-04-16T11:24:57.6532692Z [command]/usr/bin/git -c protocol.version=2 fetch --no-tags --prune --no-recurse-submodules --depth=1 origin +46264212a39d07df9d402cbfa36b3f310ed15bba:refs/remotes/origin/main
2025-04-16T11:25:00.1615416Z From https://github.com/mrkurger/date-night-app2
2025-04-16T11:25:00.1616956Z  * [new ref]         46264212a39d07df9d402cbfa36b3f310ed15bba -> origin/main
2025-04-16T11:25:00.1656237Z ##[endgroup]
2025-04-16T11:25:00.1657461Z ##[group]Determining the checkout info
2025-04-16T11:25:00.1659217Z ##[endgroup]
2025-04-16T11:25:00.1666322Z [command]/usr/bin/git sparse-checkout disable
2025-04-16T11:25:00.1722992Z [command]/usr/bin/git config --local --unset-all extensions.worktreeConfig
2025-04-16T11:25:00.1768122Z ##[group]Checking out the ref
2025-04-16T11:25:00.1772438Z [command]/usr/bin/git checkout --progress --force -B main refs/remotes/origin/main
2025-04-16T11:25:00.6407617Z Switched to a new branch 'main'
2025-04-16T11:25:00.6429933Z branch 'main' set up to track 'origin/main'.
2025-04-16T11:25:00.6444626Z ##[endgroup]
2025-04-16T11:25:00.6508117Z [command]/usr/bin/git log -1 --format=%H
2025-04-16T11:25:00.6557494Z 46264212a39d07df9d402cbfa36b3f310ed15bba
2025-04-16T11:25:00.6793142Z ##[group]Run actions/setup-node@v4
2025-04-16T11:25:00.6793444Z with:
2025-04-16T11:25:00.6793616Z   node-version: 22.x
2025-04-16T11:25:00.6793849Z   cache: npm
2025-04-16T11:25:00.6794097Z   cache-dependency-path: client-angular/package-lock.json
2025-04-16T11:25:00.6794413Z   always-auth: false
2025-04-16T11:25:00.6794597Z   check-latest: false
2025-04-16T11:25:00.6794903Z   token: ***
2025-04-16T11:25:00.6795090Z ##[endgroup]
2025-04-16T11:25:00.8562192Z Found in cache @ /opt/hostedtoolcache/node/22.14.0/x64
2025-04-16T11:25:00.8566689Z ##[group]Environment details
2025-04-16T11:25:03.8760942Z node: v22.14.0
2025-04-16T11:25:03.8761877Z npm: 10.9.2
2025-04-16T11:25:03.8763092Z yarn: 1.22.22
2025-04-16T11:25:03.8765127Z ##[endgroup]
2025-04-16T11:25:03.8790500Z [command]/opt/hostedtoolcache/node/22.14.0/x64/bin/npm config get cache
2025-04-16T11:25:04.1978915Z /home/runner/.npm
2025-04-16T11:25:04.4853625Z Cache hit for: node-cache-Linux-x64-npm-eed186788acb99c392cc79891935d042040413390720b7932c16d8b7ca478e8b
2025-04-16T11:25:05.7964850Z Received 0 of 69351304 (0.0%), 0.0 MBs/sec
2025-04-16T11:25:06.6139304Z Received 69351304 of 69351304 (100.0%), 36.4 MBs/sec
2025-04-16T11:25:06.6140947Z Cache Size: ~66 MB (69351304 B)
2025-04-16T11:25:06.6188977Z [command]/usr/bin/tar -xf /home/runner/work/_temp/9c9f434a-871d-4343-97cd-8b3576fb10be/cache.tzst -P -C /home/runner/work/date-night-app2/date-night-app2 --use-compress-program unzstd
2025-04-16T11:25:06.9345783Z Cache restored successfully
2025-04-16T11:25:06.9501296Z Cache restored from key: node-cache-Linux-x64-npm-eed186788acb99c392cc79891935d042040413390720b7932c16d8b7ca478e8b
2025-04-16T11:25:06.9662082Z ##[group]Run npm ci
2025-04-16T11:25:06.9662364Z [36;1mnpm ci[0m
2025-04-16T11:25:06.9714980Z shell: /usr/bin/bash -e {0}
2025-04-16T11:25:06.9715234Z ##[endgroup]
2025-04-16T11:25:13.8076001Z npm warn deprecated inflight@1.0.6: This module is not supported, and leaks memory. Do not use it. Check out lru-cache if you want a good and tested way to coalesce async requests by a key value, which is much more comprehensive and powerful.
2025-04-16T11:25:14.2593669Z npm warn deprecated rimraf@3.0.2: Rimraf versions prior to v4 are no longer supported
2025-04-16T11:25:14.2857942Z npm warn deprecated abab@2.0.6: Use your platform's native atob() and btoa() methods instead
2025-04-16T11:25:14.5577507Z npm warn deprecated glob@7.2.3: Glob versions prior to v9 are no longer supported
2025-04-16T11:25:14.8060705Z npm warn deprecated domexception@4.0.0: Use your platform's native DOMException instead
2025-04-16T11:25:16.3103377Z npm warn deprecated @humanwhocodes/object-schema@2.0.3: Use @eslint/object-schema instead
2025-04-16T11:25:16.4452470Z npm warn deprecated @humanwhocodes/config-array@0.11.14: Use @eslint/config-array instead
2025-04-16T11:25:20.8194461Z npm warn deprecated eslint@8.56.0: This version is no longer supported. Please see https://eslint.org/version-support for other options.
2025-04-16T11:25:35.4763643Z 
2025-04-16T11:25:35.4764531Z > date-night-app@1.0.0 prepare
2025-04-16T11:25:35.4764996Z > husky
2025-04-16T11:25:35.4765161Z 
2025-04-16T11:25:35.4910880Z sh: 1: husky: not found
2025-04-16T11:25:35.4952176Z npm error code 127
2025-04-16T11:25:35.4953834Z npm error path /home/runner/work/date-night-app2/date-night-app2
2025-04-16T11:25:35.4954506Z npm error command failed
2025-04-16T11:25:35.4955010Z npm error command sh -c husky
2025-04-16T11:25:35.4961435Z npm error A complete log of this run can be found in: /home/runner/.npm/_logs/2025-04-16T11_25_07_033Z-debug-0.log
2025-04-16T11:25:35.5900273Z ##[error]Process completed with exit code 127.
2025-04-16T11:25:35.6086757Z Post job cleanup.
2025-04-16T11:25:35.7067655Z [command]/usr/bin/git version
2025-04-16T11:25:35.7109747Z git version 2.49.0
2025-04-16T11:25:35.7157199Z Temporarily overriding HOME='/home/runner/work/_temp/fbbc5ca0-c2c1-4d16-b9d6-5f00607fdc78' before making global git config changes
2025-04-16T11:25:35.7161000Z Adding repository directory to the temporary git global config as a safe directory
2025-04-16T11:25:35.7165172Z [command]/usr/bin/git config --global --add safe.directory /home/runner/work/date-night-app2/date-night-app2
2025-04-16T11:25:35.7211280Z [command]/usr/bin/git config --local --name-only --get-regexp core\.sshCommand
2025-04-16T11:25:35.7248135Z [command]/usr/bin/git submodule foreach --recursive sh -c "git config --local --name-only --get-regexp 'core\.sshCommand' && git config --local --unset-all 'core.sshCommand' || :"
2025-04-16T11:25:35.7499600Z [command]/usr/bin/git config --local --name-only --get-regexp http\.https\:\/\/github\.com\/\.extraheader
2025-04-16T11:25:35.7523968Z http.https://github.com/.extraheader
2025-04-16T11:25:35.7538765Z [command]/usr/bin/git config --local --unset-all http.https://github.com/.extraheader
2025-04-16T11:25:35.7576106Z [command]/usr/bin/git submodule foreach --recursive sh -c "git config --local --name-only --get-regexp 'http\.https\:\/\/github\.com\/\.extraheader' && git config --local --unset-all 'http.https://github.com/.extraheader' || :"
2025-04-16T11:25:35.7929024Z Cleaning up orphan processes
