2025-04-16T15:11:57.8716496Z Current runner version: '2.323.0'
2025-04-16T15:11:57.8752117Z ##[group]Operating System
2025-04-16T15:11:57.8753282Z Ubuntu
2025-04-16T15:11:57.8754184Z 24.04.2
2025-04-16T15:11:57.8754930Z LTS
2025-04-16T15:11:57.8755888Z ##[endgroup]
2025-04-16T15:11:57.8756863Z ##[group]Runner Image
2025-04-16T15:11:57.8757826Z Image: ubuntu-24.04
2025-04-16T15:11:57.8758686Z Version: 20250413.1.0
2025-04-16T15:11:57.8760588Z Included Software: https://github.com/actions/runner-images/blob/ubuntu24/20250413.1/images/ubuntu/Ubuntu2404-Readme.md
2025-04-16T15:11:57.8763130Z Image Release: https://github.com/actions/runner-images/releases/tag/ubuntu24%2F20250413.1
2025-04-16T15:11:57.8764646Z ##[endgroup]
2025-04-16T15:11:57.8766278Z ##[group]Runner Image Provisioner
2025-04-16T15:11:57.8767322Z 2.0.422.1
2025-04-16T15:11:57.8768074Z ##[endgroup]
2025-04-16T15:11:57.8769989Z ##[group]GITHUB_TOKEN Permissions
2025-04-16T15:11:57.8772792Z Actions: read
2025-04-16T15:11:57.8773638Z Contents: write
2025-04-16T15:11:57.8774986Z Metadata: read
2025-04-16T15:11:57.8776344Z ##[endgroup]
2025-04-16T15:11:57.8779863Z Secret source: Actions
2025-04-16T15:11:57.8781090Z Prepare workflow directory
2025-04-16T15:11:57.9544453Z Prepare all required actions
2025-04-16T15:11:57.9601171Z Getting action download info
2025-04-16T15:11:58.5740434Z ##[group]Download immutable action package 'actions/checkout@v4'
2025-04-16T15:11:58.5741492Z Version: 4.2.2
2025-04-16T15:11:58.5742546Z Digest: sha256:ccb2698953eaebd21c7bf6268a94f9c26518a7e38e27e0b83c1fe1ad049819b1
2025-04-16T15:11:58.5743882Z Source commit SHA: 11bd71901bbe5b1630ceea73d27597364c9af683
2025-04-16T15:11:58.5744620Z ##[endgroup]
2025-04-16T15:11:58.6633744Z ##[group]Download immutable action package 'actions/setup-node@v4'
2025-04-16T15:11:58.6634604Z Version: 4.4.0
2025-04-16T15:11:58.6635891Z Digest: sha256:9427cefe82346e992fb5b949e3569b39d537ae41aa3086483b14eceebfc16bc1
2025-04-16T15:11:58.6636946Z Source commit SHA: 49933ea5288caeca8642d1e84afbd3f7d6820020
2025-04-16T15:11:58.6637690Z ##[endgroup]
2025-04-16T15:11:59.1726792Z Complete job name: sync-error-logs
2025-04-16T15:11:59.2426100Z ##[group]Run actions/checkout@v4
2025-04-16T15:11:59.2427096Z with:
2025-04-16T15:11:59.2427524Z   fetch-depth: 0
2025-04-16T15:11:59.2428198Z   token: ***
2025-04-16T15:11:59.2428662Z   repository: mrkurger/date-night-app2
2025-04-16T15:11:59.2429211Z   ssh-strict: true
2025-04-16T15:11:59.2429628Z   ssh-user: git
2025-04-16T15:11:59.2430049Z   persist-credentials: true
2025-04-16T15:11:59.2430538Z   clean: true
2025-04-16T15:11:59.2430964Z   sparse-checkout-cone-mode: true
2025-04-16T15:11:59.2431482Z   fetch-tags: false
2025-04-16T15:11:59.2431904Z   show-progress: true
2025-04-16T15:11:59.2432333Z   lfs: false
2025-04-16T15:11:59.2432724Z   submodules: false
2025-04-16T15:11:59.2433155Z   set-safe-directory: true
2025-04-16T15:11:59.2433847Z env:
2025-04-16T15:11:59.2434237Z   CI: true
2025-04-16T15:11:59.2434624Z ##[endgroup]
2025-04-16T15:11:59.4149276Z Syncing repository: mrkurger/date-night-app2
2025-04-16T15:11:59.4153361Z ##[group]Getting Git version info
2025-04-16T15:11:59.4156371Z Working directory is '/home/runner/work/date-night-app2/date-night-app2'
2025-04-16T15:11:59.4161832Z [command]/usr/bin/git version
2025-04-16T15:11:59.4209160Z git version 2.49.0
2025-04-16T15:11:59.4253815Z ##[endgroup]
2025-04-16T15:11:59.4267405Z Temporarily overriding HOME='/home/runner/work/_temp/05fbe0eb-3b8c-4bfb-8b0c-d294176cc38e' before making global git config changes
2025-04-16T15:11:59.4271170Z Adding repository directory to the temporary git global config as a safe directory
2025-04-16T15:11:59.4275061Z [command]/usr/bin/git config --global --add safe.directory /home/runner/work/date-night-app2/date-night-app2
2025-04-16T15:11:59.4325801Z Deleting the contents of '/home/runner/work/date-night-app2/date-night-app2'
2025-04-16T15:11:59.4328404Z ##[group]Initializing the repository
2025-04-16T15:11:59.4334543Z [command]/usr/bin/git init /home/runner/work/date-night-app2/date-night-app2
2025-04-16T15:11:59.4401155Z hint: Using 'master' as the name for the initial branch. This default branch name
2025-04-16T15:11:59.4403080Z hint: is subject to change. To configure the initial branch name to use in all
2025-04-16T15:11:59.4404865Z hint: of your new repositories, which will suppress this warning, call:
2025-04-16T15:11:59.4407006Z hint:
2025-04-16T15:11:59.4407860Z hint: 	git config --global init.defaultBranch <name>
2025-04-16T15:11:59.4408904Z hint:
2025-04-16T15:11:59.4410079Z hint: Names commonly chosen instead of 'master' are 'main', 'trunk' and
2025-04-16T15:11:59.4411954Z hint: 'development'. The just-created branch can be renamed via this command:
2025-04-16T15:11:59.4413416Z hint:
2025-04-16T15:11:59.4414213Z hint: 	git branch -m <name>
2025-04-16T15:11:59.4417793Z Initialized empty Git repository in /home/runner/work/date-night-app2/date-night-app2/.git/
2025-04-16T15:11:59.4425066Z [command]/usr/bin/git remote add origin https://github.com/mrkurger/date-night-app2
2025-04-16T15:11:59.4465942Z ##[endgroup]
2025-04-16T15:11:59.4467450Z ##[group]Disabling automatic garbage collection
2025-04-16T15:11:59.4470383Z [command]/usr/bin/git config --local gc.auto 0
2025-04-16T15:11:59.4507314Z ##[endgroup]
2025-04-16T15:11:59.4508736Z ##[group]Setting up auth
2025-04-16T15:11:59.4515139Z [command]/usr/bin/git config --local --name-only --get-regexp core\.sshCommand
2025-04-16T15:11:59.4552250Z [command]/usr/bin/git submodule foreach --recursive sh -c "git config --local --name-only --get-regexp 'core\.sshCommand' && git config --local --unset-all 'core.sshCommand' || :"
2025-04-16T15:11:59.4846497Z [command]/usr/bin/git config --local --name-only --get-regexp http\.https\:\/\/github\.com\/\.extraheader
2025-04-16T15:11:59.4880995Z [command]/usr/bin/git submodule foreach --recursive sh -c "git config --local --name-only --get-regexp 'http\.https\:\/\/github\.com\/\.extraheader' && git config --local --unset-all 'http.https://github.com/.extraheader' || :"
2025-04-16T15:11:59.5128949Z [command]/usr/bin/git config --local http.https://github.com/.extraheader AUTHORIZATION: basic ***
2025-04-16T15:11:59.5178489Z ##[endgroup]
2025-04-16T15:11:59.5181680Z ##[group]Fetching the repository
2025-04-16T15:11:59.5189300Z [command]/usr/bin/git -c protocol.version=2 fetch --prune --no-recurse-submodules origin +refs/heads/*:refs/remotes/origin/* +refs/tags/*:refs/tags/*
2025-04-16T15:12:08.5628264Z From https://github.com/mrkurger/date-night-app2
2025-04-16T15:12:08.5631330Z  * [new branch]      dependabot/github_actions/dawidd6/action-download-artifact-9 -> origin/dependabot/github_actions/dawidd6/action-download-artifact-9
2025-04-16T15:12:08.5633299Z  * [new branch]      dependabot/npm_and_yarn/server/multi-94fa72f662 -> origin/dependabot/npm_and_yarn/server/multi-94fa72f662
2025-04-16T15:12:08.5638529Z  * [new branch]      main       -> origin/main
2025-04-16T15:12:08.5678558Z [command]/usr/bin/git branch --list --remote origin/main
2025-04-16T15:12:08.5703431Z   origin/main
2025-04-16T15:12:08.5716505Z [command]/usr/bin/git rev-parse refs/remotes/origin/main
2025-04-16T15:12:08.5740135Z 90b160c19b76b449546833c4a660c6e506fffd40
2025-04-16T15:12:08.5750127Z ##[endgroup]
2025-04-16T15:12:08.5750899Z ##[group]Determining the checkout info
2025-04-16T15:12:08.5751678Z ##[endgroup]
2025-04-16T15:12:08.5756162Z [command]/usr/bin/git sparse-checkout disable
2025-04-16T15:12:08.5796600Z [command]/usr/bin/git config --local --unset-all extensions.worktreeConfig
2025-04-16T15:12:08.5825895Z ##[group]Checking out the ref
2025-04-16T15:12:08.5832182Z [command]/usr/bin/git checkout --progress --force -B main refs/remotes/origin/main
2025-04-16T15:12:08.9591259Z Switched to a new branch 'main'
2025-04-16T15:12:08.9597291Z branch 'main' set up to track 'origin/main'.
2025-04-16T15:12:08.9622785Z ##[endgroup]
2025-04-16T15:12:08.9699844Z [command]/usr/bin/git log -1 --format=%H
2025-04-16T15:12:08.9738453Z 90b160c19b76b449546833c4a660c6e506fffd40
2025-04-16T15:12:08.9975037Z ##[group]Run actions/setup-node@v4
2025-04-16T15:12:08.9975311Z with:
2025-04-16T15:12:08.9976081Z   node-version: 22.x
2025-04-16T15:12:08.9976282Z   always-auth: false
2025-04-16T15:12:08.9976482Z   check-latest: false
2025-04-16T15:12:08.9976820Z   token: ***
2025-04-16T15:12:08.9976991Z env:
2025-04-16T15:12:08.9977149Z   CI: true
2025-04-16T15:12:08.9977307Z ##[endgroup]
2025-04-16T15:12:09.1725122Z Found in cache @ /opt/hostedtoolcache/node/22.14.0/x64
2025-04-16T15:12:09.1731549Z ##[group]Environment details
2025-04-16T15:12:14.7493206Z node: v22.14.0
2025-04-16T15:12:14.7494768Z npm: 10.9.2
2025-04-16T15:12:14.7495079Z yarn: 1.22.22
2025-04-16T15:12:14.7498527Z ##[endgroup]
2025-04-16T15:12:14.7611339Z ##[group]Run npm install @octokit/rest@19.0.13 fs-extra@11.2.0
2025-04-16T15:12:14.7611787Z [36;1mnpm install @octokit/rest@19.0.13 fs-extra@11.2.0[0m
2025-04-16T15:12:14.7666721Z shell: /usr/bin/bash -e {0}
2025-04-16T15:12:14.7666960Z env:
2025-04-16T15:12:14.7667129Z   CI: true
2025-04-16T15:12:14.7667295Z ##[endgroup]
2025-04-16T15:12:22.6525258Z npm warn deprecated xss-clean@0.1.4: Package no longer supported. Contact Support at https://www.npmjs.com/support for more info.
2025-04-16T15:12:23.9522768Z npm warn deprecated rimraf@3.0.2: Rimraf versions prior to v4 are no longer supported
2025-04-16T15:12:24.3911372Z npm warn deprecated passport-reddit@1.1.0: While functionally complete, this library will not be receiving any updates going forwards. Users are actively discouraged from using OAuth2 for authentication. See archival notice on github for more details.
2025-04-16T15:12:24.5623000Z npm warn deprecated superagent@8.1.2: Please upgrade to v9.0.0+ as we have fixed a public vulnerability with formidable dependency. Note that v9.0.0+ requires Node.js v14.18.0+. See https://github.com/ladjs/superagent/pull/1800 for insight. This project is supported and maintained by the team at Forward Email @ https://forwardemail.net
2025-04-16T15:12:24.6713763Z npm warn deprecated npmlog@5.0.1: This package is no longer supported.
2025-04-16T15:12:25.8093421Z npm warn deprecated inflight@1.0.6: This module is not supported, and leaks memory. Do not use it. Check out lru-cache if you want a good and tested way to coalesce async requests by a key value, which is much more comprehensive and powerful.
2025-04-16T15:12:26.1788500Z npm warn deprecated glob@7.2.3: Glob versions prior to v9 are no longer supported
2025-04-16T15:12:26.6651111Z npm warn deprecated gauge@3.0.2: This package is no longer supported.
2025-04-16T15:12:27.1937290Z npm warn deprecated domexception@4.0.0: Use your platform's native DOMException instead
2025-04-16T15:12:28.1561749Z npm warn deprecated are-we-there-yet@2.0.0: This package is no longer supported.
2025-04-16T15:12:28.2540344Z npm warn deprecated abab@2.0.6: Use your platform's native atob() and btoa() methods instead
2025-04-16T15:12:29.6412991Z npm warn deprecated @humanwhocodes/object-schema@2.0.3: Use @eslint/object-schema instead
2025-04-16T15:12:29.6673726Z npm warn deprecated @humanwhocodes/config-array@0.11.14: Use @eslint/config-array instead
2025-04-16T15:12:37.4875319Z npm warn deprecated eslint@8.56.0: This version is no longer supported. Please see https://eslint.org/version-support for other options.
2025-04-16T15:12:37.5115268Z npm warn deprecated eslint@8.56.0: This version is no longer supported. Please see https://eslint.org/version-support for other options.
2025-04-16T15:13:00.8601984Z 
2025-04-16T15:13:00.8602695Z added 1914 packages, and audited 1917 packages in 46s
2025-04-16T15:13:00.8603145Z 
2025-04-16T15:13:00.8603405Z 354 packages are looking for funding
2025-04-16T15:13:00.8603867Z   run `npm fund` for details
2025-04-16T15:13:00.8759701Z 
2025-04-16T15:13:00.8762447Z 9 moderate severity vulnerabilities
2025-04-16T15:13:00.8762805Z 
2025-04-16T15:13:00.8763182Z To address issues that do not require attention, run:
2025-04-16T15:13:00.8763729Z   npm audit fix
2025-04-16T15:13:00.8763934Z 
2025-04-16T15:13:00.8764327Z To address all issues (including breaking changes), run:
2025-04-16T15:13:00.8764889Z   npm audit fix --force
2025-04-16T15:13:00.8765863Z 
2025-04-16T15:13:00.8766090Z Run `npm audit` for details.
2025-04-16T15:13:00.9531376Z ##[group]Run cat > fetch-workflow-logs.js << 'EOF'
2025-04-16T15:13:00.9532131Z [36;1mcat > fetch-workflow-logs.js << 'EOF'[0m
2025-04-16T15:13:00.9532428Z [36;1mconst { Octokit } = require('@octokit/rest');[0m
2025-04-16T15:13:00.9532718Z [36;1mconst fs = require('fs-extra');[0m
2025-04-16T15:13:00.9532984Z [36;1mconst path = require('path');[0m
2025-04-16T15:13:00.9533230Z [36;1m[0m
2025-04-16T15:13:00.9533411Z [36;1masync function main() {[0m
2025-04-16T15:13:00.9533675Z [36;1m  const owner = process.env.REPO_OWNER;[0m
2025-04-16T15:13:00.9533963Z [36;1m  const repo = process.env.REPO_NAME;[0m
2025-04-16T15:13:00.9534271Z [36;1m  const logsDir = path.join('workflow-error-logs');[0m
2025-04-16T15:13:00.9534549Z [36;1m  [0m
2025-04-16T15:13:00.9534805Z [36;1m  console.log(`Fetching workflow logs for ${owner}/${repo}`);[0m
2025-04-16T15:13:00.9535112Z [36;1m  [0m
2025-04-16T15:13:00.9535336Z [36;1m  // Create logs directory if it doesn't exist[0m
2025-04-16T15:13:00.9535908Z [36;1m  await fs.ensureDir(logsDir);[0m
2025-04-16T15:13:00.9536145Z [36;1m  [0m
2025-04-16T15:13:00.9536324Z [36;1m  const octokit = new Octokit({[0m
2025-04-16T15:13:00.9536585Z [36;1m    auth: process.env.GITHUB_TOKEN,[0m
2025-04-16T15:13:00.9536831Z [36;1m    request: {[0m
2025-04-16T15:13:00.9537026Z [36;1m      retries: 3,[0m
2025-04-16T15:13:00.9537223Z [36;1m      retryAfter: 1[0m
2025-04-16T15:13:00.9537417Z [36;1m    }[0m
2025-04-16T15:13:00.9537576Z [36;1m  });[0m
2025-04-16T15:13:00.9537734Z [36;1m  [0m
2025-04-16T15:13:00.9537897Z [36;1m  // Get all workflows[0m
2025-04-16T15:13:00.9538219Z [36;1m  const { data: workflows } = await octokit.actions.listRepoWorkflows({[0m
2025-04-16T15:13:00.9538568Z [36;1m    owner,[0m
2025-04-16T15:13:00.9538752Z [36;1m    repo,[0m
2025-04-16T15:13:00.9538919Z [36;1m  });[0m
2025-04-16T15:13:00.9539077Z [36;1m  [0m
2025-04-16T15:13:00.9539290Z [36;1m  // Get recent workflow runs (last 30 days)[0m
2025-04-16T15:13:00.9539573Z [36;1m  const thirtyDaysAgo = new Date();[0m
2025-04-16T15:13:00.9539897Z [36;1m  thirtyDaysAgo.setDate(thirtyDaysAgo.getDate() - 30);[0m
2025-04-16T15:13:00.9540184Z [36;1m  [0m
2025-04-16T15:13:00.9540390Z [36;1m  for (const workflow of workflows.workflows) {[0m
2025-04-16T15:13:00.9540768Z [36;1m    console.log(`Processing workflow: ${workflow.name} (${workflow.id})`);[0m
2025-04-16T15:13:00.9541123Z [36;1m    [0m
2025-04-16T15:13:00.9541292Z [36;1m    try {[0m
2025-04-16T15:13:00.9541557Z [36;1m      const { data: runs } = await octokit.actions.listWorkflowRuns({[0m
2025-04-16T15:13:00.9541871Z [36;1m        owner,[0m
2025-04-16T15:13:00.9542051Z [36;1m        repo,[0m
2025-04-16T15:13:00.9542256Z [36;1m        workflow_id: workflow.id,[0m
2025-04-16T15:13:00.9542561Z [36;1m        created: `>=${thirtyDaysAgo.toISOString().split('T')[0]}`,[0m
2025-04-16T15:13:00.9542869Z [36;1m      });[0m
2025-04-16T15:13:00.9543038Z [36;1m      [0m
2025-04-16T15:13:00.9543224Z [36;1m      // Process failed runs[0m
2025-04-16T15:13:00.9543523Z [36;1m      const failedRuns = runs.workflow_runs.filter(run => [0m
2025-04-16T15:13:00.9543994Z [36;1m        run.conclusion === 'failure' || run.conclusion === 'cancelled' || run.conclusion === 'timed_out'[0m
2025-04-16T15:13:00.9544389Z [36;1m      );[0m
2025-04-16T15:13:00.9544555Z [36;1m      [0m
2025-04-16T15:13:00.9544854Z [36;1m      console.log(`Found ${failedRuns.length} failed runs for ${workflow.name}`);[0m
2025-04-16T15:13:00.9545206Z [36;1m      [0m
2025-04-16T15:13:00.9545390Z [36;1m      for (const run of failedRuns) {[0m
2025-04-16T15:13:00.9546035Z [36;1m        const runDate = new Date(run.created_at).toISOString().split('T')[0];[0m
2025-04-16T15:13:00.9546564Z [36;1m        const workflowDir = path.join(logsDir, workflow.name.replace(/[^a-zA-Z0-9]/g, '-').toLowerCase());[0m
2025-04-16T15:13:00.9547079Z [36;1m        const runDir = path.join(workflowDir, `${runDate}_${run.id}`);[0m
2025-04-16T15:13:00.9547777Z [36;1m        [0m
2025-04-16T15:13:00.9548025Z [36;1m        await fs.ensureDir(runDir);[0m
2025-04-16T15:13:00.9548257Z [36;1m        [0m
2025-04-16T15:13:00.9548432Z [36;1m        // Save run metadata[0m
2025-04-16T15:13:00.9548778Z [36;1m        await fs.writeJson(path.join(runDir, 'metadata.json'), run, { spaces: 2 });[0m
2025-04-16T15:13:00.9549118Z [36;1m        [0m
2025-04-16T15:13:00.9549280Z [36;1m        try {[0m
2025-04-16T15:13:00.9549483Z [36;1m          // Get jobs for this run[0m
2025-04-16T15:13:00.9549819Z [36;1m          const { data: jobs } = await octokit.actions.listJobsForWorkflowRun({[0m
2025-04-16T15:13:00.9550167Z [36;1m            owner,[0m
2025-04-16T15:13:00.9550363Z [36;1m            repo,[0m
2025-04-16T15:13:00.9550572Z [36;1m            run_id: run.id,[0m
2025-04-16T15:13:00.9550783Z [36;1m          });[0m
2025-04-16T15:13:00.9550960Z [36;1m          [0m
2025-04-16T15:13:00.9551155Z [36;1m          // Save jobs metadata[0m
2025-04-16T15:13:00.9551515Z [36;1m          await fs.writeJson(path.join(runDir, 'jobs.json'), jobs, { spaces: 2 });[0m
2025-04-16T15:13:00.9551850Z [36;1m          [0m
2025-04-16T15:13:00.9552035Z [36;1m          // Process each job[0m
2025-04-16T15:13:00.9552286Z [36;1m          for (const job of jobs.jobs) {[0m
2025-04-16T15:13:00.9552702Z [36;1m            if (job.conclusion === 'failure' || job.conclusion === 'cancelled' || job.conclusion === 'timed_out') {[0m
2025-04-16T15:13:00.9553268Z [36;1m              const jobDir = path.join(runDir, job.name.replace(/[^a-zA-Z0-9]/g, '-').toLowerCase());[0m
2025-04-16T15:13:00.9553672Z [36;1m              await fs.ensureDir(jobDir);[0m
2025-04-16T15:13:00.9553925Z [36;1m              [0m
2025-04-16T15:13:00.9554132Z [36;1m              // Save job metadata[0m
2025-04-16T15:13:00.9554495Z [36;1m              await fs.writeJson(path.join(jobDir, 'job-metadata.json'), job, { spaces: 2 });[0m
2025-04-16T15:13:00.9554865Z [36;1m              [0m
2025-04-16T15:13:00.9555052Z [36;1m              try {[0m
2025-04-16T15:13:00.9555266Z [36;1m                // Get job logs[0m
2025-04-16T15:13:00.9555845Z [36;1m                const logs = await octokit.actions.downloadJobLogsForWorkflowRun({[0m
2025-04-16T15:13:00.9556197Z [36;1m                  owner,[0m
2025-04-16T15:13:00.9556416Z [36;1m                  repo,[0m
2025-04-16T15:13:00.9556634Z [36;1m                  job_id: job.id,[0m
2025-04-16T15:13:00.9556863Z [36;1m                });[0m
2025-04-16T15:13:00.9557052Z [36;1m                [0m
2025-04-16T15:13:00.9557246Z [36;1m                // Save logs[0m
2025-04-16T15:13:00.9557551Z [36;1m                await fs.writeFile(path.join(jobDir, 'logs.txt'), logs.data);[0m
2025-04-16T15:13:00.9557946Z [36;1m                console.log(`Saved logs for job ${job.name} (${job.id})`);[0m
2025-04-16T15:13:00.9558259Z [36;1m              } catch (error) {[0m
2025-04-16T15:13:00.9558612Z [36;1m                console.error(`Error fetching logs for job ${job.id}: ${error.message}`);[0m
2025-04-16T15:13:00.9559132Z [36;1m                await fs.writeFile(path.join(jobDir, 'error.txt'), `Error fetching logs: ${error.message}`);[0m
2025-04-16T15:13:00.9559518Z [36;1m              }[0m
2025-04-16T15:13:00.9559705Z [36;1m            }[0m
2025-04-16T15:13:00.9559889Z [36;1m          }[0m
2025-04-16T15:13:00.9560071Z [36;1m        } catch (error) {[0m
2025-04-16T15:13:00.9560398Z [36;1m          console.error(`Error processing run ${run.id}: ${error.message}`);[0m
2025-04-16T15:13:00.9560891Z [36;1m          await fs.writeFile(path.join(runDir, 'error.txt'), `Error processing run: ${error.message}`);[0m
2025-04-16T15:13:00.9561279Z [36;1m        }[0m
2025-04-16T15:13:00.9561444Z [36;1m      }[0m
2025-04-16T15:13:00.9561618Z [36;1m    } catch (error) {[0m
2025-04-16T15:13:00.9561960Z [36;1m      console.error(`Error processing workflow ${workflow.id}: ${error.message}`);[0m
2025-04-16T15:13:00.9562456Z [36;1m    }[0m
2025-04-16T15:13:00.9562777Z [36;1m  }[0m
2025-04-16T15:13:00.9562936Z [36;1m  [0m
2025-04-16T15:13:00.9563110Z [36;1m  // Create summary file[0m
2025-04-16T15:13:00.9563328Z [36;1m  const summary = {[0m
2025-04-16T15:13:00.9563570Z [36;1m    timestamp: new Date().toISOString(),[0m
2025-04-16T15:13:00.9563872Z [36;1m    totalWorkflows: workflows.workflows.length,[0m
2025-04-16T15:13:00.9564210Z [36;1m    workflowSummary: workflows.workflows.map(w => ({[0m
2025-04-16T15:13:00.9564495Z [36;1m      name: w.name,[0m
2025-04-16T15:13:00.9564689Z [36;1m      id: w.id,[0m
2025-04-16T15:13:00.9564881Z [36;1m      path: w.path,[0m
2025-04-16T15:13:00.9565067Z [36;1m    })),[0m
2025-04-16T15:13:00.9565230Z [36;1m  };[0m
2025-04-16T15:13:00.9565388Z [36;1m  [0m
2025-04-16T15:13:00.9566000Z [36;1m  await fs.writeJson(path.join(logsDir, 'summary.json'), summary, { spaces: 2 });[0m
2025-04-16T15:13:00.9566428Z [36;1m  console.log('Workflow error logs sync completed');[0m
2025-04-16T15:13:00.9566713Z [36;1m}[0m
2025-04-16T15:13:00.9566868Z [36;1m[0m
2025-04-16T15:13:00.9567029Z [36;1mmain().catch(error => {[0m
2025-04-16T15:13:00.9567294Z [36;1m  console.error('Error in main process:', error);[0m
2025-04-16T15:13:00.9567573Z [36;1m  process.exit(1);[0m
2025-04-16T15:13:00.9567770Z [36;1m});[0m
2025-04-16T15:13:00.9567926Z [36;1mEOF[0m
2025-04-16T15:13:00.9568080Z [36;1m[0m
2025-04-16T15:13:00.9568255Z [36;1mnode fetch-workflow-logs.js[0m
2025-04-16T15:13:00.9614788Z shell: /usr/bin/bash -e {0}
2025-04-16T15:13:00.9615007Z env:
2025-04-16T15:13:00.9615175Z   CI: true
2025-04-16T15:13:00.9615737Z   GITHUB_TOKEN: ***
2025-04-16T15:13:00.9615943Z   REPO_OWNER: mrkurger
2025-04-16T15:13:00.9616146Z   REPO_NAME: date-night-app2
2025-04-16T15:13:00.9616360Z ##[endgroup]
2025-04-16T15:13:01.0477645Z Fetching workflow logs for mrkurger/date-night-app2
2025-04-16T15:13:01.3391074Z Error in main process: RequestError [HttpError]: API rate limit exceeded for installation. If you reach out to GitHub Support for help, please include the request ID 1058:27751B:2B314F:556088:67FFC8FD and timestamp 2025-04-16 15:13:01 UTC.
2025-04-16T15:13:01.3393696Z     at /home/runner/work/date-night-app2/date-night-app2/node_modules/@octokit/request/dist-node/index.js:122:21
2025-04-16T15:13:01.3401133Z     at process.processTicksAndRejections (node:internal/process/task_queues:105:5)
2025-04-16T15:13:01.3402328Z     at async main (/home/runner/work/date-night-app2/date-night-app2/fetch-workflow-logs.js:24:31) {
2025-04-16T15:13:01.3403124Z   status: 403,
2025-04-16T15:13:01.3403500Z   response: {
2025-04-16T15:13:01.3404166Z     url: 'https://api.github.com/repos/mrkurger/date-night-app2/actions/workflows',
2025-04-16T15:13:01.3404840Z     status: 403,
2025-04-16T15:13:01.3405160Z     headers: {
2025-04-16T15:13:01.3405759Z       'access-control-allow-origin': '*',
2025-04-16T15:13:01.3408242Z       'access-control-expose-headers': 'ETag, Link, Location, Retry-After, X-GitHub-OTP, X-RateLimit-Limit, X-RateLimit-Remaining, X-RateLimit-Used, X-RateLimit-Resource, X-RateLimit-Reset, X-OAuth-Scopes, X-Accepted-OAuth-Scopes, X-Poll-Interval, X-GitHub-Media-Type, X-GitHub-SSO, X-GitHub-Request-Id, Deprecation, Sunset',
2025-04-16T15:13:01.3410501Z       'content-encoding': 'gzip',
2025-04-16T15:13:01.3411087Z       'content-security-policy': "default-src 'none'",
2025-04-16T15:13:01.3411785Z       'content-type': 'application/json; charset=utf-8',
2025-04-16T15:13:01.3412402Z       date: 'Wed, 16 Apr 2025 15:13:01 GMT',
2025-04-16T15:13:01.3413206Z       'referrer-policy': 'origin-when-cross-origin, strict-origin-when-cross-origin',
2025-04-16T15:13:01.3413943Z       server: 'github.com',
2025-04-16T15:13:01.3414595Z       'strict-transport-security': 'max-age=31536000; includeSubdomains; preload',
2025-04-16T15:13:01.3415293Z       'transfer-encoding': 'chunked',
2025-04-16T15:13:01.3422265Z       vary: 'Accept-Encoding, Accept, X-Requested-With',
2025-04-16T15:13:01.3423267Z       'x-content-type-options': 'nosniff',
2025-04-16T15:13:01.3423975Z       'x-frame-options': 'deny',
2025-04-16T15:13:01.3424479Z       'x-github-media-type': 'github.v3; format=json',
2025-04-16T15:13:01.3425097Z       'x-github-request-id': '1058:27751B:2B314F:556088:67FFC8FD',
2025-04-16T15:13:01.3425876Z       'x-ratelimit-limit': '5000',
2025-04-16T15:13:01.3426331Z       'x-ratelimit-remaining': '0',
2025-04-16T15:13:01.3426776Z       'x-ratelimit-reset': '1744818804',
2025-04-16T15:13:01.3427233Z       'x-ratelimit-resource': 'core',
2025-04-16T15:13:01.3427657Z       'x-ratelimit-used': '5002',
2025-04-16T15:13:01.3428049Z       'x-xss-protection': '0'
2025-04-16T15:13:01.3428386Z     },
2025-04-16T15:13:01.3428647Z     data: {
2025-04-16T15:13:01.3429901Z       message: 'API rate limit exceeded for installation. If you reach out to GitHub Support for help, please include the request ID 1058:27751B:2B314F:556088:67FFC8FD and timestamp 2025-04-16 15:13:01 UTC.',
2025-04-16T15:13:01.3431439Z       documentation_url: 'https://docs.github.com/rest/overview/rate-limits-for-the-rest-api',
2025-04-16T15:13:01.3432084Z       status: '403'
2025-04-16T15:13:01.3432360Z     }
2025-04-16T15:13:01.3432590Z   },
2025-04-16T15:13:01.3432838Z   request: {
2025-04-16T15:13:01.3433115Z     method: 'GET',
2025-04-16T15:13:01.3433702Z     url: 'https://api.github.com/repos/mrkurger/date-night-app2/actions/workflows',
2025-04-16T15:13:01.3434315Z     headers: {
2025-04-16T15:13:01.3434695Z       accept: 'application/vnd.github.v3+json',
2025-04-16T15:13:01.3435345Z       'user-agent': 'octokit-rest.js/19.0.13 octokit-core.js/4.2.4 Node.js/22',
2025-04-16T15:13:01.3436230Z       authorization: 'token [REDACTED]'
2025-04-16T15:13:01.3436648Z     },
2025-04-16T15:13:01.3436928Z     request: {
2025-04-16T15:13:01.3437233Z       retries: 3,
2025-04-16T15:13:01.3437559Z       retryAfter: 1,
2025-04-16T15:13:01.3438002Z       hook: [Function: bound bound register]
2025-04-16T15:13:01.3438441Z     }
2025-04-16T15:13:01.3438716Z   }
2025-04-16T15:13:01.3438980Z }
2025-04-16T15:13:01.3960202Z ##[error]Process completed with exit code 1.
2025-04-16T15:13:01.4116293Z Post job cleanup.
2025-04-16T15:13:01.5101408Z [command]/usr/bin/git version
2025-04-16T15:13:01.5144383Z git version 2.49.0
2025-04-16T15:13:01.5192393Z Temporarily overriding HOME='/home/runner/work/_temp/75e1da04-38fd-40cf-8966-3a9fa417c37a' before making global git config changes
2025-04-16T15:13:01.5196263Z Adding repository directory to the temporary git global config as a safe directory
2025-04-16T15:13:01.5211765Z [command]/usr/bin/git config --global --add safe.directory /home/runner/work/date-night-app2/date-night-app2
2025-04-16T15:13:01.5252667Z [command]/usr/bin/git config --local --name-only --get-regexp core\.sshCommand
2025-04-16T15:13:01.5293082Z [command]/usr/bin/git submodule foreach --recursive sh -c "git config --local --name-only --get-regexp 'core\.sshCommand' && git config --local --unset-all 'core.sshCommand' || :"
2025-04-16T15:13:01.5543741Z [command]/usr/bin/git config --local --name-only --get-regexp http\.https\:\/\/github\.com\/\.extraheader
2025-04-16T15:13:01.5570925Z http.https://github.com/.extraheader
2025-04-16T15:13:01.5586001Z [command]/usr/bin/git config --local --unset-all http.https://github.com/.extraheader
2025-04-16T15:13:01.5624202Z [command]/usr/bin/git submodule foreach --recursive sh -c "git config --local --name-only --get-regexp 'http\.https\:\/\/github\.com\/\.extraheader' && git config --local --unset-all 'http.https://github.com/.extraheader' || :"
2025-04-16T15:13:01.5990319Z Cleaning up orphan processes
