2025-04-16T07:50:21.4326892Z Current runner version: '2.323.0'
2025-04-16T07:50:21.4370105Z ##[group]Operating System
2025-04-16T07:50:21.4371250Z Ubuntu
2025-04-16T07:50:21.4372053Z 24.04.2
2025-04-16T07:50:21.4373043Z LTS
2025-04-16T07:50:21.4373810Z ##[endgroup]
2025-04-16T07:50:21.4374646Z ##[group]Runner Image
2025-04-16T07:50:21.4375712Z Image: ubuntu-24.04
2025-04-16T07:50:21.4376612Z Version: 20250406.1.0
2025-04-16T07:50:21.4378389Z Included Software: https://github.com/actions/runner-images/blob/ubuntu24/20250406.1/images/ubuntu/Ubuntu2404-Readme.md
2025-04-16T07:50:21.4381457Z Image Release: https://github.com/actions/runner-images/releases/tag/ubuntu24%2F20250406.1
2025-04-16T07:50:21.4383168Z ##[endgroup]
2025-04-16T07:50:21.4384063Z ##[group]Runner Image Provisioner
2025-04-16T07:50:21.4385254Z 2.0.422.1
2025-04-16T07:50:21.4386045Z ##[endgroup]
2025-04-16T07:50:21.4387903Z ##[group]GITHUB_TOKEN Permissions
2025-04-16T07:50:21.4391269Z Contents: read
2025-04-16T07:50:21.4392174Z Metadata: read
2025-04-16T07:50:21.4393466Z Packages: read
2025-04-16T07:50:21.4394466Z ##[endgroup]
2025-04-16T07:50:21.4397510Z Secret source: Actions
2025-04-16T07:50:21.4398611Z Prepare workflow directory
2025-04-16T07:50:21.5231838Z Prepare all required actions
2025-04-16T07:50:21.5343064Z Getting action download info
2025-04-16T07:50:22.5874307Z ##[group]Download immutable action package 'actions/checkout@v4'
2025-04-16T07:50:22.5875379Z Version: 4.2.2
2025-04-16T07:50:22.5876433Z Digest: sha256:ccb2698953eaebd21c7bf6268a94f9c26518a7e38e27e0b83c1fe1ad049819b1
2025-04-16T07:50:22.5877693Z Source commit SHA: 11bd71901bbe5b1630ceea73d27597364c9af683
2025-04-16T07:50:22.5878451Z ##[endgroup]
2025-04-16T07:50:22.6862185Z ##[group]Download immutable action package 'actions/setup-node@v4'
2025-04-16T07:50:22.6863099Z Version: 4.4.0
2025-04-16T07:50:22.6863890Z Digest: sha256:9427cefe82346e992fb5b949e3569b39d537ae41aa3086483b14eceebfc16bc1
2025-04-16T07:50:22.6864890Z Source commit SHA: 49933ea5288caeca8642d1e84afbd3f7d6820020
2025-04-16T07:50:22.6865666Z ##[endgroup]
2025-04-16T07:50:23.1607651Z Complete job name: lint (22.x)
2025-04-16T07:50:23.2206283Z ##[group]Run actions/checkout@v4
2025-04-16T07:50:23.2207188Z with:
2025-04-16T07:50:23.2207650Z   repository: mrkurger/date-night-app2
2025-04-16T07:50:23.2208371Z   token: ***
2025-04-16T07:50:23.2208790Z   ssh-strict: true
2025-04-16T07:50:23.2209430Z   ssh-user: git
2025-04-16T07:50:23.2209855Z   persist-credentials: true
2025-04-16T07:50:23.2210339Z   clean: true
2025-04-16T07:50:23.2210757Z   sparse-checkout-cone-mode: true
2025-04-16T07:50:23.2211264Z   fetch-depth: 1
2025-04-16T07:50:23.2211676Z   fetch-tags: false
2025-04-16T07:50:23.2212094Z   show-progress: true
2025-04-16T07:50:23.2212510Z   lfs: false
2025-04-16T07:50:23.2212895Z   submodules: false
2025-04-16T07:50:23.2213308Z   set-safe-directory: true
2025-04-16T07:50:23.2214039Z ##[endgroup]
2025-04-16T07:50:23.4511939Z Syncing repository: mrkurger/date-night-app2
2025-04-16T07:50:23.4514850Z ##[group]Getting Git version info
2025-04-16T07:50:23.4516456Z Working directory is '/home/runner/work/date-night-app2/date-night-app2'
2025-04-16T07:50:23.4519704Z [command]/usr/bin/git version
2025-04-16T07:50:23.4520701Z git version 2.49.0
2025-04-16T07:50:23.4526649Z ##[endgroup]
2025-04-16T07:50:23.4536753Z Temporarily overriding HOME='/home/runner/work/_temp/87c75721-9165-4d99-b20d-594606e67e4f' before making global git config changes
2025-04-16T07:50:23.4541222Z Adding repository directory to the temporary git global config as a safe directory
2025-04-16T07:50:23.4555812Z [command]/usr/bin/git config --global --add safe.directory /home/runner/work/date-night-app2/date-night-app2
2025-04-16T07:50:23.4596376Z Deleting the contents of '/home/runner/work/date-night-app2/date-night-app2'
2025-04-16T07:50:23.4605440Z ##[group]Initializing the repository
2025-04-16T07:50:23.4607190Z [command]/usr/bin/git init /home/runner/work/date-night-app2/date-night-app2
2025-04-16T07:50:23.5615920Z hint: Using 'master' as the name for the initial branch. This default branch name
2025-04-16T07:50:23.5620346Z hint: is subject to change. To configure the initial branch name to use in all
2025-04-16T07:50:23.5622080Z hint: of your new repositories, which will suppress this warning, call:
2025-04-16T07:50:23.5623425Z hint:
2025-04-16T07:50:23.5624245Z hint: 	git config --global init.defaultBranch <name>
2025-04-16T07:50:23.5625413Z hint:
2025-04-16T07:50:23.5626431Z hint: Names commonly chosen instead of 'master' are 'main', 'trunk' and
2025-04-16T07:50:23.5628089Z hint: 'development'. The just-created branch can be renamed via this command:
2025-04-16T07:50:23.5629753Z hint:
2025-04-16T07:50:23.5630537Z hint: 	git branch -m <name>
2025-04-16T07:50:23.5632043Z Initialized empty Git repository in /home/runner/work/date-night-app2/date-night-app2/.git/
2025-04-16T07:50:23.5635252Z [command]/usr/bin/git remote add origin https://github.com/mrkurger/date-night-app2
2025-04-16T07:50:23.5638197Z ##[endgroup]
2025-04-16T07:50:23.5639827Z ##[group]Disabling automatic garbage collection
2025-04-16T07:50:23.5641004Z [command]/usr/bin/git config --local gc.auto 0
2025-04-16T07:50:23.5643437Z ##[endgroup]
2025-04-16T07:50:23.5644666Z ##[group]Setting up auth
2025-04-16T07:50:23.5645869Z [command]/usr/bin/git config --local --name-only --get-regexp core\.sshCommand
2025-04-16T07:50:23.5650736Z [command]/usr/bin/git submodule foreach --recursive sh -c "git config --local --name-only --get-regexp 'core\.sshCommand' && git config --local --unset-all 'core.sshCommand' || :"
2025-04-16T07:50:23.5654929Z [command]/usr/bin/git config --local --name-only --get-regexp http\.https\:\/\/github\.com\/\.extraheader
2025-04-16T07:50:23.5660510Z [command]/usr/bin/git submodule foreach --recursive sh -c "git config --local --name-only --get-regexp 'http\.https\:\/\/github\.com\/\.extraheader' && git config --local --unset-all 'http.https://github.com/.extraheader' || :"
2025-04-16T07:50:23.5715735Z [command]/usr/bin/git config --local http.https://github.com/.extraheader AUTHORIZATION: basic ***
2025-04-16T07:50:23.5762523Z ##[endgroup]
2025-04-16T07:50:23.5765970Z ##[group]Fetching the repository
2025-04-16T07:50:23.5776042Z [command]/usr/bin/git -c protocol.version=2 fetch --no-tags --prune --no-recurse-submodules --depth=1 origin +a317e2e30895ab6f2845ca4f38d868b20059af28:refs/remotes/origin/main
2025-04-16T07:50:26.3014252Z From https://github.com/mrkurger/date-night-app2
2025-04-16T07:50:26.3015116Z  * [new ref]         a317e2e30895ab6f2845ca4f38d868b20059af28 -> origin/main
2025-04-16T07:50:26.3045670Z ##[endgroup]
2025-04-16T07:50:26.3047931Z ##[group]Determining the checkout info
2025-04-16T07:50:26.3048894Z ##[endgroup]
2025-04-16T07:50:26.3054952Z [command]/usr/bin/git sparse-checkout disable
2025-04-16T07:50:26.3098303Z [command]/usr/bin/git config --local --unset-all extensions.worktreeConfig
2025-04-16T07:50:26.3127509Z ##[group]Checking out the ref
2025-04-16T07:50:26.3132469Z [command]/usr/bin/git checkout --progress --force -B main refs/remotes/origin/main
2025-04-16T07:50:26.7472657Z Switched to a new branch 'main'
2025-04-16T07:50:26.7476376Z branch 'main' set up to track 'origin/main'.
2025-04-16T07:50:26.7502892Z ##[endgroup]
2025-04-16T07:50:26.7554351Z [command]/usr/bin/git log -1 --format=%H
2025-04-16T07:50:26.7583127Z a317e2e30895ab6f2845ca4f38d868b20059af28
2025-04-16T07:50:26.7830167Z ##[group]Run actions/setup-node@v4
2025-04-16T07:50:26.7830484Z with:
2025-04-16T07:50:26.7830663Z   node-version: 22.x
2025-04-16T07:50:26.7830858Z   cache: npm
2025-04-16T07:50:26.7831086Z   cache-dependency-path: server/package-lock.json
2025-04-16T07:50:26.7831426Z   always-auth: false
2025-04-16T07:50:26.7831618Z   check-latest: false
2025-04-16T07:50:26.7831940Z   token: ***
2025-04-16T07:50:26.7832120Z ##[endgroup]
2025-04-16T07:50:26.9594175Z Found in cache @ /opt/hostedtoolcache/node/22.14.0/x64
2025-04-16T07:50:26.9601274Z ##[group]Environment details
2025-04-16T07:50:28.8966306Z node: v22.14.0
2025-04-16T07:50:28.8967467Z npm: 10.9.2
2025-04-16T07:50:28.8968039Z yarn: 1.22.22
2025-04-16T07:50:28.8969954Z ##[endgroup]
2025-04-16T07:50:28.8995804Z [command]/opt/hostedtoolcache/node/22.14.0/x64/bin/npm config get cache
2025-04-16T07:50:29.1431404Z /home/runner/.npm
2025-04-16T07:50:29.3460389Z Cache hit for: node-cache-Linux-x64-npm-eb74dc554d17640d6b2005eb2c3c9590e65262bd6e2b7add98bfd17307b4cd7c
2025-04-16T07:50:30.2355172Z Received 35603115 of 35603115 (100.0%), 48.2 MBs/sec
2025-04-16T07:50:30.2356217Z Cache Size: ~34 MB (35603115 B)
2025-04-16T07:50:30.2539941Z [command]/usr/bin/tar -xf /home/runner/work/_temp/dfbec126-eb53-4d18-8425-2830629a18f0/cache.tzst -P -C /home/runner/work/date-night-app2/date-night-app2 --use-compress-program unzstd
2025-04-16T07:50:30.5216498Z Cache restored successfully
2025-04-16T07:50:30.5306731Z Cache restored from key: node-cache-Linux-x64-npm-eb74dc554d17640d6b2005eb2c3c9590e65262bd6e2b7add98bfd17307b4cd7c
2025-04-16T07:50:30.5444819Z ##[group]Run npm ci
2025-04-16T07:50:30.5445075Z [36;1mnpm ci[0m
2025-04-16T07:50:30.5498819Z shell: /usr/bin/bash -e {0}
2025-04-16T07:50:30.5499390Z ##[endgroup]
2025-04-16T07:50:34.5951767Z npm warn deprecated inflight@1.0.6: This module is not supported, and leaks memory. Do not use it. Check out lru-cache if you want a good and tested way to coalesce async requests by a key value, which is much more comprehensive and powerful.
2025-04-16T07:50:34.6649736Z npm warn deprecated npmlog@5.0.1: This package is no longer supported.
2025-04-16T07:50:34.7841121Z npm warn deprecated xss-clean@0.1.4: Package no longer supported. Contact Support at https://www.npmjs.com/support for more info.
2025-04-16T07:50:34.7895279Z npm warn deprecated passport-reddit@1.1.0: While functionally complete, this library will not be receiving any updates going forwards. Users are actively discouraged from using OAuth2 for authentication. See archival notice on github for more details.
2025-04-16T07:50:34.8473555Z npm warn deprecated rimraf@3.0.2: Rimraf versions prior to v4 are no longer supported
2025-04-16T07:50:34.9674456Z npm warn deprecated are-we-there-yet@2.0.0: This package is no longer supported.
2025-04-16T07:50:34.9852223Z npm warn deprecated glob@7.2.3: Glob versions prior to v9 are no longer supported
2025-04-16T07:50:35.2170999Z npm warn deprecated gauge@3.0.2: This package is no longer supported.
2025-04-16T07:50:35.2682051Z npm warn deprecated @humanwhocodes/config-array@0.11.14: Use @eslint/config-array instead
2025-04-16T07:50:35.3013957Z npm warn deprecated @humanwhocodes/object-schema@2.0.3: Use @eslint/object-schema instead
2025-04-16T07:50:35.5486424Z npm warn deprecated superagent@8.1.2: Please upgrade to v9.0.0+ as we have fixed a public vulnerability with formidable dependency. Note that v9.0.0+ requires Node.js v14.18.0+. See https://github.com/ladjs/superagent/pull/1800 for insight. This project is supported and maintained by the team at Forward Email @ https://forwardemail.net
2025-04-16T07:50:36.3026078Z npm warn deprecated eslint@8.56.0: This version is no longer supported. Please see https://eslint.org/version-support for other options.
2025-04-16T07:50:39.8969986Z 
2025-04-16T07:50:39.8970789Z > date-night-app@1.0.0 prepare
2025-04-16T07:50:39.8971265Z > husky
2025-04-16T07:50:39.8971431Z 
2025-04-16T07:50:39.9068976Z sh: 1: husky: not found
2025-04-16T07:50:39.9117198Z npm error code 127
2025-04-16T07:50:39.9118158Z npm error path /home/runner/work/date-night-app2/date-night-app2
2025-04-16T07:50:39.9119224Z npm error command failed
2025-04-16T07:50:39.9120307Z npm error command sh -c husky
2025-04-16T07:50:39.9133010Z npm error A complete log of this run can be found in: /home/runner/.npm/_logs/2025-04-16T07_50_30_610Z-debug-0.log
2025-04-16T07:50:40.0024794Z ##[error]Process completed with exit code 127.
2025-04-16T07:50:40.0248508Z Post job cleanup.
2025-04-16T07:50:40.1554727Z [command]/usr/bin/git version
2025-04-16T07:50:40.1614597Z git version 2.49.0
2025-04-16T07:50:40.1671115Z Temporarily overriding HOME='/home/runner/work/_temp/7f9e2b73-eb15-4536-8e70-59b54e56cd4f' before making global git config changes
2025-04-16T07:50:40.1673186Z Adding repository directory to the temporary git global config as a safe directory
2025-04-16T07:50:40.1680606Z [command]/usr/bin/git config --global --add safe.directory /home/runner/work/date-night-app2/date-night-app2
2025-04-16T07:50:40.1749485Z [command]/usr/bin/git config --local --name-only --get-regexp core\.sshCommand
2025-04-16T07:50:40.1792744Z [command]/usr/bin/git submodule foreach --recursive sh -c "git config --local --name-only --get-regexp 'core\.sshCommand' && git config --local --unset-all 'core.sshCommand' || :"
2025-04-16T07:50:40.2161566Z [command]/usr/bin/git config --local --name-only --get-regexp http\.https\:\/\/github\.com\/\.extraheader
2025-04-16T07:50:40.2200279Z http.https://github.com/.extraheader
2025-04-16T07:50:40.2220058Z [command]/usr/bin/git config --local --unset-all http.https://github.com/.extraheader
2025-04-16T07:50:40.2267974Z [command]/usr/bin/git submodule foreach --recursive sh -c "git config --local --name-only --get-regexp 'http\.https\:\/\/github\.com\/\.extraheader' && git config --local --unset-all 'http.https://github.com/.extraheader' || :"
2025-04-16T07:50:40.2729850Z Cleaning up orphan processes
