2025-04-18T15:13:20.3478889Z Current runner version: '2.323.0'
2025-04-18T15:13:20.3570350Z ##[group]Operating System
2025-04-18T15:13:20.3571751Z Ubuntu
2025-04-18T15:13:20.3572539Z 24.04.2
2025-04-18T15:13:20.3573227Z LTS
2025-04-18T15:13:20.3574185Z ##[endgroup]
2025-04-18T15:13:20.3574979Z ##[group]Runner Image
2025-04-18T15:13:20.3575903Z Image: ubuntu-24.04
2025-04-18T15:13:20.3576927Z Version: 20250413.1.0
2025-04-18T15:13:20.3578760Z Included Software: https://github.com/actions/runner-images/blob/ubuntu24/20250413.1/images/ubuntu/Ubuntu2404-Readme.md
2025-04-18T15:13:20.3581580Z Image Release: https://github.com/actions/runner-images/releases/tag/ubuntu24%2F20250413.1
2025-04-18T15:13:20.3583299Z ##[endgroup]
2025-04-18T15:13:20.3584217Z ##[group]Runner Image Provisioner
2025-04-18T15:13:20.3585139Z 2.0.422.1
2025-04-18T15:13:20.3586067Z ##[endgroup]
2025-04-18T15:13:20.3621142Z ##[group]GITHUB_TOKEN Permissions
2025-04-18T15:13:20.3624956Z Actions: write
2025-04-18T15:13:20.3626216Z Attestations: write
2025-04-18T15:13:20.3627416Z Checks: write
2025-04-18T15:13:20.3628275Z Contents: write
2025-04-18T15:13:20.3629490Z Deployments: write
2025-04-18T15:13:20.3630514Z Discussions: write
2025-04-18T15:13:20.3631382Z Issues: write
2025-04-18T15:13:20.3632177Z Metadata: read
2025-04-18T15:13:20.3633159Z Models: read
2025-04-18T15:13:20.3633961Z Packages: write
2025-04-18T15:13:20.3634895Z Pages: write
2025-04-18T15:13:20.3635848Z PullRequests: write
2025-04-18T15:13:20.3636678Z RepositoryProjects: write
2025-04-18T15:13:20.3637611Z SecurityEvents: write
2025-04-18T15:13:20.3638502Z Statuses: write
2025-04-18T15:13:20.3659770Z ##[endgroup]
2025-04-18T15:13:20.3663960Z Secret source: Actions
2025-04-18T15:13:20.3665524Z Prepare workflow directory
2025-04-18T15:13:20.4685328Z Prepare all required actions
2025-04-18T15:13:20.4742725Z Getting action download info
2025-04-18T15:13:20.9903206Z ##[group]Download immutable action package 'actions/checkout@v4'
2025-04-18T15:13:20.9904160Z Version: 4.2.2
2025-04-18T15:13:20.9905288Z Digest: sha256:ccb2698953eaebd21c7bf6268a94f9c26518a7e38e27e0b83c1fe1ad049819b1
2025-04-18T15:13:20.9906397Z Source commit SHA: 11bd71901bbe5b1630ceea73d27597364c9af683
2025-04-18T15:13:20.9907078Z ##[endgroup]
2025-04-18T15:13:21.1087282Z ##[group]Download immutable action package 'actions/setup-node@v4'
2025-04-18T15:13:21.1088135Z Version: 4.4.0
2025-04-18T15:13:21.1088887Z Digest: sha256:9427cefe82346e992fb5b949e3569b39d537ae41aa3086483b14eceebfc16bc1
2025-04-18T15:13:21.1090149Z Source commit SHA: 49933ea5288caeca8642d1e84afbd3f7d6820020
2025-04-18T15:13:21.1090904Z ##[endgroup]
2025-04-18T15:13:21.3522784Z Download action repository 'cypress-io/github-action@v6' (SHA:108b8684ae52e735ff7891524cbffbcd4be5b19f)
2025-04-18T15:13:21.6442908Z ##[group]Download immutable action package 'actions/upload-artifact@v4'
2025-04-18T15:13:21.6443737Z Version: 4.6.2
2025-04-18T15:13:21.6444419Z Digest: sha256:290722aa3281d5caf23d0acdc3dbeb3424786a1a01a9cc97e72f147225e37c38
2025-04-18T15:13:21.6445395Z Source commit SHA: ea165f8d65b6e75b540449e92b4886f43607fa02
2025-04-18T15:13:21.6446030Z ##[endgroup]
2025-04-18T15:13:21.8781672Z Complete job name: e2e (22.x)
2025-04-18T15:13:21.9435404Z ##[group]Run actions/checkout@v4
2025-04-18T15:13:21.9436408Z with:
2025-04-18T15:13:21.9436915Z   repository: mrkurger/date-night-app2
2025-04-18T15:13:21.9437953Z   token: ***
2025-04-18T15:13:21.9438421Z   ssh-strict: true
2025-04-18T15:13:21.9438908Z   ssh-user: git
2025-04-18T15:13:21.9439587Z   persist-credentials: true
2025-04-18T15:13:21.9440176Z   clean: true
2025-04-18T15:13:21.9440710Z   sparse-checkout-cone-mode: true
2025-04-18T15:13:21.9441377Z   fetch-depth: 1
2025-04-18T15:13:21.9441856Z   fetch-tags: false
2025-04-18T15:13:21.9442369Z   show-progress: true
2025-04-18T15:13:21.9442880Z   lfs: false
2025-04-18T15:13:21.9443329Z   submodules: false
2025-04-18T15:13:21.9443851Z   set-safe-directory: true
2025-04-18T15:13:21.9444647Z env:
2025-04-18T15:13:21.9445054Z   CI: true
2025-04-18T15:13:21.9445483Z ##[endgroup]
2025-04-18T15:13:22.2543733Z Syncing repository: mrkurger/date-night-app2
2025-04-18T15:13:22.2547509Z ##[group]Getting Git version info
2025-04-18T15:13:22.2549796Z Working directory is '/home/runner/work/date-night-app2/date-night-app2'
2025-04-18T15:13:22.2552782Z [command]/usr/bin/git version
2025-04-18T15:13:22.2824033Z git version 2.49.0
2025-04-18T15:13:22.2832554Z ##[endgroup]
2025-04-18T15:13:22.2842321Z Temporarily overriding HOME='/home/runner/work/_temp/895ba2ef-4dc9-47e5-9248-822a4f21ada3' before making global git config changes
2025-04-18T15:13:22.2846841Z Adding repository directory to the temporary git global config as a safe directory
2025-04-18T15:13:22.2852284Z [command]/usr/bin/git config --global --add safe.directory /home/runner/work/date-night-app2/date-night-app2
2025-04-18T15:13:22.2858718Z Deleting the contents of '/home/runner/work/date-night-app2/date-night-app2'
2025-04-18T15:13:22.2862583Z ##[group]Initializing the repository
2025-04-18T15:13:22.2865069Z [command]/usr/bin/git init /home/runner/work/date-night-app2/date-night-app2
2025-04-18T15:13:22.3851185Z hint: Using 'master' as the name for the initial branch. This default branch name
2025-04-18T15:13:22.3854883Z hint: is subject to change. To configure the initial branch name to use in all
2025-04-18T15:13:22.3858217Z hint: of your new repositories, which will suppress this warning, call:
2025-04-18T15:13:22.3861407Z hint:
2025-04-18T15:13:22.3863273Z hint: 	git config --global init.defaultBranch <name>
2025-04-18T15:13:22.3865577Z hint:
2025-04-18T15:13:22.3867807Z hint: Names commonly chosen instead of 'master' are 'main', 'trunk' and
2025-04-18T15:13:22.3871635Z hint: 'development'. The just-created branch can be renamed via this command:
2025-04-18T15:13:22.3874540Z hint:
2025-04-18T15:13:22.3876062Z hint: 	git branch -m <name>
2025-04-18T15:13:22.3879442Z Initialized empty Git repository in /home/runner/work/date-night-app2/date-night-app2/.git/
2025-04-18T15:13:22.3885857Z [command]/usr/bin/git remote add origin https://github.com/mrkurger/date-night-app2
2025-04-18T15:13:22.3892363Z ##[endgroup]
2025-04-18T15:13:22.3895317Z ##[group]Disabling automatic garbage collection
2025-04-18T15:13:22.3897703Z [command]/usr/bin/git config --local gc.auto 0
2025-04-18T15:13:22.3903841Z ##[endgroup]
2025-04-18T15:13:22.3906470Z ##[group]Setting up auth
2025-04-18T15:13:22.3909382Z [command]/usr/bin/git config --local --name-only --get-regexp core\.sshCommand
2025-04-18T15:13:22.3917026Z [command]/usr/bin/git submodule foreach --recursive sh -c "git config --local --name-only --get-regexp 'core\.sshCommand' && git config --local --unset-all 'core.sshCommand' || :"
2025-04-18T15:13:22.3925187Z [command]/usr/bin/git config --local --name-only --get-regexp http\.https\:\/\/github\.com\/\.extraheader
2025-04-18T15:13:22.3934503Z [command]/usr/bin/git submodule foreach --recursive sh -c "git config --local --name-only --get-regexp 'http\.https\:\/\/github\.com\/\.extraheader' && git config --local --unset-all 'http.https://github.com/.extraheader' || :"
2025-04-18T15:13:22.4069556Z [command]/usr/bin/git config --local http.https://github.com/.extraheader AUTHORIZATION: basic ***
2025-04-18T15:13:22.4212469Z ##[endgroup]
2025-04-18T15:13:22.4215081Z ##[group]Fetching the repository
2025-04-18T15:13:22.4218724Z [command]/usr/bin/git -c protocol.version=2 fetch --no-tags --prune --no-recurse-submodules --depth=1 origin +19b83b77541673145bfc18b2d313be2b0171d002:refs/remotes/origin/main
2025-04-18T15:13:24.8970687Z From https://github.com/mrkurger/date-night-app2
2025-04-18T15:13:24.8972123Z  * [new ref]         19b83b77541673145bfc18b2d313be2b0171d002 -> origin/main
2025-04-18T15:13:24.9010405Z ##[endgroup]
2025-04-18T15:13:24.9011699Z ##[group]Determining the checkout info
2025-04-18T15:13:24.9013098Z ##[endgroup]
2025-04-18T15:13:24.9013984Z [command]/usr/bin/git sparse-checkout disable
2025-04-18T15:13:24.9066397Z [command]/usr/bin/git config --local --unset-all extensions.worktreeConfig
2025-04-18T15:13:24.9117382Z ##[group]Checking out the ref
2025-04-18T15:13:24.9123217Z [command]/usr/bin/git checkout --progress --force -B main refs/remotes/origin/main
2025-04-18T15:13:25.4972649Z Switched to a new branch 'main'
2025-04-18T15:13:25.4973687Z branch 'main' set up to track 'origin/main'.
2025-04-18T15:13:25.4998514Z ##[endgroup]
2025-04-18T15:13:25.5054925Z [command]/usr/bin/git log -1 --format=%H
2025-04-18T15:13:25.5086125Z 19b83b77541673145bfc18b2d313be2b0171d002
2025-04-18T15:13:25.5353515Z ##[group]Run actions/setup-node@v4
2025-04-18T15:13:25.5354030Z with:
2025-04-18T15:13:25.5354287Z   node-version: 22.x
2025-04-18T15:13:25.5354556Z   cache: npm
2025-04-18T15:13:25.5354945Z   cache-dependency-path: client-angular/package-lock.json
2025-04-18T15:13:25.5355401Z   always-auth: false
2025-04-18T15:13:25.5355673Z   check-latest: false
2025-04-18T15:13:25.5356159Z   token: ***
2025-04-18T15:13:25.5356449Z env:
2025-04-18T15:13:25.5356664Z   CI: true
2025-04-18T15:13:25.5356983Z ##[endgroup]
2025-04-18T15:13:25.7284073Z Found in cache @ /opt/hostedtoolcache/node/22.14.0/x64
2025-04-18T15:13:25.7290170Z ##[group]Environment details
2025-04-18T15:13:26.2066808Z node: v22.14.0
2025-04-18T15:13:26.2070013Z npm: 10.9.2
2025-04-18T15:13:26.2079936Z yarn: 1.22.22
2025-04-18T15:13:26.2081377Z ##[endgroup]
2025-04-18T15:13:26.2110068Z [command]/opt/hostedtoolcache/node/22.14.0/x64/bin/npm config get cache
2025-04-18T15:13:26.3423179Z /home/runner/.npm
2025-04-18T15:13:26.3565021Z ##[error]Some specified paths were not resolved, unable to cache dependencies.
2025-04-18T15:13:26.3689658Z ##[group]Run actions/upload-artifact@v4
2025-04-18T15:13:26.3689938Z with:
2025-04-18T15:13:26.3690117Z   name: cypress-screenshots
2025-04-18T15:13:26.3690356Z   path: ./client-angular/cypress/screenshots
2025-04-18T15:13:26.3690618Z   if-no-files-found: warn
2025-04-18T15:13:26.3690822Z   compression-level: 6
2025-04-18T15:13:26.3691001Z   overwrite: false
2025-04-18T15:13:26.3691188Z   include-hidden-files: false
2025-04-18T15:13:26.3691385Z env:
2025-04-18T15:13:26.3691531Z   CI: true
2025-04-18T15:13:26.3691694Z ##[endgroup]
2025-04-18T15:13:26.6476290Z ##[warning]No files were found with the provided path: ./client-angular/cypress/screenshots. No artifacts will be uploaded.
2025-04-18T15:13:26.6635051Z Post job cleanup.
2025-04-18T15:13:26.7652033Z [command]/usr/bin/git version
2025-04-18T15:13:26.7695515Z git version 2.49.0
2025-04-18T15:13:26.7756583Z Temporarily overriding HOME='/home/runner/work/_temp/40eed741-2555-4b29-8b95-fb4877b2638b' before making global git config changes
2025-04-18T15:13:26.7760311Z Adding repository directory to the temporary git global config as a safe directory
2025-04-18T15:13:26.7765535Z [command]/usr/bin/git config --global --add safe.directory /home/runner/work/date-night-app2/date-night-app2
2025-04-18T15:13:26.7820998Z [command]/usr/bin/git config --local --name-only --get-regexp core\.sshCommand
2025-04-18T15:13:26.7862219Z [command]/usr/bin/git submodule foreach --recursive sh -c "git config --local --name-only --get-regexp 'core\.sshCommand' && git config --local --unset-all 'core.sshCommand' || :"
2025-04-18T15:13:26.8128328Z [command]/usr/bin/git config --local --name-only --get-regexp http\.https\:\/\/github\.com\/\.extraheader
2025-04-18T15:13:26.8158388Z http.https://github.com/.extraheader
2025-04-18T15:13:26.8175714Z [command]/usr/bin/git config --local --unset-all http.https://github.com/.extraheader
2025-04-18T15:13:26.8220176Z [command]/usr/bin/git submodule foreach --recursive sh -c "git config --local --name-only --get-regexp 'http\.https\:\/\/github\.com\/\.extraheader' && git config --local --unset-all 'http.https://github.com/.extraheader' || :"
2025-04-18T15:13:26.8597069Z Cleaning up orphan processes
