2025-04-18T09:14:46.3349624Z Current runner version: '2.323.0'
2025-04-18T09:14:46.3423359Z ##[group]Operating System
2025-04-18T09:14:46.3424683Z Ubuntu
2025-04-18T09:14:46.3425776Z 24.04.2
2025-04-18T09:14:46.3426504Z LTS
2025-04-18T09:14:46.3427496Z ##[endgroup]
2025-04-18T09:14:46.3428348Z ##[group]Runner Image
2025-04-18T09:14:46.3429283Z Image: ubuntu-24.04
2025-04-18T09:14:46.3430250Z Version: 20250413.1.0
2025-04-18T09:14:46.3432243Z Included Software: https://github.com/actions/runner-images/blob/ubuntu24/20250413.1/images/ubuntu/Ubuntu2404-Readme.md
2025-04-18T09:14:46.3434785Z Image Release: https://github.com/actions/runner-images/releases/tag/ubuntu24%2F20250413.1
2025-04-18T09:14:46.3436605Z ##[endgroup]
2025-04-18T09:14:46.3437507Z ##[group]Runner Image Provisioner
2025-04-18T09:14:46.3438468Z 2.0.422.1
2025-04-18T09:14:46.3439428Z ##[endgroup]
2025-04-18T09:14:46.3464106Z ##[group]GITHUB_TOKEN Permissions
2025-04-18T09:14:46.3467011Z Actions: write
2025-04-18T09:14:46.3468107Z Attestations: write
2025-04-18T09:14:46.3469193Z Checks: write
2025-04-18T09:14:46.3470048Z Contents: write
2025-04-18T09:14:46.3470964Z Deployments: write
2025-04-18T09:14:46.3472334Z Discussions: write
2025-04-18T09:14:46.3473263Z Issues: write
2025-04-18T09:14:46.3474054Z Metadata: read
2025-04-18T09:14:46.3475091Z Models: read
2025-04-18T09:14:46.3475891Z Packages: write
2025-04-18T09:14:46.3476770Z Pages: write
2025-04-18T09:14:46.3477772Z PullRequests: write
2025-04-18T09:14:46.3478724Z RepositoryProjects: write
2025-04-18T09:14:46.3479612Z SecurityEvents: write
2025-04-18T09:14:46.3480624Z Statuses: write
2025-04-18T09:14:46.3481430Z ##[endgroup]
2025-04-18T09:14:46.3504720Z Secret source: Actions
2025-04-18T09:14:46.3506050Z Prepare workflow directory
2025-04-18T09:14:46.4605341Z Prepare all required actions
2025-04-18T09:14:46.4660965Z Getting action download info
2025-04-18T09:14:46.9999984Z ##[group]Download immutable action package 'actions/checkout@v4'
2025-04-18T09:14:47.0001060Z Version: 4.2.2
2025-04-18T09:14:47.0002455Z Digest: sha256:ccb2698953eaebd21c7bf6268a94f9c26518a7e38e27e0b83c1fe1ad049819b1
2025-04-18T09:14:47.0003774Z Source commit SHA: 11bd71901bbe5b1630ceea73d27597364c9af683
2025-04-18T09:14:47.0004521Z ##[endgroup]
2025-04-18T09:14:47.0879526Z ##[group]Download immutable action package 'actions/setup-node@v4'
2025-04-18T09:14:47.0880455Z Version: 4.4.0
2025-04-18T09:14:47.0881306Z Digest: sha256:9427cefe82346e992fb5b949e3569b39d537ae41aa3086483b14eceebfc16bc1
2025-04-18T09:14:47.0882657Z Source commit SHA: 49933ea5288caeca8642d1e84afbd3f7d6820020
2025-04-18T09:14:47.0883569Z ##[endgroup]
2025-04-18T09:14:47.2938322Z ##[group]Download immutable action package 'actions/upload-artifact@v4'
2025-04-18T09:14:47.3036519Z Version: 4.6.2
2025-04-18T09:14:47.3037783Z Digest: sha256:290722aa3281d5caf23d0acdc3dbeb3424786a1a01a9cc97e72f147225e37c38
2025-04-18T09:14:47.3039287Z Source commit SHA: ea165f8d65b6e75b540449e92b4886f43607fa02
2025-04-18T09:14:47.3040419Z ##[endgroup]
2025-04-18T09:14:47.5758197Z Complete job name: test (22.x)
2025-04-18T09:14:47.6198275Z ##[group]Checking docker version
2025-04-18T09:14:47.6211178Z ##[command]/usr/bin/docker version --format '{{.Server.APIVersion}}'
2025-04-18T09:14:47.7123100Z '1.45'
2025-04-18T09:14:47.7135406Z Docker daemon API version: '1.45'
2025-04-18T09:14:47.7136219Z ##[command]/usr/bin/docker version --format '{{.Client.APIVersion}}'
2025-04-18T09:14:47.7296048Z '1.45'
2025-04-18T09:14:47.7309090Z Docker client API version: '1.45'
2025-04-18T09:14:47.7315006Z ##[endgroup]
2025-04-18T09:14:47.7317818Z ##[group]Clean up resources from previous jobs
2025-04-18T09:14:47.7324264Z ##[command]/usr/bin/docker ps --all --quiet --no-trunc --filter "label=1d97fd"
2025-04-18T09:14:47.7482415Z ##[command]/usr/bin/docker network prune --force --filter "label=1d97fd"
2025-04-18T09:14:47.7607619Z ##[endgroup]
2025-04-18T09:14:47.7608112Z ##[group]Create local container network
2025-04-18T09:14:47.7618096Z ##[command]/usr/bin/docker network create --label 1d97fd github_network_52f6d411fe1742ce9cddc9bca4a6bcd9
2025-04-18T09:14:47.8501879Z c627783ae9bf61b4b75ce7e69a91fd3dd9974817d7cc76d13819130323143462
2025-04-18T09:14:47.8522790Z ##[endgroup]
2025-04-18T09:14:47.8555745Z ##[group]Starting mongodb service container
2025-04-18T09:14:47.8574261Z ##[command]/usr/bin/docker pull mongo:6
2025-04-18T09:14:48.0517001Z 6: Pulling from library/mongo
2025-04-18T09:14:48.1057434Z 30a9c22ae099: Pulling fs layer
2025-04-18T09:14:48.1058410Z abd374245ca5: Pulling fs layer
2025-04-18T09:14:48.1059258Z dfcc52b2e041: Pulling fs layer
2025-04-18T09:14:48.1060087Z b058d84e1082: Pulling fs layer
2025-04-18T09:14:48.1060956Z e12a18eb1ecf: Pulling fs layer
2025-04-18T09:14:48.1061988Z 546622740404: Pulling fs layer
2025-04-18T09:14:48.1062499Z 80a51fc6e5dc: Pulling fs layer
2025-04-18T09:14:48.1062992Z f7d23c7569c8: Pulling fs layer
2025-04-18T09:14:48.1063485Z e12a18eb1ecf: Waiting
2025-04-18T09:14:48.1063927Z 546622740404: Waiting
2025-04-18T09:14:48.1064352Z 80a51fc6e5dc: Waiting
2025-04-18T09:14:48.1064819Z f7d23c7569c8: Waiting
2025-04-18T09:14:48.1065271Z b058d84e1082: Waiting
2025-04-18T09:14:48.1537499Z abd374245ca5: Verifying Checksum
2025-04-18T09:14:48.1540003Z abd374245ca5: Download complete
2025-04-18T09:14:48.1717041Z dfcc52b2e041: Verifying Checksum
2025-04-18T09:14:48.1719406Z dfcc52b2e041: Download complete
2025-04-18T09:14:48.2115593Z b058d84e1082: Verifying Checksum
2025-04-18T09:14:48.2116609Z b058d84e1082: Download complete
2025-04-18T09:14:48.2227807Z e12a18eb1ecf: Verifying Checksum
2025-04-18T09:14:48.2230237Z e12a18eb1ecf: Download complete
2025-04-18T09:14:48.2542743Z 546622740404: Download complete
2025-04-18T09:14:48.3167972Z f7d23c7569c8: Verifying Checksum
2025-04-18T09:14:48.3186352Z f7d23c7569c8: Download complete
2025-04-18T09:14:48.5079157Z 30a9c22ae099: Verifying Checksum
2025-04-18T09:14:48.5080037Z 30a9c22ae099: Download complete
2025-04-18T09:14:49.8373794Z 80a51fc6e5dc: Verifying Checksum
2025-04-18T09:14:49.8388049Z 80a51fc6e5dc: Download complete
2025-04-18T09:14:50.3088274Z 30a9c22ae099: Pull complete
2025-04-18T09:14:51.6332177Z abd374245ca5: Pull complete
2025-04-18T09:14:51.7794754Z dfcc52b2e041: Pull complete
2025-04-18T09:14:51.8295198Z b058d84e1082: Pull complete
2025-04-18T09:14:51.8460651Z e12a18eb1ecf: Pull complete
2025-04-18T09:14:51.8552333Z 546622740404: Pull complete
2025-04-18T09:14:58.4683434Z 80a51fc6e5dc: Pull complete
2025-04-18T09:14:58.4849202Z f7d23c7569c8: Pull complete
2025-04-18T09:14:58.4885820Z Digest: sha256:5e5dd359de06dabbd2fb587e8ded7afe1dd8ecfff736323aadb5d29a4bd697aa
2025-04-18T09:14:58.4908201Z Status: Downloaded newer image for mongo:6
2025-04-18T09:14:58.4915313Z docker.io/library/mongo:6
2025-04-18T09:14:58.4974484Z ##[command]/usr/bin/docker create --name ddab12214ff1401cba66aaa35794b1f8_mongo6_577d8a --label 1d97fd --network github_network_52f6d411fe1742ce9cddc9bca4a6bcd9 --network-alias mongodb -p 27017:27017  -e GITHUB_ACTIONS=true -e CI=true mongo:6
2025-04-18T09:14:58.5325575Z 2b44276baee4fef60745e6767f88d18b65229a7d85ba5f87fc899e8e71306d47
2025-04-18T09:14:58.5348658Z ##[command]/usr/bin/docker start 2b44276baee4fef60745e6767f88d18b65229a7d85ba5f87fc899e8e71306d47
2025-04-18T09:14:58.8377831Z 2b44276baee4fef60745e6767f88d18b65229a7d85ba5f87fc899e8e71306d47
2025-04-18T09:14:58.8391116Z ##[command]/usr/bin/docker ps --all --filter id=2b44276baee4fef60745e6767f88d18b65229a7d85ba5f87fc899e8e71306d47 --filter status=running --no-trunc --format "{{.ID}} {{.Status}}"
2025-04-18T09:14:58.8552824Z 2b44276baee4fef60745e6767f88d18b65229a7d85ba5f87fc899e8e71306d47 Up Less than a second
2025-04-18T09:14:58.8570939Z ##[command]/usr/bin/docker port 2b44276baee4fef60745e6767f88d18b65229a7d85ba5f87fc899e8e71306d47
2025-04-18T09:14:58.8734266Z 27017/tcp -> 0.0.0.0:27017
2025-04-18T09:14:58.8734944Z 27017/tcp -> [::]:27017
2025-04-18T09:14:58.8809758Z ##[endgroup]
2025-04-18T09:14:58.8821783Z ##[group]Waiting for all services to be ready
2025-04-18T09:14:58.8844478Z ##[command]/usr/bin/docker inspect --format="{{if .Config.Healthcheck}}{{print .State.Health.Status}}{{end}}" 2b44276baee4fef60745e6767f88d18b65229a7d85ba5f87fc899e8e71306d47
2025-04-18T09:14:58.9076879Z mongodb service is healthy.
2025-04-18T09:14:58.9077674Z ##[endgroup]
2025-04-18T09:14:58.9402579Z ##[group]Run actions/checkout@v4
2025-04-18T09:14:58.9403442Z with:
2025-04-18T09:14:58.9403819Z   repository: mrkurger/date-night-app2
2025-04-18T09:14:58.9404520Z   token: ***
2025-04-18T09:14:58.9404851Z   ssh-strict: true
2025-04-18T09:14:58.9405204Z   ssh-user: git
2025-04-18T09:14:58.9405561Z   persist-credentials: true
2025-04-18T09:14:58.9405983Z   clean: true
2025-04-18T09:14:58.9406339Z   sparse-checkout-cone-mode: true
2025-04-18T09:14:58.9406791Z   fetch-depth: 1
2025-04-18T09:14:58.9407134Z   fetch-tags: false
2025-04-18T09:14:58.9407484Z   show-progress: true
2025-04-18T09:14:58.9407844Z   lfs: false
2025-04-18T09:14:58.9408157Z   submodules: false
2025-04-18T09:14:58.9408519Z   set-safe-directory: true
2025-04-18T09:14:58.9409146Z env:
2025-04-18T09:14:58.9409447Z   CI: true
2025-04-18T09:14:58.9409749Z ##[endgroup]
2025-04-18T09:14:59.1706116Z Syncing repository: mrkurger/date-night-app2
2025-04-18T09:14:59.1708154Z ##[group]Getting Git version info
2025-04-18T09:14:59.1708960Z Working directory is '/home/runner/work/date-night-app2/date-night-app2'
2025-04-18T09:14:59.1709973Z [command]/usr/bin/git version
2025-04-18T09:14:59.1750716Z git version 2.49.0
2025-04-18T09:14:59.1783687Z ##[endgroup]
2025-04-18T09:14:59.1798732Z Temporarily overriding HOME='/home/runner/work/_temp/a683c329-2f0c-49cf-b01c-97a0ee59bb79' before making global git config changes
2025-04-18T09:14:59.1802403Z Adding repository directory to the temporary git global config as a safe directory
2025-04-18T09:14:59.1807089Z [command]/usr/bin/git config --global --add safe.directory /home/runner/work/date-night-app2/date-night-app2
2025-04-18T09:14:59.1849984Z Deleting the contents of '/home/runner/work/date-night-app2/date-night-app2'
2025-04-18T09:14:59.1854468Z ##[group]Initializing the repository
2025-04-18T09:14:59.1859673Z [command]/usr/bin/git init /home/runner/work/date-night-app2/date-night-app2
2025-04-18T09:14:59.1920875Z hint: Using 'master' as the name for the initial branch. This default branch name
2025-04-18T09:14:59.1922425Z hint: is subject to change. To configure the initial branch name to use in all
2025-04-18T09:14:59.1924245Z hint: of your new repositories, which will suppress this warning, call:
2025-04-18T09:14:59.1924829Z hint:
2025-04-18T09:14:59.1925240Z hint: 	git config --global init.defaultBranch <name>
2025-04-18T09:14:59.1925718Z hint:
2025-04-18T09:14:59.1926195Z hint: Names commonly chosen instead of 'master' are 'main', 'trunk' and
2025-04-18T09:14:59.1926999Z hint: 'development'. The just-created branch can be renamed via this command:
2025-04-18T09:14:59.1928111Z hint:
2025-04-18T09:14:59.1928505Z hint: 	git branch -m <name>
2025-04-18T09:14:59.1929422Z Initialized empty Git repository in /home/runner/work/date-night-app2/date-night-app2/.git/
2025-04-18T09:14:59.1939731Z [command]/usr/bin/git remote add origin https://github.com/mrkurger/date-night-app2
2025-04-18T09:14:59.1975469Z ##[endgroup]
2025-04-18T09:14:59.1976978Z ##[group]Disabling automatic garbage collection
2025-04-18T09:14:59.1980051Z [command]/usr/bin/git config --local gc.auto 0
2025-04-18T09:14:59.2012463Z ##[endgroup]
2025-04-18T09:14:59.2014078Z ##[group]Setting up auth
2025-04-18T09:14:59.2019781Z [command]/usr/bin/git config --local --name-only --get-regexp core\.sshCommand
2025-04-18T09:14:59.2052965Z [command]/usr/bin/git submodule foreach --recursive sh -c "git config --local --name-only --get-regexp 'core\.sshCommand' && git config --local --unset-all 'core.sshCommand' || :"
2025-04-18T09:14:59.2341816Z [command]/usr/bin/git config --local --name-only --get-regexp http\.https\:\/\/github\.com\/\.extraheader
2025-04-18T09:14:59.2485960Z [command]/usr/bin/git submodule foreach --recursive sh -c "git config --local --name-only --get-regexp 'http\.https\:\/\/github\.com\/\.extraheader' && git config --local --unset-all 'http.https://github.com/.extraheader' || :"
2025-04-18T09:14:59.2673168Z [command]/usr/bin/git config --local http.https://github.com/.extraheader AUTHORIZATION: basic ***
2025-04-18T09:14:59.2723414Z ##[endgroup]
2025-04-18T09:14:59.2725411Z ##[group]Fetching the repository
2025-04-18T09:14:59.2733786Z [command]/usr/bin/git -c protocol.version=2 fetch --no-tags --prune --no-recurse-submodules --depth=1 origin +54a2d3ab66c8608f547d5a01d325a5685f89b717:refs/remotes/origin/main
2025-04-18T09:15:00.8648071Z From https://github.com/mrkurger/date-night-app2
2025-04-18T09:15:00.8650919Z  * [new ref]         54a2d3ab66c8608f547d5a01d325a5685f89b717 -> origin/main
2025-04-18T09:15:00.8677249Z ##[endgroup]
2025-04-18T09:15:00.8677854Z ##[group]Determining the checkout info
2025-04-18T09:15:00.8678889Z ##[endgroup]
2025-04-18T09:15:00.8685179Z [command]/usr/bin/git sparse-checkout disable
2025-04-18T09:15:00.8729063Z [command]/usr/bin/git config --local --unset-all extensions.worktreeConfig
2025-04-18T09:15:00.8758351Z ##[group]Checking out the ref
2025-04-18T09:15:00.8762680Z [command]/usr/bin/git checkout --progress --force -B main refs/remotes/origin/main
2025-04-18T09:15:01.4095947Z Switched to a new branch 'main'
2025-04-18T09:15:01.4100599Z branch 'main' set up to track 'origin/main'.
2025-04-18T09:15:01.4127834Z ##[endgroup]
2025-04-18T09:15:01.4173796Z [command]/usr/bin/git log -1 --format=%H
2025-04-18T09:15:01.4202480Z 54a2d3ab66c8608f547d5a01d325a5685f89b717
2025-04-18T09:15:01.4414782Z ##[group]Run actions/setup-node@v4
2025-04-18T09:15:01.4415052Z with:
2025-04-18T09:15:01.4415225Z   node-version: 22.x
2025-04-18T09:15:01.4415422Z   cache: npm
2025-04-18T09:15:01.4415642Z   cache-dependency-path: server/package-lock.json
2025-04-18T09:15:01.4415934Z   always-auth: false
2025-04-18T09:15:01.4416128Z   check-latest: false
2025-04-18T09:15:01.4416434Z   token: ***
2025-04-18T09:15:01.4416601Z env:
2025-04-18T09:15:01.4416752Z   CI: true
2025-04-18T09:15:01.4416917Z ##[endgroup]
2025-04-18T09:15:01.6159197Z Found in cache @ /opt/hostedtoolcache/node/22.14.0/x64
2025-04-18T09:15:01.6166992Z ##[group]Environment details
2025-04-18T09:15:03.4962957Z node: v22.14.0
2025-04-18T09:15:03.4963986Z npm: 10.9.2
2025-04-18T09:15:03.4964313Z yarn: 1.22.22
2025-04-18T09:15:03.4965521Z ##[endgroup]
2025-04-18T09:15:03.4990071Z [command]/opt/hostedtoolcache/node/22.14.0/x64/bin/npm config get cache
2025-04-18T09:15:03.7758115Z /home/runner/.npm
2025-04-18T09:15:03.8645570Z Cache hit for: node-cache-Linux-x64-npm-eb74dc554d17640d6b2005eb2c3c9590e65262bd6e2b7add98bfd17307b4cd7c
2025-04-18T09:15:04.2131767Z Received 35603115 of 35603115 (100.0%), 108.5 MBs/sec
2025-04-18T09:15:04.2135656Z Cache Size: ~34 MB (35603115 B)
2025-04-18T09:15:04.2250906Z [command]/usr/bin/tar -xf /home/runner/work/_temp/259b6564-3657-452a-83e9-5ae5735cff32/cache.tzst -P -C /home/runner/work/date-night-app2/date-night-app2 --use-compress-program unzstd
2025-04-18T09:15:04.4986162Z Cache restored successfully
2025-04-18T09:15:04.5073313Z Cache restored from key: node-cache-Linux-x64-npm-eb74dc554d17640d6b2005eb2c3c9590e65262bd6e2b7add98bfd17307b4cd7c
2025-04-18T09:15:04.5228974Z ##[group]Run npm ci
2025-04-18T09:15:04.5229228Z [36;1mnpm ci[0m
2025-04-18T09:15:04.5282986Z shell: /usr/bin/bash -e {0}
2025-04-18T09:15:04.5283240Z env:
2025-04-18T09:15:04.5283419Z   CI: true
2025-04-18T09:15:04.5283605Z ##[endgroup]
2025-04-18T09:15:08.9886268Z npm warn deprecated npmlog@5.0.1: This package is no longer supported.
2025-04-18T09:15:09.1556973Z npm warn deprecated xss-clean@0.1.4: Package no longer supported. Contact Support at https://www.npmjs.com/support for more info.
2025-04-18T09:15:09.1604374Z npm warn deprecated passport-reddit@1.1.0: While functionally complete, this library will not be receiving any updates going forwards. Users are actively discouraged from using OAuth2 for authentication. See archival notice on github for more details.
2025-04-18T09:15:09.2135325Z npm warn deprecated rimraf@3.0.2: Rimraf versions prior to v4 are no longer supported
2025-04-18T09:15:09.3473943Z npm warn deprecated are-we-there-yet@2.0.0: This package is no longer supported.
2025-04-18T09:15:09.8375343Z npm warn deprecated gauge@3.0.2: This package is no longer supported.
2025-04-18T09:15:10.0307241Z npm warn deprecated @humanwhocodes/object-schema@2.0.3: Use @eslint/object-schema instead
2025-04-18T09:15:10.0336649Z npm warn deprecated @humanwhocodes/config-array@0.11.14: Use @eslint/config-array instead
2025-04-18T09:15:10.3353136Z npm warn deprecated superagent@8.1.2: Please upgrade to v9.0.0+ as we have fixed a public vulnerability with formidable dependency. Note that v9.0.0+ requires Node.js v14.18.0+. See https://github.com/ladjs/superagent/pull/1800 for insight. This project is supported and maintained by the team at Forward Email @ https://forwardemail.net
2025-04-18T09:15:11.2259471Z npm warn deprecated eslint@8.56.0: This version is no longer supported. Please see https://eslint.org/version-support for other options.
2025-04-18T09:15:15.4046664Z 
2025-04-18T09:15:15.4048291Z > date-night-app@1.0.0 preinstall
2025-04-18T09:15:15.4052973Z > node scripts/disable-husky-in-ci.js
2025-04-18T09:15:15.4055260Z 
2025-04-18T09:15:15.4433370Z .huskyrc file created to disable husky in CI environments
2025-04-18T09:15:15.4434611Z .huskyrc file made executable
2025-04-18T09:15:15.4488611Z 
2025-04-18T09:15:15.4489624Z > date-night-app@1.0.0 prepare
2025-04-18T09:15:15.4490436Z > [ -n "$CI" ] || husky
2025-04-18T09:15:15.4493029Z 
2025-04-18T09:15:15.4955589Z 
2025-04-18T09:15:15.4957893Z added 830 packages, and audited 832 packages in 11s
2025-04-18T09:15:15.4960074Z 
2025-04-18T09:15:15.4976126Z 177 packages are looking for funding
2025-04-18T09:15:15.4977129Z   run `npm fund` for details
2025-04-18T09:15:15.4978251Z 
2025-04-18T09:15:15.4978776Z found 0 vulnerabilities
2025-04-18T09:15:15.5922306Z ##[group]Run npm test
2025-04-18T09:15:15.5922705Z [36;1mnpm test[0m
2025-04-18T09:15:15.5983351Z shell: /usr/bin/bash -e {0}
2025-04-18T09:15:15.5983804Z env:
2025-04-18T09:15:15.5984057Z   CI: true
2025-04-18T09:15:15.5984326Z   NODE_ENV: test
2025-04-18T09:15:15.5984749Z   MONGODB_URI: mongodb://localhost:27017/date-night-test
2025-04-18T09:15:15.5985246Z ##[endgroup]
2025-04-18T09:15:15.7759909Z 
2025-04-18T09:15:15.7760544Z > date-night-server@1.0.0 test
2025-04-18T09:15:15.7762158Z > jest
2025-04-18T09:15:15.7762338Z 
2025-04-18T09:15:18.4779662Z PASS tests/unit/services/wallet.service.test.js
2025-04-18T09:15:18.6246528Z   ‚óè Console
2025-04-18T09:15:18.6246772Z 
2025-04-18T09:15:18.6246910Z     console.error
2025-04-18T09:15:18.6247483Z       Error getting or creating wallet: AppError: User not found
2025-04-18T09:15:18.6248741Z           at WalletService.getOrCreateWallet (/home/runner/work/date-night-app2/date-night-app2/server/services/wallet.service.js:50:15)
2025-04-18T09:15:18.6251953Z           at Object.<anonymous> (/home/runner/work/date-night-app2/date-night-app2/server/tests/unit/services/wallet.service.test.js:263:7) {
2025-04-18T09:15:18.6253025Z         statusCode: 404,
2025-04-18T09:15:18.6253419Z         status: 'fail',
2025-04-18T09:15:18.6253816Z         isOperational: true
2025-04-18T09:15:18.6254171Z       }
2025-04-18T09:15:18.6254328Z 
2025-04-18T09:15:18.6254977Z     [0m [90m 75 |[39m       [36mreturn[39m wallet[33m;[39m
2025-04-18T09:15:18.6255656Z      [90m 76 |[39m     } [36mcatch[39m (error) {
2025-04-18T09:15:18.6256876Z     [31m[1m>[22m[39m[90m 77 |[39m       console[33m.[39merror([32m'Error getting or creating wallet:'[39m[33m,[39m error)[33m;[39m
2025-04-18T09:15:18.6257871Z      [90m    |[39m               [31m[1m^[22m[39m
2025-04-18T09:15:18.6258541Z      [90m 78 |[39m       [36mthrow[39m error[33m;[39m
2025-04-18T09:15:18.6259075Z      [90m 79 |[39m     }
2025-04-18T09:15:18.6259558Z      [90m 80 |[39m   }[0m
2025-04-18T09:15:18.6259821Z 
2025-04-18T09:15:18.6260327Z       at WalletService.error [as getOrCreateWallet] (services/wallet.service.js:77:15)
2025-04-18T09:15:18.6261270Z       at Object.<anonymous> (tests/unit/services/wallet.service.test.js:263:7)
2025-04-18T09:15:18.6282560Z 
2025-04-18T09:15:18.6282727Z     console.error
2025-04-18T09:15:18.6283361Z       Error adding payment method: AppError: Payment method type is required
2025-04-18T09:15:18.6284737Z           at WalletService.addPaymentMethod (/home/runner/work/date-night-app2/date-night-app2/server/services/wallet.service.js:253:15)
2025-04-18T09:15:18.6286448Z           at Object.<anonymous> (/home/runner/work/date-night-app2/date-night-app2/server/tests/unit/services/wallet.service.test.js:488:7) {
2025-04-18T09:15:18.6287504Z         statusCode: 400,
2025-04-18T09:15:18.6287881Z         status: 'fail',
2025-04-18T09:15:18.6288241Z         isOperational: true
2025-04-18T09:15:18.6288586Z       }
2025-04-18T09:15:18.6288751Z 
2025-04-18T09:15:18.6289864Z     [0m [90m 295 |[39m       [36mreturn[39m wallet[33m.[39mpaymentMethods[wallet[33m.[39mpaymentMethods[33m.[39mlength [33m-[39m [35m1[39m][33m;[39m
2025-04-18T09:15:18.6291020Z      [90m 296 |[39m     } [36mcatch[39m (error) {
2025-04-18T09:15:18.6292410Z     [31m[1m>[22m[39m[90m 297 |[39m       console[33m.[39merror([32m'Error adding payment method:'[39m[33m,[39m error)[33m;[39m
2025-04-18T09:15:18.6293634Z      [90m     |[39m               [31m[1m^[22m[39m
2025-04-18T09:15:18.6294401Z      [90m 298 |[39m       [36mthrow[39m error[33m;[39m
2025-04-18T09:15:18.6294937Z      [90m 299 |[39m     }
2025-04-18T09:15:18.6295359Z      [90m 300 |[39m   }[0m
2025-04-18T09:15:18.6295613Z 
2025-04-18T09:15:18.6296092Z       at WalletService.error [as addPaymentMethod] (services/wallet.service.js:297:15)
2025-04-18T09:15:18.6297041Z       at Object.<anonymous> (tests/unit/services/wallet.service.test.js:488:7)
2025-04-18T09:15:18.6297530Z 
2025-04-18T09:15:18.6298015Z     console.error
2025-04-18T09:15:18.6298675Z       Error adding payment method: AppError: Payment method provider is required
2025-04-18T09:15:18.6300044Z           at WalletService.addPaymentMethod (/home/runner/work/date-night-app2/date-night-app2/server/services/wallet.service.js:257:15)
2025-04-18T09:15:18.6342032Z           at Object.<anonymous> (/home/runner/work/date-night-app2/date-night-app2/server/tests/unit/services/wallet.service.test.js:506:7) {
2025-04-18T09:15:18.6343200Z         statusCode: 400,
2025-04-18T09:15:18.6343641Z         status: 'fail',
2025-04-18T09:15:18.6344053Z         isOperational: true
2025-04-18T09:15:18.6344479Z       }
2025-04-18T09:15:18.6344682Z 
2025-04-18T09:15:18.6345815Z     [0m [90m 295 |[39m       [36mreturn[39m wallet[33m.[39mpaymentMethods[wallet[33m.[39mpaymentMethods[33m.[39mlength [33m-[39m [35m1[39m][33m;[39m
2025-04-18T09:15:18.6347078Z      [90m 296 |[39m     } [36mcatch[39m (error) {
2025-04-18T09:15:18.6348412Z     [31m[1m>[22m[39m[90m 297 |[39m       console[33m.[39merror([32m'Error adding payment method:'[39m[33m,[39m error)[33m;[39m
2025-04-18T09:15:18.6349530Z      [90m     |[39m               [31m[1m^[22m[39m
2025-04-18T09:15:18.6350312Z      [90m 298 |[39m       [36mthrow[39m error[33m;[39m
2025-04-18T09:15:18.6350889Z      [90m 299 |[39m     }
2025-04-18T09:15:18.6351383Z      [90m 300 |[39m   }[0m
2025-04-18T09:15:18.6351870Z 
2025-04-18T09:15:18.6352413Z       at WalletService.error [as addPaymentMethod] (services/wallet.service.js:297:15)
2025-04-18T09:15:18.6353462Z       at Object.<anonymous> (tests/unit/services/wallet.service.test.js:506:7)
2025-04-18T09:15:18.6353995Z 
2025-04-18T09:15:18.6354165Z     console.error
2025-04-18T09:15:18.6354790Z       Error adding payment method: AppError: Card details are required
2025-04-18T09:15:18.6356190Z           at WalletService.addPaymentMethod (/home/runner/work/date-night-app2/date-night-app2/server/services/wallet.service.js:264:19)
2025-04-18T09:15:18.6358023Z           at Object.<anonymous> (/home/runner/work/date-night-app2/date-night-app2/server/tests/unit/services/wallet.service.test.js:518:7) {
2025-04-18T09:15:18.6359122Z         statusCode: 400,
2025-04-18T09:15:18.6359801Z         status: 'fail',
2025-04-18T09:15:18.6360191Z         isOperational: true
2025-04-18T09:15:18.6360587Z       }
2025-04-18T09:15:18.6360761Z 
2025-04-18T09:15:18.6406505Z     [0m [90m 295 |[39m       [36mreturn[39m wallet[33m.[39mpaymentMethods[wallet[33m.[39mpaymentMethods[33m.[39mlength [33m-[39m [35m1[39m][33m;[39m
2025-04-18T09:15:18.6407855Z      [90m 296 |[39m     } [36mcatch[39m (error) {
2025-04-18T09:15:18.6409123Z     [31m[1m>[22m[39m[90m 297 |[39m       console[33m.[39merror([32m'Error adding payment method:'[39m[33m,[39m error)[33m;[39m
2025-04-18T09:15:18.6410195Z      [90m     |[39m               [31m[1m^[22m[39m
2025-04-18T09:15:18.6410964Z      [90m 298 |[39m       [36mthrow[39m error[33m;[39m
2025-04-18T09:15:18.6415875Z      [90m 299 |[39m     }
2025-04-18T09:15:18.6416461Z      [90m 300 |[39m   }[0m
2025-04-18T09:15:18.6416735Z 
2025-04-18T09:15:18.6417252Z       at WalletService.error [as addPaymentMethod] (services/wallet.service.js:297:15)
2025-04-18T09:15:18.6418271Z       at Object.<anonymous> (tests/unit/services/wallet.service.test.js:518:7)
2025-04-18T09:15:18.6418780Z 
2025-04-18T09:15:18.6418933Z     console.error
2025-04-18T09:15:18.6419585Z       Error adding payment method: AppError: Bank account details are required
2025-04-18T09:15:18.6420979Z           at WalletService.addPaymentMethod (/home/runner/work/date-night-app2/date-night-app2/server/services/wallet.service.js:270:19)
2025-04-18T09:15:18.6423024Z           at Object.<anonymous> (/home/runner/work/date-night-app2/date-night-app2/server/tests/unit/services/wallet.service.test.js:530:7) {
2025-04-18T09:15:18.6424114Z         statusCode: 400,
2025-04-18T09:15:18.6424502Z         status: 'fail',
2025-04-18T09:15:18.6425152Z         isOperational: true
2025-04-18T09:15:18.6425579Z       }
2025-04-18T09:15:18.6425758Z 
2025-04-18T09:15:18.6426919Z     [0m [90m 295 |[39m       [36mreturn[39m wallet[33m.[39mpaymentMethods[wallet[33m.[39mpaymentMethods[33m.[39mlength [33m-[39m [35m1[39m][33m;[39m
2025-04-18T09:15:18.6428177Z      [90m 296 |[39m     } [36mcatch[39m (error) {
2025-04-18T09:15:18.6429394Z     [31m[1m>[22m[39m[90m 297 |[39m       console[33m.[39merror([32m'Error adding payment method:'[39m[33m,[39m error)[33m;[39m
2025-04-18T09:15:18.6430488Z      [90m     |[39m               [31m[1m^[22m[39m
2025-04-18T09:15:18.6431219Z      [90m 298 |[39m       [36mthrow[39m error[33m;[39m
2025-04-18T09:15:18.6452297Z      [90m 299 |[39m     }
2025-04-18T09:15:18.6452768Z      [90m 300 |[39m   }[0m
2025-04-18T09:15:18.6453026Z 
2025-04-18T09:15:18.6453519Z       at WalletService.error [as addPaymentMethod] (services/wallet.service.js:297:15)
2025-04-18T09:15:18.6454516Z       at Object.<anonymous> (tests/unit/services/wallet.service.test.js:530:7)
2025-04-18T09:15:18.6455033Z 
2025-04-18T09:15:18.6455174Z     console.error
2025-04-18T09:15:18.6455819Z       Error adding payment method: AppError: Crypto address details are required
2025-04-18T09:15:18.6457223Z           at WalletService.addPaymentMethod (/home/runner/work/date-night-app2/date-night-app2/server/services/wallet.service.js:276:19)
2025-04-18T09:15:18.6459004Z           at Object.<anonymous> (/home/runner/work/date-night-app2/date-night-app2/server/tests/unit/services/wallet.service.test.js:542:7) {
2025-04-18T09:15:18.6460081Z         statusCode: 400,
2025-04-18T09:15:18.6460479Z         status: 'fail',
2025-04-18T09:15:18.6460865Z         isOperational: true
2025-04-18T09:15:18.6461256Z       }
2025-04-18T09:15:18.6461436Z 
2025-04-18T09:15:18.6462798Z     [0m [90m 295 |[39m       [36mreturn[39m wallet[33m.[39mpaymentMethods[wallet[33m.[39mpaymentMethods[33m.[39mlength [33m-[39m [35m1[39m][33m;[39m
2025-04-18T09:15:18.6464033Z      [90m 296 |[39m     } [36mcatch[39m (error) {
2025-04-18T09:15:18.6465271Z     [31m[1m>[22m[39m[90m 297 |[39m       console[33m.[39merror([32m'Error adding payment method:'[39m[33m,[39m error)[33m;[39m
2025-04-18T09:15:18.6466636Z      [90m     |[39m               [31m[1m^[22m[39m
2025-04-18T09:15:18.6467371Z      [90m 298 |[39m       [36mthrow[39m error[33m;[39m
2025-04-18T09:15:18.6467967Z      [90m 299 |[39m     }
2025-04-18T09:15:18.6468437Z      [90m 300 |[39m   }[0m
2025-04-18T09:15:18.6468710Z 
2025-04-18T09:15:18.6469205Z       at WalletService.error [as addPaymentMethod] (services/wallet.service.js:297:15)
2025-04-18T09:15:18.6470209Z       at Object.<anonymous> (tests/unit/services/wallet.service.test.js:542:7)
2025-04-18T09:15:18.6470720Z 
2025-04-18T09:15:18.6470877Z     console.error
2025-04-18T09:15:18.6491950Z       Error adding payment method: AppError: Unsupported cryptocurrency: UNSUPPORTED
2025-04-18T09:15:18.6493485Z           at WalletService.addPaymentMethod (/home/runner/work/date-night-app2/date-night-app2/server/services/wallet.service.js:280:19)
2025-04-18T09:15:18.6495307Z           at Object.<anonymous> (/home/runner/work/date-night-app2/date-night-app2/server/tests/unit/services/wallet.service.test.js:559:7) {
2025-04-18T09:15:18.6496405Z         statusCode: 400,
2025-04-18T09:15:18.6496808Z         status: 'fail',
2025-04-18T09:15:18.6497204Z         isOperational: true
2025-04-18T09:15:18.6497570Z       }
2025-04-18T09:15:18.6497762Z 
2025-04-18T09:15:18.6498908Z     [0m [90m 295 |[39m       [36mreturn[39m wallet[33m.[39mpaymentMethods[wallet[33m.[39mpaymentMethods[33m.[39mlength [33m-[39m [35m1[39m][33m;[39m
2025-04-18T09:15:18.6500174Z      [90m 296 |[39m     } [36mcatch[39m (error) {
2025-04-18T09:15:18.6501383Z     [31m[1m>[22m[39m[90m 297 |[39m       console[33m.[39merror([32m'Error adding payment method:'[39m[33m,[39m error)[33m;[39m
2025-04-18T09:15:18.6502892Z      [90m     |[39m               [31m[1m^[22m[39m
2025-04-18T09:15:18.6503648Z      [90m 298 |[39m       [36mthrow[39m error[33m;[39m
2025-04-18T09:15:18.6504233Z      [90m 299 |[39m     }
2025-04-18T09:15:18.6504700Z      [90m 300 |[39m   }[0m
2025-04-18T09:15:18.6504976Z 
2025-04-18T09:15:18.6505482Z       at WalletService.error [as addPaymentMethod] (services/wallet.service.js:297:15)
2025-04-18T09:15:18.6506513Z       at Object.<anonymous> (tests/unit/services/wallet.service.test.js:559:7)
2025-04-18T09:15:18.6507018Z 
2025-04-18T09:15:18.6507190Z     console.error
2025-04-18T09:15:18.6507914Z       Error adding payment method: AppError: Unsupported payment method type: unsupported
2025-04-18T09:15:18.6509384Z           at WalletService.addPaymentMethod (/home/runner/work/date-night-app2/date-night-app2/server/services/wallet.service.js:288:17)
2025-04-18T09:15:18.6511206Z           at Object.<anonymous> (/home/runner/work/date-night-app2/date-night-app2/server/tests/unit/services/wallet.service.test.js:571:7) {
2025-04-18T09:15:18.6532651Z         statusCode: 400,
2025-04-18T09:15:18.6533076Z         status: 'fail',
2025-04-18T09:15:18.6533475Z         isOperational: true
2025-04-18T09:15:18.6533876Z       }
2025-04-18T09:15:18.6534065Z 
2025-04-18T09:15:18.6535235Z     [0m [90m 295 |[39m       [36mreturn[39m wallet[33m.[39mpaymentMethods[wallet[33m.[39mpaymentMethods[33m.[39mlength [33m-[39m [35m1[39m][33m;[39m
2025-04-18T09:15:18.6536509Z      [90m 296 |[39m     } [36mcatch[39m (error) {
2025-04-18T09:15:18.6537793Z     [31m[1m>[22m[39m[90m 297 |[39m       console[33m.[39merror([32m'Error adding payment method:'[39m[33m,[39m error)[33m;[39m
2025-04-18T09:15:18.6538890Z      [90m     |[39m               [31m[1m^[22m[39m
2025-04-18T09:15:18.6539645Z      [90m 298 |[39m       [36mthrow[39m error[33m;[39m
2025-04-18T09:15:18.6540253Z      [90m 299 |[39m     }
2025-04-18T09:15:18.6540754Z      [90m 300 |[39m   }[0m
2025-04-18T09:15:18.6541025Z 
2025-04-18T09:15:18.6541729Z       at WalletService.error [as addPaymentMethod] (services/wallet.service.js:297:15)
2025-04-18T09:15:18.6542748Z       at Object.<anonymous> (tests/unit/services/wallet.service.test.js:571:7)
2025-04-18T09:15:18.6543258Z 
2025-04-18T09:15:18.6543733Z     console.error
2025-04-18T09:15:18.6544376Z       Error removing payment method: AppError: Payment method not found
2025-04-18T09:15:18.6545767Z           at WalletService.removePaymentMethod (/home/runner/work/date-night-app2/date-night-app2/server/services/wallet.service.js:316:15)
2025-04-18T09:15:18.6547589Z           at Object.<anonymous> (/home/runner/work/date-night-app2/date-night-app2/server/tests/unit/services/wallet.service.test.js:589:7) {
2025-04-18T09:15:18.6548671Z         statusCode: 404,
2025-04-18T09:15:18.6549079Z         status: 'fail',
2025-04-18T09:15:18.6549469Z         isOperational: true
2025-04-18T09:15:18.6549850Z       }
2025-04-18T09:15:18.6550030Z 
2025-04-18T09:15:18.6550519Z     [0m [90m 322 |[39m       [36mreturn[39m [36mtrue[39m[33m;[39m
2025-04-18T09:15:18.6551297Z      [90m 323 |[39m     } [36mcatch[39m (error) {
2025-04-18T09:15:18.6572897Z     [31m[1m>[22m[39m[90m 324 |[39m       console[33m.[39merror([32m'Error removing payment method:'[39m[33m,[39m error)[33m;[39m
2025-04-18T09:15:18.6573969Z      [90m     |[39m               [31m[1m^[22m[39m
2025-04-18T09:15:18.6574668Z      [90m 325 |[39m       [36mthrow[39m error[33m;[39m
2025-04-18T09:15:18.6575239Z      [90m 326 |[39m     }
2025-04-18T09:15:18.6575714Z      [90m 327 |[39m   }[0m
2025-04-18T09:15:18.6575927Z 
2025-04-18T09:15:18.6576408Z       at WalletService.error [as removePaymentMethod] (services/wallet.service.js:324:15)
2025-04-18T09:15:18.6577453Z       at Object.<anonymous> (tests/unit/services/wallet.service.test.js:589:7)
2025-04-18T09:15:18.6577971Z 
2025-04-18T09:15:18.6578125Z     console.error
2025-04-18T09:15:18.6579005Z       Error setting default payment method: AppError: Payment method not found
2025-04-18T09:15:18.6580488Z           at WalletService.setDefaultPaymentMethod (/home/runner/work/date-night-app2/date-night-app2/server/services/wallet.service.js:343:15)
2025-04-18T09:15:18.6582514Z           at Object.<anonymous> (/home/runner/work/date-night-app2/date-night-app2/server/tests/unit/services/wallet.service.test.js:610:7) {
2025-04-18T09:15:18.6583562Z         statusCode: 404,
2025-04-18T09:15:18.6583957Z         status: 'fail',
2025-04-18T09:15:18.6584349Z         isOperational: true
2025-04-18T09:15:18.6584750Z       }
2025-04-18T09:15:18.6584925Z 
2025-04-18T09:15:18.6585779Z     [0m [90m 349 |[39m       [36mreturn[39m wallet[33m.[39mpaymentMethods[33m.[39mid(paymentMethodId)[33m;[39m
2025-04-18T09:15:18.6586809Z      [90m 350 |[39m     } [36mcatch[39m (error) {
2025-04-18T09:15:18.6588109Z     [31m[1m>[22m[39m[90m 351 |[39m       console[33m.[39merror([32m'Error setting default payment method:'[39m[33m,[39m error)[33m;[39m
2025-04-18T09:15:18.6589249Z      [90m     |[39m               [31m[1m^[22m[39m
2025-04-18T09:15:18.6589984Z      [90m 352 |[39m       [36mthrow[39m error[33m;[39m
2025-04-18T09:15:18.6590589Z      [90m 353 |[39m     }
2025-04-18T09:15:18.6591071Z      [90m 354 |[39m   }[0m
2025-04-18T09:15:18.6591355Z 
2025-04-18T09:15:18.6612212Z       at WalletService.error [as setDefaultPaymentMethod] (services/wallet.service.js:351:15)
2025-04-18T09:15:18.6613320Z       at Object.<anonymous> (tests/unit/services/wallet.service.test.js:610:7)
2025-04-18T09:15:18.6613856Z 
2025-04-18T09:15:18.6614013Z     console.error
2025-04-18T09:15:18.6614676Z       Error depositing funds with Stripe: AppError: Valid amount is required
2025-04-18T09:15:18.6616126Z           at WalletService.depositFundsWithStripe (/home/runner/work/date-night-app2/date-night-app2/server/services/wallet.service.js:375:15)
2025-04-18T09:15:18.6618100Z           at Object.depositFundsWithStripe (/home/runner/work/date-night-app2/date-night-app2/server/tests/unit/services/wallet.service.test.js:664:23)
2025-04-18T09:15:18.6619959Z           at Promise.then.completed (/home/runner/work/date-night-app2/date-night-app2/node_modules/jest-circus/build/utils.js:298:28)
2025-04-18T09:15:18.6621055Z           at new Promise (<anonymous>)
2025-04-18T09:15:18.6622701Z           at callAsyncCircusFn (/home/runner/work/date-night-app2/date-night-app2/node_modules/jest-circus/build/utils.js:231:10)
2025-04-18T09:15:18.6624267Z           at _callCircusTest (/home/runner/work/date-night-app2/date-night-app2/node_modules/jest-circus/build/run.js:316:40)
2025-04-18T09:15:18.6625765Z           at _runTest (/home/runner/work/date-night-app2/date-night-app2/node_modules/jest-circus/build/run.js:252:3)
2025-04-18T09:15:18.6627355Z           at _runTestsForDescribeBlock (/home/runner/work/date-night-app2/date-night-app2/node_modules/jest-circus/build/run.js:126:9)
2025-04-18T09:15:18.6629080Z           at _runTestsForDescribeBlock (/home/runner/work/date-night-app2/date-night-app2/node_modules/jest-circus/build/run.js:121:9)
2025-04-18T09:15:18.6630783Z           at _runTestsForDescribeBlock (/home/runner/work/date-night-app2/date-night-app2/node_modules/jest-circus/build/run.js:121:9)
2025-04-18T09:15:18.6652723Z           at run (/home/runner/work/date-night-app2/date-night-app2/node_modules/jest-circus/build/run.js:71:3)
2025-04-18T09:15:18.6654701Z           at runAndTransformResultsToJestFormat (/home/runner/work/date-night-app2/date-night-app2/node_modules/jest-circus/build/legacy-code-todo-rewrite/jestAdapterInit.js:122:21)
2025-04-18T09:15:18.6656908Z           at jestAdapter (/home/runner/work/date-night-app2/date-night-app2/node_modules/jest-circus/build/legacy-code-todo-rewrite/jestAdapter.js:79:19)
2025-04-18T09:15:18.6658664Z           at runTestInternal (/home/runner/work/date-night-app2/date-night-app2/node_modules/jest-runner/build/runTest.js:367:16)
2025-04-18T09:15:18.6660458Z           at runTest (/home/runner/work/date-night-app2/date-night-app2/node_modules/jest-runner/build/runTest.js:444:34) {
2025-04-18T09:15:18.6661379Z         statusCode: 400,
2025-04-18T09:15:18.6661951Z         status: 'fail',
2025-04-18T09:15:18.6662315Z         isOperational: true
2025-04-18T09:15:18.6662669Z       }
2025-04-18T09:15:18.6662841Z 
2025-04-18T09:15:18.6663187Z     [0m [90m 437 |[39m       }[33m;[39m
2025-04-18T09:15:18.6663831Z      [90m 438 |[39m     } [36mcatch[39m (error) {
2025-04-18T09:15:18.6665056Z     [31m[1m>[22m[39m[90m 439 |[39m       console[33m.[39merror([32m'Error depositing funds with Stripe:'[39m[33m,[39m error)[33m;[39m
2025-04-18T09:15:18.6666080Z      [90m     |[39m               [31m[1m^[22m[39m
2025-04-18T09:15:18.6666691Z      [90m 440 |[39m       [36mthrow[39m error[33m;[39m
2025-04-18T09:15:18.6667178Z      [90m 441 |[39m     }
2025-04-18T09:15:18.6667621Z      [90m 442 |[39m   }[0m
2025-04-18T09:15:18.6667861Z 
2025-04-18T09:15:18.6668418Z       at WalletService.error [as depositFundsWithStripe] (services/wallet.service.js:439:15)
2025-04-18T09:15:18.6669556Z       at Object.depositFundsWithStripe (tests/unit/services/wallet.service.test.js:664:23)
2025-04-18T09:15:18.6670146Z 
2025-04-18T09:15:18.6670290Z     console.error
2025-04-18T09:15:18.6671014Z       Error depositing funds with Stripe: AppError: Unsupported currency: UNSUPPORTED
2025-04-18T09:15:18.6692957Z           at WalletService.depositFundsWithStripe (/home/runner/work/date-night-app2/date-night-app2/server/services/wallet.service.js:379:15)
2025-04-18T09:15:18.6694922Z           at Object.depositFundsWithStripe (/home/runner/work/date-night-app2/date-night-app2/server/tests/unit/services/wallet.service.test.js:670:23)
2025-04-18T09:15:18.6696763Z           at Promise.then.completed (/home/runner/work/date-night-app2/date-night-app2/node_modules/jest-circus/build/utils.js:298:28)
2025-04-18T09:15:18.6697803Z           at new Promise (<anonymous>)
2025-04-18T09:15:18.6698910Z           at callAsyncCircusFn (/home/runner/work/date-night-app2/date-night-app2/node_modules/jest-circus/build/utils.js:231:10)
2025-04-18T09:15:18.6700462Z           at _callCircusTest (/home/runner/work/date-night-app2/date-night-app2/node_modules/jest-circus/build/run.js:316:40)
2025-04-18T09:15:18.6702101Z           at _runTest (/home/runner/work/date-night-app2/date-night-app2/node_modules/jest-circus/build/run.js:252:3)
2025-04-18T09:15:18.6704096Z           at _runTestsForDescribeBlock (/home/runner/work/date-night-app2/date-night-app2/node_modules/jest-circus/build/run.js:126:9)
2025-04-18T09:15:18.6705844Z           at _runTestsForDescribeBlock (/home/runner/work/date-night-app2/date-night-app2/node_modules/jest-circus/build/run.js:121:9)
2025-04-18T09:15:18.6707565Z           at _runTestsForDescribeBlock (/home/runner/work/date-night-app2/date-night-app2/node_modules/jest-circus/build/run.js:121:9)
2025-04-18T09:15:18.6709042Z           at run (/home/runner/work/date-night-app2/date-night-app2/node_modules/jest-circus/build/run.js:71:3)
2025-04-18T09:15:18.6710922Z           at runAndTransformResultsToJestFormat (/home/runner/work/date-night-app2/date-night-app2/node_modules/jest-circus/build/legacy-code-todo-rewrite/jestAdapterInit.js:122:21)
2025-04-18T09:15:18.6733394Z           at jestAdapter (/home/runner/work/date-night-app2/date-night-app2/node_modules/jest-circus/build/legacy-code-todo-rewrite/jestAdapter.js:79:19)
2025-04-18T09:15:18.6735221Z           at runTestInternal (/home/runner/work/date-night-app2/date-night-app2/node_modules/jest-runner/build/runTest.js:367:16)
2025-04-18T09:15:18.6736779Z           at runTest (/home/runner/work/date-night-app2/date-night-app2/node_modules/jest-runner/build/runTest.js:444:34) {
2025-04-18T09:15:18.6737725Z         statusCode: 400,
2025-04-18T09:15:18.6738120Z         status: 'fail',
2025-04-18T09:15:18.6738501Z         isOperational: true
2025-04-18T09:15:18.6738902Z       }
2025-04-18T09:15:18.6739073Z 
2025-04-18T09:15:18.6739427Z     [0m [90m 437 |[39m       }[33m;[39m
2025-04-18T09:15:18.6740500Z      [90m 438 |[39m     } [36mcatch[39m (error) {
2025-04-18T09:15:18.6742037Z     [31m[1m>[22m[39m[90m 439 |[39m       console[33m.[39merror([32m'Error depositing funds with Stripe:'[39m[33m,[39m error)[33m;[39m
2025-04-18T09:15:18.6743153Z      [90m     |[39m               [31m[1m^[22m[39m
2025-04-18T09:15:18.6743880Z      [90m 440 |[39m       [36mthrow[39m error[33m;[39m
2025-04-18T09:15:18.6744436Z      [90m 441 |[39m     }
2025-04-18T09:15:18.6744902Z      [90m 442 |[39m   }[0m
2025-04-18T09:15:18.6745163Z 
2025-04-18T09:15:18.6745723Z       at WalletService.error [as depositFundsWithStripe] (services/wallet.service.js:439:15)
2025-04-18T09:15:18.6746861Z       at Object.depositFundsWithStripe (tests/unit/services/wallet.service.test.js:670:23)
2025-04-18T09:15:18.6747490Z 
2025-04-18T09:15:18.6747728Z     console.error
2025-04-18T09:15:18.6748396Z       Error depositing funds with Stripe: AppError: Payment method ID is required
2025-04-18T09:15:18.6749880Z           at WalletService.depositFundsWithStripe (/home/runner/work/date-night-app2/date-night-app2/server/services/wallet.service.js:383:15)
2025-04-18T09:15:18.6772075Z           at Object.depositFundsWithStripe (/home/runner/work/date-night-app2/date-night-app2/server/tests/unit/services/wallet.service.test.js:682:23)
2025-04-18T09:15:18.6774031Z           at Promise.then.completed (/home/runner/work/date-night-app2/date-night-app2/node_modules/jest-circus/build/utils.js:298:28)
2025-04-18T09:15:18.6775104Z           at new Promise (<anonymous>)
2025-04-18T09:15:18.6776201Z           at callAsyncCircusFn (/home/runner/work/date-night-app2/date-night-app2/node_modules/jest-circus/build/utils.js:231:10)
2025-04-18T09:15:18.6777739Z           at _callCircusTest (/home/runner/work/date-night-app2/date-night-app2/node_modules/jest-circus/build/run.js:316:40)
2025-04-18T09:15:18.6779175Z           at _runTest (/home/runner/work/date-night-app2/date-night-app2/node_modules/jest-circus/build/run.js:252:3)
2025-04-18T09:15:18.6780705Z           at _runTestsForDescribeBlock (/home/runner/work/date-night-app2/date-night-app2/node_modules/jest-circus/build/run.js:126:9)
2025-04-18T09:15:18.6782563Z           at _runTestsForDescribeBlock (/home/runner/work/date-night-app2/date-night-app2/node_modules/jest-circus/build/run.js:121:9)
2025-04-18T09:15:18.6784513Z           at _runTestsForDescribeBlock (/home/runner/work/date-night-app2/date-night-app2/node_modules/jest-circus/build/run.js:121:9)
2025-04-18T09:15:18.6786018Z           at run (/home/runner/work/date-night-app2/date-night-app2/node_modules/jest-circus/build/run.js:71:3)
2025-04-18T09:15:18.6787917Z           at runAndTransformResultsToJestFormat (/home/runner/work/date-night-app2/date-night-app2/node_modules/jest-circus/build/legacy-code-todo-rewrite/jestAdapterInit.js:122:21)
2025-04-18T09:15:18.6790095Z           at jestAdapter (/home/runner/work/date-night-app2/date-night-app2/node_modules/jest-circus/build/legacy-code-todo-rewrite/jestAdapter.js:79:19)
2025-04-18T09:15:18.6813388Z           at runTestInternal (/home/runner/work/date-night-app2/date-night-app2/node_modules/jest-runner/build/runTest.js:367:16)
2025-04-18T09:15:18.6814994Z           at runTest (/home/runner/work/date-night-app2/date-night-app2/node_modules/jest-runner/build/runTest.js:444:34) {
2025-04-18T09:15:18.6815946Z         statusCode: 400,
2025-04-18T09:15:18.6816335Z         status: 'fail',
2025-04-18T09:15:18.6816715Z         isOperational: true
2025-04-18T09:15:18.6817101Z       }
2025-04-18T09:15:18.6817270Z 
2025-04-18T09:15:18.6817626Z     [0m [90m 437 |[39m       }[33m;[39m
2025-04-18T09:15:18.6818283Z      [90m 438 |[39m     } [36mcatch[39m (error) {
2025-04-18T09:15:18.6819568Z     [31m[1m>[22m[39m[90m 439 |[39m       console[33m.[39merror([32m'Error depositing funds with Stripe:'[39m[33m,[39m error)[33m;[39m
2025-04-18T09:15:18.6820711Z      [90m     |[39m               [31m[1m^[22m[39m
2025-04-18T09:15:18.6821624Z      [90m 440 |[39m       [36mthrow[39m error[33m;[39m
2025-04-18T09:15:18.6822484Z      [90m 441 |[39m     }
2025-04-18T09:15:18.6823000Z      [90m 442 |[39m   }[0m
2025-04-18T09:15:18.6823277Z 
2025-04-18T09:15:18.6823829Z       at WalletService.error [as depositFundsWithStripe] (services/wallet.service.js:439:15)
2025-04-18T09:15:18.6825000Z       at Object.depositFundsWithStripe (tests/unit/services/wallet.service.test.js:682:23)
2025-04-18T09:15:18.6825622Z 
2025-04-18T09:15:18.6825768Z     console.error
2025-04-18T09:15:18.6826331Z       Error withdrawing funds: AppError: Valid amount is required
2025-04-18T09:15:18.6827606Z           at WalletService.withdrawFunds (/home/runner/work/date-night-app2/date-night-app2/server/services/wallet.service.js:518:15)
2025-04-18T09:15:18.6829365Z           at Object.withdrawFunds (/home/runner/work/date-night-app2/date-night-app2/server/tests/unit/services/wallet.service.test.js:726:23)
2025-04-18T09:15:18.6831112Z           at Promise.then.completed (/home/runner/work/date-night-app2/date-night-app2/node_modules/jest-circus/build/utils.js:298:28)
2025-04-18T09:15:18.6852467Z           at new Promise (<anonymous>)
2025-04-18T09:15:18.6853800Z           at callAsyncCircusFn (/home/runner/work/date-night-app2/date-night-app2/node_modules/jest-circus/build/utils.js:231:10)
2025-04-18T09:15:18.6855331Z           at _callCircusTest (/home/runner/work/date-night-app2/date-night-app2/node_modules/jest-circus/build/run.js:316:40)
2025-04-18T09:15:18.6856742Z           at _runTest (/home/runner/work/date-night-app2/date-night-app2/node_modules/jest-circus/build/run.js:252:3)
2025-04-18T09:15:18.6858228Z           at _runTestsForDescribeBlock (/home/runner/work/date-night-app2/date-night-app2/node_modules/jest-circus/build/run.js:126:9)
2025-04-18T09:15:18.6859822Z           at _runTestsForDescribeBlock (/home/runner/work/date-night-app2/date-night-app2/node_modules/jest-circus/build/run.js:121:9)
2025-04-18T09:15:18.6861617Z           at _runTestsForDescribeBlock (/home/runner/work/date-night-app2/date-night-app2/node_modules/jest-circus/build/run.js:121:9)
2025-04-18T09:15:18.6863079Z           at run (/home/runner/work/date-night-app2/date-night-app2/node_modules/jest-circus/build/run.js:71:3)
2025-04-18T09:15:18.6864944Z           at runAndTransformResultsToJestFormat (/home/runner/work/date-night-app2/date-night-app2/node_modules/jest-circus/build/legacy-code-todo-rewrite/jestAdapterInit.js:122:21)
2025-04-18T09:15:18.6867361Z           at jestAdapter (/home/runner/work/date-night-app2/date-night-app2/node_modules/jest-circus/build/legacy-code-todo-rewrite/jestAdapter.js:79:19)
2025-04-18T09:15:18.6869085Z           at runTestInternal (/home/runner/work/date-night-app2/date-night-app2/node_modules/jest-runner/build/runTest.js:367:16)
2025-04-18T09:15:18.6870541Z           at runTest (/home/runner/work/date-night-app2/date-night-app2/node_modules/jest-runner/build/runTest.js:444:34) {
2025-04-18T09:15:18.6871383Z         statusCode: 400,
2025-04-18T09:15:18.6912063Z         status: 'fail',
2025-04-18T09:15:18.6912458Z         isOperational: true
2025-04-18T09:15:18.6912832Z       }
2025-04-18T09:15:18.6912998Z 
2025-04-18T09:15:18.6914117Z     [0m [90m 619 |[39m       [36mreturn[39m wallet[33m.[39mtransactions[wallet[33m.[39mtransactions[33m.[39mlength [33m-[39m [35m1[39m][33m;[39m
2025-04-18T09:15:18.6915329Z      [90m 620 |[39m     } [36mcatch[39m (error) {
2025-04-18T09:15:18.6916506Z     [31m[1m>[22m[39m[90m 621 |[39m       console[33m.[39merror([32m'Error withdrawing funds:'[39m[33m,[39m error)[33m;[39m
2025-04-18T09:15:18.6917556Z      [90m     |[39m               [31m[1m^[22m[39m
2025-04-18T09:15:18.6918275Z      [90m 622 |[39m       [36mthrow[39m error[33m;[39m
2025-04-18T09:15:18.6918841Z      [90m 623 |[39m     }
2025-04-18T09:15:18.6919315Z      [90m 624 |[39m   }[0m
2025-04-18T09:15:18.6919587Z 
2025-04-18T09:15:18.6920055Z       at WalletService.error [as withdrawFunds] (services/wallet.service.js:621:15)
2025-04-18T09:15:18.6921302Z       at Object.withdrawFunds (tests/unit/services/wallet.service.test.js:726:23)
2025-04-18T09:15:18.6922063Z 
2025-04-18T09:15:18.6922230Z     console.error
2025-04-18T09:15:18.6922886Z       Error withdrawing funds: AppError: Minimum withdrawal amount is 100 NOK
2025-04-18T09:15:18.6924249Z           at WalletService.withdrawFunds (/home/runner/work/date-night-app2/date-night-app2/server/services/wallet.service.js:522:15)
2025-04-18T09:15:18.6926049Z           at Object.withdrawFunds (/home/runner/work/date-night-app2/date-night-app2/server/tests/unit/services/wallet.service.test.js:733:23)
2025-04-18T09:15:18.6927786Z           at Promise.then.completed (/home/runner/work/date-night-app2/date-night-app2/node_modules/jest-circus/build/utils.js:298:28)
2025-04-18T09:15:18.6928846Z           at new Promise (<anonymous>)
2025-04-18T09:15:18.6929957Z           at callAsyncCircusFn (/home/runner/work/date-night-app2/date-night-app2/node_modules/jest-circus/build/utils.js:231:10)
2025-04-18T09:15:18.6951775Z           at _callCircusTest (/home/runner/work/date-night-app2/date-night-app2/node_modules/jest-circus/build/run.js:316:40)
2025-04-18T09:15:18.6953250Z           at _runTest (/home/runner/work/date-night-app2/date-night-app2/node_modules/jest-circus/build/run.js:252:3)
2025-04-18T09:15:18.6954922Z           at _runTestsForDescribeBlock (/home/runner/work/date-night-app2/date-night-app2/node_modules/jest-circus/build/run.js:126:9)
2025-04-18T09:15:18.6956529Z           at _runTestsForDescribeBlock (/home/runner/work/date-night-app2/date-night-app2/node_modules/jest-circus/build/run.js:121:9)
2025-04-18T09:15:18.6958144Z           at _runTestsForDescribeBlock (/home/runner/work/date-night-app2/date-night-app2/node_modules/jest-circus/build/run.js:121:9)
2025-04-18T09:15:18.6959607Z           at run (/home/runner/work/date-night-app2/date-night-app2/node_modules/jest-circus/build/run.js:71:3)
2025-04-18T09:15:18.6961644Z           at runAndTransformResultsToJestFormat (/home/runner/work/date-night-app2/date-night-app2/node_modules/jest-circus/build/legacy-code-todo-rewrite/jestAdapterInit.js:122:21)
2025-04-18T09:15:18.6963767Z           at jestAdapter (/home/runner/work/date-night-app2/date-night-app2/node_modules/jest-circus/build/legacy-code-todo-rewrite/jestAdapter.js:79:19)
2025-04-18T09:15:18.6965504Z           at runTestInternal (/home/runner/work/date-night-app2/date-night-app2/node_modules/jest-runner/build/runTest.js:367:16)
2025-04-18T09:15:18.6967267Z           at runTest (/home/runner/work/date-night-app2/date-night-app2/node_modules/jest-runner/build/runTest.js:444:34) {
2025-04-18T09:15:18.6968164Z         statusCode: 400,
2025-04-18T09:15:18.6968529Z         status: 'fail',
2025-04-18T09:15:18.6968904Z         isOperational: true
2025-04-18T09:15:18.6969266Z       }
2025-04-18T09:15:18.6969436Z 
2025-04-18T09:15:18.6970511Z     [0m [90m 619 |[39m       [36mreturn[39m wallet[33m.[39mtransactions[wallet[33m.[39mtransactions[33m.[39mlength [33m-[39m [35m1[39m][33m;[39m
2025-04-18T09:15:18.6991962Z      [90m 620 |[39m     } [36mcatch[39m (error) {
2025-04-18T09:15:18.6993352Z     [31m[1m>[22m[39m[90m 621 |[39m       console[33m.[39merror([32m'Error withdrawing funds:'[39m[33m,[39m error)[33m;[39m
2025-04-18T09:15:18.7032935Z      [90m     |[39m               [31m[1m^[22m[39m
2025-04-18T09:15:18.7033665Z      [90m 622 |[39m       [36mthrow[39m error[33m;[39m
2025-04-18T09:15:18.7034221Z      [90m 623 |[39m     }
2025-04-18T09:15:18.7034648Z      [90m 624 |[39m   }[0m
2025-04-18T09:15:18.7034904Z 
2025-04-18T09:15:18.7035371Z       at WalletService.error [as withdrawFunds] (services/wallet.service.js:621:15)
2025-04-18T09:15:18.7036370Z       at Object.withdrawFunds (tests/unit/services/wallet.service.test.js:733:23)
2025-04-18T09:15:18.7036923Z 
2025-04-18T09:15:18.7037061Z     console.error
2025-04-18T09:15:18.7037682Z       Error withdrawing funds: AppError: Unsupported currency: UNSUPPORTED
2025-04-18T09:15:18.7039227Z           at WalletService.withdrawFunds (/home/runner/work/date-night-app2/date-night-app2/server/services/wallet.service.js:529:15)
2025-04-18T09:15:18.7040970Z           at Object.withdrawFunds (/home/runner/work/date-night-app2/date-night-app2/server/tests/unit/services/wallet.service.test.js:744:23)
2025-04-18T09:15:18.7073183Z           at Promise.then.completed (/home/runner/work/date-night-app2/date-night-app2/node_modules/jest-circus/build/utils.js:298:28)
2025-04-18T09:15:18.7074257Z           at new Promise (<anonymous>)
2025-04-18T09:15:18.7075360Z           at callAsyncCircusFn (/home/runner/work/date-night-app2/date-night-app2/node_modules/jest-circus/build/utils.js:231:10)
2025-04-18T09:15:18.7076898Z           at _callCircusTest (/home/runner/work/date-night-app2/date-night-app2/node_modules/jest-circus/build/run.js:316:40)
2025-04-18T09:15:18.7078310Z           at _runTest (/home/runner/work/date-night-app2/date-night-app2/node_modules/jest-circus/build/run.js:252:3)
2025-04-18T09:15:18.7079824Z           at _runTestsForDescribeBlock (/home/runner/work/date-night-app2/date-night-app2/node_modules/jest-circus/build/run.js:126:9)
2025-04-18T09:15:18.7121733Z           at _runTestsForDescribeBlock (/home/runner/work/date-night-app2/date-night-app2/node_modules/jest-circus/build/run.js:121:9)
2025-04-18T09:15:18.7123530Z           at _runTestsForDescribeBlock (/home/runner/work/date-night-app2/date-night-app2/node_modules/jest-circus/build/run.js:121:9)
2025-04-18T09:15:18.7125032Z           at run (/home/runner/work/date-night-app2/date-night-app2/node_modules/jest-circus/build/run.js:71:3)
2025-04-18T09:15:18.7126929Z           at runAndTransformResultsToJestFormat (/home/runner/work/date-night-app2/date-night-app2/node_modules/jest-circus/build/legacy-code-todo-rewrite/jestAdapterInit.js:122:21)
2025-04-18T09:15:18.7129076Z           at jestAdapter (/home/runner/work/date-night-app2/date-night-app2/node_modules/jest-circus/build/legacy-code-todo-rewrite/jestAdapter.js:79:19)
2025-04-18T09:15:18.7130810Z           at runTestInternal (/home/runner/work/date-night-app2/date-night-app2/node_modules/jest-runner/build/runTest.js:367:16)
2025-04-18T09:15:18.7144190Z           at runTest (/home/runner/work/date-night-app2/date-night-app2/node_modules/jest-runner/build/runTest.js:444:34) {
2025-04-18T09:15:18.7145087Z         statusCode: 400,
2025-04-18T09:15:18.7145724Z         status: 'fail',
2025-04-18T09:15:18.7146085Z         isOperational: true
2025-04-18T09:15:18.7146441Z       }
2025-04-18T09:15:18.7146603Z 
2025-04-18T09:15:18.7147726Z     [0m [90m 619 |[39m       [36mreturn[39m wallet[33m.[39mtransactions[wallet[33m.[39mtransactions[33m.[39mlength [33m-[39m [35m1[39m][33m;[39m
2025-04-18T09:15:18.7148925Z      [90m 620 |[39m     } [36mcatch[39m (error) {
2025-04-18T09:15:18.7150088Z     [31m[1m>[22m[39m[90m 621 |[39m       console[33m.[39merror([32m'Error withdrawing funds:'[39m[33m,[39m error)[33m;[39m
2025-04-18T09:15:18.7151089Z      [90m     |[39m               [31m[1m^[22m[39m
2025-04-18T09:15:18.7151986Z      [90m 622 |[39m       [36mthrow[39m error[33m;[39m
2025-04-18T09:15:18.7152548Z      [90m 623 |[39m     }
2025-04-18T09:15:18.7152989Z      [90m 624 |[39m   }[0m
2025-04-18T09:15:18.7153244Z 
2025-04-18T09:15:18.7153713Z       at WalletService.error [as withdrawFunds] (services/wallet.service.js:621:15)
2025-04-18T09:15:18.7154713Z       at Object.withdrawFunds (tests/unit/services/wallet.service.test.js:744:23)
2025-04-18T09:15:18.7171999Z 
2025-04-18T09:15:18.7172158Z     console.error
2025-04-18T09:15:18.7172803Z       Error withdrawing funds: AppError: Payment method ID is required
2025-04-18T09:15:18.7174041Z           at WalletService.withdrawFunds (/home/runner/work/date-night-app2/date-night-app2/server/services/wallet.service.js:533:15)
2025-04-18T09:15:18.7175734Z           at Object.withdrawFunds (/home/runner/work/date-night-app2/date-night-app2/server/tests/unit/services/wallet.service.test.js:749:34)
2025-04-18T09:15:18.7177683Z           at Promise.then.completed (/home/runner/work/date-night-app2/date-night-app2/node_modules/jest-circus/build/utils.js:298:28)
2025-04-18T09:15:18.7178715Z           at new Promise (<anonymous>)
2025-04-18T09:15:18.7179783Z           at callAsyncCircusFn (/home/runner/work/date-night-app2/date-night-app2/node_modules/jest-circus/build/utils.js:231:10)
2025-04-18T09:15:18.7181299Z           at _callCircusTest (/home/runner/work/date-night-app2/date-night-app2/node_modules/jest-circus/build/run.js:316:40)
2025-04-18T09:15:18.7203011Z           at _runTest (/home/runner/work/date-night-app2/date-night-app2/node_modules/jest-circus/build/run.js:252:3)
2025-04-18T09:15:18.7204583Z           at _runTestsForDescribeBlock (/home/runner/work/date-night-app2/date-night-app2/node_modules/jest-circus/build/run.js:126:9)
2025-04-18T09:15:18.7206234Z           at _runTestsForDescribeBlock (/home/runner/work/date-night-app2/date-night-app2/node_modules/jest-circus/build/run.js:121:9)
2025-04-18T09:15:18.7207882Z           at _runTestsForDescribeBlock (/home/runner/work/date-night-app2/date-night-app2/node_modules/jest-circus/build/run.js:121:9)
2025-04-18T09:15:18.7209335Z           at run (/home/runner/work/date-night-app2/date-night-app2/node_modules/jest-circus/build/run.js:71:3)
2025-04-18T09:15:18.7211224Z           at runAndTransformResultsToJestFormat (/home/runner/work/date-night-app2/date-night-app2/node_modules/jest-circus/build/legacy-code-todo-rewrite/jestAdapterInit.js:122:21)
2025-04-18T09:15:18.7213988Z           at jestAdapter (/home/runner/work/date-night-app2/date-night-app2/node_modules/jest-circus/build/legacy-code-todo-rewrite/jestAdapter.js:79:19)
2025-04-18T09:15:18.7215705Z           at runTestInternal (/home/runner/work/date-night-app2/date-night-app2/node_modules/jest-runner/build/runTest.js:367:16)
2025-04-18T09:15:18.7217198Z           at runTest (/home/runner/work/date-night-app2/date-night-app2/node_modules/jest-runner/build/runTest.js:444:34) {
2025-04-18T09:15:18.7218097Z         statusCode: 400,
2025-04-18T09:15:18.7218460Z         status: 'fail',
2025-04-18T09:15:18.7218838Z         isOperational: true
2025-04-18T09:15:18.7219197Z       }
2025-04-18T09:15:18.7219356Z 
2025-04-18T09:15:18.7220410Z     [0m [90m 619 |[39m       [36mreturn[39m wallet[33m.[39mtransactions[wallet[33m.[39mtransactions[33m.[39mlength [33m-[39m [35m1[39m][33m;[39m
2025-04-18T09:15:18.7232246Z      [90m 620 |[39m     } [36mcatch[39m (error) {
2025-04-18T09:15:18.7233458Z     [31m[1m>[22m[39m[90m 621 |[39m       console[33m.[39merror([32m'Error withdrawing funds:'[39m[33m,[39m error)[33m;[39m
2025-04-18T09:15:18.7234406Z      [90m     |[39m               [31m[1m^[22m[39m
2025-04-18T09:15:18.7235050Z      [90m 622 |[39m       [36mthrow[39m error[33m;[39m
2025-04-18T09:15:18.7235564Z      [90m 623 |[39m     }
2025-04-18T09:15:18.7235981Z      [90m 624 |[39m   }[0m
2025-04-18T09:15:18.7236223Z 
2025-04-18T09:15:18.7236664Z       at WalletService.error [as withdrawFunds] (services/wallet.service.js:621:15)
2025-04-18T09:15:18.7237621Z       at Object.withdrawFunds (tests/unit/services/wallet.service.test.js:749:34)
2025-04-18T09:15:18.7238128Z 
2025-04-18T09:15:18.7238264Z     console.error
2025-04-18T09:15:18.7238775Z       Error withdrawing funds: AppError: Payment method not found
2025-04-18T09:15:18.7239923Z           at WalletService.withdrawFunds (/home/runner/work/date-night-app2/date-night-app2/server/services/wallet.service.js:542:15)
2025-04-18T09:15:18.7241788Z           at Object.<anonymous> (/home/runner/work/date-night-app2/date-night-app2/server/tests/unit/services/wallet.service.test.js:757:7) {
2025-04-18T09:15:18.7242785Z         statusCode: 404,
2025-04-18T09:15:18.7243152Z         status: 'fail',
2025-04-18T09:15:18.7243519Z         isOperational: true
2025-04-18T09:15:18.7243881Z       }
2025-04-18T09:15:18.7244047Z 
2025-04-18T09:15:18.7245101Z     [0m [90m 619 |[39m       [36mreturn[39m wallet[33m.[39mtransactions[wallet[33m.[39mtransactions[33m.[39mlength [33m-[39m [35m1[39m][33m;[39m
2025-04-18T09:15:18.7246459Z      [90m 620 |[39m     } [36mcatch[39m (error) {
2025-04-18T09:15:18.7247614Z     [31m[1m>[22m[39m[90m 621 |[39m       console[33m.[39merror([32m'Error withdrawing funds:'[39m[33m,[39m error)[33m;[39m
2025-04-18T09:15:18.7248574Z      [90m     |[39m               [31m[1m^[22m[39m
2025-04-18T09:15:18.7249234Z      [90m 622 |[39m       [36mthrow[39m error[33m;[39m
2025-04-18T09:15:18.7249755Z      [90m 623 |[39m     }
2025-04-18T09:15:18.7250178Z      [90m 624 |[39m   }[0m
2025-04-18T09:15:18.7250421Z 
2025-04-18T09:15:18.7272157Z       at WalletService.error [as withdrawFunds] (services/wallet.service.js:621:15)
2025-04-18T09:15:18.7273188Z       at Object.<anonymous> (tests/unit/services/wallet.service.test.js:757:7)
2025-04-18T09:15:18.7273688Z 
2025-04-18T09:15:18.7273822Z     console.error
2025-04-18T09:15:18.7274466Z       Error withdrawing funds: AppError: Insufficient balance. Available: 50 NOK
2025-04-18T09:15:18.7275816Z           at WalletService.withdrawFunds (/home/runner/work/date-night-app2/date-night-app2/server/services/wallet.service.js:549:15)
2025-04-18T09:15:18.7277535Z           at Object.<anonymous> (/home/runner/work/date-night-app2/date-night-app2/server/tests/unit/services/wallet.service.test.js:773:7) {
2025-04-18T09:15:18.7278562Z         statusCode: 400,
2025-04-18T09:15:18.7278925Z         status: 'fail',
2025-04-18T09:15:18.7279289Z         isOperational: true
2025-04-18T09:15:18.7279658Z       }
2025-04-18T09:15:18.7279819Z 
2025-04-18T09:15:18.7280888Z     [0m [90m 619 |[39m       [36mreturn[39m wallet[33m.[39mtransactions[wallet[33m.[39mtransactions[33m.[39mlength [33m-[39m [35m1[39m][33m;[39m
2025-04-18T09:15:18.7282204Z      [90m 620 |[39m     } [36mcatch[39m (error) {
2025-04-18T09:15:18.7283327Z     [31m[1m>[22m[39m[90m 621 |[39m       console[33m.[39merror([32m'Error withdrawing funds:'[39m[33m,[39m error)[33m;[39m
2025-04-18T09:15:18.7284286Z      [90m     |[39m               [31m[1m^[22m[39m
2025-04-18T09:15:18.7284967Z      [90m 622 |[39m       [36mthrow[39m error[33m;[39m
2025-04-18T09:15:18.7285506Z      [90m 623 |[39m     }
2025-04-18T09:15:18.7285932Z      [90m 624 |[39m   }[0m
2025-04-18T09:15:18.7286173Z 
2025-04-18T09:15:18.7286867Z       at WalletService.error [as withdrawFunds] (services/wallet.service.js:621:15)
2025-04-18T09:15:18.7287810Z       at Object.<anonymous> (tests/unit/services/wallet.service.test.js:773:7)
2025-04-18T09:15:18.7288305Z 
2025-04-18T09:15:22.0127273Z PASS tests/unit/models/ad.model.test.js
2025-04-18T09:15:22.0162694Z   ‚óè Console
2025-04-18T09:15:22.0164603Z 
2025-04-18T09:15:22.0165078Z     console.log
2025-04-18T09:15:22.0166355Z       Connected to in-memory MongoDB at mongodb://127.0.0.1:23002/
2025-04-18T09:15:22.0168023Z 
2025-04-18T09:15:22.0168491Z       at log (tests/setup.js:31:11)
2025-04-18T09:15:22.0169420Z 
2025-04-18T09:15:22.0169923Z     console.log
2025-04-18T09:15:22.0170858Z       Database cleared
2025-04-18T09:15:22.0171973Z 
2025-04-18T09:15:22.0172719Z       at log (tests/setup.js:57:11)
2025-04-18T09:15:22.0173412Z 
2025-04-18T09:15:22.0178502Z     console.log
2025-04-18T09:15:22.0179187Z       Database cleared
2025-04-18T09:15:22.0180083Z 
2025-04-18T09:15:22.0180606Z       at log (tests/setup.js:57:11)
2025-04-18T09:15:22.0181745Z 
2025-04-18T09:15:22.0182136Z     console.log
2025-04-18T09:15:22.0183012Z       Database cleared
2025-04-18T09:15:22.0183708Z 
2025-04-18T09:15:22.0184425Z       at log (tests/setup.js:57:11)
2025-04-18T09:15:22.0192651Z 
2025-04-18T09:15:22.0193459Z     console.log
2025-04-18T09:15:22.0194105Z       Database cleared
2025-04-18T09:15:22.0194913Z 
2025-04-18T09:15:22.0195392Z       at log (tests/setup.js:57:11)
2025-04-18T09:15:22.0196318Z 
2025-04-18T09:15:22.0196766Z     console.log
2025-04-18T09:15:22.0197705Z       Database cleared
2025-04-18T09:15:22.0198365Z 
2025-04-18T09:15:22.0199057Z       at log (tests/setup.js:57:11)
2025-04-18T09:15:22.0201339Z 
2025-04-18T09:15:22.0202489Z     console.log
2025-04-18T09:15:22.0204095Z       Database cleared
2025-04-18T09:15:22.0205298Z 
2025-04-18T09:15:22.0210511Z       at log (tests/setup.js:57:11)
2025-04-18T09:15:22.0211802Z 
2025-04-18T09:15:22.0214164Z     console.log
2025-04-18T09:15:22.0215007Z       Database cleared
2025-04-18T09:15:22.0215920Z 
2025-04-18T09:15:22.0239435Z       at log (tests/setup.js:57:11)
2025-04-18T09:15:22.0240558Z 
2025-04-18T09:15:22.0241426Z     console.log
2025-04-18T09:15:22.0242776Z       Database cleared
2025-04-18T09:15:22.0243908Z 
2025-04-18T09:15:22.0244981Z       at log (tests/setup.js:57:11)
2025-04-18T09:15:22.0246213Z 
2025-04-18T09:15:22.0247234Z     console.log
2025-04-18T09:15:22.0248552Z       Database cleared
2025-04-18T09:15:22.0249794Z 
2025-04-18T09:15:22.0251887Z       at log (tests/setup.js:57:11)
2025-04-18T09:15:22.0253152Z 
2025-04-18T09:15:22.0254184Z     console.log
2025-04-18T09:15:22.0255132Z       Database cleared
2025-04-18T09:15:22.0256108Z 
2025-04-18T09:15:22.0256577Z       at log (tests/setup.js:57:11)
2025-04-18T09:15:22.0257637Z 
2025-04-18T09:15:22.0258006Z     console.log
2025-04-18T09:15:22.0258616Z       Database cleared
2025-04-18T09:15:22.0259568Z 
2025-04-18T09:15:22.0260114Z       at log (tests/setup.js:57:11)
2025-04-18T09:15:22.0261947Z 
2025-04-18T09:15:22.0262141Z     console.log
2025-04-18T09:15:22.0262491Z       Database cleared
2025-04-18T09:15:22.0262710Z 
2025-04-18T09:15:22.0262909Z       at log (tests/setup.js:57:11)
2025-04-18T09:15:22.0263204Z 
2025-04-18T09:15:22.0263331Z     console.log
2025-04-18T09:15:22.0263661Z       Database cleared
2025-04-18T09:15:22.0263875Z 
2025-04-18T09:15:22.0264078Z       at log (tests/setup.js:57:11)
2025-04-18T09:15:22.0264361Z 
2025-04-18T09:15:22.0264491Z     console.log
2025-04-18T09:15:22.0264804Z       Database cleared
2025-04-18T09:15:22.0265024Z 
2025-04-18T09:15:22.0265211Z       at log (tests/setup.js:57:11)
2025-04-18T09:15:22.0265490Z 
2025-04-18T09:15:22.0265616Z     console.log
2025-04-18T09:15:22.0265944Z       Database cleared
2025-04-18T09:15:22.0266164Z 
2025-04-18T09:15:22.0266354Z       at log (tests/setup.js:57:11)
2025-04-18T09:15:22.0266641Z 
2025-04-18T09:15:22.0266765Z     console.log
2025-04-18T09:15:22.0267083Z       Database cleared
2025-04-18T09:15:22.0267287Z 
2025-04-18T09:15:22.0267772Z       at log (tests/setup.js:57:11)
2025-04-18T09:15:22.0268049Z 
2025-04-18T09:15:22.0268177Z     console.log
2025-04-18T09:15:22.0268486Z       Database cleared
2025-04-18T09:15:22.0268706Z 
2025-04-18T09:15:22.0268893Z       at log (tests/setup.js:57:11)
2025-04-18T09:15:22.0269173Z 
2025-04-18T09:15:22.0269293Z     console.log
2025-04-18T09:15:22.0269609Z       Database cleared
2025-04-18T09:15:22.0269814Z 
2025-04-18T09:15:22.0270019Z       at log (tests/setup.js:57:11)
2025-04-18T09:15:22.0270294Z 
2025-04-18T09:15:22.0270422Z     console.log
2025-04-18T09:15:22.0270744Z       Database cleared
2025-04-18T09:15:22.0270958Z 
2025-04-18T09:15:22.0271143Z       at log (tests/setup.js:57:11)
2025-04-18T09:15:22.0271416Z 
2025-04-18T09:15:22.0271747Z     console.log
2025-04-18T09:15:22.0272160Z       Disconnected from in-memory MongoDB
2025-04-18T09:15:22.0272478Z 
2025-04-18T09:15:22.0272668Z       at log (tests/setup.js:42:11)
2025-04-18T09:15:22.0272949Z 
2025-04-18T09:15:24.4984781Z PASS tests/integration/controllers/auth.controller.test.js
2025-04-18T09:15:24.5062471Z   ‚óè Console
2025-04-18T09:15:24.5063008Z 
2025-04-18T09:15:24.5067419Z     console.log
2025-04-18T09:15:24.5068273Z       Connected to in-memory MongoDB at mongodb://127.0.0.1:60076/
2025-04-18T09:15:24.5070376Z 
2025-04-18T09:15:24.5071759Z       at log (tests/setup.js:31:11)
2025-04-18T09:15:24.5072077Z 
2025-04-18T09:15:24.5072206Z     console.log
2025-04-18T09:15:24.5072537Z       Database cleared
2025-04-18T09:15:24.5072750Z 
2025-04-18T09:15:24.5072948Z       at log (tests/setup.js:57:11)
2025-04-18T09:15:24.5073225Z 
2025-04-18T09:15:24.5073358Z     console.log
2025-04-18T09:15:24.5073674Z       Database cleared
2025-04-18T09:15:24.5073891Z 
2025-04-18T09:15:24.5074502Z       at log (tests/setup.js:57:11)
2025-04-18T09:15:24.5074816Z 
2025-04-18T09:15:24.5074942Z     console.log
2025-04-18T09:15:24.5075252Z       Database cleared
2025-04-18T09:15:24.5075458Z 
2025-04-18T09:15:24.5075650Z       at log (tests/setup.js:57:11)
2025-04-18T09:15:24.5075942Z 
2025-04-18T09:15:24.5076069Z     console.log
2025-04-18T09:15:24.5076386Z       Database cleared
2025-04-18T09:15:24.5076603Z 
2025-04-18T09:15:24.5076781Z       at log (tests/setup.js:57:11)
2025-04-18T09:15:24.5077048Z 
2025-04-18T09:15:24.5077174Z     console.log
2025-04-18T09:15:24.5077491Z       Database cleared
2025-04-18T09:15:24.5077692Z 
2025-04-18T09:15:24.5077873Z       at log (tests/setup.js:57:11)
2025-04-18T09:15:24.5078163Z 
2025-04-18T09:15:24.5078290Z     console.log
2025-04-18T09:15:24.5078612Z       Database cleared
2025-04-18T09:15:24.5078822Z 
2025-04-18T09:15:24.5079019Z       at log (tests/setup.js:57:11)
2025-04-18T09:15:24.5079295Z 
2025-04-18T09:15:24.5079431Z     console.log
2025-04-18T09:15:24.5079756Z       Database cleared
2025-04-18T09:15:24.5079974Z 
2025-04-18T09:15:24.5080157Z       at log (tests/setup.js:57:11)
2025-04-18T09:15:24.5080434Z 
2025-04-18T09:15:24.5080557Z     console.log
2025-04-18T09:15:24.5080869Z       Database cleared
2025-04-18T09:15:24.5081088Z 
2025-04-18T09:15:24.5081272Z       at log (tests/setup.js:57:11)
2025-04-18T09:15:24.5121862Z 
2025-04-18T09:15:24.5122039Z     console.log
2025-04-18T09:15:24.5122418Z       Database cleared
2025-04-18T09:15:24.5122653Z 
2025-04-18T09:15:24.5122878Z       at log (tests/setup.js:57:11)
2025-04-18T09:15:24.5123183Z 
2025-04-18T09:15:24.5123335Z     console.log
2025-04-18T09:15:24.5123680Z       Database cleared
2025-04-18T09:15:24.5123914Z 
2025-04-18T09:15:24.5124118Z       at log (tests/setup.js:57:11)
2025-04-18T09:15:24.5124420Z 
2025-04-18T09:15:24.5124559Z     console.log
2025-04-18T09:15:24.5124898Z       Database cleared
2025-04-18T09:15:24.5125112Z 
2025-04-18T09:15:24.5125320Z       at log (tests/setup.js:57:11)
2025-04-18T09:15:24.5125609Z 
2025-04-18T09:15:24.5125751Z     console.log
2025-04-18T09:15:24.5126086Z       Database cleared
2025-04-18T09:15:24.5126325Z 
2025-04-18T09:15:24.5126526Z       at log (tests/setup.js:57:11)
2025-04-18T09:15:24.5126810Z 
2025-04-18T09:15:24.5127239Z     console.log
2025-04-18T09:15:24.5127583Z       Database cleared
2025-04-18T09:15:24.5127803Z 
2025-04-18T09:15:24.5127997Z       at log (tests/setup.js:57:11)
2025-04-18T09:15:24.5128291Z 
2025-04-18T09:15:24.5128429Z     console.log
2025-04-18T09:15:24.5128766Z       Database cleared
2025-04-18T09:15:24.5128966Z 
2025-04-18T09:15:24.5129166Z       at log (tests/setup.js:57:11)
2025-04-18T09:15:24.5129447Z 
2025-04-18T09:15:24.5129593Z     console.log
2025-04-18T09:15:24.5129912Z       Database cleared
2025-04-18T09:15:24.5130133Z 
2025-04-18T09:15:24.5130327Z       at log (tests/setup.js:57:11)
2025-04-18T09:15:24.5130614Z 
2025-04-18T09:15:24.5130740Z     console.log
2025-04-18T09:15:24.5131063Z       Database cleared
2025-04-18T09:15:24.5131292Z 
2025-04-18T09:15:24.5131695Z       at log (tests/setup.js:57:11)
2025-04-18T09:15:24.5132008Z 
2025-04-18T09:15:24.5132145Z     console.log
2025-04-18T09:15:24.5132492Z       Database cleared
2025-04-18T09:15:24.5132719Z 
2025-04-18T09:15:24.5132955Z       at log (tests/setup.js:57:11)
2025-04-18T09:15:24.5133258Z 
2025-04-18T09:15:24.5133410Z     console.log
2025-04-18T09:15:24.5133749Z       Database cleared
2025-04-18T09:15:24.5133980Z 
2025-04-18T09:15:24.5134185Z       at log (tests/setup.js:57:11)
2025-04-18T09:15:24.5134498Z 
2025-04-18T09:15:24.5134635Z     console.log
2025-04-18T09:15:24.5134985Z       Database cleared
2025-04-18T09:15:24.5135211Z 
2025-04-18T09:15:24.5135422Z       at log (tests/setup.js:57:11)
2025-04-18T09:15:24.5135718Z 
2025-04-18T09:15:24.5135852Z     console.log
2025-04-18T09:15:24.5136215Z       Database cleared
2025-04-18T09:15:24.5136492Z 
2025-04-18T09:15:24.5136696Z       at log (tests/setup.js:57:11)
2025-04-18T09:15:24.5136992Z 
2025-04-18T09:15:24.5137399Z     console.log
2025-04-18T09:15:24.5137782Z       Database cleared
2025-04-18T09:15:24.5138009Z 
2025-04-18T09:15:24.5138212Z       at log (tests/setup.js:57:11)
2025-04-18T09:15:24.5138507Z 
2025-04-18T09:15:24.5138638Z     console.log
2025-04-18T09:15:24.5138996Z       Database cleared
2025-04-18T09:15:24.5139217Z 
2025-04-18T09:15:24.5139421Z       at log (tests/setup.js:57:11)
2025-04-18T09:15:24.5139707Z 
2025-04-18T09:15:24.5139854Z     console.log
2025-04-18T09:15:24.5140179Z       Database cleared
2025-04-18T09:15:24.5140403Z 
2025-04-18T09:15:24.5140589Z       at log (tests/setup.js:57:11)
2025-04-18T09:15:24.5140866Z 
2025-04-18T09:15:24.5141001Z     console.log
2025-04-18T09:15:24.5141324Z       Database cleared
2025-04-18T09:15:24.5161832Z 
2025-04-18T09:15:24.5162080Z       at log (tests/setup.js:57:11)
2025-04-18T09:15:24.5162419Z 
2025-04-18T09:15:24.5162571Z     console.log
2025-04-18T09:15:24.5162928Z       Database cleared
2025-04-18T09:15:24.5163168Z 
2025-04-18T09:15:24.5163396Z       at log (tests/setup.js:57:11)
2025-04-18T09:15:24.5163687Z 
2025-04-18T09:15:24.5163828Z     console.log
2025-04-18T09:15:24.5164141Z       Database cleared
2025-04-18T09:15:24.5164374Z 
2025-04-18T09:15:24.5164573Z       at log (tests/setup.js:57:11)
2025-04-18T09:15:24.5164934Z 
2025-04-18T09:15:24.5165067Z     console.log
2025-04-18T09:15:24.5165397Z       Database cleared
2025-04-18T09:15:24.5165614Z 
2025-04-18T09:15:24.5165830Z       at log (tests/setup.js:57:11)
2025-04-18T09:15:24.5166123Z 
2025-04-18T09:15:24.5166255Z     console.log
2025-04-18T09:15:24.5166594Z       Database cleared
2025-04-18T09:15:24.5166817Z 
2025-04-18T09:15:24.5167021Z       at log (tests/setup.js:57:11)
2025-04-18T09:15:24.5167306Z 
2025-04-18T09:15:24.5167449Z     console.log
2025-04-18T09:15:24.5167786Z       Database cleared
2025-04-18T09:15:24.5168009Z 
2025-04-18T09:15:24.5168205Z       at log (tests/setup.js:57:11)
2025-04-18T09:15:24.5168497Z 
2025-04-18T09:15:24.5168636Z     console.log
2025-04-18T09:15:24.5169072Z       Disconnected from in-memory MongoDB
2025-04-18T09:15:24.5169398Z 
2025-04-18T09:15:24.5169613Z       at log (tests/setup.js:42:11)
2025-04-18T09:15:24.5169901Z 
2025-04-18T09:15:28.3257536Z PASS tests/unit/models/user.model.test.js
2025-04-18T09:15:28.3360030Z   ‚óè Console
2025-04-18T09:15:28.3360232Z 
2025-04-18T09:15:28.3360378Z     console.log
2025-04-18T09:15:28.3360963Z       Connected to in-memory MongoDB at mongodb://127.0.0.1:25724/
2025-04-18T09:15:28.3361413Z 
2025-04-18T09:15:28.3361820Z       at log (tests/setup.js:31:11)
2025-04-18T09:15:28.3362102Z 
2025-04-18T09:15:28.3362238Z     console.log
2025-04-18T09:15:28.3362578Z       Database cleared
2025-04-18T09:15:28.3362787Z 
2025-04-18T09:15:28.3362977Z       at log (tests/setup.js:57:11)
2025-04-18T09:15:28.3363259Z 
2025-04-18T09:15:28.3363381Z     console.log
2025-04-18T09:15:28.3363696Z       Database cleared
2025-04-18T09:15:28.3363899Z 
2025-04-18T09:15:28.3364079Z       at log (tests/setup.js:57:11)
2025-04-18T09:15:28.3364347Z 
2025-04-18T09:15:28.3364517Z     console.log
2025-04-18T09:15:28.3364838Z       Database cleared
2025-04-18T09:15:28.3365055Z 
2025-04-18T09:15:28.3365246Z       at log (tests/setup.js:57:11)
2025-04-18T09:15:28.3365540Z 
2025-04-18T09:15:28.3365669Z     console.log
2025-04-18T09:15:28.3365997Z       Database cleared
2025-04-18T09:15:28.3366200Z 
2025-04-18T09:15:28.3366391Z       at log (tests/setup.js:57:11)
2025-04-18T09:15:28.3366672Z 
2025-04-18T09:15:28.3366801Z     console.log
2025-04-18T09:15:28.3367124Z       Database cleared
2025-04-18T09:15:28.3367617Z 
2025-04-18T09:15:28.3367832Z       at log (tests/setup.js:57:11)
2025-04-18T09:15:28.3368162Z 
2025-04-18T09:15:28.3412179Z     console.log
2025-04-18T09:15:28.3412552Z       Database cleared
2025-04-18T09:15:28.3412781Z 
2025-04-18T09:15:28.3412988Z       at log (tests/setup.js:57:11)
2025-04-18T09:15:28.3413287Z 
2025-04-18T09:15:28.3413417Z     console.log
2025-04-18T09:15:28.3413747Z       Database cleared
2025-04-18T09:15:28.3413970Z 
2025-04-18T09:15:28.3414420Z       at log (tests/setup.js:57:11)
2025-04-18T09:15:28.3414703Z 
2025-04-18T09:15:28.3414834Z     console.log
2025-04-18T09:15:28.3415133Z       Database cleared
2025-04-18T09:15:28.3415351Z 
2025-04-18T09:15:28.3415553Z       at log (tests/setup.js:57:11)
2025-04-18T09:15:28.3415854Z 
2025-04-18T09:15:28.3415986Z     console.log
2025-04-18T09:15:28.3416313Z       Database cleared
2025-04-18T09:15:28.3416522Z 
2025-04-18T09:15:28.3416714Z       at log (tests/setup.js:57:11)
2025-04-18T09:15:28.3416987Z 
2025-04-18T09:15:28.3417109Z     console.log
2025-04-18T09:15:28.3417421Z       Database cleared
2025-04-18T09:15:28.3417632Z 
2025-04-18T09:15:28.3417810Z       at log (tests/setup.js:57:11)
2025-04-18T09:15:28.3418071Z 
2025-04-18T09:15:28.3418200Z     console.log
2025-04-18T09:15:28.3418509Z       Database cleared
2025-04-18T09:15:28.3418715Z 
2025-04-18T09:15:28.3418907Z       at log (tests/setup.js:57:11)
2025-04-18T09:15:28.3419190Z 
2025-04-18T09:15:28.3419313Z     console.log
2025-04-18T09:15:28.3419638Z       Database cleared
2025-04-18T09:15:28.3419845Z 
2025-04-18T09:15:28.3420035Z       at log (tests/setup.js:57:11)
2025-04-18T09:15:28.3420302Z 
2025-04-18T09:15:28.3420429Z     console.log
2025-04-18T09:15:28.3420727Z       Database cleared
2025-04-18T09:15:28.3420954Z 
2025-04-18T09:15:28.3421149Z       at log (tests/setup.js:57:11)
2025-04-18T09:15:28.3421430Z 
2025-04-18T09:15:28.3421762Z     console.log
2025-04-18T09:15:28.3422098Z       Database cleared
2025-04-18T09:15:28.3422316Z 
2025-04-18T09:15:28.3422518Z       at log (tests/setup.js:57:11)
2025-04-18T09:15:28.3422789Z 
2025-04-18T09:15:28.3422911Z     console.log
2025-04-18T09:15:28.3423227Z       Database cleared
2025-04-18T09:15:28.3423456Z 
2025-04-18T09:15:28.3423635Z       at log (tests/setup.js:57:11)
2025-04-18T09:15:28.3424159Z 
2025-04-18T09:15:28.3424308Z     console.log
2025-04-18T09:15:28.3424748Z       Database cleared
2025-04-18T09:15:28.3425071Z 
2025-04-18T09:15:28.3425441Z       at log (tests/setup.js:57:11)
2025-04-18T09:15:28.3425742Z 
2025-04-18T09:15:28.3425872Z     console.log
2025-04-18T09:15:28.3426187Z       Database cleared
2025-04-18T09:15:28.3426552Z 
2025-04-18T09:15:28.3426911Z       at log (tests/setup.js:57:11)
2025-04-18T09:15:28.3427194Z 
2025-04-18T09:15:28.3427594Z     console.log
2025-04-18T09:15:28.3427927Z       Database cleared
2025-04-18T09:15:28.3428309Z 
2025-04-18T09:15:28.3428502Z       at log (tests/setup.js:57:11)
2025-04-18T09:15:28.3428903Z 
2025-04-18T09:15:28.3433983Z     console.log
2025-04-18T09:15:28.3434521Z       Database cleared
2025-04-18T09:15:28.3434872Z 
2025-04-18T09:15:28.3435135Z       at log (tests/setup.js:57:11)
2025-04-18T09:15:28.3435492Z 
2025-04-18T09:15:28.3453486Z     console.log
2025-04-18T09:15:28.3459357Z       Database cleared
2025-04-18T09:15:28.3459754Z 
2025-04-18T09:15:28.3460078Z       at log (tests/setup.js:57:11)
2025-04-18T09:15:28.3460516Z 
2025-04-18T09:15:28.3460814Z     console.log
2025-04-18T09:15:28.3461168Z       Database cleared
2025-04-18T09:15:28.3461391Z 
2025-04-18T09:15:28.3461855Z       at log (tests/setup.js:57:11)
2025-04-18T09:15:28.3462148Z 
2025-04-18T09:15:28.3462274Z     console.log
2025-04-18T09:15:28.3462609Z       Database cleared
2025-04-18T09:15:28.3462838Z 
2025-04-18T09:15:28.3463075Z       at log (tests/setup.js:57:11)
2025-04-18T09:15:28.3463352Z 
2025-04-18T09:15:28.3463498Z     console.log
2025-04-18T09:15:28.3463830Z       Database cleared
2025-04-18T09:15:28.3464060Z 
2025-04-18T09:15:28.3464259Z       at log (tests/setup.js:57:11)
2025-04-18T09:15:28.3464557Z 
2025-04-18T09:15:28.3464695Z     console.log
2025-04-18T09:15:28.3465050Z       Database cleared
2025-04-18T09:15:28.3465265Z 
2025-04-18T09:15:28.3465467Z       at log (tests/setup.js:57:11)
2025-04-18T09:15:28.3465754Z 
2025-04-18T09:15:28.3465892Z     console.log
2025-04-18T09:15:28.3466227Z       Database cleared
2025-04-18T09:15:28.3466452Z 
2025-04-18T09:15:28.3466653Z       at log (tests/setup.js:57:11)
2025-04-18T09:15:28.3466922Z 
2025-04-18T09:15:28.3467301Z     console.log
2025-04-18T09:15:28.3467660Z       Database cleared
2025-04-18T09:15:28.3467880Z 
2025-04-18T09:15:28.3468082Z       at log (tests/setup.js:57:11)
2025-04-18T09:15:28.3468380Z 
2025-04-18T09:15:28.3468504Z     console.log
2025-04-18T09:15:28.3468849Z       Database cleared
2025-04-18T09:15:28.3469068Z 
2025-04-18T09:15:28.3469269Z       at log (tests/setup.js:57:11)
2025-04-18T09:15:28.3469553Z 
2025-04-18T09:15:28.3469692Z     console.log
2025-04-18T09:15:28.3470091Z       Disconnected from in-memory MongoDB
2025-04-18T09:15:28.3470414Z 
2025-04-18T09:15:28.3470610Z       at log (tests/setup.js:42:11)
2025-04-18T09:15:28.3470903Z 
2025-04-18T09:15:29.8813650Z PASS tests/unit/models/wallet.model.test.js
2025-04-18T09:15:29.8882679Z   ‚óè Console
2025-04-18T09:15:29.8883060Z 
2025-04-18T09:15:29.8932354Z     console.log
2025-04-18T09:15:29.8933203Z       Connected to in-memory MongoDB at mongodb://127.0.0.1:27145/
2025-04-18T09:15:29.8933859Z 
2025-04-18T09:15:29.8934185Z       at log (tests/setup.js:31:11)
2025-04-18T09:15:29.8934485Z 
2025-04-18T09:15:29.8934628Z     console.log
2025-04-18T09:15:29.8935148Z       Database cleared
2025-04-18T09:15:29.8935486Z 
2025-04-18T09:15:29.8939649Z       at log (tests/setup.js:57:11)
2025-04-18T09:15:29.8965672Z 
2025-04-18T09:15:29.8965880Z     console.log
2025-04-18T09:15:29.8966234Z       Database cleared
2025-04-18T09:15:29.8966606Z 
2025-04-18T09:15:29.9048563Z       at log (tests/setup.js:57:11)
2025-04-18T09:15:29.9049180Z 
2025-04-18T09:15:29.9049497Z     console.log
2025-04-18T09:15:29.9049945Z       Database cleared
2025-04-18T09:15:29.9050179Z 
2025-04-18T09:15:29.9050485Z       at log (tests/setup.js:57:11)
2025-04-18T09:15:29.9050886Z 
2025-04-18T09:15:29.9051197Z     console.log
2025-04-18T09:15:29.9051696Z       Database cleared
2025-04-18T09:15:29.9051923Z 
2025-04-18T09:15:29.9052117Z       at log (tests/setup.js:57:11)
2025-04-18T09:15:29.9052392Z 
2025-04-18T09:15:29.9052518Z     console.log
2025-04-18T09:15:29.9052817Z       Database cleared
2025-04-18T09:15:29.9053049Z 
2025-04-18T09:15:29.9053230Z       at log (tests/setup.js:57:11)
2025-04-18T09:15:29.9053508Z 
2025-04-18T09:15:29.9053628Z     console.log
2025-04-18T09:15:29.9053950Z       Database cleared
2025-04-18T09:15:29.9054602Z 
2025-04-18T09:15:29.9054962Z       at log (tests/setup.js:57:11)
2025-04-18T09:15:29.9055327Z 
2025-04-18T09:15:29.9055710Z     console.log
2025-04-18T09:15:29.9056025Z       Database cleared
2025-04-18T09:15:29.9056230Z 
2025-04-18T09:15:29.9056418Z       at log (tests/setup.js:57:11)
2025-04-18T09:15:29.9056691Z 
2025-04-18T09:15:29.9056811Z     console.log
2025-04-18T09:15:29.9057127Z       Database cleared
2025-04-18T09:15:29.9057333Z 
2025-04-18T09:15:29.9057510Z       at log (tests/setup.js:57:11)
2025-04-18T09:15:29.9057777Z 
2025-04-18T09:15:29.9058041Z     console.log
2025-04-18T09:15:29.9058449Z       Database cleared
2025-04-18T09:15:29.9058745Z 
2025-04-18T09:15:29.9059079Z       at log (tests/setup.js:57:11)
2025-04-18T09:15:29.9059369Z 
2025-04-18T09:15:29.9059500Z     console.log
2025-04-18T09:15:29.9059801Z       Database cleared
2025-04-18T09:15:29.9059999Z 
2025-04-18T09:15:29.9060178Z       at log (tests/setup.js:57:11)
2025-04-18T09:15:29.9060441Z 
2025-04-18T09:15:29.9060564Z     console.log
2025-04-18T09:15:29.9060872Z       Database cleared
2025-04-18T09:15:29.9061080Z 
2025-04-18T09:15:29.9061255Z       at log (tests/setup.js:57:11)
2025-04-18T09:15:29.9061699Z 
2025-04-18T09:15:29.9061824Z     console.log
2025-04-18T09:15:29.9062133Z       Database cleared
2025-04-18T09:15:29.9062340Z 
2025-04-18T09:15:29.9062531Z       at log (tests/setup.js:57:11)
2025-04-18T09:15:29.9062801Z 
2025-04-18T09:15:29.9062922Z     console.log
2025-04-18T09:15:29.9063233Z       Database cleared
2025-04-18T09:15:29.9063445Z 
2025-04-18T09:15:29.9063623Z       at log (tests/setup.js:57:11)
2025-04-18T09:15:29.9063888Z 
2025-04-18T09:15:29.9064024Z     console.log
2025-04-18T09:15:29.9064327Z       Database cleared
2025-04-18T09:15:29.9064540Z 
2025-04-18T09:15:29.9065004Z       at log (tests/setup.js:57:11)
2025-04-18T09:15:29.9065295Z 
2025-04-18T09:15:29.9065421Z     console.log
2025-04-18T09:15:29.9065725Z       Database cleared
2025-04-18T09:15:29.9065921Z 
2025-04-18T09:15:29.9066104Z       at log (tests/setup.js:57:11)
2025-04-18T09:15:29.9066379Z 
2025-04-18T09:15:29.9066501Z     console.log
2025-04-18T09:15:29.9066814Z       Database cleared
2025-04-18T09:15:29.9067024Z 
2025-04-18T09:15:29.9067205Z       at log (tests/setup.js:57:11)
2025-04-18T09:15:29.9067468Z 
2025-04-18T09:15:29.9067595Z     console.log
2025-04-18T09:15:29.9067898Z       Database cleared
2025-04-18T09:15:29.9068101Z 
2025-04-18T09:15:29.9068283Z       at log (tests/setup.js:57:11)
2025-04-18T09:15:29.9068558Z 
2025-04-18T09:15:29.9068681Z     console.log
2025-04-18T09:15:29.9069001Z       Database cleared
2025-04-18T09:15:29.9069215Z 
2025-04-18T09:15:29.9069414Z       at log (tests/setup.js:57:11)
2025-04-18T09:15:29.9069681Z 
2025-04-18T09:15:29.9069805Z     console.log
2025-04-18T09:15:29.9070188Z       Disconnected from in-memory MongoDB
2025-04-18T09:15:29.9070506Z 
2025-04-18T09:15:29.9070697Z       at log (tests/setup.js:42:11)
2025-04-18T09:15:29.9070989Z 
2025-04-18T09:15:37.3325861Z PASS tests/unit/models/chat-room.model.test.js (7.442 s)
2025-04-18T09:15:37.3358007Z   ‚óè Console
2025-04-18T09:15:37.3358721Z 
2025-04-18T09:15:37.3360271Z     console.log
2025-04-18T09:15:37.3361187Z       Connected to in-memory MongoDB at mongodb://127.0.0.1:33633/
2025-04-18T09:15:37.3363444Z 
2025-04-18T09:15:37.3365321Z       at log (tests/setup.js:31:11)
2025-04-18T09:15:37.3367700Z 
2025-04-18T09:15:37.3367848Z     console.log
2025-04-18T09:15:37.3368191Z       Database cleared
2025-04-18T09:15:37.3368404Z 
2025-04-18T09:15:37.3368604Z       at log (tests/setup.js:57:11)
2025-04-18T09:15:37.3368879Z 
2025-04-18T09:15:37.3369011Z     console.log
2025-04-18T09:15:37.3369322Z       Database cleared
2025-04-18T09:15:37.3369544Z 
2025-04-18T09:15:37.3369736Z       at log (tests/setup.js:57:11)
2025-04-18T09:15:37.3370035Z 
2025-04-18T09:15:37.3370157Z     console.log
2025-04-18T09:15:37.3370474Z       Database cleared
2025-04-18T09:15:37.3370681Z 
2025-04-18T09:15:37.3370881Z       at log (tests/setup.js:57:11)
2025-04-18T09:15:37.3371172Z 
2025-04-18T09:15:37.3371922Z     console.log
2025-04-18T09:15:37.3372267Z       Database cleared
2025-04-18T09:15:37.3372495Z 
2025-04-18T09:15:37.3372696Z       at log (tests/setup.js:57:11)
2025-04-18T09:15:37.3372989Z 
2025-04-18T09:15:37.3373130Z     console.log
2025-04-18T09:15:37.3373459Z       Database cleared
2025-04-18T09:15:37.3373676Z 
2025-04-18T09:15:37.3373873Z       at log (tests/setup.js:57:11)
2025-04-18T09:15:37.3374155Z 
2025-04-18T09:15:37.3374283Z     console.log
2025-04-18T09:15:37.3374609Z       Database cleared
2025-04-18T09:15:37.3374833Z 
2025-04-18T09:15:37.3375031Z       at log (tests/setup.js:57:11)
2025-04-18T09:15:37.3375307Z 
2025-04-18T09:15:37.3375437Z     console.log
2025-04-18T09:15:37.3375738Z       Database cleared
2025-04-18T09:15:37.3375973Z 
2025-04-18T09:15:37.3376162Z       at log (tests/setup.js:57:11)
2025-04-18T09:15:37.3376449Z 
2025-04-18T09:15:37.3376568Z     console.log
2025-04-18T09:15:37.3376869Z       Database cleared
2025-04-18T09:15:37.3377070Z 
2025-04-18T09:15:37.3377267Z       at log (tests/setup.js:57:11)
2025-04-18T09:15:37.3377555Z 
2025-04-18T09:15:37.3377680Z     console.log
2025-04-18T09:15:37.3378006Z       Database cleared
2025-04-18T09:15:37.3378210Z 
2025-04-18T09:15:37.3378402Z       at log (tests/setup.js:57:11)
2025-04-18T09:15:37.3378673Z 
2025-04-18T09:15:37.3378803Z     console.log
2025-04-18T09:15:37.3379100Z       Database cleared
2025-04-18T09:15:37.3379314Z 
2025-04-18T09:15:37.3379498Z       at log (tests/setup.js:57:11)
2025-04-18T09:15:37.3379779Z 
2025-04-18T09:15:37.3379904Z     console.log
2025-04-18T09:15:37.3380221Z       Database cleared
2025-04-18T09:15:37.3380429Z 
2025-04-18T09:15:37.3380626Z       at log (tests/setup.js:57:11)
2025-04-18T09:15:37.3380895Z 
2025-04-18T09:15:37.3381268Z     console.log
2025-04-18T09:15:37.3381817Z       Database cleared
2025-04-18T09:15:37.3382034Z 
2025-04-18T09:15:37.3382224Z       at log (tests/setup.js:57:11)
2025-04-18T09:15:37.3382495Z 
2025-04-18T09:15:37.3382624Z     console.log
2025-04-18T09:15:37.3382920Z       Database cleared
2025-04-18T09:15:37.3383123Z 
2025-04-18T09:15:37.3383303Z       at log (tests/setup.js:57:11)
2025-04-18T09:15:37.3383599Z 
2025-04-18T09:15:37.3383727Z     console.log
2025-04-18T09:15:37.3384045Z       Database cleared
2025-04-18T09:15:37.3384250Z 
2025-04-18T09:15:37.3384441Z       at log (tests/setup.js:57:11)
2025-04-18T09:15:37.3384714Z 
2025-04-18T09:15:37.3384844Z     console.log
2025-04-18T09:15:37.3385147Z       Database cleared
2025-04-18T09:15:37.3385359Z 
2025-04-18T09:15:37.3385537Z       at log (tests/setup.js:57:11)
2025-04-18T09:15:37.3385812Z 
2025-04-18T09:15:37.3385935Z     console.log
2025-04-18T09:15:37.3386244Z       Database cleared
2025-04-18T09:15:37.3386448Z 
2025-04-18T09:15:37.3386636Z       at log (tests/setup.js:57:11)
2025-04-18T09:15:37.3386916Z 
2025-04-18T09:15:37.3387039Z     console.log
2025-04-18T09:15:37.3387344Z       Database cleared
2025-04-18T09:15:37.3387545Z 
2025-04-18T09:15:37.3387733Z       at log (tests/setup.js:57:11)
2025-04-18T09:15:37.3388002Z 
2025-04-18T09:15:37.3388130Z     console.log
2025-04-18T09:15:37.3388431Z       Database cleared
2025-04-18T09:15:37.3388637Z 
2025-04-18T09:15:37.3388817Z       at log (tests/setup.js:57:11)
2025-04-18T09:15:37.3389095Z 
2025-04-18T09:15:37.3389217Z     console.log
2025-04-18T09:15:37.3389528Z       Database cleared
2025-04-18T09:15:37.3389740Z 
2025-04-18T09:15:37.3389941Z       at log (tests/setup.js:57:11)
2025-04-18T09:15:37.3390219Z 
2025-04-18T09:15:37.3390349Z     console.log
2025-04-18T09:15:37.3390744Z       Disconnected from in-memory MongoDB
2025-04-18T09:15:37.3391058Z 
2025-04-18T09:15:37.3391242Z       at log (tests/setup.js:42:11)
2025-04-18T09:15:37.3391728Z 
2025-04-18T09:15:41.9314744Z PASS tests/unit/models/chat-message.model.test.js
2025-04-18T09:15:41.9349818Z   ‚óè Console
2025-04-18T09:15:41.9350033Z 
2025-04-18T09:15:41.9350171Z     console.log
2025-04-18T09:15:41.9350743Z       Connected to in-memory MongoDB at mongodb://127.0.0.1:56869/
2025-04-18T09:15:41.9351802Z 
2025-04-18T09:15:41.9352020Z       at log (tests/setup.js:31:11)
2025-04-18T09:15:41.9352325Z 
2025-04-18T09:15:41.9352462Z     console.log
2025-04-18T09:15:41.9352804Z       Database cleared
2025-04-18T09:15:41.9353017Z 
2025-04-18T09:15:41.9353203Z       at log (tests/setup.js:57:11)
2025-04-18T09:15:41.9353479Z 
2025-04-18T09:15:41.9353623Z     console.log
2025-04-18T09:15:41.9353960Z       Database cleared
2025-04-18T09:15:41.9354172Z 
2025-04-18T09:15:41.9354368Z       at log (tests/setup.js:57:11)
2025-04-18T09:15:41.9354634Z 
2025-04-18T09:15:41.9354758Z     console.log
2025-04-18T09:15:41.9355080Z       Database cleared
2025-04-18T09:15:41.9355295Z 
2025-04-18T09:15:41.9355512Z       at log (tests/setup.js:57:11)
2025-04-18T09:15:41.9355798Z 
2025-04-18T09:15:41.9355964Z     console.log
2025-04-18T09:15:41.9356327Z       Database cleared
2025-04-18T09:15:41.9356549Z 
2025-04-18T09:15:41.9356755Z       at log (tests/setup.js:57:11)
2025-04-18T09:15:41.9357038Z 
2025-04-18T09:15:41.9357175Z     console.log
2025-04-18T09:15:41.9357503Z       Database cleared
2025-04-18T09:15:41.9357713Z 
2025-04-18T09:15:41.9357903Z       at log (tests/setup.js:57:11)
2025-04-18T09:15:41.9358181Z 
2025-04-18T09:15:41.9358318Z     console.log
2025-04-18T09:15:41.9358638Z       Database cleared
2025-04-18T09:15:41.9358850Z 
2025-04-18T09:15:41.9359035Z       at log (tests/setup.js:57:11)
2025-04-18T09:15:41.9359317Z 
2025-04-18T09:15:41.9359442Z     console.log
2025-04-18T09:15:41.9359753Z       Database cleared
2025-04-18T09:15:41.9359963Z 
2025-04-18T09:15:41.9360157Z       at log (tests/setup.js:57:11)
2025-04-18T09:15:41.9360430Z 
2025-04-18T09:15:41.9360560Z     console.log
2025-04-18T09:15:41.9360864Z       Database cleared
2025-04-18T09:15:41.9361085Z 
2025-04-18T09:15:41.9364168Z       at log (tests/setup.js:57:11)
2025-04-18T09:15:41.9364546Z 
2025-04-18T09:15:41.9364695Z     console.log
2025-04-18T09:15:41.9365045Z       Database cleared
2025-04-18T09:15:41.9365271Z 
2025-04-18T09:15:41.9365469Z       at log (tests/setup.js:57:11)
2025-04-18T09:15:41.9365783Z 
2025-04-18T09:15:41.9365916Z     console.log
2025-04-18T09:15:41.9366244Z       Database cleared
2025-04-18T09:15:41.9366457Z 
2025-04-18T09:15:41.9366658Z       at log (tests/setup.js:57:11)
2025-04-18T09:15:41.9366932Z 
2025-04-18T09:15:41.9367070Z     console.log
2025-04-18T09:15:41.9367376Z       Database cleared
2025-04-18T09:15:41.9367592Z 
2025-04-18T09:15:41.9367779Z       at log (tests/setup.js:57:11)
2025-04-18T09:15:41.9368060Z 
2025-04-18T09:15:41.9368181Z     console.log
2025-04-18T09:15:41.9368486Z       Database cleared
2025-04-18T09:15:41.9368693Z 
2025-04-18T09:15:41.9368883Z       at log (tests/setup.js:57:11)
2025-04-18T09:15:41.9369153Z 
2025-04-18T09:15:41.9369272Z     console.log
2025-04-18T09:15:41.9369648Z       Database cleared
2025-04-18T09:15:41.9369871Z 
2025-04-18T09:15:41.9370056Z       at log (tests/setup.js:57:11)
2025-04-18T09:15:41.9370327Z 
2025-04-18T09:15:41.9370455Z     console.log
2025-04-18T09:15:41.9370770Z       Database cleared
2025-04-18T09:15:41.9370981Z 
2025-04-18T09:15:41.9371166Z       at log (tests/setup.js:57:11)
2025-04-18T09:15:41.9371691Z 
2025-04-18T09:15:41.9371824Z     console.log
2025-04-18T09:15:41.9372131Z       Database cleared
2025-04-18T09:15:41.9372334Z 
2025-04-18T09:15:41.9372524Z       at log (tests/setup.js:57:11)
2025-04-18T09:15:41.9372793Z 
2025-04-18T09:15:41.9372921Z     console.log
2025-04-18T09:15:41.9373226Z       Database cleared
2025-04-18T09:15:41.9373436Z 
2025-04-18T09:15:41.9373622Z       at log (tests/setup.js:57:11)
2025-04-18T09:15:41.9373906Z 
2025-04-18T09:15:41.9374033Z     console.log
2025-04-18T09:15:41.9374341Z       Database cleared
2025-04-18T09:15:41.9374544Z 
2025-04-18T09:15:41.9374730Z       at log (tests/setup.js:57:11)
2025-04-18T09:15:41.9375002Z 
2025-04-18T09:15:41.9375132Z     console.log
2025-04-18T09:15:41.9375631Z       Disconnected from in-memory MongoDB
2025-04-18T09:15:41.9375955Z 
2025-04-18T09:15:41.9376161Z       at log (tests/setup.js:42:11)
2025-04-18T09:15:41.9376696Z 
2025-04-18T09:15:43.0915121Z PASS tests/unit/models/paymentMethod.model.test.js
2025-04-18T09:15:43.0947525Z   ‚óè Console
2025-04-18T09:15:43.0947910Z 
2025-04-18T09:15:43.0948142Z     console.log
2025-04-18T09:15:43.0952310Z       Connected to in-memory MongoDB at mongodb://127.0.0.1:47821/
2025-04-18T09:15:43.0952991Z 
2025-04-18T09:15:43.0953295Z       at log (tests/setup.js:31:11)
2025-04-18T09:15:43.0953695Z 
2025-04-18T09:15:43.0953913Z     console.log
2025-04-18T09:15:43.0954334Z       Database cleared
2025-04-18T09:15:43.0954852Z 
2025-04-18T09:15:43.0955195Z       at log (tests/setup.js:57:11)
2025-04-18T09:15:43.0955690Z 
2025-04-18T09:15:43.0955987Z     console.log
2025-04-18T09:15:43.0957243Z       Database cleared
2025-04-18T09:15:43.0957519Z 
2025-04-18T09:15:43.0957728Z       at log (tests/setup.js:57:11)
2025-04-18T09:15:43.0958026Z 
2025-04-18T09:15:43.0958166Z     console.log
2025-04-18T09:15:43.0958502Z       Database cleared
2025-04-18T09:15:43.0958733Z 
2025-04-18T09:15:43.0958953Z       at log (tests/setup.js:57:11)
2025-04-18T09:15:43.0959240Z 
2025-04-18T09:15:43.0959366Z     console.log
2025-04-18T09:15:43.0959686Z       Database cleared
2025-04-18T09:15:43.0959900Z 
2025-04-18T09:15:43.0960098Z       at log (tests/setup.js:57:11)
2025-04-18T09:15:43.0960379Z 
2025-04-18T09:15:43.0960505Z     console.log
2025-04-18T09:15:43.0960824Z       Database cleared
2025-04-18T09:15:43.0961043Z 
2025-04-18T09:15:43.0961237Z       at log (tests/setup.js:57:11)
2025-04-18T09:15:43.0961769Z 
2025-04-18T09:15:43.0961917Z     console.log
2025-04-18T09:15:43.0962238Z       Database cleared
2025-04-18T09:15:43.0962454Z 
2025-04-18T09:15:43.0962649Z       at log (tests/setup.js:57:11)
2025-04-18T09:15:43.0962938Z 
2025-04-18T09:15:43.0963337Z     console.log
2025-04-18T09:15:43.0963681Z       Database cleared
2025-04-18T09:15:43.0963895Z 
2025-04-18T09:15:43.0964092Z       at log (tests/setup.js:57:11)
2025-04-18T09:15:43.0964370Z 
2025-04-18T09:15:43.0964501Z     console.log
2025-04-18T09:15:43.0964821Z       Database cleared
2025-04-18T09:15:43.0965036Z 
2025-04-18T09:15:43.0965219Z       at log (tests/setup.js:57:11)
2025-04-18T09:15:43.0965494Z 
2025-04-18T09:15:43.0965614Z     console.log
2025-04-18T09:15:43.0965936Z       Database cleared
2025-04-18T09:15:43.0966150Z 
2025-04-18T09:15:43.0966341Z       at log (tests/setup.js:57:11)
2025-04-18T09:15:43.0966631Z 
2025-04-18T09:15:43.0966755Z     console.log
2025-04-18T09:15:43.0967072Z       Database cleared
2025-04-18T09:15:43.0967281Z 
2025-04-18T09:15:43.0967473Z       at log (tests/setup.js:57:11)
2025-04-18T09:15:43.0967738Z 
2025-04-18T09:15:43.0967870Z     console.log
2025-04-18T09:15:43.0968257Z       Disconnected from in-memory MongoDB
2025-04-18T09:15:43.0968571Z 
2025-04-18T09:15:43.0968763Z       at log (tests/setup.js:42:11)
2025-04-18T09:15:43.0969043Z 
2025-04-18T09:15:43.4017210Z PASS tests/unit/services/auth.service.test.js
2025-04-18T09:15:43.9315891Z PASS tests/unit/middleware/auth.middleware.test.js
2025-04-18T09:15:44.1378630Z PASS services/auth.service.test.js
2025-04-18T09:15:44.4809080Z PASS tests/performance/api.performance.test.js
2025-04-18T09:15:44.4834883Z   ‚óè Console
2025-04-18T09:15:44.4838297Z 
2025-04-18T09:15:44.4838477Z     console.log
2025-04-18T09:15:44.4839099Z       Connected to in-memory MongoDB at mongodb://127.0.0.1:10601/
2025-04-18T09:15:44.4840776Z 
2025-04-18T09:15:44.4842355Z       at log (tests/setup.js:31:11)
2025-04-18T09:15:44.4843702Z 
2025-04-18T09:15:44.4844865Z     console.log
2025-04-18T09:15:44.4846369Z       Database cleared
2025-04-18T09:15:44.4847792Z 
2025-04-18T09:15:44.4849162Z       at log (tests/setup.js:57:11)
2025-04-18T09:15:44.4850627Z 
2025-04-18T09:15:44.4852063Z     console.log
2025-04-18T09:15:44.4853585Z       Database cleared
2025-04-18T09:15:44.4854845Z 
2025-04-18T09:15:44.4856133Z       at log (tests/setup.js:57:11)
2025-04-18T09:15:44.4857530Z 
2025-04-18T09:15:44.4858742Z     console.log
2025-04-18T09:15:44.4860180Z       Database cleared
2025-04-18T09:15:44.4860952Z 
2025-04-18T09:15:44.4861314Z       at log (tests/setup.js:57:11)
2025-04-18T09:15:44.4861988Z 
2025-04-18T09:15:44.4862232Z     console.log
2025-04-18T09:15:44.4862762Z       Database cleared
2025-04-18T09:15:44.4863120Z 
2025-04-18T09:15:44.4863471Z       at log (tests/setup.js:57:11)
2025-04-18T09:15:44.4863854Z 
2025-04-18T09:15:44.4864150Z     console.log
2025-04-18T09:15:44.4865514Z       Disconnected from in-memory MongoDB
2025-04-18T09:15:44.4865842Z 
2025-04-18T09:15:44.4866044Z       at log (tests/setup.js:42:11)
2025-04-18T09:15:44.4866339Z 
2025-04-18T09:15:44.6318203Z PASS tests/unit/middleware/security.test.js
2025-04-18T09:15:44.6335905Z   ‚óè Console
2025-04-18T09:15:44.6336431Z 
2025-04-18T09:15:44.6337506Z     console.log
2025-04-18T09:15:44.6338727Z       2025-04-18 09:15:44 [[32minfo[39m]: CSP configured in report-only mode {
2025-04-18T09:15:44.6339790Z         "service": "date-night-api"
2025-04-18T09:15:44.6340624Z       }
2025-04-18T09:15:44.6343527Z 
2025-04-18T09:15:44.6344045Z       at Console.log (../node_modules/winston/lib/winston/transports/console.js:87:23)
2025-04-18T09:15:44.6344592Z 
2025-04-18T09:15:44.6344741Z     console.log
2025-04-18T09:15:44.6345484Z       2025-04-18 09:15:44 [[32minfo[39m]: CSP configured in enforce mode {
2025-04-18T09:15:44.6346097Z         "service": "date-night-api"
2025-04-18T09:15:44.6346532Z       }
2025-04-18T09:15:44.6346713Z 
2025-04-18T09:15:44.6347176Z       at Console.log (../node_modules/winston/lib/winston/transports/console.js:87:23)
2025-04-18T09:15:44.6347730Z 
2025-04-18T09:15:44.6353479Z 
2025-04-18T09:15:44.6363192Z Test Suites: 13 passed, 13 total
2025-04-18T09:15:44.6364314Z Tests:       1 skipped, 233 passed, 234 total
2025-04-18T09:15:44.6366129Z Snapshots:   0 total
2025-04-18T09:15:44.6367085Z Time:        28.373 s
2025-04-18T09:15:44.6368087Z Ran all test suites.
2025-04-18T09:15:44.7826027Z ##[group]Run npm run test:integration
2025-04-18T09:15:44.7826555Z [36;1mnpm run test:integration[0m
2025-04-18T09:15:44.7898268Z shell: /usr/bin/bash -e {0}
2025-04-18T09:15:44.7898663Z env:
2025-04-18T09:15:44.7898949Z   CI: true
2025-04-18T09:15:44.7899256Z   NODE_ENV: test
2025-04-18T09:15:44.7899720Z   MONGODB_URI: mongodb://localhost:27017/date-night-test
2025-04-18T09:15:44.7900307Z ##[endgroup]
2025-04-18T09:15:44.9530387Z npm error Lifecycle script `test:integration` failed with error:
2025-04-18T09:15:44.9536145Z npm error workspace date-night-server@1.0.0
2025-04-18T09:15:44.9541315Z npm error location /home/runner/work/date-night-app2/date-night-app2/server
2025-04-18T09:15:44.9545954Z npm error Missing script: "test:integration"
2025-04-18T09:15:44.9548968Z npm error
2025-04-18T09:15:44.9550863Z npm error To see a list of scripts, run:
2025-04-18T09:15:44.9552409Z npm error   npm run --workspace=date-night-server@1.0.0
2025-04-18T09:15:44.9620001Z ##[error]Process completed with exit code 1.
2025-04-18T09:15:44.9678879Z ##[group]Run actions/upload-artifact@v4
2025-04-18T09:15:44.9679166Z with:
2025-04-18T09:15:44.9679364Z   name: server-test-results
2025-04-18T09:15:44.9679590Z   path: ./server/coverage
2025-04-18T09:15:44.9679806Z   if-no-files-found: warn
2025-04-18T09:15:44.9680012Z   compression-level: 6
2025-04-18T09:15:44.9680204Z   overwrite: false
2025-04-18T09:15:44.9680404Z   include-hidden-files: false
2025-04-18T09:15:44.9680616Z env:
2025-04-18T09:15:44.9680765Z   CI: true
2025-04-18T09:15:44.9680931Z ##[endgroup]
2025-04-18T09:15:45.1948432Z ##[warning]No files were found with the provided path: ./server/coverage. No artifacts will be uploaded.
2025-04-18T09:15:45.2079946Z Post job cleanup.
2025-04-18T09:15:45.3042469Z [command]/usr/bin/git version
2025-04-18T09:15:45.3083303Z git version 2.49.0
2025-04-18T09:15:45.3129521Z Temporarily overriding HOME='/home/runner/work/_temp/09148866-0e17-4457-8f1b-f2e6b08e23f6' before making global git config changes
2025-04-18T09:15:45.3133261Z Adding repository directory to the temporary git global config as a safe directory
2025-04-18T09:15:45.3136567Z [command]/usr/bin/git config --global --add safe.directory /home/runner/work/date-night-app2/date-night-app2
2025-04-18T09:15:45.3181746Z [command]/usr/bin/git config --local --name-only --get-regexp core\.sshCommand
2025-04-18T09:15:45.3219179Z [command]/usr/bin/git submodule foreach --recursive sh -c "git config --local --name-only --get-regexp 'core\.sshCommand' && git config --local --unset-all 'core.sshCommand' || :"
2025-04-18T09:15:45.3467481Z [command]/usr/bin/git config --local --name-only --get-regexp http\.https\:\/\/github\.com\/\.extraheader
2025-04-18T09:15:45.3490170Z http.https://github.com/.extraheader
2025-04-18T09:15:45.3506098Z [command]/usr/bin/git config --local --unset-all http.https://github.com/.extraheader
2025-04-18T09:15:45.3542133Z [command]/usr/bin/git submodule foreach --recursive sh -c "git config --local --name-only --get-regexp 'http\.https\:\/\/github\.com\/\.extraheader' && git config --local --unset-all 'http.https://github.com/.extraheader' || :"
2025-04-18T09:15:45.3877087Z Print service container logs: ddab12214ff1401cba66aaa35794b1f8_mongo6_577d8a
2025-04-18T09:15:45.3882451Z ##[command]/usr/bin/docker logs --details 2b44276baee4fef60745e6767f88d18b65229a7d85ba5f87fc899e8e71306d47
2025-04-18T09:15:45.4029520Z  {"t":{"$date":"2025-04-18T09:14:58.882Z"},"s":"I",  "c":"NETWORK",  "id":4915701, "ctx":"-","msg":"Initialized wire specification","attr":{"spec":{"incomingExternalClient":{"minWireVersion":0,"maxWireVersion":17},"incomingInternalClient":{"minWireVersion":0,"maxWireVersion":17},"outgoing":{"minWireVersion":6,"maxWireVersion":17},"isInternalClient":true}}}
2025-04-18T09:15:45.4034853Z  {"t":{"$date":"2025-04-18T09:14:58.884+00:00"},"s":"I",  "c":"CONTROL",  "id":23285,   "ctx":"main","msg":"Automatically disabling TLS 1.0, to force-enable TLS 1.0 specify --sslDisabledProtocols 'none'"}
2025-04-18T09:15:45.4038708Z  {"t":{"$date":"2025-04-18T09:14:58.885+00:00"},"s":"I",  "c":"NETWORK",  "id":4648601, "ctx":"main","msg":"Implicit TCP FastOpen unavailable. If TCP FastOpen is required, set tcpFastOpenServer, tcpFastOpenClient, and tcpFastOpenQueueSize."}
2025-04-18T09:15:45.4040928Z  {"t":{"$date":"2025-04-18T09:14:58.886+00:00"},"s":"I",  "c":"REPL",     "id":5123008, "ctx":"main","msg":"Successfully registered PrimaryOnlyService","attr":{"service":"TenantMigrationDonorService","namespace":"config.tenantMigrationDonors"}}
2025-04-18T09:15:45.4043143Z  {"t":{"$date":"2025-04-18T09:14:58.886+00:00"},"s":"I",  "c":"REPL",     "id":5123008, "ctx":"main","msg":"Successfully registered PrimaryOnlyService","attr":{"service":"TenantMigrationRecipientService","namespace":"config.tenantMigrationRecipients"}}
2025-04-18T09:15:45.4045081Z  {"t":{"$date":"2025-04-18T09:14:58.886+00:00"},"s":"I",  "c":"REPL",     "id":5123008, "ctx":"main","msg":"Successfully registered PrimaryOnlyService","attr":{"service":"ShardSplitDonorService","namespace":"config.tenantSplitDonors"}}
2025-04-18T09:15:45.4046425Z  {"t":{"$date":"2025-04-18T09:14:58.886+00:00"},"s":"I",  "c":"CONTROL",  "id":5945603, "ctx":"main","msg":"Multi threading initialized"}
2025-04-18T09:15:45.4047680Z  {"t":{"$date":"2025-04-18T09:14:58.886+00:00"},"s":"I",  "c":"CONTROL",  "id":4615611, "ctx":"initandlisten","msg":"MongoDB starting","attr":{"pid":1,"port":27017,"dbPath":"/data/db","architecture":"64-bit","host":"2b44276baee4"}}
2025-04-18T09:15:45.4049983Z  {"t":{"$date":"2025-04-18T09:14:58.886+00:00"},"s":"I",  "c":"CONTROL",  "id":23403,   "ctx":"initandlisten","msg":"Build Info","attr":{"buildInfo":{"version":"6.0.22","gitVersion":"ee527360b84c6798535ee0895de3c7186b3522f9","openSSLVersion":"OpenSSL 3.0.2 15 Mar 2022","modules":[],"allocator":"tcmalloc","environment":{"distmod":"ubuntu2204","distarch":"x86_64","target_arch":"x86_64"}}}}
2025-04-18T09:15:45.4052255Z  {"t":{"$date":"2025-04-18T09:14:58.886+00:00"},"s":"I",  "c":"CONTROL",  "id":51765,   "ctx":"initandlisten","msg":"Operating System","attr":{"os":{"name":"Ubuntu","version":"22.04"}}}
2025-04-18T09:15:45.4053531Z  {"t":{"$date":"2025-04-18T09:14:58.886+00:00"},"s":"I",  "c":"CONTROL",  "id":21951,   "ctx":"initandlisten","msg":"Options set by command line","attr":{"options":{"net":{"bindIp":"*"}}}}
2025-04-18T09:15:45.4062004Z  {"t":{"$date":"2025-04-18T09:14:58.887+00:00"},"s":"I",  "c":"STORAGE",  "id":22297,   "ctx":"initandlisten","msg":"Using the XFS filesystem is strongly recommended with the WiredTiger storage engine. See http://dochub.mongodb.org/core/prodnotes-filesystem","tags":["startupWarnings"]}
2025-04-18T09:15:45.4069087Z  {"t":{"$date":"2025-04-18T09:14:58.887+00:00"},"s":"I",  "c":"STORAGE",  "id":22315,   "ctx":"initandlisten","msg":"Opening WiredTiger","attr":{"config":"create,cache_size=3457M,session_max=33000,eviction=(threads_min=4,threads_max=4),config_base=false,statistics=(fast),log=(enabled=true,remove=true,path=journal,compressor=snappy),builtin_extension_config=(zstd=(compression_level=6)),file_manager=(close_idle_time=600,close_scan_interval=10,close_handle_minimum=2000),statistics_log=(wait=0),json_output=(error,message),verbose=[recovery_progress:1,checkpoint_progress:1,compact_progress:1,backup:0,checkpoint:0,compact:0,evict:0,history_store:0,recovery:0,rts:0,salvage:0,tiered:0,timestamp:0,transaction:0,verify:0,log:0],"}}
2025-04-18T09:15:45.4073034Z  {"t":{"$date":"2025-04-18T09:14:59.104+00:00"},"s":"I",  "c":"WTRECOV",  "id":22430,   "ctx":"initandlisten","msg":"WiredTiger message","attr":{"message":{"ts_sec":1744967699,"ts_usec":104269,"thread":"1:0x7f4cd157acc0","session_name":"txn-recover","category":"WT_VERB_RECOVERY_PROGRESS","category_id":30,"verbose_level":"DEBUG","verbose_level_id":1,"msg":"recovery log replay has successfully finished and ran for 0 milliseconds"}}}
2025-04-18T09:15:45.4076737Z  {"t":{"$date":"2025-04-18T09:14:59.104+00:00"},"s":"I",  "c":"WTRECOV",  "id":22430,   "ctx":"initandlisten","msg":"WiredTiger message","attr":{"message":{"ts_sec":1744967699,"ts_usec":104630,"thread":"1:0x7f4cd157acc0","session_name":"txn-recover","category":"WT_VERB_RECOVERY_PROGRESS","category_id":30,"verbose_level":"DEBUG","verbose_level_id":1,"msg":"Set global recovery timestamp: (0, 0)"}}}
2025-04-18T09:15:45.4079114Z  {"t":{"$date":"2025-04-18T09:14:59.104+00:00"},"s":"I",  "c":"WTRECOV",  "id":22430,   "ctx":"initandlisten","msg":"WiredTiger message","attr":{"message":{"ts_sec":1744967699,"ts_usec":104753,"thread":"1:0x7f4cd157acc0","session_name":"txn-recover","category":"WT_VERB_RECOVERY_PROGRESS","category_id":30,"verbose_level":"DEBUG","verbose_level_id":1,"msg":"Set global oldest timestamp: (0, 0)"}}}
2025-04-18T09:15:45.4081912Z  {"t":{"$date":"2025-04-18T09:14:59.104+00:00"},"s":"I",  "c":"WTRECOV",  "id":22430,   "ctx":"initandlisten","msg":"WiredTiger message","attr":{"message":{"ts_sec":1744967699,"ts_usec":104934,"thread":"1:0x7f4cd157acc0","session_name":"txn-recover","category":"WT_VERB_RECOVERY_PROGRESS","category_id":30,"verbose_level":"DEBUG","verbose_level_id":1,"msg":"recovery was completed successfully and took 0ms, including 0ms for the log replay, 0ms for the rollback to stable, and 0ms for the checkpoint."}}}
2025-04-18T09:15:45.4083602Z  {"t":{"$date":"2025-04-18T09:14:59.110+00:00"},"s":"I",  "c":"STORAGE",  "id":4795906, "ctx":"initandlisten","msg":"WiredTiger opened","attr":{"durationMillis":222}}
2025-04-18T09:15:45.4084483Z  {"t":{"$date":"2025-04-18T09:14:59.111+00:00"},"s":"I",  "c":"RECOVERY", "id":23987,   "ctx":"initandlisten","msg":"WiredTiger recoveryTimestamp","attr":{"recoveryTimestamp":{"$timestamp":{"t":0,"i":0}}}}
2025-04-18T09:15:45.4085579Z  {"t":{"$date":"2025-04-18T09:14:59.119+00:00"},"s":"W",  "c":"CONTROL",  "id":22120,   "ctx":"initandlisten","msg":"Access control is not enabled for the database. Read and write access to data and configuration is unrestricted","tags":["startupWarnings"]}
2025-04-18T09:15:45.4086857Z  {"t":{"$date":"2025-04-18T09:14:59.119+00:00"},"s":"W",  "c":"CONTROL",  "id":22178,   "ctx":"initandlisten","msg":"/sys/kernel/mm/transparent_hugepage/enabled is 'always'. We suggest setting it to 'never' in this binary version","tags":["startupWarnings"]}
2025-04-18T09:15:45.4088073Z  {"t":{"$date":"2025-04-18T09:14:59.120+00:00"},"s":"W",  "c":"CONTROL",  "id":5123300, "ctx":"initandlisten","msg":"vm.max_map_count is too low","attr":{"currentValue":262144,"recommendedMinimum":1677720,"maxConns":838860},"tags":["startupWarnings"]}
2025-04-18T09:15:45.4089678Z  {"t":{"$date":"2025-04-18T09:14:59.120+00:00"},"s":"I",  "c":"STORAGE",  "id":20320,   "ctx":"initandlisten","msg":"createCollection","attr":{"namespace":"admin.system.version","uuidDisposition":"provided","uuid":{"uuid":{"$uuid":"d0240761-a9a2-4248-a049-8e144b921cc7"}},"options":{"uuid":{"$uuid":"d0240761-a9a2-4248-a049-8e144b921cc7"}}}}
2025-04-18T09:15:45.4092195Z  {"t":{"$date":"2025-04-18T09:14:59.126+00:00"},"s":"I",  "c":"INDEX",    "id":20345,   "ctx":"initandlisten","msg":"Index build: done building","attr":{"buildUUID":null,"collectionUUID":{"uuid":{"$uuid":"d0240761-a9a2-4248-a049-8e144b921cc7"}},"namespace":"admin.system.version","index":"_id_","ident":"index-1--633705635608666695","collectionIdent":"collection-0--633705635608666695","commitTimestamp":null}}
2025-04-18T09:15:45.4093739Z  {"t":{"$date":"2025-04-18T09:14:59.126+00:00"},"s":"I",  "c":"REPL",     "id":20459,   "ctx":"initandlisten","msg":"Setting featureCompatibilityVersion","attr":{"newVersion":"6.0"}}
2025-04-18T09:15:45.4094683Z  {"t":{"$date":"2025-04-18T09:14:59.126+00:00"},"s":"I",  "c":"REPL",     "id":5853300, "ctx":"initandlisten","msg":"current featureCompatibilityVersion value","attr":{"featureCompatibilityVersion":"6.0","context":"setFCV"}}
2025-04-18T09:15:45.4096865Z  {"t":{"$date":"2025-04-18T09:14:59.126+00:00"},"s":"I",  "c":"NETWORK",  "id":4915702, "ctx":"initandlisten","msg":"Updated wire specification","attr":{"oldSpec":{"incomingExternalClient":{"minWireVersion":0,"maxWireVersion":17},"incomingInternalClient":{"minWireVersion":0,"maxWireVersion":17},"outgoing":{"minWireVersion":6,"maxWireVersion":17},"isInternalClient":true},"newSpec":{"incomingExternalClient":{"minWireVersion":0,"maxWireVersion":17},"incomingInternalClient":{"minWireVersion":17,"maxWireVersion":17},"outgoing":{"minWireVersion":17,"maxWireVersion":17},"isInternalClient":true}}}
2025-04-18T09:15:45.4100126Z  {"t":{"$date":"2025-04-18T09:14:59.126+00:00"},"s":"I",  "c":"NETWORK",  "id":4915702, "ctx":"initandlisten","msg":"Updated wire specification","attr":{"oldSpec":{"incomingExternalClient":{"minWireVersion":0,"maxWireVersion":17},"incomingInternalClient":{"minWireVersion":17,"maxWireVersion":17},"outgoing":{"minWireVersion":17,"maxWireVersion":17},"isInternalClient":true},"newSpec":{"incomingExternalClient":{"minWireVersion":0,"maxWireVersion":17},"incomingInternalClient":{"minWireVersion":17,"maxWireVersion":17},"outgoing":{"minWireVersion":17,"maxWireVersion":17},"isInternalClient":true}}}
2025-04-18T09:15:45.4102591Z  {"t":{"$date":"2025-04-18T09:14:59.126+00:00"},"s":"I",  "c":"REPL",     "id":5853300, "ctx":"initandlisten","msg":"current featureCompatibilityVersion value","attr":{"featureCompatibilityVersion":"6.0","context":"startup"}}
2025-04-18T09:15:45.4103495Z  {"t":{"$date":"2025-04-18T09:14:59.126+00:00"},"s":"I",  "c":"STORAGE",  "id":5071100, "ctx":"initandlisten","msg":"Clearing temp directory"}
2025-04-18T09:15:45.4104156Z  {"t":{"$date":"2025-04-18T09:14:59.126+00:00"},"s":"I",  "c":"CONTROL",  "id":20536,   "ctx":"initandlisten","msg":"Flow Control is enabled on this deployment"}
2025-04-18T09:15:45.4105012Z  {"t":{"$date":"2025-04-18T09:14:59.127+00:00"},"s":"I",  "c":"FTDC",     "id":20625,   "ctx":"initandlisten","msg":"Initializing full-time diagnostic data capture","attr":{"dataDirectory":"/data/db/diagnostic.data"}}
2025-04-18T09:15:45.4106297Z  {"t":{"$date":"2025-04-18T09:14:59.128+00:00"},"s":"I",  "c":"STORAGE",  "id":20320,   "ctx":"initandlisten","msg":"createCollection","attr":{"namespace":"local.startup_log","uuidDisposition":"generated","uuid":{"uuid":{"$uuid":"ee7b4147-15b4-4b09-801d-6161508e5f59"}},"options":{"capped":true,"size":10485760}}}
2025-04-18T09:15:45.4108101Z  {"t":{"$date":"2025-04-18T09:14:59.134+00:00"},"s":"I",  "c":"INDEX",    "id":20345,   "ctx":"initandlisten","msg":"Index build: done building","attr":{"buildUUID":null,"collectionUUID":{"uuid":{"$uuid":"ee7b4147-15b4-4b09-801d-6161508e5f59"}},"namespace":"local.startup_log","index":"_id_","ident":"index-3--633705635608666695","collectionIdent":"collection-2--633705635608666695","commitTimestamp":null}}
2025-04-18T09:15:45.4109841Z  {"t":{"$date":"2025-04-18T09:14:59.135+00:00"},"s":"I",  "c":"REPL",     "id":6015317, "ctx":"initandlisten","msg":"Setting new configuration state","attr":{"newState":"ConfigReplicationDisabled","oldState":"ConfigPreStart"}}
2025-04-18T09:15:45.4110697Z  {"t":{"$date":"2025-04-18T09:14:59.135+00:00"},"s":"I",  "c":"STORAGE",  "id":22262,   "ctx":"initandlisten","msg":"Timestamp monitor starting"}
2025-04-18T09:15:45.4112074Z  {"t":{"$date":"2025-04-18T09:14:59.136+00:00"},"s":"I",  "c":"STORAGE",  "id":20320,   "ctx":"LogicalSessionCacheRefresh","msg":"createCollection","attr":{"namespace":"config.system.sessions","uuidDisposition":"generated","uuid":{"uuid":{"$uuid":"c2fe664f-b2b4-4c36-9bb5-8937c7b380e6"}},"options":{}}}
2025-04-18T09:15:45.4113239Z  {"t":{"$date":"2025-04-18T09:14:59.138+00:00"},"s":"I",  "c":"NETWORK",  "id":23015,   "ctx":"listener","msg":"Listening on","attr":{"address":"/tmp/mongodb-27017.sock"}}
2025-04-18T09:15:45.4113928Z  {"t":{"$date":"2025-04-18T09:14:59.138+00:00"},"s":"I",  "c":"NETWORK",  "id":23015,   "ctx":"listener","msg":"Listening on","attr":{"address":"0.0.0.0"}}
2025-04-18T09:15:45.4114603Z  {"t":{"$date":"2025-04-18T09:14:59.138+00:00"},"s":"I",  "c":"NETWORK",  "id":23016,   "ctx":"listener","msg":"Waiting for connections","attr":{"port":27017,"ssl":"off"}}
2025-04-18T09:15:45.4118665Z  {"t":{"$date":"2025-04-18T09:14:59.139+00:00"},"s":"I",  "c":"CONTROL",  "id":8423403, "ctx":"initandlisten","msg":"mongod startup complete","attr":{"Summary of time elapsed":{"Startup from clean shutdown?":true,"Statistics":{"Transport layer setup":"0 ms","Run initial syncer crash recovery":"0 ms","Create storage engine lock file in the data directory":"0 ms","Create storage engine lock file in the data directory":"0 ms","Get metadata describing storage engine":"0 ms","Get metadata describing storage engine":"0 ms","Create storage engine":"0 ms","Create storage engine":"230 ms","Write current PID to file":"0 ms","Write current PID to file":"0 ms","Write a new metadata for storage engine":"0 ms","Write a new metadata for storage engine":"0 ms","Initialize FCV before rebuilding indexes":"0 ms","Initialize FCV before rebuilding indexes":"0 ms","Drop abandoned idents and get back indexes that need to be rebuilt or builds that need to be restarted":"0 ms","Drop abandoned idents and get back indexes that need to be rebuilt or builds that need to be restarted":"0 ms","Rebuild indexes for collections":"0 ms","Rebuild indexes for collections":"0 ms","Build user and roles graph":"0 ms","Set up the background thread pool responsible for waiting for opTimes to be majority committed":"0 ms","Start up the replication coordinator":"1 ms","Start transport layer":"1 ms","_initAndListen total elapsed time":"252 ms"}}}}
2025-04-18T09:15:45.4123445Z  {"t":{"$date":"2025-04-18T09:14:59.139+00:00"},"s":"I",  "c":"CONTROL",  "id":20712,   "ctx":"LogicalSessionCacheReap","msg":"Sessions collection is not set up; waiting until next sessions reap interval","attr":{"error":"NamespaceNotFound: config.system.sessions does not exist"}}
2025-04-18T09:15:45.4125269Z  {"t":{"$date":"2025-04-18T09:14:59.160+00:00"},"s":"I",  "c":"INDEX",    "id":20345,   "ctx":"LogicalSessionCacheRefresh","msg":"Index build: done building","attr":{"buildUUID":null,"collectionUUID":{"uuid":{"$uuid":"c2fe664f-b2b4-4c36-9bb5-8937c7b380e6"}},"namespace":"config.system.sessions","index":"_id_","ident":"index-5--633705635608666695","collectionIdent":"collection-4--633705635608666695","commitTimestamp":null}}
2025-04-18T09:15:45.4127515Z  {"t":{"$date":"2025-04-18T09:14:59.160+00:00"},"s":"I",  "c":"INDEX",    "id":20345,   "ctx":"LogicalSessionCacheRefresh","msg":"Index build: done building","attr":{"buildUUID":null,"collectionUUID":{"uuid":{"$uuid":"c2fe664f-b2b4-4c36-9bb5-8937c7b380e6"}},"namespace":"config.system.sessions","index":"lsidTTLIndex","ident":"index-6--633705635608666695","collectionIdent":"collection-4--633705635608666695","commitTimestamp":null}}
2025-04-18T09:15:45.4134843Z Stop and remove container: ddab12214ff1401cba66aaa35794b1f8_mongo6_577d8a
2025-04-18T09:15:45.4139161Z ##[command]/usr/bin/docker rm --force 2b44276baee4fef60745e6767f88d18b65229a7d85ba5f87fc899e8e71306d47
2025-04-18T09:15:46.4805024Z 2b44276baee4fef60745e6767f88d18b65229a7d85ba5f87fc899e8e71306d47
2025-04-18T09:15:46.4833836Z Remove container network: github_network_52f6d411fe1742ce9cddc9bca4a6bcd9
2025-04-18T09:15:46.4838446Z ##[command]/usr/bin/docker network rm github_network_52f6d411fe1742ce9cddc9bca4a6bcd9
2025-04-18T09:15:46.5714671Z github_network_52f6d411fe1742ce9cddc9bca4a6bcd9
2025-04-18T09:15:46.5772732Z Cleaning up orphan processes
