2025-04-18T13:31:58.6227266Z Current runner version: '2.323.0'
2025-04-18T13:31:58.6252257Z ##[group]Operating System
2025-04-18T13:31:58.6253517Z Ubuntu
2025-04-18T13:31:58.6254314Z 24.04.2
2025-04-18T13:31:58.6255452Z LTS
2025-04-18T13:31:58.6256228Z ##[endgroup]
2025-04-18T13:31:58.6257095Z ##[group]Runner Image
2025-04-18T13:31:58.6258045Z Image: ubuntu-24.04
2025-04-18T13:31:58.6259082Z Version: 20250413.1.0
2025-04-18T13:31:58.6260805Z Included Software: https://github.com/actions/runner-images/blob/ubuntu24/20250413.1/images/ubuntu/Ubuntu2404-Readme.md
2025-04-18T13:31:58.6263304Z Image Release: https://github.com/actions/runner-images/releases/tag/ubuntu24%2F20250413.1
2025-04-18T13:31:58.6265337Z ##[endgroup]
2025-04-18T13:31:58.6266253Z ##[group]Runner Image Provisioner
2025-04-18T13:31:58.6267306Z 2.0.422.1
2025-04-18T13:31:58.6268181Z ##[endgroup]
2025-04-18T13:31:58.6272544Z ##[group]GITHUB_TOKEN Permissions
2025-04-18T13:31:58.6275734Z Actions: write
2025-04-18T13:31:58.6276887Z Attestations: write
2025-04-18T13:31:58.6278053Z Checks: write
2025-04-18T13:31:58.6278857Z Contents: write
2025-04-18T13:31:58.6279797Z Deployments: write
2025-04-18T13:31:58.6280810Z Discussions: write
2025-04-18T13:31:58.6281625Z Issues: write
2025-04-18T13:31:58.6282508Z Metadata: read
2025-04-18T13:31:58.6283315Z Models: read
2025-04-18T13:31:58.6284204Z Packages: write
2025-04-18T13:31:58.6285291Z Pages: write
2025-04-18T13:31:58.6286229Z PullRequests: write
2025-04-18T13:31:58.6287184Z RepositoryProjects: write
2025-04-18T13:31:58.6288236Z SecurityEvents: write
2025-04-18T13:31:58.6289405Z Statuses: write
2025-04-18T13:31:58.6290279Z ##[endgroup]
2025-04-18T13:31:58.6292982Z Secret source: Actions
2025-04-18T13:31:58.6294101Z Prepare workflow directory
2025-04-18T13:31:58.7588042Z Prepare all required actions
2025-04-18T13:31:58.7703236Z Getting action download info
2025-04-18T13:31:59.2730848Z ##[group]Download immutable action package 'actions/checkout@v4'
2025-04-18T13:31:59.2731823Z Version: 4.2.2
2025-04-18T13:31:59.2732792Z Digest: sha256:ccb2698953eaebd21c7bf6268a94f9c26518a7e38e27e0b83c1fe1ad049819b1
2025-04-18T13:31:59.2734071Z Source commit SHA: 11bd71901bbe5b1630ceea73d27597364c9af683
2025-04-18T13:31:59.2734947Z ##[endgroup]
2025-04-18T13:31:59.3624405Z ##[group]Download immutable action package 'actions/setup-node@v4'
2025-04-18T13:31:59.3625449Z Version: 4.4.0
2025-04-18T13:31:59.3626282Z Digest: sha256:9427cefe82346e992fb5b949e3569b39d537ae41aa3086483b14eceebfc16bc1
2025-04-18T13:31:59.3627192Z Source commit SHA: 49933ea5288caeca8642d1e84afbd3f7d6820020
2025-04-18T13:31:59.3627836Z ##[endgroup]
2025-04-18T13:31:59.7367545Z ##[group]Download immutable action package 'actions/upload-artifact@v4'
2025-04-18T13:31:59.7368582Z Version: 4.6.2
2025-04-18T13:31:59.7369502Z Digest: sha256:290722aa3281d5caf23d0acdc3dbeb3424786a1a01a9cc97e72f147225e37c38
2025-04-18T13:31:59.7370767Z Source commit SHA: ea165f8d65b6e75b540449e92b4886f43607fa02
2025-04-18T13:31:59.7371624Z ##[endgroup]
2025-04-18T13:31:59.9497785Z Complete job name: test (22.x)
2025-04-18T13:31:59.9906775Z ##[group]Checking docker version
2025-04-18T13:31:59.9919700Z ##[command]/usr/bin/docker version --format '{{.Server.APIVersion}}'
2025-04-18T13:32:00.0914783Z '1.45'
2025-04-18T13:32:00.0930649Z Docker daemon API version: '1.45'
2025-04-18T13:32:00.0931823Z ##[command]/usr/bin/docker version --format '{{.Client.APIVersion}}'
2025-04-18T13:32:00.1094130Z '1.45'
2025-04-18T13:32:00.1108496Z Docker client API version: '1.45'
2025-04-18T13:32:00.1113288Z ##[endgroup]
2025-04-18T13:32:00.1116459Z ##[group]Clean up resources from previous jobs
2025-04-18T13:32:00.1121283Z ##[command]/usr/bin/docker ps --all --quiet --no-trunc --filter "label=bd4b79"
2025-04-18T13:32:00.1269909Z ##[command]/usr/bin/docker network prune --force --filter "label=bd4b79"
2025-04-18T13:32:00.1400847Z ##[endgroup]
2025-04-18T13:32:00.1401299Z ##[group]Create local container network
2025-04-18T13:32:00.1410674Z ##[command]/usr/bin/docker network create --label bd4b79 github_network_61c80561e16d4c518cf6981490923258
2025-04-18T13:32:00.2223815Z 5390b565beee02965fbe38db7028a0bd771d34f7dfba5ae49fa6febf485ff3b0
2025-04-18T13:32:00.2241715Z ##[endgroup]
2025-04-18T13:32:00.2265340Z ##[group]Starting mongodb service container
2025-04-18T13:32:00.2283757Z ##[command]/usr/bin/docker pull mongo:6
2025-04-18T13:32:00.9111509Z 6: Pulling from library/mongo
2025-04-18T13:32:01.0633998Z 30a9c22ae099: Pulling fs layer
2025-04-18T13:32:01.0636655Z abd374245ca5: Pulling fs layer
2025-04-18T13:32:01.0641333Z dfcc52b2e041: Pulling fs layer
2025-04-18T13:32:01.0643290Z b058d84e1082: Pulling fs layer
2025-04-18T13:32:01.0644039Z e12a18eb1ecf: Pulling fs layer
2025-04-18T13:32:01.0644779Z 546622740404: Pulling fs layer
2025-04-18T13:32:01.0645371Z 80a51fc6e5dc: Pulling fs layer
2025-04-18T13:32:01.0645942Z f7d23c7569c8: Pulling fs layer
2025-04-18T13:32:01.0646494Z e12a18eb1ecf: Waiting
2025-04-18T13:32:01.0646966Z 546622740404: Waiting
2025-04-18T13:32:01.0647410Z 80a51fc6e5dc: Waiting
2025-04-18T13:32:01.0647884Z f7d23c7569c8: Waiting
2025-04-18T13:32:01.0648345Z b058d84e1082: Waiting
2025-04-18T13:32:01.2361042Z abd374245ca5: Download complete
2025-04-18T13:32:01.3219140Z dfcc52b2e041: Verifying Checksum
2025-04-18T13:32:01.3222539Z dfcc52b2e041: Download complete
2025-04-18T13:32:01.4817623Z 30a9c22ae099: Verifying Checksum
2025-04-18T13:32:01.4819179Z 30a9c22ae099: Download complete
2025-04-18T13:32:01.5056101Z e12a18eb1ecf: Verifying Checksum
2025-04-18T13:32:01.5059926Z e12a18eb1ecf: Download complete
2025-04-18T13:32:01.5091094Z b058d84e1082: Verifying Checksum
2025-04-18T13:32:01.5092647Z b058d84e1082: Download complete
2025-04-18T13:32:01.6708108Z 546622740404: Verifying Checksum
2025-04-18T13:32:01.6709489Z 546622740404: Download complete
2025-04-18T13:32:01.7004883Z f7d23c7569c8: Verifying Checksum
2025-04-18T13:32:01.7018746Z f7d23c7569c8: Download complete
2025-04-18T13:32:02.7907574Z 30a9c22ae099: Pull complete
2025-04-18T13:32:02.8379767Z abd374245ca5: Pull complete
2025-04-18T13:32:03.9741416Z 80a51fc6e5dc: Verifying Checksum
2025-04-18T13:32:03.9742642Z 80a51fc6e5dc: Download complete
2025-04-18T13:32:04.1725559Z dfcc52b2e041: Pull complete
2025-04-18T13:32:04.2205756Z b058d84e1082: Pull complete
2025-04-18T13:32:04.2345007Z e12a18eb1ecf: Pull complete
2025-04-18T13:32:04.2477141Z 546622740404: Pull complete
2025-04-18T13:32:10.7870113Z 80a51fc6e5dc: Pull complete
2025-04-18T13:32:10.8259820Z f7d23c7569c8: Pull complete
2025-04-18T13:32:10.8304202Z Digest: sha256:5e5dd359de06dabbd2fb587e8ded7afe1dd8ecfff736323aadb5d29a4bd697aa
2025-04-18T13:32:10.8326030Z Status: Downloaded newer image for mongo:6
2025-04-18T13:32:10.8340369Z docker.io/library/mongo:6
2025-04-18T13:32:10.8391603Z ##[command]/usr/bin/docker create --name 9de21ef8dbdf4e54add2aa47401e3f41_mongo6_c8aff5 --label bd4b79 --network github_network_61c80561e16d4c518cf6981490923258 --network-alias mongodb -p 27017:27017  -e GITHUB_ACTIONS=true -e CI=true mongo:6
2025-04-18T13:32:10.8699750Z f81ce9535cf0e0b2c49a6738abe3051bb6644705d1d97d22ec2af28d81ba87f7
2025-04-18T13:32:10.8720290Z ##[command]/usr/bin/docker start f81ce9535cf0e0b2c49a6738abe3051bb6644705d1d97d22ec2af28d81ba87f7
2025-04-18T13:32:11.1396380Z f81ce9535cf0e0b2c49a6738abe3051bb6644705d1d97d22ec2af28d81ba87f7
2025-04-18T13:32:11.1433641Z ##[command]/usr/bin/docker ps --all --filter id=f81ce9535cf0e0b2c49a6738abe3051bb6644705d1d97d22ec2af28d81ba87f7 --filter status=running --no-trunc --format "{{.ID}} {{.Status}}"
2025-04-18T13:32:11.1606512Z f81ce9535cf0e0b2c49a6738abe3051bb6644705d1d97d22ec2af28d81ba87f7 Up Less than a second
2025-04-18T13:32:11.1622263Z ##[command]/usr/bin/docker port f81ce9535cf0e0b2c49a6738abe3051bb6644705d1d97d22ec2af28d81ba87f7
2025-04-18T13:32:11.1806431Z 27017/tcp -> 0.0.0.0:27017
2025-04-18T13:32:11.1812175Z 27017/tcp -> [::]:27017
2025-04-18T13:32:11.1887863Z ##[endgroup]
2025-04-18T13:32:11.1899496Z ##[group]Waiting for all services to be ready
2025-04-18T13:32:11.1917719Z ##[command]/usr/bin/docker inspect --format="{{if .Config.Healthcheck}}{{print .State.Health.Status}}{{end}}" f81ce9535cf0e0b2c49a6738abe3051bb6644705d1d97d22ec2af28d81ba87f7
2025-04-18T13:32:11.2132100Z mongodb service is healthy.
2025-04-18T13:32:11.2132919Z ##[endgroup]
2025-04-18T13:32:11.2444786Z ##[group]Run actions/checkout@v4
2025-04-18T13:32:11.2445626Z with:
2025-04-18T13:32:11.2445995Z   repository: mrkurger/date-night-app2
2025-04-18T13:32:11.2446647Z   token: ***
2025-04-18T13:32:11.2446976Z   ssh-strict: true
2025-04-18T13:32:11.2447311Z   ssh-user: git
2025-04-18T13:32:11.2447678Z   persist-credentials: true
2025-04-18T13:32:11.2448102Z   clean: true
2025-04-18T13:32:11.2448466Z   sparse-checkout-cone-mode: true
2025-04-18T13:32:11.2448898Z   fetch-depth: 1
2025-04-18T13:32:11.2449234Z   fetch-tags: false
2025-04-18T13:32:11.2449580Z   show-progress: true
2025-04-18T13:32:11.2449931Z   lfs: false
2025-04-18T13:32:11.2450246Z   submodules: false
2025-04-18T13:32:11.2450595Z   set-safe-directory: true
2025-04-18T13:32:11.2451224Z env:
2025-04-18T13:32:11.2451513Z   CI: true
2025-04-18T13:32:11.2451818Z ##[endgroup]
2025-04-18T13:32:11.4756204Z Syncing repository: mrkurger/date-night-app2
2025-04-18T13:32:11.4758321Z ##[group]Getting Git version info
2025-04-18T13:32:11.4759095Z Working directory is '/home/runner/work/date-night-app2/date-night-app2'
2025-04-18T13:32:11.4760128Z [command]/usr/bin/git version
2025-04-18T13:32:11.4831377Z git version 2.49.0
2025-04-18T13:32:11.4860240Z ##[endgroup]
2025-04-18T13:32:11.4875728Z Temporarily overriding HOME='/home/runner/work/_temp/f32992b2-8a44-4777-8460-bf639ca7cc7e' before making global git config changes
2025-04-18T13:32:11.4877968Z Adding repository directory to the temporary git global config as a safe directory
2025-04-18T13:32:11.4892618Z [command]/usr/bin/git config --global --add safe.directory /home/runner/work/date-night-app2/date-night-app2
2025-04-18T13:32:11.4929557Z Deleting the contents of '/home/runner/work/date-night-app2/date-night-app2'
2025-04-18T13:32:11.4933582Z ##[group]Initializing the repository
2025-04-18T13:32:11.4939004Z [command]/usr/bin/git init /home/runner/work/date-night-app2/date-night-app2
2025-04-18T13:32:11.5005567Z hint: Using 'master' as the name for the initial branch. This default branch name
2025-04-18T13:32:11.5007486Z hint: is subject to change. To configure the initial branch name to use in all
2025-04-18T13:32:11.5008270Z hint: of your new repositories, which will suppress this warning, call:
2025-04-18T13:32:11.5008626Z hint:
2025-04-18T13:32:11.5008939Z hint: 	git config --global init.defaultBranch <name>
2025-04-18T13:32:11.5009433Z hint:
2025-04-18T13:32:11.5009900Z hint: Names commonly chosen instead of 'master' are 'main', 'trunk' and
2025-04-18T13:32:11.5010738Z hint: 'development'. The just-created branch can be renamed via this command:
2025-04-18T13:32:11.5011338Z hint:
2025-04-18T13:32:11.5011642Z hint: 	git branch -m <name>
2025-04-18T13:32:11.5014068Z Initialized empty Git repository in /home/runner/work/date-night-app2/date-night-app2/.git/
2025-04-18T13:32:11.5025812Z [command]/usr/bin/git remote add origin https://github.com/mrkurger/date-night-app2
2025-04-18T13:32:11.5062824Z ##[endgroup]
2025-04-18T13:32:11.5064269Z ##[group]Disabling automatic garbage collection
2025-04-18T13:32:11.5067434Z [command]/usr/bin/git config --local gc.auto 0
2025-04-18T13:32:11.5186061Z ##[endgroup]
2025-04-18T13:32:11.5187412Z ##[group]Setting up auth
2025-04-18T13:32:11.5188552Z [command]/usr/bin/git config --local --name-only --get-regexp core\.sshCommand
2025-04-18T13:32:11.5191512Z [command]/usr/bin/git submodule foreach --recursive sh -c "git config --local --name-only --get-regexp 'core\.sshCommand' && git config --local --unset-all 'core.sshCommand' || :"
2025-04-18T13:32:11.5467240Z [command]/usr/bin/git config --local --name-only --get-regexp http\.https\:\/\/github\.com\/\.extraheader
2025-04-18T13:32:11.5501180Z [command]/usr/bin/git submodule foreach --recursive sh -c "git config --local --name-only --get-regexp 'http\.https\:\/\/github\.com\/\.extraheader' && git config --local --unset-all 'http.https://github.com/.extraheader' || :"
2025-04-18T13:32:11.5738148Z [command]/usr/bin/git config --local http.https://github.com/.extraheader AUTHORIZATION: basic ***
2025-04-18T13:32:11.5785232Z ##[endgroup]
2025-04-18T13:32:11.5787653Z ##[group]Fetching the repository
2025-04-18T13:32:11.5796140Z [command]/usr/bin/git -c protocol.version=2 fetch --no-tags --prune --no-recurse-submodules --depth=1 origin +622f260f46770cea91de5af013ec84c24864880b:refs/remotes/origin/main
2025-04-18T13:32:13.3566344Z From https://github.com/mrkurger/date-night-app2
2025-04-18T13:32:13.3567555Z  * [new ref]         622f260f46770cea91de5af013ec84c24864880b -> origin/main
2025-04-18T13:32:13.3602862Z ##[endgroup]
2025-04-18T13:32:13.3603451Z ##[group]Determining the checkout info
2025-04-18T13:32:13.3604586Z ##[endgroup]
2025-04-18T13:32:13.3613473Z [command]/usr/bin/git sparse-checkout disable
2025-04-18T13:32:13.3671063Z [command]/usr/bin/git config --local --unset-all extensions.worktreeConfig
2025-04-18T13:32:13.3701656Z ##[group]Checking out the ref
2025-04-18T13:32:13.3712045Z [command]/usr/bin/git checkout --progress --force -B main refs/remotes/origin/main
2025-04-18T13:32:13.9433215Z Switched to a new branch 'main'
2025-04-18T13:32:13.9435797Z branch 'main' set up to track 'origin/main'.
2025-04-18T13:32:13.9457618Z ##[endgroup]
2025-04-18T13:32:13.9501404Z [command]/usr/bin/git log -1 --format=%H
2025-04-18T13:32:13.9525481Z 622f260f46770cea91de5af013ec84c24864880b
2025-04-18T13:32:13.9740749Z ##[group]Run actions/setup-node@v4
2025-04-18T13:32:13.9740999Z with:
2025-04-18T13:32:13.9741158Z   node-version: 22.x
2025-04-18T13:32:13.9741336Z   cache: npm
2025-04-18T13:32:13.9741543Z   cache-dependency-path: server/package-lock.json
2025-04-18T13:32:13.9741803Z   always-auth: false
2025-04-18T13:32:13.9741985Z   check-latest: false
2025-04-18T13:32:13.9742264Z   token: ***
2025-04-18T13:32:13.9742423Z env:
2025-04-18T13:32:13.9742559Z   CI: true
2025-04-18T13:32:13.9742707Z ##[endgroup]
2025-04-18T13:32:14.1469285Z Found in cache @ /opt/hostedtoolcache/node/22.14.0/x64
2025-04-18T13:32:14.1476859Z ##[group]Environment details
2025-04-18T13:32:14.6989490Z node: v22.14.0
2025-04-18T13:32:14.6992149Z npm: 10.9.2
2025-04-18T13:32:14.6993992Z yarn: 1.22.22
2025-04-18T13:32:14.6997224Z ##[endgroup]
2025-04-18T13:32:14.7018189Z [command]/opt/hostedtoolcache/node/22.14.0/x64/bin/npm config get cache
2025-04-18T13:32:14.8128354Z /home/runner/.npm
2025-04-18T13:32:14.8267120Z ##[error]Some specified paths were not resolved, unable to cache dependencies.
2025-04-18T13:32:14.8376884Z ##[group]Run actions/upload-artifact@v4
2025-04-18T13:32:14.8377140Z with:
2025-04-18T13:32:14.8377316Z   name: server-test-results
2025-04-18T13:32:14.8377527Z   path: ./server/coverage
2025-04-18T13:32:14.8377731Z   if-no-files-found: warn
2025-04-18T13:32:14.8377924Z   compression-level: 6
2025-04-18T13:32:14.8378112Z   overwrite: false
2025-04-18T13:32:14.8378294Z   include-hidden-files: false
2025-04-18T13:32:14.8378499Z env:
2025-04-18T13:32:14.8378641Z   CI: true
2025-04-18T13:32:14.8378820Z ##[endgroup]
2025-04-18T13:32:15.0676941Z ##[warning]No files were found with the provided path: ./server/coverage. No artifacts will be uploaded.
2025-04-18T13:32:15.0793133Z Post job cleanup.
2025-04-18T13:32:15.1720179Z [command]/usr/bin/git version
2025-04-18T13:32:15.1761271Z git version 2.49.0
2025-04-18T13:32:15.1807609Z Temporarily overriding HOME='/home/runner/work/_temp/77f3e29e-c709-47c1-be2e-f9dc03c92e43' before making global git config changes
2025-04-18T13:32:15.1810802Z Adding repository directory to the temporary git global config as a safe directory
2025-04-18T13:32:15.1815457Z [command]/usr/bin/git config --global --add safe.directory /home/runner/work/date-night-app2/date-night-app2
2025-04-18T13:32:15.1857612Z [command]/usr/bin/git config --local --name-only --get-regexp core\.sshCommand
2025-04-18T13:32:15.1893381Z [command]/usr/bin/git submodule foreach --recursive sh -c "git config --local --name-only --get-regexp 'core\.sshCommand' && git config --local --unset-all 'core.sshCommand' || :"
2025-04-18T13:32:15.2139813Z [command]/usr/bin/git config --local --name-only --get-regexp http\.https\:\/\/github\.com\/\.extraheader
2025-04-18T13:32:15.2163117Z http.https://github.com/.extraheader
2025-04-18T13:32:15.2178951Z [command]/usr/bin/git config --local --unset-all http.https://github.com/.extraheader
2025-04-18T13:32:15.2212991Z [command]/usr/bin/git submodule foreach --recursive sh -c "git config --local --name-only --get-regexp 'http\.https\:\/\/github\.com\/\.extraheader' && git config --local --unset-all 'http.https://github.com/.extraheader' || :"
2025-04-18T13:32:15.2537610Z Print service container logs: 9de21ef8dbdf4e54add2aa47401e3f41_mongo6_c8aff5
2025-04-18T13:32:15.2541876Z ##[command]/usr/bin/docker logs --details f81ce9535cf0e0b2c49a6738abe3051bb6644705d1d97d22ec2af28d81ba87f7
2025-04-18T13:32:15.2683841Z  {"t":{"$date":"2025-04-18T13:32:11.182+00:00"},"s":"I",  "c":"CONTROL",  "id":23285,   "ctx":"-","msg":"Automatically disabling TLS 1.0, to force-enable TLS 1.0 specify --sslDisabledProtocols 'none'"}
2025-04-18T13:32:15.2696817Z  {"t":{"$date":"2025-04-18T13:32:11.182+00:00"},"s":"I",  "c":"NETWORK",  "id":4915701, "ctx":"-","msg":"Initialized wire specification","attr":{"spec":{"incomingExternalClient":{"minWireVersion":0,"maxWireVersion":17},"incomingInternalClient":{"minWireVersion":0,"maxWireVersion":17},"outgoing":{"minWireVersion":6,"maxWireVersion":17},"isInternalClient":true}}}
2025-04-18T13:32:15.2699765Z  {"t":{"$date":"2025-04-18T13:32:11.183+00:00"},"s":"I",  "c":"NETWORK",  "id":4648601, "ctx":"main","msg":"Implicit TCP FastOpen unavailable. If TCP FastOpen is required, set tcpFastOpenServer, tcpFastOpenClient, and tcpFastOpenQueueSize."}
2025-04-18T13:32:15.2701948Z  {"t":{"$date":"2025-04-18T13:32:11.184+00:00"},"s":"I",  "c":"REPL",     "id":5123008, "ctx":"main","msg":"Successfully registered PrimaryOnlyService","attr":{"service":"TenantMigrationDonorService","namespace":"config.tenantMigrationDonors"}}
2025-04-18T13:32:15.2704896Z  {"t":{"$date":"2025-04-18T13:32:11.184+00:00"},"s":"I",  "c":"REPL",     "id":5123008, "ctx":"main","msg":"Successfully registered PrimaryOnlyService","attr":{"service":"TenantMigrationRecipientService","namespace":"config.tenantMigrationRecipients"}}
2025-04-18T13:32:15.2707320Z  {"t":{"$date":"2025-04-18T13:32:11.184+00:00"},"s":"I",  "c":"REPL",     "id":5123008, "ctx":"main","msg":"Successfully registered PrimaryOnlyService","attr":{"service":"ShardSplitDonorService","namespace":"config.tenantSplitDonors"}}
2025-04-18T13:32:15.2708835Z  {"t":{"$date":"2025-04-18T13:32:11.184+00:00"},"s":"I",  "c":"CONTROL",  "id":5945603, "ctx":"main","msg":"Multi threading initialized"}
2025-04-18T13:32:15.2710236Z  {"t":{"$date":"2025-04-18T13:32:11.184+00:00"},"s":"I",  "c":"CONTROL",  "id":4615611, "ctx":"initandlisten","msg":"MongoDB starting","attr":{"pid":1,"port":27017,"dbPath":"/data/db","architecture":"64-bit","host":"f81ce9535cf0"}}
2025-04-18T13:32:15.2716401Z  {"t":{"$date":"2025-04-18T13:32:11.184+00:00"},"s":"I",  "c":"CONTROL",  "id":23403,   "ctx":"initandlisten","msg":"Build Info","attr":{"buildInfo":{"version":"6.0.22","gitVersion":"ee527360b84c6798535ee0895de3c7186b3522f9","openSSLVersion":"OpenSSL 3.0.2 15 Mar 2022","modules":[],"allocator":"tcmalloc","environment":{"distmod":"ubuntu2204","distarch":"x86_64","target_arch":"x86_64"}}}}
2025-04-18T13:32:15.2718252Z  {"t":{"$date":"2025-04-18T13:32:11.184+00:00"},"s":"I",  "c":"CONTROL",  "id":51765,   "ctx":"initandlisten","msg":"Operating System","attr":{"os":{"name":"Ubuntu","version":"22.04"}}}
2025-04-18T13:32:15.2719063Z  {"t":{"$date":"2025-04-18T13:32:11.184+00:00"},"s":"I",  "c":"CONTROL",  "id":21951,   "ctx":"initandlisten","msg":"Options set by command line","attr":{"options":{"net":{"bindIp":"*"}}}}
2025-04-18T13:32:15.2720203Z  {"t":{"$date":"2025-04-18T13:32:11.185+00:00"},"s":"I",  "c":"STORAGE",  "id":22297,   "ctx":"initandlisten","msg":"Using the XFS filesystem is strongly recommended with the WiredTiger storage engine. See http://dochub.mongodb.org/core/prodnotes-filesystem","tags":["startupWarnings"]}
2025-04-18T13:32:15.2723221Z  {"t":{"$date":"2025-04-18T13:32:11.186+00:00"},"s":"I",  "c":"STORAGE",  "id":22315,   "ctx":"initandlisten","msg":"Opening WiredTiger","attr":{"config":"create,cache_size=3457M,session_max=33000,eviction=(threads_min=4,threads_max=4),config_base=false,statistics=(fast),log=(enabled=true,remove=true,path=journal,compressor=snappy),builtin_extension_config=(zstd=(compression_level=6)),file_manager=(close_idle_time=600,close_scan_interval=10,close_handle_minimum=2000),statistics_log=(wait=0),json_output=(error,message),verbose=[recovery_progress:1,checkpoint_progress:1,compact_progress:1,backup:0,checkpoint:0,compact:0,evict:0,history_store:0,recovery:0,rts:0,salvage:0,tiered:0,timestamp:0,transaction:0,verify:0,log:0],"}}
2025-04-18T13:32:15.2726424Z  {"t":{"$date":"2025-04-18T13:32:11.395+00:00"},"s":"I",  "c":"WTRECOV",  "id":22430,   "ctx":"initandlisten","msg":"WiredTiger message","attr":{"message":{"ts_sec":1744983131,"ts_usec":395404,"thread":"1:0x7fb5c2aa9cc0","session_name":"txn-recover","category":"WT_VERB_RECOVERY_PROGRESS","category_id":30,"verbose_level":"DEBUG","verbose_level_id":1,"msg":"recovery log replay has successfully finished and ran for 0 milliseconds"}}}
2025-04-18T13:32:15.2728396Z  {"t":{"$date":"2025-04-18T13:32:11.395+00:00"},"s":"I",  "c":"WTRECOV",  "id":22430,   "ctx":"initandlisten","msg":"WiredTiger message","attr":{"message":{"ts_sec":1744983131,"ts_usec":395708,"thread":"1:0x7fb5c2aa9cc0","session_name":"txn-recover","category":"WT_VERB_RECOVERY_PROGRESS","category_id":30,"verbose_level":"DEBUG","verbose_level_id":1,"msg":"Set global recovery timestamp: (0, 0)"}}}
2025-04-18T13:32:15.2730248Z  {"t":{"$date":"2025-04-18T13:32:11.395+00:00"},"s":"I",  "c":"WTRECOV",  "id":22430,   "ctx":"initandlisten","msg":"WiredTiger message","attr":{"message":{"ts_sec":1744983131,"ts_usec":395822,"thread":"1:0x7fb5c2aa9cc0","session_name":"txn-recover","category":"WT_VERB_RECOVERY_PROGRESS","category_id":30,"verbose_level":"DEBUG","verbose_level_id":1,"msg":"Set global oldest timestamp: (0, 0)"}}}
2025-04-18T13:32:15.2732388Z  {"t":{"$date":"2025-04-18T13:32:11.396+00:00"},"s":"I",  "c":"WTRECOV",  "id":22430,   "ctx":"initandlisten","msg":"WiredTiger message","attr":{"message":{"ts_sec":1744983131,"ts_usec":395990,"thread":"1:0x7fb5c2aa9cc0","session_name":"txn-recover","category":"WT_VERB_RECOVERY_PROGRESS","category_id":30,"verbose_level":"DEBUG","verbose_level_id":1,"msg":"recovery was completed successfully and took 0ms, including 0ms for the log replay, 0ms for the rollback to stable, and 0ms for the checkpoint."}}}
2025-04-18T13:32:15.2733948Z  {"t":{"$date":"2025-04-18T13:32:11.400+00:00"},"s":"I",  "c":"STORAGE",  "id":4795906, "ctx":"initandlisten","msg":"WiredTiger opened","attr":{"durationMillis":214}}
2025-04-18T13:32:15.2734917Z  {"t":{"$date":"2025-04-18T13:32:11.401+00:00"},"s":"I",  "c":"RECOVERY", "id":23987,   "ctx":"initandlisten","msg":"WiredTiger recoveryTimestamp","attr":{"recoveryTimestamp":{"$timestamp":{"t":0,"i":0}}}}
2025-04-18T13:32:15.2736002Z  {"t":{"$date":"2025-04-18T13:32:11.411+00:00"},"s":"W",  "c":"CONTROL",  "id":22120,   "ctx":"initandlisten","msg":"Access control is not enabled for the database. Read and write access to data and configuration is unrestricted","tags":["startupWarnings"]}
2025-04-18T13:32:15.2737226Z  {"t":{"$date":"2025-04-18T13:32:11.411+00:00"},"s":"W",  "c":"CONTROL",  "id":22178,   "ctx":"initandlisten","msg":"/sys/kernel/mm/transparent_hugepage/enabled is 'always'. We suggest setting it to 'never' in this binary version","tags":["startupWarnings"]}
2025-04-18T13:32:15.2738389Z  {"t":{"$date":"2025-04-18T13:32:11.411+00:00"},"s":"W",  "c":"CONTROL",  "id":5123300, "ctx":"initandlisten","msg":"vm.max_map_count is too low","attr":{"currentValue":262144,"recommendedMinimum":1677720,"maxConns":838860},"tags":["startupWarnings"]}
2025-04-18T13:32:15.2739774Z  {"t":{"$date":"2025-04-18T13:32:11.412+00:00"},"s":"I",  "c":"STORAGE",  "id":20320,   "ctx":"initandlisten","msg":"createCollection","attr":{"namespace":"admin.system.version","uuidDisposition":"provided","uuid":{"uuid":{"$uuid":"b4be28c7-440b-4f98-9ab5-da2b02e87fa1"}},"options":{"uuid":{"$uuid":"b4be28c7-440b-4f98-9ab5-da2b02e87fa1"}}}}
2025-04-18T13:32:15.2741866Z  {"t":{"$date":"2025-04-18T13:32:11.418+00:00"},"s":"I",  "c":"INDEX",    "id":20345,   "ctx":"initandlisten","msg":"Index build: done building","attr":{"buildUUID":null,"collectionUUID":{"uuid":{"$uuid":"b4be28c7-440b-4f98-9ab5-da2b02e87fa1"}},"namespace":"admin.system.version","index":"_id_","ident":"index-1-6649571817315171437","collectionIdent":"collection-0-6649571817315171437","commitTimestamp":null}}
2025-04-18T13:32:15.2743269Z  {"t":{"$date":"2025-04-18T13:32:11.418+00:00"},"s":"I",  "c":"REPL",     "id":20459,   "ctx":"initandlisten","msg":"Setting featureCompatibilityVersion","attr":{"newVersion":"6.0"}}
2025-04-18T13:32:15.2744185Z  {"t":{"$date":"2025-04-18T13:32:11.418+00:00"},"s":"I",  "c":"REPL",     "id":5853300, "ctx":"initandlisten","msg":"current featureCompatibilityVersion value","attr":{"featureCompatibilityVersion":"6.0","context":"setFCV"}}
2025-04-18T13:32:15.2746528Z  {"t":{"$date":"2025-04-18T13:32:11.418+00:00"},"s":"I",  "c":"NETWORK",  "id":4915702, "ctx":"initandlisten","msg":"Updated wire specification","attr":{"oldSpec":{"incomingExternalClient":{"minWireVersion":0,"maxWireVersion":17},"incomingInternalClient":{"minWireVersion":0,"maxWireVersion":17},"outgoing":{"minWireVersion":6,"maxWireVersion":17},"isInternalClient":true},"newSpec":{"incomingExternalClient":{"minWireVersion":0,"maxWireVersion":17},"incomingInternalClient":{"minWireVersion":17,"maxWireVersion":17},"outgoing":{"minWireVersion":17,"maxWireVersion":17},"isInternalClient":true}}}
2025-04-18T13:32:15.2749671Z  {"t":{"$date":"2025-04-18T13:32:11.418+00:00"},"s":"I",  "c":"NETWORK",  "id":4915702, "ctx":"initandlisten","msg":"Updated wire specification","attr":{"oldSpec":{"incomingExternalClient":{"minWireVersion":0,"maxWireVersion":17},"incomingInternalClient":{"minWireVersion":17,"maxWireVersion":17},"outgoing":{"minWireVersion":17,"maxWireVersion":17},"isInternalClient":true},"newSpec":{"incomingExternalClient":{"minWireVersion":0,"maxWireVersion":17},"incomingInternalClient":{"minWireVersion":17,"maxWireVersion":17},"outgoing":{"minWireVersion":17,"maxWireVersion":17},"isInternalClient":true}}}
2025-04-18T13:32:15.2751773Z  {"t":{"$date":"2025-04-18T13:32:11.419+00:00"},"s":"I",  "c":"REPL",     "id":5853300, "ctx":"initandlisten","msg":"current featureCompatibilityVersion value","attr":{"featureCompatibilityVersion":"6.0","context":"startup"}}
2025-04-18T13:32:15.2752596Z  {"t":{"$date":"2025-04-18T13:32:11.419+00:00"},"s":"I",  "c":"STORAGE",  "id":5071100, "ctx":"initandlisten","msg":"Clearing temp directory"}
2025-04-18T13:32:15.2753222Z  {"t":{"$date":"2025-04-18T13:32:11.419+00:00"},"s":"I",  "c":"CONTROL",  "id":20536,   "ctx":"initandlisten","msg":"Flow Control is enabled on this deployment"}
2025-04-18T13:32:15.2754030Z  {"t":{"$date":"2025-04-18T13:32:11.419+00:00"},"s":"I",  "c":"FTDC",     "id":20625,   "ctx":"initandlisten","msg":"Initializing full-time diagnostic data capture","attr":{"dataDirectory":"/data/db/diagnostic.data"}}
2025-04-18T13:32:15.2755736Z  {"t":{"$date":"2025-04-18T13:32:11.420+00:00"},"s":"I",  "c":"STORAGE",  "id":20320,   "ctx":"initandlisten","msg":"createCollection","attr":{"namespace":"local.startup_log","uuidDisposition":"generated","uuid":{"uuid":{"$uuid":"dd923a8e-bc1f-4194-997e-fc98783df8e8"}},"options":{"capped":true,"size":10485760}}}
2025-04-18T13:32:15.2757487Z  {"t":{"$date":"2025-04-18T13:32:11.427+00:00"},"s":"I",  "c":"INDEX",    "id":20345,   "ctx":"initandlisten","msg":"Index build: done building","attr":{"buildUUID":null,"collectionUUID":{"uuid":{"$uuid":"dd923a8e-bc1f-4194-997e-fc98783df8e8"}},"namespace":"local.startup_log","index":"_id_","ident":"index-3-6649571817315171437","collectionIdent":"collection-2-6649571817315171437","commitTimestamp":null}}
2025-04-18T13:32:15.2758992Z  {"t":{"$date":"2025-04-18T13:32:11.427+00:00"},"s":"I",  "c":"REPL",     "id":6015317, "ctx":"initandlisten","msg":"Setting new configuration state","attr":{"newState":"ConfigReplicationDisabled","oldState":"ConfigPreStart"}}
2025-04-18T13:32:15.2760003Z  {"t":{"$date":"2025-04-18T13:32:11.428+00:00"},"s":"I",  "c":"STORAGE",  "id":22262,   "ctx":"initandlisten","msg":"Timestamp monitor starting"}
2025-04-18T13:32:15.2761140Z  {"t":{"$date":"2025-04-18T13:32:11.429+00:00"},"s":"I",  "c":"STORAGE",  "id":20320,   "ctx":"LogicalSessionCacheRefresh","msg":"createCollection","attr":{"namespace":"config.system.sessions","uuidDisposition":"generated","uuid":{"uuid":{"$uuid":"599a6d6c-4b51-4de0-b7a5-9248535cc8f5"}},"options":{}}}
2025-04-18T13:32:15.2762575Z  {"t":{"$date":"2025-04-18T13:32:11.430+00:00"},"s":"I",  "c":"CONTROL",  "id":20712,   "ctx":"LogicalSessionCacheReap","msg":"Sessions collection is not set up; waiting until next sessions reap interval","attr":{"error":"NamespaceNotFound: config.system.sessions does not exist"}}
2025-04-18T13:32:15.2763617Z  {"t":{"$date":"2025-04-18T13:32:11.430+00:00"},"s":"I",  "c":"NETWORK",  "id":23015,   "ctx":"listener","msg":"Listening on","attr":{"address":"/tmp/mongodb-27017.sock"}}
2025-04-18T13:32:15.2764278Z  {"t":{"$date":"2025-04-18T13:32:11.430+00:00"},"s":"I",  "c":"NETWORK",  "id":23015,   "ctx":"listener","msg":"Listening on","attr":{"address":"0.0.0.0"}}
2025-04-18T13:32:15.2765226Z  {"t":{"$date":"2025-04-18T13:32:11.431+00:00"},"s":"I",  "c":"NETWORK",  "id":23016,   "ctx":"listener","msg":"Waiting for connections","attr":{"port":27017,"ssl":"off"}}
2025-04-18T13:32:15.2769187Z  {"t":{"$date":"2025-04-18T13:32:11.431+00:00"},"s":"I",  "c":"CONTROL",  "id":8423403, "ctx":"initandlisten","msg":"mongod startup complete","attr":{"Summary of time elapsed":{"Startup from clean shutdown?":true,"Statistics":{"Transport layer setup":"0 ms","Run initial syncer crash recovery":"0 ms","Create storage engine lock file in the data directory":"0 ms","Create storage engine lock file in the data directory":"0 ms","Get metadata describing storage engine":"0 ms","Get metadata describing storage engine":"0 ms","Create storage engine":"0 ms","Create storage engine":"223 ms","Write current PID to file":"0 ms","Write current PID to file":"0 ms","Write a new metadata for storage engine":"0 ms","Write a new metadata for storage engine":"0 ms","Initialize FCV before rebuilding indexes":"0 ms","Initialize FCV before rebuilding indexes":"1 ms","Drop abandoned idents and get back indexes that need to be rebuilt or builds that need to be restarted":"0 ms","Drop abandoned idents and get back indexes that need to be rebuilt or builds that need to be restarted":"0 ms","Rebuild indexes for collections":"0 ms","Rebuild indexes for collections":"0 ms","Build user and roles graph":"0 ms","Set up the background thread pool responsible for waiting for opTimes to be majority committed":"0 ms","Start up the replication coordinator":"0 ms","Start transport layer":"1 ms","_initAndListen total elapsed time":"247 ms"}}}}
2025-04-18T13:32:15.2774013Z  {"t":{"$date":"2025-04-18T13:32:11.440+00:00"},"s":"I",  "c":"INDEX",    "id":20345,   "ctx":"LogicalSessionCacheRefresh","msg":"Index build: done building","attr":{"buildUUID":null,"collectionUUID":{"uuid":{"$uuid":"599a6d6c-4b51-4de0-b7a5-9248535cc8f5"}},"namespace":"config.system.sessions","index":"_id_","ident":"index-5-6649571817315171437","collectionIdent":"collection-4-6649571817315171437","commitTimestamp":null}}
2025-04-18T13:32:15.2776338Z  {"t":{"$date":"2025-04-18T13:32:11.440+00:00"},"s":"I",  "c":"INDEX",    "id":20345,   "ctx":"LogicalSessionCacheRefresh","msg":"Index build: done building","attr":{"buildUUID":null,"collectionUUID":{"uuid":{"$uuid":"599a6d6c-4b51-4de0-b7a5-9248535cc8f5"}},"namespace":"config.system.sessions","index":"lsidTTLIndex","ident":"index-6-6649571817315171437","collectionIdent":"collection-4-6649571817315171437","commitTimestamp":null}}
2025-04-18T13:32:15.2782579Z Stop and remove container: 9de21ef8dbdf4e54add2aa47401e3f41_mongo6_c8aff5
2025-04-18T13:32:15.2787501Z ##[command]/usr/bin/docker rm --force f81ce9535cf0e0b2c49a6738abe3051bb6644705d1d97d22ec2af28d81ba87f7
2025-04-18T13:32:15.5652544Z f81ce9535cf0e0b2c49a6738abe3051bb6644705d1d97d22ec2af28d81ba87f7
2025-04-18T13:32:15.5677005Z Remove container network: github_network_61c80561e16d4c518cf6981490923258
2025-04-18T13:32:15.5681463Z ##[command]/usr/bin/docker network rm github_network_61c80561e16d4c518cf6981490923258
2025-04-18T13:32:15.6582690Z github_network_61c80561e16d4c518cf6981490923258
2025-04-18T13:32:15.6638513Z Cleaning up orphan processes
