2025-04-16T15:12:51.0095606Z Current runner version: '2.323.0'
2025-04-16T15:12:51.0133446Z ##[group]Operating System
2025-04-16T15:12:51.0134777Z Ubuntu
2025-04-16T15:12:51.0136044Z 24.04.2
2025-04-16T15:12:51.0136907Z LTS
2025-04-16T15:12:51.0137789Z ##[endgroup]
2025-04-16T15:12:51.0138625Z ##[group]Runner Image
2025-04-16T15:12:51.0139568Z Image: ubuntu-24.04
2025-04-16T15:12:51.0140500Z Version: 20250413.1.0
2025-04-16T15:12:51.0142199Z Included Software: https://github.com/actions/runner-images/blob/ubuntu24/20250413.1/images/ubuntu/Ubuntu2404-Readme.md
2025-04-16T15:12:51.0144683Z Image Release: https://github.com/actions/runner-images/releases/tag/ubuntu24%2F20250413.1
2025-04-16T15:12:51.0146846Z ##[endgroup]
2025-04-16T15:12:51.0147946Z ##[group]Runner Image Provisioner
2025-04-16T15:12:51.0148956Z 2.0.422.1
2025-04-16T15:12:51.0149780Z ##[endgroup]
2025-04-16T15:12:51.0151760Z ##[group]GITHUB_TOKEN Permissions
2025-04-16T15:12:51.0154442Z Actions: read
2025-04-16T15:12:51.0155655Z Contents: write
2025-04-16T15:12:51.0156814Z Metadata: read
2025-04-16T15:12:51.0157794Z ##[endgroup]
2025-04-16T15:12:51.0160997Z Secret source: Actions
2025-04-16T15:12:51.0162327Z Prepare workflow directory
2025-04-16T15:12:51.0878822Z Prepare all required actions
2025-04-16T15:12:51.0935815Z Getting action download info
2025-04-16T15:12:51.7390620Z ##[group]Download immutable action package 'actions/checkout@v4'
2025-04-16T15:12:51.7391720Z Version: 4.2.2
2025-04-16T15:12:51.7392878Z Digest: sha256:ccb2698953eaebd21c7bf6268a94f9c26518a7e38e27e0b83c1fe1ad049819b1
2025-04-16T15:12:51.7394155Z Source commit SHA: 11bd71901bbe5b1630ceea73d27597364c9af683
2025-04-16T15:12:51.7394914Z ##[endgroup]
2025-04-16T15:12:51.8404006Z ##[group]Download immutable action package 'actions/setup-node@v4'
2025-04-16T15:12:51.8404823Z Version: 4.4.0
2025-04-16T15:12:51.8406001Z Digest: sha256:9427cefe82346e992fb5b949e3569b39d537ae41aa3086483b14eceebfc16bc1
2025-04-16T15:12:51.8407157Z Source commit SHA: 49933ea5288caeca8642d1e84afbd3f7d6820020
2025-04-16T15:12:51.8407920Z ##[endgroup]
2025-04-16T15:12:52.2425677Z Complete job name: sync-error-logs
2025-04-16T15:12:52.3119639Z ##[group]Run actions/checkout@v4
2025-04-16T15:12:52.3120548Z with:
2025-04-16T15:12:52.3120980Z   fetch-depth: 0
2025-04-16T15:12:52.3121641Z   token: ***
2025-04-16T15:12:52.3122091Z   repository: mrkurger/date-night-app2
2025-04-16T15:12:52.3122646Z   ssh-strict: true
2025-04-16T15:12:52.3123066Z   ssh-user: git
2025-04-16T15:12:52.3123488Z   persist-credentials: true
2025-04-16T15:12:52.3123970Z   clean: true
2025-04-16T15:12:52.3124395Z   sparse-checkout-cone-mode: true
2025-04-16T15:12:52.3124911Z   fetch-tags: false
2025-04-16T15:12:52.3125513Z   show-progress: true
2025-04-16T15:12:52.3125955Z   lfs: false
2025-04-16T15:12:52.3126354Z   submodules: false
2025-04-16T15:12:52.3126803Z   set-safe-directory: true
2025-04-16T15:12:52.3127526Z env:
2025-04-16T15:12:52.3127926Z   CI: true
2025-04-16T15:12:52.3128304Z ##[endgroup]
2025-04-16T15:12:52.5138606Z Syncing repository: mrkurger/date-night-app2
2025-04-16T15:12:52.5141165Z ##[group]Getting Git version info
2025-04-16T15:12:52.5142221Z Working directory is '/home/runner/work/date-night-app2/date-night-app2'
2025-04-16T15:12:52.5145304Z [command]/usr/bin/git version
2025-04-16T15:12:52.5177613Z git version 2.49.0
2025-04-16T15:12:52.5210919Z ##[endgroup]
2025-04-16T15:12:52.5229221Z Temporarily overriding HOME='/home/runner/work/_temp/177aa235-9e42-4414-9f67-2fad9e82593a' before making global git config changes
2025-04-16T15:12:52.5233412Z Adding repository directory to the temporary git global config as a safe directory
2025-04-16T15:12:52.5236470Z [command]/usr/bin/git config --global --add safe.directory /home/runner/work/date-night-app2/date-night-app2
2025-04-16T15:12:52.5268776Z Deleting the contents of '/home/runner/work/date-night-app2/date-night-app2'
2025-04-16T15:12:52.5273583Z ##[group]Initializing the repository
2025-04-16T15:12:52.5279287Z [command]/usr/bin/git init /home/runner/work/date-night-app2/date-night-app2
2025-04-16T15:12:52.5348810Z hint: Using 'master' as the name for the initial branch. This default branch name
2025-04-16T15:12:52.5351252Z hint: is subject to change. To configure the initial branch name to use in all
2025-04-16T15:12:52.5352780Z hint: of your new repositories, which will suppress this warning, call:
2025-04-16T15:12:52.5353818Z hint:
2025-04-16T15:12:52.5354873Z hint: 	git config --global init.defaultBranch <name>
2025-04-16T15:12:52.5356143Z hint:
2025-04-16T15:12:52.5357348Z hint: Names commonly chosen instead of 'master' are 'main', 'trunk' and
2025-04-16T15:12:52.5359144Z hint: 'development'. The just-created branch can be renamed via this command:
2025-04-16T15:12:52.5360826Z hint:
2025-04-16T15:12:52.5361693Z hint: 	git branch -m <name>
2025-04-16T15:12:52.5366198Z Initialized empty Git repository in /home/runner/work/date-night-app2/date-night-app2/.git/
2025-04-16T15:12:52.5378435Z [command]/usr/bin/git remote add origin https://github.com/mrkurger/date-night-app2
2025-04-16T15:12:52.5415452Z ##[endgroup]
2025-04-16T15:12:52.5417800Z ##[group]Disabling automatic garbage collection
2025-04-16T15:12:52.5420201Z [command]/usr/bin/git config --local gc.auto 0
2025-04-16T15:12:52.5453120Z ##[endgroup]
2025-04-16T15:12:52.5456205Z ##[group]Setting up auth
2025-04-16T15:12:52.5466265Z [command]/usr/bin/git config --local --name-only --get-regexp core\.sshCommand
2025-04-16T15:12:52.5495856Z [command]/usr/bin/git submodule foreach --recursive sh -c "git config --local --name-only --get-regexp 'core\.sshCommand' && git config --local --unset-all 'core.sshCommand' || :"
2025-04-16T15:12:52.5843629Z [command]/usr/bin/git config --local --name-only --get-regexp http\.https\:\/\/github\.com\/\.extraheader
2025-04-16T15:12:52.5877610Z [command]/usr/bin/git submodule foreach --recursive sh -c "git config --local --name-only --get-regexp 'http\.https\:\/\/github\.com\/\.extraheader' && git config --local --unset-all 'http.https://github.com/.extraheader' || :"
2025-04-16T15:12:52.6116608Z [command]/usr/bin/git config --local http.https://github.com/.extraheader AUTHORIZATION: basic ***
2025-04-16T15:12:52.6173029Z ##[endgroup]
2025-04-16T15:12:52.6175948Z ##[group]Fetching the repository
2025-04-16T15:12:52.6183673Z [command]/usr/bin/git -c protocol.version=2 fetch --prune --no-recurse-submodules origin +refs/heads/*:refs/remotes/origin/* +refs/tags/*:refs/tags/*
2025-04-16T15:13:01.4501838Z From https://github.com/mrkurger/date-night-app2
2025-04-16T15:13:01.4503477Z  * [new branch]      dependabot/github_actions/dawidd6/action-download-artifact-9 -> origin/dependabot/github_actions/dawidd6/action-download-artifact-9
2025-04-16T15:13:01.4505401Z  * [new branch]      dependabot/npm_and_yarn/server/multi-94fa72f662 -> origin/dependabot/npm_and_yarn/server/multi-94fa72f662
2025-04-16T15:13:01.4515929Z  * [new branch]      main       -> origin/main
2025-04-16T15:13:01.4557490Z [command]/usr/bin/git branch --list --remote origin/main
2025-04-16T15:13:01.4594768Z   origin/main
2025-04-16T15:13:01.4617131Z [command]/usr/bin/git rev-parse refs/remotes/origin/main
2025-04-16T15:13:01.4644372Z 6e8155f4f39e20ba807eafef1ed085b51244ba46
2025-04-16T15:13:01.4659085Z ##[endgroup]
2025-04-16T15:13:01.4688997Z ##[group]Determining the checkout info
2025-04-16T15:13:01.4690006Z ##[endgroup]
2025-04-16T15:13:01.4690498Z [command]/usr/bin/git sparse-checkout disable
2025-04-16T15:13:01.4732530Z [command]/usr/bin/git config --local --unset-all extensions.worktreeConfig
2025-04-16T15:13:01.4776250Z ##[group]Checking out the ref
2025-04-16T15:13:01.4782180Z [command]/usr/bin/git checkout --progress --force -B main refs/remotes/origin/main
2025-04-16T15:13:01.8778035Z Switched to a new branch 'main'
2025-04-16T15:13:01.8779097Z branch 'main' set up to track 'origin/main'.
2025-04-16T15:13:01.8816256Z ##[endgroup]
2025-04-16T15:13:01.8869915Z [command]/usr/bin/git log -1 --format=%H
2025-04-16T15:13:01.8904831Z 6e8155f4f39e20ba807eafef1ed085b51244ba46
2025-04-16T15:13:01.9216896Z ##[group]Run actions/setup-node@v4
2025-04-16T15:13:01.9217183Z with:
2025-04-16T15:13:01.9217621Z   node-version: 22.x
2025-04-16T15:13:01.9217809Z   always-auth: false
2025-04-16T15:13:01.9217999Z   check-latest: false
2025-04-16T15:13:01.9218320Z   token: ***
2025-04-16T15:13:01.9218495Z env:
2025-04-16T15:13:01.9218646Z   CI: true
2025-04-16T15:13:01.9218813Z ##[endgroup]
2025-04-16T15:13:02.0976411Z Found in cache @ /opt/hostedtoolcache/node/22.14.0/x64
2025-04-16T15:13:02.0977269Z ##[group]Environment details
2025-04-16T15:13:16.1431300Z node: v22.14.0
2025-04-16T15:13:16.1432362Z npm: 10.9.2
2025-04-16T15:13:16.1433770Z yarn: 1.22.22
2025-04-16T15:13:16.1435907Z ##[endgroup]
2025-04-16T15:13:16.1563114Z ##[group]Run npm install @octokit/rest@19.0.13 fs-extra@11.2.0
2025-04-16T15:13:16.1563561Z [36;1mnpm install @octokit/rest@19.0.13 fs-extra@11.2.0[0m
2025-04-16T15:13:16.1617499Z shell: /usr/bin/bash -e {0}
2025-04-16T15:13:16.1617759Z env:
2025-04-16T15:13:16.1617921Z   CI: true
2025-04-16T15:13:16.1618090Z ##[endgroup]
2025-04-16T15:13:26.6984249Z npm warn deprecated xss-clean@0.1.4: Package no longer supported. Contact Support at https://www.npmjs.com/support for more info.
2025-04-16T15:13:27.8629060Z npm warn deprecated rimraf@3.0.2: Rimraf versions prior to v4 are no longer supported
2025-04-16T15:13:28.3590156Z npm warn deprecated passport-reddit@1.1.0: While functionally complete, this library will not be receiving any updates going forwards. Users are actively discouraged from using OAuth2 for authentication. See archival notice on github for more details.
2025-04-16T15:13:28.6307642Z npm warn deprecated npmlog@5.0.1: This package is no longer supported.
2025-04-16T15:13:29.0869804Z npm warn deprecated superagent@8.1.2: Please upgrade to v9.0.0+ as we have fixed a public vulnerability with formidable dependency. Note that v9.0.0+ requires Node.js v14.18.0+. See https://github.com/ladjs/superagent/pull/1800 for insight. This project is supported and maintained by the team at Forward Email @ https://forwardemail.net
2025-04-16T15:13:29.6604946Z npm warn deprecated inflight@1.0.6: This module is not supported, and leaks memory. Do not use it. Check out lru-cache if you want a good and tested way to coalesce async requests by a key value, which is much more comprehensive and powerful.
2025-04-16T15:13:30.1599695Z npm warn deprecated glob@7.2.3: Glob versions prior to v9 are no longer supported
2025-04-16T15:13:30.5225007Z npm warn deprecated gauge@3.0.2: This package is no longer supported.
2025-04-16T15:13:30.8441606Z npm warn deprecated domexception@4.0.0: Use your platform's native DOMException instead
2025-04-16T15:13:31.7360973Z npm warn deprecated are-we-there-yet@2.0.0: This package is no longer supported.
2025-04-16T15:13:31.9729077Z npm warn deprecated abab@2.0.6: Use your platform's native atob() and btoa() methods instead
2025-04-16T15:13:33.1656152Z npm warn deprecated @humanwhocodes/object-schema@2.0.3: Use @eslint/object-schema instead
2025-04-16T15:13:33.1916765Z npm warn deprecated @humanwhocodes/config-array@0.11.14: Use @eslint/config-array instead
2025-04-16T15:13:40.9295302Z npm warn deprecated eslint@8.56.0: This version is no longer supported. Please see https://eslint.org/version-support for other options.
2025-04-16T15:13:40.9480659Z npm warn deprecated eslint@8.56.0: This version is no longer supported. Please see https://eslint.org/version-support for other options.
2025-04-16T15:14:09.8495832Z 
2025-04-16T15:14:09.8497345Z added 1914 packages, and audited 1917 packages in 54s
2025-04-16T15:14:09.8498631Z 
2025-04-16T15:14:09.8498905Z 354 packages are looking for funding
2025-04-16T15:14:09.8499387Z   run `npm fund` for details
2025-04-16T15:14:09.8685599Z 
2025-04-16T15:14:09.8686357Z 9 moderate severity vulnerabilities
2025-04-16T15:14:09.8694455Z 
2025-04-16T15:14:09.8695028Z To address issues that do not require attention, run:
2025-04-16T15:14:09.8695971Z   npm audit fix
2025-04-16T15:14:09.8696350Z 
2025-04-16T15:14:09.8697047Z To address all issues (including breaking changes), run:
2025-04-16T15:14:09.8698416Z   npm audit fix --force
2025-04-16T15:14:09.8699096Z 
2025-04-16T15:14:09.8699414Z Run `npm audit` for details.
2025-04-16T15:14:09.9569811Z ##[group]Run cat > fetch-workflow-logs.js << 'EOF'
2025-04-16T15:14:09.9570559Z [36;1mcat > fetch-workflow-logs.js << 'EOF'[0m
2025-04-16T15:14:09.9570871Z [36;1mconst { Octokit } = require('@octokit/rest');[0m
2025-04-16T15:14:09.9571162Z [36;1mconst fs = require('fs-extra');[0m
2025-04-16T15:14:09.9571422Z [36;1mconst path = require('path');[0m
2025-04-16T15:14:09.9571663Z [36;1m[0m
2025-04-16T15:14:09.9571836Z [36;1masync function main() {[0m
2025-04-16T15:14:09.9572088Z [36;1m  const owner = process.env.REPO_OWNER;[0m
2025-04-16T15:14:09.9572370Z [36;1m  const repo = process.env.REPO_NAME;[0m
2025-04-16T15:14:09.9572686Z [36;1m  const logsDir = path.join('workflow-error-logs');[0m
2025-04-16T15:14:09.9572965Z [36;1m  [0m
2025-04-16T15:14:09.9573207Z [36;1m  console.log(`Fetching workflow logs for ${owner}/${repo}`);[0m
2025-04-16T15:14:09.9573504Z [36;1m  [0m
2025-04-16T15:14:09.9573719Z [36;1m  // Create logs directory if it doesn't exist[0m
2025-04-16T15:14:09.9574027Z [36;1m  await fs.ensureDir(logsDir);[0m
2025-04-16T15:14:09.9574243Z [36;1m  [0m
2025-04-16T15:14:09.9574413Z [36;1m  const octokit = new Octokit({[0m
2025-04-16T15:14:09.9574663Z [36;1m    auth: process.env.GITHUB_TOKEN,[0m
2025-04-16T15:14:09.9574902Z [36;1m    request: {[0m
2025-04-16T15:14:09.9580407Z [36;1m      retries: 3,[0m
2025-04-16T15:14:09.9580681Z [36;1m      retryAfter: 1[0m
2025-04-16T15:14:09.9580883Z [36;1m    }[0m
2025-04-16T15:14:09.9581037Z [36;1m  });[0m
2025-04-16T15:14:09.9581194Z [36;1m  [0m
2025-04-16T15:14:09.9581357Z [36;1m  // Get all workflows[0m
2025-04-16T15:14:09.9581694Z [36;1m  const { data: workflows } = await octokit.actions.listRepoWorkflows({[0m
2025-04-16T15:14:09.9582040Z [36;1m    owner,[0m
2025-04-16T15:14:09.9582221Z [36;1m    repo,[0m
2025-04-16T15:14:09.9582387Z [36;1m  });[0m
2025-04-16T15:14:09.9582547Z [36;1m  [0m
2025-04-16T15:14:09.9582746Z [36;1m  // Get recent workflow runs (last 30 days)[0m
2025-04-16T15:14:09.9583022Z [36;1m  const thirtyDaysAgo = new Date();[0m
2025-04-16T15:14:09.9583342Z [36;1m  thirtyDaysAgo.setDate(thirtyDaysAgo.getDate() - 30);[0m
2025-04-16T15:14:09.9583625Z [36;1m  [0m
2025-04-16T15:14:09.9583835Z [36;1m  for (const workflow of workflows.workflows) {[0m
2025-04-16T15:14:09.9584214Z [36;1m    console.log(`Processing workflow: ${workflow.name} (${workflow.id})`);[0m
2025-04-16T15:14:09.9584562Z [36;1m    [0m
2025-04-16T15:14:09.9584729Z [36;1m    try {[0m
2025-04-16T15:14:09.9584993Z [36;1m      const { data: runs } = await octokit.actions.listWorkflowRuns({[0m
2025-04-16T15:14:09.9585714Z [36;1m        owner,[0m
2025-04-16T15:14:09.9585905Z [36;1m        repo,[0m
2025-04-16T15:14:09.9586115Z [36;1m        workflow_id: workflow.id,[0m
2025-04-16T15:14:09.9586420Z [36;1m        created: `>=${thirtyDaysAgo.toISOString().split('T')[0]}`,[0m
2025-04-16T15:14:09.9586719Z [36;1m      });[0m
2025-04-16T15:14:09.9586888Z [36;1m      [0m
2025-04-16T15:14:09.9587073Z [36;1m      // Process failed runs[0m
2025-04-16T15:14:09.9587367Z [36;1m      const failedRuns = runs.workflow_runs.filter(run => [0m
2025-04-16T15:14:09.9587816Z [36;1m        run.conclusion === 'failure' || run.conclusion === 'cancelled' || run.conclusion === 'timed_out'[0m
2025-04-16T15:14:09.9588199Z [36;1m      );[0m
2025-04-16T15:14:09.9588352Z [36;1m      [0m
2025-04-16T15:14:09.9588666Z [36;1m      console.log(`Found ${failedRuns.length} failed runs for ${workflow.name}`);[0m
2025-04-16T15:14:09.9589017Z [36;1m      [0m
2025-04-16T15:14:09.9589196Z [36;1m      for (const run of failedRuns) {[0m
2025-04-16T15:14:09.9589539Z [36;1m        const runDate = new Date(run.created_at).toISOString().split('T')[0];[0m
2025-04-16T15:14:09.9590069Z [36;1m        const workflowDir = path.join(logsDir, workflow.name.replace(/[^a-zA-Z0-9]/g, '-').toLowerCase());[0m
2025-04-16T15:14:09.9590578Z [36;1m        const runDir = path.join(workflowDir, `${runDate}_${run.id}`);[0m
2025-04-16T15:14:09.9591237Z [36;1m        [0m
2025-04-16T15:14:09.9591477Z [36;1m        await fs.ensureDir(runDir);[0m
2025-04-16T15:14:09.9591705Z [36;1m        [0m
2025-04-16T15:14:09.9591872Z [36;1m        // Save run metadata[0m
2025-04-16T15:14:09.9592218Z [36;1m        await fs.writeJson(path.join(runDir, 'metadata.json'), run, { spaces: 2 });[0m
2025-04-16T15:14:09.9592558Z [36;1m        [0m
2025-04-16T15:14:09.9592716Z [36;1m        try {[0m
2025-04-16T15:14:09.9592920Z [36;1m          // Get jobs for this run[0m
2025-04-16T15:14:09.9593257Z [36;1m          const { data: jobs } = await octokit.actions.listJobsForWorkflowRun({[0m
2025-04-16T15:14:09.9593593Z [36;1m            owner,[0m
2025-04-16T15:14:09.9593784Z [36;1m            repo,[0m
2025-04-16T15:14:09.9593981Z [36;1m            run_id: run.id,[0m
2025-04-16T15:14:09.9594188Z [36;1m          });[0m
2025-04-16T15:14:09.9594362Z [36;1m          [0m
2025-04-16T15:14:09.9594551Z [36;1m          // Save jobs metadata[0m
2025-04-16T15:14:09.9594900Z [36;1m          await fs.writeJson(path.join(runDir, 'jobs.json'), jobs, { spaces: 2 });[0m
2025-04-16T15:14:09.9595942Z [36;1m          [0m
2025-04-16T15:14:09.9596163Z [36;1m          // Process each job[0m
2025-04-16T15:14:09.9596431Z [36;1m          for (const job of jobs.jobs) {[0m
2025-04-16T15:14:09.9596864Z [36;1m            if (job.conclusion === 'failure' || job.conclusion === 'cancelled' || job.conclusion === 'timed_out') {[0m
2025-04-16T15:14:09.9597436Z [36;1m              const jobDir = path.join(runDir, job.name.replace(/[^a-zA-Z0-9]/g, '-').toLowerCase());[0m
2025-04-16T15:14:09.9597846Z [36;1m              await fs.ensureDir(jobDir);[0m
2025-04-16T15:14:09.9598084Z [36;1m              [0m
2025-04-16T15:14:09.9598284Z [36;1m              // Save job metadata[0m
2025-04-16T15:14:09.9598654Z [36;1m              await fs.writeJson(path.join(jobDir, 'job-metadata.json'), job, { spaces: 2 });[0m
2025-04-16T15:14:09.9599014Z [36;1m              [0m
2025-04-16T15:14:09.9599203Z [36;1m              try {[0m
2025-04-16T15:14:09.9599407Z [36;1m                // Get job logs[0m
2025-04-16T15:14:09.9599742Z [36;1m                const logs = await octokit.actions.downloadJobLogsForWorkflowRun({[0m
2025-04-16T15:14:09.9600084Z [36;1m                  owner,[0m
2025-04-16T15:14:09.9600291Z [36;1m                  repo,[0m
2025-04-16T15:14:09.9600508Z [36;1m                  job_id: job.id,[0m
2025-04-16T15:14:09.9600724Z [36;1m                });[0m
2025-04-16T15:14:09.9600909Z [36;1m                [0m
2025-04-16T15:14:09.9601100Z [36;1m                // Save logs[0m
2025-04-16T15:14:09.9601401Z [36;1m                await fs.writeFile(path.join(jobDir, 'logs.txt'), logs.data);[0m
2025-04-16T15:14:09.9601794Z [36;1m                console.log(`Saved logs for job ${job.name} (${job.id})`);[0m
2025-04-16T15:14:09.9602095Z [36;1m              } catch (error) {[0m
2025-04-16T15:14:09.9602446Z [36;1m                console.error(`Error fetching logs for job ${job.id}: ${error.message}`);[0m
2025-04-16T15:14:09.9602958Z [36;1m                await fs.writeFile(path.join(jobDir, 'error.txt'), `Error fetching logs: ${error.message}`);[0m
2025-04-16T15:14:09.9603343Z [36;1m              }[0m
2025-04-16T15:14:09.9603525Z [36;1m            }[0m
2025-04-16T15:14:09.9603695Z [36;1m          }[0m
2025-04-16T15:14:09.9603874Z [36;1m        } catch (error) {[0m
2025-04-16T15:14:09.9604182Z [36;1m          console.error(`Error processing run ${run.id}: ${error.message}`);[0m
2025-04-16T15:14:09.9604673Z [36;1m          await fs.writeFile(path.join(runDir, 'error.txt'), `Error processing run: ${error.message}`);[0m
2025-04-16T15:14:09.9605247Z [36;1m        }[0m
2025-04-16T15:14:09.9605433Z [36;1m      }[0m
2025-04-16T15:14:09.9605612Z [36;1m    } catch (error) {[0m
2025-04-16T15:14:09.9605980Z [36;1m      console.error(`Error processing workflow ${workflow.id}: ${error.message}`);[0m
2025-04-16T15:14:09.9606556Z [36;1m    }[0m
2025-04-16T15:14:09.9606853Z [36;1m  }[0m
2025-04-16T15:14:09.9607044Z [36;1m  [0m
2025-04-16T15:14:09.9607206Z [36;1m  // Create summary file[0m
2025-04-16T15:14:09.9607430Z [36;1m  const summary = {[0m
2025-04-16T15:14:09.9607666Z [36;1m    timestamp: new Date().toISOString(),[0m
2025-04-16T15:14:09.9607966Z [36;1m    totalWorkflows: workflows.workflows.length,[0m
2025-04-16T15:14:09.9608308Z [36;1m    workflowSummary: workflows.workflows.map(w => ({[0m
2025-04-16T15:14:09.9608588Z [36;1m      name: w.name,[0m
2025-04-16T15:14:09.9608784Z [36;1m      id: w.id,[0m
2025-04-16T15:14:09.9608967Z [36;1m      path: w.path,[0m
2025-04-16T15:14:09.9609156Z [36;1m    })),[0m
2025-04-16T15:14:09.9609310Z [36;1m  };[0m
2025-04-16T15:14:09.9609466Z [36;1m  [0m
2025-04-16T15:14:09.9609763Z [36;1m  await fs.writeJson(path.join(logsDir, 'summary.json'), summary, { spaces: 2 });[0m
2025-04-16T15:14:09.9610175Z [36;1m  console.log('Workflow error logs sync completed');[0m
2025-04-16T15:14:09.9610455Z [36;1m}[0m
2025-04-16T15:14:09.9610602Z [36;1m[0m
2025-04-16T15:14:09.9610761Z [36;1mmain().catch(error => {[0m
2025-04-16T15:14:09.9611015Z [36;1m  console.error('Error in main process:', error);[0m
2025-04-16T15:14:09.9611290Z [36;1m  process.exit(1);[0m
2025-04-16T15:14:09.9611500Z [36;1m});[0m
2025-04-16T15:14:09.9611646Z [36;1mEOF[0m
2025-04-16T15:14:09.9611792Z [36;1m[0m
2025-04-16T15:14:09.9611956Z [36;1mnode fetch-workflow-logs.js[0m
2025-04-16T15:14:09.9658602Z shell: /usr/bin/bash -e {0}
2025-04-16T15:14:09.9658828Z env:
2025-04-16T15:14:09.9658977Z   CI: true
2025-04-16T15:14:09.9659354Z   GITHUB_TOKEN: ***
2025-04-16T15:14:09.9659540Z   REPO_OWNER: mrkurger
2025-04-16T15:14:09.9659739Z   REPO_NAME: date-night-app2
2025-04-16T15:14:09.9659944Z ##[endgroup]
2025-04-16T15:14:10.0475257Z Fetching workflow logs for mrkurger/date-night-app2
2025-04-16T15:14:10.2756775Z Error in main process: RequestError [HttpError]: API rate limit exceeded for installation. If you reach out to GitHub Support for help, please include the request ID 7CC0:AA943:28FC04:2A10A3:67FFC942 and timestamp 2025-04-16 15:14:10 UTC.
2025-04-16T15:14:10.2761680Z     at /home/runner/work/date-night-app2/date-night-app2/node_modules/@octokit/request/dist-node/index.js:122:21
2025-04-16T15:14:10.2768523Z     at process.processTicksAndRejections (node:internal/process/task_queues:105:5)
2025-04-16T15:14:10.2769708Z     at async main (/home/runner/work/date-night-app2/date-night-app2/fetch-workflow-logs.js:24:31) {
2025-04-16T15:14:10.2770470Z   status: 403,
2025-04-16T15:14:10.2770857Z   response: {
2025-04-16T15:14:10.2771530Z     url: 'https://api.github.com/repos/mrkurger/date-night-app2/actions/workflows',
2025-04-16T15:14:10.2772189Z     status: 403,
2025-04-16T15:14:10.2772503Z     headers: {
2025-04-16T15:14:10.2772902Z       'access-control-allow-origin': '*',
2025-04-16T15:14:10.2775616Z       'access-control-expose-headers': 'ETag, Link, Location, Retry-After, X-GitHub-OTP, X-RateLimit-Limit, X-RateLimit-Remaining, X-RateLimit-Used, X-RateLimit-Resource, X-RateLimit-Reset, X-OAuth-Scopes, X-Accepted-OAuth-Scopes, X-Poll-Interval, X-GitHub-Media-Type, X-GitHub-SSO, X-GitHub-Request-Id, Deprecation, Sunset',
2025-04-16T15:14:10.2777793Z       'content-encoding': 'gzip',
2025-04-16T15:14:10.2778348Z       'content-security-policy': "default-src 'none'",
2025-04-16T15:14:10.2778980Z       'content-type': 'application/json; charset=utf-8',
2025-04-16T15:14:10.2779530Z       date: 'Wed, 16 Apr 2025 15:14:10 GMT',
2025-04-16T15:14:10.2780290Z       'referrer-policy': 'origin-when-cross-origin, strict-origin-when-cross-origin',
2025-04-16T15:14:10.2780968Z       server: 'github.com',
2025-04-16T15:14:10.2781651Z       'strict-transport-security': 'max-age=31536000; includeSubdomains; preload',
2025-04-16T15:14:10.2782373Z       'transfer-encoding': 'chunked',
2025-04-16T15:14:10.2782913Z       vary: 'Accept-Encoding, Accept, X-Requested-With',
2025-04-16T15:14:10.2783912Z       'x-content-type-options': 'nosniff',
2025-04-16T15:14:10.2784576Z       'x-frame-options': 'deny',
2025-04-16T15:14:10.2785685Z       'x-github-media-type': 'github.v3; format=json',
2025-04-16T15:14:10.2786381Z       'x-github-request-id': '7CC0:AA943:28FC04:2A10A3:67FFC942',
2025-04-16T15:14:10.2786952Z       'x-ratelimit-limit': '5000',
2025-04-16T15:14:10.2787389Z       'x-ratelimit-remaining': '0',
2025-04-16T15:14:10.2787845Z       'x-ratelimit-reset': '1744818804',
2025-04-16T15:14:10.2788329Z       'x-ratelimit-resource': 'core',
2025-04-16T15:14:10.2788771Z       'x-ratelimit-used': '5002',
2025-04-16T15:14:10.2789165Z       'x-xss-protection': '0'
2025-04-16T15:14:10.2789513Z     },
2025-04-16T15:14:10.2789782Z     data: {
2025-04-16T15:14:10.2791102Z       message: 'API rate limit exceeded for installation. If you reach out to GitHub Support for help, please include the request ID 7CC0:AA943:28FC04:2A10A3:67FFC942 and timestamp 2025-04-16 15:14:10 UTC.',
2025-04-16T15:14:10.2792736Z       documentation_url: 'https://docs.github.com/rest/overview/rate-limits-for-the-rest-api',
2025-04-16T15:14:10.2793465Z       status: '403'
2025-04-16T15:14:10.2793760Z     }
2025-04-16T15:14:10.2794008Z   },
2025-04-16T15:14:10.2794268Z   request: {
2025-04-16T15:14:10.2794552Z     method: 'GET',
2025-04-16T15:14:10.2795429Z     url: 'https://api.github.com/repos/mrkurger/date-night-app2/actions/workflows',
2025-04-16T15:14:10.2796108Z     headers: {
2025-04-16T15:14:10.2796547Z       accept: 'application/vnd.github.v3+json',
2025-04-16T15:14:10.2797305Z       'user-agent': 'octokit-rest.js/19.0.13 octokit-core.js/4.2.4 Node.js/22',
2025-04-16T15:14:10.2798007Z       authorization: 'token [REDACTED]'
2025-04-16T15:14:10.2798423Z     },
2025-04-16T15:14:10.2798687Z     request: {
2025-04-16T15:14:10.2799000Z       retries: 3,
2025-04-16T15:14:10.2799333Z       retryAfter: 1,
2025-04-16T15:14:10.2799760Z       hook: [Function: bound bound register]
2025-04-16T15:14:10.2800185Z     }
2025-04-16T15:14:10.2800472Z   }
2025-04-16T15:14:10.2800741Z }
2025-04-16T15:14:10.3291820Z ##[error]Process completed with exit code 1.
2025-04-16T15:14:10.3402194Z Post job cleanup.
2025-04-16T15:14:10.4347266Z [command]/usr/bin/git version
2025-04-16T15:14:10.4387502Z git version 2.49.0
2025-04-16T15:14:10.4433473Z Temporarily overriding HOME='/home/runner/work/_temp/e824ea33-9be0-4c24-bda1-c61dffedecbd' before making global git config changes
2025-04-16T15:14:10.4437277Z Adding repository directory to the temporary git global config as a safe directory
2025-04-16T15:14:10.4450809Z [command]/usr/bin/git config --global --add safe.directory /home/runner/work/date-night-app2/date-night-app2
2025-04-16T15:14:10.4487182Z [command]/usr/bin/git config --local --name-only --get-regexp core\.sshCommand
2025-04-16T15:14:10.4523386Z [command]/usr/bin/git submodule foreach --recursive sh -c "git config --local --name-only --get-regexp 'core\.sshCommand' && git config --local --unset-all 'core.sshCommand' || :"
2025-04-16T15:14:10.4766705Z [command]/usr/bin/git config --local --name-only --get-regexp http\.https\:\/\/github\.com\/\.extraheader
2025-04-16T15:14:10.4791009Z http.https://github.com/.extraheader
2025-04-16T15:14:10.4805869Z [command]/usr/bin/git config --local --unset-all http.https://github.com/.extraheader
2025-04-16T15:14:10.4840533Z [command]/usr/bin/git submodule foreach --recursive sh -c "git config --local --name-only --get-regexp 'http\.https\:\/\/github\.com\/\.extraheader' && git config --local --unset-all 'http.https://github.com/.extraheader' || :"
2025-04-16T15:14:10.5180701Z Cleaning up orphan processes
