2025-04-16T11:26:04.1496340Z Current runner version: '2.323.0'
2025-04-16T11:26:04.1530208Z ##[group]Operating System
2025-04-16T11:26:04.1531441Z Ubuntu
2025-04-16T11:26:04.1532496Z 24.04.2
2025-04-16T11:26:04.1533253Z LTS
2025-04-16T11:26:04.1534241Z ##[endgroup]
2025-04-16T11:26:04.1535069Z ##[group]Runner Image
2025-04-16T11:26:04.1536079Z Image: ubuntu-24.04
2025-04-16T11:26:04.1536999Z Version: 20250406.1.0
2025-04-16T11:26:04.1538869Z Included Software: https://github.com/actions/runner-images/blob/ubuntu24/20250406.1/images/ubuntu/Ubuntu2404-Readme.md
2025-04-16T11:26:04.1541402Z Image Release: https://github.com/actions/runner-images/releases/tag/ubuntu24%2F20250406.1
2025-04-16T11:26:04.1543256Z ##[endgroup]
2025-04-16T11:26:04.1544160Z ##[group]Runner Image Provisioner
2025-04-16T11:26:04.1545047Z 2.0.422.1
2025-04-16T11:26:04.1545841Z ##[endgroup]
2025-04-16T11:26:04.1547597Z ##[group]GITHUB_TOKEN Permissions
2025-04-16T11:26:04.1550014Z Contents: read
2025-04-16T11:26:04.1550936Z Metadata: read
2025-04-16T11:26:04.1551939Z Packages: read
2025-04-16T11:26:04.1553338Z ##[endgroup]
2025-04-16T11:26:04.1556679Z Secret source: Actions
2025-04-16T11:26:04.1557909Z Prepare workflow directory
2025-04-16T11:26:04.2312765Z Prepare all required actions
2025-04-16T11:26:04.2420722Z Getting action download info
2025-04-16T11:26:04.8182990Z ##[group]Download immutable action package 'actions/checkout@v4'
2025-04-16T11:26:04.8184179Z Version: 4.2.2
2025-04-16T11:26:04.8185268Z Digest: sha256:ccb2698953eaebd21c7bf6268a94f9c26518a7e38e27e0b83c1fe1ad049819b1
2025-04-16T11:26:04.8186633Z Source commit SHA: 11bd71901bbe5b1630ceea73d27597364c9af683
2025-04-16T11:26:04.8187502Z ##[endgroup]
2025-04-16T11:26:04.9167541Z ##[group]Download immutable action package 'actions/setup-node@v4'
2025-04-16T11:26:04.9168433Z Version: 4.4.0
2025-04-16T11:26:04.9169338Z Digest: sha256:9427cefe82346e992fb5b949e3569b39d537ae41aa3086483b14eceebfc16bc1
2025-04-16T11:26:04.9170463Z Source commit SHA: 49933ea5288caeca8642d1e84afbd3f7d6820020
2025-04-16T11:26:04.9171211Z ##[endgroup]
2025-04-16T11:26:05.1789563Z ##[group]Download immutable action package 'actions/upload-artifact@v4'
2025-04-16T11:26:05.1790492Z Version: 4.6.2
2025-04-16T11:26:05.1791344Z Digest: sha256:290722aa3281d5caf23d0acdc3dbeb3424786a1a01a9cc97e72f147225e37c38
2025-04-16T11:26:05.1793272Z Source commit SHA: ea165f8d65b6e75b540449e92b4886f43607fa02
2025-04-16T11:26:05.1794096Z ##[endgroup]
2025-04-16T11:26:05.3960717Z Complete job name: test (22.x)
2025-04-16T11:26:05.4563409Z ##[group]Run actions/checkout@v4
2025-04-16T11:26:05.4564368Z with:
2025-04-16T11:26:05.4564823Z   repository: mrkurger/date-night-app2
2025-04-16T11:26:05.4565571Z   token: ***
2025-04-16T11:26:05.4566006Z   ssh-strict: true
2025-04-16T11:26:05.4566436Z   ssh-user: git
2025-04-16T11:26:05.4566871Z   persist-credentials: true
2025-04-16T11:26:05.4567361Z   clean: true
2025-04-16T11:26:05.4567800Z   sparse-checkout-cone-mode: true
2025-04-16T11:26:05.4568329Z   fetch-depth: 1
2025-04-16T11:26:05.4568749Z   fetch-tags: false
2025-04-16T11:26:05.4569205Z   show-progress: true
2025-04-16T11:26:05.4569635Z   lfs: false
2025-04-16T11:26:05.4570032Z   submodules: false
2025-04-16T11:26:05.4570500Z   set-safe-directory: true
2025-04-16T11:26:05.4571213Z ##[endgroup]
2025-04-16T11:26:05.6589867Z Syncing repository: mrkurger/date-night-app2
2025-04-16T11:26:05.6592896Z ##[group]Getting Git version info
2025-04-16T11:26:05.6594220Z Working directory is '/home/runner/work/date-night-app2/date-night-app2'
2025-04-16T11:26:05.6595971Z [command]/usr/bin/git version
2025-04-16T11:26:05.6670469Z git version 2.49.0
2025-04-16T11:26:05.6702122Z ##[endgroup]
2025-04-16T11:26:05.6718328Z Temporarily overriding HOME='/home/runner/work/_temp/5744ed1c-3001-44ac-96c3-ac2f9c0274f9' before making global git config changes
2025-04-16T11:26:05.6722066Z Adding repository directory to the temporary git global config as a safe directory
2025-04-16T11:26:05.6726197Z [command]/usr/bin/git config --global --add safe.directory /home/runner/work/date-night-app2/date-night-app2
2025-04-16T11:26:05.6769333Z Deleting the contents of '/home/runner/work/date-night-app2/date-night-app2'
2025-04-16T11:26:05.6774188Z ##[group]Initializing the repository
2025-04-16T11:26:05.6779216Z [command]/usr/bin/git init /home/runner/work/date-night-app2/date-night-app2
2025-04-16T11:26:05.6860710Z hint: Using 'master' as the name for the initial branch. This default branch name
2025-04-16T11:26:05.6863839Z hint: is subject to change. To configure the initial branch name to use in all
2025-04-16T11:26:05.6865593Z hint: of your new repositories, which will suppress this warning, call:
2025-04-16T11:26:05.6866873Z hint:
2025-04-16T11:26:05.6867695Z hint: 	git config --global init.defaultBranch <name>
2025-04-16T11:26:05.6868701Z hint:
2025-04-16T11:26:05.6869676Z hint: Names commonly chosen instead of 'master' are 'main', 'trunk' and
2025-04-16T11:26:05.6872014Z hint: 'development'. The just-created branch can be renamed via this command:
2025-04-16T11:26:05.6873614Z hint:
2025-04-16T11:26:05.6874397Z hint: 	git branch -m <name>
2025-04-16T11:26:05.6876846Z Initialized empty Git repository in /home/runner/work/date-night-app2/date-night-app2/.git/
2025-04-16T11:26:05.6883251Z [command]/usr/bin/git remote add origin https://github.com/mrkurger/date-night-app2
2025-04-16T11:26:05.6920155Z ##[endgroup]
2025-04-16T11:26:05.6921455Z ##[group]Disabling automatic garbage collection
2025-04-16T11:26:05.6924415Z [command]/usr/bin/git config --local gc.auto 0
2025-04-16T11:26:05.6957487Z ##[endgroup]
2025-04-16T11:26:05.6958787Z ##[group]Setting up auth
2025-04-16T11:26:05.6964964Z [command]/usr/bin/git config --local --name-only --get-regexp core\.sshCommand
2025-04-16T11:26:05.6998936Z [command]/usr/bin/git submodule foreach --recursive sh -c "git config --local --name-only --get-regexp 'core\.sshCommand' && git config --local --unset-all 'core.sshCommand' || :"
2025-04-16T11:26:05.7313759Z [command]/usr/bin/git config --local --name-only --get-regexp http\.https\:\/\/github\.com\/\.extraheader
2025-04-16T11:26:05.7348220Z [command]/usr/bin/git submodule foreach --recursive sh -c "git config --local --name-only --get-regexp 'http\.https\:\/\/github\.com\/\.extraheader' && git config --local --unset-all 'http.https://github.com/.extraheader' || :"
2025-04-16T11:26:05.7590280Z [command]/usr/bin/git config --local http.https://github.com/.extraheader AUTHORIZATION: basic ***
2025-04-16T11:26:05.7633324Z ##[endgroup]
2025-04-16T11:26:05.7636359Z ##[group]Fetching the repository
2025-04-16T11:26:05.7644910Z [command]/usr/bin/git -c protocol.version=2 fetch --no-tags --prune --no-recurse-submodules --depth=1 origin +5971dc98218b5a0698e0adee2d4af3703c455f04:refs/remotes/origin/main
2025-04-16T11:26:08.2344192Z From https://github.com/mrkurger/date-night-app2
2025-04-16T11:26:08.2350535Z  * [new ref]         5971dc98218b5a0698e0adee2d4af3703c455f04 -> origin/main
2025-04-16T11:26:08.2378454Z ##[endgroup]
2025-04-16T11:26:08.2382728Z ##[group]Determining the checkout info
2025-04-16T11:26:08.2385089Z ##[endgroup]
2025-04-16T11:26:08.2385798Z [command]/usr/bin/git sparse-checkout disable
2025-04-16T11:26:08.2426535Z [command]/usr/bin/git config --local --unset-all extensions.worktreeConfig
2025-04-16T11:26:08.2456300Z ##[group]Checking out the ref
2025-04-16T11:26:08.2461444Z [command]/usr/bin/git checkout --progress --force -B main refs/remotes/origin/main
2025-04-16T11:26:08.6822890Z Switched to a new branch 'main'
2025-04-16T11:26:08.6839915Z branch 'main' set up to track 'origin/main'.
2025-04-16T11:26:08.6867198Z ##[endgroup]
2025-04-16T11:26:08.6906574Z [command]/usr/bin/git log -1 --format=%H
2025-04-16T11:26:08.6937773Z 5971dc98218b5a0698e0adee2d4af3703c455f04
2025-04-16T11:26:08.7202976Z ##[group]Run actions/setup-node@v4
2025-04-16T11:26:08.7203287Z with:
2025-04-16T11:26:08.7203462Z   node-version: 22.x
2025-04-16T11:26:08.7203657Z   cache: npm
2025-04-16T11:26:08.7203920Z   cache-dependency-path: client-angular/package-lock.json
2025-04-16T11:26:08.7204236Z   always-auth: false
2025-04-16T11:26:08.7204437Z   check-latest: false
2025-04-16T11:26:08.7204995Z   token: ***
2025-04-16T11:26:08.7205178Z ##[endgroup]
2025-04-16T11:26:08.8928030Z Found in cache @ /opt/hostedtoolcache/node/22.14.0/x64
2025-04-16T11:26:08.8935755Z ##[group]Environment details
2025-04-16T11:26:09.4049016Z node: v22.14.0
2025-04-16T11:26:09.4053099Z npm: 10.9.2
2025-04-16T11:26:09.4053427Z yarn: 1.22.22
2025-04-16T11:26:09.4060535Z ##[endgroup]
2025-04-16T11:26:09.4098955Z [command]/opt/hostedtoolcache/node/22.14.0/x64/bin/npm config get cache
2025-04-16T11:26:09.5784739Z /home/runner/.npm
2025-04-16T11:26:09.7311138Z Cache hit for: node-cache-Linux-x64-npm-eed186788acb99c392cc79891935d042040413390720b7932c16d8b7ca478e8b
2025-04-16T11:26:10.5855730Z Received 69351304 of 69351304 (100.0%), 90.4 MBs/sec
2025-04-16T11:26:10.5857230Z Cache Size: ~66 MB (69351304 B)
2025-04-16T11:26:10.5899821Z [command]/usr/bin/tar -xf /home/runner/work/_temp/0d5918d5-039a-4d25-8cd5-64dd2fc95b91/cache.tzst -P -C /home/runner/work/date-night-app2/date-night-app2 --use-compress-program unzstd
2025-04-16T11:26:10.9027058Z Cache restored successfully
2025-04-16T11:26:10.9175767Z Cache restored from key: node-cache-Linux-x64-npm-eed186788acb99c392cc79891935d042040413390720b7932c16d8b7ca478e8b
2025-04-16T11:26:10.9336130Z ##[group]Run npm ci
2025-04-16T11:26:10.9336415Z [36;1mnpm ci[0m
2025-04-16T11:26:10.9390351Z shell: /usr/bin/bash -e {0}
2025-04-16T11:26:10.9390610Z ##[endgroup]
2025-04-16T11:26:17.7403307Z npm warn deprecated inflight@1.0.6: This module is not supported, and leaks memory. Do not use it. Check out lru-cache if you want a good and tested way to coalesce async requests by a key value, which is much more comprehensive and powerful.
2025-04-16T11:26:18.1980361Z npm warn deprecated rimraf@3.0.2: Rimraf versions prior to v4 are no longer supported
2025-04-16T11:26:18.2240361Z npm warn deprecated abab@2.0.6: Use your platform's native atob() and btoa() methods instead
2025-04-16T11:26:18.4453659Z npm warn deprecated glob@7.2.3: Glob versions prior to v9 are no longer supported
2025-04-16T11:26:18.6271532Z npm warn deprecated domexception@4.0.0: Use your platform's native DOMException instead
2025-04-16T11:26:19.6704781Z npm warn deprecated @humanwhocodes/object-schema@2.0.3: Use @eslint/object-schema instead
2025-04-16T11:26:19.7554927Z npm warn deprecated @humanwhocodes/config-array@0.11.14: Use @eslint/config-array instead
2025-04-16T11:26:22.9275377Z npm warn deprecated eslint@8.56.0: This version is no longer supported. Please see https://eslint.org/version-support for other options.
2025-04-16T11:26:37.4436941Z 
2025-04-16T11:26:37.4437593Z > date-night-app@1.0.0 prepare
2025-04-16T11:26:37.4446840Z > husky
2025-04-16T11:26:37.4447268Z 
2025-04-16T11:26:37.4579244Z sh: 1: husky: not found
2025-04-16T11:26:37.4611826Z npm error code 127
2025-04-16T11:26:37.4619730Z npm error path /home/runner/work/date-night-app2/date-night-app2
2025-04-16T11:26:37.4624546Z npm error command failed
2025-04-16T11:26:37.4625696Z npm error command sh -c husky
2025-04-16T11:26:37.4627212Z npm error A complete log of this run can be found in: /home/runner/.npm/_logs/2025-04-16T11_26_10_998Z-debug-0.log
2025-04-16T11:26:37.5557346Z ##[error]Process completed with exit code 127.
2025-04-16T11:26:37.5645034Z ##[group]Run actions/upload-artifact@v4
2025-04-16T11:26:37.5645313Z with:
2025-04-16T11:26:37.5645489Z   name: test-results
2025-04-16T11:26:37.5645709Z   path: ./client-angular/coverage
2025-04-16T11:26:37.5645953Z   if-no-files-found: warn
2025-04-16T11:26:37.5646162Z   compression-level: 6
2025-04-16T11:26:37.5646360Z   overwrite: false
2025-04-16T11:26:37.5646560Z   include-hidden-files: false
2025-04-16T11:26:37.5646773Z ##[endgroup]
2025-04-16T11:26:37.7911455Z ##[warning]No files were found with the provided path: ./client-angular/coverage. No artifacts will be uploaded.
2025-04-16T11:26:37.8053448Z Post job cleanup.
2025-04-16T11:26:37.9013013Z [command]/usr/bin/git version
2025-04-16T11:26:37.9054277Z git version 2.49.0
2025-04-16T11:26:37.9100838Z Temporarily overriding HOME='/home/runner/work/_temp/460d9b20-578e-43c0-a552-c01cae1b7fc4' before making global git config changes
2025-04-16T11:26:37.9103256Z Adding repository directory to the temporary git global config as a safe directory
2025-04-16T11:26:37.9108338Z [command]/usr/bin/git config --global --add safe.directory /home/runner/work/date-night-app2/date-night-app2
2025-04-16T11:26:37.9151978Z [command]/usr/bin/git config --local --name-only --get-regexp core\.sshCommand
2025-04-16T11:26:37.9188298Z [command]/usr/bin/git submodule foreach --recursive sh -c "git config --local --name-only --get-regexp 'core\.sshCommand' && git config --local --unset-all 'core.sshCommand' || :"
2025-04-16T11:26:37.9430811Z [command]/usr/bin/git config --local --name-only --get-regexp http\.https\:\/\/github\.com\/\.extraheader
2025-04-16T11:26:37.9454698Z http.https://github.com/.extraheader
2025-04-16T11:26:37.9470415Z [command]/usr/bin/git config --local --unset-all http.https://github.com/.extraheader
2025-04-16T11:26:37.9504735Z [command]/usr/bin/git submodule foreach --recursive sh -c "git config --local --name-only --get-regexp 'http\.https\:\/\/github\.com\/\.extraheader' && git config --local --unset-all 'http.https://github.com/.extraheader' || :"
2025-04-16T11:26:37.9839672Z Cleaning up orphan processes
