2025-04-18T12:13:17.0678778Z Current runner version: '2.323.0'
2025-04-18T12:13:17.0703056Z ##[group]Operating System
2025-04-18T12:13:17.0703816Z Ubuntu
2025-04-18T12:13:17.0704397Z 24.04.2
2025-04-18T12:13:17.0704853Z LTS
2025-04-18T12:13:17.0705656Z ##[endgroup]
2025-04-18T12:13:17.0706293Z ##[group]Runner Image
2025-04-18T12:13:17.0706862Z Image: ubuntu-24.04
2025-04-18T12:13:17.0707389Z Version: 20250413.1.0
2025-04-18T12:13:17.0708489Z Included Software: https://github.com/actions/runner-images/blob/ubuntu24/20250413.1/images/ubuntu/Ubuntu2404-Readme.md
2025-04-18T12:13:17.0709814Z Image Release: https://github.com/actions/runner-images/releases/tag/ubuntu24%2F20250413.1
2025-04-18T12:13:17.0710698Z ##[endgroup]
2025-04-18T12:13:17.0711259Z ##[group]Runner Image Provisioner
2025-04-18T12:13:17.0711794Z 2.0.422.1
2025-04-18T12:13:17.0712249Z ##[endgroup]
2025-04-18T12:13:17.0713353Z ##[group]GITHUB_TOKEN Permissions
2025-04-18T12:13:17.0715330Z Contents: write
2025-04-18T12:13:17.0715839Z Metadata: read
2025-04-18T12:13:17.0716636Z SecurityEvents: read
2025-04-18T12:13:17.0717278Z ##[endgroup]
2025-04-18T12:13:17.0719328Z Secret source: Actions
2025-04-18T12:13:17.0719994Z Prepare workflow directory
2025-04-18T12:13:17.1116374Z Prepare all required actions
2025-04-18T12:13:17.1198339Z Getting action download info
2025-04-18T12:13:17.7377312Z ##[group]Download immutable action package 'actions/checkout@v4'
2025-04-18T12:13:17.7378328Z Version: 4.2.2
2025-04-18T12:13:17.7379239Z Digest: sha256:ccb2698953eaebd21c7bf6268a94f9c26518a7e38e27e0b83c1fe1ad049819b1
2025-04-18T12:13:17.7380517Z Source commit SHA: 11bd71901bbe5b1630ceea73d27597364c9af683
2025-04-18T12:13:17.7381241Z ##[endgroup]
2025-04-18T12:13:17.8414370Z ##[group]Download immutable action package 'actions/setup-node@v4'
2025-04-18T12:13:17.8415414Z Version: 4.4.0
2025-04-18T12:13:17.8416163Z Digest: sha256:9427cefe82346e992fb5b949e3569b39d537ae41aa3086483b14eceebfc16bc1
2025-04-18T12:13:17.8417236Z Source commit SHA: 49933ea5288caeca8642d1e84afbd3f7d6820020
2025-04-18T12:13:17.8417948Z ##[endgroup]
2025-04-18T12:13:18.2346843Z Complete job name: sync-snyk-issues
2025-04-18T12:13:18.3040320Z ##[group]Run actions/checkout@v4
2025-04-18T12:13:18.3041127Z with:
2025-04-18T12:13:18.3041486Z   fetch-depth: 0
2025-04-18T12:13:18.3042038Z   token: ***
2025-04-18T12:13:18.3042437Z   repository: mrkurger/date-night-app2
2025-04-18T12:13:18.3042920Z   ssh-strict: true
2025-04-18T12:13:18.3043298Z   ssh-user: git
2025-04-18T12:13:18.3043678Z   persist-credentials: true
2025-04-18T12:13:18.3044116Z   clean: true
2025-04-18T12:13:18.3044506Z   sparse-checkout-cone-mode: true
2025-04-18T12:13:18.3044957Z   fetch-tags: false
2025-04-18T12:13:18.3045567Z   show-progress: true
2025-04-18T12:13:18.3045974Z   lfs: false
2025-04-18T12:13:18.3046322Z   submodules: false
2025-04-18T12:13:18.3046716Z   set-safe-directory: true
2025-04-18T12:13:18.3047406Z ##[endgroup]
2025-04-18T12:13:18.4894342Z Syncing repository: mrkurger/date-night-app2
2025-04-18T12:13:18.4896727Z ##[group]Getting Git version info
2025-04-18T12:13:18.4898006Z Working directory is '/home/runner/work/date-night-app2/date-night-app2'
2025-04-18T12:13:18.4900636Z [command]/usr/bin/git version
2025-04-18T12:13:18.4970401Z git version 2.49.0
2025-04-18T12:13:18.5001125Z ##[endgroup]
2025-04-18T12:13:18.5014147Z Temporarily overriding HOME='/home/runner/work/_temp/5591dfab-5155-46bf-b131-2c08497a0a6f' before making global git config changes
2025-04-18T12:13:18.5017935Z Adding repository directory to the temporary git global config as a safe directory
2025-04-18T12:13:18.5022582Z [command]/usr/bin/git config --global --add safe.directory /home/runner/work/date-night-app2/date-night-app2
2025-04-18T12:13:18.5067171Z Deleting the contents of '/home/runner/work/date-night-app2/date-night-app2'
2025-04-18T12:13:18.5071940Z ##[group]Initializing the repository
2025-04-18T12:13:18.5077603Z [command]/usr/bin/git init /home/runner/work/date-night-app2/date-night-app2
2025-04-18T12:13:18.5228753Z hint: Using 'master' as the name for the initial branch. This default branch name
2025-04-18T12:13:18.5231311Z hint: is subject to change. To configure the initial branch name to use in all
2025-04-18T12:13:18.5232791Z hint: of your new repositories, which will suppress this warning, call:
2025-04-18T12:13:18.5234691Z hint:
2025-04-18T12:13:18.5235843Z hint: 	git config --global init.defaultBranch <name>
2025-04-18T12:13:18.5236837Z hint:
2025-04-18T12:13:18.5237714Z hint: Names commonly chosen instead of 'master' are 'main', 'trunk' and
2025-04-18T12:13:18.5239183Z hint: 'development'. The just-created branch can be renamed via this command:
2025-04-18T12:13:18.5240700Z hint:
2025-04-18T12:13:18.5241407Z hint: 	git branch -m <name>
2025-04-18T12:13:18.5243680Z Initialized empty Git repository in /home/runner/work/date-night-app2/date-night-app2/.git/
2025-04-18T12:13:18.5253744Z [command]/usr/bin/git remote add origin https://github.com/mrkurger/date-night-app2
2025-04-18T12:13:18.5303873Z ##[endgroup]
2025-04-18T12:13:18.5304592Z ##[group]Disabling automatic garbage collection
2025-04-18T12:13:18.5308646Z [command]/usr/bin/git config --local gc.auto 0
2025-04-18T12:13:18.5343775Z ##[endgroup]
2025-04-18T12:13:18.5346464Z ##[group]Setting up auth
2025-04-18T12:13:18.5349807Z [command]/usr/bin/git config --local --name-only --get-regexp core\.sshCommand
2025-04-18T12:13:18.5383622Z [command]/usr/bin/git submodule foreach --recursive sh -c "git config --local --name-only --get-regexp 'core\.sshCommand' && git config --local --unset-all 'core.sshCommand' || :"
2025-04-18T12:13:18.5711832Z [command]/usr/bin/git config --local --name-only --get-regexp http\.https\:\/\/github\.com\/\.extraheader
2025-04-18T12:13:18.5746149Z [command]/usr/bin/git submodule foreach --recursive sh -c "git config --local --name-only --get-regexp 'http\.https\:\/\/github\.com\/\.extraheader' && git config --local --unset-all 'http.https://github.com/.extraheader' || :"
2025-04-18T12:13:18.5983835Z [command]/usr/bin/git config --local http.https://github.com/.extraheader AUTHORIZATION: basic ***
2025-04-18T12:13:18.6028763Z ##[endgroup]
2025-04-18T12:13:18.6030445Z ##[group]Fetching the repository
2025-04-18T12:13:18.6041776Z [command]/usr/bin/git -c protocol.version=2 fetch --prune --no-recurse-submodules origin +refs/heads/*:refs/remotes/origin/* +refs/tags/*:refs/tags/*
2025-04-18T12:13:27.4849432Z From https://github.com/mrkurger/date-night-app2
2025-04-18T12:13:27.4855919Z  * [new branch]      main       -> origin/main
2025-04-18T12:13:27.4892035Z [command]/usr/bin/git branch --list --remote origin/main
2025-04-18T12:13:27.4916838Z   origin/main
2025-04-18T12:13:27.4930849Z [command]/usr/bin/git rev-parse refs/remotes/origin/main
2025-04-18T12:13:27.4952609Z 5abaac8f019a545c3f93ab39a96fdfb454a80a7c
2025-04-18T12:13:27.4961911Z ##[endgroup]
2025-04-18T12:13:27.4963214Z ##[group]Determining the checkout info
2025-04-18T12:13:27.4965848Z ##[endgroup]
2025-04-18T12:13:27.4968929Z [command]/usr/bin/git sparse-checkout disable
2025-04-18T12:13:27.5012453Z [command]/usr/bin/git config --local --unset-all extensions.worktreeConfig
2025-04-18T12:13:27.5042647Z ##[group]Checking out the ref
2025-04-18T12:13:27.5046307Z [command]/usr/bin/git checkout --progress --force -B main refs/remotes/origin/main
2025-04-18T12:13:27.9626795Z Switched to a new branch 'main'
2025-04-18T12:13:27.9629239Z branch 'main' set up to track 'origin/main'.
2025-04-18T12:13:27.9658513Z ##[endgroup]
2025-04-18T12:13:27.9705819Z [command]/usr/bin/git log -1 --format=%H
2025-04-18T12:13:27.9730706Z 5abaac8f019a545c3f93ab39a96fdfb454a80a7c
2025-04-18T12:13:27.9947638Z ##[group]Run actions/setup-node@v4
2025-04-18T12:13:27.9947959Z with:
2025-04-18T12:13:27.9948165Z   node-version: 22
2025-04-18T12:13:27.9948385Z   always-auth: false
2025-04-18T12:13:27.9948604Z   check-latest: false
2025-04-18T12:13:27.9948965Z   token: ***
2025-04-18T12:13:27.9949182Z ##[endgroup]
2025-04-18T12:13:28.1684415Z Found in cache @ /opt/hostedtoolcache/node/22.14.0/x64
2025-04-18T12:13:28.1691120Z ##[group]Environment details
2025-04-18T12:13:28.7154448Z node: v22.14.0
2025-04-18T12:13:28.7188274Z npm: 10.9.2
2025-04-18T12:13:28.7189321Z yarn: 1.22.22
2025-04-18T12:13:28.7190808Z ##[endgroup]
2025-04-18T12:13:28.7271929Z ##[group]Run npm install
2025-04-18T12:13:28.7272244Z [36;1mnpm install[0m
2025-04-18T12:13:28.7272462Z [36;1mcd server && npm install[0m
2025-04-18T12:13:28.7272727Z [36;1mcd ../client-angular && npm install[0m
2025-04-18T12:13:28.7273065Z [36;1m# Install Snyk as a dev dependency instead of globally[0m
2025-04-18T12:13:28.7273384Z [36;1mnpm install --save-dev snyk[0m
2025-04-18T12:13:28.7326003Z shell: /usr/bin/bash -e {0}
2025-04-18T12:13:28.7326271Z ##[endgroup]
2025-04-18T12:13:33.5356492Z npm warn deprecated xss-clean@0.1.4: Package no longer supported. Contact Support at https://www.npmjs.com/support for more info.
2025-04-18T12:13:34.5269095Z npm warn deprecated rimraf@3.0.2: Rimraf versions prior to v4 are no longer supported
2025-04-18T12:13:35.0738151Z npm warn deprecated passport-reddit@1.1.0: While functionally complete, this library will not be receiving any updates going forwards. Users are actively discouraged from using OAuth2 for authentication. See archival notice on github for more details.
2025-04-18T12:13:35.5017321Z npm warn deprecated npmlog@5.0.1: This package is no longer supported.
2025-04-18T12:13:36.2519027Z npm warn deprecated superagent@8.1.2: Please upgrade to v9.0.0+ as we have fixed a public vulnerability with formidable dependency. Note that v9.0.0+ requires Node.js v14.18.0+. See https://github.com/ladjs/superagent/pull/1800 for insight. This project is supported and maintained by the team at Forward Email @ https://forwardemail.net
2025-04-18T12:13:37.6967436Z npm warn deprecated gauge@3.0.2: This package is no longer supported.
2025-04-18T12:13:38.0468128Z npm warn deprecated domexception@4.0.0: Use your platform's native DOMException instead
2025-04-18T12:13:39.2126939Z npm warn deprecated are-we-there-yet@2.0.0: This package is no longer supported.
2025-04-18T12:13:39.3389854Z npm warn deprecated abab@2.0.6: Use your platform's native atob() and btoa() methods instead
2025-04-18T12:13:40.8416525Z npm warn deprecated @humanwhocodes/object-schema@2.0.3: Use @eslint/object-schema instead
2025-04-18T12:13:40.8420772Z npm warn deprecated @humanwhocodes/config-array@0.11.14: Use @eslint/config-array instead
2025-04-18T12:13:48.0455006Z npm warn deprecated eslint@8.56.0: This version is no longer supported. Please see https://eslint.org/version-support for other options.
2025-04-18T12:13:48.0526438Z npm warn deprecated eslint@8.56.0: This version is no longer supported. Please see https://eslint.org/version-support for other options.
2025-04-18T12:14:10.5375430Z 
2025-04-18T12:14:10.5377429Z > date-night-app@1.0.0 preinstall
2025-04-18T12:14:10.5379297Z > node scripts/disable-husky-in-ci.js
2025-04-18T12:14:10.5380727Z 
2025-04-18T12:14:10.5720276Z .huskyrc file created to disable husky in CI environments
2025-04-18T12:14:10.5735948Z .huskyrc file made executable
2025-04-18T12:14:10.5794004Z 
2025-04-18T12:14:10.5794626Z > date-night-app@1.0.0 prepare
2025-04-18T12:14:10.5796782Z > [ -n "$CI" ] || husky
2025-04-18T12:14:10.5797294Z 
2025-04-18T12:14:10.6166070Z 
2025-04-18T12:14:10.6167368Z added 1915 packages, and audited 1918 packages in 42s
2025-04-18T12:14:10.6168159Z 
2025-04-18T12:14:10.6168642Z 353 packages are looking for funding
2025-04-18T12:14:10.6169352Z   run `npm fund` for details
2025-04-18T12:14:10.6254953Z 
2025-04-18T12:14:10.6255978Z 6 moderate severity vulnerabilities
2025-04-18T12:14:10.6256720Z 
2025-04-18T12:14:10.6257374Z To address issues that do not require attention, run:
2025-04-18T12:14:10.6258195Z   npm audit fix
2025-04-18T12:14:10.6258664Z 
2025-04-18T12:14:10.6259300Z To address all issues (including breaking changes), run:
2025-04-18T12:14:10.6260197Z   npm audit fix --force
2025-04-18T12:14:10.6260718Z 
2025-04-18T12:14:10.6261229Z Run `npm audit` for details.
2025-04-18T12:14:13.7131221Z 
2025-04-18T12:14:13.7131806Z > date-night-app@1.0.0 preinstall
2025-04-18T12:14:13.7132589Z > node scripts/disable-husky-in-ci.js
2025-04-18T12:14:13.7133299Z 
2025-04-18T12:14:13.7387970Z .huskyrc file created to disable husky in CI environments
2025-04-18T12:14:13.7390856Z .huskyrc file made executable
2025-04-18T12:14:13.7444847Z 
2025-04-18T12:14:13.7445958Z > date-night-app@1.0.0 prepare
2025-04-18T12:14:13.7446431Z > [ -n "$CI" ] || husky
2025-04-18T12:14:13.7446663Z 
2025-04-18T12:14:13.7580263Z 
2025-04-18T12:14:13.7580707Z up to date, audited 1918 packages in 3s
2025-04-18T12:14:13.7581067Z 
2025-04-18T12:14:13.7581300Z 353 packages are looking for funding
2025-04-18T12:14:13.7581725Z   run `npm fund` for details
2025-04-18T12:14:13.7589035Z 
2025-04-18T12:14:13.7590750Z found 0 vulnerabilities
2025-04-18T12:14:16.5423380Z 
2025-04-18T12:14:16.5425739Z > date-night-app@1.0.0 preinstall
2025-04-18T12:14:16.5426625Z > node scripts/disable-husky-in-ci.js
2025-04-18T12:14:16.5432976Z 
2025-04-18T12:14:16.5673340Z .huskyrc file created to disable husky in CI environments
2025-04-18T12:14:16.5677532Z .huskyrc file made executable
2025-04-18T12:14:16.5729068Z 
2025-04-18T12:14:16.5730714Z > date-night-app@1.0.0 prepare
2025-04-18T12:14:16.5732015Z > [ -n "$CI" ] || husky
2025-04-18T12:14:16.5732249Z 
2025-04-18T12:14:16.5895593Z 
2025-04-18T12:14:16.5896381Z up to date, audited 1918 packages in 3s
2025-04-18T12:14:16.5897054Z 
2025-04-18T12:14:16.5897492Z 353 packages are looking for funding
2025-04-18T12:14:16.5898224Z   run `npm fund` for details
2025-04-18T12:14:16.5919444Z 
2025-04-18T12:14:16.5923621Z found 0 vulnerabilities
2025-04-18T12:14:20.1844115Z npm warn deprecated boolean@3.2.0: Package no longer supported. Contact Support at https://www.npmjs.com/support for more info.
2025-04-18T12:14:23.2352975Z 
2025-04-18T12:14:23.2353570Z added 19 packages, and audited 1937 packages in 7s
2025-04-18T12:14:23.2353969Z 
2025-04-18T12:14:23.2354206Z 355 packages are looking for funding
2025-04-18T12:14:23.2354628Z   run `npm fund` for details
2025-04-18T12:14:23.2361634Z 
2025-04-18T12:14:23.2361876Z found 0 vulnerabilities
2025-04-18T12:14:23.2617587Z ##[group]Run npx snyk auth ***
2025-04-18T12:14:23.2617962Z [36;1mnpx snyk auth ***[0m
2025-04-18T12:14:23.2666424Z shell: /usr/bin/bash -e {0}
2025-04-18T12:14:23.2666645Z env:
2025-04-18T12:14:23.2666908Z   SNYK_TOKEN: ***
2025-04-18T12:14:23.2667088Z ##[endgroup]
2025-04-18T12:14:24.8320487Z 
2025-04-18T12:14:24.8321871Z Your account has been authenticated. Snyk is now ready to be used.
2025-04-18T12:14:24.8323245Z 
2025-04-18T12:14:25.3447596Z ##[group]Run npx snyk test --json > snyk-root-results.json || true
2025-04-18T12:14:25.3448048Z [36;1mnpx snyk test --json > snyk-root-results.json || true[0m
2025-04-18T12:14:25.3496973Z shell: /usr/bin/bash -e {0}
2025-04-18T12:14:25.3497209Z ##[endgroup]
2025-04-18T12:14:28.9143402Z ##[group]Run cd server && npx snyk test --json > ../snyk-server-results.json || true
2025-04-18T12:14:28.9143916Z [36;1mcd server && npx snyk test --json > ../snyk-server-results.json || true[0m
2025-04-18T12:14:28.9191277Z shell: /usr/bin/bash -e {0}
2025-04-18T12:14:28.9191531Z ##[endgroup]
2025-04-18T12:14:31.8130286Z ##[group]Run cd client-angular && npx snyk test --json > ../snyk-client-results.json || true
2025-04-18T12:14:31.8131266Z [36;1mcd client-angular && npx snyk test --json > ../snyk-client-results.json || true[0m
2025-04-18T12:14:31.8199514Z shell: /usr/bin/bash -e {0}
2025-04-18T12:14:31.8199920Z ##[endgroup]
2025-04-18T12:14:37.5168581Z ##[group]Run npm ls --json --depth=2 > npm-root-deps-tree.json || true
2025-04-18T12:14:37.5169330Z [36;1mnpm ls --json --depth=2 > npm-root-deps-tree.json || true[0m
2025-04-18T12:14:37.5237506Z shell: /usr/bin/bash -e {0}
2025-04-18T12:14:37.5237895Z ##[endgroup]
2025-04-18T12:14:38.7564400Z npm error code ELSPROBLEMS
2025-04-18T12:14:38.7568415Z npm error invalid: http-proxy-middleware@3.0.3 /home/runner/work/date-night-app2/date-night-app2/node_modules/http-proxy-middleware
2025-04-18T12:14:38.7571254Z npm error missing: @angular/localize@^19.0.0, required by @ng-bootstrap/ng-bootstrap@18.0.0
2025-04-18T12:14:38.7573608Z npm error invalid: rimraf@3.0.2 /home/runner/work/date-night-app2/date-night-app2/node_modules/rimraf
2025-04-18T12:14:38.7576020Z npm error invalid: http-proxy-middleware@2.0.9 /home/runner/work/date-night-app2/date-night-app2/node_modules/webpack-dev-server/node_modules/http-proxy-middleware
2025-04-18T12:14:38.7635743Z npm error A complete log of this run can be found in: /home/runner/.npm/_logs/2025-04-18T12_14_37_584Z-debug-0.log
2025-04-18T12:14:38.7782537Z ##[group]Run cd server && npm ls --json --depth=2 > ../npm-server-deps-tree.json || true
2025-04-18T12:14:38.7783488Z [36;1mcd server && npm ls --json --depth=2 > ../npm-server-deps-tree.json || true[0m
2025-04-18T12:14:38.7849257Z shell: /usr/bin/bash -e {0}
2025-04-18T12:14:38.7849499Z ##[endgroup]
2025-04-18T12:14:39.8252221Z npm error code ELSPROBLEMS
2025-04-18T12:14:39.8255264Z npm error invalid: rimraf@3.0.2 /home/runner/work/date-night-app2/date-night-app2/node_modules/rimraf
2025-04-18T12:14:39.8289122Z npm error A complete log of this run can be found in: /home/runner/.npm/_logs/2025-04-18T12_14_38_856Z-debug-0.log
2025-04-18T12:14:39.8431324Z ##[group]Run cd client-angular && npm ls --json --depth=2 > ../npm-client-deps-tree.json || true
2025-04-18T12:14:39.8431920Z [36;1mcd client-angular && npm ls --json --depth=2 > ../npm-client-deps-tree.json || true[0m
2025-04-18T12:14:39.8479004Z shell: /usr/bin/bash -e {0}
2025-04-18T12:14:39.8479300Z ##[endgroup]
2025-04-18T12:14:41.0202028Z npm error code ELSPROBLEMS
2025-04-18T12:14:41.0205494Z npm error invalid: http-proxy-middleware@3.0.3 /home/runner/work/date-night-app2/date-night-app2/node_modules/http-proxy-middleware
2025-04-18T12:14:41.0207300Z npm error missing: @angular/localize@^19.0.0, required by @ng-bootstrap/ng-bootstrap@18.0.0
2025-04-18T12:14:41.0209885Z npm error invalid: rimraf@3.0.2 /home/runner/work/date-night-app2/date-night-app2/node_modules/rimraf
2025-04-18T12:14:41.0211695Z npm error invalid: http-proxy-middleware@2.0.9 /home/runner/work/date-night-app2/date-night-app2/node_modules/webpack-dev-server/node_modules/http-proxy-middleware
2025-04-18T12:14:41.0246400Z npm error A complete log of this run can be found in: /home/runner/.npm/_logs/2025-04-18T12_14_39_907Z-debug-0.log
2025-04-18T12:14:41.0393943Z ##[group]Run npx snyk test --json --dev --severity-threshold=low --print-deps > snyk-root-upgrade-paths.json || true
2025-04-18T12:14:41.0395556Z [36;1mnpx snyk test --json --dev --severity-threshold=low --print-deps > snyk-root-upgrade-paths.json || true[0m
2025-04-18T12:14:41.0445734Z shell: /usr/bin/bash -e {0}
2025-04-18T12:14:41.0445979Z ##[endgroup]
2025-04-18T12:14:43.2313668Z --print-deps --json option not yet supported for large projects. Displaying graph json output instead
2025-04-18T12:14:45.5492884Z ##[group]Run cd server && npx snyk test --json --dev --severity-threshold=low --print-deps > ../snyk-server-upgrade-paths.json || true
2025-04-18T12:14:45.5493704Z [36;1mcd server && npx snyk test --json --dev --severity-threshold=low --print-deps > ../snyk-server-upgrade-paths.json || true[0m
2025-04-18T12:14:45.5540069Z shell: /usr/bin/bash -e {0}
2025-04-18T12:14:45.5540294Z ##[endgroup]
2025-04-18T12:14:50.7676520Z ##[group]Run cd client-angular && npx snyk test --json --dev --severity-threshold=low --print-deps > ../snyk-client-upgrade-paths.json || true
2025-04-18T12:14:50.7677966Z [36;1mcd client-angular && npx snyk test --json --dev --severity-threshold=low --print-deps > ../snyk-client-upgrade-paths.json || true[0m
2025-04-18T12:14:50.7743450Z shell: /usr/bin/bash -e {0}
2025-04-18T12:14:50.7743838Z ##[endgroup]
2025-04-18T12:14:53.8570264Z ##[group]Run mkdir -p downloaded-reports/snyk
2025-04-18T12:14:53.8570829Z [36;1mmkdir -p downloaded-reports/snyk[0m
2025-04-18T12:14:53.8571361Z [36;1mnode .github/scripts/generate-snyk-task-list.js[0m
2025-04-18T12:14:53.8636247Z shell: /usr/bin/bash -e {0}
2025-04-18T12:14:53.8636479Z ##[endgroup]
2025-04-18T12:14:53.8932042Z Starting Snyk report generation process...
2025-04-18T12:14:53.9030340Z Error parsing JSON in snyk-root-upgrade-paths.json: Unexpected non-whitespace character after JSON at position 367211 (line 17918 column 1)
2025-04-18T12:14:53.9032467Z No vulnerabilities found in upgrade paths file: snyk-server-upgrade-paths.json
2025-04-18T12:14:53.9037649Z Error parsing JSON in snyk-client-upgrade-paths.json: Unexpected non-whitespace character after JSON at position 87263 (line 1858 column 1)
2025-04-18T12:14:53.9042483Z No vulnerabilities found in Server results
2025-04-18T12:14:53.9043966Z Found 6 total issues across all projects
2025-04-18T12:14:53.9137281Z Generated prioritized issues report
2025-04-18T12:14:53.9142509Z Generated issues summary report
2025-04-18T12:14:53.9149559Z Generated vulnerable dependencies report
2025-04-18T12:14:53.9152579Z Successfully generated all Snyk reports in downloaded-reports/snyk/
2025-04-18T12:14:53.9228528Z ##[group]Run # Keep only the most recent JSON files
2025-04-18T12:14:53.9229121Z [36;1m# Keep only the most recent JSON files[0m
2025-04-18T12:14:53.9229777Z [36;1mfind . -name "npm-*-deps-tree.json" -type f -size +1M -delete || true[0m
2025-04-18T12:14:53.9230396Z [36;1m# Compress remaining large files[0m
2025-04-18T12:14:53.9230971Z [36;1mfind . -name "*.json" -type f -size +1M -exec gzip -9 {} \; || true[0m
2025-04-18T12:14:53.9289992Z shell: /usr/bin/bash -e {0}
2025-04-18T12:14:53.9290227Z ##[endgroup]
2025-04-18T12:14:54.5899508Z ##[group]Run git config --local user.email "action@github.com"
2025-04-18T12:14:54.5900163Z [36;1mgit config --local user.email "action@github.com"[0m
2025-04-18T12:14:54.5900721Z [36;1mgit config --local user.name "GitHub Action"[0m
2025-04-18T12:14:54.5958339Z shell: /usr/bin/bash -e {0}
2025-04-18T12:14:54.5958563Z ##[endgroup]
2025-04-18T12:14:54.7038036Z ##[group]Run git add downloaded-reports/snyk/
2025-04-18T12:14:54.7038573Z [36;1mgit add downloaded-reports/snyk/[0m
2025-04-18T12:14:54.7039251Z [36;1mgit commit -m "docs: update Snyk issues task list [skip ci]" || echo "No changes to commit"[0m
2025-04-18T12:14:54.7039861Z [36;1mgit push[0m
2025-04-18T12:14:54.7100721Z shell: /usr/bin/bash -e {0}
2025-04-18T12:14:54.7101076Z env:
2025-04-18T12:14:54.7101934Z   GITHUB_TOKEN: ***
2025-04-18T12:14:54.7102233Z ##[endgroup]
2025-04-18T12:14:55.5066737Z [main 2ec7f2c] docs: update Snyk issues task list [skip ci]
2025-04-18T12:14:55.5067394Z  3 files changed, 820 insertions(+)
2025-04-18T12:14:55.5068016Z  create mode 100644 downloaded-reports/snyk/issues-summary.md
2025-04-18T12:14:55.5068785Z  create mode 100644 downloaded-reports/snyk/prioritized-issues.md
2025-04-18T12:14:55.5069581Z  create mode 100644 downloaded-reports/snyk/vulnerable-dependencies.md
2025-04-18T12:14:55.7796264Z To https://github.com/mrkurger/date-night-app2
2025-04-18T12:14:55.7797690Z  ! [rejected]        main -> main (fetch first)
2025-04-18T12:14:55.7798560Z error: failed to push some refs to 'https://github.com/mrkurger/date-night-app2'
2025-04-18T12:14:55.7810969Z hint: Updates were rejected because the remote contains work that you do not
2025-04-18T12:14:55.7812241Z hint: have locally. This is usually caused by another repository pushing to
2025-04-18T12:14:55.7813952Z hint: the same ref. If you want to integrate the remote changes, use
2025-04-18T12:14:55.7814618Z hint: 'git pull' before pushing again.
2025-04-18T12:14:55.7815536Z hint: See the 'Note about fast-forwards' in 'git push --help' for details.
2025-04-18T12:14:55.7833102Z ##[error]Process completed with exit code 1.
2025-04-18T12:14:55.7926153Z Post job cleanup.
2025-04-18T12:14:55.8868423Z [command]/usr/bin/git version
2025-04-18T12:14:55.8909115Z git version 2.49.0
2025-04-18T12:14:55.8954943Z Temporarily overriding HOME='/home/runner/work/_temp/8df8f130-4699-4dfd-a16c-65bc89f4b450' before making global git config changes
2025-04-18T12:14:55.8957275Z Adding repository directory to the temporary git global config as a safe directory
2025-04-18T12:14:55.8962362Z [command]/usr/bin/git config --global --add safe.directory /home/runner/work/date-night-app2/date-night-app2
2025-04-18T12:14:55.9007483Z [command]/usr/bin/git config --local --name-only --get-regexp core\.sshCommand
2025-04-18T12:14:55.9044671Z [command]/usr/bin/git submodule foreach --recursive sh -c "git config --local --name-only --get-regexp 'core\.sshCommand' && git config --local --unset-all 'core.sshCommand' || :"
2025-04-18T12:14:55.9297891Z [command]/usr/bin/git config --local --name-only --get-regexp http\.https\:\/\/github\.com\/\.extraheader
2025-04-18T12:14:55.9322235Z http.https://github.com/.extraheader
2025-04-18T12:14:55.9338064Z [command]/usr/bin/git config --local --unset-all http.https://github.com/.extraheader
2025-04-18T12:14:55.9372086Z [command]/usr/bin/git submodule foreach --recursive sh -c "git config --local --name-only --get-regexp 'http\.https\:\/\/github\.com\/\.extraheader' && git config --local --unset-all 'http.https://github.com/.extraheader' || :"
2025-04-18T12:14:55.9712843Z Cleaning up orphan processes
