2025-04-16T07:53:25.5917031Z Current runner version: '2.323.0'
2025-04-16T07:53:25.5951985Z ##[group]Operating System
2025-04-16T07:53:25.5953151Z Ubuntu
2025-04-16T07:53:25.5953888Z 24.04.2
2025-04-16T07:53:25.5954690Z LTS
2025-04-16T07:53:25.5955428Z ##[endgroup]
2025-04-16T07:53:25.5956464Z ##[group]Runner Image
2025-04-16T07:53:25.5957450Z Image: ubuntu-24.04
2025-04-16T07:53:25.5958338Z Version: 20250406.1.0
2025-04-16T07:53:25.5960330Z Included Software: https://github.com/actions/runner-images/blob/ubuntu24/20250406.1/images/ubuntu/Ubuntu2404-Readme.md
2025-04-16T07:53:25.5963190Z Image Release: https://github.com/actions/runner-images/releases/tag/ubuntu24%2F20250406.1
2025-04-16T07:53:25.5964926Z ##[endgroup]
2025-04-16T07:53:25.5966003Z ##[group]Runner Image Provisioner
2025-04-16T07:53:25.5967064Z 2.0.422.1
2025-04-16T07:53:25.5967816Z ##[endgroup]
2025-04-16T07:53:25.5969682Z ##[group]GITHUB_TOKEN Permissions
2025-04-16T07:53:25.5972562Z Contents: read
2025-04-16T07:53:25.5973490Z Metadata: read
2025-04-16T07:53:25.5974602Z Packages: read
2025-04-16T07:53:25.5975638Z ##[endgroup]
2025-04-16T07:53:25.5978839Z Secret source: Actions
2025-04-16T07:53:25.5980254Z Prepare workflow directory
2025-04-16T07:53:25.6785069Z Prepare all required actions
2025-04-16T07:53:25.6840571Z Getting action download info
2025-04-16T07:53:26.2972741Z ##[group]Download immutable action package 'actions/checkout@v4'
2025-04-16T07:53:26.2973851Z Version: 4.2.2
2025-04-16T07:53:26.2974818Z Digest: sha256:ccb2698953eaebd21c7bf6268a94f9c26518a7e38e27e0b83c1fe1ad049819b1
2025-04-16T07:53:26.2975947Z Source commit SHA: 11bd71901bbe5b1630ceea73d27597364c9af683
2025-04-16T07:53:26.2976697Z ##[endgroup]
2025-04-16T07:53:26.4128486Z ##[group]Download immutable action package 'actions/setup-node@v4'
2025-04-16T07:53:26.4129260Z Version: 4.4.0
2025-04-16T07:53:26.4129927Z Digest: sha256:9427cefe82346e992fb5b949e3569b39d537ae41aa3086483b14eceebfc16bc1
2025-04-16T07:53:26.4131322Z Source commit SHA: 49933ea5288caeca8642d1e84afbd3f7d6820020
2025-04-16T07:53:26.4132027Z ##[endgroup]
2025-04-16T07:53:26.8502864Z ##[group]Download immutable action package 'actions/upload-artifact@v4'
2025-04-16T07:53:26.8503680Z Version: 4.6.2
2025-04-16T07:53:26.8504366Z Digest: sha256:290722aa3281d5caf23d0acdc3dbeb3424786a1a01a9cc97e72f147225e37c38
2025-04-16T07:53:26.8505385Z Source commit SHA: ea165f8d65b6e75b540449e92b4886f43607fa02
2025-04-16T07:53:26.8506026Z ##[endgroup]
2025-04-16T07:53:27.0643244Z Complete job name: test (22.x)
2025-04-16T07:53:27.1035874Z ##[group]Checking docker version
2025-04-16T07:53:27.1049357Z ##[command]/usr/bin/docker version --format '{{.Server.APIVersion}}'
2025-04-16T07:53:27.1663417Z '1.45'
2025-04-16T07:53:27.1674029Z Docker daemon API version: '1.45'
2025-04-16T07:53:27.1675133Z ##[command]/usr/bin/docker version --format '{{.Client.APIVersion}}'
2025-04-16T07:53:27.1821856Z '1.45'
2025-04-16T07:53:27.1832263Z Docker client API version: '1.45'
2025-04-16T07:53:27.1836686Z ##[endgroup]
2025-04-16T07:53:27.1839900Z ##[group]Clean up resources from previous jobs
2025-04-16T07:53:27.1845265Z ##[command]/usr/bin/docker ps --all --quiet --no-trunc --filter "label=a91b56"
2025-04-16T07:53:27.1999380Z ##[command]/usr/bin/docker network prune --force --filter "label=a91b56"
2025-04-16T07:53:27.2129834Z ##[endgroup]
2025-04-16T07:53:27.2130326Z ##[group]Create local container network
2025-04-16T07:53:27.2140307Z ##[command]/usr/bin/docker network create --label a91b56 github_network_03d68ffbaed74a93878534edf87a932f
2025-04-16T07:53:27.3046611Z 80e6cdc34a9881a94c1138977394aaedfc24a7afdadf2fda56bc256f65e071ea
2025-04-16T07:53:27.3059281Z ##[endgroup]
2025-04-16T07:53:27.3088348Z ##[group]Starting mongodb service container
2025-04-16T07:53:27.3107899Z ##[command]/usr/bin/docker pull mongo:6
2025-04-16T07:53:28.1743985Z 6: Pulling from library/mongo
2025-04-16T07:53:28.3802651Z 30a9c22ae099: Pulling fs layer
2025-04-16T07:53:28.3804888Z abd374245ca5: Pulling fs layer
2025-04-16T07:53:28.3807797Z dfcc52b2e041: Pulling fs layer
2025-04-16T07:53:28.3809222Z b058d84e1082: Pulling fs layer
2025-04-16T07:53:28.3811113Z e12a18eb1ecf: Pulling fs layer
2025-04-16T07:53:28.3813440Z 546622740404: Pulling fs layer
2025-04-16T07:53:28.3814579Z 80a51fc6e5dc: Pulling fs layer
2025-04-16T07:53:28.3815716Z f7d23c7569c8: Pulling fs layer
2025-04-16T07:53:28.3816860Z b058d84e1082: Waiting
2025-04-16T07:53:28.3817992Z e12a18eb1ecf: Waiting
2025-04-16T07:53:28.3818984Z 546622740404: Waiting
2025-04-16T07:53:28.3820036Z 80a51fc6e5dc: Waiting
2025-04-16T07:53:28.3821309Z f7d23c7569c8: Waiting
2025-04-16T07:53:28.6580265Z abd374245ca5: Verifying Checksum
2025-04-16T07:53:28.6587334Z abd374245ca5: Download complete
2025-04-16T07:53:28.7454711Z dfcc52b2e041: Verifying Checksum
2025-04-16T07:53:28.7457176Z dfcc52b2e041: Download complete
2025-04-16T07:53:28.9139423Z 30a9c22ae099: Download complete
2025-04-16T07:53:28.9918260Z b058d84e1082: Verifying Checksum
2025-04-16T07:53:28.9921243Z b058d84e1082: Download complete
2025-04-16T07:53:29.0192557Z e12a18eb1ecf: Verifying Checksum
2025-04-16T07:53:29.0198734Z e12a18eb1ecf: Download complete
2025-04-16T07:53:29.2207925Z 546622740404: Verifying Checksum
2025-04-16T07:53:29.2213311Z 546622740404: Download complete
2025-04-16T07:53:29.3079341Z f7d23c7569c8: Verifying Checksum
2025-04-16T07:53:29.3080143Z f7d23c7569c8: Download complete
2025-04-16T07:53:30.2549505Z 30a9c22ae099: Pull complete
2025-04-16T07:53:30.3233753Z abd374245ca5: Pull complete
2025-04-16T07:53:30.7002669Z 80a51fc6e5dc: Verifying Checksum
2025-04-16T07:53:30.7007894Z 80a51fc6e5dc: Download complete
2025-04-16T07:53:31.6112221Z dfcc52b2e041: Pull complete
2025-04-16T07:53:31.6623926Z b058d84e1082: Pull complete
2025-04-16T07:53:31.6805391Z e12a18eb1ecf: Pull complete
2025-04-16T07:53:31.6956056Z 546622740404: Pull complete
2025-04-16T07:53:35.5817283Z 80a51fc6e5dc: Pull complete
2025-04-16T07:53:38.5052842Z f7d23c7569c8: Pull complete
2025-04-16T07:53:38.5099526Z Digest: sha256:3d3f53bf2171f73fd725412f93a7bba10eee9c898b1381e7d7680a19dcb937d7
2025-04-16T07:53:38.5130004Z Status: Downloaded newer image for mongo:6
2025-04-16T07:53:38.5139542Z docker.io/library/mongo:6
2025-04-16T07:53:38.5184798Z ##[command]/usr/bin/docker create --name 0a15f183ae42400b88e2956c05fe7f64_mongo6_5ee138 --label a91b56 --network github_network_03d68ffbaed74a93878534edf87a932f --network-alias mongodb -p 27017:27017  -e GITHUB_ACTIONS=true -e CI=true mongo:6
2025-04-16T07:53:38.5578504Z c83e752247a2986020b52e120fc9301b2cc7e9cfc315f1d11e06a51e803b119e
2025-04-16T07:53:38.5605111Z ##[command]/usr/bin/docker start c83e752247a2986020b52e120fc9301b2cc7e9cfc315f1d11e06a51e803b119e
2025-04-16T07:53:38.8475989Z c83e752247a2986020b52e120fc9301b2cc7e9cfc315f1d11e06a51e803b119e
2025-04-16T07:53:38.8501669Z ##[command]/usr/bin/docker ps --all --filter id=c83e752247a2986020b52e120fc9301b2cc7e9cfc315f1d11e06a51e803b119e --filter status=running --no-trunc --format "{{.ID}} {{.Status}}"
2025-04-16T07:53:38.8659892Z c83e752247a2986020b52e120fc9301b2cc7e9cfc315f1d11e06a51e803b119e Up Less than a second
2025-04-16T07:53:38.8690149Z ##[command]/usr/bin/docker port c83e752247a2986020b52e120fc9301b2cc7e9cfc315f1d11e06a51e803b119e
2025-04-16T07:53:38.8867058Z 27017/tcp -> 0.0.0.0:27017
2025-04-16T07:53:38.8867768Z 27017/tcp -> [::]:27017
2025-04-16T07:53:38.8937386Z ##[endgroup]
2025-04-16T07:53:38.8949863Z ##[group]Waiting for all services to be ready
2025-04-16T07:53:38.8974222Z ##[command]/usr/bin/docker inspect --format="{{if .Config.Healthcheck}}{{print .State.Health.Status}}{{end}}" c83e752247a2986020b52e120fc9301b2cc7e9cfc315f1d11e06a51e803b119e
2025-04-16T07:53:38.9185236Z mongodb service is healthy.
2025-04-16T07:53:38.9186097Z ##[endgroup]
2025-04-16T07:53:38.9500498Z ##[group]Run actions/checkout@v4
2025-04-16T07:53:38.9501620Z with:
2025-04-16T07:53:38.9502005Z   repository: mrkurger/date-night-app2
2025-04-16T07:53:38.9502677Z   token: ***
2025-04-16T07:53:38.9503004Z   ssh-strict: true
2025-04-16T07:53:38.9503357Z   ssh-user: git
2025-04-16T07:53:38.9503684Z   persist-credentials: true
2025-04-16T07:53:38.9504115Z   clean: true
2025-04-16T07:53:38.9504743Z   sparse-checkout-cone-mode: true
2025-04-16T07:53:38.9505194Z   fetch-depth: 1
2025-04-16T07:53:38.9505531Z   fetch-tags: false
2025-04-16T07:53:38.9505883Z   show-progress: true
2025-04-16T07:53:38.9506237Z   lfs: false
2025-04-16T07:53:38.9506546Z   submodules: false
2025-04-16T07:53:38.9506903Z   set-safe-directory: true
2025-04-16T07:53:38.9507621Z ##[endgroup]
2025-04-16T07:53:39.2018814Z Syncing repository: mrkurger/date-night-app2
2025-04-16T07:53:39.2020164Z ##[group]Getting Git version info
2025-04-16T07:53:39.2020906Z Working directory is '/home/runner/work/date-night-app2/date-night-app2'
2025-04-16T07:53:39.2022090Z [command]/usr/bin/git version
2025-04-16T07:53:39.2118644Z git version 2.49.0
2025-04-16T07:53:39.2152646Z ##[endgroup]
2025-04-16T07:53:39.2167655Z Temporarily overriding HOME='/home/runner/work/_temp/bffaf462-c95f-46a1-8551-9bf3950c6606' before making global git config changes
2025-04-16T07:53:39.2169667Z Adding repository directory to the temporary git global config as a safe directory
2025-04-16T07:53:39.2184335Z [command]/usr/bin/git config --global --add safe.directory /home/runner/work/date-night-app2/date-night-app2
2025-04-16T07:53:39.2222720Z Deleting the contents of '/home/runner/work/date-night-app2/date-night-app2'
2025-04-16T07:53:39.2227219Z ##[group]Initializing the repository
2025-04-16T07:53:39.2233120Z [command]/usr/bin/git init /home/runner/work/date-night-app2/date-night-app2
2025-04-16T07:53:39.2310058Z hint: Using 'master' as the name for the initial branch. This default branch name
2025-04-16T07:53:39.2311418Z hint: is subject to change. To configure the initial branch name to use in all
2025-04-16T07:53:39.2312458Z hint: of your new repositories, which will suppress this warning, call:
2025-04-16T07:53:39.2312991Z hint:
2025-04-16T07:53:39.2313431Z hint: 	git config --global init.defaultBranch <name>
2025-04-16T07:53:39.2313886Z hint:
2025-04-16T07:53:39.2314326Z hint: Names commonly chosen instead of 'master' are 'main', 'trunk' and
2025-04-16T07:53:39.2315077Z hint: 'development'. The just-created branch can be renamed via this command:
2025-04-16T07:53:39.2315625Z hint:
2025-04-16T07:53:39.2315918Z hint: 	git branch -m <name>
2025-04-16T07:53:39.2319470Z Initialized empty Git repository in /home/runner/work/date-night-app2/date-night-app2/.git/
2025-04-16T07:53:39.2333437Z [command]/usr/bin/git remote add origin https://github.com/mrkurger/date-night-app2
2025-04-16T07:53:39.2371704Z ##[endgroup]
2025-04-16T07:53:39.2372578Z ##[group]Disabling automatic garbage collection
2025-04-16T07:53:39.2376515Z [command]/usr/bin/git config --local gc.auto 0
2025-04-16T07:53:39.2409948Z ##[endgroup]
2025-04-16T07:53:39.2411141Z ##[group]Setting up auth
2025-04-16T07:53:39.2418540Z [command]/usr/bin/git config --local --name-only --get-regexp core\.sshCommand
2025-04-16T07:53:39.2452600Z [command]/usr/bin/git submodule foreach --recursive sh -c "git config --local --name-only --get-regexp 'core\.sshCommand' && git config --local --unset-all 'core.sshCommand' || :"
2025-04-16T07:53:39.2796691Z [command]/usr/bin/git config --local --name-only --get-regexp http\.https\:\/\/github\.com\/\.extraheader
2025-04-16T07:53:39.2833613Z [command]/usr/bin/git submodule foreach --recursive sh -c "git config --local --name-only --get-regexp 'http\.https\:\/\/github\.com\/\.extraheader' && git config --local --unset-all 'http.https://github.com/.extraheader' || :"
2025-04-16T07:53:39.3171636Z [command]/usr/bin/git config --local http.https://github.com/.extraheader AUTHORIZATION: basic ***
2025-04-16T07:53:39.3173096Z ##[endgroup]
2025-04-16T07:53:39.3173908Z ##[group]Fetching the repository
2025-04-16T07:53:39.3175074Z [command]/usr/bin/git -c protocol.version=2 fetch --no-tags --prune --no-recurse-submodules --depth=1 origin +7cfaba260062b2ca34f4329e546f2c24f28267e2:refs/remotes/origin/main
2025-04-16T07:53:41.2225197Z From https://github.com/mrkurger/date-night-app2
2025-04-16T07:53:41.2226017Z  * [new ref]         7cfaba260062b2ca34f4329e546f2c24f28267e2 -> origin/main
2025-04-16T07:53:41.2259459Z ##[endgroup]
2025-04-16T07:53:41.2260151Z ##[group]Determining the checkout info
2025-04-16T07:53:41.2260862Z ##[endgroup]
2025-04-16T07:53:41.2266223Z [command]/usr/bin/git sparse-checkout disable
2025-04-16T07:53:41.2318765Z [command]/usr/bin/git config --local --unset-all extensions.worktreeConfig
2025-04-16T07:53:41.2345649Z ##[group]Checking out the ref
2025-04-16T07:53:41.2352651Z [command]/usr/bin/git checkout --progress --force -B main refs/remotes/origin/main
2025-04-16T07:53:41.6681958Z Switched to a new branch 'main'
2025-04-16T07:53:41.6686803Z branch 'main' set up to track 'origin/main'.
2025-04-16T07:53:41.6707621Z ##[endgroup]
2025-04-16T07:53:41.6749580Z [command]/usr/bin/git log -1 --format=%H
2025-04-16T07:53:41.6774033Z 7cfaba260062b2ca34f4329e546f2c24f28267e2
2025-04-16T07:53:41.6990770Z ##[group]Run actions/setup-node@v4
2025-04-16T07:53:41.6991241Z with:
2025-04-16T07:53:41.6991411Z   node-version: 22.x
2025-04-16T07:53:41.6991593Z   cache: npm
2025-04-16T07:53:41.6991822Z   cache-dependency-path: server/package-lock.json
2025-04-16T07:53:41.6992094Z   always-auth: false
2025-04-16T07:53:41.6992276Z   check-latest: false
2025-04-16T07:53:41.6992567Z   token: ***
2025-04-16T07:53:41.6992737Z ##[endgroup]
2025-04-16T07:53:41.8712524Z Found in cache @ /opt/hostedtoolcache/node/22.14.0/x64
2025-04-16T07:53:41.8719471Z ##[group]Environment details
2025-04-16T07:53:42.3996742Z node: v22.14.0
2025-04-16T07:53:42.3999415Z npm: 10.9.2
2025-04-16T07:53:42.4002833Z yarn: 1.22.22
2025-04-16T07:53:42.4005919Z ##[endgroup]
2025-04-16T07:53:42.4026698Z [command]/opt/hostedtoolcache/node/22.14.0/x64/bin/npm config get cache
2025-04-16T07:53:42.5132407Z /home/runner/.npm
2025-04-16T07:53:42.7727074Z Cache hit for: node-cache-Linux-x64-npm-eb74dc554d17640d6b2005eb2c3c9590e65262bd6e2b7add98bfd17307b4cd7c
2025-04-16T07:53:44.0446967Z Received 27214507 of 35603115 (76.4%), 26.0 MBs/sec
2025-04-16T07:53:44.1353945Z Received 35603115 of 35603115 (100.0%), 31.1 MBs/sec
2025-04-16T07:53:44.1354893Z Cache Size: ~34 MB (35603115 B)
2025-04-16T07:53:44.1391171Z [command]/usr/bin/tar -xf /home/runner/work/_temp/54fa02e8-e50e-4409-a54a-2b0bfc99039e/cache.tzst -P -C /home/runner/work/date-night-app2/date-night-app2 --use-compress-program unzstd
2025-04-16T07:53:44.4034081Z Cache restored successfully
2025-04-16T07:53:44.4112626Z Cache restored from key: node-cache-Linux-x64-npm-eb74dc554d17640d6b2005eb2c3c9590e65262bd6e2b7add98bfd17307b4cd7c
2025-04-16T07:53:44.4281806Z ##[group]Run npm ci
2025-04-16T07:53:44.4282095Z [36;1mnpm ci[0m
2025-04-16T07:53:44.4334766Z shell: /usr/bin/bash -e {0}
2025-04-16T07:53:44.4335018Z ##[endgroup]
2025-04-16T07:53:47.6140534Z npm warn deprecated inflight@1.0.6: This module is not supported, and leaks memory. Do not use it. Check out lru-cache if you want a good and tested way to coalesce async requests by a key value, which is much more comprehensive and powerful.
2025-04-16T07:53:47.6903903Z npm warn deprecated npmlog@5.0.1: This package is no longer supported.
2025-04-16T07:53:47.7913347Z npm warn deprecated xss-clean@0.1.4: Package no longer supported. Contact Support at https://www.npmjs.com/support for more info.
2025-04-16T07:53:47.8053905Z npm warn deprecated passport-reddit@1.1.0: While functionally complete, this library will not be receiving any updates going forwards. Users are actively discouraged from using OAuth2 for authentication. See archival notice on github for more details.
2025-04-16T07:53:47.8656864Z npm warn deprecated rimraf@3.0.2: Rimraf versions prior to v4 are no longer supported
2025-04-16T07:53:47.9525283Z npm warn deprecated are-we-there-yet@2.0.0: This package is no longer supported.
2025-04-16T07:53:47.9842949Z npm warn deprecated glob@7.2.3: Glob versions prior to v9 are no longer supported
2025-04-16T07:53:48.2165614Z npm warn deprecated gauge@3.0.2: This package is no longer supported.
2025-04-16T07:53:48.2454442Z npm warn deprecated @humanwhocodes/config-array@0.11.14: Use @eslint/config-array instead
2025-04-16T07:53:48.2471597Z npm warn deprecated @humanwhocodes/object-schema@2.0.3: Use @eslint/object-schema instead
2025-04-16T07:53:48.5500343Z npm warn deprecated superagent@8.1.2: Please upgrade to v9.0.0+ as we have fixed a public vulnerability with formidable dependency. Note that v9.0.0+ requires Node.js v14.18.0+. See https://github.com/ladjs/superagent/pull/1800 for insight. This project is supported and maintained by the team at Forward Email @ https://forwardemail.net
2025-04-16T07:53:49.3408068Z npm warn deprecated eslint@8.56.0: This version is no longer supported. Please see https://eslint.org/version-support for other options.
2025-04-16T07:53:53.0603313Z 
2025-04-16T07:53:53.0605419Z > date-night-app@1.0.0 prepare
2025-04-16T07:53:53.0606130Z > husky
2025-04-16T07:53:53.0620560Z 
2025-04-16T07:53:53.0687665Z sh: 1: husky: not found
2025-04-16T07:53:53.0726062Z npm error code 127
2025-04-16T07:53:53.0728214Z npm error path /home/runner/work/date-night-app2/date-night-app2
2025-04-16T07:53:53.0729150Z npm error command failed
2025-04-16T07:53:53.0731608Z npm error command sh -c husky
2025-04-16T07:53:53.0740424Z npm error A complete log of this run can be found in: /home/runner/.npm/_logs/2025-04-16T07_53_44_493Z-debug-0.log
2025-04-16T07:53:53.1378007Z ##[error]Process completed with exit code 127.
2025-04-16T07:53:53.1450236Z ##[group]Run actions/upload-artifact@v4
2025-04-16T07:53:53.1450520Z with:
2025-04-16T07:53:53.1450701Z   name: server-test-results
2025-04-16T07:53:53.1451165Z   path: ./server/coverage
2025-04-16T07:53:53.1451463Z   if-no-files-found: warn
2025-04-16T07:53:53.1451669Z   compression-level: 6
2025-04-16T07:53:53.1451864Z   overwrite: false
2025-04-16T07:53:53.1452061Z   include-hidden-files: false
2025-04-16T07:53:53.1452276Z ##[endgroup]
2025-04-16T07:53:53.3759586Z ##[warning]No files were found with the provided path: ./server/coverage. No artifacts will be uploaded.
2025-04-16T07:53:53.3870517Z Post job cleanup.
2025-04-16T07:53:53.4872834Z [command]/usr/bin/git version
2025-04-16T07:53:53.4913305Z git version 2.49.0
2025-04-16T07:53:53.4958478Z Temporarily overriding HOME='/home/runner/work/_temp/7c196b82-a75a-42a7-ac54-1c262110bfad' before making global git config changes
2025-04-16T07:53:53.4960273Z Adding repository directory to the temporary git global config as a safe directory
2025-04-16T07:53:53.4976126Z [command]/usr/bin/git config --global --add safe.directory /home/runner/work/date-night-app2/date-night-app2
2025-04-16T07:53:53.5013484Z [command]/usr/bin/git config --local --name-only --get-regexp core\.sshCommand
2025-04-16T07:53:53.5050474Z [command]/usr/bin/git submodule foreach --recursive sh -c "git config --local --name-only --get-regexp 'core\.sshCommand' && git config --local --unset-all 'core.sshCommand' || :"
2025-04-16T07:53:53.5309467Z [command]/usr/bin/git config --local --name-only --get-regexp http\.https\:\/\/github\.com\/\.extraheader
2025-04-16T07:53:53.5334044Z http.https://github.com/.extraheader
2025-04-16T07:53:53.5348810Z [command]/usr/bin/git config --local --unset-all http.https://github.com/.extraheader
2025-04-16T07:53:53.5384587Z [command]/usr/bin/git submodule foreach --recursive sh -c "git config --local --name-only --get-regexp 'http\.https\:\/\/github\.com\/\.extraheader' && git config --local --unset-all 'http.https://github.com/.extraheader' || :"
2025-04-16T07:53:53.5725300Z Print service container logs: 0a15f183ae42400b88e2956c05fe7f64_mongo6_5ee138
2025-04-16T07:53:53.5730160Z ##[command]/usr/bin/docker logs --details c83e752247a2986020b52e120fc9301b2cc7e9cfc315f1d11e06a51e803b119e
2025-04-16T07:53:53.6125902Z  {"t":{"$date":"2025-04-16T07:53:38.891+00:00"},"s":"I",  "c":"NETWORK",  "id":4915701, "ctx":"-","msg":"Initialized wire specification","attr":{"spec":{"incomingExternalClient":{"minWireVersion":0,"maxWireVersion":17},"incomingInternalClient":{"minWireVersion":0,"maxWireVersion":17},"outgoing":{"minWireVersion":6,"maxWireVersion":17},"isInternalClient":true}}}
2025-04-16T07:53:53.6131311Z  {"t":{"$date":"2025-04-16T07:53:38.893+00:00"},"s":"I",  "c":"CONTROL",  "id":23285,   "ctx":"-","msg":"Automatically disabling TLS 1.0, to force-enable TLS 1.0 specify --sslDisabledProtocols 'none'"}
2025-04-16T07:53:53.6133512Z  {"t":{"$date":"2025-04-16T07:53:38.894+00:00"},"s":"I",  "c":"NETWORK",  "id":4648601, "ctx":"main","msg":"Implicit TCP FastOpen unavailable. If TCP FastOpen is required, set tcpFastOpenServer, tcpFastOpenClient, and tcpFastOpenQueueSize."}
2025-04-16T07:53:53.6135652Z  {"t":{"$date":"2025-04-16T07:53:38.895+00:00"},"s":"I",  "c":"REPL",     "id":5123008, "ctx":"main","msg":"Successfully registered PrimaryOnlyService","attr":{"service":"TenantMigrationDonorService","namespace":"config.tenantMigrationDonors"}}
2025-04-16T07:53:53.6141257Z  {"t":{"$date":"2025-04-16T07:53:38.895+00:00"},"s":"I",  "c":"REPL",     "id":5123008, "ctx":"main","msg":"Successfully registered PrimaryOnlyService","attr":{"service":"TenantMigrationRecipientService","namespace":"config.tenantMigrationRecipients"}}
2025-04-16T07:53:53.6142585Z  {"t":{"$date":"2025-04-16T07:53:38.895+00:00"},"s":"I",  "c":"REPL",     "id":5123008, "ctx":"main","msg":"Successfully registered PrimaryOnlyService","attr":{"service":"ShardSplitDonorService","namespace":"config.tenantSplitDonors"}}
2025-04-16T07:53:53.6143489Z  {"t":{"$date":"2025-04-16T07:53:38.895+00:00"},"s":"I",  "c":"CONTROL",  "id":5945603, "ctx":"main","msg":"Multi threading initialized"}
2025-04-16T07:53:53.6144294Z  {"t":{"$date":"2025-04-16T07:53:38.896+00:00"},"s":"I",  "c":"CONTROL",  "id":4615611, "ctx":"initandlisten","msg":"MongoDB starting","attr":{"pid":1,"port":27017,"dbPath":"/data/db","architecture":"64-bit","host":"c83e752247a2"}}
2025-04-16T07:53:53.6145746Z  {"t":{"$date":"2025-04-16T07:53:38.896+00:00"},"s":"I",  "c":"CONTROL",  "id":23403,   "ctx":"initandlisten","msg":"Build Info","attr":{"buildInfo":{"version":"6.0.22","gitVersion":"ee527360b84c6798535ee0895de3c7186b3522f9","openSSLVersion":"OpenSSL 3.0.2 15 Mar 2022","modules":[],"allocator":"tcmalloc","environment":{"distmod":"ubuntu2204","distarch":"x86_64","target_arch":"x86_64"}}}}
2025-04-16T07:53:53.6147105Z  {"t":{"$date":"2025-04-16T07:53:38.896+00:00"},"s":"I",  "c":"CONTROL",  "id":51765,   "ctx":"initandlisten","msg":"Operating System","attr":{"os":{"name":"Ubuntu","version":"22.04"}}}
2025-04-16T07:53:53.6147920Z  {"t":{"$date":"2025-04-16T07:53:38.896+00:00"},"s":"I",  "c":"CONTROL",  "id":21951,   "ctx":"initandlisten","msg":"Options set by command line","attr":{"options":{"net":{"bindIp":"*"}}}}
2025-04-16T07:53:53.6149070Z  {"t":{"$date":"2025-04-16T07:53:38.897+00:00"},"s":"I",  "c":"STORAGE",  "id":22297,   "ctx":"initandlisten","msg":"Using the XFS filesystem is strongly recommended with the WiredTiger storage engine. See http://dochub.mongodb.org/core/prodnotes-filesystem","tags":["startupWarnings"]}
2025-04-16T07:53:53.6152136Z  {"t":{"$date":"2025-04-16T07:53:38.897+00:00"},"s":"I",  "c":"STORAGE",  "id":22315,   "ctx":"initandlisten","msg":"Opening WiredTiger","attr":{"config":"create,cache_size=3457M,session_max=33000,eviction=(threads_min=4,threads_max=4),config_base=false,statistics=(fast),log=(enabled=true,remove=true,path=journal,compressor=snappy),builtin_extension_config=(zstd=(compression_level=6)),file_manager=(close_idle_time=600,close_scan_interval=10,close_handle_minimum=2000),statistics_log=(wait=0),json_output=(error,message),verbose=[recovery_progress:1,checkpoint_progress:1,compact_progress:1,backup:0,checkpoint:0,compact:0,evict:0,history_store:0,recovery:0,rts:0,salvage:0,tiered:0,timestamp:0,transaction:0,verify:0,log:0],"}}
2025-04-16T07:53:53.6155149Z  {"t":{"$date":"2025-04-16T07:53:39.083+00:00"},"s":"I",  "c":"WTRECOV",  "id":22430,   "ctx":"initandlisten","msg":"WiredTiger message","attr":{"message":{"ts_sec":1744790019,"ts_usec":83461,"thread":"1:0x7f43a682bcc0","session_name":"txn-recover","category":"WT_VERB_RECOVERY_PROGRESS","category_id":30,"verbose_level":"DEBUG","verbose_level_id":1,"msg":"recovery log replay has successfully finished and ran for 0 milliseconds"}}}
2025-04-16T07:53:53.6157111Z  {"t":{"$date":"2025-04-16T07:53:39.083+00:00"},"s":"I",  "c":"WTRECOV",  "id":22430,   "ctx":"initandlisten","msg":"WiredTiger message","attr":{"message":{"ts_sec":1744790019,"ts_usec":83572,"thread":"1:0x7f43a682bcc0","session_name":"txn-recover","category":"WT_VERB_RECOVERY_PROGRESS","category_id":30,"verbose_level":"DEBUG","verbose_level_id":1,"msg":"Set global recovery timestamp: (0, 0)"}}}
2025-04-16T07:53:53.6159094Z  {"t":{"$date":"2025-04-16T07:53:39.083+00:00"},"s":"I",  "c":"WTRECOV",  "id":22430,   "ctx":"initandlisten","msg":"WiredTiger message","attr":{"message":{"ts_sec":1744790019,"ts_usec":83595,"thread":"1:0x7f43a682bcc0","session_name":"txn-recover","category":"WT_VERB_RECOVERY_PROGRESS","category_id":30,"verbose_level":"DEBUG","verbose_level_id":1,"msg":"Set global oldest timestamp: (0, 0)"}}}
2025-04-16T07:53:53.6161479Z  {"t":{"$date":"2025-04-16T07:53:39.083+00:00"},"s":"I",  "c":"WTRECOV",  "id":22430,   "ctx":"initandlisten","msg":"WiredTiger message","attr":{"message":{"ts_sec":1744790019,"ts_usec":83629,"thread":"1:0x7f43a682bcc0","session_name":"txn-recover","category":"WT_VERB_RECOVERY_PROGRESS","category_id":30,"verbose_level":"DEBUG","verbose_level_id":1,"msg":"recovery was completed successfully and took 0ms, including 0ms for the log replay, 0ms for the rollback to stable, and 0ms for the checkpoint."}}}
2025-04-16T07:53:53.6163091Z  {"t":{"$date":"2025-04-16T07:53:39.089+00:00"},"s":"I",  "c":"STORAGE",  "id":4795906, "ctx":"initandlisten","msg":"WiredTiger opened","attr":{"durationMillis":192}}
2025-04-16T07:53:53.6163921Z  {"t":{"$date":"2025-04-16T07:53:39.089+00:00"},"s":"I",  "c":"RECOVERY", "id":23987,   "ctx":"initandlisten","msg":"WiredTiger recoveryTimestamp","attr":{"recoveryTimestamp":{"$timestamp":{"t":0,"i":0}}}}
2025-04-16T07:53:53.6165011Z  {"t":{"$date":"2025-04-16T07:53:39.105+00:00"},"s":"W",  "c":"CONTROL",  "id":22120,   "ctx":"initandlisten","msg":"Access control is not enabled for the database. Read and write access to data and configuration is unrestricted","tags":["startupWarnings"]}
2025-04-16T07:53:53.6166245Z  {"t":{"$date":"2025-04-16T07:53:39.105+00:00"},"s":"W",  "c":"CONTROL",  "id":22178,   "ctx":"initandlisten","msg":"/sys/kernel/mm/transparent_hugepage/enabled is 'always'. We suggest setting it to 'never' in this binary version","tags":["startupWarnings"]}
2025-04-16T07:53:53.6167431Z  {"t":{"$date":"2025-04-16T07:53:39.105+00:00"},"s":"W",  "c":"CONTROL",  "id":5123300, "ctx":"initandlisten","msg":"vm.max_map_count is too low","attr":{"currentValue":262144,"recommendedMinimum":1677720,"maxConns":838860},"tags":["startupWarnings"]}
2025-04-16T07:53:53.6168831Z  {"t":{"$date":"2025-04-16T07:53:39.106+00:00"},"s":"I",  "c":"STORAGE",  "id":20320,   "ctx":"initandlisten","msg":"createCollection","attr":{"namespace":"admin.system.version","uuidDisposition":"provided","uuid":{"uuid":{"$uuid":"9f42c52d-2afc-4659-84d9-c0b217ba736a"}},"options":{"uuid":{"$uuid":"9f42c52d-2afc-4659-84d9-c0b217ba736a"}}}}
2025-04-16T07:53:53.6170849Z  {"t":{"$date":"2025-04-16T07:53:39.115+00:00"},"s":"I",  "c":"INDEX",    "id":20345,   "ctx":"initandlisten","msg":"Index build: done building","attr":{"buildUUID":null,"collectionUUID":{"uuid":{"$uuid":"9f42c52d-2afc-4659-84d9-c0b217ba736a"}},"namespace":"admin.system.version","index":"_id_","ident":"index-1-2135905356011361184","collectionIdent":"collection-0-2135905356011361184","commitTimestamp":null}}
2025-04-16T07:53:53.6172765Z  {"t":{"$date":"2025-04-16T07:53:39.115+00:00"},"s":"I",  "c":"REPL",     "id":20459,   "ctx":"initandlisten","msg":"Setting featureCompatibilityVersion","attr":{"newVersion":"6.0"}}
2025-04-16T07:53:53.6173718Z  {"t":{"$date":"2025-04-16T07:53:39.115+00:00"},"s":"I",  "c":"REPL",     "id":5853300, "ctx":"initandlisten","msg":"current featureCompatibilityVersion value","attr":{"featureCompatibilityVersion":"6.0","context":"setFCV"}}
2025-04-16T07:53:53.6175863Z  {"t":{"$date":"2025-04-16T07:53:39.115+00:00"},"s":"I",  "c":"NETWORK",  "id":4915702, "ctx":"initandlisten","msg":"Updated wire specification","attr":{"oldSpec":{"incomingExternalClient":{"minWireVersion":0,"maxWireVersion":17},"incomingInternalClient":{"minWireVersion":0,"maxWireVersion":17},"outgoing":{"minWireVersion":6,"maxWireVersion":17},"isInternalClient":true},"newSpec":{"incomingExternalClient":{"minWireVersion":0,"maxWireVersion":17},"incomingInternalClient":{"minWireVersion":17,"maxWireVersion":17},"outgoing":{"minWireVersion":17,"maxWireVersion":17},"isInternalClient":true}}}
2025-04-16T07:53:53.6179204Z  {"t":{"$date":"2025-04-16T07:53:39.115+00:00"},"s":"I",  "c":"NETWORK",  "id":4915702, "ctx":"initandlisten","msg":"Updated wire specification","attr":{"oldSpec":{"incomingExternalClient":{"minWireVersion":0,"maxWireVersion":17},"incomingInternalClient":{"minWireVersion":17,"maxWireVersion":17},"outgoing":{"minWireVersion":17,"maxWireVersion":17},"isInternalClient":true},"newSpec":{"incomingExternalClient":{"minWireVersion":0,"maxWireVersion":17},"incomingInternalClient":{"minWireVersion":17,"maxWireVersion":17},"outgoing":{"minWireVersion":17,"maxWireVersion":17},"isInternalClient":true}}}
2025-04-16T07:53:53.6181652Z  {"t":{"$date":"2025-04-16T07:53:39.115+00:00"},"s":"I",  "c":"REPL",     "id":5853300, "ctx":"initandlisten","msg":"current featureCompatibilityVersion value","attr":{"featureCompatibilityVersion":"6.0","context":"startup"}}
2025-04-16T07:53:53.6182513Z  {"t":{"$date":"2025-04-16T07:53:39.115+00:00"},"s":"I",  "c":"STORAGE",  "id":5071100, "ctx":"initandlisten","msg":"Clearing temp directory"}
2025-04-16T07:53:53.6183154Z  {"t":{"$date":"2025-04-16T07:53:39.116+00:00"},"s":"I",  "c":"CONTROL",  "id":20536,   "ctx":"initandlisten","msg":"Flow Control is enabled on this deployment"}
2025-04-16T07:53:53.6184041Z  {"t":{"$date":"2025-04-16T07:53:39.116+00:00"},"s":"I",  "c":"FTDC",     "id":20625,   "ctx":"initandlisten","msg":"Initializing full-time diagnostic data capture","attr":{"dataDirectory":"/data/db/diagnostic.data"}}
2025-04-16T07:53:53.6185313Z  {"t":{"$date":"2025-04-16T07:53:39.117+00:00"},"s":"I",  "c":"STORAGE",  "id":20320,   "ctx":"initandlisten","msg":"createCollection","attr":{"namespace":"local.startup_log","uuidDisposition":"generated","uuid":{"uuid":{"$uuid":"c35ace2b-44fb-4e2e-9c58-ab6ddcc81ee6"}},"options":{"capped":true,"size":10485760}}}
2025-04-16T07:53:53.6187075Z  {"t":{"$date":"2025-04-16T07:53:39.127+00:00"},"s":"I",  "c":"INDEX",    "id":20345,   "ctx":"initandlisten","msg":"Index build: done building","attr":{"buildUUID":null,"collectionUUID":{"uuid":{"$uuid":"c35ace2b-44fb-4e2e-9c58-ab6ddcc81ee6"}},"namespace":"local.startup_log","index":"_id_","ident":"index-3-2135905356011361184","collectionIdent":"collection-2-2135905356011361184","commitTimestamp":null}}
2025-04-16T07:53:53.6188594Z  {"t":{"$date":"2025-04-16T07:53:39.127+00:00"},"s":"I",  "c":"REPL",     "id":6015317, "ctx":"initandlisten","msg":"Setting new configuration state","attr":{"newState":"ConfigReplicationDisabled","oldState":"ConfigPreStart"}}
2025-04-16T07:53:53.6189417Z  {"t":{"$date":"2025-04-16T07:53:39.127+00:00"},"s":"I",  "c":"STORAGE",  "id":22262,   "ctx":"initandlisten","msg":"Timestamp monitor starting"}
2025-04-16T07:53:53.6190581Z  {"t":{"$date":"2025-04-16T07:53:39.128+00:00"},"s":"I",  "c":"STORAGE",  "id":20320,   "ctx":"LogicalSessionCacheRefresh","msg":"createCollection","attr":{"namespace":"config.system.sessions","uuidDisposition":"generated","uuid":{"uuid":{"$uuid":"33d26144-dbe4-47a4-bc46-ab072268a995"}},"options":{}}}
2025-04-16T07:53:53.6192412Z  {"t":{"$date":"2025-04-16T07:53:39.129+00:00"},"s":"I",  "c":"CONTROL",  "id":20712,   "ctx":"LogicalSessionCacheReap","msg":"Sessions collection is not set up; waiting until next sessions reap interval","attr":{"error":"NamespaceNotFound: config.system.sessions does not exist"}}
2025-04-16T07:53:53.6193496Z  {"t":{"$date":"2025-04-16T07:53:39.129+00:00"},"s":"I",  "c":"NETWORK",  "id":23015,   "ctx":"listener","msg":"Listening on","attr":{"address":"/tmp/mongodb-27017.sock"}}
2025-04-16T07:53:53.6194174Z  {"t":{"$date":"2025-04-16T07:53:39.129+00:00"},"s":"I",  "c":"NETWORK",  "id":23015,   "ctx":"listener","msg":"Listening on","attr":{"address":"0.0.0.0"}}
2025-04-16T07:53:53.6195004Z  {"t":{"$date":"2025-04-16T07:53:39.129+00:00"},"s":"I",  "c":"NETWORK",  "id":23016,   "ctx":"listener","msg":"Waiting for connections","attr":{"port":27017,"ssl":"off"}}
2025-04-16T07:53:53.6198963Z  {"t":{"$date":"2025-04-16T07:53:39.129+00:00"},"s":"I",  "c":"CONTROL",  "id":8423403, "ctx":"initandlisten","msg":"mongod startup complete","attr":{"Summary of time elapsed":{"Startup from clean shutdown?":true,"Statistics":{"Transport layer setup":"0 ms","Run initial syncer crash recovery":"0 ms","Create storage engine lock file in the data directory":"0 ms","Create storage engine lock file in the data directory":"0 ms","Get metadata describing storage engine":"0 ms","Get metadata describing storage engine":"0 ms","Create storage engine":"0 ms","Create storage engine":"204 ms","Write current PID to file":"0 ms","Write current PID to file":"0 ms","Write a new metadata for storage engine":"0 ms","Write a new metadata for storage engine":"0 ms","Initialize FCV before rebuilding indexes":"0 ms","Initialize FCV before rebuilding indexes":"0 ms","Drop abandoned idents and get back indexes that need to be rebuilt or builds that need to be restarted":"0 ms","Drop abandoned idents and get back indexes that need to be rebuilt or builds that need to be restarted":"0 ms","Rebuild indexes for collections":"0 ms","Rebuild indexes for collections":"0 ms","Build user and roles graph":"0 ms","Set up the background thread pool responsible for waiting for opTimes to be majority committed":"0 ms","Start up the replication coordinator":"0 ms","Start transport layer":"0 ms","_initAndListen total elapsed time":"234 ms"}}}}
2025-04-16T07:53:53.6204209Z  {"t":{"$date":"2025-04-16T07:53:39.141+00:00"},"s":"I",  "c":"INDEX",    "id":20345,   "ctx":"LogicalSessionCacheRefresh","msg":"Index build: done building","attr":{"buildUUID":null,"collectionUUID":{"uuid":{"$uuid":"33d26144-dbe4-47a4-bc46-ab072268a995"}},"namespace":"config.system.sessions","index":"_id_","ident":"index-5-2135905356011361184","collectionIdent":"collection-4-2135905356011361184","commitTimestamp":null}}
2025-04-16T07:53:53.6206422Z  {"t":{"$date":"2025-04-16T07:53:39.141+00:00"},"s":"I",  "c":"INDEX",    "id":20345,   "ctx":"LogicalSessionCacheRefresh","msg":"Index build: done building","attr":{"buildUUID":null,"collectionUUID":{"uuid":{"$uuid":"33d26144-dbe4-47a4-bc46-ab072268a995"}},"namespace":"config.system.sessions","index":"lsidTTLIndex","ident":"index-6-2135905356011361184","collectionIdent":"collection-4-2135905356011361184","commitTimestamp":null}}
2025-04-16T07:53:53.6213741Z Stop and remove container: 0a15f183ae42400b88e2956c05fe7f64_mongo6_5ee138
2025-04-16T07:53:53.6218238Z ##[command]/usr/bin/docker rm --force c83e752247a2986020b52e120fc9301b2cc7e9cfc315f1d11e06a51e803b119e
2025-04-16T07:53:55.3627384Z c83e752247a2986020b52e120fc9301b2cc7e9cfc315f1d11e06a51e803b119e
2025-04-16T07:53:55.3656456Z Remove container network: github_network_03d68ffbaed74a93878534edf87a932f
2025-04-16T07:53:55.3660588Z ##[command]/usr/bin/docker network rm github_network_03d68ffbaed74a93878534edf87a932f
2025-04-16T07:53:55.4535062Z github_network_03d68ffbaed74a93878534edf87a932f
2025-04-16T07:53:55.4589589Z Cleaning up orphan processes
