2025-04-16T14:45:33.2333266Z Current runner version: '2.323.0'
2025-04-16T14:45:33.2360041Z ##[group]Operating System
2025-04-16T14:45:33.2360897Z Ubuntu
2025-04-16T14:45:33.2361408Z 24.04.2
2025-04-16T14:45:33.2361897Z LTS
2025-04-16T14:45:33.2362405Z ##[endgroup]
2025-04-16T14:45:33.2362896Z ##[group]Runner Image
2025-04-16T14:45:33.2363813Z Image: ubuntu-24.04
2025-04-16T14:45:33.2364363Z Version: 20250406.1.0
2025-04-16T14:45:33.2365390Z Included Software: https://github.com/actions/runner-images/blob/ubuntu24/20250406.1/images/ubuntu/Ubuntu2404-Readme.md
2025-04-16T14:45:33.2366849Z Image Release: https://github.com/actions/runner-images/releases/tag/ubuntu24%2F20250406.1
2025-04-16T14:45:33.2367742Z ##[endgroup]
2025-04-16T14:45:33.2368433Z ##[group]Runner Image Provisioner
2025-04-16T14:45:33.2368981Z 2.0.422.1
2025-04-16T14:45:33.2369553Z ##[endgroup]
2025-04-16T14:45:33.2370613Z ##[group]GITHUB_TOKEN Permissions
2025-04-16T14:45:33.2372701Z Actions: read
2025-04-16T14:45:33.2373282Z Contents: write
2025-04-16T14:45:33.2373945Z Metadata: read
2025-04-16T14:45:33.2374592Z ##[endgroup]
2025-04-16T14:45:33.2377047Z Secret source: Actions
2025-04-16T14:45:33.2378129Z Prepare workflow directory
2025-04-16T14:45:33.2822173Z Prepare all required actions
2025-04-16T14:45:33.2872449Z Getting action download info
2025-04-16T14:45:33.7608665Z ##[group]Download immutable action package 'actions/checkout@v4'
2025-04-16T14:45:33.7609886Z Version: 4.2.2
2025-04-16T14:45:33.7610906Z Digest: sha256:ccb2698953eaebd21c7bf6268a94f9c26518a7e38e27e0b83c1fe1ad049819b1
2025-04-16T14:45:33.7612074Z Source commit SHA: 11bd71901bbe5b1630ceea73d27597364c9af683
2025-04-16T14:45:33.7612854Z ##[endgroup]
2025-04-16T14:45:33.8713643Z ##[group]Download immutable action package 'actions/setup-node@v4'
2025-04-16T14:45:33.8714399Z Version: 4.4.0
2025-04-16T14:45:33.8715257Z Digest: sha256:9427cefe82346e992fb5b949e3569b39d537ae41aa3086483b14eceebfc16bc1
2025-04-16T14:45:33.8716197Z Source commit SHA: 49933ea5288caeca8642d1e84afbd3f7d6820020
2025-04-16T14:45:33.8716899Z ##[endgroup]
2025-04-16T14:45:34.3110278Z Complete job name: sync-error-logs
2025-04-16T14:45:34.3773678Z ##[group]Run actions/checkout@v4
2025-04-16T14:45:34.3774590Z with:
2025-04-16T14:45:34.3774985Z   fetch-depth: 0
2025-04-16T14:45:34.3775419Z   repository: mrkurger/date-night-app2
2025-04-16T14:45:34.3776111Z   token: ***
2025-04-16T14:45:34.3776490Z   ssh-strict: true
2025-04-16T14:45:34.3776885Z   ssh-user: git
2025-04-16T14:45:34.3777283Z   persist-credentials: true
2025-04-16T14:45:34.3777725Z   clean: true
2025-04-16T14:45:34.3778347Z   sparse-checkout-cone-mode: true
2025-04-16T14:45:34.3778831Z   fetch-tags: false
2025-04-16T14:45:34.3779233Z   show-progress: true
2025-04-16T14:45:34.3779639Z   lfs: false
2025-04-16T14:45:34.3779997Z   submodules: false
2025-04-16T14:45:34.3780396Z   set-safe-directory: true
2025-04-16T14:45:34.3781079Z env:
2025-04-16T14:45:34.3781432Z   CI: true
2025-04-16T14:45:34.3781788Z ##[endgroup]
2025-04-16T14:45:34.5938419Z Syncing repository: mrkurger/date-night-app2
2025-04-16T14:45:34.5941008Z ##[group]Getting Git version info
2025-04-16T14:45:34.5941891Z Working directory is '/home/runner/work/date-night-app2/date-night-app2'
2025-04-16T14:45:34.5945001Z [command]/usr/bin/git version
2025-04-16T14:45:34.5995575Z git version 2.49.0
2025-04-16T14:45:34.6031219Z ##[endgroup]
2025-04-16T14:45:34.6056079Z Temporarily overriding HOME='/home/runner/work/_temp/8ba12af4-bcd8-4710-9e83-ad16198f9d82' before making global git config changes
2025-04-16T14:45:34.6060526Z Adding repository directory to the temporary git global config as a safe directory
2025-04-16T14:45:34.6063342Z [command]/usr/bin/git config --global --add safe.directory /home/runner/work/date-night-app2/date-night-app2
2025-04-16T14:45:34.6105444Z Deleting the contents of '/home/runner/work/date-night-app2/date-night-app2'
2025-04-16T14:45:34.6109309Z ##[group]Initializing the repository
2025-04-16T14:45:34.6112325Z [command]/usr/bin/git init /home/runner/work/date-night-app2/date-night-app2
2025-04-16T14:45:34.6198484Z hint: Using 'master' as the name for the initial branch. This default branch name
2025-04-16T14:45:34.6200652Z hint: is subject to change. To configure the initial branch name to use in all
2025-04-16T14:45:34.6201555Z hint: of your new repositories, which will suppress this warning, call:
2025-04-16T14:45:34.6202214Z hint:
2025-04-16T14:45:34.6202709Z hint: 	git config --global init.defaultBranch <name>
2025-04-16T14:45:34.6203423Z hint:
2025-04-16T14:45:34.6203957Z hint: Names commonly chosen instead of 'master' are 'main', 'trunk' and
2025-04-16T14:45:34.6204817Z hint: 'development'. The just-created branch can be renamed via this command:
2025-04-16T14:45:34.6205494Z hint:
2025-04-16T14:45:34.6205859Z hint: 	git branch -m <name>
2025-04-16T14:45:34.6211567Z Initialized empty Git repository in /home/runner/work/date-night-app2/date-night-app2/.git/
2025-04-16T14:45:34.6224721Z [command]/usr/bin/git remote add origin https://github.com/mrkurger/date-night-app2
2025-04-16T14:45:34.6266894Z ##[endgroup]
2025-04-16T14:45:34.6268490Z ##[group]Disabling automatic garbage collection
2025-04-16T14:45:34.6271193Z [command]/usr/bin/git config --local gc.auto 0
2025-04-16T14:45:34.6305641Z ##[endgroup]
2025-04-16T14:45:34.6308530Z ##[group]Setting up auth
2025-04-16T14:45:34.6312795Z [command]/usr/bin/git config --local --name-only --get-regexp core\.sshCommand
2025-04-16T14:45:34.6346663Z [command]/usr/bin/git submodule foreach --recursive sh -c "git config --local --name-only --get-regexp 'core\.sshCommand' && git config --local --unset-all 'core.sshCommand' || :"
2025-04-16T14:45:34.6664867Z [command]/usr/bin/git config --local --name-only --get-regexp http\.https\:\/\/github\.com\/\.extraheader
2025-04-16T14:45:34.6699023Z [command]/usr/bin/git submodule foreach --recursive sh -c "git config --local --name-only --get-regexp 'http\.https\:\/\/github\.com\/\.extraheader' && git config --local --unset-all 'http.https://github.com/.extraheader' || :"
2025-04-16T14:45:34.6935001Z [command]/usr/bin/git config --local http.https://github.com/.extraheader AUTHORIZATION: basic ***
2025-04-16T14:45:34.6991329Z ##[endgroup]
2025-04-16T14:45:34.6994534Z ##[group]Fetching the repository
2025-04-16T14:45:34.7002139Z [command]/usr/bin/git -c protocol.version=2 fetch --prune --no-recurse-submodules origin +refs/heads/*:refs/remotes/origin/* +refs/tags/*:refs/tags/*
2025-04-16T14:45:43.2679514Z From https://github.com/mrkurger/date-night-app2
2025-04-16T14:45:43.2687043Z  * [new branch]      dependabot/github_actions/dawidd6/action-download-artifact-9 -> origin/dependabot/github_actions/dawidd6/action-download-artifact-9
2025-04-16T14:45:43.2696750Z  * [new branch]      dependabot/npm_and_yarn/server/multi-94fa72f662 -> origin/dependabot/npm_and_yarn/server/multi-94fa72f662
2025-04-16T14:45:43.2699186Z  * [new branch]      main       -> origin/main
2025-04-16T14:45:43.2733364Z [command]/usr/bin/git branch --list --remote origin/main
2025-04-16T14:45:43.2755391Z   origin/main
2025-04-16T14:45:43.2769534Z [command]/usr/bin/git rev-parse refs/remotes/origin/main
2025-04-16T14:45:43.2792955Z 9a4a33b25695a5f9f73fb86ecc37118002cbc11d
2025-04-16T14:45:43.2804203Z ##[endgroup]
2025-04-16T14:45:43.2805708Z ##[group]Determining the checkout info
2025-04-16T14:45:43.2813122Z ##[endgroup]
2025-04-16T14:45:43.2814166Z [command]/usr/bin/git sparse-checkout disable
2025-04-16T14:45:43.2853698Z [command]/usr/bin/git config --local --unset-all extensions.worktreeConfig
2025-04-16T14:45:43.2883157Z ##[group]Checking out the ref
2025-04-16T14:45:43.2889238Z [command]/usr/bin/git checkout --progress --force -B main refs/remotes/origin/main
2025-04-16T14:45:43.6424087Z Switched to a new branch 'main'
2025-04-16T14:45:43.6430948Z branch 'main' set up to track 'origin/main'.
2025-04-16T14:45:43.6455253Z ##[endgroup]
2025-04-16T14:45:43.6534495Z [command]/usr/bin/git log -1 --format=%H
2025-04-16T14:45:43.6573220Z 9a4a33b25695a5f9f73fb86ecc37118002cbc11d
2025-04-16T14:45:43.6807529Z ##[group]Run actions/setup-node@v4
2025-04-16T14:45:43.6807816Z with:
2025-04-16T14:45:43.6808440Z   node-version: 22.x
2025-04-16T14:45:43.6808640Z   always-auth: false
2025-04-16T14:45:43.6808838Z   check-latest: false
2025-04-16T14:45:43.6809159Z   token: ***
2025-04-16T14:45:43.6809341Z env:
2025-04-16T14:45:43.6809504Z   CI: true
2025-04-16T14:45:43.6809675Z ##[endgroup]
2025-04-16T14:45:43.8551070Z Found in cache @ /opt/hostedtoolcache/node/22.14.0/x64
2025-04-16T14:45:43.8554106Z ##[group]Environment details
2025-04-16T14:45:44.4112120Z node: v22.14.0
2025-04-16T14:45:44.4113355Z npm: 10.9.2
2025-04-16T14:45:44.4115215Z yarn: 1.22.22
2025-04-16T14:45:44.4116780Z ##[endgroup]
2025-04-16T14:45:44.4229080Z ##[group]Run npm install @octokit/rest@20.0.2 @octokit/plugin-throttling@9.0.3 fs-extra@11.2.0
2025-04-16T14:45:44.4229733Z [36;1mnpm install @octokit/rest@20.0.2 @octokit/plugin-throttling@9.0.3 fs-extra@11.2.0[0m
2025-04-16T14:45:44.4284152Z shell: /usr/bin/bash -e {0}
2025-04-16T14:45:44.4284396Z env:
2025-04-16T14:45:44.4284567Z   CI: true
2025-04-16T14:45:44.4284744Z ##[endgroup]
2025-04-16T14:45:49.7785029Z npm warn deprecated xss-clean@0.1.4: Package no longer supported. Contact Support at https://www.npmjs.com/support for more info.
2025-04-16T14:45:51.0212407Z npm warn deprecated rimraf@3.0.2: Rimraf versions prior to v4 are no longer supported
2025-04-16T14:45:51.6299028Z npm warn deprecated passport-reddit@1.1.0: While functionally complete, this library will not be receiving any updates going forwards. Users are actively discouraged from using OAuth2 for authentication. See archival notice on github for more details.
2025-04-16T14:45:52.0563846Z npm warn deprecated npmlog@5.0.1: This package is no longer supported.
2025-04-16T14:45:52.3764151Z npm warn deprecated superagent@8.1.2: Please upgrade to v9.0.0+ as we have fixed a public vulnerability with formidable dependency. Note that v9.0.0+ requires Node.js v14.18.0+. See https://github.com/ladjs/superagent/pull/1800 for insight. This project is supported and maintained by the team at Forward Email @ https://forwardemail.net
2025-04-16T14:45:53.2680871Z npm warn deprecated inflight@1.0.6: This module is not supported, and leaks memory. Do not use it. Check out lru-cache if you want a good and tested way to coalesce async requests by a key value, which is much more comprehensive and powerful.
2025-04-16T14:45:53.7297481Z npm warn deprecated glob@7.2.3: Glob versions prior to v9 are no longer supported
2025-04-16T14:45:54.1716986Z npm warn deprecated gauge@3.0.2: This package is no longer supported.
2025-04-16T14:45:54.6132189Z npm warn deprecated domexception@4.0.0: Use your platform's native DOMException instead
2025-04-16T14:45:55.6301099Z npm warn deprecated are-we-there-yet@2.0.0: This package is no longer supported.
2025-04-16T14:45:55.7356816Z npm warn deprecated abab@2.0.6: Use your platform's native atob() and btoa() methods instead
2025-04-16T14:45:57.0670002Z npm warn deprecated @humanwhocodes/config-array@0.11.14: Use @eslint/config-array instead
2025-04-16T14:45:57.0681505Z npm warn deprecated @humanwhocodes/object-schema@2.0.3: Use @eslint/object-schema instead
2025-04-16T14:46:04.1870603Z npm warn deprecated eslint@8.56.0: This version is no longer supported. Please see https://eslint.org/version-support for other options.
2025-04-16T14:46:04.2339999Z npm warn deprecated eslint@8.56.0: This version is no longer supported. Please see https://eslint.org/version-support for other options.
2025-04-16T14:46:26.7188900Z 
2025-04-16T14:46:26.7189685Z added 1931 packages, and audited 1934 packages in 42s
2025-04-16T14:46:26.7192057Z 
2025-04-16T14:46:26.7192358Z 355 packages are looking for funding
2025-04-16T14:46:26.7192879Z   run `npm fund` for details
2025-04-16T14:46:26.7285942Z 
2025-04-16T14:46:26.7290443Z 3 moderate severity vulnerabilities
2025-04-16T14:46:26.7294832Z 
2025-04-16T14:46:26.7302300Z To address all issues (including breaking changes), run:
2025-04-16T14:46:26.7317669Z   npm audit fix --force
2025-04-16T14:46:26.7321723Z 
2025-04-16T14:46:26.7325575Z Run `npm audit` for details.
2025-04-16T14:46:26.8157523Z ##[group]Run cat > fetch-workflow-logs.js << 'EOF'
2025-04-16T14:46:26.8159081Z [36;1mcat > fetch-workflow-logs.js << 'EOF'[0m
2025-04-16T14:46:26.8159434Z [36;1mconst { Octokit } = require('@octokit/rest');[0m
2025-04-16T14:46:26.8159814Z [36;1mconst { throttling } = require('@octokit/plugin-throttling');[0m
2025-04-16T14:46:26.8160184Z [36;1mconst fs = require('fs-extra');[0m
2025-04-16T14:46:26.8160452Z [36;1mconst path = require('path');[0m
2025-04-16T14:46:26.8160716Z [36;1m[0m
2025-04-16T14:46:26.8160977Z [36;1mconst ThrottledOctokit = Octokit.plugin(throttling);[0m
2025-04-16T14:46:26.8161284Z [36;1m[0m
2025-04-16T14:46:26.8161499Z [36;1masync function main() {[0m
2025-04-16T14:46:26.8161764Z [36;1m  const owner = process.env.REPO_OWNER;[0m
2025-04-16T14:46:26.8162066Z [36;1m  const repo = process.env.REPO_NAME;[0m
2025-04-16T14:46:26.8162385Z [36;1m  const logsDir = path.join('workflow-error-logs');[0m
2025-04-16T14:46:26.8162673Z [36;1m  [0m
2025-04-16T14:46:26.8162985Z [36;1m  console.log(`Fetching workflow logs for ${owner}/${repo}`);[0m
2025-04-16T14:46:26.8163298Z [36;1m  [0m
2025-04-16T14:46:26.8163514Z [36;1m  // Create logs directory if it doesn't exist[0m
2025-04-16T14:46:26.8163795Z [36;1m  await fs.ensureDir(logsDir);[0m
2025-04-16T14:46:26.8164033Z [36;1m  [0m
2025-04-16T14:46:26.8164230Z [36;1m  const octokit = new ThrottledOctokit({[0m
2025-04-16T14:46:26.8164519Z [36;1m    auth: process.env.GITHUB_TOKEN,[0m
2025-04-16T14:46:26.8164776Z [36;1m    throttle: {[0m
2025-04-16T14:46:26.8165011Z [36;1m      onRateLimit: (retryAfter, options) => {[0m
2025-04-16T14:46:26.8165405Z [36;1m        console.warn(`Rate limit exceeded for ${options.method} ${options.url}`);[0m
2025-04-16T14:46:26.8165795Z [36;1m        if (options.request.retryCount < 2) {[0m
2025-04-16T14:46:26.8166125Z [36;1m          console.log(`Retrying after ${retryAfter} seconds!`);[0m
2025-04-16T14:46:26.8166427Z [36;1m          return true;[0m
2025-04-16T14:46:26.8166652Z [36;1m        }[0m
2025-04-16T14:46:26.8166834Z [36;1m      },[0m
2025-04-16T14:46:26.8167070Z [36;1m      onSecondaryRateLimit: (retryAfter, options) => {[0m
2025-04-16T14:46:26.8167517Z [36;1m        console.warn(`Secondary rate limit exceeded for ${options.method} ${options.url}`);[0m
2025-04-16T14:46:26.8168154Z [36;1m        if (options.request.retryCount < 2) {[0m
2025-04-16T14:46:26.8168552Z [36;1m          console.log(`Retrying after ${retryAfter} seconds!`);[0m
2025-04-16T14:46:26.8168863Z [36;1m          return true;[0m
2025-04-16T14:46:26.8169080Z [36;1m        }[0m
2025-04-16T14:46:26.8169259Z [36;1m      },[0m
2025-04-16T14:46:26.8169428Z [36;1m    },[0m
2025-04-16T14:46:26.8169603Z [36;1m  });[0m
2025-04-16T14:46:26.8169765Z [36;1m  [0m
2025-04-16T14:46:26.8169946Z [36;1m  // Get all workflows[0m
2025-04-16T14:46:26.8170279Z [36;1m  const { data: workflows } = await octokit.actions.listRepoWorkflows({[0m
2025-04-16T14:46:26.8170650Z [36;1m    owner,[0m
2025-04-16T14:46:26.8170839Z [36;1m    repo,[0m
2025-04-16T14:46:26.8171021Z [36;1m  });[0m
2025-04-16T14:46:26.8171188Z [36;1m  [0m
2025-04-16T14:46:26.8171392Z [36;1m  // Get recent workflow runs (last 30 days)[0m
2025-04-16T14:46:26.8171688Z [36;1m  const thirtyDaysAgo = new Date();[0m
2025-04-16T14:46:26.8172016Z [36;1m  thirtyDaysAgo.setDate(thirtyDaysAgo.getDate() - 30);[0m
2025-04-16T14:46:26.8172320Z [36;1m  [0m
2025-04-16T14:46:26.8172534Z [36;1m  for (const workflow of workflows.workflows) {[0m
2025-04-16T14:46:26.8172927Z [36;1m    console.log(`Processing workflow: ${workflow.name} (${workflow.id})`);[0m
2025-04-16T14:46:26.8173270Z [36;1m    [0m
2025-04-16T14:46:26.8173542Z [36;1m    const { data: runs } = await octokit.actions.listWorkflowRuns({[0m
2025-04-16T14:46:26.8173873Z [36;1m      owner,[0m
2025-04-16T14:46:26.8174058Z [36;1m      repo,[0m
2025-04-16T14:46:26.8174272Z [36;1m      workflow_id: workflow.id,[0m
2025-04-16T14:46:26.8174800Z [36;1m      created: `>=${thirtyDaysAgo.toISOString().split('T')[0]}`,[0m
2025-04-16T14:46:26.8175264Z [36;1m    });[0m
2025-04-16T14:46:26.8175436Z [36;1m    [0m
2025-04-16T14:46:26.8175632Z [36;1m    // Process failed runs[0m
2025-04-16T14:46:26.8175944Z [36;1m    const failedRuns = runs.workflow_runs.filter(run => [0m
2025-04-16T14:46:26.8176410Z [36;1m      run.conclusion === 'failure' || run.conclusion === 'cancelled' || run.conclusion === 'timed_out'[0m
2025-04-16T14:46:26.8176812Z [36;1m    );[0m
2025-04-16T14:46:26.8176981Z [36;1m    [0m
2025-04-16T14:46:26.8177288Z [36;1m    console.log(`Found ${failedRuns.length} failed runs for ${workflow.name}`);[0m
2025-04-16T14:46:26.8177714Z [36;1m    [0m
2025-04-16T14:46:26.8178112Z [36;1m    for (const run of failedRuns) {[0m
2025-04-16T14:46:26.8178486Z [36;1m      const runDate = new Date(run.created_at).toISOString().split('T')[0];[0m
2025-04-16T14:46:26.8179028Z [36;1m      const workflowDir = path.join(logsDir, workflow.name.replace(/[^a-zA-Z0-9]/g, '-').toLowerCase());[0m
2025-04-16T14:46:26.8179569Z [36;1m      const runDir = path.join(workflowDir, `${runDate}_${run.id}`);[0m
2025-04-16T14:46:26.8179892Z [36;1m      [0m
2025-04-16T14:46:26.8180089Z [36;1m      await fs.ensureDir(runDir);[0m
2025-04-16T14:46:26.8180336Z [36;1m      [0m
2025-04-16T14:46:26.8180522Z [36;1m      // Save run metadata[0m
2025-04-16T14:46:26.8180884Z [36;1m      await fs.writeJson(path.join(runDir, 'metadata.json'), run, { spaces: 2 });[0m
2025-04-16T14:46:26.8181238Z [36;1m      [0m
2025-04-16T14:46:26.8181417Z [36;1m      try {[0m
2025-04-16T14:46:26.8181628Z [36;1m        // Get jobs for this run[0m
2025-04-16T14:46:26.8181984Z [36;1m        const { data: jobs } = await octokit.actions.listJobsForWorkflowRun({[0m
2025-04-16T14:46:26.8182333Z [36;1m          owner,[0m
2025-04-16T14:46:26.8182545Z [36;1m          repo,[0m
2025-04-16T14:46:26.8182752Z [36;1m          run_id: run.id,[0m
2025-04-16T14:46:26.8182966Z [36;1m        });[0m
2025-04-16T14:46:26.8183153Z [36;1m        [0m
2025-04-16T14:46:26.8183339Z [36;1m        // Save jobs metadata[0m
2025-04-16T14:46:26.8183691Z [36;1m        await fs.writeJson(path.join(runDir, 'jobs.json'), jobs, { spaces: 2 });[0m
2025-04-16T14:46:26.8184036Z [36;1m        [0m
2025-04-16T14:46:26.8184222Z [36;1m        // Process each job[0m
2025-04-16T14:46:26.8184474Z [36;1m        for (const job of jobs.jobs) {[0m
2025-04-16T14:46:26.8184916Z [36;1m          if (job.conclusion === 'failure' || job.conclusion === 'cancelled' || job.conclusion === 'timed_out') {[0m
2025-04-16T14:46:26.8185482Z [36;1m            const jobDir = path.join(runDir, job.name.replace(/[^a-zA-Z0-9]/g, '-').toLowerCase());[0m
2025-04-16T14:46:26.8185899Z [36;1m            await fs.ensureDir(jobDir);[0m
2025-04-16T14:46:26.8186151Z [36;1m            [0m
2025-04-16T14:46:26.8186351Z [36;1m            // Save job metadata[0m
2025-04-16T14:46:26.8186732Z [36;1m            await fs.writeJson(path.join(jobDir, 'job-metadata.json'), job, { spaces: 2 });[0m
2025-04-16T14:46:26.8187096Z [36;1m            [0m
2025-04-16T14:46:26.8187283Z [36;1m            try {[0m
2025-04-16T14:46:26.8187494Z [36;1m              // Get job logs[0m
2025-04-16T14:46:26.8187845Z [36;1m              const logs = await octokit.actions.downloadJobLogsForWorkflowRun({[0m
2025-04-16T14:46:26.8188474Z [36;1m                owner,[0m
2025-04-16T14:46:26.8188694Z [36;1m                repo,[0m
2025-04-16T14:46:26.8188914Z [36;1m                job_id: job.id,[0m
2025-04-16T14:46:26.8189146Z [36;1m              });[0m
2025-04-16T14:46:26.8189346Z [36;1m              [0m
2025-04-16T14:46:26.8189541Z [36;1m              // Save logs[0m
2025-04-16T14:46:26.8189860Z [36;1m              await fs.writeFile(path.join(jobDir, 'logs.txt'), logs.data);[0m
2025-04-16T14:46:26.8190267Z [36;1m              console.log(`Saved logs for job ${job.name} (${job.id})`);[0m
2025-04-16T14:46:26.8190584Z [36;1m            } catch (error) {[0m
2025-04-16T14:46:26.8191091Z [36;1m              console.error(`Error fetching logs for job ${job.id}: ${error.message}`);[0m
2025-04-16T14:46:26.8191753Z [36;1m              await fs.writeFile(path.join(jobDir, 'error.txt'), `Error fetching logs: ${error.message}`);[0m
2025-04-16T14:46:26.8192169Z [36;1m            }[0m
2025-04-16T14:46:26.8192361Z [36;1m          }[0m
2025-04-16T14:46:26.8192538Z [36;1m        }[0m
2025-04-16T14:46:26.8192730Z [36;1m      } catch (error) {[0m
2025-04-16T14:46:26.8193060Z [36;1m        console.error(`Error processing run ${run.id}: ${error.message}`);[0m
2025-04-16T14:46:26.8193578Z [36;1m        await fs.writeFile(path.join(runDir, 'error.txt'), `Error processing run: ${error.message}`);[0m
2025-04-16T14:46:26.8193977Z [36;1m      }[0m
2025-04-16T14:46:26.8194150Z [36;1m    }[0m
2025-04-16T14:46:26.8194323Z [36;1m  }[0m
2025-04-16T14:46:26.8194492Z [36;1m  [0m
2025-04-16T14:46:26.8194674Z [36;1m  // Create summary file[0m
2025-04-16T14:46:26.8194906Z [36;1m  const summary = {[0m
2025-04-16T14:46:26.8195152Z [36;1m    timestamp: new Date().toISOString(),[0m
2025-04-16T14:46:26.8195465Z [36;1m    totalWorkflows: workflows.workflows.length,[0m
2025-04-16T14:46:26.8195818Z [36;1m    workflowSummary: workflows.workflows.map(w => ({[0m
2025-04-16T14:46:26.8196110Z [36;1m      name: w.name,[0m
2025-04-16T14:46:26.8196430Z [36;1m      id: w.id,[0m
2025-04-16T14:46:26.8196726Z [36;1m      path: w.path,[0m
2025-04-16T14:46:26.8196932Z [36;1m    })),[0m
2025-04-16T14:46:26.8197110Z [36;1m  };[0m
2025-04-16T14:46:26.8197275Z [36;1m  [0m
2025-04-16T14:46:26.8197585Z [36;1m  await fs.writeJson(path.join(logsDir, 'summary.json'), summary, { spaces: 2 });[0m
2025-04-16T14:46:26.8198306Z [36;1m  console.log('Workflow error logs sync completed');[0m
2025-04-16T14:46:26.8198600Z [36;1m}[0m
2025-04-16T14:46:26.8198759Z [36;1m[0m
2025-04-16T14:46:26.8198935Z [36;1mmain().catch(error => {[0m
2025-04-16T14:46:26.8199221Z [36;1m  console.error('Error in main process:', error);[0m
2025-04-16T14:46:26.8199614Z [36;1m  process.exit(1);[0m
2025-04-16T14:46:26.8199876Z [36;1m});[0m
2025-04-16T14:46:26.8200047Z [36;1mEOF[0m
2025-04-16T14:46:26.8200212Z [36;1m[0m
2025-04-16T14:46:26.8200390Z [36;1mnode fetch-workflow-logs.js[0m
2025-04-16T14:46:26.8248587Z shell: /usr/bin/bash -e {0}
2025-04-16T14:46:26.8248825Z env:
2025-04-16T14:46:26.8248990Z   CI: true
2025-04-16T14:46:26.8249356Z   GITHUB_TOKEN: ***
2025-04-16T14:46:26.8249557Z   REPO_OWNER: mrkurger
2025-04-16T14:46:26.8249773Z   REPO_NAME: date-night-app2
2025-04-16T14:46:26.8249993Z ##[endgroup]
2025-04-16T14:46:26.8698111Z node:internal/modules/cjs/loader:646
2025-04-16T14:46:26.8698864Z       throw e;
2025-04-16T14:46:26.8699155Z       ^
2025-04-16T14:46:26.8699318Z 
2025-04-16T14:46:26.8700542Z Error [ERR_PACKAGE_PATH_NOT_EXPORTED]: No "exports" main defined in /home/runner/work/date-night-app2/date-night-app2/node_modules/@octokit/plugin-throttling/package.json
2025-04-16T14:46:26.8702010Z     at exportsNotFound (node:internal/modules/esm/resolve:314:10)
2025-04-16T14:46:26.8702834Z     at packageExportsResolve (node:internal/modules/esm/resolve:604:13)
2025-04-16T14:46:26.8703622Z     at resolveExports (node:internal/modules/cjs/loader:639:36)
2025-04-16T14:46:26.8704364Z     at Function._findPath (node:internal/modules/cjs/loader:728:31)
2025-04-16T14:46:26.8705212Z     at Function._resolveFilename (node:internal/modules/cjs/loader:1211:27)
2025-04-16T14:46:26.8706007Z     at Function._load (node:internal/modules/cjs/loader:1055:27)
2025-04-16T14:46:26.8706739Z     at TracingChannel.traceSync (node:diagnostics_channel:322:14)
2025-04-16T14:46:26.8707469Z     at wrapModuleLoad (node:internal/modules/cjs/loader:220:24)
2025-04-16T14:46:26.8708688Z     at Module.require (node:internal/modules/cjs/loader:1311:12)
2025-04-16T14:46:26.8709389Z     at require (node:internal/modules/helpers:136:16) {
2025-04-16T14:46:26.8709958Z   code: 'ERR_PACKAGE_PATH_NOT_EXPORTED'
2025-04-16T14:46:26.8710537Z }
2025-04-16T14:46:26.8711165Z 
2025-04-16T14:46:26.8711305Z Node.js v22.14.0
2025-04-16T14:46:26.8753193Z ##[error]Process completed with exit code 1.
2025-04-16T14:46:26.8853827Z Post job cleanup.
2025-04-16T14:46:26.9805496Z [command]/usr/bin/git version
2025-04-16T14:46:26.9846188Z git version 2.49.0
2025-04-16T14:46:26.9892702Z Temporarily overriding HOME='/home/runner/work/_temp/8203f265-e4d0-409f-b80b-7066fa47dfc5' before making global git config changes
2025-04-16T14:46:26.9894572Z Adding repository directory to the temporary git global config as a safe directory
2025-04-16T14:46:26.9910816Z [command]/usr/bin/git config --global --add safe.directory /home/runner/work/date-night-app2/date-night-app2
2025-04-16T14:46:26.9948921Z [command]/usr/bin/git config --local --name-only --get-regexp core\.sshCommand
2025-04-16T14:46:26.9986511Z [command]/usr/bin/git submodule foreach --recursive sh -c "git config --local --name-only --get-regexp 'core\.sshCommand' && git config --local --unset-all 'core.sshCommand' || :"
2025-04-16T14:46:27.0273024Z [command]/usr/bin/git config --local --name-only --get-regexp http\.https\:\/\/github\.com\/\.extraheader
2025-04-16T14:46:27.0283177Z http.https://github.com/.extraheader
2025-04-16T14:46:27.0297724Z [command]/usr/bin/git config --local --unset-all http.https://github.com/.extraheader
2025-04-16T14:46:27.0333276Z [command]/usr/bin/git submodule foreach --recursive sh -c "git config --local --name-only --get-regexp 'http\.https\:\/\/github\.com\/\.extraheader' && git config --local --unset-all 'http.https://github.com/.extraheader' || :"
2025-04-16T14:46:27.0676686Z Cleaning up orphan processes
