2025-04-16T09:01:28.5704000Z Current runner version: '2.323.0'
2025-04-16T09:01:28.5784187Z ##[group]Operating System
2025-04-16T09:01:28.5785534Z Ubuntu
2025-04-16T09:01:28.5786308Z 24.04.2
2025-04-16T09:01:28.5787117Z LTS
2025-04-16T09:01:28.5788165Z ##[endgroup]
2025-04-16T09:01:28.5789118Z ##[group]Runner Image
2025-04-16T09:01:28.5790115Z Image: ubuntu-24.04
2025-04-16T09:01:28.5791112Z Version: 20250406.1.0
2025-04-16T09:01:28.5793121Z Included Software: https://github.com/actions/runner-images/blob/ubuntu24/20250406.1/images/ubuntu/Ubuntu2404-Readme.md
2025-04-16T09:01:28.5795674Z Image Release: https://github.com/actions/runner-images/releases/tag/ubuntu24%2F20250406.1
2025-04-16T09:01:28.5797430Z ##[endgroup]
2025-04-16T09:01:28.5798295Z ##[group]Runner Image Provisioner
2025-04-16T09:01:28.5799311Z 2.0.422.1
2025-04-16T09:01:28.5799984Z ##[endgroup]
2025-04-16T09:01:28.5801976Z ##[group]GITHUB_TOKEN Permissions
2025-04-16T09:01:28.5815079Z Contents: read
2025-04-16T09:01:28.5816120Z Metadata: read
2025-04-16T09:01:28.5817268Z Packages: read
2025-04-16T09:01:28.5818376Z ##[endgroup]
2025-04-16T09:01:28.5821262Z Secret source: Actions
2025-04-16T09:01:28.5822289Z Prepare workflow directory
2025-04-16T09:01:28.6533928Z Prepare all required actions
2025-04-16T09:01:28.6589149Z Getting action download info
2025-04-16T09:01:29.2191344Z ##[group]Download immutable action package 'actions/checkout@v4'
2025-04-16T09:01:29.2192350Z Version: 4.2.2
2025-04-16T09:01:29.2193548Z Digest: sha256:ccb2698953eaebd21c7bf6268a94f9c26518a7e38e27e0b83c1fe1ad049819b1
2025-04-16T09:01:29.2194650Z Source commit SHA: 11bd71901bbe5b1630ceea73d27597364c9af683
2025-04-16T09:01:29.2195462Z ##[endgroup]
2025-04-16T09:01:29.3064007Z ##[group]Download immutable action package 'actions/setup-node@v4'
2025-04-16T09:01:29.3064743Z Version: 4.4.0
2025-04-16T09:01:29.3065562Z Digest: sha256:9427cefe82346e992fb5b949e3569b39d537ae41aa3086483b14eceebfc16bc1
2025-04-16T09:01:29.3066487Z Source commit SHA: 49933ea5288caeca8642d1e84afbd3f7d6820020
2025-04-16T09:01:29.3067178Z ##[endgroup]
2025-04-16T09:01:29.5639911Z Download action repository 'cypress-io/github-action@v6' (SHA:108b8684ae52e735ff7891524cbffbcd4be5b19f)
2025-04-16T09:01:29.9620014Z ##[group]Download immutable action package 'actions/upload-artifact@v4'
2025-04-16T09:01:29.9620800Z Version: 4.6.2
2025-04-16T09:01:29.9621477Z Digest: sha256:290722aa3281d5caf23d0acdc3dbeb3424786a1a01a9cc97e72f147225e37c38
2025-04-16T09:01:29.9622369Z Source commit SHA: ea165f8d65b6e75b540449e92b4886f43607fa02
2025-04-16T09:01:29.9623326Z ##[endgroup]
2025-04-16T09:01:30.1743158Z Complete job name: e2e (22.x)
2025-04-16T09:01:30.2333611Z ##[group]Run actions/checkout@v4
2025-04-16T09:01:30.2334520Z with:
2025-04-16T09:01:30.2334966Z   repository: mrkurger/date-night-app2
2025-04-16T09:01:30.2335688Z   token: ***
2025-04-16T09:01:30.2336097Z   ssh-strict: true
2025-04-16T09:01:30.2336511Z   ssh-user: git
2025-04-16T09:01:30.2336930Z   persist-credentials: true
2025-04-16T09:01:30.2337400Z   clean: true
2025-04-16T09:01:30.2337840Z   sparse-checkout-cone-mode: true
2025-04-16T09:01:30.2338367Z   fetch-depth: 1
2025-04-16T09:01:30.2338767Z   fetch-tags: false
2025-04-16T09:01:30.2339184Z   show-progress: true
2025-04-16T09:01:30.2339604Z   lfs: false
2025-04-16T09:01:30.2339992Z   submodules: false
2025-04-16T09:01:30.2340412Z   set-safe-directory: true
2025-04-16T09:01:30.2341100Z ##[endgroup]
2025-04-16T09:01:30.4187963Z Syncing repository: mrkurger/date-night-app2
2025-04-16T09:01:30.4190643Z ##[group]Getting Git version info
2025-04-16T09:01:30.4192114Z Working directory is '/home/runner/work/date-night-app2/date-night-app2'
2025-04-16T09:01:30.4194187Z [command]/usr/bin/git version
2025-04-16T09:01:30.4298886Z git version 2.49.0
2025-04-16T09:01:30.4332946Z ##[endgroup]
2025-04-16T09:01:30.4344757Z Temporarily overriding HOME='/home/runner/work/_temp/0dcc2157-66b0-44f1-993c-f87fc2d8ab14' before making global git config changes
2025-04-16T09:01:30.4347652Z Adding repository directory to the temporary git global config as a safe directory
2025-04-16T09:01:30.4363984Z [command]/usr/bin/git config --global --add safe.directory /home/runner/work/date-night-app2/date-night-app2
2025-04-16T09:01:30.4401371Z Deleting the contents of '/home/runner/work/date-night-app2/date-night-app2'
2025-04-16T09:01:30.4407996Z ##[group]Initializing the repository
2025-04-16T09:01:30.4412130Z [command]/usr/bin/git init /home/runner/work/date-night-app2/date-night-app2
2025-04-16T09:01:30.4519886Z hint: Using 'master' as the name for the initial branch. This default branch name
2025-04-16T09:01:30.4524157Z hint: is subject to change. To configure the initial branch name to use in all
2025-04-16T09:01:30.4533313Z hint: of your new repositories, which will suppress this warning, call:
2025-04-16T09:01:30.4534620Z hint:
2025-04-16T09:01:30.4535529Z hint: 	git config --global init.defaultBranch <name>
2025-04-16T09:01:30.4536598Z hint:
2025-04-16T09:01:30.4537850Z hint: Names commonly chosen instead of 'master' are 'main', 'trunk' and
2025-04-16T09:01:30.4539636Z hint: 'development'. The just-created branch can be renamed via this command:
2025-04-16T09:01:30.4541140Z hint:
2025-04-16T09:01:30.4541971Z hint: 	git branch -m <name>
2025-04-16T09:01:30.4567161Z Initialized empty Git repository in /home/runner/work/date-night-app2/date-night-app2/.git/
2025-04-16T09:01:30.4575459Z [command]/usr/bin/git remote add origin https://github.com/mrkurger/date-night-app2
2025-04-16T09:01:30.4637305Z ##[endgroup]
2025-04-16T09:01:30.4639391Z ##[group]Disabling automatic garbage collection
2025-04-16T09:01:30.4649551Z [command]/usr/bin/git config --local gc.auto 0
2025-04-16T09:01:30.4716540Z ##[endgroup]
2025-04-16T09:01:30.4718558Z ##[group]Setting up auth
2025-04-16T09:01:30.4729208Z [command]/usr/bin/git config --local --name-only --get-regexp core\.sshCommand
2025-04-16T09:01:30.4782038Z [command]/usr/bin/git submodule foreach --recursive sh -c "git config --local --name-only --get-regexp 'core\.sshCommand' && git config --local --unset-all 'core.sshCommand' || :"
2025-04-16T09:01:30.5227980Z [command]/usr/bin/git config --local --name-only --get-regexp http\.https\:\/\/github\.com\/\.extraheader
2025-04-16T09:01:30.5274634Z [command]/usr/bin/git submodule foreach --recursive sh -c "git config --local --name-only --get-regexp 'http\.https\:\/\/github\.com\/\.extraheader' && git config --local --unset-all 'http.https://github.com/.extraheader' || :"
2025-04-16T09:01:30.5588860Z [command]/usr/bin/git config --local http.https://github.com/.extraheader AUTHORIZATION: basic ***
2025-04-16T09:01:30.5650959Z ##[endgroup]
2025-04-16T09:01:30.5653386Z ##[group]Fetching the repository
2025-04-16T09:01:30.5660041Z [command]/usr/bin/git -c protocol.version=2 fetch --no-tags --prune --no-recurse-submodules --depth=1 origin +4832f11d131a12e3f82287a114a818e4665b877e:refs/remotes/origin/main
2025-04-16T09:01:32.9488547Z From https://github.com/mrkurger/date-night-app2
2025-04-16T09:01:32.9493403Z  * [new ref]         4832f11d131a12e3f82287a114a818e4665b877e -> origin/main
2025-04-16T09:01:32.9517690Z ##[endgroup]
2025-04-16T09:01:32.9521224Z ##[group]Determining the checkout info
2025-04-16T09:01:32.9525386Z ##[endgroup]
2025-04-16T09:01:32.9529123Z [command]/usr/bin/git sparse-checkout disable
2025-04-16T09:01:32.9573208Z [command]/usr/bin/git config --local --unset-all extensions.worktreeConfig
2025-04-16T09:01:32.9606883Z ##[group]Checking out the ref
2025-04-16T09:01:32.9609056Z [command]/usr/bin/git checkout --progress --force -B main refs/remotes/origin/main
2025-04-16T09:01:33.3969676Z Switched to a new branch 'main'
2025-04-16T09:01:33.3971912Z branch 'main' set up to track 'origin/main'.
2025-04-16T09:01:33.3987871Z ##[endgroup]
2025-04-16T09:01:33.4034002Z [command]/usr/bin/git log -1 --format=%H
2025-04-16T09:01:33.4052867Z 4832f11d131a12e3f82287a114a818e4665b877e
2025-04-16T09:01:33.4295841Z ##[group]Run actions/setup-node@v4
2025-04-16T09:01:33.4296378Z with:
2025-04-16T09:01:33.4296674Z   node-version: 22.x
2025-04-16T09:01:33.4296979Z   cache: npm
2025-04-16T09:01:33.4297445Z   cache-dependency-path: client-angular/package-lock.json
2025-04-16T09:01:33.4298077Z   always-auth: false
2025-04-16T09:01:33.4298395Z   check-latest: false
2025-04-16T09:01:33.4298936Z   token: ***
2025-04-16T09:01:33.4299259Z ##[endgroup]
2025-04-16T09:01:33.6148902Z Found in cache @ /opt/hostedtoolcache/node/22.14.0/x64
2025-04-16T09:01:33.6149924Z ##[group]Environment details
2025-04-16T09:01:34.0867421Z node: v22.14.0
2025-04-16T09:01:34.0873961Z npm: 10.9.2
2025-04-16T09:01:34.0874278Z yarn: 1.22.22
2025-04-16T09:01:34.0875026Z ##[endgroup]
2025-04-16T09:01:34.0894815Z [command]/opt/hostedtoolcache/node/22.14.0/x64/bin/npm config get cache
2025-04-16T09:01:34.2253608Z /home/runner/.npm
2025-04-16T09:01:34.3973175Z Cache hit for: node-cache-Linux-x64-npm-eed186788acb99c392cc79891935d042040413390720b7932c16d8b7ca478e8b
2025-04-16T09:01:35.2489688Z Received 69351304 of 69351304 (100.0%), 89.7 MBs/sec
2025-04-16T09:01:35.2491864Z Cache Size: ~66 MB (69351304 B)
2025-04-16T09:01:35.2521145Z [command]/usr/bin/tar -xf /home/runner/work/_temp/1e93f70b-c4e3-4f21-b6c2-ae01a422d1b9/cache.tzst -P -C /home/runner/work/date-night-app2/date-night-app2 --use-compress-program unzstd
2025-04-16T09:01:35.5619022Z Cache restored successfully
2025-04-16T09:01:35.5772218Z Cache restored from key: node-cache-Linux-x64-npm-eed186788acb99c392cc79891935d042040413390720b7932c16d8b7ca478e8b
2025-04-16T09:01:35.5931512Z ##[group]Run npm ci
2025-04-16T09:01:35.5931789Z [36;1mnpm ci[0m
2025-04-16T09:01:35.5986829Z shell: /usr/bin/bash -e {0}
2025-04-16T09:01:35.5987091Z ##[endgroup]
2025-04-16T09:01:42.4520422Z npm warn deprecated inflight@1.0.6: This module is not supported, and leaks memory. Do not use it. Check out lru-cache if you want a good and tested way to coalesce async requests by a key value, which is much more comprehensive and powerful.
2025-04-16T09:01:42.8422432Z npm warn deprecated rimraf@3.0.2: Rimraf versions prior to v4 are no longer supported
2025-04-16T09:01:42.8618864Z npm warn deprecated abab@2.0.6: Use your platform's native atob() and btoa() methods instead
2025-04-16T09:01:43.1393968Z npm warn deprecated glob@7.2.3: Glob versions prior to v9 are no longer supported
2025-04-16T09:01:43.3588680Z npm warn deprecated domexception@4.0.0: Use your platform's native DOMException instead
2025-04-16T09:01:44.3096035Z npm warn deprecated @humanwhocodes/object-schema@2.0.3: Use @eslint/object-schema instead
2025-04-16T09:01:44.3939674Z npm warn deprecated @humanwhocodes/config-array@0.11.14: Use @eslint/config-array instead
2025-04-16T09:01:47.5863891Z npm warn deprecated eslint@8.56.0: This version is no longer supported. Please see https://eslint.org/version-support for other options.
2025-04-16T09:02:00.7760238Z 
2025-04-16T09:02:00.7764980Z > date-night-app@1.0.0 prepare
2025-04-16T09:02:00.7768041Z > husky
2025-04-16T09:02:00.7770329Z 
2025-04-16T09:02:00.7907705Z sh: 1: husky: not found
2025-04-16T09:02:00.7943513Z npm error code 127
2025-04-16T09:02:00.7959359Z npm error path /home/runner/work/date-night-app2/date-night-app2
2025-04-16T09:02:00.7960232Z npm error command failed
2025-04-16T09:02:00.7960698Z npm error command sh -c husky
2025-04-16T09:02:00.7961775Z npm error A complete log of this run can be found in: /home/runner/.npm/_logs/2025-04-16T09_01_35_661Z-debug-0.log
2025-04-16T09:02:00.8922078Z ##[error]Process completed with exit code 127.
2025-04-16T09:02:00.9005181Z ##[group]Run actions/upload-artifact@v4
2025-04-16T09:02:00.9005448Z with:
2025-04-16T09:02:00.9005631Z   name: cypress-screenshots
2025-04-16T09:02:00.9005879Z   path: ./client-angular/cypress/screenshots
2025-04-16T09:02:00.9006140Z   if-no-files-found: warn
2025-04-16T09:02:00.9006344Z   compression-level: 6
2025-04-16T09:02:00.9006539Z   overwrite: false
2025-04-16T09:02:00.9006729Z   include-hidden-files: false
2025-04-16T09:02:00.9006937Z ##[endgroup]
2025-04-16T09:02:01.1181577Z ##[warning]No files were found with the provided path: ./client-angular/cypress/screenshots. No artifacts will be uploaded.
2025-04-16T09:02:01.1341176Z Post job cleanup.
2025-04-16T09:02:01.2283183Z [command]/usr/bin/git version
2025-04-16T09:02:01.2323921Z git version 2.49.0
2025-04-16T09:02:01.2367925Z Temporarily overriding HOME='/home/runner/work/_temp/460b9a98-7227-4342-982c-f4c9e4849cd3' before making global git config changes
2025-04-16T09:02:01.2369794Z Adding repository directory to the temporary git global config as a safe directory
2025-04-16T09:02:01.2385883Z [command]/usr/bin/git config --global --add safe.directory /home/runner/work/date-night-app2/date-night-app2
2025-04-16T09:02:01.2425416Z [command]/usr/bin/git config --local --name-only --get-regexp core\.sshCommand
2025-04-16T09:02:01.2462835Z [command]/usr/bin/git submodule foreach --recursive sh -c "git config --local --name-only --get-regexp 'core\.sshCommand' && git config --local --unset-all 'core.sshCommand' || :"
2025-04-16T09:02:01.2716346Z [command]/usr/bin/git config --local --name-only --get-regexp http\.https\:\/\/github\.com\/\.extraheader
2025-04-16T09:02:01.2742807Z http.https://github.com/.extraheader
2025-04-16T09:02:01.2756430Z [command]/usr/bin/git config --local --unset-all http.https://github.com/.extraheader
2025-04-16T09:02:01.2792173Z [command]/usr/bin/git submodule foreach --recursive sh -c "git config --local --name-only --get-regexp 'http\.https\:\/\/github\.com\/\.extraheader' && git config --local --unset-all 'http.https://github.com/.extraheader' || :"
2025-04-16T09:02:01.3190232Z Cleaning up orphan processes
