2025-04-16T09:01:29.0249886Z Current runner version: '2.323.0'
2025-04-16T09:01:29.0274767Z ##[group]Operating System
2025-04-16T09:01:29.0275543Z Ubuntu
2025-04-16T09:01:29.0276033Z 24.04.2
2025-04-16T09:01:29.0276469Z LTS
2025-04-16T09:01:29.0277049Z ##[endgroup]
2025-04-16T09:01:29.0277716Z ##[group]Runner Image
2025-04-16T09:01:29.0278263Z Image: ubuntu-24.04
2025-04-16T09:01:29.0278905Z Version: 20250413.1.0
2025-04-16T09:01:29.0279886Z Included Software: https://github.com/actions/runner-images/blob/ubuntu24/20250413.1/images/ubuntu/Ubuntu2404-Readme.md
2025-04-16T09:01:29.0281248Z Image Release: https://github.com/actions/runner-images/releases/tag/ubuntu24%2F20250413.1
2025-04-16T09:01:29.0282173Z ##[endgroup]
2025-04-16T09:01:29.0282684Z ##[group]Runner Image Provisioner
2025-04-16T09:01:29.0283280Z 2.0.422.1
2025-04-16T09:01:29.0283757Z ##[endgroup]
2025-04-16T09:01:29.0284796Z ##[group]GITHUB_TOKEN Permissions
2025-04-16T09:01:29.0286773Z Contents: read
2025-04-16T09:01:29.0287298Z Metadata: read
2025-04-16T09:01:29.0288289Z Packages: read
2025-04-16T09:01:29.0288954Z ##[endgroup]
2025-04-16T09:01:29.0290965Z Secret source: Actions
2025-04-16T09:01:29.0291667Z Prepare workflow directory
2025-04-16T09:01:29.0808319Z Prepare all required actions
2025-04-16T09:01:29.0884349Z Getting action download info
2025-04-16T09:01:29.7491512Z ##[group]Download immutable action package 'actions/checkout@v4'
2025-04-16T09:01:29.7492773Z Version: 4.2.2
2025-04-16T09:01:29.7493741Z Digest: sha256:ccb2698953eaebd21c7bf6268a94f9c26518a7e38e27e0b83c1fe1ad049819b1
2025-04-16T09:01:29.7494936Z Source commit SHA: 11bd71901bbe5b1630ceea73d27597364c9af683
2025-04-16T09:01:29.7495743Z ##[endgroup]
2025-04-16T09:01:29.8450052Z ##[group]Download immutable action package 'actions/setup-node@v4'
2025-04-16T09:01:29.8450891Z Version: 4.4.0
2025-04-16T09:01:29.8451619Z Digest: sha256:9427cefe82346e992fb5b949e3569b39d537ae41aa3086483b14eceebfc16bc1
2025-04-16T09:01:29.8452749Z Source commit SHA: 49933ea5288caeca8642d1e84afbd3f7d6820020
2025-04-16T09:01:29.8453450Z ##[endgroup]
2025-04-16T09:01:30.3505403Z Complete job name: lint (22.x)
2025-04-16T09:01:30.4104149Z ##[group]Run actions/checkout@v4
2025-04-16T09:01:30.4105043Z with:
2025-04-16T09:01:30.4105489Z   repository: mrkurger/date-night-app2
2025-04-16T09:01:30.4106202Z   token: ***
2025-04-16T09:01:30.4106610Z   ssh-strict: true
2025-04-16T09:01:30.4107022Z   ssh-user: git
2025-04-16T09:01:30.4107438Z   persist-credentials: true
2025-04-16T09:01:30.4108246Z   clean: true
2025-04-16T09:01:30.4108676Z   sparse-checkout-cone-mode: true
2025-04-16T09:01:30.4109175Z   fetch-depth: 1
2025-04-16T09:01:30.4109571Z   fetch-tags: false
2025-04-16T09:01:30.4110001Z   show-progress: true
2025-04-16T09:01:30.4110410Z   lfs: false
2025-04-16T09:01:30.4110786Z   submodules: false
2025-04-16T09:01:30.4111199Z   set-safe-directory: true
2025-04-16T09:01:30.4111972Z ##[endgroup]
2025-04-16T09:01:30.7153041Z Syncing repository: mrkurger/date-night-app2
2025-04-16T09:01:30.7154864Z ##[group]Getting Git version info
2025-04-16T09:01:30.7156206Z Working directory is '/home/runner/work/date-night-app2/date-night-app2'
2025-04-16T09:01:30.7158860Z [command]/usr/bin/git version
2025-04-16T09:01:30.7228652Z git version 2.49.0
2025-04-16T09:01:30.7269192Z ##[endgroup]
2025-04-16T09:01:30.7279794Z Temporarily overriding HOME='/home/runner/work/_temp/a8aa32ea-59c2-4175-888d-a7b49b4f5356' before making global git config changes
2025-04-16T09:01:30.7282846Z Adding repository directory to the temporary git global config as a safe directory
2025-04-16T09:01:30.7298565Z [command]/usr/bin/git config --global --add safe.directory /home/runner/work/date-night-app2/date-night-app2
2025-04-16T09:01:30.7343289Z Deleting the contents of '/home/runner/work/date-night-app2/date-night-app2'
2025-04-16T09:01:30.7348013Z ##[group]Initializing the repository
2025-04-16T09:01:30.7353802Z [command]/usr/bin/git init /home/runner/work/date-night-app2/date-night-app2
2025-04-16T09:01:30.7439384Z hint: Using 'master' as the name for the initial branch. This default branch name
2025-04-16T09:01:30.7441977Z hint: is subject to change. To configure the initial branch name to use in all
2025-04-16T09:01:30.7444373Z hint: of your new repositories, which will suppress this warning, call:
2025-04-16T09:01:30.7445877Z hint:
2025-04-16T09:01:30.7446759Z hint: 	git config --global init.defaultBranch <name>
2025-04-16T09:01:30.7448116Z hint:
2025-04-16T09:01:30.7449245Z hint: Names commonly chosen instead of 'master' are 'main', 'trunk' and
2025-04-16T09:01:30.7450957Z hint: 'development'. The just-created branch can be renamed via this command:
2025-04-16T09:01:30.7452329Z hint:
2025-04-16T09:01:30.7453140Z hint: 	git branch -m <name>
2025-04-16T09:01:30.7456775Z Initialized empty Git repository in /home/runner/work/date-night-app2/date-night-app2/.git/
2025-04-16T09:01:30.7471886Z [command]/usr/bin/git remote add origin https://github.com/mrkurger/date-night-app2
2025-04-16T09:01:30.7511758Z ##[endgroup]
2025-04-16T09:01:30.7513734Z ##[group]Disabling automatic garbage collection
2025-04-16T09:01:30.7516305Z [command]/usr/bin/git config --local gc.auto 0
2025-04-16T09:01:30.7551492Z ##[endgroup]
2025-04-16T09:01:30.7553308Z ##[group]Setting up auth
2025-04-16T09:01:30.7559405Z [command]/usr/bin/git config --local --name-only --get-regexp core\.sshCommand
2025-04-16T09:01:30.7595372Z [command]/usr/bin/git submodule foreach --recursive sh -c "git config --local --name-only --get-regexp 'core\.sshCommand' && git config --local --unset-all 'core.sshCommand' || :"
2025-04-16T09:01:30.7949054Z [command]/usr/bin/git config --local --name-only --get-regexp http\.https\:\/\/github\.com\/\.extraheader
2025-04-16T09:01:30.7983305Z [command]/usr/bin/git submodule foreach --recursive sh -c "git config --local --name-only --get-regexp 'http\.https\:\/\/github\.com\/\.extraheader' && git config --local --unset-all 'http.https://github.com/.extraheader' || :"
2025-04-16T09:01:30.8224653Z [command]/usr/bin/git config --local http.https://github.com/.extraheader AUTHORIZATION: basic ***
2025-04-16T09:01:30.8270891Z ##[endgroup]
2025-04-16T09:01:30.8274682Z ##[group]Fetching the repository
2025-04-16T09:01:30.8283527Z [command]/usr/bin/git -c protocol.version=2 fetch --no-tags --prune --no-recurse-submodules --depth=1 origin +4832f11d131a12e3f82287a114a818e4665b877e:refs/remotes/origin/main
2025-04-16T09:01:33.2811142Z From https://github.com/mrkurger/date-night-app2
2025-04-16T09:01:33.2815732Z  * [new ref]         4832f11d131a12e3f82287a114a818e4665b877e -> origin/main
2025-04-16T09:01:33.2846736Z ##[endgroup]
2025-04-16T09:01:33.2848057Z ##[group]Determining the checkout info
2025-04-16T09:01:33.2849037Z ##[endgroup]
2025-04-16T09:01:33.2853934Z [command]/usr/bin/git sparse-checkout disable
2025-04-16T09:01:33.2947167Z [command]/usr/bin/git config --local --unset-all extensions.worktreeConfig
2025-04-16T09:01:33.2979509Z ##[group]Checking out the ref
2025-04-16T09:01:33.2982244Z [command]/usr/bin/git checkout --progress --force -B main refs/remotes/origin/main
2025-04-16T09:01:33.7419802Z Switched to a new branch 'main'
2025-04-16T09:01:33.7424402Z branch 'main' set up to track 'origin/main'.
2025-04-16T09:01:33.7457411Z ##[endgroup]
2025-04-16T09:01:33.7522143Z [command]/usr/bin/git log -1 --format=%H
2025-04-16T09:01:33.7563503Z 4832f11d131a12e3f82287a114a818e4665b877e
2025-04-16T09:01:33.7814060Z ##[group]Run actions/setup-node@v4
2025-04-16T09:01:33.7814370Z with:
2025-04-16T09:01:33.7814545Z   node-version: 22.x
2025-04-16T09:01:33.7814742Z   cache: npm
2025-04-16T09:01:33.7814991Z   cache-dependency-path: client-angular/package-lock.json
2025-04-16T09:01:33.7815312Z   always-auth: false
2025-04-16T09:01:33.7815509Z   check-latest: false
2025-04-16T09:01:33.7815842Z   token: ***
2025-04-16T09:01:33.7816028Z ##[endgroup]
2025-04-16T09:01:33.9566649Z Found in cache @ /opt/hostedtoolcache/node/22.14.0/x64
2025-04-16T09:01:33.9570551Z ##[group]Environment details
2025-04-16T09:01:37.0551608Z node: v22.14.0
2025-04-16T09:01:37.0553603Z npm: 10.9.2
2025-04-16T09:01:37.0554212Z yarn: 1.22.22
2025-04-16T09:01:37.0557262Z ##[endgroup]
2025-04-16T09:01:37.0590747Z [command]/opt/hostedtoolcache/node/22.14.0/x64/bin/npm config get cache
2025-04-16T09:01:37.4186208Z /home/runner/.npm
2025-04-16T09:01:37.6129028Z Cache hit for: node-cache-Linux-x64-npm-eed186788acb99c392cc79891935d042040413390720b7932c16d8b7ca478e8b
2025-04-16T09:01:38.8049581Z Received 52574088 of 69351304 (75.8%), 50.1 MBs/sec
2025-04-16T09:01:38.8849536Z Received 69351304 of 69351304 (100.0%), 61.2 MBs/sec
2025-04-16T09:01:38.8851340Z Cache Size: ~66 MB (69351304 B)
2025-04-16T09:01:38.8898832Z [command]/usr/bin/tar -xf /home/runner/work/_temp/e13c8799-3149-4952-b963-92e98747b490/cache.tzst -P -C /home/runner/work/date-night-app2/date-night-app2 --use-compress-program unzstd
2025-04-16T09:01:39.1994885Z Cache restored successfully
2025-04-16T09:01:39.2148690Z Cache restored from key: node-cache-Linux-x64-npm-eed186788acb99c392cc79891935d042040413390720b7932c16d8b7ca478e8b
2025-04-16T09:01:39.2310331Z ##[group]Run npm ci
2025-04-16T09:01:39.2310594Z [36;1mnpm ci[0m
2025-04-16T09:01:39.2367651Z shell: /usr/bin/bash -e {0}
2025-04-16T09:01:39.2367908Z ##[endgroup]
2025-04-16T09:01:45.7073187Z npm warn deprecated inflight@1.0.6: This module is not supported, and leaks memory. Do not use it. Check out lru-cache if you want a good and tested way to coalesce async requests by a key value, which is much more comprehensive and powerful.
2025-04-16T09:01:46.0157057Z npm warn deprecated rimraf@3.0.2: Rimraf versions prior to v4 are no longer supported
2025-04-16T09:01:46.0463551Z npm warn deprecated abab@2.0.6: Use your platform's native atob() and btoa() methods instead
2025-04-16T09:01:46.2260617Z npm warn deprecated glob@7.2.3: Glob versions prior to v9 are no longer supported
2025-04-16T09:01:46.4200198Z npm warn deprecated domexception@4.0.0: Use your platform's native DOMException instead
2025-04-16T09:01:47.6766419Z npm warn deprecated @humanwhocodes/config-array@0.11.14: Use @eslint/config-array instead
2025-04-16T09:01:47.7116273Z npm warn deprecated @humanwhocodes/object-schema@2.0.3: Use @eslint/object-schema instead
2025-04-16T09:01:52.2105495Z npm warn deprecated eslint@8.56.0: This version is no longer supported. Please see https://eslint.org/version-support for other options.
2025-04-16T09:02:06.7521658Z 
2025-04-16T09:02:06.7539253Z > date-night-app@1.0.0 prepare
2025-04-16T09:02:06.7539947Z > husky
2025-04-16T09:02:06.7540324Z 
2025-04-16T09:02:06.7677398Z sh: 1: husky: not found
2025-04-16T09:02:06.7728674Z npm error code 127
2025-04-16T09:02:06.7729424Z npm error path /home/runner/work/date-night-app2/date-night-app2
2025-04-16T09:02:06.7730116Z npm error command failed
2025-04-16T09:02:06.7730603Z npm error command sh -c husky
2025-04-16T09:02:06.7731979Z npm error A complete log of this run can be found in: /home/runner/.npm/_logs/2025-04-16T09_01_39_297Z-debug-0.log
2025-04-16T09:02:06.8677749Z ##[error]Process completed with exit code 127.
2025-04-16T09:02:06.8850774Z Post job cleanup.
2025-04-16T09:02:06.9823891Z [command]/usr/bin/git version
2025-04-16T09:02:06.9856133Z git version 2.49.0
2025-04-16T09:02:06.9903103Z Temporarily overriding HOME='/home/runner/work/_temp/62a73390-1182-46fe-95d1-cc9f1516fb2b' before making global git config changes
2025-04-16T09:02:06.9906549Z Adding repository directory to the temporary git global config as a safe directory
2025-04-16T09:02:06.9911449Z [command]/usr/bin/git config --global --add safe.directory /home/runner/work/date-night-app2/date-night-app2
2025-04-16T09:02:06.9955308Z [command]/usr/bin/git config --local --name-only --get-regexp core\.sshCommand
2025-04-16T09:02:06.9992285Z [command]/usr/bin/git submodule foreach --recursive sh -c "git config --local --name-only --get-regexp 'core\.sshCommand' && git config --local --unset-all 'core.sshCommand' || :"
2025-04-16T09:02:07.0254952Z [command]/usr/bin/git config --local --name-only --get-regexp http\.https\:\/\/github\.com\/\.extraheader
2025-04-16T09:02:07.0280257Z http.https://github.com/.extraheader
2025-04-16T09:02:07.0296788Z [command]/usr/bin/git config --local --unset-all http.https://github.com/.extraheader
2025-04-16T09:02:07.0332341Z [command]/usr/bin/git submodule foreach --recursive sh -c "git config --local --name-only --get-regexp 'http\.https\:\/\/github\.com\/\.extraheader' && git config --local --unset-all 'http.https://github.com/.extraheader' || :"
2025-04-16T09:02:07.0707905Z Cleaning up orphan processes
