2025-04-16T07:38:20.5897799Z Current runner version: '2.323.0'
2025-04-16T07:38:20.5924190Z ##[group]Operating System
2025-04-16T07:38:20.5925069Z Ubuntu
2025-04-16T07:38:20.5925565Z 24.04.2
2025-04-16T07:38:20.5926020Z LTS
2025-04-16T07:38:20.5926562Z ##[endgroup]
2025-04-16T07:38:20.5927084Z ##[group]Runner Image
2025-04-16T07:38:20.5927632Z Image: ubuntu-24.04
2025-04-16T07:38:20.5928409Z Version: 20250406.1.0
2025-04-16T07:38:20.5929397Z Included Software: https://github.com/actions/runner-images/blob/ubuntu24/20250406.1/images/ubuntu/Ubuntu2404-Readme.md
2025-04-16T07:38:20.5930775Z Image Release: https://github.com/actions/runner-images/releases/tag/ubuntu24%2F20250406.1
2025-04-16T07:38:20.5931675Z ##[endgroup]
2025-04-16T07:38:20.5932200Z ##[group]Runner Image Provisioner
2025-04-16T07:38:20.5932829Z 2.0.422.1
2025-04-16T07:38:20.5933337Z ##[endgroup]
2025-04-16T07:38:20.5934428Z ##[group]GITHUB_TOKEN Permissions
2025-04-16T07:38:20.5936302Z Contents: read
2025-04-16T07:38:20.5936922Z Metadata: read
2025-04-16T07:38:20.5937632Z Packages: read
2025-04-16T07:38:20.5938595Z ##[endgroup]
2025-04-16T07:38:20.5941189Z Secret source: Actions
2025-04-16T07:38:20.5942073Z Prepare workflow directory
2025-04-16T07:38:20.6421651Z Prepare all required actions
2025-04-16T07:38:20.6481730Z Getting action download info
2025-04-16T07:38:21.1445984Z ##[group]Download immutable action package 'actions/checkout@v4'
2025-04-16T07:38:21.1447671Z Version: 4.2.2
2025-04-16T07:38:21.1449641Z Digest: sha256:ccb2698953eaebd21c7bf6268a94f9c26518a7e38e27e0b83c1fe1ad049819b1
2025-04-16T07:38:21.1451811Z Source commit SHA: 11bd71901bbe5b1630ceea73d27597364c9af683
2025-04-16T07:38:21.1453022Z ##[endgroup]
2025-04-16T07:38:21.2502141Z ##[group]Download immutable action package 'actions/setup-node@v4'
2025-04-16T07:38:21.2502994Z Version: 4.4.0
2025-04-16T07:38:21.2503742Z Digest: sha256:9427cefe82346e992fb5b949e3569b39d537ae41aa3086483b14eceebfc16bc1
2025-04-16T07:38:21.2504691Z Source commit SHA: 49933ea5288caeca8642d1e84afbd3f7d6820020
2025-04-16T07:38:21.2505439Z ##[endgroup]
2025-04-16T07:38:21.4898546Z Download action repository 'cypress-io/github-action@v6' (SHA:108b8684ae52e735ff7891524cbffbcd4be5b19f)
2025-04-16T07:38:21.9099669Z ##[group]Download immutable action package 'actions/upload-artifact@v4'
2025-04-16T07:38:21.9100414Z Version: 4.6.2
2025-04-16T07:38:21.9101038Z Digest: sha256:290722aa3281d5caf23d0acdc3dbeb3424786a1a01a9cc97e72f147225e37c38
2025-04-16T07:38:21.9101879Z Source commit SHA: ea165f8d65b6e75b540449e92b4886f43607fa02
2025-04-16T07:38:21.9102457Z ##[endgroup]
2025-04-16T07:38:22.2408986Z Complete job name: e2e (22.x)
2025-04-16T07:38:22.3060142Z ##[group]Run actions/checkout@v4
2025-04-16T07:38:22.3061251Z with:
2025-04-16T07:38:22.3061863Z   repository: mrkurger/date-night-app2
2025-04-16T07:38:22.3062823Z   token: ***
2025-04-16T07:38:22.3063396Z   ssh-strict: true
2025-04-16T07:38:22.3063969Z   ssh-user: git
2025-04-16T07:38:22.3064562Z   persist-credentials: true
2025-04-16T07:38:22.3065193Z   clean: true
2025-04-16T07:38:22.3065789Z   sparse-checkout-cone-mode: true
2025-04-16T07:38:22.3066489Z   fetch-depth: 1
2025-04-16T07:38:22.3067068Z   fetch-tags: false
2025-04-16T07:38:22.3067646Z   show-progress: true
2025-04-16T07:38:22.3068506Z   lfs: false
2025-04-16T07:38:22.3069100Z   submodules: false
2025-04-16T07:38:22.3069688Z   set-safe-directory: true
2025-04-16T07:38:22.3070625Z ##[endgroup]
2025-04-16T07:38:22.6207479Z Syncing repository: mrkurger/date-night-app2
2025-04-16T07:38:22.6210842Z ##[group]Getting Git version info
2025-04-16T07:38:22.6212555Z Working directory is '/home/runner/work/date-night-app2/date-night-app2'
2025-04-16T07:38:22.6214986Z [command]/usr/bin/git version
2025-04-16T07:38:22.6375503Z git version 2.49.0
2025-04-16T07:38:22.6431127Z ##[endgroup]
2025-04-16T07:38:22.6473745Z Temporarily overriding HOME='/home/runner/work/_temp/ac7d1ec4-fbcb-41da-b13c-a27702c7828d' before making global git config changes
2025-04-16T07:38:22.6477666Z Adding repository directory to the temporary git global config as a safe directory
2025-04-16T07:38:22.6492491Z [command]/usr/bin/git config --global --add safe.directory /home/runner/work/date-night-app2/date-night-app2
2025-04-16T07:38:22.6571414Z Deleting the contents of '/home/runner/work/date-night-app2/date-night-app2'
2025-04-16T07:38:22.6590809Z ##[group]Initializing the repository
2025-04-16T07:38:22.6599899Z [command]/usr/bin/git init /home/runner/work/date-night-app2/date-night-app2
2025-04-16T07:38:22.6713635Z hint: Using 'master' as the name for the initial branch. This default branch name
2025-04-16T07:38:22.6720381Z hint: is subject to change. To configure the initial branch name to use in all
2025-04-16T07:38:22.6732064Z hint: of your new repositories, which will suppress this warning, call:
2025-04-16T07:38:22.6734333Z hint:
2025-04-16T07:38:22.6736043Z hint: 	git config --global init.defaultBranch <name>
2025-04-16T07:38:22.6737704Z hint:
2025-04-16T07:38:22.6739965Z hint: Names commonly chosen instead of 'master' are 'main', 'trunk' and
2025-04-16T07:38:22.6743357Z hint: 'development'. The just-created branch can be renamed via this command:
2025-04-16T07:38:22.6768800Z hint:
2025-04-16T07:38:22.6781673Z hint: 	git branch -m <name>
2025-04-16T07:38:22.6784174Z Initialized empty Git repository in /home/runner/work/date-night-app2/date-night-app2/.git/
2025-04-16T07:38:22.6811491Z [command]/usr/bin/git remote add origin https://github.com/mrkurger/date-night-app2
2025-04-16T07:38:22.6880498Z ##[endgroup]
2025-04-16T07:38:22.6882403Z ##[group]Disabling automatic garbage collection
2025-04-16T07:38:22.6889228Z [command]/usr/bin/git config --local gc.auto 0
2025-04-16T07:38:22.6942921Z ##[endgroup]
2025-04-16T07:38:22.6944542Z ##[group]Setting up auth
2025-04-16T07:38:22.6951561Z [command]/usr/bin/git config --local --name-only --get-regexp core\.sshCommand
2025-04-16T07:38:22.6995866Z [command]/usr/bin/git submodule foreach --recursive sh -c "git config --local --name-only --get-regexp 'core\.sshCommand' && git config --local --unset-all 'core.sshCommand' || :"
2025-04-16T07:38:22.7373518Z [command]/usr/bin/git config --local --name-only --get-regexp http\.https\:\/\/github\.com\/\.extraheader
2025-04-16T07:38:22.7414686Z [command]/usr/bin/git submodule foreach --recursive sh -c "git config --local --name-only --get-regexp 'http\.https\:\/\/github\.com\/\.extraheader' && git config --local --unset-all 'http.https://github.com/.extraheader' || :"
2025-04-16T07:38:22.7743441Z [command]/usr/bin/git config --local http.https://github.com/.extraheader AUTHORIZATION: basic ***
2025-04-16T07:38:22.7808331Z ##[endgroup]
2025-04-16T07:38:22.7811244Z ##[group]Fetching the repository
2025-04-16T07:38:22.7828910Z [command]/usr/bin/git -c protocol.version=2 fetch --no-tags --prune --no-recurse-submodules --depth=1 origin +ec10627a6fc1a6f8a2641ce00c69115e532488c1:refs/remotes/origin/main
2025-04-16T07:38:25.4550128Z From https://github.com/mrkurger/date-night-app2
2025-04-16T07:38:25.4551623Z  * [new ref]         ec10627a6fc1a6f8a2641ce00c69115e532488c1 -> origin/main
2025-04-16T07:38:25.4585933Z ##[endgroup]
2025-04-16T07:38:25.4587087Z ##[group]Determining the checkout info
2025-04-16T07:38:25.4589806Z ##[endgroup]
2025-04-16T07:38:25.4593468Z [command]/usr/bin/git sparse-checkout disable
2025-04-16T07:38:25.4650169Z [command]/usr/bin/git config --local --unset-all extensions.worktreeConfig
2025-04-16T07:38:25.4685516Z ##[group]Checking out the ref
2025-04-16T07:38:25.4690231Z [command]/usr/bin/git checkout --progress --force -B main refs/remotes/origin/main
2025-04-16T07:38:25.9066501Z Switched to a new branch 'main'
2025-04-16T07:38:25.9097754Z branch 'main' set up to track 'origin/main'.
2025-04-16T07:38:25.9101713Z ##[endgroup]
2025-04-16T07:38:25.9157165Z [command]/usr/bin/git log -1 --format=%H
2025-04-16T07:38:25.9218831Z ec10627a6fc1a6f8a2641ce00c69115e532488c1
2025-04-16T07:38:25.9463248Z ##[group]Run actions/setup-node@v4
2025-04-16T07:38:25.9463773Z with:
2025-04-16T07:38:25.9464035Z   node-version: 22.x
2025-04-16T07:38:25.9464331Z   cache: npm
2025-04-16T07:38:25.9464750Z   cache-dependency-path: client-angular/package-lock.json
2025-04-16T07:38:25.9465338Z   always-auth: false
2025-04-16T07:38:25.9465635Z   check-latest: false
2025-04-16T07:38:25.9466094Z   token: ***
2025-04-16T07:38:25.9466397Z ##[endgroup]
2025-04-16T07:38:26.1523575Z Found in cache @ /opt/hostedtoolcache/node/22.14.0/x64
2025-04-16T07:38:26.1524435Z ##[group]Environment details
2025-04-16T07:38:29.4282457Z node: v22.14.0
2025-04-16T07:38:29.4283512Z npm: 10.9.2
2025-04-16T07:38:29.4284498Z yarn: 1.22.22
2025-04-16T07:38:29.4290390Z ##[endgroup]
2025-04-16T07:38:29.4317425Z [command]/opt/hostedtoolcache/node/22.14.0/x64/bin/npm config get cache
2025-04-16T07:38:29.7499755Z /home/runner/.npm
2025-04-16T07:38:29.8975010Z Cache hit for: node-cache-Linux-x64-npm-eed186788acb99c392cc79891935d042040413390720b7932c16d8b7ca478e8b
2025-04-16T07:38:30.7519895Z Received 69351304 of 69351304 (100.0%), 89.0 MBs/sec
2025-04-16T07:38:30.7524582Z Cache Size: ~66 MB (69351304 B)
2025-04-16T07:38:30.7567363Z [command]/usr/bin/tar -xf /home/runner/work/_temp/58512480-6e1f-4c6e-914f-828fc3507f2e/cache.tzst -P -C /home/runner/work/date-night-app2/date-night-app2 --use-compress-program unzstd
2025-04-16T07:38:31.0859151Z Cache restored successfully
2025-04-16T07:38:31.1013108Z Cache restored from key: node-cache-Linux-x64-npm-eed186788acb99c392cc79891935d042040413390720b7932c16d8b7ca478e8b
2025-04-16T07:38:31.1184852Z ##[group]Run npm ci
2025-04-16T07:38:31.1185170Z [36;1mnpm ci[0m
2025-04-16T07:38:31.1242345Z shell: /usr/bin/bash -e {0}
2025-04-16T07:38:31.1242639Z ##[endgroup]
2025-04-16T07:38:38.4817740Z npm warn deprecated inflight@1.0.6: This module is not supported, and leaks memory. Do not use it. Check out lru-cache if you want a good and tested way to coalesce async requests by a key value, which is much more comprehensive and powerful.
2025-04-16T07:38:38.8967736Z npm warn deprecated rimraf@3.0.2: Rimraf versions prior to v4 are no longer supported
2025-04-16T07:38:38.9540893Z npm warn deprecated abab@2.0.6: Use your platform's native atob() and btoa() methods instead
2025-04-16T07:38:39.2049727Z npm warn deprecated glob@7.2.3: Glob versions prior to v9 are no longer supported
2025-04-16T07:38:39.5124019Z npm warn deprecated domexception@4.0.0: Use your platform's native DOMException instead
2025-04-16T07:38:40.9394745Z npm warn deprecated @humanwhocodes/object-schema@2.0.3: Use @eslint/object-schema instead
2025-04-16T07:38:40.9495493Z npm warn deprecated @humanwhocodes/config-array@0.11.14: Use @eslint/config-array instead
2025-04-16T07:38:45.8783826Z npm warn deprecated eslint@8.56.0: This version is no longer supported. Please see https://eslint.org/version-support for other options.
2025-04-16T07:38:59.6669802Z 
2025-04-16T07:38:59.6672610Z > date-night-app@1.0.0 prepare
2025-04-16T07:38:59.6676196Z > husky
2025-04-16T07:38:59.6676383Z 
2025-04-16T07:38:59.6820483Z sh: 1: husky: not found
2025-04-16T07:38:59.6858715Z npm error code 127
2025-04-16T07:38:59.6859701Z npm error path /home/runner/work/date-night-app2/date-night-app2
2025-04-16T07:38:59.6860438Z npm error command failed
2025-04-16T07:38:59.6860939Z npm error command sh -c husky
2025-04-16T07:38:59.6869832Z npm error A complete log of this run can be found in: /home/runner/.npm/_logs/2025-04-16T07_38_31_189Z-debug-0.log
2025-04-16T07:38:59.7815693Z ##[error]Process completed with exit code 127.
2025-04-16T07:38:59.7898709Z ##[group]Run actions/upload-artifact@v4
2025-04-16T07:38:59.7899028Z with:
2025-04-16T07:38:59.7899220Z   name: cypress-screenshots
2025-04-16T07:38:59.7899485Z   path: ./client-angular/cypress/screenshots
2025-04-16T07:38:59.7899759Z   if-no-files-found: warn
2025-04-16T07:38:59.7899969Z   compression-level: 6
2025-04-16T07:38:59.7900167Z   overwrite: false
2025-04-16T07:38:59.7900364Z   include-hidden-files: false
2025-04-16T07:38:59.7900581Z ##[endgroup]
2025-04-16T07:39:00.0336395Z ##[warning]No files were found with the provided path: ./client-angular/cypress/screenshots. No artifacts will be uploaded.
2025-04-16T07:39:00.0475955Z Post job cleanup.
2025-04-16T07:39:00.1548832Z [command]/usr/bin/git version
2025-04-16T07:39:00.1594470Z git version 2.49.0
2025-04-16T07:39:00.1646202Z Temporarily overriding HOME='/home/runner/work/_temp/3de94706-0e07-4420-a713-247221ca8403' before making global git config changes
2025-04-16T07:39:00.1648700Z Adding repository directory to the temporary git global config as a safe directory
2025-04-16T07:39:00.1653844Z [command]/usr/bin/git config --global --add safe.directory /home/runner/work/date-night-app2/date-night-app2
2025-04-16T07:39:00.1708780Z [command]/usr/bin/git config --local --name-only --get-regexp core\.sshCommand
2025-04-16T07:39:00.1750490Z [command]/usr/bin/git submodule foreach --recursive sh -c "git config --local --name-only --get-regexp 'core\.sshCommand' && git config --local --unset-all 'core.sshCommand' || :"
2025-04-16T07:39:00.2022657Z [command]/usr/bin/git config --local --name-only --get-regexp http\.https\:\/\/github\.com\/\.extraheader
2025-04-16T07:39:00.2051233Z http.https://github.com/.extraheader
2025-04-16T07:39:00.2069176Z [command]/usr/bin/git config --local --unset-all http.https://github.com/.extraheader
2025-04-16T07:39:00.2108444Z [command]/usr/bin/git submodule foreach --recursive sh -c "git config --local --name-only --get-regexp 'http\.https\:\/\/github\.com\/\.extraheader' && git config --local --unset-all 'http.https://github.com/.extraheader' || :"
2025-04-16T07:39:00.2487342Z Cleaning up orphan processes
