2025-04-16T17:50:41.9364335Z Current runner version: '2.323.0'
2025-04-16T17:50:41.9406249Z ##[group]Operating System
2025-04-16T17:50:41.9407773Z Ubuntu
2025-04-16T17:50:41.9408515Z 24.04.2
2025-04-16T17:50:41.9409488Z LTS
2025-04-16T17:50:41.9410257Z ##[endgroup]
2025-04-16T17:50:41.9411124Z ##[group]Runner Image
2025-04-16T17:50:41.9412288Z Image: ubuntu-24.04
2025-04-16T17:50:41.9413152Z Version: 20250413.1.0
2025-04-16T17:50:41.9414853Z Included Software: https://github.com/actions/runner-images/blob/ubuntu24/20250413.1/images/ubuntu/Ubuntu2404-Readme.md
2025-04-16T17:50:41.9417575Z Image Release: https://github.com/actions/runner-images/releases/tag/ubuntu24%2F20250413.1
2025-04-16T17:50:41.9419150Z ##[endgroup]
2025-04-16T17:50:41.9419893Z ##[group]Runner Image Provisioner
2025-04-16T17:50:41.9420953Z 2.0.422.1
2025-04-16T17:50:41.9421640Z ##[endgroup]
2025-04-16T17:50:41.9425770Z ##[group]GITHUB_TOKEN Permissions
2025-04-16T17:50:41.9428918Z Actions: write
2025-04-16T17:50:41.9430071Z Attestations: write
2025-04-16T17:50:41.9431231Z Checks: write
2025-04-16T17:50:41.9432127Z Contents: write
2025-04-16T17:50:41.9433050Z Deployments: write
2025-04-16T17:50:41.9433896Z Discussions: write
2025-04-16T17:50:41.9434650Z Issues: write
2025-04-16T17:50:41.9435491Z Metadata: read
2025-04-16T17:50:41.9436246Z Models: read
2025-04-16T17:50:41.9437286Z Packages: write
2025-04-16T17:50:41.9437999Z Pages: write
2025-04-16T17:50:41.9438876Z PullRequests: write
2025-04-16T17:50:41.9439717Z RepositoryProjects: write
2025-04-16T17:50:41.9440520Z SecurityEvents: write
2025-04-16T17:50:41.9441458Z Statuses: write
2025-04-16T17:50:41.9442243Z ##[endgroup]
2025-04-16T17:50:41.9445134Z Secret source: Actions
2025-04-16T17:50:41.9446449Z Prepare workflow directory
2025-04-16T17:50:42.0588449Z Prepare all required actions
2025-04-16T17:50:42.0685951Z Getting action download info
2025-04-16T17:50:42.5741587Z ##[group]Download immutable action package 'actions/checkout@v4'
2025-04-16T17:50:42.5742605Z Version: 4.2.2
2025-04-16T17:50:42.5743634Z Digest: sha256:ccb2698953eaebd21c7bf6268a94f9c26518a7e38e27e0b83c1fe1ad049819b1
2025-04-16T17:50:42.5744741Z Source commit SHA: 11bd71901bbe5b1630ceea73d27597364c9af683
2025-04-16T17:50:42.5745560Z ##[endgroup]
2025-04-16T17:50:42.6770929Z ##[group]Download immutable action package 'actions/setup-node@v4'
2025-04-16T17:50:42.6771705Z Version: 4.4.0
2025-04-16T17:50:42.6772449Z Digest: sha256:9427cefe82346e992fb5b949e3569b39d537ae41aa3086483b14eceebfc16bc1
2025-04-16T17:50:42.6773413Z Source commit SHA: 49933ea5288caeca8642d1e84afbd3f7d6820020
2025-04-16T17:50:42.6774078Z ##[endgroup]
2025-04-16T17:50:43.0217036Z ##[group]Download immutable action package 'actions/upload-artifact@v4'
2025-04-16T17:50:43.0218119Z Version: 4.6.2
2025-04-16T17:50:43.0219048Z Digest: sha256:290722aa3281d5caf23d0acdc3dbeb3424786a1a01a9cc97e72f147225e37c38
2025-04-16T17:50:43.0220309Z Source commit SHA: ea165f8d65b6e75b540449e92b4886f43607fa02
2025-04-16T17:50:43.0221187Z ##[endgroup]
2025-04-16T17:50:43.2389807Z Complete job name: test (22.x)
2025-04-16T17:50:43.2799909Z ##[group]Checking docker version
2025-04-16T17:50:43.2812587Z ##[command]/usr/bin/docker version --format '{{.Server.APIVersion}}'
2025-04-16T17:50:43.3674329Z '1.45'
2025-04-16T17:50:43.3682607Z Docker daemon API version: '1.45'
2025-04-16T17:50:43.3683396Z ##[command]/usr/bin/docker version --format '{{.Client.APIVersion}}'
2025-04-16T17:50:43.3828408Z '1.45'
2025-04-16T17:50:43.3840682Z Docker client API version: '1.45'
2025-04-16T17:50:43.3847939Z ##[endgroup]
2025-04-16T17:50:43.3852229Z ##[group]Clean up resources from previous jobs
2025-04-16T17:50:43.3858650Z ##[command]/usr/bin/docker ps --all --quiet --no-trunc --filter "label=311486"
2025-04-16T17:50:43.3999087Z ##[command]/usr/bin/docker network prune --force --filter "label=311486"
2025-04-16T17:50:43.4119377Z ##[endgroup]
2025-04-16T17:50:43.4119888Z ##[group]Create local container network
2025-04-16T17:50:43.4130153Z ##[command]/usr/bin/docker network create --label 311486 github_network_1f2e6bd416ff473691b86993b2553344
2025-04-16T17:50:43.4963702Z 048eb101f9416b8efd7be1e525857ddbf9879e3cf64afac8e3764bfe1f187656
2025-04-16T17:50:43.4978057Z ##[endgroup]
2025-04-16T17:50:43.5000925Z ##[group]Starting mongodb service container
2025-04-16T17:50:43.5020954Z ##[command]/usr/bin/docker pull mongo:6
2025-04-16T17:50:44.1468517Z 6: Pulling from library/mongo
2025-04-16T17:50:44.2675988Z 30a9c22ae099: Pulling fs layer
2025-04-16T17:50:44.2677654Z abd374245ca5: Pulling fs layer
2025-04-16T17:50:44.2678893Z dfcc52b2e041: Pulling fs layer
2025-04-16T17:50:44.2679888Z b058d84e1082: Pulling fs layer
2025-04-16T17:50:44.2680683Z e12a18eb1ecf: Pulling fs layer
2025-04-16T17:50:44.2681450Z 546622740404: Pulling fs layer
2025-04-16T17:50:44.2682219Z 80a51fc6e5dc: Pulling fs layer
2025-04-16T17:50:44.2682995Z f7d23c7569c8: Pulling fs layer
2025-04-16T17:50:44.2683789Z e12a18eb1ecf: Waiting
2025-04-16T17:50:44.2684492Z 546622740404: Waiting
2025-04-16T17:50:44.2685175Z 80a51fc6e5dc: Waiting
2025-04-16T17:50:44.2685950Z f7d23c7569c8: Waiting
2025-04-16T17:50:44.2686678Z b058d84e1082: Waiting
2025-04-16T17:50:44.4311351Z abd374245ca5: Verifying Checksum
2025-04-16T17:50:44.4315575Z abd374245ca5: Download complete
2025-04-16T17:50:44.5269326Z dfcc52b2e041: Verifying Checksum
2025-04-16T17:50:44.5275131Z dfcc52b2e041: Download complete
2025-04-16T17:50:44.6659185Z b058d84e1082: Download complete
2025-04-16T17:50:44.6806402Z 30a9c22ae099: Verifying Checksum
2025-04-16T17:50:44.6812343Z 30a9c22ae099: Download complete
2025-04-16T17:50:44.7079528Z e12a18eb1ecf: Verifying Checksum
2025-04-16T17:50:44.7081408Z e12a18eb1ecf: Download complete
2025-04-16T17:50:44.8898250Z 546622740404: Verifying Checksum
2025-04-16T17:50:44.8909974Z 546622740404: Download complete
2025-04-16T17:50:44.8918889Z f7d23c7569c8: Verifying Checksum
2025-04-16T17:50:44.8927430Z f7d23c7569c8: Download complete
2025-04-16T17:50:46.1234422Z 30a9c22ae099: Pull complete
2025-04-16T17:50:47.2248336Z abd374245ca5: Pull complete
2025-04-16T17:50:47.4258585Z dfcc52b2e041: Pull complete
2025-04-16T17:50:47.4833220Z b058d84e1082: Pull complete
2025-04-16T17:50:47.5005236Z e12a18eb1ecf: Pull complete
2025-04-16T17:50:47.5258953Z 546622740404: Pull complete
2025-04-16T17:50:47.5268542Z 80a51fc6e5dc: Verifying Checksum
2025-04-16T17:50:47.5268998Z 80a51fc6e5dc: Download complete
2025-04-16T17:50:54.1281840Z 80a51fc6e5dc: Pull complete
2025-04-16T17:50:54.1599341Z f7d23c7569c8: Pull complete
2025-04-16T17:50:54.1640625Z Digest: sha256:3d3f53bf2171f73fd725412f93a7bba10eee9c898b1381e7d7680a19dcb937d7
2025-04-16T17:50:54.1661035Z Status: Downloaded newer image for mongo:6
2025-04-16T17:50:54.1672812Z docker.io/library/mongo:6
2025-04-16T17:50:54.1713283Z ##[command]/usr/bin/docker create --name 5d273e4fbd0a4cb3a4514face5ee55e4_mongo6_87e350 --label 311486 --network github_network_1f2e6bd416ff473691b86993b2553344 --network-alias mongodb -p 27017:27017  -e GITHUB_ACTIONS=true -e CI=true mongo:6
2025-04-16T17:50:54.2025315Z e9c9efd3017d4a87e54a6b0429aa2b68a385bc594903078c46b37e838a0c8995
2025-04-16T17:50:54.2048076Z ##[command]/usr/bin/docker start e9c9efd3017d4a87e54a6b0429aa2b68a385bc594903078c46b37e838a0c8995
2025-04-16T17:50:54.4930504Z e9c9efd3017d4a87e54a6b0429aa2b68a385bc594903078c46b37e838a0c8995
2025-04-16T17:50:54.4941880Z ##[command]/usr/bin/docker ps --all --filter id=e9c9efd3017d4a87e54a6b0429aa2b68a385bc594903078c46b37e838a0c8995 --filter status=running --no-trunc --format "{{.ID}} {{.Status}}"
2025-04-16T17:50:54.5105919Z e9c9efd3017d4a87e54a6b0429aa2b68a385bc594903078c46b37e838a0c8995 Up Less than a second
2025-04-16T17:50:54.5132820Z ##[command]/usr/bin/docker port e9c9efd3017d4a87e54a6b0429aa2b68a385bc594903078c46b37e838a0c8995
2025-04-16T17:50:54.5334794Z 27017/tcp -> 0.0.0.0:27017
2025-04-16T17:50:54.5337446Z 27017/tcp -> [::]:27017
2025-04-16T17:50:54.5385586Z ##[endgroup]
2025-04-16T17:50:54.5397930Z ##[group]Waiting for all services to be ready
2025-04-16T17:50:54.5416329Z ##[command]/usr/bin/docker inspect --format="{{if .Config.Healthcheck}}{{print .State.Health.Status}}{{end}}" e9c9efd3017d4a87e54a6b0429aa2b68a385bc594903078c46b37e838a0c8995
2025-04-16T17:50:54.5643693Z mongodb service is healthy.
2025-04-16T17:50:54.5644543Z ##[endgroup]
2025-04-16T17:50:54.5960008Z ##[group]Run actions/checkout@v4
2025-04-16T17:50:54.5960806Z with:
2025-04-16T17:50:54.5961199Z   repository: mrkurger/date-night-app2
2025-04-16T17:50:54.5961912Z   token: ***
2025-04-16T17:50:54.5962254Z   ssh-strict: true
2025-04-16T17:50:54.5962612Z   ssh-user: git
2025-04-16T17:50:54.5962980Z   persist-credentials: true
2025-04-16T17:50:54.5963407Z   clean: true
2025-04-16T17:50:54.5963764Z   sparse-checkout-cone-mode: true
2025-04-16T17:50:54.5964280Z   fetch-depth: 1
2025-04-16T17:50:54.5964633Z   fetch-tags: false
2025-04-16T17:50:54.5964989Z   show-progress: true
2025-04-16T17:50:54.5965350Z   lfs: false
2025-04-16T17:50:54.5965668Z   submodules: false
2025-04-16T17:50:54.5966034Z   set-safe-directory: true
2025-04-16T17:50:54.5966666Z env:
2025-04-16T17:50:54.5967207Z   CI: true
2025-04-16T17:50:54.5967516Z ##[endgroup]
2025-04-16T17:50:54.8362567Z Syncing repository: mrkurger/date-night-app2
2025-04-16T17:50:54.8364291Z ##[group]Getting Git version info
2025-04-16T17:50:54.8365014Z Working directory is '/home/runner/work/date-night-app2/date-night-app2'
2025-04-16T17:50:54.8365945Z [command]/usr/bin/git version
2025-04-16T17:50:54.8433377Z git version 2.49.0
2025-04-16T17:50:54.8465818Z ##[endgroup]
2025-04-16T17:50:54.8479520Z Temporarily overriding HOME='/home/runner/work/_temp/d489a71b-c73e-46ff-8548-ea68882aa4ca' before making global git config changes
2025-04-16T17:50:54.8482590Z Adding repository directory to the temporary git global config as a safe directory
2025-04-16T17:50:54.8486417Z [command]/usr/bin/git config --global --add safe.directory /home/runner/work/date-night-app2/date-night-app2
2025-04-16T17:50:54.8531763Z Deleting the contents of '/home/runner/work/date-night-app2/date-night-app2'
2025-04-16T17:50:54.8536298Z ##[group]Initializing the repository
2025-04-16T17:50:54.8542027Z [command]/usr/bin/git init /home/runner/work/date-night-app2/date-night-app2
2025-04-16T17:50:54.8608845Z hint: Using 'master' as the name for the initial branch. This default branch name
2025-04-16T17:50:54.8610025Z hint: is subject to change. To configure the initial branch name to use in all
2025-04-16T17:50:54.8611927Z hint: of your new repositories, which will suppress this warning, call:
2025-04-16T17:50:54.8612485Z hint:
2025-04-16T17:50:54.8612893Z hint: 	git config --global init.defaultBranch <name>
2025-04-16T17:50:54.8613387Z hint:
2025-04-16T17:50:54.8613855Z hint: Names commonly chosen instead of 'master' are 'main', 'trunk' and
2025-04-16T17:50:54.8614948Z hint: 'development'. The just-created branch can be renamed via this command:
2025-04-16T17:50:54.8615531Z hint:
2025-04-16T17:50:54.8615833Z hint: 	git branch -m <name>
2025-04-16T17:50:54.8618743Z Initialized empty Git repository in /home/runner/work/date-night-app2/date-night-app2/.git/
2025-04-16T17:50:54.8636076Z [command]/usr/bin/git remote add origin https://github.com/mrkurger/date-night-app2
2025-04-16T17:50:54.8685252Z ##[endgroup]
2025-04-16T17:50:54.8685874Z ##[group]Disabling automatic garbage collection
2025-04-16T17:50:54.8686436Z [command]/usr/bin/git config --local gc.auto 0
2025-04-16T17:50:54.8839848Z ##[endgroup]
2025-04-16T17:50:54.8840413Z ##[group]Setting up auth
2025-04-16T17:50:54.8841046Z [command]/usr/bin/git config --local --name-only --get-regexp core\.sshCommand
2025-04-16T17:50:54.8842894Z [command]/usr/bin/git submodule foreach --recursive sh -c "git config --local --name-only --get-regexp 'core\.sshCommand' && git config --local --unset-all 'core.sshCommand' || :"
2025-04-16T17:50:54.9111507Z [command]/usr/bin/git config --local --name-only --get-regexp http\.https\:\/\/github\.com\/\.extraheader
2025-04-16T17:50:54.9147071Z [command]/usr/bin/git submodule foreach --recursive sh -c "git config --local --name-only --get-regexp 'http\.https\:\/\/github\.com\/\.extraheader' && git config --local --unset-all 'http.https://github.com/.extraheader' || :"
2025-04-16T17:50:54.9384561Z [command]/usr/bin/git config --local http.https://github.com/.extraheader AUTHORIZATION: basic ***
2025-04-16T17:50:54.9437005Z ##[endgroup]
2025-04-16T17:50:54.9437948Z ##[group]Fetching the repository
2025-04-16T17:50:54.9447244Z [command]/usr/bin/git -c protocol.version=2 fetch --no-tags --prune --no-recurse-submodules --depth=1 origin +c105d335e584b4ccd26d29723ec78e539f006739:refs/remotes/origin/main
2025-04-16T17:50:57.5270199Z From https://github.com/mrkurger/date-night-app2
2025-04-16T17:50:57.5270984Z  * [new ref]         c105d335e584b4ccd26d29723ec78e539f006739 -> origin/main
2025-04-16T17:50:57.5303550Z ##[endgroup]
2025-04-16T17:50:57.5304166Z ##[group]Determining the checkout info
2025-04-16T17:50:57.5305564Z ##[endgroup]
2025-04-16T17:50:57.5312278Z [command]/usr/bin/git sparse-checkout disable
2025-04-16T17:50:57.5353906Z [command]/usr/bin/git config --local --unset-all extensions.worktreeConfig
2025-04-16T17:50:57.5384561Z ##[group]Checking out the ref
2025-04-16T17:50:57.5390331Z [command]/usr/bin/git checkout --progress --force -B main refs/remotes/origin/main
2025-04-16T17:50:58.0213709Z Switched to a new branch 'main'
2025-04-16T17:50:58.0215914Z branch 'main' set up to track 'origin/main'.
2025-04-16T17:50:58.0237878Z ##[endgroup]
2025-04-16T17:50:58.0282564Z [command]/usr/bin/git log -1 --format=%H
2025-04-16T17:50:58.0311936Z c105d335e584b4ccd26d29723ec78e539f006739
2025-04-16T17:50:58.0528235Z ##[group]Run actions/setup-node@v4
2025-04-16T17:50:58.0528495Z with:
2025-04-16T17:50:58.0528659Z   node-version: 22.x
2025-04-16T17:50:58.0528848Z   cache: npm
2025-04-16T17:50:58.0529059Z   cache-dependency-path: server/package-lock.json
2025-04-16T17:50:58.0529338Z   always-auth: false
2025-04-16T17:50:58.0529522Z   check-latest: false
2025-04-16T17:50:58.0529819Z   token: ***
2025-04-16T17:50:58.0529980Z env:
2025-04-16T17:50:58.0530124Z   CI: true
2025-04-16T17:50:58.0530283Z ##[endgroup]
2025-04-16T17:50:58.2267687Z Found in cache @ /opt/hostedtoolcache/node/22.14.0/x64
2025-04-16T17:50:58.2274779Z ##[group]Environment details
2025-04-16T17:51:00.5851526Z node: v22.14.0
2025-04-16T17:51:00.5852397Z npm: 10.9.2
2025-04-16T17:51:00.5853066Z yarn: 1.22.22
2025-04-16T17:51:00.5856082Z ##[endgroup]
2025-04-16T17:51:00.5881102Z [command]/opt/hostedtoolcache/node/22.14.0/x64/bin/npm config get cache
2025-04-16T17:51:00.8482964Z /home/runner/.npm
2025-04-16T17:51:01.0224281Z Cache hit for: node-cache-Linux-x64-npm-eb74dc554d17640d6b2005eb2c3c9590e65262bd6e2b7add98bfd17307b4cd7c
2025-04-16T17:51:02.2044477Z Received 31408811 of 35603115 (88.2%), 30.0 MBs/sec
2025-04-16T17:51:02.4872839Z Received 35603115 of 35603115 (100.0%), 26.5 MBs/sec
2025-04-16T17:51:02.4874569Z Cache Size: ~34 MB (35603115 B)
2025-04-16T17:51:02.5018604Z [command]/usr/bin/tar -xf /home/runner/work/_temp/dfe4daae-6572-48b9-a8ca-19293e6e0aac/cache.tzst -P -C /home/runner/work/date-night-app2/date-night-app2 --use-compress-program unzstd
2025-04-16T17:51:02.7646541Z Cache restored successfully
2025-04-16T17:51:02.7725310Z Cache restored from key: node-cache-Linux-x64-npm-eb74dc554d17640d6b2005eb2c3c9590e65262bd6e2b7add98bfd17307b4cd7c
2025-04-16T17:51:02.7873191Z ##[group]Run npm ci
2025-04-16T17:51:02.7873457Z [36;1mnpm ci[0m
2025-04-16T17:51:02.7926568Z shell: /usr/bin/bash -e {0}
2025-04-16T17:51:02.7927001Z env:
2025-04-16T17:51:02.7927171Z   CI: true
2025-04-16T17:51:02.7927336Z ##[endgroup]
2025-04-16T17:51:06.9391791Z npm warn deprecated inflight@1.0.6: This module is not supported, and leaks memory. Do not use it. Check out lru-cache if you want a good and tested way to coalesce async requests by a key value, which is much more comprehensive and powerful.
2025-04-16T17:51:07.0026153Z npm warn deprecated npmlog@5.0.1: This package is no longer supported.
2025-04-16T17:51:07.1120227Z npm warn deprecated xss-clean@0.1.4: Package no longer supported. Contact Support at https://www.npmjs.com/support for more info.
2025-04-16T17:51:07.1393933Z npm warn deprecated passport-reddit@1.1.0: While functionally complete, this library will not be receiving any updates going forwards. Users are actively discouraged from using OAuth2 for authentication. See archival notice on github for more details.
2025-04-16T17:51:07.1866396Z npm warn deprecated rimraf@3.0.2: Rimraf versions prior to v4 are no longer supported
2025-04-16T17:51:07.2948173Z npm warn deprecated are-we-there-yet@2.0.0: This package is no longer supported.
2025-04-16T17:51:07.3320077Z npm warn deprecated glob@7.2.3: Glob versions prior to v9 are no longer supported
2025-04-16T17:51:07.7473313Z npm warn deprecated gauge@3.0.2: This package is no longer supported.
2025-04-16T17:51:08.0102942Z npm warn deprecated @humanwhocodes/config-array@0.11.14: Use @eslint/config-array instead
2025-04-16T17:51:08.0215072Z npm warn deprecated @humanwhocodes/object-schema@2.0.3: Use @eslint/object-schema instead
2025-04-16T17:51:08.1906091Z npm warn deprecated superagent@8.1.2: Please upgrade to v9.0.0+ as we have fixed a public vulnerability with formidable dependency. Note that v9.0.0+ requires Node.js v14.18.0+. See https://github.com/ladjs/superagent/pull/1800 for insight. This project is supported and maintained by the team at Forward Email @ https://forwardemail.net
2025-04-16T17:51:09.0866450Z npm warn deprecated eslint@8.56.0: This version is no longer supported. Please see https://eslint.org/version-support for other options.
2025-04-16T17:51:13.2022475Z 
2025-04-16T17:51:13.2027442Z > date-night-app@1.0.0 preinstall
2025-04-16T17:51:13.2031931Z > node scripts/disable-husky-in-ci.js
2025-04-16T17:51:13.2035473Z 
2025-04-16T17:51:13.2315450Z .huskyrc file created to disable husky in CI environments
2025-04-16T17:51:13.2320500Z .huskyrc file made executable
2025-04-16T17:51:13.2374965Z 
2025-04-16T17:51:13.2379209Z > date-night-app@1.0.0 prepare
2025-04-16T17:51:13.2383374Z > [ -n "$CI" ] || husky
2025-04-16T17:51:13.2387414Z 
2025-04-16T17:51:13.2645264Z 
2025-04-16T17:51:13.2649670Z added 812 packages, and audited 814 packages in 10s
2025-04-16T17:51:13.2652990Z 
2025-04-16T17:51:13.2653294Z 168 packages are looking for funding
2025-04-16T17:51:13.2653762Z   run `npm fund` for details
2025-04-16T17:51:13.2662356Z 
2025-04-16T17:51:13.2662787Z found 0 vulnerabilities
2025-04-16T17:51:13.3362357Z ##[group]Run npm test
2025-04-16T17:51:13.3362605Z [36;1mnpm test[0m
2025-04-16T17:51:13.3410038Z shell: /usr/bin/bash -e {0}
2025-04-16T17:51:13.3410264Z env:
2025-04-16T17:51:13.3410424Z   CI: true
2025-04-16T17:51:13.3410587Z   NODE_ENV: test
2025-04-16T17:51:13.3410854Z   MONGODB_URI: mongodb://localhost:27017/date-night-test
2025-04-16T17:51:13.3411150Z ##[endgroup]
2025-04-16T17:51:13.4687258Z 
2025-04-16T17:51:13.4688083Z > date-night-server@1.0.0 test
2025-04-16T17:51:13.4690228Z > jest
2025-04-16T17:51:13.4692616Z 
2025-04-16T17:51:16.2729694Z PASS tests/unit/services/wallet.service.test.js
2025-04-16T17:51:16.3977166Z   ● Console
2025-04-16T17:51:16.3977400Z 
2025-04-16T17:51:16.3977626Z     console.error
2025-04-16T17:51:16.3978175Z       Error getting or creating wallet: AppError: User not found
2025-04-16T17:51:16.3979358Z           at WalletService.getOrCreateWallet (/home/runner/work/date-night-app2/date-night-app2/server/services/wallet.service.js:50:15)
2025-04-16T17:51:16.3980994Z           at Object.<anonymous> (/home/runner/work/date-night-app2/date-night-app2/server/tests/unit/services/wallet.service.test.js:263:7) {
2025-04-16T17:51:16.3982000Z         statusCode: 404,
2025-04-16T17:51:16.3982355Z         status: 'fail',
2025-04-16T17:51:16.3982703Z         isOperational: true
2025-04-16T17:51:16.3983184Z       }
2025-04-16T17:51:16.3983344Z 
2025-04-16T17:51:16.3983824Z     [0m [90m 75 |[39m       [36mreturn[39m wallet[33m;[39m
2025-04-16T17:51:16.3984472Z      [90m 76 |[39m     } [36mcatch[39m (error) {
2025-04-16T17:51:16.3985603Z     [31m[1m>[22m[39m[90m 77 |[39m       console[33m.[39merror([32m'Error getting or creating wallet:'[39m[33m,[39m error)[33m;[39m
2025-04-16T17:51:16.3986542Z      [90m    |[39m               [31m[1m^[22m[39m
2025-04-16T17:51:16.3987770Z      [90m 78 |[39m       [36mthrow[39m error[33m;[39m
2025-04-16T17:51:16.3988305Z      [90m 79 |[39m     }
2025-04-16T17:51:16.3988751Z      [90m 80 |[39m   }[0m
2025-04-16T17:51:16.3989003Z 
2025-04-16T17:51:16.3989484Z       at WalletService.error [as getOrCreateWallet] (services/wallet.service.js:77:15)
2025-04-16T17:51:16.3990450Z       at Object.<anonymous> (tests/unit/services/wallet.service.test.js:263:7)
2025-04-16T17:51:16.3990936Z 
2025-04-16T17:51:16.3991083Z     console.error
2025-04-16T17:51:16.3991696Z       Error adding payment method: AppError: Payment method type is required
2025-04-16T17:51:16.3993086Z           at WalletService.addPaymentMethod (/home/runner/work/date-night-app2/date-night-app2/server/services/wallet.service.js:253:15)
2025-04-16T17:51:16.3994875Z           at Object.<anonymous> (/home/runner/work/date-night-app2/date-night-app2/server/tests/unit/services/wallet.service.test.js:488:7) {
2025-04-16T17:51:16.3995950Z         statusCode: 400,
2025-04-16T17:51:16.3996318Z         status: 'fail',
2025-04-16T17:51:16.3996684Z         isOperational: true
2025-04-16T17:51:16.4017507Z       }
2025-04-16T17:51:16.4017688Z 
2025-04-16T17:51:16.4018805Z     [0m [90m 295 |[39m       [36mreturn[39m wallet[33m.[39mpaymentMethods[wallet[33m.[39mpaymentMethods[33m.[39mlength [33m-[39m [35m1[39m][33m;[39m
2025-04-16T17:51:16.4019928Z      [90m 296 |[39m     } [36mcatch[39m (error) {
2025-04-16T17:51:16.4021030Z     [31m[1m>[22m[39m[90m 297 |[39m       console[33m.[39merror([32m'Error adding payment method:'[39m[33m,[39m error)[33m;[39m
2025-04-16T17:51:16.4021944Z      [90m     |[39m               [31m[1m^[22m[39m
2025-04-16T17:51:16.4022558Z      [90m 298 |[39m       [36mthrow[39m error[33m;[39m
2025-04-16T17:51:16.4023059Z      [90m 299 |[39m     }
2025-04-16T17:51:16.4023456Z      [90m 300 |[39m   }[0m
2025-04-16T17:51:16.4023684Z 
2025-04-16T17:51:16.4024153Z       at WalletService.error [as addPaymentMethod] (services/wallet.service.js:297:15)
2025-04-16T17:51:16.4025066Z       at Object.<anonymous> (tests/unit/services/wallet.service.test.js:488:7)
2025-04-16T17:51:16.4025526Z 
2025-04-16T17:51:16.4026001Z     console.error
2025-04-16T17:51:16.4026610Z       Error adding payment method: AppError: Payment method provider is required
2025-04-16T17:51:16.4028155Z           at WalletService.addPaymentMethod (/home/runner/work/date-night-app2/date-night-app2/server/services/wallet.service.js:257:15)
2025-04-16T17:51:16.4029814Z           at Object.<anonymous> (/home/runner/work/date-night-app2/date-night-app2/server/tests/unit/services/wallet.service.test.js:506:7) {
2025-04-16T17:51:16.4030787Z         statusCode: 400,
2025-04-16T17:51:16.4031126Z         status: 'fail',
2025-04-16T17:51:16.4031459Z         isOperational: true
2025-04-16T17:51:16.4031797Z       }
2025-04-16T17:51:16.4031944Z 
2025-04-16T17:51:16.4032971Z     [0m [90m 295 |[39m       [36mreturn[39m wallet[33m.[39mpaymentMethods[wallet[33m.[39mpaymentMethods[33m.[39mlength [33m-[39m [35m1[39m][33m;[39m
2025-04-16T17:51:16.4034062Z      [90m 296 |[39m     } [36mcatch[39m (error) {
2025-04-16T17:51:16.4035144Z     [31m[1m>[22m[39m[90m 297 |[39m       console[33m.[39merror([32m'Error adding payment method:'[39m[33m,[39m error)[33m;[39m
2025-04-16T17:51:16.4036038Z      [90m     |[39m               [31m[1m^[22m[39m
2025-04-16T17:51:16.4036643Z      [90m 298 |[39m       [36mthrow[39m error[33m;[39m
2025-04-16T17:51:16.4057548Z      [90m 299 |[39m     }
2025-04-16T17:51:16.4058138Z      [90m 300 |[39m   }[0m
2025-04-16T17:51:16.4058400Z 
2025-04-16T17:51:16.4058956Z       at WalletService.error [as addPaymentMethod] (services/wallet.service.js:297:15)
2025-04-16T17:51:16.4059914Z       at Object.<anonymous> (tests/unit/services/wallet.service.test.js:506:7)
2025-04-16T17:51:16.4060474Z 
2025-04-16T17:51:16.4060633Z     console.error
2025-04-16T17:51:16.4061232Z       Error adding payment method: AppError: Card details are required
2025-04-16T17:51:16.4062883Z           at WalletService.addPaymentMethod (/home/runner/work/date-night-app2/date-night-app2/server/services/wallet.service.js:264:19)
2025-04-16T17:51:16.4064628Z           at Object.<anonymous> (/home/runner/work/date-night-app2/date-night-app2/server/tests/unit/services/wallet.service.test.js:518:7) {
2025-04-16T17:51:16.4065639Z         statusCode: 400,
2025-04-16T17:51:16.4065992Z         status: 'fail',
2025-04-16T17:51:16.4066345Z         isOperational: true
2025-04-16T17:51:16.4066708Z       }
2025-04-16T17:51:16.4067052Z 
2025-04-16T17:51:16.4068170Z     [0m [90m 295 |[39m       [36mreturn[39m wallet[33m.[39mpaymentMethods[wallet[33m.[39mpaymentMethods[33m.[39mlength [33m-[39m [35m1[39m][33m;[39m
2025-04-16T17:51:16.4069322Z      [90m 296 |[39m     } [36mcatch[39m (error) {
2025-04-16T17:51:16.4070461Z     [31m[1m>[22m[39m[90m 297 |[39m       console[33m.[39merror([32m'Error adding payment method:'[39m[33m,[39m error)[33m;[39m
2025-04-16T17:51:16.4071445Z      [90m     |[39m               [31m[1m^[22m[39m
2025-04-16T17:51:16.4072215Z      [90m 298 |[39m       [36mthrow[39m error[33m;[39m
2025-04-16T17:51:16.4072814Z      [90m 299 |[39m     }
2025-04-16T17:51:16.4073250Z      [90m 300 |[39m   }[0m
2025-04-16T17:51:16.4073498Z 
2025-04-16T17:51:16.4073984Z       at WalletService.error [as addPaymentMethod] (services/wallet.service.js:297:15)
2025-04-16T17:51:16.4075056Z       at Object.<anonymous> (tests/unit/services/wallet.service.test.js:518:7)
2025-04-16T17:51:16.4075577Z 
2025-04-16T17:51:16.4075737Z     console.error
2025-04-16T17:51:16.4076378Z       Error adding payment method: AppError: Bank account details are required
2025-04-16T17:51:16.4093474Z           at WalletService.addPaymentMethod (/home/runner/work/date-night-app2/date-night-app2/server/services/wallet.service.js:270:19)
2025-04-16T17:51:16.4095192Z           at Object.<anonymous> (/home/runner/work/date-night-app2/date-night-app2/server/tests/unit/services/wallet.service.test.js:530:7) {
2025-04-16T17:51:16.4096188Z         statusCode: 400,
2025-04-16T17:51:16.4096526Z         status: 'fail',
2025-04-16T17:51:16.4097392Z         isOperational: true
2025-04-16T17:51:16.4097801Z       }
2025-04-16T17:51:16.4097960Z 
2025-04-16T17:51:16.4099171Z     [0m [90m 295 |[39m       [36mreturn[39m wallet[33m.[39mpaymentMethods[wallet[33m.[39mpaymentMethods[33m.[39mlength [33m-[39m [35m1[39m][33m;[39m
2025-04-16T17:51:16.4100280Z      [90m 296 |[39m     } [36mcatch[39m (error) {
2025-04-16T17:51:16.4101570Z     [31m[1m>[22m[39m[90m 297 |[39m       console[33m.[39merror([32m'Error adding payment method:'[39m[33m,[39m error)[33m;[39m
2025-04-16T17:51:16.4102608Z      [90m     |[39m               [31m[1m^[22m[39m
2025-04-16T17:51:16.4103257Z      [90m 298 |[39m       [36mthrow[39m error[33m;[39m
2025-04-16T17:51:16.4103761Z      [90m 299 |[39m     }
2025-04-16T17:51:16.4104163Z      [90m 300 |[39m   }[0m
2025-04-16T17:51:16.4104403Z 
2025-04-16T17:51:16.4104859Z       at WalletService.error [as addPaymentMethod] (services/wallet.service.js:297:15)
2025-04-16T17:51:16.4105811Z       at Object.<anonymous> (tests/unit/services/wallet.service.test.js:530:7)
2025-04-16T17:51:16.4106282Z 
2025-04-16T17:51:16.4106405Z     console.error
2025-04-16T17:51:16.4107181Z       Error adding payment method: AppError: Crypto address details are required
2025-04-16T17:51:16.4108496Z           at WalletService.addPaymentMethod (/home/runner/work/date-night-app2/date-night-app2/server/services/wallet.service.js:276:19)
2025-04-16T17:51:16.4110163Z           at Object.<anonymous> (/home/runner/work/date-night-app2/date-night-app2/server/tests/unit/services/wallet.service.test.js:542:7) {
2025-04-16T17:51:16.4111135Z         statusCode: 400,
2025-04-16T17:51:16.4111476Z         status: 'fail',
2025-04-16T17:51:16.4111815Z         isOperational: true
2025-04-16T17:51:16.4112146Z       }
2025-04-16T17:51:16.4112514Z 
2025-04-16T17:51:16.4113568Z     [0m [90m 295 |[39m       [36mreturn[39m wallet[33m.[39mpaymentMethods[wallet[33m.[39mpaymentMethods[33m.[39mlength [33m-[39m [35m1[39m][33m;[39m
2025-04-16T17:51:16.4114671Z      [90m 296 |[39m     } [36mcatch[39m (error) {
2025-04-16T17:51:16.4115766Z     [31m[1m>[22m[39m[90m 297 |[39m       console[33m.[39merror([32m'Error adding payment method:'[39m[33m,[39m error)[33m;[39m
2025-04-16T17:51:16.4116691Z      [90m     |[39m               [31m[1m^[22m[39m
2025-04-16T17:51:16.4147900Z      [90m 298 |[39m       [36mthrow[39m error[33m;[39m
2025-04-16T17:51:16.4148429Z      [90m 299 |[39m     }
2025-04-16T17:51:16.4148826Z      [90m 300 |[39m   }[0m
2025-04-16T17:51:16.4149064Z 
2025-04-16T17:51:16.4149537Z       at WalletService.error [as addPaymentMethod] (services/wallet.service.js:297:15)
2025-04-16T17:51:16.4150467Z       at Object.<anonymous> (tests/unit/services/wallet.service.test.js:542:7)
2025-04-16T17:51:16.4150957Z 
2025-04-16T17:51:16.4151089Z     console.error
2025-04-16T17:51:16.4151712Z       Error adding payment method: AppError: Unsupported cryptocurrency: UNSUPPORTED
2025-04-16T17:51:16.4153048Z           at WalletService.addPaymentMethod (/home/runner/work/date-night-app2/date-night-app2/server/services/wallet.service.js:280:19)
2025-04-16T17:51:16.4154705Z           at Object.<anonymous> (/home/runner/work/date-night-app2/date-night-app2/server/tests/unit/services/wallet.service.test.js:559:7) {
2025-04-16T17:51:16.4155678Z         statusCode: 400,
2025-04-16T17:51:16.4156019Z         status: 'fail',
2025-04-16T17:51:16.4156354Z         isOperational: true
2025-04-16T17:51:16.4156700Z       }
2025-04-16T17:51:16.4157026Z 
2025-04-16T17:51:16.4158042Z     [0m [90m 295 |[39m       [36mreturn[39m wallet[33m.[39mpaymentMethods[wallet[33m.[39mpaymentMethods[33m.[39mlength [33m-[39m [35m1[39m][33m;[39m
2025-04-16T17:51:16.4159138Z      [90m 296 |[39m     } [36mcatch[39m (error) {
2025-04-16T17:51:16.4160279Z     [31m[1m>[22m[39m[90m 297 |[39m       console[33m.[39merror([32m'Error adding payment method:'[39m[33m,[39m error)[33m;[39m
2025-04-16T17:51:16.4161451Z      [90m     |[39m               [31m[1m^[22m[39m
2025-04-16T17:51:16.4162082Z      [90m 298 |[39m       [36mthrow[39m error[33m;[39m
2025-04-16T17:51:16.4162574Z      [90m 299 |[39m     }
2025-04-16T17:51:16.4162964Z      [90m 300 |[39m   }[0m
2025-04-16T17:51:16.4163191Z 
2025-04-16T17:51:16.4163652Z       at WalletService.error [as addPaymentMethod] (services/wallet.service.js:297:15)
2025-04-16T17:51:16.4164566Z       at Object.<anonymous> (tests/unit/services/wallet.service.test.js:559:7)
2025-04-16T17:51:16.4165034Z 
2025-04-16T17:51:16.4165157Z     console.error
2025-04-16T17:51:16.4165811Z       Error adding payment method: AppError: Unsupported payment method type: unsupported
2025-04-16T17:51:16.4187665Z           at WalletService.addPaymentMethod (/home/runner/work/date-night-app2/date-night-app2/server/services/wallet.service.js:288:17)
2025-04-16T17:51:16.4189321Z           at Object.<anonymous> (/home/runner/work/date-night-app2/date-night-app2/server/tests/unit/services/wallet.service.test.js:571:7) {
2025-04-16T17:51:16.4190236Z         statusCode: 400,
2025-04-16T17:51:16.4190597Z         status: 'fail',
2025-04-16T17:51:16.4190974Z         isOperational: true
2025-04-16T17:51:16.4191347Z       }
2025-04-16T17:51:16.4191510Z 
2025-04-16T17:51:16.4192598Z     [0m [90m 295 |[39m       [36mreturn[39m wallet[33m.[39mpaymentMethods[wallet[33m.[39mpaymentMethods[33m.[39mlength [33m-[39m [35m1[39m][33m;[39m
2025-04-16T17:51:16.4193759Z      [90m 296 |[39m     } [36mcatch[39m (error) {
2025-04-16T17:51:16.4194947Z     [31m[1m>[22m[39m[90m 297 |[39m       console[33m.[39merror([32m'Error adding payment method:'[39m[33m,[39m error)[33m;[39m
2025-04-16T17:51:16.4195952Z      [90m     |[39m               [31m[1m^[22m[39m
2025-04-16T17:51:16.4197111Z      [90m 298 |[39m       [36mthrow[39m error[33m;[39m
2025-04-16T17:51:16.4198064Z      [90m 299 |[39m     }
2025-04-16T17:51:16.4198525Z      [90m 300 |[39m   }[0m
2025-04-16T17:51:16.4198781Z 
2025-04-16T17:51:16.4199306Z       at WalletService.error [as addPaymentMethod] (services/wallet.service.js:297:15)
2025-04-16T17:51:16.4200298Z       at Object.<anonymous> (tests/unit/services/wallet.service.test.js:571:7)
2025-04-16T17:51:16.4200774Z 
2025-04-16T17:51:16.4200916Z     console.error
2025-04-16T17:51:16.4201500Z       Error removing payment method: AppError: Payment method not found
2025-04-16T17:51:16.4202867Z           at WalletService.removePaymentMethod (/home/runner/work/date-night-app2/date-night-app2/server/services/wallet.service.js:316:15)
2025-04-16T17:51:16.4204617Z           at Object.<anonymous> (/home/runner/work/date-night-app2/date-night-app2/server/tests/unit/services/wallet.service.test.js:589:7) {
2025-04-16T17:51:16.4205620Z         statusCode: 404,
2025-04-16T17:51:16.4206005Z         status: 'fail',
2025-04-16T17:51:16.4206371Z         isOperational: true
2025-04-16T17:51:16.4206751Z       }
2025-04-16T17:51:16.4237228Z 
2025-04-16T17:51:16.4237740Z     [0m [90m 322 |[39m       [36mreturn[39m [36mtrue[39m[33m;[39m
2025-04-16T17:51:16.4238419Z      [90m 323 |[39m     } [36mcatch[39m (error) {
2025-04-16T17:51:16.4239543Z     [31m[1m>[22m[39m[90m 324 |[39m       console[33m.[39merror([32m'Error removing payment method:'[39m[33m,[39m error)[33m;[39m
2025-04-16T17:51:16.4240498Z      [90m     |[39m               [31m[1m^[22m[39m
2025-04-16T17:51:16.4241135Z      [90m 325 |[39m       [36mthrow[39m error[33m;[39m
2025-04-16T17:51:16.4241636Z      [90m 326 |[39m     }
2025-04-16T17:51:16.4242030Z      [90m 327 |[39m   }[0m
2025-04-16T17:51:16.4242258Z 
2025-04-16T17:51:16.4242745Z       at WalletService.error [as removePaymentMethod] (services/wallet.service.js:324:15)
2025-04-16T17:51:16.4243689Z       at Object.<anonymous> (tests/unit/services/wallet.service.test.js:589:7)
2025-04-16T17:51:16.4244182Z 
2025-04-16T17:51:16.4244308Z     console.error
2025-04-16T17:51:16.4245260Z       Error setting default payment method: AppError: Payment method not found
2025-04-16T17:51:16.4246653Z           at WalletService.setDefaultPaymentMethod (/home/runner/work/date-night-app2/date-night-app2/server/services/wallet.service.js:343:15)
2025-04-16T17:51:16.4249306Z           at Object.<anonymous> (/home/runner/work/date-night-app2/date-night-app2/server/tests/unit/services/wallet.service.test.js:610:7) {
2025-04-16T17:51:16.4250296Z         statusCode: 404,
2025-04-16T17:51:16.4250638Z         status: 'fail',
2025-04-16T17:51:16.4250976Z         isOperational: true
2025-04-16T17:51:16.4251315Z       }
2025-04-16T17:51:16.4251462Z 
2025-04-16T17:51:16.4252209Z     [0m [90m 349 |[39m       [36mreturn[39m wallet[33m.[39mpaymentMethods[33m.[39mid(paymentMethodId)[33m;[39m
2025-04-16T17:51:16.4253090Z      [90m 350 |[39m     } [36mcatch[39m (error) {
2025-04-16T17:51:16.4254359Z     [31m[1m>[22m[39m[90m 351 |[39m       console[33m.[39merror([32m'Error setting default payment method:'[39m[33m,[39m error)[33m;[39m
2025-04-16T17:51:16.4255339Z      [90m     |[39m               [31m[1m^[22m[39m
2025-04-16T17:51:16.4255959Z      [90m 352 |[39m       [36mthrow[39m error[33m;[39m
2025-04-16T17:51:16.4256454Z      [90m 353 |[39m     }
2025-04-16T17:51:16.4277119Z      [90m 354 |[39m   }[0m
2025-04-16T17:51:16.4277430Z 
2025-04-16T17:51:16.4277993Z       at WalletService.error [as setDefaultPaymentMethod] (services/wallet.service.js:351:15)
2025-04-16T17:51:16.4279016Z       at Object.<anonymous> (tests/unit/services/wallet.service.test.js:610:7)
2025-04-16T17:51:16.4279512Z 
2025-04-16T17:51:16.4279665Z     console.error
2025-04-16T17:51:16.4280278Z       Error depositing funds with Stripe: AppError: Valid amount is required
2025-04-16T17:51:16.4281697Z           at WalletService.depositFundsWithStripe (/home/runner/work/date-night-app2/date-night-app2/server/services/wallet.service.js:375:15)
2025-04-16T17:51:16.4283896Z           at Object.depositFundsWithStripe (/home/runner/work/date-night-app2/date-night-app2/server/tests/unit/services/wallet.service.test.js:664:23)
2025-04-16T17:51:16.4285740Z           at Promise.then.completed (/home/runner/work/date-night-app2/date-night-app2/node_modules/jest-circus/build/utils.js:298:28)
2025-04-16T17:51:16.4286976Z           at new Promise (<anonymous>)
2025-04-16T17:51:16.4288041Z           at callAsyncCircusFn (/home/runner/work/date-night-app2/date-night-app2/node_modules/jest-circus/build/utils.js:231:10)
2025-04-16T17:51:16.4289520Z           at _callCircusTest (/home/runner/work/date-night-app2/date-night-app2/node_modules/jest-circus/build/run.js:316:40)
2025-04-16T17:51:16.4290903Z           at _runTest (/home/runner/work/date-night-app2/date-night-app2/node_modules/jest-circus/build/run.js:252:3)
2025-04-16T17:51:16.4292363Z           at _runTestsForDescribeBlock (/home/runner/work/date-night-app2/date-night-app2/node_modules/jest-circus/build/run.js:126:9)
2025-04-16T17:51:16.4293974Z           at _runTestsForDescribeBlock (/home/runner/work/date-night-app2/date-night-app2/node_modules/jest-circus/build/run.js:121:9)
2025-04-16T17:51:16.4295549Z           at _runTestsForDescribeBlock (/home/runner/work/date-night-app2/date-night-app2/node_modules/jest-circus/build/run.js:121:9)
2025-04-16T17:51:16.4317259Z           at run (/home/runner/work/date-night-app2/date-night-app2/node_modules/jest-circus/build/run.js:71:3)
2025-04-16T17:51:16.4319187Z           at runAndTransformResultsToJestFormat (/home/runner/work/date-night-app2/date-night-app2/node_modules/jest-circus/build/legacy-code-todo-rewrite/jestAdapterInit.js:122:21)
2025-04-16T17:51:16.4321267Z           at jestAdapter (/home/runner/work/date-night-app2/date-night-app2/node_modules/jest-circus/build/legacy-code-todo-rewrite/jestAdapter.js:79:19)
2025-04-16T17:51:16.4323152Z           at runTestInternal (/home/runner/work/date-night-app2/date-night-app2/node_modules/jest-runner/build/runTest.js:367:16)
2025-04-16T17:51:16.4324816Z           at runTest (/home/runner/work/date-night-app2/date-night-app2/node_modules/jest-runner/build/runTest.js:444:34) {
2025-04-16T17:51:16.4325682Z         statusCode: 400,
2025-04-16T17:51:16.4326028Z         status: 'fail',
2025-04-16T17:51:16.4326368Z         isOperational: true
2025-04-16T17:51:16.4326705Z       }
2025-04-16T17:51:16.4326993Z 
2025-04-16T17:51:16.4327308Z     [0m [90m 437 |[39m       }[33m;[39m
2025-04-16T17:51:16.4327886Z      [90m 438 |[39m     } [36mcatch[39m (error) {
2025-04-16T17:51:16.4329045Z     [31m[1m>[22m[39m[90m 439 |[39m       console[33m.[39merror([32m'Error depositing funds with Stripe:'[39m[33m,[39m error)[33m;[39m
2025-04-16T17:51:16.4330002Z      [90m     |[39m               [31m[1m^[22m[39m
2025-04-16T17:51:16.4330617Z      [90m 440 |[39m       [36mthrow[39m error[33m;[39m
2025-04-16T17:51:16.4331107Z      [90m 441 |[39m     }
2025-04-16T17:51:16.4331511Z      [90m 442 |[39m   }[0m
2025-04-16T17:51:16.4331750Z 
2025-04-16T17:51:16.4332261Z       at WalletService.error [as depositFundsWithStripe] (services/wallet.service.js:439:15)
2025-04-16T17:51:16.4333324Z       at Object.depositFundsWithStripe (tests/unit/services/wallet.service.test.js:664:23)
2025-04-16T17:51:16.4333890Z 
2025-04-16T17:51:16.4334020Z     console.error
2025-04-16T17:51:16.4334637Z       Error depositing funds with Stripe: AppError: Unsupported currency: UNSUPPORTED
2025-04-16T17:51:16.4336008Z           at WalletService.depositFundsWithStripe (/home/runner/work/date-night-app2/date-night-app2/server/services/wallet.service.js:379:15)
2025-04-16T17:51:16.4358186Z           at Object.depositFundsWithStripe (/home/runner/work/date-night-app2/date-night-app2/server/tests/unit/services/wallet.service.test.js:670:23)
2025-04-16T17:51:16.4359944Z           at Promise.then.completed (/home/runner/work/date-night-app2/date-night-app2/node_modules/jest-circus/build/utils.js:298:28)
2025-04-16T17:51:16.4361223Z           at new Promise (<anonymous>)
2025-04-16T17:51:16.4362280Z           at callAsyncCircusFn (/home/runner/work/date-night-app2/date-night-app2/node_modules/jest-circus/build/utils.js:231:10)
2025-04-16T17:51:16.4363735Z           at _callCircusTest (/home/runner/work/date-night-app2/date-night-app2/node_modules/jest-circus/build/run.js:316:40)
2025-04-16T17:51:16.4365096Z           at _runTest (/home/runner/work/date-night-app2/date-night-app2/node_modules/jest-circus/build/run.js:252:3)
2025-04-16T17:51:16.4366540Z           at _runTestsForDescribeBlock (/home/runner/work/date-night-app2/date-night-app2/node_modules/jest-circus/build/run.js:126:9)
2025-04-16T17:51:16.4368246Z           at _runTestsForDescribeBlock (/home/runner/work/date-night-app2/date-night-app2/node_modules/jest-circus/build/run.js:121:9)
2025-04-16T17:51:16.4369789Z           at _runTestsForDescribeBlock (/home/runner/work/date-night-app2/date-night-app2/node_modules/jest-circus/build/run.js:121:9)
2025-04-16T17:51:16.4371151Z           at run (/home/runner/work/date-night-app2/date-night-app2/node_modules/jest-circus/build/run.js:71:3)
2025-04-16T17:51:16.4372942Z           at runAndTransformResultsToJestFormat (/home/runner/work/date-night-app2/date-night-app2/node_modules/jest-circus/build/legacy-code-todo-rewrite/jestAdapterInit.js:122:21)
2025-04-16T17:51:16.4375017Z           at jestAdapter (/home/runner/work/date-night-app2/date-night-app2/node_modules/jest-circus/build/legacy-code-todo-rewrite/jestAdapter.js:79:19)
2025-04-16T17:51:16.4376665Z           at runTestInternal (/home/runner/work/date-night-app2/date-night-app2/node_modules/jest-runner/build/runTest.js:367:16)
2025-04-16T17:51:16.4398524Z           at runTest (/home/runner/work/date-night-app2/date-night-app2/node_modules/jest-runner/build/runTest.js:444:34) {
2025-04-16T17:51:16.4399468Z         statusCode: 400,
2025-04-16T17:51:16.4399852Z         status: 'fail',
2025-04-16T17:51:16.4400215Z         isOperational: true
2025-04-16T17:51:16.4400580Z       }
2025-04-16T17:51:16.4400746Z 
2025-04-16T17:51:16.4401082Z     [0m [90m 437 |[39m       }[33m;[39m
2025-04-16T17:51:16.4401949Z      [90m 438 |[39m     } [36mcatch[39m (error) {
2025-04-16T17:51:16.4403310Z     [31m[1m>[22m[39m[90m 439 |[39m       console[33m.[39merror([32m'Error depositing funds with Stripe:'[39m[33m,[39m error)[33m;[39m
2025-04-16T17:51:16.4404298Z      [90m     |[39m               [31m[1m^[22m[39m
2025-04-16T17:51:16.4404914Z      [90m 440 |[39m       [36mthrow[39m error[33m;[39m
2025-04-16T17:51:16.4405418Z      [90m 441 |[39m     }
2025-04-16T17:51:16.4405809Z      [90m 442 |[39m   }[0m
2025-04-16T17:51:16.4406040Z 
2025-04-16T17:51:16.4406560Z       at WalletService.error [as depositFundsWithStripe] (services/wallet.service.js:439:15)
2025-04-16T17:51:16.4408205Z       at Object.depositFundsWithStripe (tests/unit/services/wallet.service.test.js:670:23)
2025-04-16T17:51:16.4408781Z 
2025-04-16T17:51:16.4408937Z     console.error
2025-04-16T17:51:16.4409595Z       Error depositing funds with Stripe: AppError: Payment method ID is required
2025-04-16T17:51:16.4411071Z           at WalletService.depositFundsWithStripe (/home/runner/work/date-night-app2/date-night-app2/server/services/wallet.service.js:383:15)
2025-04-16T17:51:16.4413010Z           at Object.depositFundsWithStripe (/home/runner/work/date-night-app2/date-night-app2/server/tests/unit/services/wallet.service.test.js:682:23)
2025-04-16T17:51:16.4414879Z           at Promise.then.completed (/home/runner/work/date-night-app2/date-night-app2/node_modules/jest-circus/build/utils.js:298:28)
2025-04-16T17:51:16.4415932Z           at new Promise (<anonymous>)
2025-04-16T17:51:16.4437370Z           at callAsyncCircusFn (/home/runner/work/date-night-app2/date-night-app2/node_modules/jest-circus/build/utils.js:231:10)
2025-04-16T17:51:16.4439002Z           at _callCircusTest (/home/runner/work/date-night-app2/date-night-app2/node_modules/jest-circus/build/run.js:316:40)
2025-04-16T17:51:16.4440728Z           at _runTest (/home/runner/work/date-night-app2/date-night-app2/node_modules/jest-circus/build/run.js:252:3)
2025-04-16T17:51:16.4442289Z           at _runTestsForDescribeBlock (/home/runner/work/date-night-app2/date-night-app2/node_modules/jest-circus/build/run.js:126:9)
2025-04-16T17:51:16.4443949Z           at _runTestsForDescribeBlock (/home/runner/work/date-night-app2/date-night-app2/node_modules/jest-circus/build/run.js:121:9)
2025-04-16T17:51:16.4445632Z           at _runTestsForDescribeBlock (/home/runner/work/date-night-app2/date-night-app2/node_modules/jest-circus/build/run.js:121:9)
2025-04-16T17:51:16.4447305Z           at run (/home/runner/work/date-night-app2/date-night-app2/node_modules/jest-circus/build/run.js:71:3)
2025-04-16T17:51:16.4449225Z           at runAndTransformResultsToJestFormat (/home/runner/work/date-night-app2/date-night-app2/node_modules/jest-circus/build/legacy-code-todo-rewrite/jestAdapterInit.js:122:21)
2025-04-16T17:51:16.4451440Z           at jestAdapter (/home/runner/work/date-night-app2/date-night-app2/node_modules/jest-circus/build/legacy-code-todo-rewrite/jestAdapter.js:79:19)
2025-04-16T17:51:16.4453156Z           at runTestInternal (/home/runner/work/date-night-app2/date-night-app2/node_modules/jest-runner/build/runTest.js:367:16)
2025-04-16T17:51:16.4454637Z           at runTest (/home/runner/work/date-night-app2/date-night-app2/node_modules/jest-runner/build/runTest.js:444:34) {
2025-04-16T17:51:16.4455514Z         statusCode: 400,
2025-04-16T17:51:16.4455862Z         status: 'fail',
2025-04-16T17:51:16.4456194Z         isOperational: true
2025-04-16T17:51:16.4456577Z       }
2025-04-16T17:51:16.4456727Z 
2025-04-16T17:51:16.4477383Z     [0m [90m 437 |[39m       }[33m;[39m
2025-04-16T17:51:16.4478005Z      [90m 438 |[39m     } [36mcatch[39m (error) {
2025-04-16T17:51:16.4479169Z     [31m[1m>[22m[39m[90m 439 |[39m       console[33m.[39merror([32m'Error depositing funds with Stripe:'[39m[33m,[39m error)[33m;[39m
2025-04-16T17:51:16.4480166Z      [90m     |[39m               [31m[1m^[22m[39m
2025-04-16T17:51:16.4480785Z      [90m 440 |[39m       [36mthrow[39m error[33m;[39m
2025-04-16T17:51:16.4481642Z      [90m 441 |[39m     }
2025-04-16T17:51:16.4482065Z      [90m 442 |[39m   }[0m
2025-04-16T17:51:16.4482305Z 
2025-04-16T17:51:16.4482818Z       at WalletService.error [as depositFundsWithStripe] (services/wallet.service.js:439:15)
2025-04-16T17:51:16.4483900Z       at Object.depositFundsWithStripe (tests/unit/services/wallet.service.test.js:682:23)
2025-04-16T17:51:16.4484472Z 
2025-04-16T17:51:16.4484602Z     console.error
2025-04-16T17:51:16.4485102Z       Error withdrawing funds: AppError: Valid amount is required
2025-04-16T17:51:16.4486301Z           at WalletService.withdrawFunds (/home/runner/work/date-night-app2/date-night-app2/server/services/wallet.service.js:518:15)
2025-04-16T17:51:16.4488098Z           at Object.withdrawFunds (/home/runner/work/date-night-app2/date-night-app2/server/tests/unit/services/wallet.service.test.js:726:23)
2025-04-16T17:51:16.4489745Z           at Promise.then.completed (/home/runner/work/date-night-app2/date-night-app2/node_modules/jest-circus/build/utils.js:298:28)
2025-04-16T17:51:16.4490709Z           at new Promise (<anonymous>)
2025-04-16T17:51:16.4491727Z           at callAsyncCircusFn (/home/runner/work/date-night-app2/date-night-app2/node_modules/jest-circus/build/utils.js:231:10)
2025-04-16T17:51:16.4493193Z           at _callCircusTest (/home/runner/work/date-night-app2/date-night-app2/node_modules/jest-circus/build/run.js:316:40)
2025-04-16T17:51:16.4494557Z           at _runTest (/home/runner/work/date-night-app2/date-night-app2/node_modules/jest-circus/build/run.js:252:3)
2025-04-16T17:51:16.4496006Z           at _runTestsForDescribeBlock (/home/runner/work/date-night-app2/date-night-app2/node_modules/jest-circus/build/run.js:126:9)
2025-04-16T17:51:16.4517958Z           at _runTestsForDescribeBlock (/home/runner/work/date-night-app2/date-night-app2/node_modules/jest-circus/build/run.js:121:9)
2025-04-16T17:51:16.4519839Z           at _runTestsForDescribeBlock (/home/runner/work/date-night-app2/date-night-app2/node_modules/jest-circus/build/run.js:121:9)
2025-04-16T17:51:16.4521241Z           at run (/home/runner/work/date-night-app2/date-night-app2/node_modules/jest-circus/build/run.js:71:3)
2025-04-16T17:51:16.4523062Z           at runAndTransformResultsToJestFormat (/home/runner/work/date-night-app2/date-night-app2/node_modules/jest-circus/build/legacy-code-todo-rewrite/jestAdapterInit.js:122:21)
2025-04-16T17:51:16.4525351Z           at jestAdapter (/home/runner/work/date-night-app2/date-night-app2/node_modules/jest-circus/build/legacy-code-todo-rewrite/jestAdapter.js:79:19)
2025-04-16T17:51:16.4527115Z           at runTestInternal (/home/runner/work/date-night-app2/date-night-app2/node_modules/jest-runner/build/runTest.js:367:16)
2025-04-16T17:51:16.4528559Z           at runTest (/home/runner/work/date-night-app2/date-night-app2/node_modules/jest-runner/build/runTest.js:444:34) {
2025-04-16T17:51:16.4529415Z         statusCode: 400,
2025-04-16T17:51:16.4529757Z         status: 'fail',
2025-04-16T17:51:16.4530094Z         isOperational: true
2025-04-16T17:51:16.4530434Z       }
2025-04-16T17:51:16.4530591Z 
2025-04-16T17:51:16.4531609Z     [0m [90m 619 |[39m       [36mreturn[39m wallet[33m.[39mtransactions[wallet[33m.[39mtransactions[33m.[39mlength [33m-[39m [35m1[39m][33m;[39m
2025-04-16T17:51:16.4532674Z      [90m 620 |[39m     } [36mcatch[39m (error) {
2025-04-16T17:51:16.4533736Z     [31m[1m>[22m[39m[90m 621 |[39m       console[33m.[39merror([32m'Error withdrawing funds:'[39m[33m,[39m error)[33m;[39m
2025-04-16T17:51:16.4534636Z      [90m     |[39m               [31m[1m^[22m[39m
2025-04-16T17:51:16.4535244Z      [90m 622 |[39m       [36mthrow[39m error[33m;[39m
2025-04-16T17:51:16.4535738Z      [90m 623 |[39m     }
2025-04-16T17:51:16.4536129Z      [90m 624 |[39m   }[0m
2025-04-16T17:51:16.4536368Z 
2025-04-16T17:51:16.4557074Z       at WalletService.error [as withdrawFunds] (services/wallet.service.js:621:15)
2025-04-16T17:51:16.4558324Z       at Object.withdrawFunds (tests/unit/services/wallet.service.test.js:726:23)
2025-04-16T17:51:16.4558844Z 
2025-04-16T17:51:16.4558975Z     console.error
2025-04-16T17:51:16.4559680Z       Error withdrawing funds: AppError: Minimum withdrawal amount is 100 NOK
2025-04-16T17:51:16.4561020Z           at WalletService.withdrawFunds (/home/runner/work/date-night-app2/date-night-app2/server/services/wallet.service.js:522:15)
2025-04-16T17:51:16.4562686Z           at Object.withdrawFunds (/home/runner/work/date-night-app2/date-night-app2/server/tests/unit/services/wallet.service.test.js:733:23)
2025-04-16T17:51:16.4564284Z           at Promise.then.completed (/home/runner/work/date-night-app2/date-night-app2/node_modules/jest-circus/build/utils.js:298:28)
2025-04-16T17:51:16.4565259Z           at new Promise (<anonymous>)
2025-04-16T17:51:16.4566277Z           at callAsyncCircusFn (/home/runner/work/date-night-app2/date-night-app2/node_modules/jest-circus/build/utils.js:231:10)
2025-04-16T17:51:16.4567896Z           at _callCircusTest (/home/runner/work/date-night-app2/date-night-app2/node_modules/jest-circus/build/run.js:316:40)
2025-04-16T17:51:16.4569235Z           at _runTest (/home/runner/work/date-night-app2/date-night-app2/node_modules/jest-circus/build/run.js:252:3)
2025-04-16T17:51:16.4570666Z           at _runTestsForDescribeBlock (/home/runner/work/date-night-app2/date-night-app2/node_modules/jest-circus/build/run.js:126:9)
2025-04-16T17:51:16.4572233Z           at _runTestsForDescribeBlock (/home/runner/work/date-night-app2/date-night-app2/node_modules/jest-circus/build/run.js:121:9)
2025-04-16T17:51:16.4573787Z           at _runTestsForDescribeBlock (/home/runner/work/date-night-app2/date-night-app2/node_modules/jest-circus/build/run.js:121:9)
2025-04-16T17:51:16.4633025Z           at run (/home/runner/work/date-night-app2/date-night-app2/node_modules/jest-circus/build/run.js:71:3)
2025-04-16T17:51:16.4635181Z           at runAndTransformResultsToJestFormat (/home/runner/work/date-night-app2/date-night-app2/node_modules/jest-circus/build/legacy-code-todo-rewrite/jestAdapterInit.js:122:21)
2025-04-16T17:51:16.4637423Z           at jestAdapter (/home/runner/work/date-night-app2/date-night-app2/node_modules/jest-circus/build/legacy-code-todo-rewrite/jestAdapter.js:79:19)
2025-04-16T17:51:16.4639097Z           at runTestInternal (/home/runner/work/date-night-app2/date-night-app2/node_modules/jest-runner/build/runTest.js:367:16)
2025-04-16T17:51:16.4640559Z           at runTest (/home/runner/work/date-night-app2/date-night-app2/node_modules/jest-runner/build/runTest.js:444:34) {
2025-04-16T17:51:16.4641414Z         statusCode: 400,
2025-04-16T17:51:16.4641763Z         status: 'fail',
2025-04-16T17:51:16.4642106Z         isOperational: true
2025-04-16T17:51:16.4642438Z       }
2025-04-16T17:51:16.4642595Z 
2025-04-16T17:51:16.4643615Z     [0m [90m 619 |[39m       [36mreturn[39m wallet[33m.[39mtransactions[wallet[33m.[39mtransactions[33m.[39mlength [33m-[39m [35m1[39m][33m;[39m
2025-04-16T17:51:16.4644695Z      [90m 620 |[39m     } [36mcatch[39m (error) {
2025-04-16T17:51:16.4645756Z     [31m[1m>[22m[39m[90m 621 |[39m       console[33m.[39merror([32m'Error withdrawing funds:'[39m[33m,[39m error)[33m;[39m
2025-04-16T17:51:16.4646648Z      [90m     |[39m               [31m[1m^[22m[39m
2025-04-16T17:51:16.4677677Z      [90m 622 |[39m       [36mthrow[39m error[33m;[39m
2025-04-16T17:51:16.4678214Z      [90m 623 |[39m     }
2025-04-16T17:51:16.4678622Z      [90m 624 |[39m   }[0m
2025-04-16T17:51:16.4678852Z 
2025-04-16T17:51:16.4679296Z       at WalletService.error [as withdrawFunds] (services/wallet.service.js:621:15)
2025-04-16T17:51:16.4680225Z       at Object.withdrawFunds (tests/unit/services/wallet.service.test.js:733:23)
2025-04-16T17:51:16.4680727Z 
2025-04-16T17:51:16.4680854Z     console.error
2025-04-16T17:51:16.4681441Z       Error withdrawing funds: AppError: Unsupported currency: UNSUPPORTED
2025-04-16T17:51:16.4682888Z           at WalletService.withdrawFunds (/home/runner/work/date-night-app2/date-night-app2/server/services/wallet.service.js:529:15)
2025-04-16T17:51:16.4684558Z           at Object.withdrawFunds (/home/runner/work/date-night-app2/date-night-app2/server/tests/unit/services/wallet.service.test.js:744:23)
2025-04-16T17:51:16.4686168Z           at Promise.then.completed (/home/runner/work/date-night-app2/date-night-app2/node_modules/jest-circus/build/utils.js:298:28)
2025-04-16T17:51:16.4687343Z           at new Promise (<anonymous>)
2025-04-16T17:51:16.4688357Z           at callAsyncCircusFn (/home/runner/work/date-night-app2/date-night-app2/node_modules/jest-circus/build/utils.js:231:10)
2025-04-16T17:51:16.4689793Z           at _callCircusTest (/home/runner/work/date-night-app2/date-night-app2/node_modules/jest-circus/build/run.js:316:40)
2025-04-16T17:51:16.4691155Z           at _runTest (/home/runner/work/date-night-app2/date-night-app2/node_modules/jest-circus/build/run.js:252:3)
2025-04-16T17:51:16.4692597Z           at _runTestsForDescribeBlock (/home/runner/work/date-night-app2/date-night-app2/node_modules/jest-circus/build/run.js:126:9)
2025-04-16T17:51:16.4694161Z           at _runTestsForDescribeBlock (/home/runner/work/date-night-app2/date-night-app2/node_modules/jest-circus/build/run.js:121:9)
2025-04-16T17:51:16.4695703Z           at _runTestsForDescribeBlock (/home/runner/work/date-night-app2/date-night-app2/node_modules/jest-circus/build/run.js:121:9)
2025-04-16T17:51:16.4717471Z           at run (/home/runner/work/date-night-app2/date-night-app2/node_modules/jest-circus/build/run.js:71:3)
2025-04-16T17:51:16.4719365Z           at runAndTransformResultsToJestFormat (/home/runner/work/date-night-app2/date-night-app2/node_modules/jest-circus/build/legacy-code-todo-rewrite/jestAdapterInit.js:122:21)
2025-04-16T17:51:16.4721453Z           at jestAdapter (/home/runner/work/date-night-app2/date-night-app2/node_modules/jest-circus/build/legacy-code-todo-rewrite/jestAdapter.js:79:19)
2025-04-16T17:51:16.4723345Z           at runTestInternal (/home/runner/work/date-night-app2/date-night-app2/node_modules/jest-runner/build/runTest.js:367:16)
2025-04-16T17:51:16.4724794Z           at runTest (/home/runner/work/date-night-app2/date-night-app2/node_modules/jest-runner/build/runTest.js:444:34) {
2025-04-16T17:51:16.4725842Z         statusCode: 400,
2025-04-16T17:51:16.4726191Z         status: 'fail',
2025-04-16T17:51:16.4726522Z         isOperational: true
2025-04-16T17:51:16.4726997Z       }
2025-04-16T17:51:16.4727164Z 
2025-04-16T17:51:16.4728181Z     [0m [90m 619 |[39m       [36mreturn[39m wallet[33m.[39mtransactions[wallet[33m.[39mtransactions[33m.[39mlength [33m-[39m [35m1[39m][33m;[39m
2025-04-16T17:51:16.4729255Z      [90m 620 |[39m     } [36mcatch[39m (error) {
2025-04-16T17:51:16.4730327Z     [31m[1m>[22m[39m[90m 621 |[39m       console[33m.[39merror([32m'Error withdrawing funds:'[39m[33m,[39m error)[33m;[39m
2025-04-16T17:51:16.4731247Z      [90m     |[39m               [31m[1m^[22m[39m
2025-04-16T17:51:16.4731860Z      [90m 622 |[39m       [36mthrow[39m error[33m;[39m
2025-04-16T17:51:16.4732355Z      [90m 623 |[39m     }
2025-04-16T17:51:16.4732746Z      [90m 624 |[39m   }[0m
2025-04-16T17:51:16.4732976Z 
2025-04-16T17:51:16.4733417Z       at WalletService.error [as withdrawFunds] (services/wallet.service.js:621:15)
2025-04-16T17:51:16.4734328Z       at Object.withdrawFunds (tests/unit/services/wallet.service.test.js:744:23)
2025-04-16T17:51:16.4734830Z 
2025-04-16T17:51:16.4734955Z     console.error
2025-04-16T17:51:16.4735486Z       Error withdrawing funds: AppError: Payment method ID is required
2025-04-16T17:51:16.4736708Z           at WalletService.withdrawFunds (/home/runner/work/date-night-app2/date-night-app2/server/services/wallet.service.js:533:15)
2025-04-16T17:51:16.4758744Z           at Object.withdrawFunds (/home/runner/work/date-night-app2/date-night-app2/server/tests/unit/services/wallet.service.test.js:749:34)
2025-04-16T17:51:16.4760695Z           at Promise.then.completed (/home/runner/work/date-night-app2/date-night-app2/node_modules/jest-circus/build/utils.js:298:28)
2025-04-16T17:51:16.4761668Z           at new Promise (<anonymous>)
2025-04-16T17:51:16.4762711Z           at callAsyncCircusFn (/home/runner/work/date-night-app2/date-night-app2/node_modules/jest-circus/build/utils.js:231:10)
2025-04-16T17:51:16.4764169Z           at _callCircusTest (/home/runner/work/date-night-app2/date-night-app2/node_modules/jest-circus/build/run.js:316:40)
2025-04-16T17:51:16.4765515Z           at _runTest (/home/runner/work/date-night-app2/date-night-app2/node_modules/jest-circus/build/run.js:252:3)
2025-04-16T17:51:16.4767080Z           at _runTestsForDescribeBlock (/home/runner/work/date-night-app2/date-night-app2/node_modules/jest-circus/build/run.js:126:9)
2025-04-16T17:51:16.4768641Z           at _runTestsForDescribeBlock (/home/runner/work/date-night-app2/date-night-app2/node_modules/jest-circus/build/run.js:121:9)
2025-04-16T17:51:16.4770210Z           at _runTestsForDescribeBlock (/home/runner/work/date-night-app2/date-night-app2/node_modules/jest-circus/build/run.js:121:9)
2025-04-16T17:51:16.4771569Z           at run (/home/runner/work/date-night-app2/date-night-app2/node_modules/jest-circus/build/run.js:71:3)
2025-04-16T17:51:16.4773363Z           at runAndTransformResultsToJestFormat (/home/runner/work/date-night-app2/date-night-app2/node_modules/jest-circus/build/legacy-code-todo-rewrite/jestAdapterInit.js:122:21)
2025-04-16T17:51:16.4775418Z           at jestAdapter (/home/runner/work/date-night-app2/date-night-app2/node_modules/jest-circus/build/legacy-code-todo-rewrite/jestAdapter.js:79:19)
2025-04-16T17:51:16.4794696Z           at runTestInternal (/home/runner/work/date-night-app2/date-night-app2/node_modules/jest-runner/build/runTest.js:367:16)
2025-04-16T17:51:16.4796250Z           at runTest (/home/runner/work/date-night-app2/date-night-app2/node_modules/jest-runner/build/runTest.js:444:34) {
2025-04-16T17:51:16.4797523Z         statusCode: 400,
2025-04-16T17:51:16.4797864Z         status: 'fail',
2025-04-16T17:51:16.4798211Z         isOperational: true
2025-04-16T17:51:16.4798551Z       }
2025-04-16T17:51:16.4798701Z 
2025-04-16T17:51:16.4799724Z     [0m [90m 619 |[39m       [36mreturn[39m wallet[33m.[39mtransactions[wallet[33m.[39mtransactions[33m.[39mlength [33m-[39m [35m1[39m][33m;[39m
2025-04-16T17:51:16.4800798Z      [90m 620 |[39m     } [36mcatch[39m (error) {
2025-04-16T17:51:16.4801848Z     [31m[1m>[22m[39m[90m 621 |[39m       console[33m.[39merror([32m'Error withdrawing funds:'[39m[33m,[39m error)[33m;[39m
2025-04-16T17:51:16.4802741Z      [90m     |[39m               [31m[1m^[22m[39m
2025-04-16T17:51:16.4803353Z      [90m 622 |[39m       [36mthrow[39m error[33m;[39m
2025-04-16T17:51:16.4803844Z      [90m 623 |[39m     }
2025-04-16T17:51:16.4804255Z      [90m 624 |[39m   }[0m
2025-04-16T17:51:16.4804489Z 
2025-04-16T17:51:16.4804918Z       at WalletService.error [as withdrawFunds] (services/wallet.service.js:621:15)
2025-04-16T17:51:16.4805848Z       at Object.withdrawFunds (tests/unit/services/wallet.service.test.js:749:34)
2025-04-16T17:51:16.4806347Z 
2025-04-16T17:51:16.4806472Z     console.error
2025-04-16T17:51:16.4807113Z       Error withdrawing funds: AppError: Payment method not found
2025-04-16T17:51:16.4808291Z           at WalletService.withdrawFunds (/home/runner/work/date-night-app2/date-night-app2/server/services/wallet.service.js:542:15)
2025-04-16T17:51:16.4809911Z           at Object.<anonymous> (/home/runner/work/date-night-app2/date-night-app2/server/tests/unit/services/wallet.service.test.js:757:7) {
2025-04-16T17:51:16.4810863Z         statusCode: 404,
2025-04-16T17:51:16.4811194Z         status: 'fail',
2025-04-16T17:51:16.4811525Z         isOperational: true
2025-04-16T17:51:16.4811858Z       }
2025-04-16T17:51:16.4812004Z 
2025-04-16T17:51:16.4812982Z     [0m [90m 619 |[39m       [36mreturn[39m wallet[33m.[39mtransactions[wallet[33m.[39mtransactions[33m.[39mlength [33m-[39m [35m1[39m][33m;[39m
2025-04-16T17:51:16.4814180Z      [90m 620 |[39m     } [36mcatch[39m (error) {
2025-04-16T17:51:16.4815244Z     [31m[1m>[22m[39m[90m 621 |[39m       console[33m.[39merror([32m'Error withdrawing funds:'[39m[33m,[39m error)[33m;[39m
2025-04-16T17:51:16.4816134Z      [90m     |[39m               [31m[1m^[22m[39m
2025-04-16T17:51:16.4816746Z      [90m 622 |[39m       [36mthrow[39m error[33m;[39m
2025-04-16T17:51:16.4877642Z      [90m 623 |[39m     }
2025-04-16T17:51:16.4878065Z      [90m 624 |[39m   }[0m
2025-04-16T17:51:16.4878305Z 
2025-04-16T17:51:16.4878749Z       at WalletService.error [as withdrawFunds] (services/wallet.service.js:621:15)
2025-04-16T17:51:16.4879648Z       at Object.<anonymous> (tests/unit/services/wallet.service.test.js:757:7)
2025-04-16T17:51:16.4880121Z 
2025-04-16T17:51:16.4880267Z     console.error
2025-04-16T17:51:16.4880875Z       Error withdrawing funds: AppError: Insufficient balance. Available: 50 NOK
2025-04-16T17:51:16.4882155Z           at WalletService.withdrawFunds (/home/runner/work/date-night-app2/date-night-app2/server/services/wallet.service.js:549:15)
2025-04-16T17:51:16.4883781Z           at Object.<anonymous> (/home/runner/work/date-night-app2/date-night-app2/server/tests/unit/services/wallet.service.test.js:773:7) {
2025-04-16T17:51:16.4884748Z         statusCode: 400,
2025-04-16T17:51:16.4885087Z         status: 'fail',
2025-04-16T17:51:16.4885422Z         isOperational: true
2025-04-16T17:51:16.4885752Z       }
2025-04-16T17:51:16.4885906Z 
2025-04-16T17:51:16.4887017Z     [0m [90m 619 |[39m       [36mreturn[39m wallet[33m.[39mtransactions[wallet[33m.[39mtransactions[33m.[39mlength [33m-[39m [35m1[39m][33m;[39m
2025-04-16T17:51:16.4888095Z      [90m 620 |[39m     } [36mcatch[39m (error) {
2025-04-16T17:51:16.4889170Z     [31m[1m>[22m[39m[90m 621 |[39m       console[33m.[39merror([32m'Error withdrawing funds:'[39m[33m,[39m error)[33m;[39m
2025-04-16T17:51:16.4890329Z      [90m     |[39m               [31m[1m^[22m[39m
2025-04-16T17:51:16.4890969Z      [90m 622 |[39m       [36mthrow[39m error[33m;[39m
2025-04-16T17:51:16.4891483Z      [90m 623 |[39m     }
2025-04-16T17:51:16.4891895Z      [90m 624 |[39m   }[0m
2025-04-16T17:51:16.4892138Z 
2025-04-16T17:51:16.4892601Z       at WalletService.error [as withdrawFunds] (services/wallet.service.js:621:15)
2025-04-16T17:51:16.4893518Z       at Object.<anonymous> (tests/unit/services/wallet.service.test.js:773:7)
2025-04-16T17:51:16.4893997Z 
2025-04-16T17:51:18.8268387Z PASS tests/unit/models/ad.model.test.js
2025-04-16T17:51:18.8315238Z   ● Console
2025-04-16T17:51:18.8315660Z 
2025-04-16T17:51:18.8315991Z     console.log
2025-04-16T17:51:18.8316911Z       Connected to in-memory MongoDB at mongodb://127.0.0.1:64007/
2025-04-16T17:51:18.8317356Z 
2025-04-16T17:51:18.8317590Z       at log (tests/setup.js:31:11)
2025-04-16T17:51:18.8317871Z 
2025-04-16T17:51:18.8317993Z     console.log
2025-04-16T17:51:18.8318304Z       Database cleared
2025-04-16T17:51:18.8318508Z 
2025-04-16T17:51:18.8318713Z       at log (tests/setup.js:57:11)
2025-04-16T17:51:18.8318984Z 
2025-04-16T17:51:18.8319111Z     console.log
2025-04-16T17:51:18.8319434Z       Database cleared
2025-04-16T17:51:18.8319645Z 
2025-04-16T17:51:18.8319835Z       at log (tests/setup.js:57:11)
2025-04-16T17:51:18.8320113Z 
2025-04-16T17:51:18.8320251Z     console.log
2025-04-16T17:51:18.8320564Z       Database cleared
2025-04-16T17:51:18.8320767Z 
2025-04-16T17:51:18.8321100Z       at log (tests/setup.js:57:11)
2025-04-16T17:51:18.8321386Z 
2025-04-16T17:51:18.8321509Z     console.log
2025-04-16T17:51:18.8321814Z       Database cleared
2025-04-16T17:51:18.8322021Z 
2025-04-16T17:51:18.8322217Z       at log (tests/setup.js:57:11)
2025-04-16T17:51:18.8322487Z 
2025-04-16T17:51:18.8322623Z     console.log
2025-04-16T17:51:18.8322955Z       Database cleared
2025-04-16T17:51:18.8323180Z 
2025-04-16T17:51:18.8323369Z       at log (tests/setup.js:57:11)
2025-04-16T17:51:18.8323637Z 
2025-04-16T17:51:18.8323764Z     console.log
2025-04-16T17:51:18.8324439Z       Database cleared
2025-04-16T17:51:18.8324685Z 
2025-04-16T17:51:18.8324895Z       at log (tests/setup.js:57:11)
2025-04-16T17:51:18.8325161Z 
2025-04-16T17:51:18.8325296Z     console.log
2025-04-16T17:51:18.8325610Z       Database cleared
2025-04-16T17:51:18.8325834Z 
2025-04-16T17:51:18.8326031Z       at log (tests/setup.js:57:11)
2025-04-16T17:51:18.8326326Z 
2025-04-16T17:51:18.8326452Z     console.log
2025-04-16T17:51:18.8326995Z       Database cleared
2025-04-16T17:51:18.8327214Z 
2025-04-16T17:51:18.8327406Z       at log (tests/setup.js:57:11)
2025-04-16T17:51:18.8327670Z 
2025-04-16T17:51:18.8327791Z     console.log
2025-04-16T17:51:18.8328096Z       Database cleared
2025-04-16T17:51:18.8328303Z 
2025-04-16T17:51:18.8328480Z       at log (tests/setup.js:57:11)
2025-04-16T17:51:18.8328752Z 
2025-04-16T17:51:18.8328877Z     console.log
2025-04-16T17:51:18.8329173Z       Database cleared
2025-04-16T17:51:18.8329367Z 
2025-04-16T17:51:18.8329542Z       at log (tests/setup.js:57:11)
2025-04-16T17:51:18.8329815Z 
2025-04-16T17:51:18.8329934Z     console.log
2025-04-16T17:51:18.8330234Z       Database cleared
2025-04-16T17:51:18.8330428Z 
2025-04-16T17:51:18.8330613Z       at log (tests/setup.js:57:11)
2025-04-16T17:51:18.8330866Z 
2025-04-16T17:51:18.8330985Z     console.log
2025-04-16T17:51:18.8331266Z       Database cleared
2025-04-16T17:51:18.8331466Z 
2025-04-16T17:51:18.8331643Z       at log (tests/setup.js:57:11)
2025-04-16T17:51:18.8331916Z 
2025-04-16T17:51:18.8332039Z     console.log
2025-04-16T17:51:18.8332356Z       Database cleared
2025-04-16T17:51:18.8332558Z 
2025-04-16T17:51:18.8332735Z       at log (tests/setup.js:57:11)
2025-04-16T17:51:18.8333003Z 
2025-04-16T17:51:18.8333124Z     console.log
2025-04-16T17:51:18.8333439Z       Database cleared
2025-04-16T17:51:18.8333940Z 
2025-04-16T17:51:18.8334148Z       at log (tests/setup.js:57:11)
2025-04-16T17:51:18.8334425Z 
2025-04-16T17:51:18.8334559Z     console.log
2025-04-16T17:51:18.8334863Z       Database cleared
2025-04-16T17:51:18.8335089Z 
2025-04-16T17:51:18.8335274Z       at log (tests/setup.js:57:11)
2025-04-16T17:51:18.8335549Z 
2025-04-16T17:51:18.8335674Z     console.log
2025-04-16T17:51:18.8335985Z       Database cleared
2025-04-16T17:51:18.8336193Z 
2025-04-16T17:51:18.8336385Z       at log (tests/setup.js:57:11)
2025-04-16T17:51:18.8336650Z 
2025-04-16T17:51:18.8337033Z     console.log
2025-04-16T17:51:18.8337371Z       Database cleared
2025-04-16T17:51:18.8337589Z 
2025-04-16T17:51:18.8337770Z       at log (tests/setup.js:57:11)
2025-04-16T17:51:18.8338030Z 
2025-04-16T17:51:18.8338157Z     console.log
2025-04-16T17:51:18.8338468Z       Database cleared
2025-04-16T17:51:18.8338676Z 
2025-04-16T17:51:18.8338863Z       at log (tests/setup.js:57:11)
2025-04-16T17:51:18.8339148Z 
2025-04-16T17:51:18.8339269Z     console.log
2025-04-16T17:51:18.8339577Z       Database cleared
2025-04-16T17:51:18.8339808Z 
2025-04-16T17:51:18.8340010Z       at log (tests/setup.js:57:11)
2025-04-16T17:51:18.8340276Z 
2025-04-16T17:51:18.8340415Z     console.log
2025-04-16T17:51:18.8340801Z       Disconnected from in-memory MongoDB
2025-04-16T17:51:18.8341102Z 
2025-04-16T17:51:18.8341286Z       at log (tests/setup.js:42:11)
2025-04-16T17:51:18.8341547Z 
2025-04-16T17:51:21.4754870Z PASS tests/integration/controllers/auth.controller.test.js
2025-04-16T17:51:21.4819343Z   ● Console
2025-04-16T17:51:21.4819540Z 
2025-04-16T17:51:21.4819666Z     console.log
2025-04-16T17:51:21.4820172Z       Connected to in-memory MongoDB at mongodb://127.0.0.1:38464/
2025-04-16T17:51:21.4820566Z 
2025-04-16T17:51:21.4820764Z       at log (tests/setup.js:31:11)
2025-04-16T17:51:21.4821039Z 
2025-04-16T17:51:21.4821171Z     console.log
2025-04-16T17:51:21.4821497Z       Database cleared
2025-04-16T17:51:21.4821719Z 
2025-04-16T17:51:21.4821927Z       at log (tests/setup.js:57:11)
2025-04-16T17:51:21.4822236Z 
2025-04-16T17:51:21.4822369Z     console.log
2025-04-16T17:51:21.4822659Z       Database cleared
2025-04-16T17:51:21.4822871Z 
2025-04-16T17:51:21.4823414Z       at log (tests/setup.js:57:11)
2025-04-16T17:51:21.4823714Z 
2025-04-16T17:51:21.4823835Z     console.log
2025-04-16T17:51:21.4824154Z       Database cleared
2025-04-16T17:51:21.4824368Z 
2025-04-16T17:51:21.4824560Z       at log (tests/setup.js:57:11)
2025-04-16T17:51:21.4824830Z 
2025-04-16T17:51:21.4824955Z     console.log
2025-04-16T17:51:21.4825271Z       Database cleared
2025-04-16T17:51:21.4825476Z 
2025-04-16T17:51:21.4825670Z       at log (tests/setup.js:57:11)
2025-04-16T17:51:21.4825922Z 
2025-04-16T17:51:21.4826056Z     console.log
2025-04-16T17:51:21.4826362Z       Database cleared
2025-04-16T17:51:21.4826565Z 
2025-04-16T17:51:21.4826749Z       at log (tests/setup.js:57:11)
2025-04-16T17:51:21.4827238Z 
2025-04-16T17:51:21.4827361Z     console.log
2025-04-16T17:51:21.4827652Z       Database cleared
2025-04-16T17:51:21.4827862Z 
2025-04-16T17:51:21.4828044Z       at log (tests/setup.js:57:11)
2025-04-16T17:51:21.4828293Z 
2025-04-16T17:51:21.4828413Z     console.log
2025-04-16T17:51:21.4828720Z       Database cleared
2025-04-16T17:51:21.4828970Z 
2025-04-16T17:51:21.4829154Z       at log (tests/setup.js:57:11)
2025-04-16T17:51:21.4829430Z 
2025-04-16T17:51:21.4829565Z     console.log
2025-04-16T17:51:21.4829889Z       Database cleared
2025-04-16T17:51:21.4830096Z 
2025-04-16T17:51:21.4830290Z       at log (tests/setup.js:57:11)
2025-04-16T17:51:21.4830567Z 
2025-04-16T17:51:21.4830702Z     console.log
2025-04-16T17:51:21.4831029Z       Database cleared
2025-04-16T17:51:21.4831236Z 
2025-04-16T17:51:21.4831438Z       at log (tests/setup.js:57:11)
2025-04-16T17:51:21.4831721Z 
2025-04-16T17:51:21.4831861Z     console.log
2025-04-16T17:51:21.4832194Z       Database cleared
2025-04-16T17:51:21.4832420Z 
2025-04-16T17:51:21.4832611Z       at log (tests/setup.js:57:11)
2025-04-16T17:51:21.4833219Z 
2025-04-16T17:51:21.4833357Z     console.log
2025-04-16T17:51:21.4833694Z       Database cleared
2025-04-16T17:51:21.4834243Z 
2025-04-16T17:51:21.4867428Z       at log (tests/setup.js:57:11)
2025-04-16T17:51:21.4867950Z 
2025-04-16T17:51:21.4868291Z     console.log
2025-04-16T17:51:21.4868648Z       Database cleared
2025-04-16T17:51:21.4868878Z 
2025-04-16T17:51:21.4869083Z       at log (tests/setup.js:57:11)
2025-04-16T17:51:21.4869381Z 
2025-04-16T17:51:21.4869513Z     console.log
2025-04-16T17:51:21.4869852Z       Database cleared
2025-04-16T17:51:21.4870069Z 
2025-04-16T17:51:21.4870275Z       at log (tests/setup.js:57:11)
2025-04-16T17:51:21.4870620Z 
2025-04-16T17:51:21.4870753Z     console.log
2025-04-16T17:51:21.4871073Z       Database cleared
2025-04-16T17:51:21.4871283Z 
2025-04-16T17:51:21.4871461Z       at log (tests/setup.js:57:11)
2025-04-16T17:51:21.4871725Z 
2025-04-16T17:51:21.4871849Z     console.log
2025-04-16T17:51:21.4872149Z       Database cleared
2025-04-16T17:51:21.4872354Z 
2025-04-16T17:51:21.4872556Z       at log (tests/setup.js:57:11)
2025-04-16T17:51:21.4872822Z 
2025-04-16T17:51:21.4872945Z     console.log
2025-04-16T17:51:21.4873251Z       Database cleared
2025-04-16T17:51:21.4873450Z 
2025-04-16T17:51:21.4873637Z       at log (tests/setup.js:57:11)
2025-04-16T17:51:21.4873910Z 
2025-04-16T17:51:21.4874040Z     console.log
2025-04-16T17:51:21.4874353Z       Database cleared
2025-04-16T17:51:21.4874579Z 
2025-04-16T17:51:21.4874765Z       at log (tests/setup.js:57:11)
2025-04-16T17:51:21.4875047Z 
2025-04-16T17:51:21.4875174Z     console.log
2025-04-16T17:51:21.4875487Z       Database cleared
2025-04-16T17:51:21.4875693Z 
2025-04-16T17:51:21.4875886Z       at log (tests/setup.js:57:11)
2025-04-16T17:51:21.4876147Z 
2025-04-16T17:51:21.4876275Z     console.log
2025-04-16T17:51:21.4876580Z       Database cleared
2025-04-16T17:51:21.4877969Z 
2025-04-16T17:51:21.4878190Z       at log (tests/setup.js:57:11)
2025-04-16T17:51:21.4878476Z 
2025-04-16T17:51:21.4878609Z     console.log
2025-04-16T17:51:21.4878933Z       Database cleared
2025-04-16T17:51:21.4879149Z 
2025-04-16T17:51:21.4879333Z       at log (tests/setup.js:57:11)
2025-04-16T17:51:21.4879609Z 
2025-04-16T17:51:21.4879970Z     console.log
2025-04-16T17:51:21.4880301Z       Database cleared
2025-04-16T17:51:21.4880509Z 
2025-04-16T17:51:21.4880702Z       at log (tests/setup.js:57:11)
2025-04-16T17:51:21.4880972Z 
2025-04-16T17:51:21.4881095Z     console.log
2025-04-16T17:51:21.4881402Z       Database cleared
2025-04-16T17:51:21.4881610Z 
2025-04-16T17:51:21.4881788Z       at log (tests/setup.js:57:11)
2025-04-16T17:51:21.4882049Z 
2025-04-16T17:51:21.4882183Z     console.log
2025-04-16T17:51:21.4882493Z       Database cleared
2025-04-16T17:51:21.4882693Z 
2025-04-16T17:51:21.4882872Z       at log (tests/setup.js:57:11)
2025-04-16T17:51:21.4883140Z 
2025-04-16T17:51:21.4883265Z     console.log
2025-04-16T17:51:21.4883578Z       Database cleared
2025-04-16T17:51:21.4883789Z 
2025-04-16T17:51:21.4883984Z       at log (tests/setup.js:57:11)
2025-04-16T17:51:21.4884280Z 
2025-04-16T17:51:21.4884407Z     console.log
2025-04-16T17:51:21.4884711Z       Database cleared
2025-04-16T17:51:21.4884925Z 
2025-04-16T17:51:21.4885126Z       at log (tests/setup.js:57:11)
2025-04-16T17:51:21.4885413Z 
2025-04-16T17:51:21.4885539Z     console.log
2025-04-16T17:51:21.4885855Z       Database cleared
2025-04-16T17:51:21.4886060Z 
2025-04-16T17:51:21.4886253Z       at log (tests/setup.js:57:11)
2025-04-16T17:51:21.4886519Z 
2025-04-16T17:51:21.4886645Z     console.log
2025-04-16T17:51:21.4887185Z       Database cleared
2025-04-16T17:51:21.4887404Z 
2025-04-16T17:51:21.4887587Z       at log (tests/setup.js:57:11)
2025-04-16T17:51:21.4887863Z 
2025-04-16T17:51:21.4887996Z     console.log
2025-04-16T17:51:21.4888308Z       Database cleared
2025-04-16T17:51:21.4888523Z 
2025-04-16T17:51:21.4888710Z       at log (tests/setup.js:57:11)
2025-04-16T17:51:21.4888995Z 
2025-04-16T17:51:21.4889118Z     console.log
2025-04-16T17:51:21.4889430Z       Database cleared
2025-04-16T17:51:21.4889865Z 
2025-04-16T17:51:21.4890065Z       at log (tests/setup.js:57:11)
2025-04-16T17:51:21.4890344Z 
2025-04-16T17:51:21.4890469Z     console.log
2025-04-16T17:51:21.4890861Z       Disconnected from in-memory MongoDB
2025-04-16T17:51:21.4891174Z 
2025-04-16T17:51:21.4891362Z       at log (tests/setup.js:42:11)
2025-04-16T17:51:21.4891636Z 
2025-04-16T17:51:25.1778129Z PASS tests/unit/models/user.model.test.js
2025-04-16T17:51:25.1885823Z   ● Console
2025-04-16T17:51:25.1889419Z 
2025-04-16T17:51:25.1889927Z     console.log
2025-04-16T17:51:25.1927957Z       Connected to in-memory MongoDB at mongodb://127.0.0.1:55878/
2025-04-16T17:51:25.1930715Z 
2025-04-16T17:51:25.1930932Z       at log (tests/setup.js:31:11)
2025-04-16T17:51:25.1931231Z 
2025-04-16T17:51:25.1931356Z     console.log
2025-04-16T17:51:25.1931673Z       Database cleared
2025-04-16T17:51:25.1931879Z 
2025-04-16T17:51:25.1932070Z       at log (tests/setup.js:57:11)
2025-04-16T17:51:25.1932340Z 
2025-04-16T17:51:25.1932505Z     console.log
2025-04-16T17:51:25.1932803Z       Database cleared
2025-04-16T17:51:25.1933013Z 
2025-04-16T17:51:25.1933192Z       at log (tests/setup.js:57:11)
2025-04-16T17:51:25.1933466Z 
2025-04-16T17:51:25.1933607Z     console.log
2025-04-16T17:51:25.1933914Z       Database cleared
2025-04-16T17:51:25.1934114Z 
2025-04-16T17:51:25.1934295Z       at log (tests/setup.js:57:11)
2025-04-16T17:51:25.1934555Z 
2025-04-16T17:51:25.1934677Z     console.log
2025-04-16T17:51:25.1934971Z       Database cleared
2025-04-16T17:51:25.1935174Z 
2025-04-16T17:51:25.1935346Z       at log (tests/setup.js:57:11)
2025-04-16T17:51:25.1935600Z 
2025-04-16T17:51:25.1935722Z     console.log
2025-04-16T17:51:25.1936005Z       Database cleared
2025-04-16T17:51:25.1936218Z 
2025-04-16T17:51:25.1936408Z       at log (tests/setup.js:57:11)
2025-04-16T17:51:25.1936702Z 
2025-04-16T17:51:25.1936990Z     console.log
2025-04-16T17:51:25.1937299Z       Database cleared
2025-04-16T17:51:25.1937497Z 
2025-04-16T17:51:25.1937681Z       at log (tests/setup.js:57:11)
2025-04-16T17:51:25.1937955Z 
2025-04-16T17:51:25.1938079Z     console.log
2025-04-16T17:51:25.1938386Z       Database cleared
2025-04-16T17:51:25.1938593Z 
2025-04-16T17:51:25.1939042Z       at log (tests/setup.js:57:11)
2025-04-16T17:51:25.1939314Z 
2025-04-16T17:51:25.1939438Z     console.log
2025-04-16T17:51:25.1939742Z       Database cleared
2025-04-16T17:51:25.1939948Z 
2025-04-16T17:51:25.1940134Z       at log (tests/setup.js:57:11)
2025-04-16T17:51:25.1940413Z 
2025-04-16T17:51:25.1940539Z     console.log
2025-04-16T17:51:25.1940864Z       Database cleared
2025-04-16T17:51:25.1941071Z 
2025-04-16T17:51:25.1941262Z       at log (tests/setup.js:57:11)
2025-04-16T17:51:25.1941529Z 
2025-04-16T17:51:25.1941662Z     console.log
2025-04-16T17:51:25.1941973Z       Database cleared
2025-04-16T17:51:25.1942184Z 
2025-04-16T17:51:25.1942362Z       at log (tests/setup.js:57:11)
2025-04-16T17:51:25.1942638Z 
2025-04-16T17:51:25.1942765Z     console.log
2025-04-16T17:51:25.1943079Z       Database cleared
2025-04-16T17:51:25.1943295Z 
2025-04-16T17:51:25.1943485Z       at log (tests/setup.js:57:11)
2025-04-16T17:51:25.1943757Z 
2025-04-16T17:51:25.1943880Z     console.log
2025-04-16T17:51:25.1944200Z       Database cleared
2025-04-16T17:51:25.1944414Z 
2025-04-16T17:51:25.1944596Z       at log (tests/setup.js:57:11)
2025-04-16T17:51:25.1944859Z 
2025-04-16T17:51:25.1944987Z     console.log
2025-04-16T17:51:25.1945282Z       Database cleared
2025-04-16T17:51:25.1945498Z 
2025-04-16T17:51:25.1945683Z       at log (tests/setup.js:57:11)
2025-04-16T17:51:25.1945965Z 
2025-04-16T17:51:25.1946088Z     console.log
2025-04-16T17:51:25.1946404Z       Database cleared
2025-04-16T17:51:25.1946609Z 
2025-04-16T17:51:25.1977267Z       at log (tests/setup.js:57:11)
2025-04-16T17:51:25.1977625Z 
2025-04-16T17:51:25.1977784Z     console.log
2025-04-16T17:51:25.1978141Z       Database cleared
2025-04-16T17:51:25.1978377Z 
2025-04-16T17:51:25.1978573Z       at log (tests/setup.js:57:11)
2025-04-16T17:51:25.1979130Z 
2025-04-16T17:51:25.1979275Z     console.log
2025-04-16T17:51:25.1979608Z       Database cleared
2025-04-16T17:51:25.1979820Z 
2025-04-16T17:51:25.1980013Z       at log (tests/setup.js:57:11)
2025-04-16T17:51:25.1980325Z 
2025-04-16T17:51:25.1980455Z     console.log
2025-04-16T17:51:25.1980773Z       Database cleared
2025-04-16T17:51:25.1980983Z 
2025-04-16T17:51:25.1981184Z       at log (tests/setup.js:57:11)
2025-04-16T17:51:25.1981459Z 
2025-04-16T17:51:25.1981594Z     console.log
2025-04-16T17:51:25.1981910Z       Database cleared
2025-04-16T17:51:25.1982125Z 
2025-04-16T17:51:25.1982310Z       at log (tests/setup.js:57:11)
2025-04-16T17:51:25.1982597Z 
2025-04-16T17:51:25.1982720Z     console.log
2025-04-16T17:51:25.1983036Z       Database cleared
2025-04-16T17:51:25.1983241Z 
2025-04-16T17:51:25.1983430Z       at log (tests/setup.js:57:11)
2025-04-16T17:51:25.1983697Z 
2025-04-16T17:51:25.1983820Z     console.log
2025-04-16T17:51:25.1984138Z       Database cleared
2025-04-16T17:51:25.1984345Z 
2025-04-16T17:51:25.1984536Z       at log (tests/setup.js:57:11)
2025-04-16T17:51:25.1984804Z 
2025-04-16T17:51:25.1984935Z     console.log
2025-04-16T17:51:25.1985234Z       Database cleared
2025-04-16T17:51:25.1985454Z 
2025-04-16T17:51:25.1985633Z       at log (tests/setup.js:57:11)
2025-04-16T17:51:25.1985905Z 
2025-04-16T17:51:25.1986031Z     console.log
2025-04-16T17:51:25.1986362Z       Database cleared
2025-04-16T17:51:25.1986592Z 
2025-04-16T17:51:25.1986940Z       at log (tests/setup.js:57:11)
2025-04-16T17:51:25.1987215Z 
2025-04-16T17:51:25.1987343Z     console.log
2025-04-16T17:51:25.1987658Z       Database cleared
2025-04-16T17:51:25.1987872Z 
2025-04-16T17:51:25.1988056Z       at log (tests/setup.js:57:11)
2025-04-16T17:51:25.1988326Z 
2025-04-16T17:51:25.1988466Z     console.log
2025-04-16T17:51:25.1988785Z       Database cleared
2025-04-16T17:51:25.1988997Z 
2025-04-16T17:51:25.1989179Z       at log (tests/setup.js:57:11)
2025-04-16T17:51:25.1989456Z 
2025-04-16T17:51:25.1989581Z     console.log
2025-04-16T17:51:25.1989906Z       Database cleared
2025-04-16T17:51:25.1990109Z 
2025-04-16T17:51:25.1990300Z       at log (tests/setup.js:57:11)
2025-04-16T17:51:25.1990571Z 
2025-04-16T17:51:25.1990895Z     console.log
2025-04-16T17:51:25.1991218Z       Database cleared
2025-04-16T17:51:25.1991436Z 
2025-04-16T17:51:25.1991620Z       at log (tests/setup.js:57:11)
2025-04-16T17:51:25.1991897Z 
2025-04-16T17:51:25.1992025Z     console.log
2025-04-16T17:51:25.1992337Z       Database cleared
2025-04-16T17:51:25.1992544Z 
2025-04-16T17:51:25.1992746Z       at log (tests/setup.js:57:11)
2025-04-16T17:51:25.1993024Z 
2025-04-16T17:51:25.1993170Z     console.log
2025-04-16T17:51:25.1993577Z       Disconnected from in-memory MongoDB
2025-04-16T17:51:25.1993898Z 
2025-04-16T17:51:25.1994086Z       at log (tests/setup.js:42:11)
2025-04-16T17:51:25.1994355Z 
2025-04-16T17:51:26.7138118Z PASS tests/unit/models/wallet.model.test.js
2025-04-16T17:51:26.7237832Z   ● Console
2025-04-16T17:51:26.7238173Z 
2025-04-16T17:51:26.7238394Z     console.log
2025-04-16T17:51:26.7238988Z       Connected to in-memory MongoDB at mongodb://127.0.0.1:55231/
2025-04-16T17:51:26.7239456Z 
2025-04-16T17:51:26.7239805Z       at log (tests/setup.js:31:11)
2025-04-16T17:51:26.7240174Z 
2025-04-16T17:51:26.7240569Z     console.log
2025-04-16T17:51:26.7240900Z       Database cleared
2025-04-16T17:51:26.7241120Z 
2025-04-16T17:51:26.7241467Z       at log (tests/setup.js:57:11)
2025-04-16T17:51:26.7241839Z 
2025-04-16T17:51:26.7242023Z     console.log
2025-04-16T17:51:26.7242351Z       Database cleared
2025-04-16T17:51:26.7242562Z 
2025-04-16T17:51:26.7242729Z       at log (tests/setup.js:57:11)
2025-04-16T17:51:26.7243061Z 
2025-04-16T17:51:26.7243336Z     console.log
2025-04-16T17:51:26.7243651Z       Database cleared
2025-04-16T17:51:26.7243865Z 
2025-04-16T17:51:26.7244065Z       at log (tests/setup.js:57:11)
2025-04-16T17:51:26.7244331Z 
2025-04-16T17:51:26.7244448Z     console.log
2025-04-16T17:51:26.7244739Z       Database cleared
2025-04-16T17:51:26.7245303Z 
2025-04-16T17:51:26.7245500Z       at log (tests/setup.js:57:11)
2025-04-16T17:51:26.7245835Z 
2025-04-16T17:51:26.7245971Z     console.log
2025-04-16T17:51:26.7246420Z       Database cleared
2025-04-16T17:51:26.7246635Z 
2025-04-16T17:51:26.7246984Z       at log (tests/setup.js:57:11)
2025-04-16T17:51:26.7247349Z 
2025-04-16T17:51:26.7255732Z     console.log
2025-04-16T17:51:26.7256165Z       Database cleared
2025-04-16T17:51:26.7256563Z 
2025-04-16T17:51:26.7257146Z       at log (tests/setup.js:57:11)
2025-04-16T17:51:26.7257426Z 
2025-04-16T17:51:26.7257545Z     console.log
2025-04-16T17:51:26.7258042Z       Database cleared
2025-04-16T17:51:26.7258262Z 
2025-04-16T17:51:26.7259879Z       at log (tests/setup.js:57:11)
2025-04-16T17:51:26.7260166Z 
2025-04-16T17:51:26.7260298Z     console.log
2025-04-16T17:51:26.7260634Z       Database cleared
2025-04-16T17:51:26.7260849Z 
2025-04-16T17:51:26.7261048Z       at log (tests/setup.js:57:11)
2025-04-16T17:51:26.7261381Z 
2025-04-16T17:51:26.7261538Z     console.log
2025-04-16T17:51:26.7262048Z       Database cleared
2025-04-16T17:51:26.7262390Z 
2025-04-16T17:51:26.7262802Z       at log (tests/setup.js:57:11)
2025-04-16T17:51:26.7263094Z 
2025-04-16T17:51:26.7263247Z     console.log
2025-04-16T17:51:26.7263585Z       Database cleared
2025-04-16T17:51:26.7263904Z 
2025-04-16T17:51:26.7277566Z       at log (tests/setup.js:57:11)
2025-04-16T17:51:26.7277877Z 
2025-04-16T17:51:26.7287493Z     console.log
2025-04-16T17:51:26.7287979Z       Database cleared
2025-04-16T17:51:26.7288320Z 
2025-04-16T17:51:26.7288643Z       at log (tests/setup.js:57:11)
2025-04-16T17:51:26.7289056Z 
2025-04-16T17:51:26.7289320Z     console.log
2025-04-16T17:51:26.7289658Z       Database cleared
2025-04-16T17:51:26.7289881Z 
2025-04-16T17:51:26.7290074Z       at log (tests/setup.js:57:11)
2025-04-16T17:51:26.7290366Z 
2025-04-16T17:51:26.7290495Z     console.log
2025-04-16T17:51:26.7290833Z       Database cleared
2025-04-16T17:51:26.7291055Z 
2025-04-16T17:51:26.7291249Z       at log (tests/setup.js:57:11)
2025-04-16T17:51:26.7291549Z 
2025-04-16T17:51:26.7291688Z     console.log
2025-04-16T17:51:26.7292012Z       Database cleared
2025-04-16T17:51:26.7292236Z 
2025-04-16T17:51:26.7292710Z       at log (tests/setup.js:57:11)
2025-04-16T17:51:26.7293030Z 
2025-04-16T17:51:26.7293163Z     console.log
2025-04-16T17:51:26.7293489Z       Database cleared
2025-04-16T17:51:26.7293702Z 
2025-04-16T17:51:26.7294101Z       at log (tests/setup.js:57:11)
2025-04-16T17:51:26.7294380Z 
2025-04-16T17:51:26.7294500Z     console.log
2025-04-16T17:51:26.7294907Z       Database cleared
2025-04-16T17:51:26.7295199Z 
2025-04-16T17:51:26.7311448Z       at log (tests/setup.js:57:11)
2025-04-16T17:51:26.7312288Z 
2025-04-16T17:51:26.7312581Z     console.log
2025-04-16T17:51:26.7312920Z       Database cleared
2025-04-16T17:51:26.7313131Z 
2025-04-16T17:51:26.7313324Z       at log (tests/setup.js:57:11)
2025-04-16T17:51:26.7313590Z 
2025-04-16T17:51:26.7313717Z     console.log
2025-04-16T17:51:26.7314027Z       Database cleared
2025-04-16T17:51:26.7314233Z 
2025-04-16T17:51:26.7314413Z       at log (tests/setup.js:57:11)
2025-04-16T17:51:26.7314677Z 
2025-04-16T17:51:26.7314804Z     console.log
2025-04-16T17:51:26.7315218Z       Disconnected from in-memory MongoDB
2025-04-16T17:51:26.7315537Z 
2025-04-16T17:51:26.7315733Z       at log (tests/setup.js:42:11)
2025-04-16T17:51:26.7316010Z 
2025-04-16T17:51:33.8672191Z PASS tests/unit/models/chat-room.model.test.js (7.131 s)
2025-04-16T17:51:33.8718034Z   ● Console
2025-04-16T17:51:33.8720264Z 
2025-04-16T17:51:33.8720432Z     console.log
2025-04-16T17:51:33.8721033Z       Connected to in-memory MongoDB at mongodb://127.0.0.1:41577/
2025-04-16T17:51:33.8721469Z 
2025-04-16T17:51:33.8721668Z       at log (tests/setup.js:31:11)
2025-04-16T17:51:33.8721956Z 
2025-04-16T17:51:33.8722083Z     console.log
2025-04-16T17:51:33.8722407Z       Database cleared
2025-04-16T17:51:33.8722613Z 
2025-04-16T17:51:33.8722810Z       at log (tests/setup.js:57:11)
2025-04-16T17:51:33.8723408Z 
2025-04-16T17:51:33.8723545Z     console.log
2025-04-16T17:51:33.8723857Z       Database cleared
2025-04-16T17:51:33.8724075Z 
2025-04-16T17:51:33.8724262Z       at log (tests/setup.js:57:11)
2025-04-16T17:51:33.8724559Z 
2025-04-16T17:51:33.8724681Z     console.log
2025-04-16T17:51:33.8724984Z       Database cleared
2025-04-16T17:51:33.8725178Z 
2025-04-16T17:51:33.8725358Z       at log (tests/setup.js:57:11)
2025-04-16T17:51:33.8725624Z 
2025-04-16T17:51:33.8725754Z     console.log
2025-04-16T17:51:33.8726079Z       Database cleared
2025-04-16T17:51:33.8726288Z 
2025-04-16T17:51:33.8726479Z       at log (tests/setup.js:57:11)
2025-04-16T17:51:33.8726751Z 
2025-04-16T17:51:33.8727113Z     console.log
2025-04-16T17:51:33.8727424Z       Database cleared
2025-04-16T17:51:33.8727641Z 
2025-04-16T17:51:33.8727829Z       at log (tests/setup.js:57:11)
2025-04-16T17:51:33.8728113Z 
2025-04-16T17:51:33.8728240Z     console.log
2025-04-16T17:51:33.8728567Z       Database cleared
2025-04-16T17:51:33.8728784Z 
2025-04-16T17:51:33.8728974Z       at log (tests/setup.js:57:11)
2025-04-16T17:51:33.8729241Z 
2025-04-16T17:51:33.8729364Z     console.log
2025-04-16T17:51:33.8729673Z       Database cleared
2025-04-16T17:51:33.8729888Z 
2025-04-16T17:51:33.8730067Z       at log (tests/setup.js:57:11)
2025-04-16T17:51:33.8730327Z 
2025-04-16T17:51:33.8730451Z     console.log
2025-04-16T17:51:33.8730750Z       Database cleared
2025-04-16T17:51:33.8730949Z 
2025-04-16T17:51:33.8731127Z       at log (tests/setup.js:57:11)
2025-04-16T17:51:33.8731399Z 
2025-04-16T17:51:33.8731519Z     console.log
2025-04-16T17:51:33.8731821Z       Database cleared
2025-04-16T17:51:33.8732024Z 
2025-04-16T17:51:33.8732213Z       at log (tests/setup.js:57:11)
2025-04-16T17:51:33.8732481Z 
2025-04-16T17:51:33.8732603Z     console.log
2025-04-16T17:51:33.8732897Z       Database cleared
2025-04-16T17:51:33.8733104Z 
2025-04-16T17:51:33.8733297Z       at log (tests/setup.js:57:11)
2025-04-16T17:51:33.8733572Z 
2025-04-16T17:51:33.8733696Z     console.log
2025-04-16T17:51:33.8734015Z       Database cleared
2025-04-16T17:51:33.8734218Z 
2025-04-16T17:51:33.8734401Z       at log (tests/setup.js:57:11)
2025-04-16T17:51:33.8734678Z 
2025-04-16T17:51:33.8735033Z     console.log
2025-04-16T17:51:33.8735359Z       Database cleared
2025-04-16T17:51:33.8735563Z 
2025-04-16T17:51:33.8735755Z       at log (tests/setup.js:57:11)
2025-04-16T17:51:33.8736021Z 
2025-04-16T17:51:33.8736150Z     console.log
2025-04-16T17:51:33.8736460Z       Database cleared
2025-04-16T17:51:33.8736667Z 
2025-04-16T17:51:33.8750498Z       at log (tests/setup.js:57:11)
2025-04-16T17:51:33.8750848Z 
2025-04-16T17:51:33.8750993Z     console.log
2025-04-16T17:51:33.8751338Z       Database cleared
2025-04-16T17:51:33.8751563Z 
2025-04-16T17:51:33.8751767Z       at log (tests/setup.js:57:11)
2025-04-16T17:51:33.8752051Z 
2025-04-16T17:51:33.8752175Z     console.log
2025-04-16T17:51:33.8752548Z       Database cleared
2025-04-16T17:51:33.8752767Z 
2025-04-16T17:51:33.8752948Z       at log (tests/setup.js:57:11)
2025-04-16T17:51:33.8753235Z 
2025-04-16T17:51:33.8753367Z     console.log
2025-04-16T17:51:33.8753675Z       Database cleared
2025-04-16T17:51:33.8753876Z 
2025-04-16T17:51:33.8754068Z       at log (tests/setup.js:57:11)
2025-04-16T17:51:33.8754342Z 
2025-04-16T17:51:33.8754462Z     console.log
2025-04-16T17:51:33.8754766Z       Database cleared
2025-04-16T17:51:33.8754968Z 
2025-04-16T17:51:33.8755154Z       at log (tests/setup.js:57:11)
2025-04-16T17:51:33.8755426Z 
2025-04-16T17:51:33.8755558Z     console.log
2025-04-16T17:51:33.8755860Z       Database cleared
2025-04-16T17:51:33.8756067Z 
2025-04-16T17:51:33.8756246Z       at log (tests/setup.js:57:11)
2025-04-16T17:51:33.8756525Z 
2025-04-16T17:51:33.8756644Z     console.log
2025-04-16T17:51:33.8757143Z       Database cleared
2025-04-16T17:51:33.8757350Z 
2025-04-16T17:51:33.8757529Z       at log (tests/setup.js:57:11)
2025-04-16T17:51:33.8757802Z 
2025-04-16T17:51:33.8757922Z     console.log
2025-04-16T17:51:33.8758304Z       Disconnected from in-memory MongoDB
2025-04-16T17:51:33.8758840Z 
2025-04-16T17:51:33.8759032Z       at log (tests/setup.js:42:11)
2025-04-16T17:51:33.8759302Z 
2025-04-16T17:51:38.1274595Z PASS tests/unit/models/chat-message.model.test.js
2025-04-16T17:51:38.1304452Z   ● Console
2025-04-16T17:51:38.1305127Z 
2025-04-16T17:51:38.1306601Z     console.log
2025-04-16T17:51:38.1307619Z       Connected to in-memory MongoDB at mongodb://127.0.0.1:46340/
2025-04-16T17:51:38.1309559Z 
2025-04-16T17:51:38.1311260Z       at log (tests/setup.js:31:11)
2025-04-16T17:51:38.1313021Z 
2025-04-16T17:51:38.1313326Z     console.log
2025-04-16T17:51:38.1313906Z       Database cleared
2025-04-16T17:51:38.1315529Z 
2025-04-16T17:51:38.1315862Z       at log (tests/setup.js:57:11)
2025-04-16T17:51:38.1317574Z 
2025-04-16T17:51:38.1317896Z     console.log
2025-04-16T17:51:38.1319740Z       Database cleared
2025-04-16T17:51:38.1320136Z 
2025-04-16T17:51:38.1320891Z       at log (tests/setup.js:57:11)
2025-04-16T17:51:38.1321344Z 
2025-04-16T17:51:38.1321621Z     console.log
2025-04-16T17:51:38.1322175Z       Database cleared
2025-04-16T17:51:38.1322553Z 
2025-04-16T17:51:38.1324035Z       at log (tests/setup.js:57:11)
2025-04-16T17:51:38.1324584Z 
2025-04-16T17:51:38.1324885Z     console.log
2025-04-16T17:51:38.1325401Z       Database cleared
2025-04-16T17:51:38.1327326Z 
2025-04-16T17:51:38.1327547Z       at log (tests/setup.js:57:11)
2025-04-16T17:51:38.1327834Z 
2025-04-16T17:51:38.1327961Z     console.log
2025-04-16T17:51:38.1328279Z       Database cleared
2025-04-16T17:51:38.1328493Z 
2025-04-16T17:51:38.1328685Z       at log (tests/setup.js:57:11)
2025-04-16T17:51:38.1328968Z 
2025-04-16T17:51:38.1329093Z     console.log
2025-04-16T17:51:38.1329411Z       Database cleared
2025-04-16T17:51:38.1329615Z 
2025-04-16T17:51:38.1329812Z       at log (tests/setup.js:57:11)
2025-04-16T17:51:38.1330079Z 
2025-04-16T17:51:38.1330209Z     console.log
2025-04-16T17:51:38.1330513Z       Database cleared
2025-04-16T17:51:38.1330724Z 
2025-04-16T17:51:38.1330915Z       at log (tests/setup.js:57:11)
2025-04-16T17:51:38.1331188Z 
2025-04-16T17:51:38.1331309Z     console.log
2025-04-16T17:51:38.1331615Z       Database cleared
2025-04-16T17:51:38.1331820Z 
2025-04-16T17:51:38.1332293Z       at log (tests/setup.js:57:11)
2025-04-16T17:51:38.1332591Z 
2025-04-16T17:51:38.1332718Z     console.log
2025-04-16T17:51:38.1333032Z       Database cleared
2025-04-16T17:51:38.1333264Z 
2025-04-16T17:51:38.1333456Z       at log (tests/setup.js:57:11)
2025-04-16T17:51:38.1333736Z 
2025-04-16T17:51:38.1333872Z     console.log
2025-04-16T17:51:38.1334204Z       Database cleared
2025-04-16T17:51:38.1334404Z 
2025-04-16T17:51:38.1334593Z       at log (tests/setup.js:57:11)
2025-04-16T17:51:38.1334878Z 
2025-04-16T17:51:38.1335010Z     console.log
2025-04-16T17:51:38.1335333Z       Database cleared
2025-04-16T17:51:38.1335539Z 
2025-04-16T17:51:38.1335732Z       at log (tests/setup.js:57:11)
2025-04-16T17:51:38.1336003Z 
2025-04-16T17:51:38.1336144Z     console.log
2025-04-16T17:51:38.1336469Z       Database cleared
2025-04-16T17:51:38.1336681Z 
2025-04-16T17:51:38.1337084Z       at log (tests/setup.js:57:11)
2025-04-16T17:51:38.1337371Z 
2025-04-16T17:51:38.1337497Z     console.log
2025-04-16T17:51:38.1337811Z       Database cleared
2025-04-16T17:51:38.1338026Z 
2025-04-16T17:51:38.1338212Z       at log (tests/setup.js:57:11)
2025-04-16T17:51:38.1338491Z 
2025-04-16T17:51:38.1338620Z     console.log
2025-04-16T17:51:38.1338932Z       Database cleared
2025-04-16T17:51:38.1339128Z 
2025-04-16T17:51:38.1339318Z       at log (tests/setup.js:57:11)
2025-04-16T17:51:38.1339589Z 
2025-04-16T17:51:38.1339729Z     console.log
2025-04-16T17:51:38.1339999Z       Database cleared
2025-04-16T17:51:38.1340205Z 
2025-04-16T17:51:38.1340383Z       at log (tests/setup.js:57:11)
2025-04-16T17:51:38.1340663Z 
2025-04-16T17:51:38.1340797Z     console.log
2025-04-16T17:51:38.1341127Z       Database cleared
2025-04-16T17:51:38.1341335Z 
2025-04-16T17:51:38.1341542Z       at log (tests/setup.js:57:11)
2025-04-16T17:51:38.1342080Z 
2025-04-16T17:51:38.1342213Z     console.log
2025-04-16T17:51:38.1342551Z       Database cleared
2025-04-16T17:51:38.1342771Z 
2025-04-16T17:51:38.1342973Z       at log (tests/setup.js:57:11)
2025-04-16T17:51:38.1343254Z 
2025-04-16T17:51:38.1343400Z     console.log
2025-04-16T17:51:38.1343811Z       Disconnected from in-memory MongoDB
2025-04-16T17:51:38.1344128Z 
2025-04-16T17:51:38.1344322Z       at log (tests/setup.js:42:11)
2025-04-16T17:51:38.1344590Z 
2025-04-16T17:51:39.2158623Z PASS tests/unit/models/paymentMethod.model.test.js
2025-04-16T17:51:39.2180291Z   ● Console
2025-04-16T17:51:39.2180636Z 
2025-04-16T17:51:39.2180940Z     console.log
2025-04-16T17:51:39.2182171Z       Connected to in-memory MongoDB at mongodb://127.0.0.1:63816/
2025-04-16T17:51:39.2183479Z 
2025-04-16T17:51:39.2183723Z       at log (tests/setup.js:31:11)
2025-04-16T17:51:39.2184035Z 
2025-04-16T17:51:39.2184168Z     console.log
2025-04-16T17:51:39.2184497Z       Database cleared
2025-04-16T17:51:39.2184767Z 
2025-04-16T17:51:39.2184974Z       at log (tests/setup.js:57:11)
2025-04-16T17:51:39.2185260Z 
2025-04-16T17:51:39.2185393Z     console.log
2025-04-16T17:51:39.2185716Z       Database cleared
2025-04-16T17:51:39.2185930Z 
2025-04-16T17:51:39.2186139Z       at log (tests/setup.js:57:11)
2025-04-16T17:51:39.2186417Z 
2025-04-16T17:51:39.2186554Z     console.log
2025-04-16T17:51:39.2187170Z       Database cleared
2025-04-16T17:51:39.2187403Z 
2025-04-16T17:51:39.2187601Z       at log (tests/setup.js:57:11)
2025-04-16T17:51:39.2187893Z 
2025-04-16T17:51:39.2188026Z     console.log
2025-04-16T17:51:39.2188356Z       Database cleared
2025-04-16T17:51:39.2188569Z 
2025-04-16T17:51:39.2188771Z       at log (tests/setup.js:57:11)
2025-04-16T17:51:39.2189052Z 
2025-04-16T17:51:39.2189180Z     console.log
2025-04-16T17:51:39.2189481Z       Database cleared
2025-04-16T17:51:39.2189690Z 
2025-04-16T17:51:39.2189874Z       at log (tests/setup.js:57:11)
2025-04-16T17:51:39.2190140Z 
2025-04-16T17:51:39.2190264Z     console.log
2025-04-16T17:51:39.2190583Z       Database cleared
2025-04-16T17:51:39.2190781Z 
2025-04-16T17:51:39.2190961Z       at log (tests/setup.js:57:11)
2025-04-16T17:51:39.2191226Z 
2025-04-16T17:51:39.2191622Z     console.log
2025-04-16T17:51:39.2191936Z       Database cleared
2025-04-16T17:51:39.2192134Z 
2025-04-16T17:51:39.2192319Z       at log (tests/setup.js:57:11)
2025-04-16T17:51:39.2192581Z 
2025-04-16T17:51:39.2192703Z     console.log
2025-04-16T17:51:39.2192988Z       Database cleared
2025-04-16T17:51:39.2193185Z 
2025-04-16T17:51:39.2193360Z       at log (tests/setup.js:57:11)
2025-04-16T17:51:39.2193636Z 
2025-04-16T17:51:39.2193760Z     console.log
2025-04-16T17:51:39.2194072Z       Database cleared
2025-04-16T17:51:39.2194275Z 
2025-04-16T17:51:39.2194457Z       at log (tests/setup.js:57:11)
2025-04-16T17:51:39.2194708Z 
2025-04-16T17:51:39.2194835Z     console.log
2025-04-16T17:51:39.2195137Z       Database cleared
2025-04-16T17:51:39.2195341Z 
2025-04-16T17:51:39.2195528Z       at log (tests/setup.js:57:11)
2025-04-16T17:51:39.2195808Z 
2025-04-16T17:51:39.2195948Z     console.log
2025-04-16T17:51:39.2196338Z       Disconnected from in-memory MongoDB
2025-04-16T17:51:39.2196659Z 
2025-04-16T17:51:39.2197118Z       at log (tests/setup.js:42:11)
2025-04-16T17:51:39.2197415Z 
2025-04-16T17:51:39.5233785Z PASS tests/unit/services/auth.service.test.js
2025-04-16T17:51:40.0797312Z PASS tests/unit/middleware/auth.middleware.test.js
2025-04-16T17:51:40.3564159Z PASS services/auth.service.test.js
2025-04-16T17:51:40.6051019Z PASS tests/performance/api.performance.test.js
2025-04-16T17:51:40.6077836Z   ● Console
2025-04-16T17:51:40.6084306Z 
2025-04-16T17:51:40.6084505Z     console.log
2025-04-16T17:51:40.6085094Z       Connected to in-memory MongoDB at mongodb://127.0.0.1:36994/
2025-04-16T17:51:40.6085535Z 
2025-04-16T17:51:40.6085729Z       at log (tests/setup.js:31:11)
2025-04-16T17:51:40.6105723Z 
2025-04-16T17:51:40.6105904Z     console.log
2025-04-16T17:51:40.6106267Z       Database cleared
2025-04-16T17:51:40.6110024Z 
2025-04-16T17:51:40.6110220Z       at log (tests/setup.js:57:11)
2025-04-16T17:51:40.6110505Z 
2025-04-16T17:51:40.6110635Z     console.log
2025-04-16T17:51:40.6111007Z       Database cleared
2025-04-16T17:51:40.6111244Z 
2025-04-16T17:51:40.6111447Z       at log (tests/setup.js:57:11)
2025-04-16T17:51:40.6111735Z 
2025-04-16T17:51:40.6111867Z     console.log
2025-04-16T17:51:40.6112182Z       Database cleared
2025-04-16T17:51:40.6112404Z 
2025-04-16T17:51:40.6112599Z       at log (tests/setup.js:57:11)
2025-04-16T17:51:40.6112884Z 
2025-04-16T17:51:40.6113015Z     console.log
2025-04-16T17:51:40.6113345Z       Database cleared
2025-04-16T17:51:40.6113582Z 
2025-04-16T17:51:40.6113791Z       at log (tests/setup.js:57:11)
2025-04-16T17:51:40.6114073Z 
2025-04-16T17:51:40.6114211Z     console.log
2025-04-16T17:51:40.6114589Z       Disconnected from in-memory MongoDB
2025-04-16T17:51:40.6114915Z 
2025-04-16T17:51:40.6115111Z       at log (tests/setup.js:42:11)
2025-04-16T17:51:40.6115406Z 
2025-04-16T17:51:40.7420531Z PASS tests/unit/middleware/security.test.js
2025-04-16T17:51:40.7437546Z   ● Console
2025-04-16T17:51:40.7437994Z 
2025-04-16T17:51:40.7439484Z     console.log
2025-04-16T17:51:40.7441505Z       2025-04-16 17:51:40 [[32minfo[39m]: CSP configured in report-only mode {
2025-04-16T17:51:40.7442158Z         "service": "date-night-api"
2025-04-16T17:51:40.7442560Z       }
2025-04-16T17:51:40.7442730Z 
2025-04-16T17:51:40.7443218Z       at Console.log (../node_modules/winston/lib/winston/transports/console.js:87:23)
2025-04-16T17:51:40.7443754Z 
2025-04-16T17:51:40.7443891Z     console.log
2025-04-16T17:51:40.7444592Z       2025-04-16 17:51:40 [[32minfo[39m]: CSP configured in enforce mode {
2025-04-16T17:51:40.7445212Z         "service": "date-night-api"
2025-04-16T17:51:40.7445626Z       }
2025-04-16T17:51:40.7445787Z 
2025-04-16T17:51:40.7446264Z       at Console.log (../node_modules/winston/lib/winston/transports/console.js:87:23)
2025-04-16T17:51:40.7446998Z 
2025-04-16T17:51:40.7453310Z 
2025-04-16T17:51:40.7461644Z Test Suites: 13 passed, 13 total
2025-04-16T17:51:40.7468411Z Tests:       1 skipped, 233 passed, 234 total
2025-04-16T17:51:40.7468953Z Snapshots:   0 total
2025-04-16T17:51:40.7469622Z Time:        26.844 s
2025-04-16T17:51:40.7470048Z Ran all test suites.
2025-04-16T17:51:40.8878105Z ##[group]Run npm run test:integration
2025-04-16T17:51:40.8878640Z [36;1mnpm run test:integration[0m
2025-04-16T17:51:40.8948112Z shell: /usr/bin/bash -e {0}
2025-04-16T17:51:40.8948502Z env:
2025-04-16T17:51:40.8948782Z   CI: true
2025-04-16T17:51:40.8949082Z   NODE_ENV: test
2025-04-16T17:51:40.8949549Z   MONGODB_URI: mongodb://localhost:27017/date-night-test
2025-04-16T17:51:40.8950080Z ##[endgroup]
2025-04-16T17:51:41.1191114Z npm error Lifecycle script `test:integration` failed with error:
2025-04-16T17:51:41.1192358Z npm error workspace date-night-server@1.0.0
2025-04-16T17:51:41.1222572Z npm error location /home/runner/work/date-night-app2/date-night-app2/server
2025-04-16T17:51:41.1223469Z npm error Missing script: "test:integration"
2025-04-16T17:51:41.1223921Z npm error
2025-04-16T17:51:41.1224342Z npm error To see a list of scripts, run:
2025-04-16T17:51:41.1224975Z npm error   npm run --workspace=date-night-server@1.0.0
2025-04-16T17:51:41.1361195Z ##[error]Process completed with exit code 1.
2025-04-16T17:51:41.1418677Z ##[group]Run actions/upload-artifact@v4
2025-04-16T17:51:41.1418958Z with:
2025-04-16T17:51:41.1419132Z   name: server-test-results
2025-04-16T17:51:41.1419353Z   path: ./server/coverage
2025-04-16T17:51:41.1419562Z   if-no-files-found: warn
2025-04-16T17:51:41.1419759Z   compression-level: 6
2025-04-16T17:51:41.1419956Z   overwrite: false
2025-04-16T17:51:41.1420145Z   include-hidden-files: false
2025-04-16T17:51:41.1420349Z env:
2025-04-16T17:51:41.1420492Z   CI: true
2025-04-16T17:51:41.1420651Z ##[endgroup]
2025-04-16T17:51:41.4136113Z ##[warning]No files were found with the provided path: ./server/coverage. No artifacts will be uploaded.
2025-04-16T17:51:41.4385364Z Post job cleanup.
2025-04-16T17:51:41.5517381Z [command]/usr/bin/git version
2025-04-16T17:51:41.5558481Z git version 2.49.0
2025-04-16T17:51:41.5603989Z Temporarily overriding HOME='/home/runner/work/_temp/0c85960c-0c37-4ed2-8cd3-66b8e68d1ba3' before making global git config changes
2025-04-16T17:51:41.5605955Z Adding repository directory to the temporary git global config as a safe directory
2025-04-16T17:51:41.5612251Z [command]/usr/bin/git config --global --add safe.directory /home/runner/work/date-night-app2/date-night-app2
2025-04-16T17:51:41.5710476Z [command]/usr/bin/git config --local --name-only --get-regexp core\.sshCommand
2025-04-16T17:51:41.5752455Z [command]/usr/bin/git submodule foreach --recursive sh -c "git config --local --name-only --get-regexp 'core\.sshCommand' && git config --local --unset-all 'core.sshCommand' || :"
2025-04-16T17:51:41.6242391Z [command]/usr/bin/git config --local --name-only --get-regexp http\.https\:\/\/github\.com\/\.extraheader
2025-04-16T17:51:41.6360083Z http.https://github.com/.extraheader
2025-04-16T17:51:41.6380140Z [command]/usr/bin/git config --local --unset-all http.https://github.com/.extraheader
2025-04-16T17:51:41.6749112Z [command]/usr/bin/git submodule foreach --recursive sh -c "git config --local --name-only --get-regexp 'http\.https\:\/\/github\.com\/\.extraheader' && git config --local --unset-all 'http.https://github.com/.extraheader' || :"
2025-04-16T17:51:41.7393080Z Print service container logs: 5d273e4fbd0a4cb3a4514face5ee55e4_mongo6_87e350
2025-04-16T17:51:41.7397580Z ##[command]/usr/bin/docker logs --details e9c9efd3017d4a87e54a6b0429aa2b68a385bc594903078c46b37e838a0c8995
2025-04-16T17:51:41.7634603Z  {"t":{"$date":"2025-04-16T17:50:54.536+00:00"},"s":"I",  "c":"NETWORK",  "id":4915701, "ctx":"-","msg":"Initialized wire specification","attr":{"spec":{"incomingExternalClient":{"minWireVersion":0,"maxWireVersion":17},"incomingInternalClient":{"minWireVersion":0,"maxWireVersion":17},"outgoing":{"minWireVersion":6,"maxWireVersion":17},"isInternalClient":true}}}
2025-04-16T17:51:41.7637906Z  {"t":{"$date":"2025-04-16T17:50:54.536+00:00"},"s":"I",  "c":"CONTROL",  "id":23285,   "ctx":"-","msg":"Automatically disabling TLS 1.0, to force-enable TLS 1.0 specify --sslDisabledProtocols 'none'"}
2025-04-16T17:51:41.7641936Z  {"t":{"$date":"2025-04-16T17:50:54.537+00:00"},"s":"I",  "c":"NETWORK",  "id":4648601, "ctx":"main","msg":"Implicit TCP FastOpen unavailable. If TCP FastOpen is required, set tcpFastOpenServer, tcpFastOpenClient, and tcpFastOpenQueueSize."}
2025-04-16T17:51:41.7664027Z  {"t":{"$date":"2025-04-16T17:50:54.538+00:00"},"s":"I",  "c":"REPL",     "id":5123008, "ctx":"main","msg":"Successfully registered PrimaryOnlyService","attr":{"service":"TenantMigrationDonorService","namespace":"config.tenantMigrationDonors"}}
2025-04-16T17:51:41.7666277Z  {"t":{"$date":"2025-04-16T17:50:54.539+00:00"},"s":"I",  "c":"REPL",     "id":5123008, "ctx":"main","msg":"Successfully registered PrimaryOnlyService","attr":{"service":"TenantMigrationRecipientService","namespace":"config.tenantMigrationRecipients"}}
2025-04-16T17:51:41.7668629Z  {"t":{"$date":"2025-04-16T17:50:54.539+00:00"},"s":"I",  "c":"REPL",     "id":5123008, "ctx":"main","msg":"Successfully registered PrimaryOnlyService","attr":{"service":"ShardSplitDonorService","namespace":"config.tenantSplitDonors"}}
2025-04-16T17:51:41.7670119Z  {"t":{"$date":"2025-04-16T17:50:54.539+00:00"},"s":"I",  "c":"CONTROL",  "id":5945603, "ctx":"main","msg":"Multi threading initialized"}
2025-04-16T17:51:41.7671482Z  {"t":{"$date":"2025-04-16T17:50:54.539+00:00"},"s":"I",  "c":"CONTROL",  "id":4615611, "ctx":"initandlisten","msg":"MongoDB starting","attr":{"pid":1,"port":27017,"dbPath":"/data/db","architecture":"64-bit","host":"e9c9efd3017d"}}
2025-04-16T17:51:41.7674226Z  {"t":{"$date":"2025-04-16T17:50:54.540+00:00"},"s":"I",  "c":"CONTROL",  "id":23403,   "ctx":"initandlisten","msg":"Build Info","attr":{"buildInfo":{"version":"6.0.22","gitVersion":"ee527360b84c6798535ee0895de3c7186b3522f9","openSSLVersion":"OpenSSL 3.0.2 15 Mar 2022","modules":[],"allocator":"tcmalloc","environment":{"distmod":"ubuntu2204","distarch":"x86_64","target_arch":"x86_64"}}}}
2025-04-16T17:51:41.7690695Z  {"t":{"$date":"2025-04-16T17:50:54.540+00:00"},"s":"I",  "c":"CONTROL",  "id":51765,   "ctx":"initandlisten","msg":"Operating System","attr":{"os":{"name":"Ubuntu","version":"22.04"}}}
2025-04-16T17:51:41.7692214Z  {"t":{"$date":"2025-04-16T17:50:54.540+00:00"},"s":"I",  "c":"CONTROL",  "id":21951,   "ctx":"initandlisten","msg":"Options set by command line","attr":{"options":{"net":{"bindIp":"*"}}}}
2025-04-16T17:51:41.7694280Z  {"t":{"$date":"2025-04-16T17:50:54.541+00:00"},"s":"I",  "c":"STORAGE",  "id":22297,   "ctx":"initandlisten","msg":"Using the XFS filesystem is strongly recommended with the WiredTiger storage engine. See http://dochub.mongodb.org/core/prodnotes-filesystem","tags":["startupWarnings"]}
2025-04-16T17:51:41.7699531Z  {"t":{"$date":"2025-04-16T17:50:54.541+00:00"},"s":"I",  "c":"STORAGE",  "id":22315,   "ctx":"initandlisten","msg":"Opening WiredTiger","attr":{"config":"create,cache_size=3457M,session_max=33000,eviction=(threads_min=4,threads_max=4),config_base=false,statistics=(fast),log=(enabled=true,remove=true,path=journal,compressor=snappy),builtin_extension_config=(zstd=(compression_level=6)),file_manager=(close_idle_time=600,close_scan_interval=10,close_handle_minimum=2000),statistics_log=(wait=0),json_output=(error,message),verbose=[recovery_progress:1,checkpoint_progress:1,compact_progress:1,backup:0,checkpoint:0,compact:0,evict:0,history_store:0,recovery:0,rts:0,salvage:0,tiered:0,timestamp:0,transaction:0,verify:0,log:0],"}}
2025-04-16T17:51:41.7704887Z  {"t":{"$date":"2025-04-16T17:50:54.746+00:00"},"s":"I",  "c":"WTRECOV",  "id":22430,   "ctx":"initandlisten","msg":"WiredTiger message","attr":{"message":{"ts_sec":1744825854,"ts_usec":746346,"thread":"1:0x7f64b1805cc0","session_name":"txn-recover","category":"WT_VERB_RECOVERY_PROGRESS","category_id":30,"verbose_level":"DEBUG","verbose_level_id":1,"msg":"recovery log replay has successfully finished and ran for 0 milliseconds"}}}
2025-04-16T17:51:41.7708416Z  {"t":{"$date":"2025-04-16T17:50:54.746+00:00"},"s":"I",  "c":"WTRECOV",  "id":22430,   "ctx":"initandlisten","msg":"WiredTiger message","attr":{"message":{"ts_sec":1744825854,"ts_usec":746456,"thread":"1:0x7f64b1805cc0","session_name":"txn-recover","category":"WT_VERB_RECOVERY_PROGRESS","category_id":30,"verbose_level":"DEBUG","verbose_level_id":1,"msg":"Set global recovery timestamp: (0, 0)"}}}
2025-04-16T17:51:41.7710463Z  {"t":{"$date":"2025-04-16T17:50:54.746+00:00"},"s":"I",  "c":"WTRECOV",  "id":22430,   "ctx":"initandlisten","msg":"WiredTiger message","attr":{"message":{"ts_sec":1744825854,"ts_usec":746478,"thread":"1:0x7f64b1805cc0","session_name":"txn-recover","category":"WT_VERB_RECOVERY_PROGRESS","category_id":30,"verbose_level":"DEBUG","verbose_level_id":1,"msg":"Set global oldest timestamp: (0, 0)"}}}
2025-04-16T17:51:41.7712661Z  {"t":{"$date":"2025-04-16T17:50:54.746+00:00"},"s":"I",  "c":"WTRECOV",  "id":22430,   "ctx":"initandlisten","msg":"WiredTiger message","attr":{"message":{"ts_sec":1744825854,"ts_usec":746512,"thread":"1:0x7f64b1805cc0","session_name":"txn-recover","category":"WT_VERB_RECOVERY_PROGRESS","category_id":30,"verbose_level":"DEBUG","verbose_level_id":1,"msg":"recovery was completed successfully and took 0ms, including 0ms for the log replay, 0ms for the rollback to stable, and 0ms for the checkpoint."}}}
2025-04-16T17:51:41.7714281Z  {"t":{"$date":"2025-04-16T17:50:54.753+00:00"},"s":"I",  "c":"STORAGE",  "id":4795906, "ctx":"initandlisten","msg":"WiredTiger opened","attr":{"durationMillis":212}}
2025-04-16T17:51:41.7715134Z  {"t":{"$date":"2025-04-16T17:50:54.753+00:00"},"s":"I",  "c":"RECOVERY", "id":23987,   "ctx":"initandlisten","msg":"WiredTiger recoveryTimestamp","attr":{"recoveryTimestamp":{"$timestamp":{"t":0,"i":0}}}}
2025-04-16T17:51:41.7716214Z  {"t":{"$date":"2025-04-16T17:50:54.763+00:00"},"s":"W",  "c":"CONTROL",  "id":22120,   "ctx":"initandlisten","msg":"Access control is not enabled for the database. Read and write access to data and configuration is unrestricted","tags":["startupWarnings"]}
2025-04-16T17:51:41.7717839Z  {"t":{"$date":"2025-04-16T17:50:54.763+00:00"},"s":"W",  "c":"CONTROL",  "id":22178,   "ctx":"initandlisten","msg":"/sys/kernel/mm/transparent_hugepage/enabled is 'always'. We suggest setting it to 'never' in this binary version","tags":["startupWarnings"]}
2025-04-16T17:51:41.7720114Z  {"t":{"$date":"2025-04-16T17:50:54.763+00:00"},"s":"W",  "c":"CONTROL",  "id":5123300, "ctx":"initandlisten","msg":"vm.max_map_count is too low","attr":{"currentValue":262144,"recommendedMinimum":1677720,"maxConns":838860},"tags":["startupWarnings"]}
2025-04-16T17:51:41.7722643Z  {"t":{"$date":"2025-04-16T17:50:54.764+00:00"},"s":"I",  "c":"STORAGE",  "id":20320,   "ctx":"initandlisten","msg":"createCollection","attr":{"namespace":"admin.system.version","uuidDisposition":"provided","uuid":{"uuid":{"$uuid":"2ccd9376-cd10-4194-b4e6-8f0a6a642f16"}},"options":{"uuid":{"$uuid":"2ccd9376-cd10-4194-b4e6-8f0a6a642f16"}}}}
2025-04-16T17:51:41.7726078Z  {"t":{"$date":"2025-04-16T17:50:54.772+00:00"},"s":"I",  "c":"INDEX",    "id":20345,   "ctx":"initandlisten","msg":"Index build: done building","attr":{"buildUUID":null,"collectionUUID":{"uuid":{"$uuid":"2ccd9376-cd10-4194-b4e6-8f0a6a642f16"}},"namespace":"admin.system.version","index":"_id_","ident":"index-1-2565572949273681144","collectionIdent":"collection-0-2565572949273681144","commitTimestamp":null}}
2025-04-16T17:51:41.7728630Z  {"t":{"$date":"2025-04-16T17:50:54.772+00:00"},"s":"I",  "c":"REPL",     "id":20459,   "ctx":"initandlisten","msg":"Setting featureCompatibilityVersion","attr":{"newVersion":"6.0"}}
2025-04-16T17:51:41.7730296Z  {"t":{"$date":"2025-04-16T17:50:54.772+00:00"},"s":"I",  "c":"REPL",     "id":5853300, "ctx":"initandlisten","msg":"current featureCompatibilityVersion value","attr":{"featureCompatibilityVersion":"6.0","context":"setFCV"}}
2025-04-16T17:51:41.7734219Z  {"t":{"$date":"2025-04-16T17:50:54.772+00:00"},"s":"I",  "c":"NETWORK",  "id":4915702, "ctx":"initandlisten","msg":"Updated wire specification","attr":{"oldSpec":{"incomingExternalClient":{"minWireVersion":0,"maxWireVersion":17},"incomingInternalClient":{"minWireVersion":0,"maxWireVersion":17},"outgoing":{"minWireVersion":6,"maxWireVersion":17},"isInternalClient":true},"newSpec":{"incomingExternalClient":{"minWireVersion":0,"maxWireVersion":17},"incomingInternalClient":{"minWireVersion":17,"maxWireVersion":17},"outgoing":{"minWireVersion":17,"maxWireVersion":17},"isInternalClient":true}}}
2025-04-16T17:51:41.7740204Z  {"t":{"$date":"2025-04-16T17:50:54.772+00:00"},"s":"I",  "c":"NETWORK",  "id":4915702, "ctx":"initandlisten","msg":"Updated wire specification","attr":{"oldSpec":{"incomingExternalClient":{"minWireVersion":0,"maxWireVersion":17},"incomingInternalClient":{"minWireVersion":17,"maxWireVersion":17},"outgoing":{"minWireVersion":17,"maxWireVersion":17},"isInternalClient":true},"newSpec":{"incomingExternalClient":{"minWireVersion":0,"maxWireVersion":17},"incomingInternalClient":{"minWireVersion":17,"maxWireVersion":17},"outgoing":{"minWireVersion":17,"maxWireVersion":17},"isInternalClient":true}}}
2025-04-16T17:51:41.7744152Z  {"t":{"$date":"2025-04-16T17:50:54.772+00:00"},"s":"I",  "c":"REPL",     "id":5853300, "ctx":"initandlisten","msg":"current featureCompatibilityVersion value","attr":{"featureCompatibilityVersion":"6.0","context":"startup"}}
2025-04-16T17:51:41.7746030Z  {"t":{"$date":"2025-04-16T17:50:54.772+00:00"},"s":"I",  "c":"STORAGE",  "id":5071100, "ctx":"initandlisten","msg":"Clearing temp directory"}
2025-04-16T17:51:41.7747369Z  {"t":{"$date":"2025-04-16T17:50:54.772+00:00"},"s":"I",  "c":"CONTROL",  "id":20536,   "ctx":"initandlisten","msg":"Flow Control is enabled on this deployment"}
2025-04-16T17:51:41.7748846Z  {"t":{"$date":"2025-04-16T17:50:54.773+00:00"},"s":"I",  "c":"FTDC",     "id":20625,   "ctx":"initandlisten","msg":"Initializing full-time diagnostic data capture","attr":{"dataDirectory":"/data/db/diagnostic.data"}}
2025-04-16T17:51:41.7751253Z  {"t":{"$date":"2025-04-16T17:50:54.774+00:00"},"s":"I",  "c":"STORAGE",  "id":20320,   "ctx":"initandlisten","msg":"createCollection","attr":{"namespace":"local.startup_log","uuidDisposition":"generated","uuid":{"uuid":{"$uuid":"356224ad-f2d7-4e8b-8be7-ec173750e944"}},"options":{"capped":true,"size":10485760}}}
2025-04-16T17:51:41.7754412Z  {"t":{"$date":"2025-04-16T17:50:54.782+00:00"},"s":"I",  "c":"INDEX",    "id":20345,   "ctx":"initandlisten","msg":"Index build: done building","attr":{"buildUUID":null,"collectionUUID":{"uuid":{"$uuid":"356224ad-f2d7-4e8b-8be7-ec173750e944"}},"namespace":"local.startup_log","index":"_id_","ident":"index-3-2565572949273681144","collectionIdent":"collection-2-2565572949273681144","commitTimestamp":null}}
2025-04-16T17:51:41.7757600Z  {"t":{"$date":"2025-04-16T17:50:54.782+00:00"},"s":"I",  "c":"REPL",     "id":6015317, "ctx":"initandlisten","msg":"Setting new configuration state","attr":{"newState":"ConfigReplicationDisabled","oldState":"ConfigPreStart"}}
2025-04-16T17:51:41.7759130Z  {"t":{"$date":"2025-04-16T17:50:54.782+00:00"},"s":"I",  "c":"STORAGE",  "id":22262,   "ctx":"initandlisten","msg":"Timestamp monitor starting"}
2025-04-16T17:51:41.7761166Z  {"t":{"$date":"2025-04-16T17:50:54.784+00:00"},"s":"I",  "c":"STORAGE",  "id":20320,   "ctx":"LogicalSessionCacheRefresh","msg":"createCollection","attr":{"namespace":"config.system.sessions","uuidDisposition":"generated","uuid":{"uuid":{"$uuid":"0e3181a8-671e-4428-b767-ca8fad0d89a5"}},"options":{}}}
2025-04-16T17:51:41.7763777Z  {"t":{"$date":"2025-04-16T17:50:54.784+00:00"},"s":"I",  "c":"CONTROL",  "id":20712,   "ctx":"LogicalSessionCacheReap","msg":"Sessions collection is not set up; waiting until next sessions reap interval","attr":{"error":"NamespaceNotFound: config.system.sessions does not exist"}}
2025-04-16T17:51:41.7765667Z  {"t":{"$date":"2025-04-16T17:50:54.785+00:00"},"s":"I",  "c":"NETWORK",  "id":23015,   "ctx":"listener","msg":"Listening on","attr":{"address":"/tmp/mongodb-27017.sock"}}
2025-04-16T17:51:41.7767030Z  {"t":{"$date":"2025-04-16T17:50:54.785+00:00"},"s":"I",  "c":"NETWORK",  "id":23015,   "ctx":"listener","msg":"Listening on","attr":{"address":"0.0.0.0"}}
2025-04-16T17:51:41.7768249Z  {"t":{"$date":"2025-04-16T17:50:54.785+00:00"},"s":"I",  "c":"NETWORK",  "id":23016,   "ctx":"listener","msg":"Waiting for connections","attr":{"port":27017,"ssl":"off"}}
2025-04-16T17:51:41.7772756Z  {"t":{"$date":"2025-04-16T17:50:54.785+00:00"},"s":"I",  "c":"CONTROL",  "id":8423403, "ctx":"initandlisten","msg":"mongod startup complete","attr":{"Summary of time elapsed":{"Startup from clean shutdown?":true,"Statistics":{"Transport layer setup":"0 ms","Run initial syncer crash recovery":"0 ms","Create storage engine lock file in the data directory":"0 ms","Create storage engine lock file in the data directory":"0 ms","Get metadata describing storage engine":"0 ms","Get metadata describing storage engine":"0 ms","Create storage engine":"0 ms","Create storage engine":"219 ms","Write current PID to file":"0 ms","Write current PID to file":"0 ms","Write a new metadata for storage engine":"0 ms","Write a new metadata for storage engine":"0 ms","Initialize FCV before rebuilding indexes":"0 ms","Initialize FCV before rebuilding indexes":"0 ms","Drop abandoned idents and get back indexes that need to be rebuilt or builds that need to be restarted":"0 ms","Drop abandoned idents and get back indexes that need to be rebuilt or builds that need to be restarted":"0 ms","Rebuild indexes for collections":"0 ms","Rebuild indexes for collections":"0 ms","Build user and roles graph":"0 ms","Set up the background thread pool responsible for waiting for opTimes to be majority committed":"0 ms","Start up the replication coordinator":"0 ms","Start transport layer":"1 ms","_initAndListen total elapsed time":"246 ms"}}}}
2025-04-16T17:51:41.7781697Z  {"t":{"$date":"2025-04-16T17:50:54.795+00:00"},"s":"I",  "c":"INDEX",    "id":20345,   "ctx":"LogicalSessionCacheRefresh","msg":"Index build: done building","attr":{"buildUUID":null,"collectionUUID":{"uuid":{"$uuid":"0e3181a8-671e-4428-b767-ca8fad0d89a5"}},"namespace":"config.system.sessions","index":"_id_","ident":"index-5-2565572949273681144","collectionIdent":"collection-4-2565572949273681144","commitTimestamp":null}}
2025-04-16T17:51:41.7785986Z  {"t":{"$date":"2025-04-16T17:50:54.795+00:00"},"s":"I",  "c":"INDEX",    "id":20345,   "ctx":"LogicalSessionCacheRefresh","msg":"Index build: done building","attr":{"buildUUID":null,"collectionUUID":{"uuid":{"$uuid":"0e3181a8-671e-4428-b767-ca8fad0d89a5"}},"namespace":"config.system.sessions","index":"lsidTTLIndex","ident":"index-6-2565572949273681144","collectionIdent":"collection-4-2565572949273681144","commitTimestamp":null}}
2025-04-16T17:51:41.7796679Z Stop and remove container: 5d273e4fbd0a4cb3a4514face5ee55e4_mongo6_87e350
2025-04-16T17:51:41.7804204Z ##[command]/usr/bin/docker rm --force e9c9efd3017d4a87e54a6b0429aa2b68a385bc594903078c46b37e838a0c8995
2025-04-16T17:51:42.7203591Z e9c9efd3017d4a87e54a6b0429aa2b68a385bc594903078c46b37e838a0c8995
2025-04-16T17:51:42.7231786Z Remove container network: github_network_1f2e6bd416ff473691b86993b2553344
2025-04-16T17:51:42.7235882Z ##[command]/usr/bin/docker network rm github_network_1f2e6bd416ff473691b86993b2553344
2025-04-16T17:51:42.8068348Z github_network_1f2e6bd416ff473691b86993b2553344
2025-04-16T17:51:42.8127403Z Cleaning up orphan processes
