2025-04-16T15:03:37.6677253Z Current runner version: '2.323.0'
2025-04-16T15:03:37.6710785Z ##[group]Operating System
2025-04-16T15:03:37.6712142Z Ubuntu
2025-04-16T15:03:37.6712924Z 24.04.2
2025-04-16T15:03:37.6713783Z LTS
2025-04-16T15:03:37.6714572Z ##[endgroup]
2025-04-16T15:03:37.6715445Z ##[group]Runner Image
2025-04-16T15:03:37.6716901Z Image: ubuntu-24.04
2025-04-16T15:03:37.6718025Z Version: 20250413.1.0
2025-04-16T15:03:37.6719905Z Included Software: https://github.com/actions/runner-images/blob/ubuntu24/20250413.1/images/ubuntu/Ubuntu2404-Readme.md
2025-04-16T15:03:37.6722457Z Image Release: https://github.com/actions/runner-images/releases/tag/ubuntu24%2F20250413.1
2025-04-16T15:03:37.6724235Z ##[endgroup]
2025-04-16T15:03:37.6725105Z ##[group]Runner Image Provisioner
2025-04-16T15:03:37.6725979Z 2.0.422.1
2025-04-16T15:03:37.6726845Z ##[endgroup]
2025-04-16T15:03:37.6728844Z ##[group]GITHUB_TOKEN Permissions
2025-04-16T15:03:37.6731567Z Actions: read
2025-04-16T15:03:37.6732443Z Contents: write
2025-04-16T15:03:37.6733427Z Metadata: read
2025-04-16T15:03:37.6734478Z ##[endgroup]
2025-04-16T15:03:37.6737652Z Secret source: Actions
2025-04-16T15:03:37.6739439Z Prepare workflow directory
2025-04-16T15:03:37.7471815Z Prepare all required actions
2025-04-16T15:03:37.7527240Z Getting action download info
2025-04-16T15:03:38.4132960Z ##[group]Download immutable action package 'actions/checkout@v4'
2025-04-16T15:03:38.4134063Z Version: 4.2.2
2025-04-16T15:03:38.4135137Z Digest: sha256:ccb2698953eaebd21c7bf6268a94f9c26518a7e38e27e0b83c1fe1ad049819b1
2025-04-16T15:03:38.4136473Z Source commit SHA: 11bd71901bbe5b1630ceea73d27597364c9af683
2025-04-16T15:03:38.4137295Z ##[endgroup]
2025-04-16T15:03:38.4992819Z ##[group]Download immutable action package 'actions/setup-node@v4'
2025-04-16T15:03:38.4993663Z Version: 4.4.0
2025-04-16T15:03:38.4994542Z Digest: sha256:9427cefe82346e992fb5b949e3569b39d537ae41aa3086483b14eceebfc16bc1
2025-04-16T15:03:38.4995650Z Source commit SHA: 49933ea5288caeca8642d1e84afbd3f7d6820020
2025-04-16T15:03:38.4996397Z ##[endgroup]
2025-04-16T15:03:38.9689631Z Complete job name: sync-error-logs
2025-04-16T15:03:39.0359544Z ##[group]Run actions/checkout@v4
2025-04-16T15:03:39.0360437Z with:
2025-04-16T15:03:39.0360838Z   fetch-depth: 0
2025-04-16T15:03:39.0361290Z   repository: mrkurger/date-night-app2
2025-04-16T15:03:39.0362009Z   token: ***
2025-04-16T15:03:39.0362401Z   ssh-strict: true
2025-04-16T15:03:39.0362818Z   ssh-user: git
2025-04-16T15:03:39.0363235Z   persist-credentials: true
2025-04-16T15:03:39.0363708Z   clean: true
2025-04-16T15:03:39.0364127Z   sparse-checkout-cone-mode: true
2025-04-16T15:03:39.0364636Z   fetch-tags: false
2025-04-16T15:03:39.0365051Z   show-progress: true
2025-04-16T15:03:39.0365480Z   lfs: false
2025-04-16T15:03:39.0365862Z   submodules: false
2025-04-16T15:03:39.0366284Z   set-safe-directory: true
2025-04-16T15:03:39.0366955Z env:
2025-04-16T15:03:39.0367334Z   CI: true
2025-04-16T15:03:39.0368005Z ##[endgroup]
2025-04-16T15:03:39.2550893Z Syncing repository: mrkurger/date-night-app2
2025-04-16T15:03:39.2555177Z ##[group]Getting Git version info
2025-04-16T15:03:39.2556636Z Working directory is '/home/runner/work/date-night-app2/date-night-app2'
2025-04-16T15:03:39.2558826Z [command]/usr/bin/git version
2025-04-16T15:03:39.2649036Z git version 2.49.0
2025-04-16T15:03:39.2683015Z ##[endgroup]
2025-04-16T15:03:39.2713303Z Temporarily overriding HOME='/home/runner/work/_temp/f93609ba-1148-48a1-a55e-d568574b86ac' before making global git config changes
2025-04-16T15:03:39.2716694Z Adding repository directory to the temporary git global config as a safe directory
2025-04-16T15:03:39.2719974Z [command]/usr/bin/git config --global --add safe.directory /home/runner/work/date-night-app2/date-night-app2
2025-04-16T15:03:39.2762990Z Deleting the contents of '/home/runner/work/date-night-app2/date-night-app2'
2025-04-16T15:03:39.2766622Z ##[group]Initializing the repository
2025-04-16T15:03:39.2772252Z [command]/usr/bin/git init /home/runner/work/date-night-app2/date-night-app2
2025-04-16T15:03:39.2839545Z hint: Using 'master' as the name for the initial branch. This default branch name
2025-04-16T15:03:39.2842678Z hint: is subject to change. To configure the initial branch name to use in all
2025-04-16T15:03:39.2844238Z hint: of your new repositories, which will suppress this warning, call:
2025-04-16T15:03:39.2845378Z hint:
2025-04-16T15:03:39.2846181Z hint: 	git config --global init.defaultBranch <name>
2025-04-16T15:03:39.2847218Z hint:
2025-04-16T15:03:39.2848490Z hint: Names commonly chosen instead of 'master' are 'main', 'trunk' and
2025-04-16T15:03:39.2850155Z hint: 'development'. The just-created branch can be renamed via this command:
2025-04-16T15:03:39.2851457Z hint:
2025-04-16T15:03:39.2852173Z hint: 	git branch -m <name>
2025-04-16T15:03:39.2854571Z Initialized empty Git repository in /home/runner/work/date-night-app2/date-night-app2/.git/
2025-04-16T15:03:39.2862341Z [command]/usr/bin/git remote add origin https://github.com/mrkurger/date-night-app2
2025-04-16T15:03:39.2903072Z ##[endgroup]
2025-04-16T15:03:39.2904391Z ##[group]Disabling automatic garbage collection
2025-04-16T15:03:39.2908552Z [command]/usr/bin/git config --local gc.auto 0
2025-04-16T15:03:39.2945830Z ##[endgroup]
2025-04-16T15:03:39.2947083Z ##[group]Setting up auth
2025-04-16T15:03:39.2953761Z [command]/usr/bin/git config --local --name-only --get-regexp core\.sshCommand
2025-04-16T15:03:39.2992131Z [command]/usr/bin/git submodule foreach --recursive sh -c "git config --local --name-only --get-regexp 'core\.sshCommand' && git config --local --unset-all 'core.sshCommand' || :"
2025-04-16T15:03:39.3317159Z [command]/usr/bin/git config --local --name-only --get-regexp http\.https\:\/\/github\.com\/\.extraheader
2025-04-16T15:03:39.3355468Z [command]/usr/bin/git submodule foreach --recursive sh -c "git config --local --name-only --get-regexp 'http\.https\:\/\/github\.com\/\.extraheader' && git config --local --unset-all 'http.https://github.com/.extraheader' || :"
2025-04-16T15:03:39.3610107Z [command]/usr/bin/git config --local http.https://github.com/.extraheader AUTHORIZATION: basic ***
2025-04-16T15:03:39.3671011Z ##[endgroup]
2025-04-16T15:03:39.3673609Z ##[group]Fetching the repository
2025-04-16T15:03:39.3682194Z [command]/usr/bin/git -c protocol.version=2 fetch --prune --no-recurse-submodules origin +refs/heads/*:refs/remotes/origin/* +refs/tags/*:refs/tags/*
2025-04-16T15:03:48.2491362Z From https://github.com/mrkurger/date-night-app2
2025-04-16T15:03:48.2492861Z  * [new branch]      dependabot/github_actions/dawidd6/action-download-artifact-9 -> origin/dependabot/github_actions/dawidd6/action-download-artifact-9
2025-04-16T15:03:48.2494738Z  * [new branch]      dependabot/npm_and_yarn/server/multi-94fa72f662 -> origin/dependabot/npm_and_yarn/server/multi-94fa72f662
2025-04-16T15:03:48.2495971Z  * [new branch]      main       -> origin/main
2025-04-16T15:03:48.2527501Z [command]/usr/bin/git branch --list --remote origin/main
2025-04-16T15:03:48.2554047Z   origin/main
2025-04-16T15:03:48.2563794Z [command]/usr/bin/git rev-parse refs/remotes/origin/main
2025-04-16T15:03:48.2585957Z b7b02b02b67d186f71e3b6a43ebe9f432064fd3a
2025-04-16T15:03:48.2593447Z ##[endgroup]
2025-04-16T15:03:48.2594723Z ##[group]Determining the checkout info
2025-04-16T15:03:48.2596760Z ##[endgroup]
2025-04-16T15:03:48.2602117Z [command]/usr/bin/git sparse-checkout disable
2025-04-16T15:03:48.2643677Z [command]/usr/bin/git config --local --unset-all extensions.worktreeConfig
2025-04-16T15:03:48.2673258Z ##[group]Checking out the ref
2025-04-16T15:03:48.2678507Z [command]/usr/bin/git checkout --progress --force -B main refs/remotes/origin/main
2025-04-16T15:03:48.6409387Z Switched to a new branch 'main'
2025-04-16T15:03:48.6417182Z branch 'main' set up to track 'origin/main'.
2025-04-16T15:03:48.6447431Z ##[endgroup]
2025-04-16T15:03:48.6517646Z [command]/usr/bin/git log -1 --format=%H
2025-04-16T15:03:48.6557916Z b7b02b02b67d186f71e3b6a43ebe9f432064fd3a
2025-04-16T15:03:48.6807361Z ##[group]Run actions/setup-node@v4
2025-04-16T15:03:48.6807642Z with:
2025-04-16T15:03:48.6808244Z   node-version: 22.x
2025-04-16T15:03:48.6808444Z   always-auth: false
2025-04-16T15:03:48.6808652Z   check-latest: false
2025-04-16T15:03:48.6808985Z   token: ***
2025-04-16T15:03:48.6809162Z env:
2025-04-16T15:03:48.6809318Z   CI: true
2025-04-16T15:03:48.6809486Z ##[endgroup]
2025-04-16T15:03:48.8511963Z Found in cache @ /opt/hostedtoolcache/node/22.14.0/x64
2025-04-16T15:03:48.8514880Z ##[group]Environment details
2025-04-16T15:03:49.3521423Z node: v22.14.0
2025-04-16T15:03:49.3538324Z npm: 10.9.2
2025-04-16T15:03:49.3538769Z yarn: 1.22.22
2025-04-16T15:03:49.3539915Z ##[endgroup]
2025-04-16T15:03:49.3648576Z ##[group]Run npm install @octokit/rest@20.0.2 @octokit/plugin-throttling@9.0.3 fs-extra@11.2.0
2025-04-16T15:03:49.3649261Z [36;1mnpm install @octokit/rest@20.0.2 @octokit/plugin-throttling@9.0.3 fs-extra@11.2.0[0m
2025-04-16T15:03:49.3703074Z shell: /usr/bin/bash -e {0}
2025-04-16T15:03:49.3703325Z env:
2025-04-16T15:03:49.3703494Z   CI: true
2025-04-16T15:03:49.3703671Z ##[endgroup]
2025-04-16T15:03:54.4383911Z npm warn deprecated xss-clean@0.1.4: Package no longer supported. Contact Support at https://www.npmjs.com/support for more info.
2025-04-16T15:03:55.7770154Z npm warn deprecated rimraf@3.0.2: Rimraf versions prior to v4 are no longer supported
2025-04-16T15:03:56.4000376Z npm warn deprecated passport-reddit@1.1.0: While functionally complete, this library will not be receiving any updates going forwards. Users are actively discouraged from using OAuth2 for authentication. See archival notice on github for more details.
2025-04-16T15:03:56.8238622Z npm warn deprecated npmlog@5.0.1: This package is no longer supported.
2025-04-16T15:03:56.9180903Z npm warn deprecated superagent@8.1.2: Please upgrade to v9.0.0+ as we have fixed a public vulnerability with formidable dependency. Note that v9.0.0+ requires Node.js v14.18.0+. See https://github.com/ladjs/superagent/pull/1800 for insight. This project is supported and maintained by the team at Forward Email @ https://forwardemail.net
2025-04-16T15:03:58.1691527Z npm warn deprecated inflight@1.0.6: This module is not supported, and leaks memory. Do not use it. Check out lru-cache if you want a good and tested way to coalesce async requests by a key value, which is much more comprehensive and powerful.
2025-04-16T15:03:58.4933181Z npm warn deprecated glob@7.2.3: Glob versions prior to v9 are no longer supported
2025-04-16T15:03:58.8858122Z npm warn deprecated gauge@3.0.2: This package is no longer supported.
2025-04-16T15:03:59.4678034Z npm warn deprecated domexception@4.0.0: Use your platform's native DOMException instead
2025-04-16T15:04:00.5809083Z npm warn deprecated are-we-there-yet@2.0.0: This package is no longer supported.
2025-04-16T15:04:00.7269580Z npm warn deprecated abab@2.0.6: Use your platform's native atob() and btoa() methods instead
2025-04-16T15:04:02.0292193Z npm warn deprecated @humanwhocodes/config-array@0.11.14: Use @eslint/config-array instead
2025-04-16T15:04:02.0578308Z npm warn deprecated @humanwhocodes/object-schema@2.0.3: Use @eslint/object-schema instead
2025-04-16T15:04:08.6566541Z npm warn deprecated eslint@8.56.0: This version is no longer supported. Please see https://eslint.org/version-support for other options.
2025-04-16T15:04:08.6572274Z npm warn deprecated eslint@8.56.0: This version is no longer supported. Please see https://eslint.org/version-support for other options.
2025-04-16T15:04:31.3824848Z 
2025-04-16T15:04:31.3825566Z added 1931 packages, and audited 1934 packages in 42s
2025-04-16T15:04:31.3826147Z 
2025-04-16T15:04:31.3826468Z 355 packages are looking for funding
2025-04-16T15:04:31.3898526Z   run `npm fund` for details
2025-04-16T15:04:31.3898838Z 
2025-04-16T15:04:31.3901067Z 3 moderate severity vulnerabilities
2025-04-16T15:04:31.3902743Z 
2025-04-16T15:04:31.3903487Z To address all issues (including breaking changes), run:
2025-04-16T15:04:31.3905108Z   npm audit fix --force
2025-04-16T15:04:31.3906471Z 
2025-04-16T15:04:31.3908306Z Run `npm audit` for details.
2025-04-16T15:04:31.4649139Z ##[group]Run cat > fetch-workflow-logs.js << 'EOF'
2025-04-16T15:04:31.4649834Z [36;1mcat > fetch-workflow-logs.js << 'EOF'[0m
2025-04-16T15:04:31.4650158Z [36;1mconst { Octokit } = require('@octokit/rest');[0m
2025-04-16T15:04:31.4650526Z [36;1mconst { throttling } = require('@octokit/plugin-throttling');[0m
2025-04-16T15:04:31.4650874Z [36;1mconst fs = require('fs-extra');[0m
2025-04-16T15:04:31.4651135Z [36;1mconst path = require('path');[0m
2025-04-16T15:04:31.4651385Z [36;1m[0m
2025-04-16T15:04:31.4651629Z [36;1mconst ThrottledOctokit = Octokit.plugin(throttling);[0m
2025-04-16T15:04:31.4651929Z [36;1m[0m
2025-04-16T15:04:31.4652104Z [36;1masync function main() {[0m
2025-04-16T15:04:31.4652357Z [36;1m  const owner = process.env.REPO_OWNER;[0m
2025-04-16T15:04:31.4652645Z [36;1m  const repo = process.env.REPO_NAME;[0m
2025-04-16T15:04:31.4652952Z [36;1m  const logsDir = path.join('workflow-error-logs');[0m
2025-04-16T15:04:31.4653236Z [36;1m  [0m
2025-04-16T15:04:31.4653575Z [36;1m  console.log(`Fetching workflow logs for ${owner}/${repo}`);[0m
2025-04-16T15:04:31.4653883Z [36;1m  [0m
2025-04-16T15:04:31.4654096Z [36;1m  // Create logs directory if it doesn't exist[0m
2025-04-16T15:04:31.4654378Z [36;1m  await fs.ensureDir(logsDir);[0m
2025-04-16T15:04:31.4654614Z [36;1m  [0m
2025-04-16T15:04:31.4654806Z [36;1m  const octokit = new ThrottledOctokit({[0m
2025-04-16T15:04:31.4655096Z [36;1m    auth: process.env.GITHUB_TOKEN,[0m
2025-04-16T15:04:31.4655347Z [36;1m    throttle: {[0m
2025-04-16T15:04:31.4655578Z [36;1m      onRateLimit: (retryAfter, options) => {[0m
2025-04-16T15:04:31.4656010Z [36;1m        console.warn(`Rate limit exceeded for ${options.method} ${options.url}`);[0m
2025-04-16T15:04:31.4656409Z [36;1m        if (options.request.retryCount < 2) {[0m
2025-04-16T15:04:31.4656749Z [36;1m          console.log(`Retrying after ${retryAfter} seconds!`);[0m
2025-04-16T15:04:31.4657065Z [36;1m          return true;[0m
2025-04-16T15:04:31.4657280Z [36;1m        }[0m
2025-04-16T15:04:31.4657463Z [36;1m      },[0m
2025-04-16T15:04:31.4660441Z [36;1m      onSecondaryRateLimit: (retryAfter, options) => {[0m
2025-04-16T15:04:31.4661031Z [36;1m        console.warn(`Secondary rate limit exceeded for ${options.method} ${options.url}`);[0m
2025-04-16T15:04:31.4661468Z [36;1m        if (options.request.retryCount < 2) {[0m
2025-04-16T15:04:31.4661811Z [36;1m          console.log(`Retrying after ${retryAfter} seconds!`);[0m
2025-04-16T15:04:31.4662120Z [36;1m          return true;[0m
2025-04-16T15:04:31.4662330Z [36;1m        }[0m
2025-04-16T15:04:31.4662516Z [36;1m      },[0m
2025-04-16T15:04:31.4662686Z [36;1m    },[0m
2025-04-16T15:04:31.4662863Z [36;1m  });[0m
2025-04-16T15:04:31.4663027Z [36;1m  [0m
2025-04-16T15:04:31.4663209Z [36;1m  // Get all workflows[0m
2025-04-16T15:04:31.4663539Z [36;1m  const { data: workflows } = await octokit.actions.listRepoWorkflows({[0m
2025-04-16T15:04:31.4663899Z [36;1m    owner,[0m
2025-04-16T15:04:31.4664086Z [36;1m    repo,[0m
2025-04-16T15:04:31.4664267Z [36;1m  });[0m
2025-04-16T15:04:31.4664436Z [36;1m  [0m
2025-04-16T15:04:31.4664634Z [36;1m  // Get recent workflow runs (last 30 days)[0m
2025-04-16T15:04:31.4664923Z [36;1m  const thirtyDaysAgo = new Date();[0m
2025-04-16T15:04:31.4665246Z [36;1m  thirtyDaysAgo.setDate(thirtyDaysAgo.getDate() - 30);[0m
2025-04-16T15:04:31.4665563Z [36;1m  [0m
2025-04-16T15:04:31.4665774Z [36;1m  for (const workflow of workflows.workflows) {[0m
2025-04-16T15:04:31.4666164Z [36;1m    console.log(`Processing workflow: ${workflow.name} (${workflow.id})`);[0m
2025-04-16T15:04:31.4666510Z [36;1m    [0m
2025-04-16T15:04:31.4666771Z [36;1m    const { data: runs } = await octokit.actions.listWorkflowRuns({[0m
2025-04-16T15:04:31.4667094Z [36;1m      owner,[0m
2025-04-16T15:04:31.4667275Z [36;1m      repo,[0m
2025-04-16T15:04:31.4667481Z [36;1m      workflow_id: workflow.id,[0m
2025-04-16T15:04:31.4668229Z [36;1m      created: `>=${thirtyDaysAgo.toISOString().split('T')[0]}`,[0m
2025-04-16T15:04:31.4668682Z [36;1m    });[0m
2025-04-16T15:04:31.4668877Z [36;1m    [0m
2025-04-16T15:04:31.4669101Z [36;1m    // Process failed runs[0m
2025-04-16T15:04:31.4669401Z [36;1m    const failedRuns = runs.workflow_runs.filter(run => [0m
2025-04-16T15:04:31.4669873Z [36;1m      run.conclusion === 'failure' || run.conclusion === 'cancelled' || run.conclusion === 'timed_out'[0m
2025-04-16T15:04:31.4670267Z [36;1m    );[0m
2025-04-16T15:04:31.4670440Z [36;1m    [0m
2025-04-16T15:04:31.4670741Z [36;1m    console.log(`Found ${failedRuns.length} failed runs for ${workflow.name}`);[0m
2025-04-16T15:04:31.4671104Z [36;1m    [0m
2025-04-16T15:04:31.4671292Z [36;1m    for (const run of failedRuns) {[0m
2025-04-16T15:04:31.4671648Z [36;1m      const runDate = new Date(run.created_at).toISOString().split('T')[0];[0m
2025-04-16T15:04:31.4672198Z [36;1m      const workflowDir = path.join(logsDir, workflow.name.replace(/[^a-zA-Z0-9]/g, '-').toLowerCase());[0m
2025-04-16T15:04:31.4672722Z [36;1m      const runDir = path.join(workflowDir, `${runDate}_${run.id}`);[0m
2025-04-16T15:04:31.4673042Z [36;1m      [0m
2025-04-16T15:04:31.4673235Z [36;1m      await fs.ensureDir(runDir);[0m
2025-04-16T15:04:31.4673474Z [36;1m      [0m
2025-04-16T15:04:31.4673666Z [36;1m      // Save run metadata[0m
2025-04-16T15:04:31.4674026Z [36;1m      await fs.writeJson(path.join(runDir, 'metadata.json'), run, { spaces: 2 });[0m
2025-04-16T15:04:31.4674388Z [36;1m      [0m
2025-04-16T15:04:31.4674557Z [36;1m      try {[0m
2025-04-16T15:04:31.4674767Z [36;1m        // Get jobs for this run[0m
2025-04-16T15:04:31.4675111Z [36;1m        const { data: jobs } = await octokit.actions.listJobsForWorkflowRun({[0m
2025-04-16T15:04:31.4675459Z [36;1m          owner,[0m
2025-04-16T15:04:31.4675657Z [36;1m          repo,[0m
2025-04-16T15:04:31.4675863Z [36;1m          run_id: run.id,[0m
2025-04-16T15:04:31.4676075Z [36;1m        });[0m
2025-04-16T15:04:31.4676261Z [36;1m        [0m
2025-04-16T15:04:31.4676452Z [36;1m        // Save jobs metadata[0m
2025-04-16T15:04:31.4676798Z [36;1m        await fs.writeJson(path.join(runDir, 'jobs.json'), jobs, { spaces: 2 });[0m
2025-04-16T15:04:31.4677143Z [36;1m        [0m
2025-04-16T15:04:31.4677327Z [36;1m        // Process each job[0m
2025-04-16T15:04:31.4677580Z [36;1m        for (const job of jobs.jobs) {[0m
2025-04-16T15:04:31.4678269Z [36;1m          if (job.conclusion === 'failure' || job.conclusion === 'cancelled' || job.conclusion === 'timed_out') {[0m
2025-04-16T15:04:31.4678847Z [36;1m            const jobDir = path.join(runDir, job.name.replace(/[^a-zA-Z0-9]/g, '-').toLowerCase());[0m
2025-04-16T15:04:31.4679255Z [36;1m            await fs.ensureDir(jobDir);[0m
2025-04-16T15:04:31.4679503Z [36;1m            [0m
2025-04-16T15:04:31.4679697Z [36;1m            // Save job metadata[0m
2025-04-16T15:04:31.4680074Z [36;1m            await fs.writeJson(path.join(jobDir, 'job-metadata.json'), job, { spaces: 2 });[0m
2025-04-16T15:04:31.4680444Z [36;1m            [0m
2025-04-16T15:04:31.4680633Z [36;1m            try {[0m
2025-04-16T15:04:31.4680841Z [36;1m              // Get job logs[0m
2025-04-16T15:04:31.4681185Z [36;1m              const logs = await octokit.actions.downloadJobLogsForWorkflowRun({[0m
2025-04-16T15:04:31.4681541Z [36;1m                owner,[0m
2025-04-16T15:04:31.4681751Z [36;1m                repo,[0m
2025-04-16T15:04:31.4681968Z [36;1m                job_id: job.id,[0m
2025-04-16T15:04:31.4682193Z [36;1m              });[0m
2025-04-16T15:04:31.4682392Z [36;1m              [0m
2025-04-16T15:04:31.4682586Z [36;1m              // Save logs[0m
2025-04-16T15:04:31.4682892Z [36;1m              await fs.writeFile(path.join(jobDir, 'logs.txt'), logs.data);[0m
2025-04-16T15:04:31.4683299Z [36;1m              console.log(`Saved logs for job ${job.name} (${job.id})`);[0m
2025-04-16T15:04:31.4683618Z [36;1m            } catch (error) {[0m
2025-04-16T15:04:31.4684120Z [36;1m              console.error(`Error fetching logs for job ${job.id}: ${error.message}`);[0m
2025-04-16T15:04:31.4684759Z [36;1m              await fs.writeFile(path.join(jobDir, 'error.txt'), `Error fetching logs: ${error.message}`);[0m
2025-04-16T15:04:31.4685155Z [36;1m            }[0m
2025-04-16T15:04:31.4685340Z [36;1m          }[0m
2025-04-16T15:04:31.4685514Z [36;1m        }[0m
2025-04-16T15:04:31.4685700Z [36;1m      } catch (error) {[0m
2025-04-16T15:04:31.4686016Z [36;1m        console.error(`Error processing run ${run.id}: ${error.message}`);[0m
2025-04-16T15:04:31.4686522Z [36;1m        await fs.writeFile(path.join(runDir, 'error.txt'), `Error processing run: ${error.message}`);[0m
2025-04-16T15:04:31.4686920Z [36;1m      }[0m
2025-04-16T15:04:31.4687085Z [36;1m    }[0m
2025-04-16T15:04:31.4687258Z [36;1m  }[0m
2025-04-16T15:04:31.4687415Z [36;1m  [0m
2025-04-16T15:04:31.4687594Z [36;1m  // Create summary file[0m
2025-04-16T15:04:31.4688033Z [36;1m  const summary = {[0m
2025-04-16T15:04:31.4688289Z [36;1m    timestamp: new Date().toISOString(),[0m
2025-04-16T15:04:31.4688597Z [36;1m    totalWorkflows: workflows.workflows.length,[0m
2025-04-16T15:04:31.4688943Z [36;1m    workflowSummary: workflows.workflows.map(w => ({[0m
2025-04-16T15:04:31.4689240Z [36;1m      name: w.name,[0m
2025-04-16T15:04:31.4689442Z [36;1m      id: w.id,[0m
2025-04-16T15:04:31.4689643Z [36;1m      path: w.path,[0m
2025-04-16T15:04:31.4689838Z [36;1m    })),[0m
2025-04-16T15:04:31.4690006Z [36;1m  };[0m
2025-04-16T15:04:31.4690167Z [36;1m  [0m
2025-04-16T15:04:31.4690470Z [36;1m  await fs.writeJson(path.join(logsDir, 'summary.json'), summary, { spaces: 2 });[0m
2025-04-16T15:04:31.4690889Z [36;1m  console.log('Workflow error logs sync completed');[0m
2025-04-16T15:04:31.4691167Z [36;1m}[0m
2025-04-16T15:04:31.4691330Z [36;1m[0m
2025-04-16T15:04:31.4691499Z [36;1mmain().catch(error => {[0m
2025-04-16T15:04:31.4691778Z [36;1m  console.error('Error in main process:', error);[0m
2025-04-16T15:04:31.4692062Z [36;1m  process.exit(1);[0m
2025-04-16T15:04:31.4692269Z [36;1m});[0m
2025-04-16T15:04:31.4692429Z [36;1mEOF[0m
2025-04-16T15:04:31.4692590Z [36;1m[0m
2025-04-16T15:04:31.4692767Z [36;1mnode fetch-workflow-logs.js[0m
2025-04-16T15:04:31.4739068Z shell: /usr/bin/bash -e {0}
2025-04-16T15:04:31.4739300Z env:
2025-04-16T15:04:31.4739458Z   CI: true
2025-04-16T15:04:31.4739978Z   GITHUB_TOKEN: ***
2025-04-16T15:04:31.4740182Z   REPO_OWNER: mrkurger
2025-04-16T15:04:31.4740387Z   REPO_NAME: date-night-app2
2025-04-16T15:04:31.4740603Z ##[endgroup]
2025-04-16T15:04:31.5188532Z node:internal/modules/cjs/loader:646
2025-04-16T15:04:31.5190184Z       throw e;
2025-04-16T15:04:31.5190466Z       ^
2025-04-16T15:04:31.5190610Z 
2025-04-16T15:04:31.5191819Z Error [ERR_PACKAGE_PATH_NOT_EXPORTED]: No "exports" main defined in /home/runner/work/date-night-app2/date-night-app2/node_modules/@octokit/plugin-throttling/package.json
2025-04-16T15:04:31.5193203Z     at exportsNotFound (node:internal/modules/esm/resolve:314:10)
2025-04-16T15:04:31.5194051Z     at packageExportsResolve (node:internal/modules/esm/resolve:604:13)
2025-04-16T15:04:31.5194852Z     at resolveExports (node:internal/modules/cjs/loader:639:36)
2025-04-16T15:04:31.5195591Z     at Function._findPath (node:internal/modules/cjs/loader:728:31)
2025-04-16T15:04:31.5196468Z     at Function._resolveFilename (node:internal/modules/cjs/loader:1211:27)
2025-04-16T15:04:31.5197292Z     at Function._load (node:internal/modules/cjs/loader:1055:27)
2025-04-16T15:04:31.5198235Z     at TracingChannel.traceSync (node:diagnostics_channel:322:14)
2025-04-16T15:04:31.5198989Z     at wrapModuleLoad (node:internal/modules/cjs/loader:220:24)
2025-04-16T15:04:31.5199718Z     at Module.require (node:internal/modules/cjs/loader:1311:12)
2025-04-16T15:04:31.5200384Z     at require (node:internal/modules/helpers:136:16) {
2025-04-16T15:04:31.5200954Z   code: 'ERR_PACKAGE_PATH_NOT_EXPORTED'
2025-04-16T15:04:31.5201373Z }
2025-04-16T15:04:31.5201896Z 
2025-04-16T15:04:31.5202034Z Node.js v22.14.0
2025-04-16T15:04:31.5231734Z ##[error]Process completed with exit code 1.
2025-04-16T15:04:31.5325882Z Post job cleanup.
2025-04-16T15:04:31.6259265Z [command]/usr/bin/git version
2025-04-16T15:04:31.6299051Z git version 2.49.0
2025-04-16T15:04:31.6348273Z Temporarily overriding HOME='/home/runner/work/_temp/bbd2f869-8246-492a-85e8-506643a1b2ec' before making global git config changes
2025-04-16T15:04:31.6351301Z Adding repository directory to the temporary git global config as a safe directory
2025-04-16T15:04:31.6364908Z [command]/usr/bin/git config --global --add safe.directory /home/runner/work/date-night-app2/date-night-app2
2025-04-16T15:04:31.6401574Z [command]/usr/bin/git config --local --name-only --get-regexp core\.sshCommand
2025-04-16T15:04:31.6436759Z [command]/usr/bin/git submodule foreach --recursive sh -c "git config --local --name-only --get-regexp 'core\.sshCommand' && git config --local --unset-all 'core.sshCommand' || :"
2025-04-16T15:04:31.6709831Z [command]/usr/bin/git config --local --name-only --get-regexp http\.https\:\/\/github\.com\/\.extraheader
2025-04-16T15:04:31.6745996Z http.https://github.com/.extraheader
2025-04-16T15:04:31.6762978Z [command]/usr/bin/git config --local --unset-all http.https://github.com/.extraheader
2025-04-16T15:04:31.6820084Z [command]/usr/bin/git submodule foreach --recursive sh -c "git config --local --name-only --get-regexp 'http\.https\:\/\/github\.com\/\.extraheader' && git config --local --unset-all 'http.https://github.com/.extraheader' || :"
2025-04-16T15:04:31.7306341Z Cleaning up orphan processes
