2025-04-16T14:43:43.8307710Z Current runner version: '2.323.0'
2025-04-16T14:43:43.8342889Z ##[group]Operating System
2025-04-16T14:43:43.8344012Z Ubuntu
2025-04-16T14:43:43.8344760Z 24.04.2
2025-04-16T14:43:43.8345804Z LTS
2025-04-16T14:43:43.8346552Z ##[endgroup]
2025-04-16T14:43:43.8347372Z ##[group]Runner Image
2025-04-16T14:43:43.8348284Z Image: ubuntu-24.04
2025-04-16T14:43:43.8349233Z Version: 20250406.1.0
2025-04-16T14:43:43.8350911Z Included Software: https://github.com/actions/runner-images/blob/ubuntu24/20250406.1/images/ubuntu/Ubuntu2404-Readme.md
2025-04-16T14:43:43.8353406Z Image Release: https://github.com/actions/runner-images/releases/tag/ubuntu24%2F20250406.1
2025-04-16T14:43:43.8354987Z ##[endgroup]
2025-04-16T14:43:43.8356003Z ##[group]Runner Image Provisioner
2025-04-16T14:43:43.8357074Z 2.0.422.1
2025-04-16T14:43:43.8357831Z ##[endgroup]
2025-04-16T14:43:43.8361962Z ##[group]GITHUB_TOKEN Permissions
2025-04-16T14:43:43.8364729Z Actions: write
2025-04-16T14:43:43.8366020Z Attestations: write
2025-04-16T14:43:43.8367112Z Checks: write
2025-04-16T14:43:43.8367874Z Contents: write
2025-04-16T14:43:43.8368726Z Deployments: write
2025-04-16T14:43:43.8369596Z Discussions: write
2025-04-16T14:43:43.8370405Z Issues: write
2025-04-16T14:43:43.8371266Z Metadata: read
2025-04-16T14:43:43.8371971Z Models: read
2025-04-16T14:43:43.8372757Z Packages: write
2025-04-16T14:43:43.8373564Z Pages: write
2025-04-16T14:43:43.8374362Z PullRequests: write
2025-04-16T14:43:43.8375171Z RepositoryProjects: write
2025-04-16T14:43:43.8376509Z SecurityEvents: write
2025-04-16T14:43:43.8377325Z Statuses: write
2025-04-16T14:43:43.8378087Z ##[endgroup]
2025-04-16T14:43:43.8381030Z Secret source: Actions
2025-04-16T14:43:43.8382267Z Prepare workflow directory
2025-04-16T14:43:43.8937180Z Prepare all required actions
2025-04-16T14:43:43.8993356Z Getting action download info
2025-04-16T14:43:44.3474641Z ##[group]Download immutable action package 'actions/checkout@v4'
2025-04-16T14:43:44.3475982Z Version: 4.2.2
2025-04-16T14:43:44.3477152Z Digest: sha256:ccb2698953eaebd21c7bf6268a94f9c26518a7e38e27e0b83c1fe1ad049819b1
2025-04-16T14:43:44.3478284Z Source commit SHA: 11bd71901bbe5b1630ceea73d27597364c9af683
2025-04-16T14:43:44.3479294Z ##[endgroup]
2025-04-16T14:43:44.4446715Z ##[group]Download immutable action package 'actions/setup-node@v4'
2025-04-16T14:43:44.4447518Z Version: 4.4.0
2025-04-16T14:43:44.4448272Z Digest: sha256:9427cefe82346e992fb5b949e3569b39d537ae41aa3086483b14eceebfc16bc1
2025-04-16T14:43:44.4449256Z Source commit SHA: 49933ea5288caeca8642d1e84afbd3f7d6820020
2025-04-16T14:43:44.4449924Z ##[endgroup]
2025-04-16T14:43:44.7109827Z ##[group]Download immutable action package 'actions/upload-artifact@v4'
2025-04-16T14:43:44.7110661Z Version: 4.6.2
2025-04-16T14:43:44.7111404Z Digest: sha256:290722aa3281d5caf23d0acdc3dbeb3424786a1a01a9cc97e72f147225e37c38
2025-04-16T14:43:44.7112406Z Source commit SHA: ea165f8d65b6e75b540449e92b4886f43607fa02
2025-04-16T14:43:44.7113070Z ##[endgroup]
2025-04-16T14:43:44.9222246Z Complete job name: test (22.x)
2025-04-16T14:43:44.9799547Z ##[group]Run actions/checkout@v4
2025-04-16T14:43:44.9800397Z with:
2025-04-16T14:43:44.9800810Z   repository: mrkurger/date-night-app2
2025-04-16T14:43:44.9801511Z   token: ***
2025-04-16T14:43:44.9801887Z   ssh-strict: true
2025-04-16T14:43:44.9802267Z   ssh-user: git
2025-04-16T14:43:44.9802654Z   persist-credentials: true
2025-04-16T14:43:44.9803084Z   clean: true
2025-04-16T14:43:44.9803468Z   sparse-checkout-cone-mode: true
2025-04-16T14:43:44.9803932Z   fetch-depth: 1
2025-04-16T14:43:44.9804323Z   fetch-tags: false
2025-04-16T14:43:44.9804723Z   show-progress: true
2025-04-16T14:43:44.9805107Z   lfs: false
2025-04-16T14:43:44.9805697Z   submodules: false
2025-04-16T14:43:44.9806231Z   set-safe-directory: true
2025-04-16T14:43:44.9807014Z env:
2025-04-16T14:43:44.9807371Z   CI: true
2025-04-16T14:43:44.9807723Z ##[endgroup]
2025-04-16T14:43:45.1752984Z Syncing repository: mrkurger/date-night-app2
2025-04-16T14:43:45.1755846Z ##[group]Getting Git version info
2025-04-16T14:43:45.1757544Z Working directory is '/home/runner/work/date-night-app2/date-night-app2'
2025-04-16T14:43:45.1758843Z [command]/usr/bin/git version
2025-04-16T14:43:45.1782503Z git version 2.49.0
2025-04-16T14:43:45.1818400Z ##[endgroup]
2025-04-16T14:43:45.1837959Z Temporarily overriding HOME='/home/runner/work/_temp/2f123b2d-cb5c-4d41-b3c4-97174eb20ce6' before making global git config changes
2025-04-16T14:43:45.1840684Z Adding repository directory to the temporary git global config as a safe directory
2025-04-16T14:43:45.1856960Z [command]/usr/bin/git config --global --add safe.directory /home/runner/work/date-night-app2/date-night-app2
2025-04-16T14:43:45.1900328Z Deleting the contents of '/home/runner/work/date-night-app2/date-night-app2'
2025-04-16T14:43:45.1904094Z ##[group]Initializing the repository
2025-04-16T14:43:45.1909435Z [command]/usr/bin/git init /home/runner/work/date-night-app2/date-night-app2
2025-04-16T14:43:45.1991602Z hint: Using 'master' as the name for the initial branch. This default branch name
2025-04-16T14:43:45.1996880Z hint: is subject to change. To configure the initial branch name to use in all
2025-04-16T14:43:45.1999382Z hint: of your new repositories, which will suppress this warning, call:
2025-04-16T14:43:45.2002104Z hint:
2025-04-16T14:43:45.2003043Z hint: 	git config --global init.defaultBranch <name>
2025-04-16T14:43:45.2004128Z hint:
2025-04-16T14:43:45.2005150Z hint: Names commonly chosen instead of 'master' are 'main', 'trunk' and
2025-04-16T14:43:45.2007569Z hint: 'development'. The just-created branch can be renamed via this command:
2025-04-16T14:43:45.2009833Z hint:
2025-04-16T14:43:45.2010570Z hint: 	git branch -m <name>
2025-04-16T14:43:45.2012155Z Initialized empty Git repository in /home/runner/work/date-night-app2/date-night-app2/.git/
2025-04-16T14:43:45.2015913Z [command]/usr/bin/git remote add origin https://github.com/mrkurger/date-night-app2
2025-04-16T14:43:45.2058769Z ##[endgroup]
2025-04-16T14:43:45.2060204Z ##[group]Disabling automatic garbage collection
2025-04-16T14:43:45.2061394Z [command]/usr/bin/git config --local gc.auto 0
2025-04-16T14:43:45.2094274Z ##[endgroup]
2025-04-16T14:43:45.2096351Z ##[group]Setting up auth
2025-04-16T14:43:45.2101775Z [command]/usr/bin/git config --local --name-only --get-regexp core\.sshCommand
2025-04-16T14:43:45.2137806Z [command]/usr/bin/git submodule foreach --recursive sh -c "git config --local --name-only --get-regexp 'core\.sshCommand' && git config --local --unset-all 'core.sshCommand' || :"
2025-04-16T14:43:45.2487442Z [command]/usr/bin/git config --local --name-only --get-regexp http\.https\:\/\/github\.com\/\.extraheader
2025-04-16T14:43:45.2522320Z [command]/usr/bin/git submodule foreach --recursive sh -c "git config --local --name-only --get-regexp 'http\.https\:\/\/github\.com\/\.extraheader' && git config --local --unset-all 'http.https://github.com/.extraheader' || :"
2025-04-16T14:43:45.2770703Z [command]/usr/bin/git config --local http.https://github.com/.extraheader AUTHORIZATION: basic ***
2025-04-16T14:43:45.2826188Z ##[endgroup]
2025-04-16T14:43:45.2827836Z ##[group]Fetching the repository
2025-04-16T14:43:45.2838321Z [command]/usr/bin/git -c protocol.version=2 fetch --no-tags --prune --no-recurse-submodules --depth=1 origin +9a4a33b25695a5f9f73fb86ecc37118002cbc11d:refs/remotes/origin/main
2025-04-16T14:43:47.8241740Z From https://github.com/mrkurger/date-night-app2
2025-04-16T14:43:47.8242638Z  * [new ref]         9a4a33b25695a5f9f73fb86ecc37118002cbc11d -> origin/main
2025-04-16T14:43:47.8294297Z ##[endgroup]
2025-04-16T14:43:47.8296303Z ##[group]Determining the checkout info
2025-04-16T14:43:47.8297084Z ##[endgroup]
2025-04-16T14:43:47.8306388Z [command]/usr/bin/git sparse-checkout disable
2025-04-16T14:43:47.8365147Z [command]/usr/bin/git config --local --unset-all extensions.worktreeConfig
2025-04-16T14:43:47.8404109Z ##[group]Checking out the ref
2025-04-16T14:43:47.8413021Z [command]/usr/bin/git checkout --progress --force -B main refs/remotes/origin/main
2025-04-16T14:43:48.2959881Z Switched to a new branch 'main'
2025-04-16T14:43:48.2965374Z branch 'main' set up to track 'origin/main'.
2025-04-16T14:43:48.2989588Z ##[endgroup]
2025-04-16T14:43:48.3027876Z [command]/usr/bin/git log -1 --format=%H
2025-04-16T14:43:48.3051292Z 9a4a33b25695a5f9f73fb86ecc37118002cbc11d
2025-04-16T14:43:48.3274060Z ##[group]Run actions/setup-node@v4
2025-04-16T14:43:48.3274350Z with:
2025-04-16T14:43:48.3274519Z   node-version: 22.x
2025-04-16T14:43:48.3274709Z   cache: npm
2025-04-16T14:43:48.3274953Z   cache-dependency-path: client-angular/package-lock.json
2025-04-16T14:43:48.3275256Z   always-auth: false
2025-04-16T14:43:48.3275613Z   check-latest: false
2025-04-16T14:43:48.3275921Z   token: ***
2025-04-16T14:43:48.3276094Z env:
2025-04-16T14:43:48.3276245Z   CI: true
2025-04-16T14:43:48.3276415Z ##[endgroup]
2025-04-16T14:43:48.5022827Z Found in cache @ /opt/hostedtoolcache/node/22.14.0/x64
2025-04-16T14:43:48.5023814Z ##[group]Environment details
2025-04-16T14:43:48.9963825Z node: v22.14.0
2025-04-16T14:43:48.9970690Z npm: 10.9.2
2025-04-16T14:43:48.9971110Z yarn: 1.22.22
2025-04-16T14:43:48.9972007Z ##[endgroup]
2025-04-16T14:43:48.9989743Z [command]/opt/hostedtoolcache/node/22.14.0/x64/bin/npm config get cache
2025-04-16T14:43:49.1182965Z /home/runner/.npm
2025-04-16T14:43:49.2724886Z Cache hit for: node-cache-Linux-x64-npm-eed186788acb99c392cc79891935d042040413390720b7932c16d8b7ca478e8b
2025-04-16T14:43:49.8721021Z Received 69351304 of 69351304 (100.0%), 123.2 MBs/sec
2025-04-16T14:43:49.8723264Z Cache Size: ~66 MB (69351304 B)
2025-04-16T14:43:49.8753085Z [command]/usr/bin/tar -xf /home/runner/work/_temp/83abe1dc-fa5f-47aa-a32b-ed00166238ed/cache.tzst -P -C /home/runner/work/date-night-app2/date-night-app2 --use-compress-program unzstd
2025-04-16T14:43:50.1827898Z Cache restored successfully
2025-04-16T14:43:50.1979080Z Cache restored from key: node-cache-Linux-x64-npm-eed186788acb99c392cc79891935d042040413390720b7932c16d8b7ca478e8b
2025-04-16T14:43:50.2138148Z ##[group]Run npm ci
2025-04-16T14:43:50.2138430Z [36;1mnpm ci[0m
2025-04-16T14:43:50.2190186Z shell: /usr/bin/bash -e {0}
2025-04-16T14:43:50.2190428Z env:
2025-04-16T14:43:50.2190586Z   CI: true
2025-04-16T14:43:50.2190753Z ##[endgroup]
2025-04-16T14:43:56.8904960Z npm warn deprecated inflight@1.0.6: This module is not supported, and leaks memory. Do not use it. Check out lru-cache if you want a good and tested way to coalesce async requests by a key value, which is much more comprehensive and powerful.
2025-04-16T14:43:57.3241876Z npm warn deprecated rimraf@3.0.2: Rimraf versions prior to v4 are no longer supported
2025-04-16T14:43:57.3780554Z npm warn deprecated abab@2.0.6: Use your platform's native atob() and btoa() methods instead
2025-04-16T14:43:57.6362102Z npm warn deprecated glob@7.2.3: Glob versions prior to v9 are no longer supported
2025-04-16T14:43:57.8918461Z npm warn deprecated domexception@4.0.0: Use your platform's native DOMException instead
2025-04-16T14:43:59.0438822Z npm warn deprecated @humanwhocodes/object-schema@2.0.3: Use @eslint/object-schema instead
2025-04-16T14:43:59.0444084Z npm warn deprecated @humanwhocodes/config-array@0.11.14: Use @eslint/config-array instead
2025-04-16T14:44:02.7014068Z npm warn deprecated eslint@8.56.0: This version is no longer supported. Please see https://eslint.org/version-support for other options.
2025-04-16T14:44:16.3099862Z 
2025-04-16T14:44:16.3101199Z > date-night-app@1.0.0 prepare
2025-04-16T14:44:16.3101961Z > [ -n "$CI" ] || husky
2025-04-16T14:44:16.3102428Z 
2025-04-16T14:44:16.3462520Z 
2025-04-16T14:44:16.3463725Z added 1463 packages, and audited 1465 packages in 26s
2025-04-16T14:44:16.3464520Z 
2025-04-16T14:44:16.3470716Z 294 packages are looking for funding
2025-04-16T14:44:16.3471682Z   run `npm fund` for details
2025-04-16T14:44:16.3613007Z 
2025-04-16T14:44:16.3613700Z 3 moderate severity vulnerabilities
2025-04-16T14:44:16.3618386Z 
2025-04-16T14:44:16.3618872Z To address all issues (including breaking changes), run:
2025-04-16T14:44:16.3619423Z   npm audit fix --force
2025-04-16T14:44:16.3620042Z 
2025-04-16T14:44:16.3620234Z Run `npm audit` for details.
2025-04-16T14:44:16.4545007Z ##[group]Run npm test -- --watch=false --browsers=ChromeHeadless --no-progress
2025-04-16T14:44:16.4545828Z [36;1mnpm test -- --watch=false --browsers=ChromeHeadless --no-progress[0m
2025-04-16T14:44:16.4599870Z shell: /usr/bin/bash -e {0}
2025-04-16T14:44:16.4600104Z env:
2025-04-16T14:44:16.4600264Z   CI: true
2025-04-16T14:44:16.4600422Z ##[endgroup]
2025-04-16T14:44:16.5868756Z 
2025-04-16T14:44:16.5871285Z > client-angular@0.0.0 test
2025-04-16T14:44:16.5875397Z > ng test client-angular --watch=false --browsers=ChromeHeadless --no-progress
2025-04-16T14:44:16.5876152Z 
2025-04-16T14:44:50.2369938Z [1m[31m
2025-04-16T14:44:50.2384589Z ./src/app/admin/telemetry-dashboard/telemetry-dashboard.component.ts:20:0-48 - Error: Module not found: Error: Can't resolve 'chart.js' in '/home/runner/work/date-night-app2/date-night-app2/client-angular/src/app/admin/telemetry-dashboard'
2025-04-16T14:44:50.2391869Z 
2025-04-16T14:44:50.2393260Z ./src/app/shared/components/map/map.component.ts - Error: Module build failed (from ./node_modules/@angular-devkit/build-angular/src/tools/babel/webpack-loader.js):
2025-04-16T14:44:50.2396042Z SyntaxError: /home/runner/work/date-night-app2/date-night-app2/client-angular/src/app/shared/components/map/map.component.ts: Identifier 'MapComponent' has already been declared. (630:4)
2025-04-16T14:44:50.2397308Z 
2025-04-16T14:44:50.2397901Z [0m [90m 628 |[31m ][33m,[31m [33mMapComponent[31m)[33m;[31m
2025-04-16T14:44:50.2398907Z  [90m 629 |[31m [36mexport[31m { [33mMapComponent[31m }[33m;[31m
2025-04-16T14:44:50.2400212Z [31m[1m>[22m[1m[31m[90m 630 |[31m [36mlet[31m [33mMapComponent[31m [33m=[31m [36mclass[31m [33mMapComponent[31m {
2025-04-16T14:44:50.2401184Z  [90m     |[31m     [31m[1m^[22m[1m[31m
2025-04-16T14:44:50.2401829Z  [90m 631 |[31m     geocodingService[33m;[31m
2025-04-16T14:44:50.2402580Z  [90m 632 |[31m     height [33m=[31m [32m'400px'[31m[33m;[31m
2025-04-16T14:44:50.2403499Z  [90m 633 |[31m     initialLatitude [33m=[31m [35m59.9139[31m[33m;[31m[0m
2025-04-16T14:44:50.2403981Z 
2025-04-16T14:44:50.2405590Z ./src/app/shared/emerald/card-grid/card-grid.component.spec.ts - Error: Module build failed (from ./node_modules/@angular-devkit/build-angular/src/tools/babel/webpack-loader.js):
2025-04-16T14:44:50.2408040Z SyntaxError: /home/runner/work/date-night-app2/date-night-app2/client-angular/src/app/shared/emerald/card-grid/card-grid.component.spec.ts: Unexpected token (11:45)
2025-04-16T14:44:50.2409173Z 
2025-04-16T14:44:50.2409752Z [0m [90m  9 |[31m [90m// ===================================================[31m
2025-04-16T14:44:50.2410826Z  [90m 10 |[31m [36mimport[31m { [33mTestBed[31m } [36mfrom[31m [32m'@angular/core/testing'[31m[33m;[31m
2025-04-16T14:44:50.2412476Z [31m[1m>[22m[1m[31m[90m 11 |[31m [36mimport[31m { [33mComponent[31m[33m,[31m [33mNO_ERRORS_SCHEMA[31m[33m,[31m } [36mfrom[31m [33m;[31m
2025-04-16T14:44:50.2413682Z  [90m    |[31m                                              [31m[1m^[22m[1m[31m
2025-04-16T14:44:50.2414822Z  [90m 12 |[31m [36mimport[31m { [33mCardGridComponent[31m } [36mfrom[31m [32m'./card-grid.component'[31m[33m;[31m
2025-04-16T14:44:50.2416819Z  [90m 13 |[31m [36mimport[31m { [33mSkeletonLoaderComponent[31m } [36mfrom[31m [32m'../components/skeleton-loader/skeleton-loader.component'[31m[33m;[31m
2025-04-16T14:44:50.2418671Z  [90m 14 |[31m [36mimport[31m { [33mCommonTestModule[31m } [36mfrom[31m [32m'../../../testing/common-test.module'[31m[33m;[31m[0m
2025-04-16T14:44:50.2419439Z 
2025-04-16T14:44:50.2421201Z Error: [96msrc/app/admin/telemetry-dashboard/telemetry-dashboard.component.ts[0m:[93m18[0m:[93m38[0m - [91merror[0m[90m TS2307: [0mCannot find module 'chart.js' or its corresponding type declarations.
2025-04-16T14:44:50.2422417Z 
2025-04-16T14:44:50.2422943Z [7m18[0m import { Chart, registerables } from 'chart.js';
2025-04-16T14:44:50.2424626Z [7m  [0m [91m                                     ~~~~~~~~~~[0m
2025-04-16T14:44:50.2425018Z 
2025-04-16T14:44:50.2425029Z 
2025-04-16T14:44:50.2426699Z Error: [96msrc/app/core/services/alert.service.ts[0m:[93m180[0m:[93m9[0m - [91merror[0m[90m TS2322: [0mType 'string' is not assignable to type 'AlertTimeWindow'.
2025-04-16T14:44:50.2427599Z 
2025-04-16T14:44:50.2427952Z [7m180[0m         timeWindow,
2025-04-16T14:44:50.2428554Z [7m   [0m [91m        ~~~~~~~~~~[0m
2025-04-16T14:44:50.2428870Z 
2025-04-16T14:44:50.2429409Z   [96msrc/app/core/models/alert.model.ts[0m:[93m52[0m:[93m3[0m
2025-04-16T14:44:50.2430239Z     [7m52[0m   timeWindow: AlertTimeWindow;
2025-04-16T14:44:50.2430875Z     [7m  [0m [96m  ~~~~~~~~~~[0m
2025-04-16T14:44:50.2431768Z     The expected type comes from property 'timeWindow' which is declared here on type 'AlertCondition'
2025-04-16T14:44:50.2432431Z 
2025-04-16T14:44:50.2432441Z 
2025-04-16T14:44:50.2433848Z Error: [96msrc/app/core/services/alert.service.ts[0m:[93m185[0m:[93m11[0m - [91merror[0m[90m TS2322: [0mType '"ui"' is not assignable to type 'AlertChannel'.
2025-04-16T14:44:50.2434767Z 
2025-04-16T14:44:50.2435145Z [7m185[0m           channel: 'ui',
2025-04-16T14:44:50.2436096Z [7m   [0m [91m          ~~~~~~~[0m
2025-04-16T14:44:50.2436402Z 
2025-04-16T14:44:50.2436913Z   [96msrc/app/core/models/alert.model.ts[0m:[93m66[0m:[93m3[0m
2025-04-16T14:44:50.2437686Z     [7m66[0m   channel: AlertChannel;
2025-04-16T14:44:50.2438260Z     [7m  [0m [96m  ~~~~~~~[0m
2025-04-16T14:44:50.2439041Z     The expected type comes from property 'channel' which is declared here on type 'AlertNotification'
2025-04-16T14:44:50.2439632Z 
2025-04-16T14:44:50.2439641Z 
2025-04-16T14:44:50.2440945Z Error: [96msrc/app/core/services/alert.service.ts[0m:[93m188[0m:[93m11[0m - [91merror[0m[90m TS2322: [0mType '"email"' is not assignable to type 'AlertChannel'.
2025-04-16T14:44:50.2441842Z 
2025-04-16T14:44:50.2442217Z [7m188[0m           channel: 'email',
2025-04-16T14:44:50.2442829Z [7m   [0m [91m          ~~~~~~~[0m
2025-04-16T14:44:50.2443109Z 
2025-04-16T14:44:50.2443583Z   [96msrc/app/core/models/alert.model.ts[0m:[93m66[0m:[93m3[0m
2025-04-16T14:44:50.2444241Z     [7m66[0m   channel: AlertChannel;
2025-04-16T14:44:50.2444741Z     [7m  [0m [96m  ~~~~~~~[0m
2025-04-16T14:44:50.2445734Z     The expected type comes from property 'channel' which is declared here on type 'AlertNotification'
2025-04-16T14:44:50.2446321Z 
2025-04-16T14:44:50.2446330Z 
2025-04-16T14:44:50.2447598Z Error: [96msrc/app/core/services/alert.service.ts[0m:[93m219[0m:[93m9[0m - [91merror[0m[90m TS2322: [0mType 'string' is not assignable to type 'AlertTimeWindow'.
2025-04-16T14:44:50.2448456Z 
2025-04-16T14:44:50.2448763Z [7m219[0m         timeWindow,
2025-04-16T14:44:50.2449311Z [7m   [0m [91m        ~~~~~~~~~~[0m
2025-04-16T14:44:50.2449593Z 
2025-04-16T14:44:50.2450070Z   [96msrc/app/core/models/alert.model.ts[0m:[93m52[0m:[93m3[0m
2025-04-16T14:44:50.2450903Z     [7m52[0m   timeWindow: AlertTimeWindow;
2025-04-16T14:44:50.2451516Z     [7m  [0m [96m  ~~~~~~~~~~[0m
2025-04-16T14:44:50.2452373Z     The expected type comes from property 'timeWindow' which is declared here on type 'AlertCondition'
2025-04-16T14:44:50.2453015Z 
2025-04-16T14:44:50.2453025Z 
2025-04-16T14:44:50.2454323Z Error: [96msrc/app/core/services/alert.service.ts[0m:[93m223[0m:[93m11[0m - [91merror[0m[90m TS2322: [0mType '"ui"' is not assignable to type 'AlertChannel'.
2025-04-16T14:44:50.2455234Z 
2025-04-16T14:44:50.2455790Z [7m223[0m           channel: 'ui',
2025-04-16T14:44:50.2456431Z [7m   [0m [91m          ~~~~~~~[0m
2025-04-16T14:44:50.2456734Z 
2025-04-16T14:44:50.2457241Z   [96msrc/app/core/models/alert.model.ts[0m:[93m66[0m:[93m3[0m
2025-04-16T14:44:50.2458009Z     [7m66[0m   channel: AlertChannel;
2025-04-16T14:44:50.2458581Z     [7m  [0m [96m  ~~~~~~~[0m
2025-04-16T14:44:50.2459931Z     The expected type comes from property 'channel' which is declared here on type 'AlertNotification'
2025-04-16T14:44:50.2460603Z 
2025-04-16T14:44:50.2460612Z 
2025-04-16T14:44:50.2461976Z Error: [96msrc/app/core/services/alert.service.ts[0m:[93m226[0m:[93m11[0m - [91merror[0m[90m TS2322: [0mType '"email"' is not assignable to type 'AlertChannel'.
2025-04-16T14:44:50.2462900Z 
2025-04-16T14:44:50.2463230Z [7m226[0m           channel: 'email',
2025-04-16T14:44:50.2463816Z [7m   [0m [91m          ~~~~~~~[0m
2025-04-16T14:44:50.2464098Z 
2025-04-16T14:44:50.2464580Z   [96msrc/app/core/models/alert.model.ts[0m:[93m66[0m:[93m3[0m
2025-04-16T14:44:50.2465312Z     [7m66[0m   channel: AlertChannel;
2025-04-16T14:44:50.2466060Z     [7m  [0m [96m  ~~~~~~~[0m
2025-04-16T14:44:50.2466918Z     The expected type comes from property 'channel' which is declared here on type 'AlertNotification'
2025-04-16T14:44:50.2467637Z 
2025-04-16T14:44:50.2467648Z 
2025-04-16T14:44:50.2469080Z Error: [96msrc/app/core/services/alert.service.ts[0m:[93m259[0m:[93m9[0m - [91merror[0m[90m TS2322: [0mType 'string' is not assignable to type 'AlertTimeWindow'.
2025-04-16T14:44:50.2470125Z 
2025-04-16T14:44:50.2470477Z [7m259[0m         timeWindow,
2025-04-16T14:44:50.2471087Z [7m   [0m [91m        ~~~~~~~~~~[0m
2025-04-16T14:44:50.2471369Z 
2025-04-16T14:44:50.2471877Z   [96msrc/app/core/models/alert.model.ts[0m:[93m52[0m:[93m3[0m
2025-04-16T14:44:50.2472681Z     [7m52[0m   timeWindow: AlertTimeWindow;
2025-04-16T14:44:50.2473268Z     [7m  [0m [96m  ~~~~~~~~~~[0m
2025-04-16T14:44:50.2474145Z     The expected type comes from property 'timeWindow' which is declared here on type 'AlertCondition'
2025-04-16T14:44:50.2474831Z 
2025-04-16T14:44:50.2474842Z 
2025-04-16T14:44:50.2476407Z Error: [96msrc/app/core/services/alert.service.ts[0m:[93m264[0m:[93m11[0m - [91merror[0m[90m TS2322: [0mType '"ui"' is not assignable to type 'AlertChannel'.
2025-04-16T14:44:50.2477350Z 
2025-04-16T14:44:50.2477707Z [7m264[0m           channel: 'ui',
2025-04-16T14:44:50.2478300Z [7m   [0m [91m          ~~~~~~~[0m
2025-04-16T14:44:50.2478579Z 
2025-04-16T14:44:50.2479056Z   [96msrc/app/core/models/alert.model.ts[0m:[93m66[0m:[93m3[0m
2025-04-16T14:44:50.2479882Z     [7m66[0m   channel: AlertChannel;
2025-04-16T14:44:50.2480482Z     [7m  [0m [96m  ~~~~~~~[0m
2025-04-16T14:44:50.2481347Z     The expected type comes from property 'channel' which is declared here on type 'AlertNotification'
2025-04-16T14:44:50.2481994Z 
2025-04-16T14:44:50.2482005Z 
2025-04-16T14:44:50.2483403Z Error: [96msrc/app/core/services/alert.service.ts[0m:[93m267[0m:[93m11[0m - [91merror[0m[90m TS2322: [0mType '"slack"' is not assignable to type 'AlertChannel'.
2025-04-16T14:44:50.2484356Z 
2025-04-16T14:44:50.2484721Z [7m267[0m           channel: 'slack',
2025-04-16T14:44:50.2485295Z [7m   [0m [91m          ~~~~~~~[0m
2025-04-16T14:44:50.2485783Z 
2025-04-16T14:44:50.2486298Z   [96msrc/app/core/models/alert.model.ts[0m:[93m66[0m:[93m3[0m
2025-04-16T14:44:50.2487045Z     [7m66[0m   channel: AlertChannel;
2025-04-16T14:44:50.2487591Z     [7m  [0m [96m  ~~~~~~~[0m
2025-04-16T14:44:50.2488415Z     The expected type comes from property 'channel' which is declared here on type 'AlertNotification'
2025-04-16T14:44:50.2489033Z 
2025-04-16T14:44:50.2489042Z 
2025-04-16T14:44:50.2490368Z Error: [96msrc/app/core/services/alert.service.ts[0m:[93m300[0m:[93m9[0m - [91merror[0m[90m TS2322: [0mType 'string' is not assignable to type 'AlertTimeWindow'.
2025-04-16T14:44:50.2491292Z 
2025-04-16T14:44:50.2491580Z [7m300[0m         timeWindow,
2025-04-16T14:44:50.2492215Z [7m   [0m [91m        ~~~~~~~~~~[0m
2025-04-16T14:44:50.2492498Z 
2025-04-16T14:44:50.2492959Z   [96msrc/app/core/models/alert.model.ts[0m:[93m52[0m:[93m3[0m
2025-04-16T14:44:50.2493722Z     [7m52[0m   timeWindow: AlertTimeWindow;
2025-04-16T14:44:50.2494294Z     [7m  [0m [96m  ~~~~~~~~~~[0m
2025-04-16T14:44:50.2495881Z     The expected type comes from property 'timeWindow' which is declared here on type 'AlertCondition'
2025-04-16T14:44:50.2496576Z 
2025-04-16T14:44:50.2496586Z 
2025-04-16T14:44:50.2497971Z Error: [96msrc/app/core/services/alert.service.ts[0m:[93m305[0m:[93m11[0m - [91merror[0m[90m TS2322: [0mType '"ui"' is not assignable to type 'AlertChannel'.
2025-04-16T14:44:50.2498891Z 
2025-04-16T14:44:50.2499259Z [7m305[0m           channel: 'ui',
2025-04-16T14:44:50.2499853Z [7m   [0m [91m          ~~~~~~~[0m
2025-04-16T14:44:50.2500146Z 
2025-04-16T14:44:50.2500664Z   [96msrc/app/core/models/alert.model.ts[0m:[93m66[0m:[93m3[0m
2025-04-16T14:44:50.2501418Z     [7m66[0m   channel: AlertChannel;
2025-04-16T14:44:50.2501959Z     [7m  [0m [96m  ~~~~~~~[0m
2025-04-16T14:44:50.2502808Z     The expected type comes from property 'channel' which is declared here on type 'AlertNotification'
2025-04-16T14:44:50.2503452Z 
2025-04-16T14:44:50.2503462Z 
2025-04-16T14:44:50.2504906Z Error: [96msrc/app/core/services/alert.service.ts[0m:[93m308[0m:[93m11[0m - [91merror[0m[90m TS2322: [0mType '"email"' is not assignable to type 'AlertChannel'.
2025-04-16T14:44:50.2506109Z 
2025-04-16T14:44:50.2506486Z [7m308[0m           channel: 'email',
2025-04-16T14:44:50.2507117Z [7m   [0m [91m          ~~~~~~~[0m
2025-04-16T14:44:50.2507415Z 
2025-04-16T14:44:50.2507939Z   [96msrc/app/core/models/alert.model.ts[0m:[93m66[0m:[93m3[0m
2025-04-16T14:44:50.2508720Z     [7m66[0m   channel: AlertChannel;
2025-04-16T14:44:50.2509316Z     [7m  [0m [96m  ~~~~~~~[0m
2025-04-16T14:44:50.2510190Z     The expected type comes from property 'channel' which is declared here on type 'AlertNotification'
2025-04-16T14:44:50.2510839Z 
2025-04-16T14:44:50.2510851Z 
2025-04-16T14:44:50.2512810Z Error: [96msrc/app/core/services/encryption.service.spec.ts[0m:[93m77[0m:[93m22[0m - [91merror[0m[90m TS2551: [0mProperty 'getCurrentUserId' does not exist on type 'SpyObj<AuthService>'. Did you mean 'getCurrentUser'?
2025-04-16T14:44:50.2514115Z 
2025-04-16T14:44:50.2514738Z [7m77[0m       authServiceSpy.getCurrentUserId.and.returnValue('');
2025-04-16T14:44:50.2515813Z [7m  [0m [91m                     ~~~~~~~~~~~~~~~~[0m
2025-04-16T14:44:50.2516147Z 
2025-04-16T14:44:50.2516671Z   [96msrc/app/core/services/auth.service.ts[0m:[93m135[0m:[93m3[0m
2025-04-16T14:44:50.2517480Z     [7m135[0m   getCurrentUser(): User | null {
2025-04-16T14:44:50.2518060Z     [7m   [0m [96m  ~~~~~~~~~~~~~~[0m
2025-04-16T14:44:50.2518583Z     'getCurrentUser' is declared here.
2025-04-16T14:44:50.2518897Z 
2025-04-16T14:44:50.2518906Z 
2025-04-16T14:44:50.2520616Z Error: [96msrc/app/core/services/encryption.service.ts[0m:[93m73[0m:[93m39[0m - [91merror[0m[90m TS2551: [0mProperty 'getCurrentUserId' does not exist on type 'AuthService'. Did you mean 'getCurrentUser'?
2025-04-16T14:44:50.2521833Z 
2025-04-16T14:44:50.2522389Z [7m73[0m       const userId = this.authService.getCurrentUserId();
2025-04-16T14:44:50.2523304Z [7m  [0m [91m                                      ~~~~~~~~~~~~~~~~[0m
2025-04-16T14:44:50.2523666Z 
2025-04-16T14:44:50.2524211Z   [96msrc/app/core/services/auth.service.ts[0m:[93m135[0m:[93m3[0m
2025-04-16T14:44:50.2525057Z     [7m135[0m   getCurrentUser(): User | null {
2025-04-16T14:44:50.2525918Z     [7m   [0m [96m  ~~~~~~~~~~~~~~[0m
2025-04-16T14:44:50.2526456Z     'getCurrentUser' is declared here.
2025-04-16T14:44:50.2526780Z 
2025-04-16T14:44:50.2526790Z 
2025-04-16T14:44:50.2528601Z Error: [96msrc/app/core/services/encryption.service.ts[0m:[93m113[0m:[93m37[0m - [91merror[0m[90m TS2551: [0mProperty 'getCurrentUserId' does not exist on type 'AuthService'. Did you mean 'getCurrentUser'?
2025-04-16T14:44:50.2529837Z 
2025-04-16T14:44:50.2530429Z [7m113[0m     const userId = this.authService.getCurrentUserId();
2025-04-16T14:44:50.2531329Z [7m   [0m [91m                                    ~~~~~~~~~~~~~~~~[0m
2025-04-16T14:44:50.2531691Z 
2025-04-16T14:44:50.2532618Z   [96msrc/app/core/services/auth.service.ts[0m:[93m135[0m:[93m3[0m
2025-04-16T14:44:50.2533443Z     [7m135[0m   getCurrentUser(): User | null {
2025-04-16T14:44:50.2534041Z     [7m   [0m [96m  ~~~~~~~~~~~~~~[0m
2025-04-16T14:44:50.2534530Z     'getCurrentUser' is declared here.
2025-04-16T14:44:50.2534835Z 
2025-04-16T14:44:50.2534843Z 
2025-04-16T14:44:50.2536800Z Error: [96msrc/app/core/services/encryption.service.ts[0m:[93m389[0m:[93m37[0m - [91merror[0m[90m TS2551: [0mProperty 'getCurrentUserId' does not exist on type 'AuthService'. Did you mean 'getCurrentUser'?
2025-04-16T14:44:50.2538022Z 
2025-04-16T14:44:50.2538624Z [7m389[0m     const userId = this.authService.getCurrentUserId();
2025-04-16T14:44:50.2539560Z [7m   [0m [91m                                    ~~~~~~~~~~~~~~~~[0m
2025-04-16T14:44:50.2539922Z 
2025-04-16T14:44:50.2540474Z   [96msrc/app/core/services/auth.service.ts[0m:[93m135[0m:[93m3[0m
2025-04-16T14:44:50.2541340Z     [7m135[0m   getCurrentUser(): User | null {
2025-04-16T14:44:50.2541980Z     [7m   [0m [96m  ~~~~~~~~~~~~~~[0m
2025-04-16T14:44:50.2542492Z     'getCurrentUser' is declared here.
2025-04-16T14:44:50.2542823Z 
2025-04-16T14:44:50.2542833Z 
2025-04-16T14:44:50.2544634Z Error: [96msrc/app/core/services/encryption.service.ts[0m:[93m522[0m:[93m37[0m - [91merror[0m[90m TS2551: [0mProperty 'getCurrentUserId' does not exist on type 'AuthService'. Did you mean 'getCurrentUser'?
2025-04-16T14:44:50.2546075Z 
2025-04-16T14:44:50.2546652Z [7m522[0m     const userId = this.authService.getCurrentUserId();
2025-04-16T14:44:50.2547552Z [7m   [0m [91m                                    ~~~~~~~~~~~~~~~~[0m
2025-04-16T14:44:50.2547913Z 
2025-04-16T14:44:50.2548424Z   [96msrc/app/core/services/auth.service.ts[0m:[93m135[0m:[93m3[0m
2025-04-16T14:44:50.2549203Z     [7m135[0m   getCurrentUser(): User | null {
2025-04-16T14:44:50.2549805Z     [7m   [0m [96m  ~~~~~~~~~~~~~~[0m
2025-04-16T14:44:50.2550305Z     'getCurrentUser' is declared here.
2025-04-16T14:44:50.2550622Z 
2025-04-16T14:44:50.2550638Z 
2025-04-16T14:44:50.2552400Z Error: [96msrc/app/core/services/encryption.service.ts[0m:[93m721[0m:[93m37[0m - [91merror[0m[90m TS2551: [0mProperty 'getCurrentUserId' does not exist on type 'AuthService'. Did you mean 'getCurrentUser'?
2025-04-16T14:44:50.2553598Z 
2025-04-16T14:44:50.2554132Z [7m721[0m     const userId = this.authService.getCurrentUserId();
2025-04-16T14:44:50.2555023Z [7m   [0m [91m                                    ~~~~~~~~~~~~~~~~[0m
2025-04-16T14:44:50.2555379Z 
2025-04-16T14:44:50.2556088Z   [96msrc/app/core/services/auth.service.ts[0m:[93m135[0m:[93m3[0m
2025-04-16T14:44:50.2557002Z     [7m135[0m   getCurrentUser(): User | null {
2025-04-16T14:44:50.2557630Z     [7m   [0m [96m  ~~~~~~~~~~~~~~[0m
2025-04-16T14:44:50.2558108Z     'getCurrentUser' is declared here.
2025-04-16T14:44:50.2558410Z 
2025-04-16T14:44:50.2558420Z 
2025-04-16T14:44:50.2560189Z Error: [96msrc/app/core/services/encryption.service.ts[0m:[93m755[0m:[93m37[0m - [91merror[0m[90m TS2551: [0mProperty 'getCurrentUserId' does not exist on type 'AuthService'. Did you mean 'getCurrentUser'?
2025-04-16T14:44:50.2561432Z 
2025-04-16T14:44:50.2562007Z [7m755[0m     const userId = this.authService.getCurrentUserId();
2025-04-16T14:44:50.2562927Z [7m   [0m [91m                                    ~~~~~~~~~~~~~~~~[0m
2025-04-16T14:44:50.2563267Z 
2025-04-16T14:44:50.2563773Z   [96msrc/app/core/services/auth.service.ts[0m:[93m135[0m:[93m3[0m
2025-04-16T14:44:50.2564872Z     [7m135[0m   getCurrentUser(): User | null {
2025-04-16T14:44:50.2565422Z     [7m   [0m [96m  ~~~~~~~~~~~~~~[0m
2025-04-16T14:44:50.2566084Z     'getCurrentUser' is declared here.
2025-04-16T14:44:50.2566363Z 
2025-04-16T14:44:50.2566372Z 
2025-04-16T14:44:50.2568855Z Error: [96msrc/app/core/services/favorite.service.spec.ts[0m:[93m58[0m:[93m35[0m - [91merror[0m[90m TS2345: [0mArgument of type '{ _id: string; ad: { _id: string; title: string; }; }[]' is not assignable to parameter of type 'Expected<ArrayLike<Favorite>> | ArrayContaining<Favorite>'.
2025-04-16T14:44:50.2571382Z   Type '{ _id: string; ad: { _id: string; title: string; }; }[]' is not assignable to type '{ [x: number]: ExpectedRecursive<Favorite>; length: ExpectedRecursive<number>; }'.
2025-04-16T14:44:50.2572442Z     'number' index signatures are incompatible.
2025-04-16T14:44:50.2573343Z       Type '{ _id: string; ad: { _id: string; title: string; }; }' is not assignable to type 'ExpectedRecursive<Favorite>'.
2025-04-16T14:44:50.2575875Z         Type '{ _id: string; ad: { _id: string; title: string; }; }' is missing the following properties from type '{ _id: Any | ExpectedRecursive<string>; user: Any | ExpectedRecursive<string>; ad: Any | ExpectedRecursive<Ad>; ... 5 more ...; updatedAt: Any | ExpectedRecursive<...>; }': user, notes, notificationsEnabled, tags, and 3 more.
2025-04-16T14:44:50.2577517Z 
2025-04-16T14:44:50.2578002Z [7m58[0m         expect(favorites).toEqual(mockFavorites);
2025-04-16T14:44:50.2578782Z [7m  [0m [91m                                  ~~~~~~~~~~~~~[0m
2025-04-16T14:44:50.2579112Z 
2025-04-16T14:44:50.2579121Z 
2025-04-16T14:44:50.2581158Z Error: [96msrc/app/core/services/geocoding.service.ts[0m:[93m62[0m:[93m5[0m - [91merror[0m[90m TS2322: [0mType 'Observable<GeocodingResult | { type: string; coordinates: [number, number]; }>' is not assignable to type 'Observable<GeocodingResult>'.
2025-04-16T14:44:50.2583228Z   Type 'GeocodingResult | { type: string; coordinates: [number, number]; }' is not assignable to type 'GeocodingResult'.
2025-04-16T14:44:50.2584498Z     Type '{ type: string; coordinates: [number, number]; }' is not assignable to type 'GeocodingResult'.
2025-04-16T14:44:50.2585348Z       Types of property 'type' are incompatible.
2025-04-16T14:44:50.2587037Z         Type 'string' is not assignable to type '"Point"'.
2025-04-16T14:44:50.2587438Z 
2025-04-16T14:44:50.2588102Z [7m62[0m     return this.locationService.getCityCoordinates(city).pipe(
2025-04-16T14:44:50.2588928Z [7m  [0m [91m    ~~~~~~[0m
2025-04-16T14:44:50.2589189Z 
2025-04-16T14:44:50.2589200Z 
2025-04-16T14:44:50.2593757Z Error: [96msrc/app/core/services/geocoding.service.ts[0m:[93m155[0m:[93m5[0m - [91merror[0m[90m TS2322: [0mType 'Observable<{ type: string; coordinates: number[]; }>' is not assignable to type 'Observable<GeocodingResult>'.
2025-04-16T14:44:50.2595739Z   Type '{ type: string; coordinates: number[]; }' is not assignable to type 'GeocodingResult'.
2025-04-16T14:44:50.2596539Z     Types of property 'type' are incompatible.
2025-04-16T14:44:50.2597165Z       Type 'string' is not assignable to type '"Point"'.
2025-04-16T14:44:50.2597538Z 
2025-04-16T14:44:50.2598243Z [7m155[0m     return this.http.get<any[]>(`${this.nominatimUrl}?${queryString}`).pipe(
2025-04-16T14:44:50.2598983Z [7m   [0m [91m    ~~~~~~[0m
2025-04-16T14:44:50.2599235Z 
2025-04-16T14:44:50.2599245Z 
2025-04-16T14:44:50.2603110Z Error: [96msrc/app/features/favorites/favorites-list/favorites-list.component.spec.ts[0m:[93m98[0m:[93m53[0m - [91merror[0m[90m TS2345: [0mArgument of type 'Observable<{ _id: string; ad: { _id: string; title: string; price: number; location: { city: string; county: string; }; images: { url: string; }[]; advertiser: { _id: string; }; }; notes: string; notificationsEnabled: boolean; createdAt: string; }[]>' is not assignable to parameter of type 'Observable<Favorite[]>'.
2025-04-16T14:44:50.2607296Z   Type '{ _id: string; ad: { _id: string; title: string; price: number; location: { city: string; county: string; }; images: { url: string; }[]; advertiser: { _id: string; }; }; notes: string; notificationsEnabled: boolean; createdAt: string; }[]' is not assignable to type 'Favorite[]'.
2025-04-16T14:44:50.2610615Z     Type '{ _id: string; ad: { _id: string; title: string; price: number; location: { city: string; county: string; }; images: { url: string; }[]; advertiser: { _id: string; }; }; notes: string; notificationsEnabled: boolean; createdAt: string; }' is missing the following properties from type 'Favorite': user, tags, priority, updatedAt
2025-04-16T14:44:50.2612640Z 
2025-04-16T14:44:50.2613393Z [7m98[0m     favoriteServiceSpy.getFavorites.and.returnValue(of(mockFavorites));
2025-04-16T14:44:50.2614480Z [7m  [0m [91m                                                    ~~~~~~~~~~~~~~~~~[0m
2025-04-16T14:44:50.2614841Z 
2025-04-16T14:44:50.2614850Z 
2025-04-16T14:44:50.2619034Z Error: [96msrc/app/features/favorites/favorites-list/favorites-list.component.spec.ts[0m:[93m103[0m:[93m41[0m - [91merror[0m[90m TS2345: [0mArgument of type '{ _id: string; ad: { _id: string; title: string; price: number; location: { city: string; county: string; }; images: { url: string; }[]; advertiser: { _id: string; }; }; notes: string; notificationsEnabled: boolean; createdAt: string; }[]' is not assignable to parameter of type 'Expected<ArrayLike<Favorite>> | ArrayContaining<Favorite>'.
2025-04-16T14:44:50.2623759Z   Type '{ _id: string; ad: { _id: string; title: string; price: number; location: { city: string; county: string; }; images: { url: string; }[]; advertiser: { _id: string; }; }; notes: string; notificationsEnabled: boolean; createdAt: string; }[]' is not assignable to type '{ [x: number]: ExpectedRecursive<Favorite>; length: ExpectedRecursive<number>; }'.
2025-04-16T14:44:50.2626051Z     'number' index signatures are incompatible.
2025-04-16T14:44:50.2628009Z       Type '{ _id: string; ad: { _id: string; title: string; price: number; location: { city: string; county: string; }; images: { url: string; }[]; advertiser: { _id: string; }; }; notes: string; notificationsEnabled: boolean; createdAt: string; }' is not assignable to type 'ExpectedRecursive<Favorite>'.
2025-04-16T14:44:50.2632017Z         Type '{ _id: string; ad: { _id: string; title: string; price: number; location: { city: string; county: string; }; images: { url: string; }[]; advertiser: { _id: string; }; }; notes: string; notificationsEnabled: boolean; createdAt: string; }' is not assignable to type 'Favorite | { _id: Any | ExpectedRecursive<string>; user: Any | ExpectedRecursive<string>; ad: Any | ExpectedRecursive<Ad>; ... 5 more ...; updatedAt: Any | ExpectedRecursive<...>; }'.
2025-04-16T14:44:50.2637513Z           Type '{ _id: string; ad: { _id: string; title: string; price: number; location: { city: string; county: string; }; images: { url: string; }[]; advertiser: { _id: string; }; }; notes: string; notificationsEnabled: boolean; createdAt: string; }' is missing the following properties from type '{ _id: Any | ExpectedRecursive<string>; user: Any | ExpectedRecursive<string>; ad: Any | ExpectedRecursive<Ad>; ... 5 more ...; updatedAt: Any | ExpectedRecursive<...>; }': user, tags, priority, updatedAt
2025-04-16T14:44:50.2640022Z 
2025-04-16T14:44:50.2640622Z [7m103[0m     expect(component.favorites).toEqual(mockFavorites);
2025-04-16T14:44:50.2641527Z [7m   [0m [91m                                        ~~~~~~~~~~~~~[0m
2025-04-16T14:44:50.2641891Z 
2025-04-16T14:44:50.2641913Z 
2025-04-16T14:44:50.2645996Z Error: [96msrc/app/features/favorites/favorites-list/favorites-list.component.spec.ts[0m:[93m117[0m:[93m53[0m - [91merror[0m[90m TS2345: [0mArgument of type 'Observable<{ _id: string; ad: { _id: string; title: string; price: number; location: { city: string; county: string; }; images: { url: string; }[]; advertiser: { _id: string; }; }; notes: string; notificationsEnabled: boolean; createdAt: string; }[]>' is not assignable to parameter of type 'Observable<Favorite[]>'.
2025-04-16T14:44:50.2649976Z   Type '{ _id: string; ad: { _id: string; title: string; price: number; location: { city: string; county: string; }; images: { url: string; }[]; advertiser: { _id: string; }; }; notes: string; notificationsEnabled: boolean; createdAt: string; }[]' is not assignable to type 'Favorite[]'.
2025-04-16T14:44:50.2653498Z     Type '{ _id: string; ad: { _id: string; title: string; price: number; location: { city: string; county: string; }; images: { url: string; }[]; advertiser: { _id: string; }; }; notes: string; notificationsEnabled: boolean; createdAt: string; }' is missing the following properties from type 'Favorite': user, tags, priority, updatedAt
2025-04-16T14:44:50.2655667Z 
2025-04-16T14:44:50.2656418Z [7m117[0m     favoriteServiceSpy.getFavorites.and.returnValue(of(mockFavorites));
2025-04-16T14:44:50.2657560Z [7m   [0m [91m                                                    ~~~~~~~~~~~~~~~~~[0m
2025-04-16T14:44:50.2657960Z 
2025-04-16T14:44:50.2657972Z 
2025-04-16T14:44:50.2661656Z Error: [96msrc/app/features/favorites/favorites-list/favorites-list.component.spec.ts[0m:[93m130[0m:[93m53[0m - [91merror[0m[90m TS2345: [0mArgument of type 'Observable<{ _id: string; ad: { _id: string; title: string; price: number; location: { city: string; county: string; }; images: { url: string; }[]; advertiser: { _id: string; }; }; notes: string; notificationsEnabled: boolean; createdAt: string; }[]>' is not assignable to parameter of type 'Observable<Favorite[]>'.
2025-04-16T14:44:50.2665900Z   Type '{ _id: string; ad: { _id: string; title: string; price: number; location: { city: string; county: string; }; images: { url: string; }[]; advertiser: { _id: string; }; }; notes: string; notificationsEnabled: boolean; createdAt: string; }[]' is not assignable to type 'Favorite[]'.
2025-04-16T14:44:50.2669233Z     Type '{ _id: string; ad: { _id: string; title: string; price: number; location: { city: string; county: string; }; images: { url: string; }[]; advertiser: { _id: string; }; }; notes: string; notificationsEnabled: boolean; createdAt: string; }' is missing the following properties from type 'Favorite': user, tags, priority, updatedAt
2025-04-16T14:44:50.2670964Z 
2025-04-16T14:44:50.2671735Z [7m130[0m     favoriteServiceSpy.getFavorites.and.returnValue(of(mockFavorites));
2025-04-16T14:44:50.2675268Z [7m   [0m [91m                                                    ~~~~~~~~~~~~~~~~~[0m
2025-04-16T14:44:50.2675864Z 
2025-04-16T14:44:50.2675875Z 
2025-04-16T14:44:50.2679491Z Error: [96msrc/app/features/favorites/favorites-list/favorites-list.component.spec.ts[0m:[93m134[0m:[93m35[0m - [91merror[0m[90m TS2345: [0mArgument of type '{ _id: string; ad: { _id: string; title: string; price: number; location: { city: string; county: string; }; images: { url: string; }[]; advertiser: { _id: string; }; }; notes: string; notificationsEnabled: boolean; createdAt: string; }' is not assignable to parameter of type 'Favorite'.
2025-04-16T14:44:50.2683578Z   Type '{ _id: string; ad: { _id: string; title: string; price: number; location: { city: string; county: string; }; images: { url: string; }[]; advertiser: { _id: string; }; }; notes: string; notificationsEnabled: boolean; createdAt: string; }' is missing the following properties from type 'Favorite': user, tags, priority, updatedAt
2025-04-16T14:44:50.2685212Z 
2025-04-16T14:44:50.2687087Z [7m134[0m     component.toggleNotifications(mockFavorites[0]);
2025-04-16T14:44:50.2689229Z [7m   [0m [91m                                  ~~~~~~~~~~~~~~~~[0m
2025-04-16T14:44:50.2689635Z 
2025-04-16T14:44:50.2689646Z 
2025-04-16T14:44:50.2693410Z Error: [96msrc/app/features/favorites/favorites-list/favorites-list.component.spec.ts[0m:[93m144[0m:[93m53[0m - [91merror[0m[90m TS2345: [0mArgument of type 'Observable<{ _id: string; ad: { _id: string; title: string; price: number; location: { city: string; county: string; }; images: { url: string; }[]; advertiser: { _id: string; }; }; notes: string; notificationsEnabled: boolean; createdAt: string; }[]>' is not assignable to parameter of type 'Observable<Favorite[]>'.
2025-04-16T14:44:50.2697598Z   Type '{ _id: string; ad: { _id: string; title: string; price: number; location: { city: string; county: string; }; images: { url: string; }[]; advertiser: { _id: string; }; }; notes: string; notificationsEnabled: boolean; createdAt: string; }[]' is not assignable to type 'Favorite[]'.
2025-04-16T14:44:50.2701477Z     Type '{ _id: string; ad: { _id: string; title: string; price: number; location: { city: string; county: string; }; images: { url: string; }[]; advertiser: { _id: string; }; }; notes: string; notificationsEnabled: boolean; createdAt: string; }' is missing the following properties from type 'Favorite': user, tags, priority, updatedAt
2025-04-16T14:44:50.2703402Z 
2025-04-16T14:44:50.2704187Z [7m144[0m     favoriteServiceSpy.getFavorites.and.returnValue(of(mockFavorites));
2025-04-16T14:44:50.2705418Z [7m   [0m [91m                                                    ~~~~~~~~~~~~~~~~~[0m
2025-04-16T14:44:50.2726169Z 
2025-04-16T14:44:50.2726190Z 
2025-04-16T14:44:50.2729784Z Error: [96msrc/app/features/favorites/favorites-list/favorites-list.component.spec.ts[0m:[93m148[0m:[93m27[0m - [91merror[0m[90m TS2345: [0mArgument of type '{ _id: string; ad: { _id: string; title: string; price: number; location: { city: string; county: string; }; images: { url: string; }[]; advertiser: { _id: string; }; }; notes: string; notificationsEnabled: boolean; createdAt: string; }' is not assignable to parameter of type 'Favorite'.
2025-04-16T14:44:50.2734071Z   Type '{ _id: string; ad: { _id: string; title: string; price: number; location: { city: string; county: string; }; images: { url: string; }[]; advertiser: { _id: string; }; }; notes: string; notificationsEnabled: boolean; createdAt: string; }' is missing the following properties from type 'Favorite': user, tags, priority, updatedAt
2025-04-16T14:44:50.2735987Z 
2025-04-16T14:44:50.2736597Z [7m148[0m     component.updateNotes(mockFavorites[0], 'New notes');
2025-04-16T14:44:50.2737443Z [7m   [0m [91m                          ~~~~~~~~~~~~~~~~[0m
2025-04-16T14:44:50.2737782Z 
2025-04-16T14:44:50.2737793Z 
2025-04-16T14:44:50.2741644Z Error: [96msrc/app/features/favorites/favorites-list/favorites-list.component.spec.ts[0m:[93m156[0m:[93m53[0m - [91merror[0m[90m TS2345: [0mArgument of type 'Observable<{ _id: string; ad: { _id: string; title: string; price: number; location: { city: string; county: string; }; images: { url: string; }[]; advertiser: { _id: string; }; }; notes: string; notificationsEnabled: boolean; createdAt: string; }[]>' is not assignable to parameter of type 'Observable<Favorite[]>'.
2025-04-16T14:44:50.2766036Z   Type '{ _id: string; ad: { _id: string; title: string; price: number; location: { city: string; county: string; }; images: { url: string; }[]; advertiser: { _id: string; }; }; notes: string; notificationsEnabled: boolean; createdAt: string; }[]' is not assignable to type 'Favorite[]'.
2025-04-16T14:44:50.2769379Z     Type '{ _id: string; ad: { _id: string; title: string; price: number; location: { city: string; county: string; }; images: { url: string; }[]; advertiser: { _id: string; }; }; notes: string; notificationsEnabled: boolean; createdAt: string; }' is missing the following properties from type 'Favorite': user, tags, priority, updatedAt
2025-04-16T14:44:50.2771093Z 
2025-04-16T14:44:50.2771876Z [7m156[0m     favoriteServiceSpy.getFavorites.and.returnValue(of(mockFavorites));
2025-04-16T14:44:50.2773010Z [7m   [0m [91m                                                    ~~~~~~~~~~~~~~~~~[0m
2025-04-16T14:44:50.2773381Z 
2025-04-16T14:44:50.2773391Z 
2025-04-16T14:44:50.2777278Z Error: [96msrc/app/features/favorites/favorites-list/favorites-list.component.spec.ts[0m:[93m165[0m:[93m31[0m - [91merror[0m[90m TS2345: [0mArgument of type '{ _id: string; ad: { _id: string; title: string; price: number; location: { city: string; county: string; }; images: { url: string; }[]; advertiser: { _id: string; }; }; notes: string; notificationsEnabled: boolean; createdAt: string; }' is not assignable to parameter of type 'Favorite'.
2025-04-16T14:44:50.2781524Z   Type '{ _id: string; ad: { _id: string; title: string; price: number; location: { city: string; county: string; }; images: { url: string; }[]; advertiser: { _id: string; }; }; notes: string; notificationsEnabled: boolean; createdAt: string; }' is missing the following properties from type 'Favorite': user, tags, priority, updatedAt
2025-04-16T14:44:50.2783559Z 
2025-04-16T14:44:50.2784361Z [7m165[0m     component.openNotesDialog(mockFavorites[0]);
2025-04-16T14:44:50.2785296Z [7m   [0m [91m                              ~~~~~~~~~~~~~~~~[0m
2025-04-16T14:44:50.2805953Z 
2025-04-16T14:44:50.2805965Z 
2025-04-16T14:44:50.2807643Z Error: [96msrc/app/features/favorites/favorites-list/favorites-list.component.ts[0m:[93m875[0m:[93m36[0m - [91merror[0m[90m TS2339: [0mProperty 'selected' does not exist on type 'Favorite'.
2025-04-16T14:44:50.2808773Z 
2025-04-16T14:44:50.2809182Z [7m875[0m       .filter(favorite => favorite.selected)
2025-04-16T14:44:50.2809907Z [7m   [0m [91m                                   ~~~~~~~~[0m
2025-04-16T14:44:50.2810231Z 
2025-04-16T14:44:50.2810241Z 
2025-04-16T14:44:50.2812116Z Error: [96msrc/app/shared/components/chat-message/chat-message.component.ts[0m:[93m40[0m:[93m44[0m - [91merror[0m[90m TS2551: [0mProperty 'getCurrentUserId' does not exist on type 'AuthService'. Did you mean 'getCurrentUser'?
2025-04-16T14:44:50.2813424Z 
2025-04-16T14:44:50.2813986Z [7m40[0m     const currentUserId = this.authService.getCurrentUserId();
2025-04-16T14:44:50.2814909Z [7m  [0m [91m                                           ~~~~~~~~~~~~~~~~[0m
2025-04-16T14:44:50.2815266Z 
2025-04-16T14:44:50.2816032Z   [96msrc/app/core/services/auth.service.ts[0m:[93m135[0m:[93m3[0m
2025-04-16T14:44:50.2816856Z     [7m135[0m   getCurrentUser(): User | null {
2025-04-16T14:44:50.2817449Z     [7m   [0m [96m  ~~~~~~~~~~~~~~[0m
2025-04-16T14:44:50.2817933Z     'getCurrentUser' is declared here.
2025-04-16T14:44:50.2818237Z 
2025-04-16T14:44:50.2818256Z 
2025-04-16T14:44:50.2819834Z Error: [96msrc/app/shared/components/chat-message/chat-message.component.ts[0m:[93m109[0m:[93m60[0m - [91merror[0m[90m TS2339: [0mProperty 'createdAt' does not exist on type 'ChatMessage'.
2025-04-16T14:44:50.2821003Z 
2025-04-16T14:44:50.2821806Z [7m109[0m     return new Date(this.message.timestamp || this.message.createdAt || Date.now());
2025-04-16T14:44:50.2822974Z [7m   [0m [91m                                                           ~~~~~~~~~[0m
2025-04-16T14:44:50.2823364Z 
2025-04-16T14:44:50.2823375Z 
2025-04-16T14:44:50.2824619Z Error: [96msrc/app/shared/components/map/map.component.spec.ts[0m:[93m8[0m:[93m1[0m - [91merror[0m[90m TS2304: [0mCannot find name 'jest'.
2025-04-16T14:44:50.2845745Z 
2025-04-16T14:44:50.2846162Z [7m8[0m jest.mock('leaflet', () => {
2025-04-16T14:44:50.2846706Z [7m [0m [91m~~~~[0m
2025-04-16T14:44:50.2846939Z 
2025-04-16T14:44:50.2846948Z 
2025-04-16T14:44:50.2848159Z Error: [96msrc/app/shared/components/map/map.component.spec.ts[0m:[93m9[0m:[93m26[0m - [91merror[0m[90m TS2304: [0mCannot find name 'jest'.
2025-04-16T14:44:50.2849029Z 
2025-04-16T14:44:50.2849533Z [7m9[0m   const originalModule = jest.requireActual('leaflet');
2025-04-16T14:44:50.2850275Z [7m [0m [91m                         ~~~~[0m
2025-04-16T14:44:50.2850575Z 
2025-04-16T14:44:50.2850600Z 
2025-04-16T14:44:50.2851796Z Error: [96msrc/app/shared/components/map/map.component.spec.ts[0m:[93m13[0m:[93m14[0m - [91merror[0m[90m TS2304: [0mCannot find name 'jest'.
2025-04-16T14:44:50.2852643Z 
2025-04-16T14:44:50.2853026Z [7m13[0m     setView: jest.fn().mockReturnThis(),
2025-04-16T14:44:50.2853643Z [7m  [0m [91m             ~~~~[0m
2025-04-16T14:44:50.2853918Z 
2025-04-16T14:44:50.2853927Z 
2025-04-16T14:44:50.2855092Z Error: [96msrc/app/shared/components/map/map.component.spec.ts[0m:[93m14[0m:[93m13[0m - [91merror[0m[90m TS2304: [0mCannot find name 'jest'.
2025-04-16T14:44:50.2856180Z 
2025-04-16T14:44:50.2856503Z [7m14[0m     remove: jest.fn(),
2025-04-16T14:44:50.2857052Z [7m  [0m [91m            ~~~~[0m
2025-04-16T14:44:50.2857328Z 
2025-04-16T14:44:50.2857338Z 
2025-04-16T14:44:50.2858536Z Error: [96msrc/app/shared/components/map/map.component.spec.ts[0m:[93m15[0m:[93m9[0m - [91merror[0m[90m TS2304: [0mCannot find name 'jest'.
2025-04-16T14:44:50.2859672Z 
2025-04-16T14:44:50.2860295Z [7m15[0m     on: jest.fn().mockReturnThis(),
2025-04-16T14:44:50.2861002Z [7m  [0m [91m        ~~~~[0m
2025-04-16T14:44:50.2861273Z 
2025-04-16T14:44:50.2861282Z 
2025-04-16T14:44:50.2862475Z Error: [96msrc/app/shared/components/map/map.component.spec.ts[0m:[93m16[0m:[93m10[0m - [91merror[0m[90m TS2304: [0mCannot find name 'jest'.
2025-04-16T14:44:50.2863324Z 
2025-04-16T14:44:50.2863608Z [7m16[0m     off: jest.fn(),
2025-04-16T14:44:50.2864121Z [7m  [0m [91m         ~~~~[0m
2025-04-16T14:44:50.2864373Z 
2025-04-16T14:44:50.2864381Z 
2025-04-16T14:44:50.2865972Z Error: [96msrc/app/shared/components/map/map.component.spec.ts[0m:[93m17[0m:[93m21[0m - [91merror[0m[90m TS2304: [0mCannot find name 'jest'.
2025-04-16T14:44:50.2866826Z 
2025-04-16T14:44:50.2867208Z [7m17[0m     invalidateSize: jest.fn(),
2025-04-16T14:44:50.2867832Z [7m  [0m [91m                    ~~~~[0m
2025-04-16T14:44:50.2868135Z 
2025-04-16T14:44:50.2868155Z 
2025-04-16T14:44:50.2869355Z Error: [96msrc/app/shared/components/map/map.component.spec.ts[0m:[93m18[0m:[93m15[0m - [91merror[0m[90m TS2304: [0mCannot find name 'jest'.
2025-04-16T14:44:50.2870209Z 
2025-04-16T14:44:50.2870513Z [7m18[0m     addLayer: jest.fn(),
2025-04-16T14:44:50.2871071Z [7m  [0m [91m              ~~~~[0m
2025-04-16T14:44:50.2871344Z 
2025-04-16T14:44:50.2871353Z 
2025-04-16T14:44:50.2872533Z Error: [96msrc/app/shared/components/map/map.component.spec.ts[0m:[93m19[0m:[93m18[0m - [91merror[0m[90m TS2304: [0mCannot find name 'jest'.
2025-04-16T14:44:50.2873402Z 
2025-04-16T14:44:50.2873759Z [7m19[0m     removeLayer: jest.fn(),
2025-04-16T14:44:50.2874365Z [7m  [0m [91m                 ~~~~[0m
2025-04-16T14:44:50.2874661Z 
2025-04-16T14:44:50.2874669Z 
2025-04-16T14:44:50.2876129Z Error: [96msrc/app/shared/components/map/map.component.spec.ts[0m:[93m20[0m:[93m14[0m - [91merror[0m[90m TS2304: [0mCannot find name 'jest'.
2025-04-16T14:44:50.2877023Z 
2025-04-16T14:44:50.2877497Z [7m20[0m     getZoom: jest.fn().mockReturnValue(10),
2025-04-16T14:44:50.2878160Z [7m  [0m [91m             ~~~~[0m
2025-04-16T14:44:50.2878454Z 
2025-04-16T14:44:50.2878463Z 
2025-04-16T14:44:50.2879695Z Error: [96msrc/app/shared/components/map/map.component.spec.ts[0m:[93m21[0m:[93m14[0m - [91merror[0m[90m TS2304: [0mCannot find name 'jest'.
2025-04-16T14:44:50.2880542Z 
2025-04-16T14:44:50.2880870Z [7m21[0m     setZoom: jest.fn(),
2025-04-16T14:44:50.2881431Z [7m  [0m [91m             ~~~~[0m
2025-04-16T14:44:50.2881721Z 
2025-04-16T14:44:50.2881731Z 
2025-04-16T14:44:50.2882969Z Error: [96msrc/app/shared/components/map/map.component.spec.ts[0m:[93m22[0m:[93m16[0m - [91merror[0m[90m TS2304: [0mCannot find name 'jest'.
2025-04-16T14:44:50.2883813Z 
2025-04-16T14:44:50.2884361Z [7m22[0m     getCenter: jest.fn().mockReturnValue({ lat: 0, lng: 0 }),
2025-04-16T14:44:50.2885051Z [7m  [0m [91m               ~~~~[0m
2025-04-16T14:44:50.2885329Z 
2025-04-16T14:44:50.2885338Z 
2025-04-16T14:44:50.2887116Z Error: [96msrc/app/shared/components/map/map.component.spec.ts[0m:[93m23[0m:[93m12[0m - [91merror[0m[90m TS2304: [0mCannot find name 'jest'.
2025-04-16T14:44:50.2887932Z 
2025-04-16T14:44:50.2888210Z [7m23[0m     flyTo: jest.fn(),
2025-04-16T14:44:50.2888722Z [7m  [0m [91m           ~~~~[0m
2025-04-16T14:44:50.2888987Z 
2025-04-16T14:44:50.2888995Z 
2025-04-16T14:44:50.2890132Z Error: [96msrc/app/shared/components/map/map.component.spec.ts[0m:[93m28[0m:[93m12[0m - [91merror[0m[90m TS2304: [0mCannot find name 'jest'.
2025-04-16T14:44:50.2890951Z 
2025-04-16T14:44:50.2891308Z [7m28[0m     addTo: jest.fn().mockReturnThis(),
2025-04-16T14:44:50.2891885Z [7m  [0m [91m           ~~~~[0m
2025-04-16T14:44:50.2892138Z 
2025-04-16T14:44:50.2892150Z 
2025-04-16T14:44:50.2893294Z Error: [96msrc/app/shared/components/map/map.component.spec.ts[0m:[93m29[0m:[93m16[0m - [91merror[0m[90m TS2304: [0mCannot find name 'jest'.
2025-04-16T14:44:50.2894345Z 
2025-04-16T14:44:50.2894883Z [7m29[0m     setLatLng: jest.fn().mockReturnThis(),
2025-04-16T14:44:50.2895665Z [7m  [0m [91m               ~~~~[0m
2025-04-16T14:44:50.2895952Z 
2025-04-16T14:44:50.2895961Z 
2025-04-16T14:44:50.2897175Z Error: [96msrc/app/shared/components/map/map.component.spec.ts[0m:[93m30[0m:[93m16[0m - [91merror[0m[90m TS2304: [0mCannot find name 'jest'.
2025-04-16T14:44:50.2898050Z 
2025-04-16T14:44:50.2898485Z [7m30[0m     bindPopup: jest.fn().mockReturnThis(),
2025-04-16T14:44:50.2899141Z [7m  [0m [91m               ~~~~[0m
2025-04-16T14:44:50.2899423Z 
2025-04-16T14:44:50.2899438Z 
2025-04-16T14:44:50.2900633Z Error: [96msrc/app/shared/components/map/map.component.spec.ts[0m:[93m31[0m:[93m16[0m - [91merror[0m[90m TS2304: [0mCannot find name 'jest'.
2025-04-16T14:44:50.2901484Z 
2025-04-16T14:44:50.2901804Z [7m31[0m     openPopup: jest.fn(),
2025-04-16T14:44:50.2902389Z [7m  [0m [91m               ~~~~[0m
2025-04-16T14:44:50.2902677Z 
2025-04-16T14:44:50.2902686Z 
2025-04-16T14:44:50.2903900Z Error: [96msrc/app/shared/components/map/map.component.spec.ts[0m:[93m32[0m:[93m13[0m - [91merror[0m[90m TS2304: [0mCannot find name 'jest'.
2025-04-16T14:44:50.2904842Z 
2025-04-16T14:44:50.2905167Z [7m32[0m     remove: jest.fn(),
2025-04-16T14:44:50.2905910Z [7m  [0m [91m            ~~~~[0m
2025-04-16T14:44:50.2906184Z 
2025-04-16T14:44:50.2906200Z 
2025-04-16T14:44:50.2907377Z Error: [96msrc/app/shared/components/map/map.component.spec.ts[0m:[93m33[0m:[93m9[0m - [91merror[0m[90m TS2304: [0mCannot find name 'jest'.
2025-04-16T14:44:50.2908217Z 
2025-04-16T14:44:50.2908648Z [7m33[0m     on: jest.fn().mockReturnThis(),
2025-04-16T14:44:50.2909265Z [7m  [0m [91m        ~~~~[0m
2025-04-16T14:44:50.2909532Z 
2025-04-16T14:44:50.2909542Z 
2025-04-16T14:44:50.2910752Z Error: [96msrc/app/shared/components/map/map.component.spec.ts[0m:[93m38[0m:[93m16[0m - [91merror[0m[90m TS2304: [0mCannot find name 'jest'.
2025-04-16T14:44:50.2911669Z 
2025-04-16T14:44:50.2912146Z [7m38[0m     setLatLng: jest.fn().mockReturnThis(),
2025-04-16T14:44:50.2912832Z [7m  [0m [91m               ~~~~[0m
2025-04-16T14:44:50.2913143Z 
2025-04-16T14:44:50.2913154Z 
2025-04-16T14:44:50.2914355Z Error: [96msrc/app/shared/components/map/map.component.spec.ts[0m:[93m39[0m:[93m17[0m - [91merror[0m[90m TS2304: [0mCannot find name 'jest'.
2025-04-16T14:44:50.2915255Z 
2025-04-16T14:44:50.2916044Z [7m39[0m     setContent: jest.fn().mockReturnThis(),
2025-04-16T14:44:50.2916718Z [7m  [0m [91m                ~~~~[0m
2025-04-16T14:44:50.2916997Z 
2025-04-16T14:44:50.2917006Z 
2025-04-16T14:44:50.2918205Z Error: [96msrc/app/shared/components/map/map.component.spec.ts[0m:[93m40[0m:[93m13[0m - [91merror[0m[90m TS2304: [0mCannot find name 'jest'.
2025-04-16T14:44:50.2919093Z 
2025-04-16T14:44:50.2919426Z [7m40[0m     openOn: jest.fn(),
2025-04-16T14:44:50.2920004Z [7m  [0m [91m            ~~~~[0m
2025-04-16T14:44:50.2920305Z 
2025-04-16T14:44:50.2920314Z 
2025-04-16T14:44:50.2921538Z Error: [96msrc/app/shared/components/map/map.component.spec.ts[0m:[93m50[0m:[93m10[0m - [91merror[0m[90m TS2304: [0mCannot find name 'jest'.
2025-04-16T14:44:50.2922396Z 
2025-04-16T14:44:50.2922833Z [7m50[0m     map: jest.fn().mockReturnValue(mockMap),
2025-04-16T14:44:50.2923457Z [7m  [0m [91m         ~~~~[0m
2025-04-16T14:44:50.2923712Z 
2025-04-16T14:44:50.2923720Z 
2025-04-16T14:44:50.2924920Z Error: [96msrc/app/shared/components/map/map.component.spec.ts[0m:[93m51[0m:[93m13[0m - [91merror[0m[90m TS2304: [0mCannot find name 'jest'.
2025-04-16T14:44:50.2925971Z 
2025-04-16T14:44:50.2926442Z [7m51[0m     marker: jest.fn().mockReturnValue(mockMarker),
2025-04-16T14:44:50.2927093Z [7m  [0m [91m            ~~~~[0m
2025-04-16T14:44:50.2927361Z 
2025-04-16T14:44:50.2927369Z 
2025-04-16T14:44:50.2928505Z Error: [96msrc/app/shared/components/map/map.component.spec.ts[0m:[93m52[0m:[93m12[0m - [91merror[0m[90m TS2304: [0mCannot find name 'jest'.
2025-04-16T14:44:50.2929761Z 
2025-04-16T14:44:50.2930207Z [7m52[0m     popup: jest.fn().mockReturnValue(mockPopup),
2025-04-16T14:44:50.2930835Z [7m  [0m [91m           ~~~~[0m
2025-04-16T14:44:50.2931090Z 
2025-04-16T14:44:50.2931098Z 
2025-04-16T14:44:50.2932261Z Error: [96msrc/app/shared/components/map/map.component.spec.ts[0m:[93m53[0m:[93m11[0m - [91merror[0m[90m TS2304: [0mCannot find name 'jest'.
2025-04-16T14:44:50.2933075Z 
2025-04-16T14:44:50.2933504Z [7m53[0m     icon: jest.fn().mockReturnValue(mockIcon),
2025-04-16T14:44:50.2934094Z [7m  [0m [91m          ~~~~[0m
2025-04-16T14:44:50.2934355Z 
2025-04-16T14:44:50.2934364Z 
2025-04-16T14:44:50.2935638Z Error: [96msrc/app/shared/components/map/map.component.spec.ts[0m:[93m54[0m:[93m16[0m - [91merror[0m[90m TS2304: [0mCannot find name 'jest'.
2025-04-16T14:44:50.2936492Z 
2025-04-16T14:44:50.2936926Z [7m54[0m     tileLayer: jest.fn().mockReturnValue({
2025-04-16T14:44:50.2937581Z [7m  [0m [91m               ~~~~[0m
2025-04-16T14:44:50.2937877Z 
2025-04-16T14:44:50.2937887Z 
2025-04-16T14:44:50.2939101Z Error: [96msrc/app/shared/components/map/map.component.spec.ts[0m:[93m55[0m:[93m14[0m - [91merror[0m[90m TS2304: [0mCannot find name 'jest'.
2025-04-16T14:44:50.2939959Z 
2025-04-16T14:44:50.2940261Z [7m55[0m       addTo: jest.fn(),
2025-04-16T14:44:50.2940797Z [7m  [0m [91m             ~~~~[0m
2025-04-16T14:44:50.2941082Z 
2025-04-16T14:44:50.2941091Z 
2025-04-16T14:44:50.2942279Z Error: [96msrc/app/shared/components/map/map.component.spec.ts[0m:[93m57[0m:[93m14[0m - [91merror[0m[90m TS2304: [0mCannot find name 'jest'.
2025-04-16T14:44:50.2943130Z 
2025-04-16T14:44:50.2943584Z [7m57[0m     divIcon: jest.fn().mockReturnValue({}),
2025-04-16T14:44:50.2944258Z [7m  [0m [91m             ~~~~[0m
2025-04-16T14:44:50.2944544Z 
2025-04-16T14:44:50.2944553Z 
2025-04-16T14:44:50.2946315Z Error: [96msrc/app/shared/components/map/map.component.spec.ts[0m:[93m143[0m:[93m22[0m - [91merror[0m[90m TS2341: [0mProperty 'map' is private and only accessible within class 'MapComponent'.
2025-04-16T14:44:50.2947425Z 
2025-04-16T14:44:50.2947871Z [7m143[0m     expect(component.map).toBeNull();
2025-04-16T14:44:50.2948519Z [7m   [0m [91m                     ~~~[0m
2025-04-16T14:44:50.2948813Z 
2025-04-16T14:44:50.2948822Z 
2025-04-16T14:44:50.2950420Z Error: [96msrc/app/shared/components/map/map.component.spec.ts[0m:[93m169[0m:[93m15[0m - [91merror[0m[90m TS2551: [0mProperty 'onMapClick' does not exist on type 'MapComponent'. Did you mean 'mapClick'?
2025-04-16T14:44:50.2951498Z 
2025-04-16T14:44:50.2951889Z [7m169[0m     component.onMapClick(mockEvent as any);
2025-04-16T14:44:50.2952521Z [7m   [0m [91m              ~~~~~~~~~~[0m
2025-04-16T14:44:50.2952791Z 
2025-04-16T14:44:50.2953353Z   [96msrc/app/shared/components/map/map.component.ts[0m:[93m126[0m:[93m13[0m
2025-04-16T14:44:50.2954483Z     [7m126[0m   @Output() mapClick = new EventEmitter<{ latitude: number; longitude: number }>();
2025-04-16T14:44:50.2955260Z     [7m   [0m [96m            ~~~~~~~~[0m
2025-04-16T14:44:50.2955985Z     'mapClick' is declared here.
2025-04-16T14:44:50.2956255Z 
2025-04-16T14:44:50.2956263Z 
2025-04-16T14:44:50.2957771Z Error: [96msrc/app/shared/components/map/map.component.spec.ts[0m:[93m184[0m:[93m22[0m - [91merror[0m[90m TS2341: [0mProperty 'map' is private and only accessible within class 'MapComponent'.
2025-04-16T14:44:50.2958815Z 
2025-04-16T14:44:50.2959429Z [7m184[0m     expect(component.map?.flyTo).toHaveBeenCalledWith([60.0, 11.0], 12);
2025-04-16T14:44:50.2960208Z [7m   [0m [91m                     ~~~[0m
2025-04-16T14:44:50.2960492Z 
2025-04-16T14:44:50.2960499Z 
2025-04-16T14:44:50.2962023Z Error: [96msrc/app/shared/components/map/map.component.spec.ts[0m:[93m200[0m:[93m22[0m - [91merror[0m[90m TS2341: [0mProperty 'map' is private and only accessible within class 'MapComponent'.
2025-04-16T14:44:50.2963300Z 
2025-04-16T14:44:50.2964030Z [7m200[0m     expect(component.map?.invalidateSize).toHaveBeenCalled();
2025-04-16T14:44:50.2964759Z [7m   [0m [91m                     ~~~[0m
2025-04-16T14:44:50.2965038Z 
2025-04-16T14:44:50.2965045Z 
2025-04-16T14:44:50.2967022Z Error: [96msrc/app/shared/components/map/map.component.spec.ts[0m:[93m214[0m:[93m15[0m - [91merror[0m[90m TS2551: [0mProperty 'onMarkerClick' does not exist on type 'MapComponent'. Did you mean 'markerClick'?
2025-04-16T14:44:50.2968149Z 
2025-04-16T14:44:50.2968571Z [7m214[0m     component.onMarkerClick(testMarker);
2025-04-16T14:44:50.2969204Z [7m   [0m [91m              ~~~~~~~~~~~~~[0m
2025-04-16T14:44:50.2969486Z 
2025-04-16T14:44:50.2970117Z   [96msrc/app/shared/components/map/map.component.ts[0m:[93m120[0m:[93m13[0m
2025-04-16T14:44:50.2971132Z     [7m120[0m   @Output() markerClick = new EventEmitter<MapMarker>();
2025-04-16T14:44:50.2971877Z     [7m   [0m [96m            ~~~~~~~~~~~[0m
2025-04-16T14:44:50.2972406Z     'markerClick' is declared here.
2025-04-16T14:44:50.2972711Z 
2025-04-16T14:44:50.2972721Z 
2025-04-16T14:44:50.2973963Z Error: [96msrc/app/shared/components/map/map.component.spec.ts[0m:[93m227[0m:[93m27[0m - [91merror[0m[90m TS2304: [0mCannot find name 'jest'.
2025-04-16T14:44:50.2974826Z 
2025-04-16T14:44:50.2975738Z [7m227[0m       getCurrentPosition: jest.fn().mockImplementation(success => {
2025-04-16T14:44:50.2976593Z [7m   [0m [91m                          ~~~~[0m
2025-04-16T14:44:50.2976892Z 
2025-04-16T14:44:50.2976900Z 
2025-04-16T14:44:50.2978061Z Error: [96msrc/app/shared/components/map/map.component.spec.ts[0m:[93m238[0m:[93m27[0m - [91merror[0m[90m TS2304: [0mCannot find name 'global'.
2025-04-16T14:44:50.2978875Z 
2025-04-16T14:44:50.2979384Z [7m238[0m     Object.defineProperty(global.navigator, 'geolocation', {
2025-04-16T14:44:50.2980174Z [7m   [0m [91m                          ~~~~~~[0m
2025-04-16T14:44:50.2980501Z 
2025-04-16T14:44:50.2980524Z 
2025-04-16T14:44:50.2982400Z Error: [96msrc/app/shared/components/map/map.component.spec.ts[0m:[93m244[0m:[93m15[0m - [91merror[0m[90m TS2551: [0mProperty 'showCurrentPosition' does not exist on type 'MapComponent'. Did you mean 'showCurrentLocation'?
2025-04-16T14:44:50.2994703Z 
2025-04-16T14:44:50.2995165Z [7m244[0m     component.showCurrentPosition();
2025-04-16T14:44:50.2996219Z [7m   [0m [91m              ~~~~~~~~~~~~~~~~~~~[0m
2025-04-16T14:44:50.2996530Z 
2025-04-16T14:44:50.2997098Z   [96msrc/app/shared/components/map/map.component.ts[0m:[93m114[0m:[93m12[0m
2025-04-16T14:44:50.2998004Z     [7m114[0m   @Input() showCurrentLocation: boolean = false;
2025-04-16T14:44:50.2998657Z     [7m   [0m [96m           ~~~~~~~~~~~~~~~~~~~[0m
2025-04-16T14:44:50.2999159Z     'showCurrentLocation' is declared here.
2025-04-16T14:44:50.2999456Z 
2025-04-16T14:44:50.2999465Z 
2025-04-16T14:44:50.3000601Z Error: [96msrc/app/shared/components/map/map.component.ts[0m:[93m2[0m:[93m3[0m - [91merror[0m[90m TS2300: [0mDuplicate identifier 'Component'.
2025-04-16T14:44:50.3001426Z 
2025-04-16T14:44:50.3001623Z [7m2[0m   Component,
2025-04-16T14:44:50.3002058Z [7m [0m [91m  ~~~~~~~~~[0m
2025-04-16T14:44:50.3002294Z 
2025-04-16T14:44:50.3002302Z 
2025-04-16T14:44:50.3003416Z Error: [96msrc/app/shared/components/map/map.component.ts[0m:[93m3[0m:[93m3[0m - [91merror[0m[90m TS2300: [0mDuplicate identifier 'OnInit'.
2025-04-16T14:44:50.3004225Z 
2025-04-16T14:44:50.3004450Z [7m3[0m   OnInit,
2025-04-16T14:44:50.3004871Z [7m [0m [91m  ~~~~~~[0m
2025-04-16T14:44:50.3005123Z 
2025-04-16T14:44:50.3005131Z 
2025-04-16T14:44:50.3007406Z Error: [96msrc/app/shared/components/map/map.component.ts[0m:[93m4[0m:[93m3[0m - [91merror[0m[90m TS2300: [0mDuplicate identifier 'Input'.
2025-04-16T14:44:50.3008249Z 
2025-04-16T14:44:50.3008468Z [7m4[0m   Input,
2025-04-16T14:44:50.3008871Z [7m [0m [91m  ~~~~~[0m
2025-04-16T14:44:50.3009093Z 
2025-04-16T14:44:50.3009102Z 
2025-04-16T14:44:50.3010686Z Error: [96msrc/app/shared/components/map/map.component.ts[0m:[93m5[0m:[93m3[0m - [91merror[0m[90m TS2300: [0mDuplicate identifier 'Output'.
2025-04-16T14:44:50.3011528Z 
2025-04-16T14:44:50.3011728Z [7m5[0m   Output,
2025-04-16T14:44:50.3012125Z [7m [0m [91m  ~~~~~~[0m
2025-04-16T14:44:50.3012355Z 
2025-04-16T14:44:50.3012363Z 
2025-04-16T14:44:50.3013551Z Error: [96msrc/app/shared/components/map/map.component.ts[0m:[93m6[0m:[93m3[0m - [91merror[0m[90m TS2300: [0mDuplicate identifier 'EventEmitter'.
2025-04-16T14:44:50.3014411Z 
2025-04-16T14:44:50.3014629Z [7m6[0m   EventEmitter,
2025-04-16T14:44:50.3015111Z [7m [0m [91m  ~~~~~~~~~~~~[0m
2025-04-16T14:44:50.3015365Z 
2025-04-16T14:44:50.3015373Z 
2025-04-16T14:44:50.3016869Z Error: [96msrc/app/shared/components/map/map.component.ts[0m:[93m7[0m:[93m3[0m - [91merror[0m[90m TS2300: [0mDuplicate identifier 'AfterViewInit'.
2025-04-16T14:44:50.3017754Z 
2025-04-16T14:44:50.3017973Z [7m7[0m   AfterViewInit,
2025-04-16T14:44:50.3018478Z [7m [0m [91m  ~~~~~~~~~~~~~[0m
2025-04-16T14:44:50.3018739Z 
2025-04-16T14:44:50.3018748Z 
2025-04-16T14:44:50.3019919Z Error: [96msrc/app/shared/components/map/map.component.ts[0m:[93m8[0m:[93m3[0m - [91merror[0m[90m TS2300: [0mDuplicate identifier 'OnDestroy'.
2025-04-16T14:44:50.3020753Z 
2025-04-16T14:44:50.3020954Z [7m8[0m   OnDestroy,
2025-04-16T14:44:50.3021401Z [7m [0m [91m  ~~~~~~~~~[0m
2025-04-16T14:44:50.3021636Z 
2025-04-16T14:44:50.3021645Z 
2025-04-16T14:44:50.3022876Z Error: [96msrc/app/shared/components/map/map.component.ts[0m:[93m15[0m:[93m10[0m - [91merror[0m[90m TS2300: [0mDuplicate identifier 'CommonModule'.
2025-04-16T14:44:50.3023738Z 
2025-04-16T14:44:50.3024168Z [7m15[0m import { CommonModule } from '@angular/common';
2025-04-16T14:44:50.3024831Z [7m  [0m [91m         ~~~~~~~~~~~~[0m
2025-04-16T14:44:50.3025115Z 
2025-04-16T14:44:50.3025123Z 
2025-04-16T14:44:50.3026484Z Error: [96msrc/app/shared/components/map/map.component.ts[0m:[93m16[0m:[93m13[0m - [91merror[0m[90m TS2300: [0mDuplicate identifier 'L'.
2025-04-16T14:44:50.3027315Z 
2025-04-16T14:44:50.3027629Z [7m16[0m import * as L from 'leaflet';
2025-04-16T14:44:50.3028170Z [7m  [0m [91m            ~[0m
2025-04-16T14:44:50.3028424Z 
2025-04-16T14:44:50.3028432Z 
2025-04-16T14:44:50.3029673Z Error: [96msrc/app/shared/components/map/map.component.ts[0m:[93m17[0m:[93m10[0m - [91merror[0m[90m TS2300: [0mDuplicate identifier 'GeocodingService'.
2025-04-16T14:44:50.3030544Z 
2025-04-16T14:44:50.3031199Z [7m17[0m import { GeocodingService } from '../../../core/services/geocoding.service';
2025-04-16T14:44:50.3032013Z [7m  [0m [91m         ~~~~~~~~~~~~~~~~[0m
2025-04-16T14:44:50.3032302Z 
2025-04-16T14:44:50.3032310Z 
2025-04-16T14:44:50.3033513Z Error: [96msrc/app/shared/components/map/map.component.ts[0m:[93m71[0m:[93m14[0m - [91merror[0m[90m TS2300: [0mDuplicate identifier 'MapComponent'.
2025-04-16T14:44:50.3034373Z 
2025-04-16T14:44:50.3035098Z [7m71[0m export class MapComponent implements OnInit, AfterViewInit, OnDestroy, OnChanges {
2025-04-16T14:44:50.3036156Z [7m  [0m [91m             ~~~~~~~~~~~~[0m
2025-04-16T14:44:50.3036450Z 
2025-04-16T14:44:50.3036459Z 
2025-04-16T14:44:50.3038433Z Error: [96msrc/app/shared/components/map/map.component.ts[0m:[93m345[0m:[93m15[0m - [91merror[0m[90m TS2353: [0mObject literal may only specify known properties, and 'address' does not exist in type '{ latitude: number; longitude: number; }'.
2025-04-16T14:44:50.3039780Z 
2025-04-16T14:44:50.3040148Z [7m345[0m               address: result.address,
2025-04-16T14:44:50.3040753Z [7m   [0m [91m              ~~~~~~~[0m
2025-04-16T14:44:50.3041039Z 
2025-04-16T14:44:50.3041048Z 
2025-04-16T14:44:50.3042211Z Error: [96msrc/app/shared/components/map/map.component.ts[0m:[93m410[0m:[93m36[0m - [91merror[0m[90m TS2769: [0mNo overload matches this call.
2025-04-16T14:44:50.3043268Z   The last overload gave the following error.
2025-04-16T14:44:50.3044561Z     Argument of type '(e: KeyboardEvent) => void' is not assignable to parameter of type 'LeafletEventHandlerFn'.
2025-04-16T14:44:50.3045650Z       Types of parameters 'e' and 'event' are incompatible.
2025-04-16T14:44:50.3046789Z         Type 'LeafletEvent' is missing the following properties from type 'KeyboardEvent': altKey, charCode, code, ctrlKey, and 37 more.
2025-04-16T14:44:50.3047568Z 
2025-04-16T14:44:50.3048101Z [7m410[0m       leafletMarker.on('keypress', (e: KeyboardEvent) => {
2025-04-16T14:44:50.3048931Z [7m   [0m [91m                                   ~~~~~~~~~~~~~~~~~~~~~~~[0m
2025-04-16T14:44:50.3049261Z 
2025-04-16T14:44:50.3049739Z   [96m../node_modules/@types/leaflet/index.d.ts[0m:[93m1075[0m:[93m5[0m
2025-04-16T14:44:50.3050689Z     [7m1075[0m     on(type: string, fn: LeafletEventHandlerFn, context?: any): this;
2025-04-16T14:44:50.3051361Z     [7m    [0m [96m    ~~[0m
2025-04-16T14:44:50.3051786Z     The last overload is declared here.
2025-04-16T14:44:50.3052078Z 
2025-04-16T14:44:50.3052092Z 
2025-04-16T14:44:50.3053604Z Error: [96msrc/app/shared/components/map/map.component.ts[0m:[93m505[0m:[93m37[0m - [91merror[0m[90m TS2339: [0mProperty 'trackPerformance' does not exist on type 'MapMonitoringService'.
2025-04-16T14:44:50.3054685Z 
2025-04-16T14:44:50.3055406Z [7m505[0m           this.mapMonitoringService.trackPerformance('geolocation', geolocateTime);
2025-04-16T14:44:50.3056761Z [7m   [0m [91m                                    ~~~~~~~~~~~~~~~~[0m
2025-04-16T14:44:50.3057088Z 
2025-04-16T14:44:50.3057096Z 
2025-04-16T14:44:50.3058539Z Error: [96msrc/app/shared/components/map/map.component.ts[0m:[93m684[0m:[93m31[0m - [91merror[0m[90m TS2339: [0mProperty 'trackPerformance' does not exist on type 'MapMonitoringService'.
2025-04-16T14:44:50.3059572Z 
2025-04-16T14:44:50.3060276Z [7m684[0m     this.mapMonitoringService.trackPerformance('update_markers', updateTime, {
2025-04-16T14:44:50.3061229Z [7m   [0m [91m                              ~~~~~~~~~~~~~~~~[0m
2025-04-16T14:44:50.3061565Z 
2025-04-16T14:44:50.3061574Z 
2025-04-16T14:44:50.3063107Z Error: [96msrc/app/shared/components/map/map.component.ts[0m:[93m777[0m:[93m33[0m - [91merror[0m[90m TS2339: [0mProperty 'trackPerformance' does not exist on type 'MapMonitoringService'.
2025-04-16T14:44:50.3064174Z 
2025-04-16T14:44:50.3064862Z [7m777[0m       this.mapMonitoringService.trackPerformance('refresh_map', refreshTime);
2025-04-16T14:44:50.3065962Z [7m   [0m [91m                                ~~~~~~~~~~~~~~~~[0m
2025-04-16T14:44:50.3066296Z 
2025-04-16T14:44:50.3066304Z 
2025-04-16T14:44:50.3067473Z Error: [96msrc/app/shared/components/map/map.component.ts[0m:[93m782[0m:[93m3[0m - [91merror[0m[90m TS2300: [0mDuplicate identifier 'Component'.
2025-04-16T14:44:50.3068328Z 
2025-04-16T14:44:50.3068537Z [7m782[0m   Component,
2025-04-16T14:44:50.3069035Z [7m   [0m [91m  ~~~~~~~~~[0m
2025-04-16T14:44:50.3069286Z 
2025-04-16T14:44:50.3069304Z 
2025-04-16T14:44:50.3070495Z Error: [96msrc/app/shared/components/map/map.component.ts[0m:[93m783[0m:[93m3[0m - [91merror[0m[90m TS2300: [0mDuplicate identifier 'OnInit'.
2025-04-16T14:44:50.3071326Z 
2025-04-16T14:44:50.3071533Z [7m783[0m   OnInit,
2025-04-16T14:44:50.3071943Z [7m   [0m [91m  ~~~~~~[0m
2025-04-16T14:44:50.3072183Z 
2025-04-16T14:44:50.3072191Z 
2025-04-16T14:44:50.3073373Z Error: [96msrc/app/shared/components/map/map.component.ts[0m:[93m784[0m:[93m3[0m - [91merror[0m[90m TS2300: [0mDuplicate identifier 'Input'.
2025-04-16T14:44:50.3074219Z 
2025-04-16T14:44:50.3074410Z [7m784[0m   Input,
2025-04-16T14:44:50.3074817Z [7m   [0m [91m  ~~~~~[0m
2025-04-16T14:44:50.3075047Z 
2025-04-16T14:44:50.3075055Z 
2025-04-16T14:44:50.3076733Z Error: [96msrc/app/shared/components/map/map.component.ts[0m:[93m785[0m:[93m3[0m - [91merror[0m[90m TS2300: [0mDuplicate identifier 'Output'.
2025-04-16T14:44:50.3077583Z 
2025-04-16T14:44:50.3077797Z [7m785[0m   Output,
2025-04-16T14:44:50.3078555Z [7m   [0m [91m  ~~~~~~[0m
2025-04-16T14:44:50.3078813Z 
2025-04-16T14:44:50.3078821Z 
2025-04-16T14:44:50.3080052Z Error: [96msrc/app/shared/components/map/map.component.ts[0m:[93m786[0m:[93m3[0m - [91merror[0m[90m TS2300: [0mDuplicate identifier 'EventEmitter'.
2025-04-16T14:44:50.3080977Z 
2025-04-16T14:44:50.3081225Z [7m786[0m   EventEmitter,
2025-04-16T14:44:50.3081732Z [7m   [0m [91m  ~~~~~~~~~~~~[0m
2025-04-16T14:44:50.3082016Z 
2025-04-16T14:44:50.3082025Z 
2025-04-16T14:44:50.3083289Z Error: [96msrc/app/shared/components/map/map.component.ts[0m:[93m787[0m:[93m3[0m - [91merror[0m[90m TS2300: [0mDuplicate identifier 'AfterViewInit'.
2025-04-16T14:44:50.3084179Z 
2025-04-16T14:44:50.3084439Z [7m787[0m   AfterViewInit,
2025-04-16T14:44:50.3084970Z [7m   [0m [91m  ~~~~~~~~~~~~~[0m
2025-04-16T14:44:50.3085247Z 
2025-04-16T14:44:50.3085256Z 
2025-04-16T14:44:50.3086735Z Error: [96msrc/app/shared/components/map/map.component.ts[0m:[93m788[0m:[93m3[0m - [91merror[0m[90m TS2300: [0mDuplicate identifier 'OnDestroy'.
2025-04-16T14:44:50.3087632Z 
2025-04-16T14:44:50.3087875Z [7m788[0m   OnDestroy,
2025-04-16T14:44:50.3088365Z [7m   [0m [91m  ~~~~~~~~~[0m
2025-04-16T14:44:50.3088615Z 
2025-04-16T14:44:50.3088624Z 
2025-04-16T14:44:50.3089857Z Error: [96msrc/app/shared/components/map/map.component.ts[0m:[93m790[0m:[93m10[0m - [91merror[0m[90m TS2300: [0mDuplicate identifier 'CommonModule'.
2025-04-16T14:44:50.3090761Z 
2025-04-16T14:44:50.3091232Z [7m790[0m import { CommonModule } from '@angular/common';
2025-04-16T14:44:50.3091906Z [7m   [0m [91m         ~~~~~~~~~~~~[0m
2025-04-16T14:44:50.3092202Z 
2025-04-16T14:44:50.3092210Z 
2025-04-16T14:44:50.3093356Z Error: [96msrc/app/shared/components/map/map.component.ts[0m:[93m791[0m:[93m13[0m - [91merror[0m[90m TS2300: [0mDuplicate identifier 'L'.
2025-04-16T14:44:50.3094175Z 
2025-04-16T14:44:50.3094482Z [7m791[0m import * as L from 'leaflet';
2025-04-16T14:44:50.3095047Z [7m   [0m [91m            ~[0m
2025-04-16T14:44:50.3095310Z 
2025-04-16T14:44:50.3095320Z 
2025-04-16T14:44:50.3096970Z Error: [96msrc/app/shared/components/map/map.component.ts[0m:[93m792[0m:[93m10[0m - [91merror[0m[90m TS2300: [0mDuplicate identifier 'GeocodingService'.
2025-04-16T14:44:50.3097914Z 
2025-04-16T14:44:50.3098616Z [7m792[0m import { GeocodingService } from '../../../core/services/geocoding.service';
2025-04-16T14:44:50.3099571Z [7m   [0m [91m         ~~~~~~~~~~~~~~~~[0m
2025-04-16T14:44:50.3099898Z 
2025-04-16T14:44:50.3099907Z 
2025-04-16T14:44:50.3101207Z Error: [96msrc/app/shared/components/map/map.component.ts[0m:[93m811[0m:[93m14[0m - [91merror[0m[90m TS2300: [0mDuplicate identifier 'MapComponent'.
2025-04-16T14:44:50.3102146Z 
2025-04-16T14:44:50.3102856Z [7m811[0m export class MapComponent implements OnInit, AfterViewInit, OnDestroy {
2025-04-16T14:44:50.3103766Z [7m   [0m [91m             ~~~~~~~~~~~~[0m
2025-04-16T14:44:50.3104115Z 
2025-04-16T14:44:50.3104125Z 
2025-04-16T14:44:50.3105635Z Error: [96msrc/app/shared/emerald/card-grid/card-grid.component.spec.ts[0m:[93m18[0m:[93m1[0m - [91merror[0m[90m TS1005: [0m'from' expected.
2025-04-16T14:44:50.3106550Z 
2025-04-16T14:44:50.3107156Z [7m18[0m import { CardGridComponent } from './card-grid.component';
2025-04-16T14:44:50.3107860Z [7m  [0m [91m~~~~~~[0m
2025-04-16T14:44:50.3108152Z 
2025-04-16T14:44:50.3108162Z 
2025-04-16T14:44:50.3109611Z Error: [96msrc/app/shared/emerald/card-grid/card-grid.component.spec.ts[0m:[93m20[0m:[93m73[0m - [91merror[0m[90m TS2304: [0mCannot find name 'MockAppCardComponent'.
2025-04-16T14:44:50.3110625Z 
2025-04-16T14:44:50.3111853Z [7m20[0m import { CommonTestModule } from '../../../testing/common-test.module'; MockAppCardComponent } from '../../../testing/common-test.module';
2025-04-16T14:44:50.3113354Z [7m  [0m [91m                                                                        ~~~~~~~~~~~~~~~~~~~~[0m
2025-04-16T14:44:50.3114009Z 
2025-04-16T14:44:50.3114019Z 
2025-04-16T14:44:50.3115944Z Error: [96msrc/app/shared/emerald/card-grid/card-grid.component.spec.ts[0m:[93m20[0m:[93m94[0m - [91merror[0m[90m TS1128: [0mDeclaration or statement expected.
2025-04-16T14:44:50.3116985Z 
2025-04-16T14:44:50.3118202Z [7m20[0m import { CommonTestModule } from '../../../testing/common-test.module'; MockAppCardComponent } from '../../../testing/common-test.module';
2025-04-16T14:44:50.3119667Z [7m  [0m [91m                                                                                             ~[0m
2025-04-16T14:44:50.3120043Z 
2025-04-16T14:44:50.3120052Z 
2025-04-16T14:44:50.3121432Z Error: [96msrc/app/shared/emerald/card-grid/card-grid.component.spec.ts[0m:[93m20[0m:[93m96[0m - [91merror[0m[90m TS1434: [0mUnexpected keyword or identifier.
2025-04-16T14:44:50.3122387Z 
2025-04-16T14:44:50.3123626Z [7m20[0m import { CommonTestModule } from '../../../testing/common-test.module'; MockAppCardComponent } from '../../../testing/common-test.module';
2025-04-16T14:44:50.3125177Z [7m  [0m [91m                                                                                               ~~~~[0m
2025-04-16T14:44:50.3125743Z 
2025-04-16T14:44:50.3125753Z 
2025-04-16T14:44:50.3127035Z Error: [96msrc/app/shared/emerald/card-grid/card-grid.component.spec.ts[0m:[93m20[0m:[93m96[0m - [91merror[0m[90m TS2304: [0mCannot find name 'from'.
2025-04-16T14:44:50.3127919Z 
2025-04-16T14:44:50.3129112Z [7m20[0m import { CommonTestModule } from '../../../testing/common-test.module'; MockAppCardComponent } from '../../../testing/common-test.module';
2025-04-16T14:44:50.3130603Z [7m  [0m [91m                                                                                               ~~~~[0m
2025-04-16T14:44:50.3130993Z 
2025-04-16T14:44:50.3131001Z 
2025-04-16T14:44:50.3132298Z Error: [96msrc/app/shared/emerald/card-grid/card-grid.component.spec.ts[0m:[93m52[0m:[93m4[0m - [91merror[0m[90m TS2304: [0mCannot find name 'ViewChild'.
2025-04-16T14:44:50.3133240Z 
2025-04-16T14:44:50.3133838Z [7m52[0m   @ViewChild('itemTemplate') itemTemplate!: TemplateRef<any>;
2025-04-16T14:44:50.3134586Z [7m  [0m [91m   ~~~~~~~~~[0m
2025-04-16T14:44:50.3134858Z 
2025-04-16T14:44:50.3134867Z 
2025-04-16T14:44:50.3136401Z Error: [96msrc/app/shared/emerald/card-grid/card-grid.component.spec.ts[0m:[93m52[0m:[93m45[0m - [91merror[0m[90m TS2304: [0mCannot find name 'TemplateRef'.
2025-04-16T14:44:50.3137356Z 
2025-04-16T14:44:50.3137972Z [7m52[0m   @ViewChild('itemTemplate') itemTemplate!: TemplateRef<any>;
2025-04-16T14:44:50.3138893Z [7m  [0m [91m                                            ~~~~~~~~~~~[0m
2025-04-16T14:44:50.3139261Z 
2025-04-16T14:44:50.3139269Z 
2025-04-16T14:44:50.3140683Z Error: [96msrc/app/shared/emerald/card-grid/card-grid.component.spec.ts[0m:[93m103[0m:[93m9[0m - [91merror[0m[90m TS2304: [0mCannot find name 'MockAppCardComponent'.
2025-04-16T14:44:50.3141669Z 
2025-04-16T14:44:50.3142019Z [7m103[0m         MockAppCardComponent,
2025-04-16T14:44:50.3142668Z [7m   [0m [91m        ~~~~~~~~~~~~~~~~~~~~[0m
2025-04-16T14:44:50.3142969Z 
2025-04-16T14:44:50.3142986Z 
2025-04-16T14:44:50.3144389Z Error: [96msrc/app/shared/emerald/card-grid/card-grid.component.spec.ts[0m:[93m110[0m:[93m37[0m - [91merror[0m[90m TS2304: [0mCannot find name 'MockAppCardComponent'.
2025-04-16T14:44:50.3145417Z 
2025-04-16T14:44:50.3146572Z [7m110[0m         imports: [CommonTestModule, MockAppCardComponent, SkeletonLoaderComponent],
2025-04-16T14:44:50.3147616Z [7m   [0m [91m                                    ~~~~~~~~~~~~~~~~~~~~[0m
2025-04-16T14:44:50.3147967Z 
2025-04-16T14:44:50.3147976Z 
2025-04-16T14:44:50.3148917Z Error: Can't resolve 'node_modules/leaflet/dist/leaflet.css' in '/home/runner/work/date-night-app2/date-night-app2/client-angular'
2025-04-16T14:44:50.3149748Z 
2025-04-16T14:44:50.3149950Z [39m[22m
2025-04-16T14:44:50.3151545Z [32m16 04 2025 14:44:50.265:INFO [karma-server]: [39mKarma v6.4.4 server started at http://localhost:9876/
2025-04-16T14:44:50.3157610Z [32m16 04 2025 14:44:50.267:INFO [launcher]: [39mLaunching browsers ChromeHeadless with concurrency unlimited
2025-04-16T14:44:50.3158809Z [91m16 04 2025 14:44:50.268:ERROR [karma-server]: [39mError: Found 1 load error
2025-04-16T14:44:50.3160019Z     at Server.<anonymous> (/home/runner/work/date-night-app2/date-night-app2/node_modules/karma/lib/server.js:243:26)
2025-04-16T14:44:50.3160984Z     at Object.onceWrapper (node:events:632:28)
2025-04-16T14:44:50.3161509Z     at Server.emit (node:events:530:35)
2025-04-16T14:44:50.3162017Z     at emitListeningNT (node:net:1980:10)
2025-04-16T14:44:50.3162843Z     at process.processTicksAndRejections (node:internal/process/task_queues:89:21)
2025-04-16T14:44:50.8128177Z npm error Lifecycle script `test` failed with error:
2025-04-16T14:44:50.8132396Z npm error code 1
2025-04-16T14:44:50.8133195Z npm error path /home/runner/work/date-night-app2/date-night-app2/client-angular
2025-04-16T14:44:50.8134074Z npm error workspace client-angular@0.0.0
2025-04-16T14:44:50.8135382Z npm error location /home/runner/work/date-night-app2/date-night-app2/client-angular
2025-04-16T14:44:50.8139497Z npm error command failed
2025-04-16T14:44:50.8146575Z npm error command sh -c ng test client-angular --watch=false --browsers=ChromeHeadless --no-progress
2025-04-16T14:44:50.8211440Z ##[error]Process completed with exit code 1.
2025-04-16T14:44:50.8300389Z ##[group]Run actions/upload-artifact@v4
2025-04-16T14:44:50.8300671Z with:
2025-04-16T14:44:50.8300846Z   name: test-results
2025-04-16T14:44:50.8301047Z   path: ./client-angular/coverage
2025-04-16T14:44:50.8301286Z   if-no-files-found: warn
2025-04-16T14:44:50.8301496Z   compression-level: 6
2025-04-16T14:44:50.8301681Z   overwrite: false
2025-04-16T14:44:50.8301871Z   include-hidden-files: false
2025-04-16T14:44:50.8302079Z env:
2025-04-16T14:44:50.8302223Z   CI: true
2025-04-16T14:44:50.8302381Z ##[endgroup]
2025-04-16T14:44:51.0588955Z ##[warning]No files were found with the provided path: ./client-angular/coverage. No artifacts will be uploaded.
2025-04-16T14:44:51.0766624Z Post job cleanup.
2025-04-16T14:44:51.1720317Z [command]/usr/bin/git version
2025-04-16T14:44:51.1760811Z git version 2.49.0
2025-04-16T14:44:51.1807044Z Temporarily overriding HOME='/home/runner/work/_temp/efa5a874-8ab1-498c-ad1c-2408fbfdfd08' before making global git config changes
2025-04-16T14:44:51.1810463Z Adding repository directory to the temporary git global config as a safe directory
2025-04-16T14:44:51.1814818Z [command]/usr/bin/git config --global --add safe.directory /home/runner/work/date-night-app2/date-night-app2
2025-04-16T14:44:51.1860607Z [command]/usr/bin/git config --local --name-only --get-regexp core\.sshCommand
2025-04-16T14:44:51.1897041Z [command]/usr/bin/git submodule foreach --recursive sh -c "git config --local --name-only --get-regexp 'core\.sshCommand' && git config --local --unset-all 'core.sshCommand' || :"
2025-04-16T14:44:51.2144140Z [command]/usr/bin/git config --local --name-only --get-regexp http\.https\:\/\/github\.com\/\.extraheader
2025-04-16T14:44:51.2169278Z http.https://github.com/.extraheader
2025-04-16T14:44:51.2185219Z [command]/usr/bin/git config --local --unset-all http.https://github.com/.extraheader
2025-04-16T14:44:51.2220991Z [command]/usr/bin/git submodule foreach --recursive sh -c "git config --local --name-only --get-regexp 'http\.https\:\/\/github\.com\/\.extraheader' && git config --local --unset-all 'http.https://github.com/.extraheader' || :"
2025-04-16T14:44:51.2565134Z Cleaning up orphan processes
