2025-04-19T03:20:32.6638066Z Current runner version: '2.323.0'
2025-04-19T03:20:32.6664339Z ##[group]Operating System
2025-04-19T03:20:32.6665173Z Ubuntu
2025-04-19T03:20:32.6665677Z 24.04.2
2025-04-19T03:20:32.6666130Z LTS
2025-04-19T03:20:32.6666637Z ##[endgroup]
2025-04-19T03:20:32.6667189Z ##[group]Runner Image
2025-04-19T03:20:32.6667765Z Image: ubuntu-24.04
2025-04-19T03:20:32.6668342Z Version: 20250413.1.0
2025-04-19T03:20:32.6669686Z Included Software: https://github.com/actions/runner-images/blob/ubuntu24/20250413.1/images/ubuntu/Ubuntu2404-Readme.md
2025-04-19T03:20:32.6671253Z Image Release: https://github.com/actions/runner-images/releases/tag/ubuntu24%2F20250413.1
2025-04-19T03:20:32.6672220Z ##[endgroup]
2025-04-19T03:20:32.6672754Z ##[group]Runner Image Provisioner
2025-04-19T03:20:32.6673349Z 2.0.422.1
2025-04-19T03:20:32.6673765Z ##[endgroup]
2025-04-19T03:20:32.6676627Z ##[group]GITHUB_TOKEN Permissions
2025-04-19T03:20:32.6678636Z Actions: write
2025-04-19T03:20:32.6679786Z Attestations: write
2025-04-19T03:20:32.6680402Z Checks: write
2025-04-19T03:20:32.6680956Z Contents: write
2025-04-19T03:20:32.6681496Z Deployments: write
2025-04-19T03:20:32.6681989Z Discussions: write
2025-04-19T03:20:32.6682557Z Issues: write
2025-04-19T03:20:32.6683139Z Metadata: read
2025-04-19T03:20:32.6683587Z Models: read
2025-04-19T03:20:32.6684151Z Packages: write
2025-04-19T03:20:32.6684629Z Pages: write
2025-04-19T03:20:32.6685158Z PullRequests: write
2025-04-19T03:20:32.6685718Z RepositoryProjects: write
2025-04-19T03:20:32.6686401Z SecurityEvents: write
2025-04-19T03:20:32.6687130Z Statuses: write
2025-04-19T03:20:32.6688100Z ##[endgroup]
2025-04-19T03:20:32.6691246Z Secret source: Actions
2025-04-19T03:20:32.6692508Z Prepare workflow directory
2025-04-19T03:20:32.7348436Z Prepare all required actions
2025-04-19T03:20:32.7468626Z Getting action download info
2025-04-19T03:20:33.2568278Z ##[group]Download immutable action package 'actions/checkout@v4'
2025-04-19T03:20:33.2569878Z Version: 4.2.2
2025-04-19T03:20:33.2571299Z Digest: sha256:ccb2698953eaebd21c7bf6268a94f9c26518a7e38e27e0b83c1fe1ad049819b1
2025-04-19T03:20:33.2572501Z Source commit SHA: 11bd71901bbe5b1630ceea73d27597364c9af683
2025-04-19T03:20:33.2573161Z ##[endgroup]
2025-04-19T03:20:33.3456975Z ##[group]Download immutable action package 'actions/setup-node@v4'
2025-04-19T03:20:33.3457786Z Version: 4.4.0
2025-04-19T03:20:33.3458472Z Digest: sha256:9427cefe82346e992fb5b949e3569b39d537ae41aa3086483b14eceebfc16bc1
2025-04-19T03:20:33.3459856Z Source commit SHA: 49933ea5288caeca8642d1e84afbd3f7d6820020
2025-04-19T03:20:33.3460506Z ##[endgroup]
2025-04-19T03:20:33.5947204Z ##[group]Download immutable action package 'actions/upload-artifact@v4'
2025-04-19T03:20:33.5948137Z Version: 4.6.2
2025-04-19T03:20:33.5949075Z Digest: sha256:290722aa3281d5caf23d0acdc3dbeb3424786a1a01a9cc97e72f147225e37c38
2025-04-19T03:20:33.5950083Z Source commit SHA: ea165f8d65b6e75b540449e92b4886f43607fa02
2025-04-19T03:20:33.5950841Z ##[endgroup]
2025-04-19T03:20:33.8083562Z Complete job name: test (22.x)
2025-04-19T03:20:33.8671681Z ##[group]Run actions/checkout@v4
2025-04-19T03:20:33.8672511Z with:
2025-04-19T03:20:33.8672903Z   repository: mrkurger/date-night-app2
2025-04-19T03:20:33.8673594Z   token: ***
2025-04-19T03:20:33.8673964Z   ssh-strict: true
2025-04-19T03:20:33.8674343Z   ssh-user: git
2025-04-19T03:20:33.8674737Z   persist-credentials: true
2025-04-19T03:20:33.8675191Z   clean: true
2025-04-19T03:20:33.8675576Z   sparse-checkout-cone-mode: true
2025-04-19T03:20:33.8676050Z   fetch-depth: 1
2025-04-19T03:20:33.8676414Z   fetch-tags: false
2025-04-19T03:20:33.8676803Z   show-progress: true
2025-04-19T03:20:33.8677183Z   lfs: false
2025-04-19T03:20:33.8677544Z   submodules: false
2025-04-19T03:20:33.8677932Z   set-safe-directory: true
2025-04-19T03:20:33.8678557Z env:
2025-04-19T03:20:33.8679114Z   CI: true
2025-04-19T03:20:33.8679467Z ##[endgroup]
2025-04-19T03:20:34.0427598Z Syncing repository: mrkurger/date-night-app2
2025-04-19T03:20:34.0430928Z ##[group]Getting Git version info
2025-04-19T03:20:34.0432911Z Working directory is '/home/runner/work/date-night-app2/date-night-app2'
2025-04-19T03:20:34.0435600Z [command]/usr/bin/git version
2025-04-19T03:20:34.0511663Z git version 2.49.0
2025-04-19T03:20:34.0543880Z ##[endgroup]
2025-04-19T03:20:34.0573760Z Temporarily overriding HOME='/home/runner/work/_temp/d9a614da-d3b7-4ace-881a-5a79931c87cd' before making global git config changes
2025-04-19T03:20:34.0576821Z Adding repository directory to the temporary git global config as a safe directory
2025-04-19T03:20:34.0585237Z [command]/usr/bin/git config --global --add safe.directory /home/runner/work/date-night-app2/date-night-app2
2025-04-19T03:20:34.0636158Z Deleting the contents of '/home/runner/work/date-night-app2/date-night-app2'
2025-04-19T03:20:34.0641281Z ##[group]Initializing the repository
2025-04-19T03:20:34.0646949Z [command]/usr/bin/git init /home/runner/work/date-night-app2/date-night-app2
2025-04-19T03:20:34.0717536Z hint: Using 'master' as the name for the initial branch. This default branch name
2025-04-19T03:20:34.0720256Z hint: is subject to change. To configure the initial branch name to use in all
2025-04-19T03:20:34.0721880Z hint: of your new repositories, which will suppress this warning, call:
2025-04-19T03:20:34.0722935Z hint:
2025-04-19T03:20:34.0723632Z hint: 	git config --global init.defaultBranch <name>
2025-04-19T03:20:34.0724505Z hint:
2025-04-19T03:20:34.0725430Z hint: Names commonly chosen instead of 'master' are 'main', 'trunk' and
2025-04-19T03:20:34.0726978Z hint: 'development'. The just-created branch can be renamed via this command:
2025-04-19T03:20:34.0728202Z hint:
2025-04-19T03:20:34.0729070Z hint: 	git branch -m <name>
2025-04-19T03:20:34.0731739Z Initialized empty Git repository in /home/runner/work/date-night-app2/date-night-app2/.git/
2025-04-19T03:20:34.0741808Z [command]/usr/bin/git remote add origin https://github.com/mrkurger/date-night-app2
2025-04-19T03:20:34.0784173Z ##[endgroup]
2025-04-19T03:20:34.0785356Z ##[group]Disabling automatic garbage collection
2025-04-19T03:20:34.0789258Z [command]/usr/bin/git config --local gc.auto 0
2025-04-19T03:20:34.0827747Z ##[endgroup]
2025-04-19T03:20:34.0829149Z ##[group]Setting up auth
2025-04-19T03:20:34.0836884Z [command]/usr/bin/git config --local --name-only --get-regexp core\.sshCommand
2025-04-19T03:20:34.0876623Z [command]/usr/bin/git submodule foreach --recursive sh -c "git config --local --name-only --get-regexp 'core\.sshCommand' && git config --local --unset-all 'core.sshCommand' || :"
2025-04-19T03:20:34.1181583Z [command]/usr/bin/git config --local --name-only --get-regexp http\.https\:\/\/github\.com\/\.extraheader
2025-04-19T03:20:34.1218482Z [command]/usr/bin/git submodule foreach --recursive sh -c "git config --local --name-only --get-regexp 'http\.https\:\/\/github\.com\/\.extraheader' && git config --local --unset-all 'http.https://github.com/.extraheader' || :"
2025-04-19T03:20:34.1473116Z [command]/usr/bin/git config --local http.https://github.com/.extraheader AUTHORIZATION: basic ***
2025-04-19T03:20:34.1530603Z ##[endgroup]
2025-04-19T03:20:34.1532089Z ##[group]Fetching the repository
2025-04-19T03:20:34.1541904Z [command]/usr/bin/git -c protocol.version=2 fetch --no-tags --prune --no-recurse-submodules --depth=1 origin +9075bde59a1d8d50c2a11e6c19ddf0e65d576f7a:refs/remotes/origin/main
2025-04-19T03:20:36.8027289Z From https://github.com/mrkurger/date-night-app2
2025-04-19T03:20:36.8029733Z  * [new ref]         9075bde59a1d8d50c2a11e6c19ddf0e65d576f7a -> origin/main
2025-04-19T03:20:36.8061208Z ##[endgroup]
2025-04-19T03:20:36.8064481Z ##[group]Determining the checkout info
2025-04-19T03:20:36.8066546Z ##[endgroup]
2025-04-19T03:20:36.8070958Z [command]/usr/bin/git sparse-checkout disable
2025-04-19T03:20:36.8115454Z [command]/usr/bin/git config --local --unset-all extensions.worktreeConfig
2025-04-19T03:20:36.8150512Z ##[group]Checking out the ref
2025-04-19T03:20:36.8154151Z [command]/usr/bin/git checkout --progress --force -B main refs/remotes/origin/main
2025-04-19T03:20:37.4028769Z Switched to a new branch 'main'
2025-04-19T03:20:37.4033789Z branch 'main' set up to track 'origin/main'.
2025-04-19T03:20:37.4059657Z ##[endgroup]
2025-04-19T03:20:37.4100021Z [command]/usr/bin/git log -1 --format=%H
2025-04-19T03:20:37.4123637Z 9075bde59a1d8d50c2a11e6c19ddf0e65d576f7a
2025-04-19T03:20:37.4353279Z ##[group]Run actions/setup-node@v4
2025-04-19T03:20:37.4353641Z with:
2025-04-19T03:20:37.4353854Z   node-version: 22.x
2025-04-19T03:20:37.4354086Z   cache: npm
2025-04-19T03:20:37.4354381Z   cache-dependency-path: client-angular/package-lock.json
2025-04-19T03:20:37.4354738Z   always-auth: false
2025-04-19T03:20:37.4354980Z   check-latest: false
2025-04-19T03:20:37.4355356Z   token: ***
2025-04-19T03:20:37.4355574Z env:
2025-04-19T03:20:37.4355753Z   CI: true
2025-04-19T03:20:37.4355948Z ##[endgroup]
2025-04-19T03:20:37.6182258Z Found in cache @ /opt/hostedtoolcache/node/22.14.0/x64
2025-04-19T03:20:37.6197548Z ##[group]Environment details
2025-04-19T03:20:38.0310756Z node: v22.14.0
2025-04-19T03:20:38.0321786Z npm: 10.9.2
2025-04-19T03:20:38.0323871Z yarn: 1.22.22
2025-04-19T03:20:38.0326708Z ##[endgroup]
2025-04-19T03:20:38.0362306Z [command]/opt/hostedtoolcache/node/22.14.0/x64/bin/npm config get cache
2025-04-19T03:20:38.1820367Z /home/runner/.npm
2025-04-19T03:20:38.1966095Z ##[error]Some specified paths were not resolved, unable to cache dependencies.
2025-04-19T03:20:38.2100824Z ##[group]Run actions/upload-artifact@v4
2025-04-19T03:20:38.2101135Z with:
2025-04-19T03:20:38.2101304Z   name: test-results
2025-04-19T03:20:38.2101515Z   path: ./client-angular/coverage
2025-04-19T03:20:38.2101755Z   if-no-files-found: warn
2025-04-19T03:20:38.2101961Z   compression-level: 6
2025-04-19T03:20:38.2102158Z   overwrite: false
2025-04-19T03:20:38.2102343Z   include-hidden-files: false
2025-04-19T03:20:38.2102554Z env:
2025-04-19T03:20:38.2102699Z   CI: true
2025-04-19T03:20:38.2102855Z ##[endgroup]
2025-04-19T03:20:38.4372240Z ##[warning]No files were found with the provided path: ./client-angular/coverage. No artifacts will be uploaded.
2025-04-19T03:20:38.4555812Z Post job cleanup.
2025-04-19T03:20:38.5532970Z [command]/usr/bin/git version
2025-04-19T03:20:38.5576290Z git version 2.49.0
2025-04-19T03:20:38.5635330Z Temporarily overriding HOME='/home/runner/work/_temp/b0cfad7d-af49-4049-b92d-157fe3904788' before making global git config changes
2025-04-19T03:20:38.5637287Z Adding repository directory to the temporary git global config as a safe directory
2025-04-19T03:20:38.5643237Z [command]/usr/bin/git config --global --add safe.directory /home/runner/work/date-night-app2/date-night-app2
2025-04-19T03:20:38.5694565Z [command]/usr/bin/git config --local --name-only --get-regexp core\.sshCommand
2025-04-19T03:20:38.5734629Z [command]/usr/bin/git submodule foreach --recursive sh -c "git config --local --name-only --get-regexp 'core\.sshCommand' && git config --local --unset-all 'core.sshCommand' || :"
2025-04-19T03:20:38.6001295Z [command]/usr/bin/git config --local --name-only --get-regexp http\.https\:\/\/github\.com\/\.extraheader
2025-04-19T03:20:38.6027932Z http.https://github.com/.extraheader
2025-04-19T03:20:38.6044454Z [command]/usr/bin/git config --local --unset-all http.https://github.com/.extraheader
2025-04-19T03:20:38.6082646Z [command]/usr/bin/git submodule foreach --recursive sh -c "git config --local --name-only --get-regexp 'http\.https\:\/\/github\.com\/\.extraheader' && git config --local --unset-all 'http.https://github.com/.extraheader' || :"
2025-04-19T03:20:38.6448349Z Cleaning up orphan processes
