2025-04-16T15:05:50.0837405Z Current runner version: '2.323.0'
2025-04-16T15:05:50.0865068Z ##[group]Operating System
2025-04-16T15:05:50.0866579Z Ubuntu
2025-04-16T15:05:50.0867441Z 24.04.2
2025-04-16T15:05:50.0868331Z LTS
2025-04-16T15:05:50.0869293Z ##[endgroup]
2025-04-16T15:05:50.0870274Z ##[group]Runner Image
2025-04-16T15:05:50.0871327Z Image: ubuntu-24.04
2025-04-16T15:05:50.0873012Z Version: 20250413.1.0
2025-04-16T15:05:50.0875250Z Included Software: https://github.com/actions/runner-images/blob/ubuntu24/20250413.1/images/ubuntu/Ubuntu2404-Readme.md
2025-04-16T15:05:50.0877909Z Image Release: https://github.com/actions/runner-images/releases/tag/ubuntu24%2F20250413.1
2025-04-16T15:05:50.0879655Z ##[endgroup]
2025-04-16T15:05:50.0880539Z ##[group]Runner Image Provisioner
2025-04-16T15:05:50.0881662Z 2.0.422.1
2025-04-16T15:05:50.0882599Z ##[endgroup]
2025-04-16T15:05:50.0884903Z ##[group]GITHUB_TOKEN Permissions
2025-04-16T15:05:50.0887920Z Actions: read
2025-04-16T15:05:50.0888924Z Contents: write
2025-04-16T15:05:50.0890015Z Metadata: read
2025-04-16T15:05:50.0891181Z ##[endgroup]
2025-04-16T15:05:50.0894336Z Secret source: Actions
2025-04-16T15:05:50.0895828Z Prepare workflow directory
2025-04-16T15:05:50.1355295Z Prepare all required actions
2025-04-16T15:05:50.1412658Z Getting action download info
2025-04-16T15:05:50.6218299Z ##[group]Download immutable action package 'actions/checkout@v4'
2025-04-16T15:05:50.6219388Z Version: 4.2.2
2025-04-16T15:05:50.6220404Z Digest: sha256:ccb2698953eaebd21c7bf6268a94f9c26518a7e38e27e0b83c1fe1ad049819b1
2025-04-16T15:05:50.6221674Z Source commit SHA: 11bd71901bbe5b1630ceea73d27597364c9af683
2025-04-16T15:05:50.6222425Z ##[endgroup]
2025-04-16T15:05:50.7119166Z ##[group]Download immutable action package 'actions/setup-node@v4'
2025-04-16T15:05:50.7120091Z Version: 4.4.0
2025-04-16T15:05:50.7120886Z Digest: sha256:9427cefe82346e992fb5b949e3569b39d537ae41aa3086483b14eceebfc16bc1
2025-04-16T15:05:50.7121960Z Source commit SHA: 49933ea5288caeca8642d1e84afbd3f7d6820020
2025-04-16T15:05:50.7122671Z ##[endgroup]
2025-04-16T15:05:51.1728427Z Complete job name: sync-error-logs
2025-04-16T15:05:51.2407142Z ##[group]Run actions/checkout@v4
2025-04-16T15:05:51.2407986Z with:
2025-04-16T15:05:51.2408380Z   fetch-depth: 0
2025-04-16T15:05:51.2408825Z   repository: mrkurger/date-night-app2
2025-04-16T15:05:51.2409513Z   token: ***
2025-04-16T15:05:51.2409904Z   ssh-strict: true
2025-04-16T15:05:51.2410306Z   ssh-user: git
2025-04-16T15:05:51.2410712Z   persist-credentials: true
2025-04-16T15:05:51.2411163Z   clean: true
2025-04-16T15:05:51.2411568Z   sparse-checkout-cone-mode: true
2025-04-16T15:05:51.2412061Z   fetch-tags: false
2025-04-16T15:05:51.2412467Z   show-progress: true
2025-04-16T15:05:51.2412868Z   lfs: false
2025-04-16T15:05:51.2413236Z   submodules: false
2025-04-16T15:05:51.2413640Z   set-safe-directory: true
2025-04-16T15:05:51.2414534Z env:
2025-04-16T15:05:51.2414896Z   CI: true
2025-04-16T15:05:51.2415257Z ##[endgroup]
2025-04-16T15:05:51.4170886Z Syncing repository: mrkurger/date-night-app2
2025-04-16T15:05:51.4175560Z ##[group]Getting Git version info
2025-04-16T15:05:51.4176573Z Working directory is '/home/runner/work/date-night-app2/date-night-app2'
2025-04-16T15:05:51.4177835Z [command]/usr/bin/git version
2025-04-16T15:05:51.4233537Z git version 2.49.0
2025-04-16T15:05:51.4247765Z ##[endgroup]
2025-04-16T15:05:51.4277111Z Temporarily overriding HOME='/home/runner/work/_temp/bfefa98b-1ebb-4305-be3b-646a7f6ceb66' before making global git config changes
2025-04-16T15:05:51.4283464Z Adding repository directory to the temporary git global config as a safe directory
2025-04-16T15:05:51.4287485Z [command]/usr/bin/git config --global --add safe.directory /home/runner/work/date-night-app2/date-night-app2
2025-04-16T15:05:51.4325269Z Deleting the contents of '/home/runner/work/date-night-app2/date-night-app2'
2025-04-16T15:05:51.4332276Z ##[group]Initializing the repository
2025-04-16T15:05:51.4335561Z [command]/usr/bin/git init /home/runner/work/date-night-app2/date-night-app2
2025-04-16T15:05:51.4393747Z hint: Using 'master' as the name for the initial branch. This default branch name
2025-04-16T15:05:51.4396508Z hint: is subject to change. To configure the initial branch name to use in all
2025-04-16T15:05:51.4398171Z hint: of your new repositories, which will suppress this warning, call:
2025-04-16T15:05:51.4402451Z hint:
2025-04-16T15:05:51.4403400Z hint: 	git config --global init.defaultBranch <name>
2025-04-16T15:05:51.4404667Z hint:
2025-04-16T15:05:51.4405806Z hint: Names commonly chosen instead of 'master' are 'main', 'trunk' and
2025-04-16T15:05:51.4407689Z hint: 'development'. The just-created branch can be renamed via this command:
2025-04-16T15:05:51.4409974Z hint:
2025-04-16T15:05:51.4410787Z hint: 	git branch -m <name>
2025-04-16T15:05:51.4412152Z Initialized empty Git repository in /home/runner/work/date-night-app2/date-night-app2/.git/
2025-04-16T15:05:51.4418603Z [command]/usr/bin/git remote add origin https://github.com/mrkurger/date-night-app2
2025-04-16T15:05:51.4455397Z ##[endgroup]
2025-04-16T15:05:51.4457067Z ##[group]Disabling automatic garbage collection
2025-04-16T15:05:51.4459798Z [command]/usr/bin/git config --local gc.auto 0
2025-04-16T15:05:51.4494202Z ##[endgroup]
2025-04-16T15:05:51.4497156Z ##[group]Setting up auth
2025-04-16T15:05:51.4501173Z [command]/usr/bin/git config --local --name-only --get-regexp core\.sshCommand
2025-04-16T15:05:51.4537102Z [command]/usr/bin/git submodule foreach --recursive sh -c "git config --local --name-only --get-regexp 'core\.sshCommand' && git config --local --unset-all 'core.sshCommand' || :"
2025-04-16T15:05:51.4825967Z [command]/usr/bin/git config --local --name-only --get-regexp http\.https\:\/\/github\.com\/\.extraheader
2025-04-16T15:05:51.4859297Z [command]/usr/bin/git submodule foreach --recursive sh -c "git config --local --name-only --get-regexp 'http\.https\:\/\/github\.com\/\.extraheader' && git config --local --unset-all 'http.https://github.com/.extraheader' || :"
2025-04-16T15:05:51.5100842Z [command]/usr/bin/git config --local http.https://github.com/.extraheader AUTHORIZATION: basic ***
2025-04-16T15:05:51.5160870Z ##[endgroup]
2025-04-16T15:05:51.5163467Z ##[group]Fetching the repository
2025-04-16T15:05:51.5172144Z [command]/usr/bin/git -c protocol.version=2 fetch --prune --no-recurse-submodules origin +refs/heads/*:refs/remotes/origin/* +refs/tags/*:refs/tags/*
2025-04-16T15:06:00.3253239Z From https://github.com/mrkurger/date-night-app2
2025-04-16T15:06:00.3260520Z  * [new branch]      dependabot/github_actions/dawidd6/action-download-artifact-9 -> origin/dependabot/github_actions/dawidd6/action-download-artifact-9
2025-04-16T15:06:00.3267842Z  * [new branch]      dependabot/npm_and_yarn/server/multi-94fa72f662 -> origin/dependabot/npm_and_yarn/server/multi-94fa72f662
2025-04-16T15:06:00.3273022Z  * [new branch]      main       -> origin/main
2025-04-16T15:06:00.3299816Z [command]/usr/bin/git branch --list --remote origin/main
2025-04-16T15:06:00.3326974Z   origin/main
2025-04-16T15:06:00.3339735Z [command]/usr/bin/git rev-parse refs/remotes/origin/main
2025-04-16T15:06:00.3362410Z b7b02b02b67d186f71e3b6a43ebe9f432064fd3a
2025-04-16T15:06:00.3372684Z ##[endgroup]
2025-04-16T15:06:00.3375180Z ##[group]Determining the checkout info
2025-04-16T15:06:00.3378242Z ##[endgroup]
2025-04-16T15:06:00.3380436Z [command]/usr/bin/git sparse-checkout disable
2025-04-16T15:06:00.3425083Z [command]/usr/bin/git config --local --unset-all extensions.worktreeConfig
2025-04-16T15:06:00.3465949Z ##[group]Checking out the ref
2025-04-16T15:06:00.3467777Z [command]/usr/bin/git checkout --progress --force -B main refs/remotes/origin/main
2025-04-16T15:06:00.7488970Z Switched to a new branch 'main'
2025-04-16T15:06:00.7497990Z branch 'main' set up to track 'origin/main'.
2025-04-16T15:06:00.7523075Z ##[endgroup]
2025-04-16T15:06:00.7599481Z [command]/usr/bin/git log -1 --format=%H
2025-04-16T15:06:00.7635446Z b7b02b02b67d186f71e3b6a43ebe9f432064fd3a
2025-04-16T15:06:00.7860362Z ##[group]Run actions/setup-node@v4
2025-04-16T15:06:00.7860652Z with:
2025-04-16T15:06:00.7861074Z   node-version: 22.x
2025-04-16T15:06:00.7861276Z   always-auth: false
2025-04-16T15:06:00.7861476Z   check-latest: false
2025-04-16T15:06:00.7861809Z   token: ***
2025-04-16T15:06:00.7861990Z env:
2025-04-16T15:06:00.7862161Z   CI: true
2025-04-16T15:06:00.7862328Z ##[endgroup]
2025-04-16T15:06:00.9619961Z Found in cache @ /opt/hostedtoolcache/node/22.14.0/x64
2025-04-16T15:06:00.9625141Z ##[group]Environment details
2025-04-16T15:06:01.3800745Z node: v22.14.0
2025-04-16T15:06:01.3803527Z npm: 10.9.2
2025-04-16T15:06:01.3811554Z yarn: 1.22.22
2025-04-16T15:06:01.3812372Z ##[endgroup]
2025-04-16T15:06:01.3923128Z ##[group]Run npm install @octokit/rest@20.0.2 @octokit/plugin-throttling@9.0.3 fs-extra@11.2.0
2025-04-16T15:06:01.3924357Z [36;1mnpm install @octokit/rest@20.0.2 @octokit/plugin-throttling@9.0.3 fs-extra@11.2.0[0m
2025-04-16T15:06:01.3985340Z shell: /usr/bin/bash -e {0}
2025-04-16T15:06:01.3985660Z env:
2025-04-16T15:06:01.3985879Z   CI: true
2025-04-16T15:06:01.3986098Z ##[endgroup]
2025-04-16T15:06:09.7515905Z npm warn deprecated xss-clean@0.1.4: Package no longer supported. Contact Support at https://www.npmjs.com/support for more info.
2025-04-16T15:06:11.3988075Z npm warn deprecated rimraf@3.0.2: Rimraf versions prior to v4 are no longer supported
2025-04-16T15:06:12.2589920Z npm warn deprecated passport-reddit@1.1.0: While functionally complete, this library will not be receiving any updates going forwards. Users are actively discouraged from using OAuth2 for authentication. See archival notice on github for more details.
2025-04-16T15:06:12.6442905Z npm warn deprecated npmlog@5.0.1: This package is no longer supported.
2025-04-16T15:06:13.4309337Z npm warn deprecated superagent@8.1.2: Please upgrade to v9.0.0+ as we have fixed a public vulnerability with formidable dependency. Note that v9.0.0+ requires Node.js v14.18.0+. See https://github.com/ladjs/superagent/pull/1800 for insight. This project is supported and maintained by the team at Forward Email @ https://forwardemail.net
2025-04-16T15:06:13.9199846Z npm warn deprecated inflight@1.0.6: This module is not supported, and leaks memory. Do not use it. Check out lru-cache if you want a good and tested way to coalesce async requests by a key value, which is much more comprehensive and powerful.
2025-04-16T15:06:14.1345639Z npm warn deprecated glob@7.2.3: Glob versions prior to v9 are no longer supported
2025-04-16T15:06:14.3850645Z npm warn deprecated gauge@3.0.2: This package is no longer supported.
2025-04-16T15:06:14.8804908Z npm warn deprecated domexception@4.0.0: Use your platform's native DOMException instead
2025-04-16T15:06:15.7207268Z npm warn deprecated are-we-there-yet@2.0.0: This package is no longer supported.
2025-04-16T15:06:15.8337073Z npm warn deprecated abab@2.0.6: Use your platform's native atob() and btoa() methods instead
2025-04-16T15:06:16.9970268Z npm warn deprecated @humanwhocodes/object-schema@2.0.3: Use @eslint/object-schema instead
2025-04-16T15:06:17.0220174Z npm warn deprecated @humanwhocodes/config-array@0.11.14: Use @eslint/config-array instead
2025-04-16T15:06:24.5334299Z npm warn deprecated eslint@8.56.0: This version is no longer supported. Please see https://eslint.org/version-support for other options.
2025-04-16T15:06:24.5609129Z npm warn deprecated eslint@8.56.0: This version is no longer supported. Please see https://eslint.org/version-support for other options.
2025-04-16T15:06:48.3654759Z 
2025-04-16T15:06:48.3655499Z added 1931 packages, and audited 1934 packages in 47s
2025-04-16T15:06:48.3658253Z 
2025-04-16T15:06:48.3658565Z 355 packages are looking for funding
2025-04-16T15:06:48.3659089Z   run `npm fund` for details
2025-04-16T15:06:48.3749055Z 
2025-04-16T15:06:48.3751617Z 3 moderate severity vulnerabilities
2025-04-16T15:06:48.3752367Z 
2025-04-16T15:06:48.3753009Z To address all issues (including breaking changes), run:
2025-04-16T15:06:48.3754300Z   npm audit fix --force
2025-04-16T15:06:48.3755598Z 
2025-04-16T15:06:48.3760604Z Run `npm audit` for details.
2025-04-16T15:06:48.4513635Z ##[group]Run cat > fetch-workflow-logs.js << 'EOF'
2025-04-16T15:06:48.4514799Z [36;1mcat > fetch-workflow-logs.js << 'EOF'[0m
2025-04-16T15:06:48.4515171Z [36;1mconst { Octokit } = require('@octokit/rest');[0m
2025-04-16T15:06:48.4515614Z [36;1mconst { throttling } = require('@octokit/plugin-throttling');[0m
2025-04-16T15:06:48.4516043Z [36;1mconst fs = require('fs-extra');[0m
2025-04-16T15:06:48.4516352Z [36;1mconst path = require('path');[0m
2025-04-16T15:06:48.4516657Z [36;1m[0m
2025-04-16T15:06:48.4516942Z [36;1mconst ThrottledOctokit = Octokit.plugin(throttling);[0m
2025-04-16T15:06:48.4517319Z [36;1m[0m
2025-04-16T15:06:48.4517518Z [36;1masync function main() {[0m
2025-04-16T15:06:48.4517822Z [36;1m  const owner = process.env.REPO_OWNER;[0m
2025-04-16T15:06:48.4518161Z [36;1m  const repo = process.env.REPO_NAME;[0m
2025-04-16T15:06:48.4518519Z [36;1m  const logsDir = path.join('workflow-error-logs');[0m
2025-04-16T15:06:48.4518852Z [36;1m  [0m
2025-04-16T15:06:48.4519201Z [36;1m  console.log(`Fetching workflow logs for ${owner}/${repo}`);[0m
2025-04-16T15:06:48.4519560Z [36;1m  [0m
2025-04-16T15:06:48.4519806Z [36;1m  // Create logs directory if it doesn't exist[0m
2025-04-16T15:06:48.4520136Z [36;1m  await fs.ensureDir(logsDir);[0m
2025-04-16T15:06:48.4520411Z [36;1m  [0m
2025-04-16T15:06:48.4520633Z [36;1m  const octokit = new ThrottledOctokit({[0m
2025-04-16T15:06:48.4520965Z [36;1m    auth: process.env.GITHUB_TOKEN,[0m
2025-04-16T15:06:48.4521266Z [36;1m    throttle: {[0m
2025-04-16T15:06:48.4521541Z [36;1m      onRateLimit: (retryAfter, options) => {[0m
2025-04-16T15:06:48.4521984Z [36;1m        console.warn(`Rate limit exceeded for ${options.method} ${options.url}`);[0m
2025-04-16T15:06:48.4522433Z [36;1m        if (options.request.retryCount < 2) {[0m
2025-04-16T15:06:48.4522817Z [36;1m          console.log(`Retrying after ${retryAfter} seconds!`);[0m
2025-04-16T15:06:48.4523167Z [36;1m          return true;[0m
2025-04-16T15:06:48.4523429Z [36;1m        }[0m
2025-04-16T15:06:48.4523634Z [36;1m      },[0m
2025-04-16T15:06:48.4524106Z [36;1m      onSecondaryRateLimit: (retryAfter, options) => {[0m
2025-04-16T15:06:48.4524624Z [36;1m        console.warn(`Secondary rate limit exceeded for ${options.method} ${options.url}`);[0m
2025-04-16T15:06:48.4525114Z [36;1m        if (options.request.retryCount < 2) {[0m
2025-04-16T15:06:48.4525508Z [36;1m          console.log(`Retrying after ${retryAfter} seconds!`);[0m
2025-04-16T15:06:48.4525856Z [36;1m          return true;[0m
2025-04-16T15:06:48.4526101Z [36;1m        }[0m
2025-04-16T15:06:48.4526297Z [36;1m      },[0m
2025-04-16T15:06:48.4526493Z [36;1m    },[0m
2025-04-16T15:06:48.4526692Z [36;1m  });[0m
2025-04-16T15:06:48.4526879Z [36;1m  [0m
2025-04-16T15:06:48.4527077Z [36;1m  // Get all workflows[0m
2025-04-16T15:06:48.4527454Z [36;1m  const { data: workflows } = await octokit.actions.listRepoWorkflows({[0m
2025-04-16T15:06:48.4527859Z [36;1m    owner,[0m
2025-04-16T15:06:48.4528071Z [36;1m    repo,[0m
2025-04-16T15:06:48.4528273Z [36;1m  });[0m
2025-04-16T15:06:48.4528457Z [36;1m  [0m
2025-04-16T15:06:48.4528686Z [36;1m  // Get recent workflow runs (last 30 days)[0m
2025-04-16T15:06:48.4529005Z [36;1m  const thirtyDaysAgo = new Date();[0m
2025-04-16T15:06:48.4529382Z [36;1m  thirtyDaysAgo.setDate(thirtyDaysAgo.getDate() - 30);[0m
2025-04-16T15:06:48.4529729Z [36;1m  [0m
2025-04-16T15:06:48.4529946Z [36;1m  for (const workflow of workflows.workflows) {[0m
2025-04-16T15:06:48.4530357Z [36;1m    console.log(`Processing workflow: ${workflow.name} (${workflow.id})`);[0m
2025-04-16T15:06:48.4530710Z [36;1m    [0m
2025-04-16T15:06:48.4530991Z [36;1m    const { data: runs } = await octokit.actions.listWorkflowRuns({[0m
2025-04-16T15:06:48.4531324Z [36;1m      owner,[0m
2025-04-16T15:06:48.4531520Z [36;1m      repo,[0m
2025-04-16T15:06:48.4531740Z [36;1m      workflow_id: workflow.id,[0m
2025-04-16T15:06:48.4532322Z [36;1m      created: `>=${thirtyDaysAgo.toISOString().split('T')[0]}`,[0m
2025-04-16T15:06:48.4532801Z [36;1m    });[0m
2025-04-16T15:06:48.4532981Z [36;1m    [0m
2025-04-16T15:06:48.4533177Z [36;1m    // Process failed runs[0m
2025-04-16T15:06:48.4533489Z [36;1m    const failedRuns = runs.workflow_runs.filter(run => [0m
2025-04-16T15:06:48.4534228Z [36;1m      run.conclusion === 'failure' || run.conclusion === 'cancelled' || run.conclusion === 'timed_out'[0m
2025-04-16T15:06:48.4534650Z [36;1m    );[0m
2025-04-16T15:06:48.4534829Z [36;1m    [0m
2025-04-16T15:06:48.4535146Z [36;1m    console.log(`Found ${failedRuns.length} failed runs for ${workflow.name}`);[0m
2025-04-16T15:06:48.4535609Z [36;1m    [0m
2025-04-16T15:06:48.4535830Z [36;1m    for (const run of failedRuns) {[0m
2025-04-16T15:06:48.4536205Z [36;1m      const runDate = new Date(run.created_at).toISOString().split('T')[0];[0m
2025-04-16T15:06:48.4536774Z [36;1m      const workflowDir = path.join(logsDir, workflow.name.replace(/[^a-zA-Z0-9]/g, '-').toLowerCase());[0m
2025-04-16T15:06:48.4537341Z [36;1m      const runDir = path.join(workflowDir, `${runDate}_${run.id}`);[0m
2025-04-16T15:06:48.4537675Z [36;1m      [0m
2025-04-16T15:06:48.4537881Z [36;1m      await fs.ensureDir(runDir);[0m
2025-04-16T15:06:48.4538140Z [36;1m      [0m
2025-04-16T15:06:48.4538334Z [36;1m      // Save run metadata[0m
2025-04-16T15:06:48.4538708Z [36;1m      await fs.writeJson(path.join(runDir, 'metadata.json'), run, { spaces: 2 });[0m
2025-04-16T15:06:48.4539071Z [36;1m      [0m
2025-04-16T15:06:48.4539260Z [36;1m      try {[0m
2025-04-16T15:06:48.4539469Z [36;1m        // Get jobs for this run[0m
2025-04-16T15:06:48.4539832Z [36;1m        const { data: jobs } = await octokit.actions.listJobsForWorkflowRun({[0m
2025-04-16T15:06:48.4540189Z [36;1m          owner,[0m
2025-04-16T15:06:48.4540422Z [36;1m          repo,[0m
2025-04-16T15:06:48.4540637Z [36;1m          run_id: run.id,[0m
2025-04-16T15:06:48.4540855Z [36;1m        });[0m
2025-04-16T15:06:48.4541060Z [36;1m        [0m
2025-04-16T15:06:48.4541261Z [36;1m        // Save jobs metadata[0m
2025-04-16T15:06:48.4541625Z [36;1m        await fs.writeJson(path.join(runDir, 'jobs.json'), jobs, { spaces: 2 });[0m
2025-04-16T15:06:48.4541977Z [36;1m        [0m
2025-04-16T15:06:48.4542174Z [36;1m        // Process each job[0m
2025-04-16T15:06:48.4542426Z [36;1m        for (const job of jobs.jobs) {[0m
2025-04-16T15:06:48.4542867Z [36;1m          if (job.conclusion === 'failure' || job.conclusion === 'cancelled' || job.conclusion === 'timed_out') {[0m
2025-04-16T15:06:48.4543437Z [36;1m            const jobDir = path.join(runDir, job.name.replace(/[^a-zA-Z0-9]/g, '-').toLowerCase());[0m
2025-04-16T15:06:48.4544058Z [36;1m            await fs.ensureDir(jobDir);[0m
2025-04-16T15:06:48.4544323Z [36;1m            [0m
2025-04-16T15:06:48.4544527Z [36;1m            // Save job metadata[0m
2025-04-16T15:06:48.4544919Z [36;1m            await fs.writeJson(path.join(jobDir, 'job-metadata.json'), job, { spaces: 2 });[0m
2025-04-16T15:06:48.4545294Z [36;1m            [0m
2025-04-16T15:06:48.4545488Z [36;1m            try {[0m
2025-04-16T15:06:48.4545697Z [36;1m              // Get job logs[0m
2025-04-16T15:06:48.4546061Z [36;1m              const logs = await octokit.actions.downloadJobLogsForWorkflowRun({[0m
2025-04-16T15:06:48.4546432Z [36;1m                owner,[0m
2025-04-16T15:06:48.4546650Z [36;1m                repo,[0m
2025-04-16T15:06:48.4546879Z [36;1m                job_id: job.id,[0m
2025-04-16T15:06:48.4547108Z [36;1m              });[0m
2025-04-16T15:06:48.4547310Z [36;1m              [0m
2025-04-16T15:06:48.4547508Z [36;1m              // Save logs[0m
2025-04-16T15:06:48.4547833Z [36;1m              await fs.writeFile(path.join(jobDir, 'logs.txt'), logs.data);[0m
2025-04-16T15:06:48.4548243Z [36;1m              console.log(`Saved logs for job ${job.name} (${job.id})`);[0m
2025-04-16T15:06:48.4548562Z [36;1m            } catch (error) {[0m
2025-04-16T15:06:48.4549093Z [36;1m              console.error(`Error fetching logs for job ${job.id}: ${error.message}`);[0m
2025-04-16T15:06:48.4550360Z [36;1m              await fs.writeFile(path.join(jobDir, 'error.txt'), `Error fetching logs: ${error.message}`);[0m
2025-04-16T15:06:48.4550780Z [36;1m            }[0m
2025-04-16T15:06:48.4550968Z [36;1m          }[0m
2025-04-16T15:06:48.4551155Z [36;1m        }[0m
2025-04-16T15:06:48.4551350Z [36;1m      } catch (error) {[0m
2025-04-16T15:06:48.4551860Z [36;1m        console.error(`Error processing run ${run.id}: ${error.message}`);[0m
2025-04-16T15:06:48.4552522Z [36;1m        await fs.writeFile(path.join(runDir, 'error.txt'), `Error processing run: ${error.message}`);[0m
2025-04-16T15:06:48.4552919Z [36;1m      }[0m
2025-04-16T15:06:48.4553099Z [36;1m    }[0m
2025-04-16T15:06:48.4553271Z [36;1m  }[0m
2025-04-16T15:06:48.4553442Z [36;1m  [0m
2025-04-16T15:06:48.4553623Z [36;1m  // Create summary file[0m
2025-04-16T15:06:48.4554057Z [36;1m  const summary = {[0m
2025-04-16T15:06:48.4554319Z [36;1m    timestamp: new Date().toISOString(),[0m
2025-04-16T15:06:48.4554635Z [36;1m    totalWorkflows: workflows.workflows.length,[0m
2025-04-16T15:06:48.4554986Z [36;1m    workflowSummary: workflows.workflows.map(w => ({[0m
2025-04-16T15:06:48.4555281Z [36;1m      name: w.name,[0m
2025-04-16T15:06:48.4555500Z [36;1m      id: w.id,[0m
2025-04-16T15:06:48.4555707Z [36;1m      path: w.path,[0m
2025-04-16T15:06:48.4555916Z [36;1m    })),[0m
2025-04-16T15:06:48.4556094Z [36;1m  };[0m
2025-04-16T15:06:48.4556260Z [36;1m  [0m
2025-04-16T15:06:48.4556573Z [36;1m  await fs.writeJson(path.join(logsDir, 'summary.json'), summary, { spaces: 2 });[0m
2025-04-16T15:06:48.4557005Z [36;1m  console.log('Workflow error logs sync completed');[0m
2025-04-16T15:06:48.4557295Z [36;1m}[0m
2025-04-16T15:06:48.4557458Z [36;1m[0m
2025-04-16T15:06:48.4557731Z [36;1mmain().catch(error => {[0m
2025-04-16T15:06:48.4558083Z [36;1m  console.error('Error in main process:', error);[0m
2025-04-16T15:06:48.4558384Z [36;1m  process.exit(1);[0m
2025-04-16T15:06:48.4558663Z [36;1m});[0m
2025-04-16T15:06:48.4558832Z [36;1mEOF[0m
2025-04-16T15:06:48.4558998Z [36;1m[0m
2025-04-16T15:06:48.4559184Z [36;1mnode fetch-workflow-logs.js[0m
2025-04-16T15:06:48.4607770Z shell: /usr/bin/bash -e {0}
2025-04-16T15:06:48.4608023Z env:
2025-04-16T15:06:48.4608196Z   CI: true
2025-04-16T15:06:48.4608587Z   GITHUB_TOKEN: ***
2025-04-16T15:06:48.4608791Z   REPO_OWNER: mrkurger
2025-04-16T15:06:48.4609013Z   REPO_NAME: date-night-app2
2025-04-16T15:06:48.4609244Z ##[endgroup]
2025-04-16T15:06:48.5075527Z node:internal/modules/cjs/loader:646
2025-04-16T15:06:48.5077037Z       throw e;
2025-04-16T15:06:48.5078081Z       ^
2025-04-16T15:06:48.5079143Z 
2025-04-16T15:06:48.5080569Z Error [ERR_PACKAGE_PATH_NOT_EXPORTED]: No "exports" main defined in /home/runner/work/date-night-app2/date-night-app2/node_modules/@octokit/plugin-throttling/package.json
2025-04-16T15:06:48.5082533Z     at exportsNotFound (node:internal/modules/esm/resolve:314:10)
2025-04-16T15:06:48.5084868Z     at packageExportsResolve (node:internal/modules/esm/resolve:604:13)
2025-04-16T15:06:48.5085695Z     at resolveExports (node:internal/modules/cjs/loader:639:36)
2025-04-16T15:06:48.5086464Z     at Function._findPath (node:internal/modules/cjs/loader:728:31)
2025-04-16T15:06:48.5087344Z     at Function._resolveFilename (node:internal/modules/cjs/loader:1211:27)
2025-04-16T15:06:48.5088148Z     at Function._load (node:internal/modules/cjs/loader:1055:27)
2025-04-16T15:06:48.5088906Z     at TracingChannel.traceSync (node:diagnostics_channel:322:14)
2025-04-16T15:06:48.5089672Z     at wrapModuleLoad (node:internal/modules/cjs/loader:220:24)
2025-04-16T15:06:48.5090441Z     at Module.require (node:internal/modules/cjs/loader:1311:12)
2025-04-16T15:06:48.5091101Z     at require (node:internal/modules/helpers:136:16) {
2025-04-16T15:06:48.5091653Z   code: 'ERR_PACKAGE_PATH_NOT_EXPORTED'
2025-04-16T15:06:48.5092074Z }
2025-04-16T15:06:48.5092723Z 
2025-04-16T15:06:48.5092867Z Node.js v22.14.0
2025-04-16T15:06:48.5124231Z ##[error]Process completed with exit code 1.
2025-04-16T15:06:48.5228539Z Post job cleanup.
2025-04-16T15:06:48.6204286Z [command]/usr/bin/git version
2025-04-16T15:06:48.6246112Z git version 2.49.0
2025-04-16T15:06:48.6292125Z Temporarily overriding HOME='/home/runner/work/_temp/73237ae0-bd1a-45aa-bb56-1b8529216180' before making global git config changes
2025-04-16T15:06:48.6295365Z Adding repository directory to the temporary git global config as a safe directory
2025-04-16T15:06:48.6310016Z [command]/usr/bin/git config --global --add safe.directory /home/runner/work/date-night-app2/date-night-app2
2025-04-16T15:06:48.6350171Z [command]/usr/bin/git config --local --name-only --get-regexp core\.sshCommand
2025-04-16T15:06:48.6385235Z [command]/usr/bin/git submodule foreach --recursive sh -c "git config --local --name-only --get-regexp 'core\.sshCommand' && git config --local --unset-all 'core.sshCommand' || :"
2025-04-16T15:06:48.6709942Z [command]/usr/bin/git config --local --name-only --get-regexp http\.https\:\/\/github\.com\/\.extraheader
2025-04-16T15:06:48.6755868Z http.https://github.com/.extraheader
2025-04-16T15:06:48.6777025Z [command]/usr/bin/git config --local --unset-all http.https://github.com/.extraheader
2025-04-16T15:06:48.6832500Z [command]/usr/bin/git submodule foreach --recursive sh -c "git config --local --name-only --get-regexp 'http\.https\:\/\/github\.com\/\.extraheader' && git config --local --unset-all 'http.https://github.com/.extraheader' || :"
2025-04-16T15:06:48.7373565Z Cleaning up orphan processes
