2025-04-16T17:18:00.6284634Z Current runner version: '2.323.0'
2025-04-16T17:18:00.6318686Z ##[group]Operating System
2025-04-16T17:18:00.6320008Z Ubuntu
2025-04-16T17:18:00.6320877Z 24.04.2
2025-04-16T17:18:00.6321698Z LTS
2025-04-16T17:18:00.6322649Z ##[endgroup]
2025-04-16T17:18:00.6323549Z ##[group]Runner Image
2025-04-16T17:18:00.6324908Z Image: ubuntu-24.04
2025-04-16T17:18:00.6325911Z Version: 20250413.1.0
2025-04-16T17:18:00.6327692Z Included Software: https://github.com/actions/runner-images/blob/ubuntu24/20250413.1/images/ubuntu/Ubuntu2404-Readme.md
2025-04-16T17:18:00.6330303Z Image Release: https://github.com/actions/runner-images/releases/tag/ubuntu24%2F20250413.1
2025-04-16T17:18:00.6332299Z ##[endgroup]
2025-04-16T17:18:00.6333370Z ##[group]Runner Image Provisioner
2025-04-16T17:18:00.6334611Z 2.0.422.1
2025-04-16T17:18:00.6335480Z ##[endgroup]
2025-04-16T17:18:00.6337431Z ##[group]GITHUB_TOKEN Permissions
2025-04-16T17:18:00.6340215Z Actions: read
2025-04-16T17:18:00.6341125Z Contents: write
2025-04-16T17:18:00.6342314Z Metadata: read
2025-04-16T17:18:00.6343430Z ##[endgroup]
2025-04-16T17:18:00.6347176Z Secret source: Actions
2025-04-16T17:18:00.6348519Z Prepare workflow directory
2025-04-16T17:18:00.7097888Z Prepare all required actions
2025-04-16T17:18:00.7154843Z Getting action download info
2025-04-16T17:18:01.3546218Z ##[group]Download immutable action package 'actions/checkout@v4'
2025-04-16T17:18:01.3547357Z Version: 4.2.2
2025-04-16T17:18:01.3548354Z Digest: sha256:ccb2698953eaebd21c7bf6268a94f9c26518a7e38e27e0b83c1fe1ad049819b1
2025-04-16T17:18:01.3549687Z Source commit SHA: 11bd71901bbe5b1630ceea73d27597364c9af683
2025-04-16T17:18:01.3550422Z ##[endgroup]
2025-04-16T17:18:01.4515324Z ##[group]Download immutable action package 'actions/setup-node@v4'
2025-04-16T17:18:01.4516156Z Version: 4.4.0
2025-04-16T17:18:01.4516984Z Digest: sha256:9427cefe82346e992fb5b949e3569b39d537ae41aa3086483b14eceebfc16bc1
2025-04-16T17:18:01.4518022Z Source commit SHA: 49933ea5288caeca8642d1e84afbd3f7d6820020
2025-04-16T17:18:01.4518770Z ##[endgroup]
2025-04-16T17:18:01.8608816Z Complete job name: sync-error-logs
2025-04-16T17:18:01.9308757Z ##[group]Run actions/checkout@v4
2025-04-16T17:18:01.9309652Z with:
2025-04-16T17:18:01.9310069Z   fetch-depth: 0
2025-04-16T17:18:01.9310717Z   token: ***
2025-04-16T17:18:01.9311168Z   repository: mrkurger/date-night-app2
2025-04-16T17:18:01.9311710Z   ssh-strict: true
2025-04-16T17:18:01.9312124Z   ssh-user: git
2025-04-16T17:18:01.9312543Z   persist-credentials: true
2025-04-16T17:18:01.9313010Z   clean: true
2025-04-16T17:18:01.9313417Z   sparse-checkout-cone-mode: true
2025-04-16T17:18:01.9313915Z   fetch-tags: false
2025-04-16T17:18:01.9314667Z   show-progress: true
2025-04-16T17:18:01.9315108Z   lfs: false
2025-04-16T17:18:01.9315518Z   submodules: false
2025-04-16T17:18:01.9315950Z   set-safe-directory: true
2025-04-16T17:18:01.9316721Z env:
2025-04-16T17:18:01.9317128Z   CI: true
2025-04-16T17:18:01.9317512Z ##[endgroup]
2025-04-16T17:18:02.1132928Z Syncing repository: mrkurger/date-night-app2
2025-04-16T17:18:02.1135989Z ##[group]Getting Git version info
2025-04-16T17:18:02.1138893Z Working directory is '/home/runner/work/date-night-app2/date-night-app2'
2025-04-16T17:18:02.1140051Z [command]/usr/bin/git version
2025-04-16T17:18:02.1209425Z git version 2.49.0
2025-04-16T17:18:02.1242622Z ##[endgroup]
2025-04-16T17:18:02.1255887Z Temporarily overriding HOME='/home/runner/work/_temp/a5a3bb45-8308-4400-8c6f-f243ac6007b4' before making global git config changes
2025-04-16T17:18:02.1259734Z Adding repository directory to the temporary git global config as a safe directory
2025-04-16T17:18:02.1264128Z [command]/usr/bin/git config --global --add safe.directory /home/runner/work/date-night-app2/date-night-app2
2025-04-16T17:18:02.1305658Z Deleting the contents of '/home/runner/work/date-night-app2/date-night-app2'
2025-04-16T17:18:02.1310157Z ##[group]Initializing the repository
2025-04-16T17:18:02.1315549Z [command]/usr/bin/git init /home/runner/work/date-night-app2/date-night-app2
2025-04-16T17:18:02.1410936Z hint: Using 'master' as the name for the initial branch. This default branch name
2025-04-16T17:18:02.1412855Z hint: is subject to change. To configure the initial branch name to use in all
2025-04-16T17:18:02.1414615Z hint: of your new repositories, which will suppress this warning, call:
2025-04-16T17:18:02.1415382Z hint:
2025-04-16T17:18:02.1415903Z hint: 	git config --global init.defaultBranch <name>
2025-04-16T17:18:02.1416848Z hint:
2025-04-16T17:18:02.1417519Z hint: Names commonly chosen instead of 'master' are 'main', 'trunk' and
2025-04-16T17:18:02.1419112Z hint: 'development'. The just-created branch can be renamed via this command:
2025-04-16T17:18:02.1420811Z hint:
2025-04-16T17:18:02.1422442Z hint: 	git branch -m <name>
2025-04-16T17:18:02.1425646Z Initialized empty Git repository in /home/runner/work/date-night-app2/date-night-app2/.git/
2025-04-16T17:18:02.1437995Z [command]/usr/bin/git remote add origin https://github.com/mrkurger/date-night-app2
2025-04-16T17:18:02.1478408Z ##[endgroup]
2025-04-16T17:18:02.1479810Z ##[group]Disabling automatic garbage collection
2025-04-16T17:18:02.1483031Z [command]/usr/bin/git config --local gc.auto 0
2025-04-16T17:18:02.1517035Z ##[endgroup]
2025-04-16T17:18:02.1518439Z ##[group]Setting up auth
2025-04-16T17:18:02.1524838Z [command]/usr/bin/git config --local --name-only --get-regexp core\.sshCommand
2025-04-16T17:18:02.1558925Z [command]/usr/bin/git submodule foreach --recursive sh -c "git config --local --name-only --get-regexp 'core\.sshCommand' && git config --local --unset-all 'core.sshCommand' || :"
2025-04-16T17:18:02.1943810Z [command]/usr/bin/git config --local --name-only --get-regexp http\.https\:\/\/github\.com\/\.extraheader
2025-04-16T17:18:02.1979263Z [command]/usr/bin/git submodule foreach --recursive sh -c "git config --local --name-only --get-regexp 'http\.https\:\/\/github\.com\/\.extraheader' && git config --local --unset-all 'http.https://github.com/.extraheader' || :"
2025-04-16T17:18:02.2217403Z [command]/usr/bin/git config --local http.https://github.com/.extraheader AUTHORIZATION: basic ***
2025-04-16T17:18:02.2274991Z ##[endgroup]
2025-04-16T17:18:02.2276912Z ##[group]Fetching the repository
2025-04-16T17:18:02.2285469Z [command]/usr/bin/git -c protocol.version=2 fetch --prune --no-recurse-submodules origin +refs/heads/*:refs/remotes/origin/* +refs/tags/*:refs/tags/*
2025-04-16T17:18:11.0895779Z From https://github.com/mrkurger/date-night-app2
2025-04-16T17:18:11.0901122Z  * [new branch]      dependabot/github_actions/dawidd6/action-download-artifact-9 -> origin/dependabot/github_actions/dawidd6/action-download-artifact-9
2025-04-16T17:18:11.0903110Z  * [new branch]      dependabot/npm_and_yarn/server/multi-94fa72f662 -> origin/dependabot/npm_and_yarn/server/multi-94fa72f662
2025-04-16T17:18:11.0904679Z  * [new branch]      main       -> origin/main
2025-04-16T17:18:11.0950684Z [command]/usr/bin/git branch --list --remote origin/main
2025-04-16T17:18:11.0990324Z   origin/main
2025-04-16T17:18:11.1009603Z [command]/usr/bin/git rev-parse refs/remotes/origin/main
2025-04-16T17:18:11.1042710Z 66574f2a6599e39447ddaa683e40a7580cf7917d
2025-04-16T17:18:11.1056032Z ##[endgroup]
2025-04-16T17:18:11.1056893Z ##[group]Determining the checkout info
2025-04-16T17:18:11.1057795Z ##[endgroup]
2025-04-16T17:18:11.1072085Z [command]/usr/bin/git sparse-checkout disable
2025-04-16T17:18:11.1122616Z [command]/usr/bin/git config --local --unset-all extensions.worktreeConfig
2025-04-16T17:18:11.1165495Z ##[group]Checking out the ref
2025-04-16T17:18:11.1168658Z [command]/usr/bin/git checkout --progress --force -B main refs/remotes/origin/main
2025-04-16T17:18:11.4867620Z Switched to a new branch 'main'
2025-04-16T17:18:11.4887830Z branch 'main' set up to track 'origin/main'.
2025-04-16T17:18:11.4908465Z ##[endgroup]
2025-04-16T17:18:11.4976026Z [command]/usr/bin/git log -1 --format=%H
2025-04-16T17:18:11.5018265Z 66574f2a6599e39447ddaa683e40a7580cf7917d
2025-04-16T17:18:11.5252085Z ##[group]Run actions/setup-node@v4
2025-04-16T17:18:11.5252370Z with:
2025-04-16T17:18:11.5252792Z   node-version: 22.x
2025-04-16T17:18:11.5252982Z   always-auth: false
2025-04-16T17:18:11.5253166Z   check-latest: false
2025-04-16T17:18:11.5253509Z   token: ***
2025-04-16T17:18:11.5253673Z env:
2025-04-16T17:18:11.5253827Z   CI: true
2025-04-16T17:18:11.5253980Z ##[endgroup]
2025-04-16T17:18:11.6987196Z Found in cache @ /opt/hostedtoolcache/node/22.14.0/x64
2025-04-16T17:18:11.6990299Z ##[group]Environment details
2025-04-16T17:18:12.1915855Z node: v22.14.0
2025-04-16T17:18:12.1917053Z npm: 10.9.2
2025-04-16T17:18:12.1917819Z yarn: 1.22.22
2025-04-16T17:18:12.1919129Z ##[endgroup]
2025-04-16T17:18:12.2033581Z ##[group]Run npm install @octokit/rest@19.0.13 fs-extra@11.2.0
2025-04-16T17:18:12.2034039Z [36;1mnpm install @octokit/rest@19.0.13 fs-extra@11.2.0[0m
2025-04-16T17:18:12.2089050Z shell: /usr/bin/bash -e {0}
2025-04-16T17:18:12.2089297Z env:
2025-04-16T17:18:12.2089523Z   CI: true
2025-04-16T17:18:12.2089688Z ##[endgroup]
2025-04-16T17:18:17.7867140Z npm warn deprecated xss-clean@0.1.4: Package no longer supported. Contact Support at https://www.npmjs.com/support for more info.
2025-04-16T17:18:19.3521265Z npm warn deprecated rimraf@3.0.2: Rimraf versions prior to v4 are no longer supported
2025-04-16T17:18:19.9207440Z npm warn deprecated passport-reddit@1.1.0: While functionally complete, this library will not be receiving any updates going forwards. Users are actively discouraged from using OAuth2 for authentication. See archival notice on github for more details.
2025-04-16T17:18:20.4787002Z npm warn deprecated npmlog@5.0.1: This package is no longer supported.
2025-04-16T17:18:21.2968891Z npm warn deprecated superagent@8.1.2: Please upgrade to v9.0.0+ as we have fixed a public vulnerability with formidable dependency. Note that v9.0.0+ requires Node.js v14.18.0+. See https://github.com/ladjs/superagent/pull/1800 for insight. This project is supported and maintained by the team at Forward Email @ https://forwardemail.net
2025-04-16T17:18:21.8471664Z npm warn deprecated inflight@1.0.6: This module is not supported, and leaks memory. Do not use it. Check out lru-cache if you want a good and tested way to coalesce async requests by a key value, which is much more comprehensive and powerful.
2025-04-16T17:18:22.2134071Z npm warn deprecated glob@7.2.3: Glob versions prior to v9 are no longer supported
2025-04-16T17:18:22.6849362Z npm warn deprecated gauge@3.0.2: This package is no longer supported.
2025-04-16T17:18:23.1038999Z npm warn deprecated domexception@4.0.0: Use your platform's native DOMException instead
2025-04-16T17:18:24.2516710Z npm warn deprecated are-we-there-yet@2.0.0: This package is no longer supported.
2025-04-16T17:18:24.3627961Z npm warn deprecated abab@2.0.6: Use your platform's native atob() and btoa() methods instead
2025-04-16T17:18:25.3115073Z npm warn deprecated @humanwhocodes/object-schema@2.0.3: Use @eslint/object-schema instead
2025-04-16T17:18:25.3505762Z npm warn deprecated @humanwhocodes/config-array@0.11.14: Use @eslint/config-array instead
2025-04-16T17:18:32.5621458Z npm warn deprecated eslint@8.56.0: This version is no longer supported. Please see https://eslint.org/version-support for other options.
2025-04-16T17:18:32.6304864Z npm warn deprecated eslint@8.56.0: This version is no longer supported. Please see https://eslint.org/version-support for other options.
2025-04-16T17:18:55.8538984Z 
2025-04-16T17:18:55.8543514Z added 1914 packages, and audited 1917 packages in 44s
2025-04-16T17:18:55.8544488Z 
2025-04-16T17:18:55.8546629Z 354 packages are looking for funding
2025-04-16T17:18:55.8561413Z   run `npm fund` for details
2025-04-16T17:18:55.8761950Z 
2025-04-16T17:18:55.8764433Z 9 moderate severity vulnerabilities
2025-04-16T17:18:55.8766798Z 
2025-04-16T17:18:55.8767637Z To address issues that do not require attention, run:
2025-04-16T17:18:55.8769085Z   npm audit fix
2025-04-16T17:18:55.8769652Z 
2025-04-16T17:18:55.8770760Z To address all issues (including breaking changes), run:
2025-04-16T17:18:55.8771746Z   npm audit fix --force
2025-04-16T17:18:55.8773263Z 
2025-04-16T17:18:55.8773856Z Run `npm audit` for details.
2025-04-16T17:18:55.9656412Z ##[group]Run cat > fetch-workflow-logs.js << 'EOF'
2025-04-16T17:18:55.9657102Z [36;1mcat > fetch-workflow-logs.js << 'EOF'[0m
2025-04-16T17:18:55.9657412Z [36;1mconst { Octokit } = require('@octokit/rest');[0m
2025-04-16T17:18:55.9657708Z [36;1mconst fs = require('fs-extra');[0m
2025-04-16T17:18:55.9657972Z [36;1mconst path = require('path');[0m
2025-04-16T17:18:55.9658227Z [36;1m[0m
2025-04-16T17:18:55.9658408Z [36;1masync function main() {[0m
2025-04-16T17:18:55.9658666Z [36;1m  const owner = process.env.REPO_OWNER;[0m
2025-04-16T17:18:55.9658973Z [36;1m  const repo = process.env.REPO_NAME;[0m
2025-04-16T17:18:55.9659291Z [36;1m  const logsDir = path.join('workflow-error-logs');[0m
2025-04-16T17:18:55.9659579Z [36;1m  [0m
2025-04-16T17:18:55.9659831Z [36;1m  console.log(`Fetching workflow logs for ${owner}/${repo}`);[0m
2025-04-16T17:18:55.9660132Z [36;1m  [0m
2025-04-16T17:18:55.9660366Z [36;1m  // Create logs directory if it doesn't exist[0m
2025-04-16T17:18:55.9660689Z [36;1m  await fs.ensureDir(logsDir);[0m
2025-04-16T17:18:55.9660924Z [36;1m  [0m
2025-04-16T17:18:55.9661105Z [36;1m  const octokit = new Octokit({[0m
2025-04-16T17:18:55.9661360Z [36;1m    auth: process.env.GITHUB_TOKEN,[0m
2025-04-16T17:18:55.9661610Z [36;1m    request: {[0m
2025-04-16T17:18:55.9661806Z [36;1m      retries: 3,[0m
2025-04-16T17:18:55.9662015Z [36;1m      retryAfter: 1[0m
2025-04-16T17:18:55.9662207Z [36;1m    }[0m
2025-04-16T17:18:55.9662371Z [36;1m  });[0m
2025-04-16T17:18:55.9662528Z [36;1m  [0m
2025-04-16T17:18:55.9662696Z [36;1m  // Get all workflows[0m
2025-04-16T17:18:55.9663032Z [36;1m  const { data: workflows } = await octokit.actions.listRepoWorkflows({[0m
2025-04-16T17:18:55.9663376Z [36;1m    owner,[0m
2025-04-16T17:18:55.9663560Z [36;1m    repo,[0m
2025-04-16T17:18:55.9663728Z [36;1m  });[0m
2025-04-16T17:18:55.9663896Z [36;1m  [0m
2025-04-16T17:18:55.9664096Z [36;1m  // Get recent workflow runs (last 30 days)[0m
2025-04-16T17:18:55.9664762Z [36;1m  const thirtyDaysAgo = new Date();[0m
2025-04-16T17:18:55.9665095Z [36;1m  thirtyDaysAgo.setDate(thirtyDaysAgo.getDate() - 30);[0m
2025-04-16T17:18:55.9665395Z [36;1m  [0m
2025-04-16T17:18:55.9665614Z [36;1m  for (const workflow of workflows.workflows) {[0m
2025-04-16T17:18:55.9666001Z [36;1m    console.log(`Processing workflow: ${workflow.name} (${workflow.id})`);[0m
2025-04-16T17:18:55.9666338Z [36;1m    [0m
2025-04-16T17:18:55.9666504Z [36;1m    try {[0m
2025-04-16T17:18:55.9666771Z [36;1m      const { data: runs } = await octokit.actions.listWorkflowRuns({[0m
2025-04-16T17:18:55.9667081Z [36;1m        owner,[0m
2025-04-16T17:18:55.9667271Z [36;1m        repo,[0m
2025-04-16T17:18:55.9667479Z [36;1m        workflow_id: workflow.id,[0m
2025-04-16T17:18:55.9667791Z [36;1m        created: `>=${thirtyDaysAgo.toISOString().split('T')[0]}`,[0m
2025-04-16T17:18:55.9668083Z [36;1m      });[0m
2025-04-16T17:18:55.9668258Z [36;1m      [0m
2025-04-16T17:18:55.9668434Z [36;1m      // Process failed runs[0m
2025-04-16T17:18:55.9668727Z [36;1m      const failedRuns = runs.workflow_runs.filter(run => [0m
2025-04-16T17:18:55.9669189Z [36;1m        run.conclusion === 'failure' || run.conclusion === 'cancelled' || run.conclusion === 'timed_out'[0m
2025-04-16T17:18:55.9669577Z [36;1m      );[0m
2025-04-16T17:18:55.9669744Z [36;1m      [0m
2025-04-16T17:18:55.9670044Z [36;1m      console.log(`Found ${failedRuns.length} failed runs for ${workflow.name}`);[0m
2025-04-16T17:18:55.9670405Z [36;1m      [0m
2025-04-16T17:18:55.9670590Z [36;1m      for (const run of failedRuns) {[0m
2025-04-16T17:18:55.9670943Z [36;1m        const runDate = new Date(run.created_at).toISOString().split('T')[0];[0m
2025-04-16T17:18:55.9671482Z [36;1m        const workflowDir = path.join(logsDir, workflow.name.replace(/[^a-zA-Z0-9]/g, '-').toLowerCase());[0m
2025-04-16T17:18:55.9671995Z [36;1m        const runDir = path.join(workflowDir, `${runDate}_${run.id}`);[0m
2025-04-16T17:18:55.9672665Z [36;1m        [0m
2025-04-16T17:18:55.9672906Z [36;1m        await fs.ensureDir(runDir);[0m
2025-04-16T17:18:55.9673139Z [36;1m        [0m
2025-04-16T17:18:55.9673319Z [36;1m        // Save run metadata[0m
2025-04-16T17:18:55.9673666Z [36;1m        await fs.writeJson(path.join(runDir, 'metadata.json'), run, { spaces: 2 });[0m
2025-04-16T17:18:55.9674009Z [36;1m        [0m
2025-04-16T17:18:55.9674394Z [36;1m        try {[0m
2025-04-16T17:18:55.9674614Z [36;1m          // Get jobs for this run[0m
2025-04-16T17:18:55.9674961Z [36;1m          const { data: jobs } = await octokit.actions.listJobsForWorkflowRun({[0m
2025-04-16T17:18:55.9675298Z [36;1m            owner,[0m
2025-04-16T17:18:55.9675500Z [36;1m            repo,[0m
2025-04-16T17:18:55.9675701Z [36;1m            run_id: run.id,[0m
2025-04-16T17:18:55.9675921Z [36;1m          });[0m
2025-04-16T17:18:55.9676096Z [36;1m          [0m
2025-04-16T17:18:55.9676292Z [36;1m          // Save jobs metadata[0m
2025-04-16T17:18:55.9676662Z [36;1m          await fs.writeJson(path.join(runDir, 'jobs.json'), jobs, { spaces: 2 });[0m
2025-04-16T17:18:55.9676998Z [36;1m          [0m
2025-04-16T17:18:55.9677183Z [36;1m          // Process each job[0m
2025-04-16T17:18:55.9677426Z [36;1m          for (const job of jobs.jobs) {[0m
2025-04-16T17:18:55.9677854Z [36;1m            if (job.conclusion === 'failure' || job.conclusion === 'cancelled' || job.conclusion === 'timed_out') {[0m
2025-04-16T17:18:55.9678429Z [36;1m              const jobDir = path.join(runDir, job.name.replace(/[^a-zA-Z0-9]/g, '-').toLowerCase());[0m
2025-04-16T17:18:55.9678838Z [36;1m              await fs.ensureDir(jobDir);[0m
2025-04-16T17:18:55.9679086Z [36;1m              [0m
2025-04-16T17:18:55.9679284Z [36;1m              // Save job metadata[0m
2025-04-16T17:18:55.9679664Z [36;1m              await fs.writeJson(path.join(jobDir, 'job-metadata.json'), job, { spaces: 2 });[0m
2025-04-16T17:18:55.9680027Z [36;1m              [0m
2025-04-16T17:18:55.9680216Z [36;1m              try {[0m
2025-04-16T17:18:55.9680425Z [36;1m                // Get job logs[0m
2025-04-16T17:18:55.9680767Z [36;1m                const logs = await octokit.actions.downloadJobLogsForWorkflowRun({[0m
2025-04-16T17:18:55.9681121Z [36;1m                  owner,[0m
2025-04-16T17:18:55.9681343Z [36;1m                  repo,[0m
2025-04-16T17:18:55.9681575Z [36;1m                  job_id: job.id,[0m
2025-04-16T17:18:55.9681810Z [36;1m                });[0m
2025-04-16T17:18:55.9682005Z [36;1m                [0m
2025-04-16T17:18:55.9682201Z [36;1m                // Save logs[0m
2025-04-16T17:18:55.9682510Z [36;1m                await fs.writeFile(path.join(jobDir, 'logs.txt'), logs.data);[0m
2025-04-16T17:18:55.9682922Z [36;1m                console.log(`Saved logs for job ${job.name} (${job.id})`);[0m
2025-04-16T17:18:55.9683231Z [36;1m              } catch (error) {[0m
2025-04-16T17:18:55.9683588Z [36;1m                console.error(`Error fetching logs for job ${job.id}: ${error.message}`);[0m
2025-04-16T17:18:55.9684107Z [36;1m                await fs.writeFile(path.join(jobDir, 'error.txt'), `Error fetching logs: ${error.message}`);[0m
2025-04-16T17:18:55.9684611Z [36;1m              }[0m
2025-04-16T17:18:55.9684798Z [36;1m            }[0m
2025-04-16T17:18:55.9684968Z [36;1m          }[0m
2025-04-16T17:18:55.9685150Z [36;1m        } catch (error) {[0m
2025-04-16T17:18:55.9685469Z [36;1m          console.error(`Error processing run ${run.id}: ${error.message}`);[0m
2025-04-16T17:18:55.9685974Z [36;1m          await fs.writeFile(path.join(runDir, 'error.txt'), `Error processing run: ${error.message}`);[0m
2025-04-16T17:18:55.9686366Z [36;1m        }[0m
2025-04-16T17:18:55.9686529Z [36;1m      }[0m
2025-04-16T17:18:55.9686705Z [36;1m    } catch (error) {[0m
2025-04-16T17:18:55.9687044Z [36;1m      console.error(`Error processing workflow ${workflow.id}: ${error.message}`);[0m
2025-04-16T17:18:55.9687543Z [36;1m    }[0m
2025-04-16T17:18:55.9687846Z [36;1m  }[0m
2025-04-16T17:18:55.9688009Z [36;1m  [0m
2025-04-16T17:18:55.9688174Z [36;1m  // Create summary file[0m
2025-04-16T17:18:55.9688401Z [36;1m  const summary = {[0m
2025-04-16T17:18:55.9688638Z [36;1m    timestamp: new Date().toISOString(),[0m
2025-04-16T17:18:55.9688941Z [36;1m    totalWorkflows: workflows.workflows.length,[0m
2025-04-16T17:18:55.9689285Z [36;1m    workflowSummary: workflows.workflows.map(w => ({[0m
2025-04-16T17:18:55.9689568Z [36;1m      name: w.name,[0m
2025-04-16T17:18:55.9689765Z [36;1m      id: w.id,[0m
2025-04-16T17:18:55.9689956Z [36;1m      path: w.path,[0m
2025-04-16T17:18:55.9690151Z [36;1m    })),[0m
2025-04-16T17:18:55.9690310Z [36;1m  };[0m
2025-04-16T17:18:55.9690471Z [36;1m  [0m
2025-04-16T17:18:55.9690772Z [36;1m  await fs.writeJson(path.join(logsDir, 'summary.json'), summary, { spaces: 2 });[0m
2025-04-16T17:18:55.9691190Z [36;1m  console.log('Workflow error logs sync completed');[0m
2025-04-16T17:18:55.9691476Z [36;1m}[0m
2025-04-16T17:18:55.9691625Z [36;1m[0m
2025-04-16T17:18:55.9691793Z [36;1mmain().catch(error => {[0m
2025-04-16T17:18:55.9692055Z [36;1m  console.error('Error in main process:', error);[0m
2025-04-16T17:18:55.9692334Z [36;1m  process.exit(1);[0m
2025-04-16T17:18:55.9692527Z [36;1m});[0m
2025-04-16T17:18:55.9692690Z [36;1mEOF[0m
2025-04-16T17:18:55.9692848Z [36;1m[0m
2025-04-16T17:18:55.9693018Z [36;1mnode fetch-workflow-logs.js[0m
2025-04-16T17:18:55.9740008Z shell: /usr/bin/bash -e {0}
2025-04-16T17:18:55.9740243Z env:
2025-04-16T17:18:55.9740398Z   CI: true
2025-04-16T17:18:55.9740796Z   GITHUB_TOKEN: ***
2025-04-16T17:18:55.9740989Z   REPO_OWNER: mrkurger
2025-04-16T17:18:55.9741194Z   REPO_NAME: date-night-app2
2025-04-16T17:18:55.9741411Z ##[endgroup]
2025-04-16T17:18:56.0575178Z Fetching workflow logs for mrkurger/date-night-app2
2025-04-16T17:18:56.3503383Z Processing workflow: Angular Tests (156396503)
2025-04-16T17:18:57.1619858Z Found 26 failed runs for Angular Tests
2025-04-16T17:18:58.1600032Z Saved logs for job e2e (22.x) (40671285255)
2025-04-16T17:18:58.4763578Z Saved logs for job test (22.x) (40671285283)
2025-04-16T17:18:59.5976338Z Saved logs for job e2e (22.x) (40665045272)
2025-04-16T17:18:59.8505127Z Saved logs for job test (22.x) (40665045274)
2025-04-16T17:19:00.7055737Z Saved logs for job test (22.x) (40664496095)
2025-04-16T17:19:01.1521957Z Saved logs for job e2e (22.x) (40664496108)
2025-04-16T17:19:02.2737577Z Saved logs for job e2e (22.x) (40663459721)
2025-04-16T17:19:02.5661211Z Saved logs for job test (22.x) (40663459733)
2025-04-16T17:19:03.6332717Z Saved logs for job e2e (22.x) (40662876861)
2025-04-16T17:19:03.9036528Z Saved logs for job test (22.x) (40662876876)
2025-04-16T17:19:04.5016609Z Saved logs for job e2e (22.x) (40662340818)
2025-04-16T17:19:04.7653721Z Saved logs for job test (22.x) (40662340822)
2025-04-16T17:19:05.5831973Z Saved logs for job test (22.x) (40660813802)
2025-04-16T17:19:05.9890411Z Saved logs for job e2e (22.x) (40660813807)
2025-04-16T17:19:06.6846970Z Saved logs for job e2e (22.x) (40659963795)
2025-04-16T17:19:06.8982020Z Saved logs for job test (22.x) (40659963797)
2025-04-16T17:19:07.2763848Z Saved logs for job lint (22.x) (40659963816)
2025-04-16T17:19:07.9896914Z Saved logs for job e2e (22.x) (40658470007)
2025-04-16T17:19:08.2085968Z Saved logs for job lint (22.x) (40658470023)
2025-04-16T17:19:08.4379298Z Saved logs for job test (22.x) (40658470025)
2025-04-16T17:19:09.1764733Z Saved logs for job test (22.x) (40656595432)
2025-04-16T17:19:09.4653260Z Saved logs for job e2e (22.x) (40656595450)
2025-04-16T17:19:09.7130862Z Saved logs for job lint (22.x) (40656595451)
2025-04-16T17:19:10.4824960Z Saved logs for job lint (22.x) (40648995689)
2025-04-16T17:19:10.7163931Z Saved logs for job e2e (22.x) (40648995690)
2025-04-16T17:19:10.9723142Z Saved logs for job test (22.x) (40648995699)
2025-04-16T17:19:11.7041406Z Saved logs for job test (22.x) (40648936041)
2025-04-16T17:19:11.9535858Z Saved logs for job lint (22.x) (40648936049)
2025-04-16T17:19:12.2188656Z Saved logs for job e2e (22.x) (40648936088)
2025-04-16T17:19:13.0046269Z Saved logs for job test (22.x) (40645363558)
2025-04-16T17:19:13.2275243Z Saved logs for job e2e (22.x) (40645363568)
2025-04-16T17:19:13.4783159Z Saved logs for job lint (22.x) (40645363582)
2025-04-16T17:19:14.3063239Z Saved logs for job test (22.x) (40642315715)
2025-04-16T17:19:14.5563725Z Saved logs for job e2e (22.x) (40642315733)
2025-04-16T17:19:14.8345540Z Saved logs for job lint (22.x) (40642315744)
2025-04-16T17:19:15.6276447Z Saved logs for job test (22.x) (40640408484)
2025-04-16T17:19:15.8747524Z Saved logs for job e2e (22.x) (40640408487)
2025-04-16T17:19:16.1122001Z Saved logs for job lint (22.x) (40640408495)
2025-04-16T17:19:16.6799007Z Saved logs for job test (22.x) (40639200761)
2025-04-16T17:19:16.9236024Z Saved logs for job e2e (22.x) (40639200762)
2025-04-16T17:19:17.1937640Z Saved logs for job lint (22.x) (40639200772)
2025-04-16T17:19:18.0414765Z Saved logs for job test (22.x) (40638434179)
2025-04-16T17:19:18.2729046Z Saved logs for job lint (22.x) (40638434180)
2025-04-16T17:19:18.6077193Z Saved logs for job e2e (22.x) (40638434197)
2025-04-16T17:19:19.1894933Z Saved logs for job test (22.x) (40638117917)
2025-04-16T17:19:19.4547423Z Saved logs for job e2e (22.x) (40638117918)
2025-04-16T17:19:19.7029464Z Saved logs for job lint (22.x) (40638117931)
2025-04-16T17:19:20.5343583Z Saved logs for job test (22.x) (40637222574)
2025-04-16T17:19:20.7924895Z Saved logs for job e2e (22.x) (40637222590)
2025-04-16T17:19:21.0165776Z Saved logs for job lint (22.x) (40637222627)
2025-04-16T17:19:21.8026384Z Saved logs for job e2e (22.x) (40636317713)
2025-04-16T17:19:22.0501532Z Saved logs for job test (22.x) (40636317717)
2025-04-16T17:19:22.2889391Z Saved logs for job lint (22.x) (40636317718)
2025-04-16T17:19:22.9782353Z Saved logs for job test (22.x) (40635520017)
2025-04-16T17:19:23.2220873Z Saved logs for job e2e (22.x) (40635520024)
2025-04-16T17:19:23.5294819Z Saved logs for job lint (22.x) (40635520025)
2025-04-16T17:19:24.4367188Z Saved logs for job e2e (22.x) (40631138588)
2025-04-16T17:19:24.6688351Z Saved logs for job test (22.x) (40631138593)
2025-04-16T17:19:25.2699838Z Saved logs for job test (22.x) (40628452555)
2025-04-16T17:19:25.5906552Z Saved logs for job e2e (22.x) (40628452573)
2025-04-16T17:19:26.6390037Z Saved logs for job test (22.x) (40625114143)
2025-04-16T17:19:26.9656817Z Saved logs for job e2e (22.x) (40625114153)
2025-04-16T17:19:27.5875753Z Saved logs for job e2e (22.x) (40623556700)
2025-04-16T17:19:27.8151941Z Saved logs for job test (22.x) (40623556710)
2025-04-16T17:19:28.7112128Z Saved logs for job e2e (22.x) (40623232672)
2025-04-16T17:19:28.9461105Z Saved logs for job test (22.x) (40623232677)
2025-04-16T17:19:28.9463014Z Processing workflow: Security Alerts Report (Alternative) (156517337)
2025-04-16T17:19:29.2008161Z Found 0 failed runs for Security Alerts Report (Alternative)
2025-04-16T17:19:29.2009669Z Processing workflow: Security Alerts Report (156511788)
2025-04-16T17:19:29.4243410Z Found 1 failed runs for Security Alerts Report
2025-04-16T17:19:30.0752414Z Saved logs for job generate-report (40657820058)
2025-04-16T17:19:30.0754994Z Processing workflow: Server Tests (156396504)
2025-04-16T17:19:30.4409609Z Found 7 failed runs for Server Tests
2025-04-16T17:19:31.4714738Z Saved logs for job test (22.x) (40663459741)
2025-04-16T17:19:32.3021653Z Saved logs for job test (22.x) (40659963757)
2025-04-16T17:19:32.5710329Z Saved logs for job lint (22.x) (40659963777)
2025-04-16T17:19:33.2918976Z Saved logs for job lint (22.x) (40656595380)
2025-04-16T17:19:33.6545588Z Saved logs for job test (22.x) (40656595382)
2025-04-16T17:19:34.5865575Z Saved logs for job test (22.x) (40648936051)
2025-04-16T17:19:34.8469754Z Saved logs for job lint (22.x) (40648936076)
2025-04-16T17:19:35.6076380Z Saved logs for job lint (22.x) (40636317715)
2025-04-16T17:19:35.9346137Z Saved logs for job test (22.x) (40636317724)
2025-04-16T17:19:36.3969339Z Saved logs for job lint (22.x) (40636157199)
2025-04-16T17:19:36.6413456Z Saved logs for job test (22.x) (40636157200)
2025-04-16T17:19:37.4946943Z Saved logs for job test (22.x) (40631138589)
2025-04-16T17:19:37.4948783Z Processing workflow: Sync GitHub Insights (Alternative) (156517338)
2025-04-16T17:19:37.6854518Z Found 0 failed runs for Sync GitHub Insights (Alternative)
2025-04-16T17:19:37.6856341Z Processing workflow: Sync GitHub Insights (Fixed) (156518590)
2025-04-16T17:19:37.9454647Z Found 0 failed runs for Sync GitHub Insights (Fixed)
2025-04-16T17:19:37.9456443Z Processing workflow: Sync GitHub Insights (156511789)
2025-04-16T17:19:38.1863003Z Found 3 failed runs for Sync GitHub Insights
2025-04-16T17:19:38.9237112Z Saved logs for job sync-insights (40658529730)
2025-04-16T17:19:39.5908410Z Saved logs for job sync-insights (40657800158)
2025-04-16T17:19:40.4351359Z Saved logs for job sync-insights (40656793753)
2025-04-16T17:19:40.4353246Z Processing workflow: Sync Snyk Issues (156557032)
2025-04-16T17:19:40.6028671Z Found 0 failed runs for Sync Snyk Issues
2025-04-16T17:19:40.6030489Z Processing workflow: Sync Test Reports (156511790)
2025-04-16T17:19:41.0360335Z Found 2 failed runs for Sync Test Reports
2025-04-16T17:19:41.6941087Z Saved logs for job sync-reports (40656664593)
2025-04-16T17:19:42.3370924Z Saved logs for job sync-reports (40656644372)
2025-04-16T17:19:42.3371835Z Processing workflow: Sync Workflow Error Logs (156531139)
2025-04-16T17:19:42.7721920Z Found 13 failed runs for Sync Workflow Error Logs
2025-04-16T17:19:43.5248555Z Saved logs for job sync-error-logs (40663884504)
2025-04-16T17:19:44.2350741Z Saved logs for job sync-error-logs (40663871175)
2025-04-16T17:19:44.9547026Z Saved logs for job sync-error-logs (40663862163)
2025-04-16T17:19:45.7392931Z Saved logs for job sync-error-logs (40663803075)
2025-04-16T17:19:46.4542039Z Saved logs for job sync-error-logs (40663762300)
2025-04-16T17:19:47.1596772Z Saved logs for job sync-error-logs (40663734511)
2025-04-16T17:19:47.8761777Z Saved logs for job sync-error-logs (40663704386)
2025-04-16T17:19:48.5836371Z Saved logs for job sync-error-logs (40663657537)
2025-04-16T17:19:49.3086538Z Saved logs for job sync-error-logs (40663640084)
2025-04-16T17:19:50.0273154Z Saved logs for job sync-error-logs (40663610469)
2025-04-16T17:19:50.7138794Z Saved logs for job sync-error-logs (40663581882)
2025-04-16T17:19:51.5179881Z Saved logs for job sync-error-logs (40663556539)
2025-04-16T17:19:52.3038809Z Saved logs for job sync-error-logs (40663029643)
2025-04-16T17:19:52.3040152Z Processing workflow: Sync Workflow Error Logs (Robust) (156532769)
2025-04-16T17:19:53.0096191Z Found 28 failed runs for Sync Workflow Error Logs (Robust)
2025-04-16T17:19:53.7096227Z Saved logs for job sync-error-logs (40671412670)
2025-04-16T17:19:54.3650765Z Saved logs for job sync-error-logs (40671398924)
2025-04-16T17:19:55.1051735Z Saved logs for job sync-error-logs (40671389821)
2025-04-16T17:19:55.7594563Z Saved logs for job sync-error-logs (40671384641)
2025-04-16T17:19:56.4985532Z Saved logs for job sync-error-logs (40667363362)
2025-04-16T17:19:57.1560611Z Saved logs for job sync-error-logs (40667339786)
2025-04-16T17:19:57.6699728Z Saved logs for job sync-error-logs (40667169107)
2025-04-16T17:19:58.4459907Z Saved logs for job sync-error-logs (40665192111)
2025-04-16T17:19:59.2049905Z Saved logs for job sync-error-logs (40665160549)
2025-04-16T17:19:59.9893666Z Saved logs for job sync-error-logs (40664651912)
2025-04-16T17:20:00.7251842Z Saved logs for job sync-error-logs (40664616106)
2025-04-16T17:20:01.4663171Z Saved logs for job sync-error-logs (40664499845)
2025-04-16T17:20:02.2482948Z Saved logs for job sync-error-logs (40664435963)
2025-04-16T17:20:02.9495766Z Saved logs for job sync-error-logs (40663852786)
2025-04-16T17:20:03.6919342Z Saved logs for job sync-error-logs (40663768800)
2025-04-16T17:20:04.2062882Z Saved logs for job sync-error-logs (40663746533)
2025-04-16T17:20:04.9420527Z Saved logs for job sync-error-logs (40663734604)
2025-04-16T17:20:05.6724369Z Saved logs for job sync-error-logs (40663734211)
2025-04-16T17:20:06.1229611Z Saved logs for job sync-error-logs (40663726146)
2025-04-16T17:20:06.7854048Z Saved logs for job sync-error-logs (40663694016)
2025-04-16T17:20:07.5597112Z Saved logs for job sync-error-logs (40663680006)
2025-04-16T17:20:08.0325182Z Saved logs for job sync-error-logs (40663676815)
2025-04-16T17:20:08.8237069Z Saved logs for job sync-error-logs (40663642603)
2025-04-16T17:20:09.3666755Z Saved logs for job sync-error-logs (40663640193)
2025-04-16T17:20:10.0490290Z Saved logs for job sync-error-logs (40663610483)
2025-04-16T17:20:10.5390630Z Saved logs for job sync-error-logs (40663581813)
2025-04-16T17:20:11.2922619Z Saved logs for job sync-error-logs (40663556527)
2025-04-16T17:20:11.9807401Z Saved logs for job sync-error-logs (40663489150)
2025-04-16T17:20:11.9808766Z Processing workflow: Sync Workflow Error Logs (156529457)
2025-04-16T17:20:12.5075424Z Found 16 failed runs for Sync Workflow Error Logs
2025-04-16T17:20:13.2529112Z Saved logs for job sync-error-logs (40663978660)
2025-04-16T17:20:13.9691517Z Saved logs for job sync-error-logs (40663935374)
2025-04-16T17:20:14.7882768Z Saved logs for job sync-error-logs (40663840001)
2025-04-16T17:20:15.5362287Z Saved logs for job sync-error-logs (40663802949)
2025-04-16T17:20:16.3261684Z Saved logs for job sync-error-logs (40663762365)
2025-04-16T17:20:17.1030304Z Saved logs for job sync-error-logs (40663734602)
2025-04-16T17:20:17.8229425Z Saved logs for job sync-error-logs (40663704422)
2025-04-16T17:20:18.6629762Z Saved logs for job sync-error-logs (40663657651)
2025-04-16T17:20:19.3896116Z Saved logs for job sync-error-logs (40663640395)
2025-04-16T17:20:20.1247135Z Saved logs for job sync-error-logs (40663610514)
2025-04-16T17:20:20.8937074Z Saved logs for job sync-error-logs (40663581717)
2025-04-16T17:20:21.6991874Z Saved logs for job sync-error-logs (40663556577)
2025-04-16T17:20:22.3903645Z Saved logs for job sync-error-logs (40663029928)
2025-04-16T17:20:23.0972199Z Saved logs for job sync-error-logs (40662993597)
2025-04-16T17:20:23.5270540Z Saved logs for job sync-error-logs (40662475242)
2025-04-16T17:20:24.2953537Z Saved logs for job sync-error-logs (40662446363)
2025-04-16T17:20:24.2955533Z Processing workflow: Dependabot Updates (153911032)
2025-04-16T17:20:25.4160808Z Found 13 failed runs for Dependabot Updates
2025-04-16T17:20:26.4862136Z Saved logs for job Dependabot (40672175776)
2025-04-16T17:20:27.2296512Z Saved logs for job Dependabot (40671290570)
2025-04-16T17:20:28.1777631Z Saved logs for job Dependabot (40671289916)
2025-04-16T17:20:29.1969240Z Saved logs for job Dependabot (40667240338)
2025-04-16T17:20:29.9349521Z Saved logs for job Dependabot (40667235385)
2025-04-16T17:20:30.7937796Z Saved logs for job Dependabot (40657560162)
2025-04-16T17:20:31.5422736Z Saved logs for job Dependabot (40657559762)
2025-04-16T17:20:32.4201143Z Saved logs for job Dependabot (40657410431)
2025-04-16T17:20:33.1626090Z Saved logs for job Dependabot (40657409984)
2025-04-16T17:20:33.9977781Z Saved logs for job Dependabot (40656602439)
2025-04-16T17:20:35.0293263Z Saved logs for job Dependabot (40656599224)
2025-04-16T17:20:36.2590256Z Saved logs for job Dependabot (40656599232)
2025-04-16T17:20:37.1517972Z Saved logs for job Dependabot (40648953960)
2025-04-16T17:20:37.1521556Z Workflow error logs sync completed
2025-04-16T17:20:37.1646155Z ##[group]Run cat > workflow-error-logs/README.md << 'EOF'
2025-04-16T17:20:37.1646588Z [36;1mcat > workflow-error-logs/README.md << 'EOF'[0m
2025-04-16T17:20:37.1646871Z [36;1m# Workflow Error Logs[0m
2025-04-16T17:20:37.1647080Z [36;1m[0m
2025-04-16T17:20:37.1647610Z [36;1mThis directory contains logs from failed GitHub Actions workflow runs. These logs are automatically collected by the "Sync Workflow Error Logs" workflow.[0m
2025-04-16T17:20:37.1648208Z [36;1m[0m
2025-04-16T17:20:37.1648376Z [36;1m## Directory Structure[0m
2025-04-16T17:20:37.1648576Z [36;1m[0m
2025-04-16T17:20:37.1648923Z [36;1m```[0m
2025-04-16T17:20:37.1649097Z [36;1mworkflow-error-logs/[0m
2025-04-16T17:20:37.1649358Z [36;1mâ”œâ”€â”€ {workflow-name}/[0m
2025-04-16T17:20:37.1649569Z [36;1mâ”‚   â”œâ”€â”€ {date}_{run-id}/[0m
2025-04-16T17:20:37.1649833Z [36;1mâ”‚   â”‚   â”œâ”€â”€ metadata.json       # Run metadata[0m
2025-04-16T17:20:37.1650127Z [36;1mâ”‚   â”‚   â”œâ”€â”€ jobs.json           # Jobs metadata[0m
2025-04-16T17:20:37.1650423Z [36;1mâ”‚   â”‚   â”œâ”€â”€ {job-name}/[0m
2025-04-16T17:20:37.1650666Z [36;1mâ”‚   â”‚   â”‚   â”œâ”€â”€ job-metadata.json  # Job metadata[0m
2025-04-16T17:20:37.1650941Z [36;1mâ”‚   â”‚   â”‚   â””â”€â”€ logs.txt           # Job logs[0m
2025-04-16T17:20:37.1651175Z [36;1mâ”‚   â”‚   â””â”€â”€ ...[0m
2025-04-16T17:20:37.1651373Z [36;1mâ”‚   â””â”€â”€ ...[0m
2025-04-16T17:20:37.1651547Z [36;1mâ””â”€â”€ ...[0m
2025-04-16T17:20:37.1651713Z [36;1m```[0m
2025-04-16T17:20:37.1651874Z [36;1m[0m
2025-04-16T17:20:37.1652029Z [36;1m## Using These Logs[0m
2025-04-16T17:20:37.1652228Z [36;1m[0m
2025-04-16T17:20:37.1652740Z [36;1mThese logs can be used to diagnose and fix issues with GitHub Actions workflows. Look for error messages, failed steps, and other indicators of problems.[0m
2025-04-16T17:20:37.1653328Z [36;1m[0m
2025-04-16T17:20:37.1653492Z [36;1m## Automatic Collection[0m
2025-04-16T17:20:37.1653702Z [36;1m[0m
2025-04-16T17:20:37.1653860Z [36;1mLogs are collected:[0m
2025-04-16T17:20:37.1654093Z [36;1m- After any workflow completes[0m
2025-04-16T17:20:37.1654802Z [36;1m- Every 6 hours via scheduled run[0m
2025-04-16T17:20:37.1655058Z [36;1m- Manually via workflow dispatch[0m
2025-04-16T17:20:37.1655286Z [36;1m[0m
2025-04-16T17:20:37.1655437Z [36;1m## Retention[0m
2025-04-16T17:20:37.1655618Z [36;1m[0m
2025-04-16T17:20:37.1655823Z [36;1mOnly logs from the past 30 days are collected.[0m
2025-04-16T17:20:37.1656090Z [36;1mEOF[0m
2025-04-16T17:20:37.1703544Z shell: /usr/bin/bash -e {0}
2025-04-16T17:20:37.1703766Z env:
2025-04-16T17:20:37.1703926Z   CI: true
2025-04-16T17:20:37.1704088Z ##[endgroup]
2025-04-16T17:20:37.1806754Z ##[group]Run git config --local user.email "action@github.com"
2025-04-16T17:20:37.1807177Z [36;1mgit config --local user.email "action@github.com"[0m
2025-04-16T17:20:37.1807525Z [36;1mgit config --local user.name "GitHub Action"[0m
2025-04-16T17:20:37.1848409Z shell: /usr/bin/bash -e {0}
2025-04-16T17:20:37.1848619Z env:
2025-04-16T17:20:37.1848771Z   CI: true
2025-04-16T17:20:37.1848925Z ##[endgroup]
2025-04-16T17:20:37.2001103Z ##[group]Run # Fetch the latest changes from the remote repository
2025-04-16T17:20:37.2001539Z [36;1m# Fetch the latest changes from the remote repository[0m
2025-04-16T17:20:37.2001847Z [36;1mgit fetch origin main[0m
2025-04-16T17:20:37.2046160Z shell: /usr/bin/bash -e {0}
2025-04-16T17:20:37.2046380Z env:
2025-04-16T17:20:37.2046544Z   CI: true
2025-04-16T17:20:37.2046709Z ##[endgroup]
2025-04-16T17:20:37.5703449Z From https://github.com/mrkurger/date-night-app2
2025-04-16T17:20:37.5704846Z  * branch            main       -> FETCH_HEAD
2025-04-16T17:20:37.5786792Z ##[group]Run # Check if there are any conflicts between local and remote
2025-04-16T17:20:37.5787493Z [36;1m# Check if there are any conflicts between local and remote[0m
2025-04-16T17:20:37.5788195Z [36;1mif git merge-tree $(git merge-base HEAD origin/main) HEAD origin/main | grep -e "^<<<<<<< ";[0m
2025-04-16T17:20:37.5788833Z [36;1mthen[0m
2025-04-16T17:20:37.5789173Z [36;1m  echo "has_conflicts=true" >> $GITHUB_OUTPUT[0m
2025-04-16T17:20:37.5789617Z [36;1melse[0m
2025-04-16T17:20:37.5789950Z [36;1m  echo "has_conflicts=false" >> $GITHUB_OUTPUT[0m
2025-04-16T17:20:37.5790445Z [36;1mfi[0m
2025-04-16T17:20:37.5842692Z shell: /usr/bin/bash -e {0}
2025-04-16T17:20:37.5842922Z env:
2025-04-16T17:20:37.5843085Z   CI: true
2025-04-16T17:20:37.5843257Z ##[endgroup]
2025-04-16T17:20:37.6012782Z ##[group]Run # Pull the latest changes with rebase strategy
2025-04-16T17:20:37.6013208Z [36;1m# Pull the latest changes with rebase strategy[0m
2025-04-16T17:20:37.6013523Z [36;1mgit pull --rebase origin main[0m
2025-04-16T17:20:37.6013937Z [36;1m[0m
2025-04-16T17:20:37.6014124Z [36;1mgit add workflow-error-logs[0m
2025-04-16T17:20:37.6014674Z [36;1m[0m
2025-04-16T17:20:37.6014864Z [36;1m# Only commit if there are changes[0m
2025-04-16T17:20:37.6015131Z [36;1mif git diff --staged --quiet; then[0m
2025-04-16T17:20:37.6015378Z [36;1m  echo "No changes to commit"[0m
2025-04-16T17:20:37.6015602Z [36;1melse[0m
2025-04-16T17:20:37.6015832Z [36;1m  git commit -m "Update workflow error logs [skip ci]"[0m
2025-04-16T17:20:37.6016122Z [36;1m  git push[0m
2025-04-16T17:20:37.6016294Z [36;1mfi[0m
2025-04-16T17:20:37.6062459Z shell: /usr/bin/bash -e {0}
2025-04-16T17:20:37.6062681Z env:
2025-04-16T17:20:37.6062834Z   CI: true
2025-04-16T17:20:37.6062999Z ##[endgroup]
2025-04-16T17:20:38.2068336Z error: cannot pull with rebase: You have unstaged changes.
2025-04-16T17:20:38.2076371Z error: Please commit or stash them.
2025-04-16T17:20:38.2089155Z ##[error]Process completed with exit code 128.
2025-04-16T17:20:38.2183266Z Post job cleanup.
2025-04-16T17:20:38.3147271Z [command]/usr/bin/git version
2025-04-16T17:20:38.3189126Z git version 2.49.0
2025-04-16T17:20:38.3239182Z Temporarily overriding HOME='/home/runner/work/_temp/39b52665-b7fd-46de-bade-a1287acffb62' before making global git config changes
2025-04-16T17:20:38.3241723Z Adding repository directory to the temporary git global config as a safe directory
2025-04-16T17:20:38.3256537Z [command]/usr/bin/git config --global --add safe.directory /home/runner/work/date-night-app2/date-night-app2
2025-04-16T17:20:38.3294974Z [command]/usr/bin/git config --local --name-only --get-regexp core\.sshCommand
2025-04-16T17:20:38.3332255Z [command]/usr/bin/git submodule foreach --recursive sh -c "git config --local --name-only --get-regexp 'core\.sshCommand' && git config --local --unset-all 'core.sshCommand' || :"
2025-04-16T17:20:38.3583321Z [command]/usr/bin/git config --local --name-only --get-regexp http\.https\:\/\/github\.com\/\.extraheader
2025-04-16T17:20:38.3607247Z http.https://github.com/.extraheader
2025-04-16T17:20:38.3623894Z [command]/usr/bin/git config --local --unset-all http.https://github.com/.extraheader
2025-04-16T17:20:38.3659347Z [command]/usr/bin/git submodule foreach --recursive sh -c "git config --local --name-only --get-regexp 'http\.https\:\/\/github\.com\/\.extraheader' && git config --local --unset-all 'http.https://github.com/.extraheader' || :"
2025-04-16T17:20:38.4010508Z Cleaning up orphan processes
