2025-04-16T15:04:30.0048507Z Current runner version: '2.323.0'
2025-04-16T15:04:30.0088011Z ##[group]Operating System
2025-04-16T15:04:30.0089498Z Ubuntu
2025-04-16T15:04:30.0090512Z 24.04.2
2025-04-16T15:04:30.0091492Z LTS
2025-04-16T15:04:30.0092290Z ##[endgroup]
2025-04-16T15:04:30.0092881Z ##[group]Runner Image
2025-04-16T15:04:30.0093945Z Image: ubuntu-24.04
2025-04-16T15:04:30.0094512Z Version: 20250413.1.0
2025-04-16T15:04:30.0095526Z Included Software: https://github.com/actions/runner-images/blob/ubuntu24/20250413.1/images/ubuntu/Ubuntu2404-Readme.md
2025-04-16T15:04:30.0097279Z Image Release: https://github.com/actions/runner-images/releases/tag/ubuntu24%2F20250413.1
2025-04-16T15:04:30.0098170Z ##[endgroup]
2025-04-16T15:04:30.0098719Z ##[group]Runner Image Provisioner
2025-04-16T15:04:30.0099366Z 2.0.422.1
2025-04-16T15:04:30.0099826Z ##[endgroup]
2025-04-16T15:04:30.0100879Z ##[group]GITHUB_TOKEN Permissions
2025-04-16T15:04:30.0103135Z Actions: read
2025-04-16T15:04:30.0103664Z Contents: write
2025-04-16T15:04:30.0104458Z Metadata: read
2025-04-16T15:04:30.0105029Z ##[endgroup]
2025-04-16T15:04:30.0107465Z Secret source: Actions
2025-04-16T15:04:30.0108407Z Prepare workflow directory
2025-04-16T15:04:30.0621947Z Prepare all required actions
2025-04-16T15:04:30.0677894Z Getting action download info
2025-04-16T15:04:30.5061657Z ##[group]Download immutable action package 'actions/checkout@v4'
2025-04-16T15:04:30.5062699Z Version: 4.2.2
2025-04-16T15:04:30.5063704Z Digest: sha256:ccb2698953eaebd21c7bf6268a94f9c26518a7e38e27e0b83c1fe1ad049819b1
2025-04-16T15:04:30.5064941Z Source commit SHA: 11bd71901bbe5b1630ceea73d27597364c9af683
2025-04-16T15:04:30.5065683Z ##[endgroup]
2025-04-16T15:04:30.6210093Z ##[group]Download immutable action package 'actions/setup-node@v4'
2025-04-16T15:04:30.6211595Z Version: 4.4.0
2025-04-16T15:04:30.6213091Z Digest: sha256:9427cefe82346e992fb5b949e3569b39d537ae41aa3086483b14eceebfc16bc1
2025-04-16T15:04:30.6215183Z Source commit SHA: 49933ea5288caeca8642d1e84afbd3f7d6820020
2025-04-16T15:04:30.6218074Z ##[endgroup]
2025-04-16T15:04:30.9471658Z Complete job name: sync-error-logs
2025-04-16T15:04:31.0144150Z ##[group]Run actions/checkout@v4
2025-04-16T15:04:31.0145047Z with:
2025-04-16T15:04:31.0145464Z   fetch-depth: 0
2025-04-16T15:04:31.0145938Z   repository: mrkurger/date-night-app2
2025-04-16T15:04:31.0146935Z   token: ***
2025-04-16T15:04:31.0147354Z   ssh-strict: true
2025-04-16T15:04:31.0147808Z   ssh-user: git
2025-04-16T15:04:31.0148247Z   persist-credentials: true
2025-04-16T15:04:31.0148841Z   clean: true
2025-04-16T15:04:31.0149289Z   sparse-checkout-cone-mode: true
2025-04-16T15:04:31.0149820Z   fetch-tags: false
2025-04-16T15:04:31.0150257Z   show-progress: true
2025-04-16T15:04:31.0150693Z   lfs: false
2025-04-16T15:04:31.0151094Z   submodules: false
2025-04-16T15:04:31.0151528Z   set-safe-directory: true
2025-04-16T15:04:31.0152276Z env:
2025-04-16T15:04:31.0152666Z   CI: true
2025-04-16T15:04:31.0153076Z ##[endgroup]
2025-04-16T15:04:31.2159901Z Syncing repository: mrkurger/date-night-app2
2025-04-16T15:04:31.2171737Z ##[group]Getting Git version info
2025-04-16T15:04:31.2173392Z Working directory is '/home/runner/work/date-night-app2/date-night-app2'
2025-04-16T15:04:31.2175973Z [command]/usr/bin/git version
2025-04-16T15:04:31.2205285Z git version 2.49.0
2025-04-16T15:04:31.2238795Z ##[endgroup]
2025-04-16T15:04:31.2268913Z Temporarily overriding HOME='/home/runner/work/_temp/cfe302c9-207b-41be-8c5c-811f51d7a54a' before making global git config changes
2025-04-16T15:04:31.2271966Z Adding repository directory to the temporary git global config as a safe directory
2025-04-16T15:04:31.2274373Z [command]/usr/bin/git config --global --add safe.directory /home/runner/work/date-night-app2/date-night-app2
2025-04-16T15:04:31.2313775Z Deleting the contents of '/home/runner/work/date-night-app2/date-night-app2'
2025-04-16T15:04:31.2317336Z ##[group]Initializing the repository
2025-04-16T15:04:31.2320806Z [command]/usr/bin/git init /home/runner/work/date-night-app2/date-night-app2
2025-04-16T15:04:31.2400223Z hint: Using 'master' as the name for the initial branch. This default branch name
2025-04-16T15:04:31.2402262Z hint: is subject to change. To configure the initial branch name to use in all
2025-04-16T15:04:31.2410098Z hint: of your new repositories, which will suppress this warning, call:
2025-04-16T15:04:31.2413010Z hint:
2025-04-16T15:04:31.2415328Z hint: 	git config --global init.defaultBranch <name>
2025-04-16T15:04:31.2416762Z hint:
2025-04-16T15:04:31.2417834Z hint: Names commonly chosen instead of 'master' are 'main', 'trunk' and
2025-04-16T15:04:31.2419609Z hint: 'development'. The just-created branch can be renamed via this command:
2025-04-16T15:04:31.2421080Z hint:
2025-04-16T15:04:31.2422191Z hint: 	git branch -m <name>
2025-04-16T15:04:31.2423759Z Initialized empty Git repository in /home/runner/work/date-night-app2/date-night-app2/.git/
2025-04-16T15:04:31.2427234Z [command]/usr/bin/git remote add origin https://github.com/mrkurger/date-night-app2
2025-04-16T15:04:31.2459663Z ##[endgroup]
2025-04-16T15:04:31.2461119Z ##[group]Disabling automatic garbage collection
2025-04-16T15:04:31.2463695Z [command]/usr/bin/git config --local gc.auto 0
2025-04-16T15:04:31.2497154Z ##[endgroup]
2025-04-16T15:04:31.2498706Z ##[group]Setting up auth
2025-04-16T15:04:31.2504751Z [command]/usr/bin/git config --local --name-only --get-regexp core\.sshCommand
2025-04-16T15:04:31.2539062Z [command]/usr/bin/git submodule foreach --recursive sh -c "git config --local --name-only --get-regexp 'core\.sshCommand' && git config --local --unset-all 'core.sshCommand' || :"
2025-04-16T15:04:31.2904024Z [command]/usr/bin/git config --local --name-only --get-regexp http\.https\:\/\/github\.com\/\.extraheader
2025-04-16T15:04:31.2938340Z [command]/usr/bin/git submodule foreach --recursive sh -c "git config --local --name-only --get-regexp 'http\.https\:\/\/github\.com\/\.extraheader' && git config --local --unset-all 'http.https://github.com/.extraheader' || :"
2025-04-16T15:04:31.3175365Z [command]/usr/bin/git config --local http.https://github.com/.extraheader AUTHORIZATION: basic ***
2025-04-16T15:04:31.3225930Z ##[endgroup]
2025-04-16T15:04:31.3230130Z ##[group]Fetching the repository
2025-04-16T15:04:31.3238426Z [command]/usr/bin/git -c protocol.version=2 fetch --prune --no-recurse-submodules origin +refs/heads/*:refs/remotes/origin/* +refs/tags/*:refs/tags/*
2025-04-16T15:04:39.8468819Z From https://github.com/mrkurger/date-night-app2
2025-04-16T15:04:39.8474563Z  * [new branch]      dependabot/github_actions/dawidd6/action-download-artifact-9 -> origin/dependabot/github_actions/dawidd6/action-download-artifact-9
2025-04-16T15:04:39.8482002Z  * [new branch]      dependabot/npm_and_yarn/server/multi-94fa72f662 -> origin/dependabot/npm_and_yarn/server/multi-94fa72f662
2025-04-16T15:04:39.8485179Z  * [new branch]      main       -> origin/main
2025-04-16T15:04:39.8520889Z [command]/usr/bin/git branch --list --remote origin/main
2025-04-16T15:04:39.8546002Z   origin/main
2025-04-16T15:04:39.8558274Z [command]/usr/bin/git rev-parse refs/remotes/origin/main
2025-04-16T15:04:39.8580560Z b7b02b02b67d186f71e3b6a43ebe9f432064fd3a
2025-04-16T15:04:39.8588224Z ##[endgroup]
2025-04-16T15:04:39.8589253Z ##[group]Determining the checkout info
2025-04-16T15:04:39.8591245Z ##[endgroup]
2025-04-16T15:04:39.8595891Z [command]/usr/bin/git sparse-checkout disable
2025-04-16T15:04:39.8635795Z [command]/usr/bin/git config --local --unset-all extensions.worktreeConfig
2025-04-16T15:04:39.8667225Z ##[group]Checking out the ref
2025-04-16T15:04:39.8673824Z [command]/usr/bin/git checkout --progress --force -B main refs/remotes/origin/main
2025-04-16T15:04:40.2473865Z Switched to a new branch 'main'
2025-04-16T15:04:40.2481073Z branch 'main' set up to track 'origin/main'.
2025-04-16T15:04:40.2507626Z ##[endgroup]
2025-04-16T15:04:40.2569558Z [command]/usr/bin/git log -1 --format=%H
2025-04-16T15:04:40.2602390Z b7b02b02b67d186f71e3b6a43ebe9f432064fd3a
2025-04-16T15:04:40.2831910Z ##[group]Run actions/setup-node@v4
2025-04-16T15:04:40.2832197Z with:
2025-04-16T15:04:40.2832777Z   node-version: 22.x
2025-04-16T15:04:40.2832987Z   always-auth: false
2025-04-16T15:04:40.2833192Z   check-latest: false
2025-04-16T15:04:40.2833528Z   token: ***
2025-04-16T15:04:40.2833709Z env:
2025-04-16T15:04:40.2833869Z   CI: true
2025-04-16T15:04:40.2834028Z ##[endgroup]
2025-04-16T15:04:40.4550731Z Found in cache @ /opt/hostedtoolcache/node/22.14.0/x64
2025-04-16T15:04:40.4554254Z ##[group]Environment details
2025-04-16T15:04:40.8493628Z node: v22.14.0
2025-04-16T15:04:40.8494707Z npm: 10.9.2
2025-04-16T15:04:40.8495325Z yarn: 1.22.22
2025-04-16T15:04:40.8497625Z ##[endgroup]
2025-04-16T15:04:40.8612912Z ##[group]Run npm install @octokit/rest@19.0.13 fs-extra@11.2.0
2025-04-16T15:04:40.8613372Z [36;1mnpm install @octokit/rest@19.0.13 fs-extra@11.2.0[0m
2025-04-16T15:04:40.8667750Z shell: /usr/bin/bash -e {0}
2025-04-16T15:04:40.8668004Z env:
2025-04-16T15:04:40.8668172Z   CI: true
2025-04-16T15:04:40.8668350Z ##[endgroup]
2025-04-16T15:04:45.9399921Z npm warn deprecated xss-clean@0.1.4: Package no longer supported. Contact Support at https://www.npmjs.com/support for more info.
2025-04-16T15:04:47.0787390Z npm warn deprecated rimraf@3.0.2: Rimraf versions prior to v4 are no longer supported
2025-04-16T15:04:47.4992979Z npm warn deprecated passport-reddit@1.1.0: While functionally complete, this library will not be receiving any updates going forwards. Users are actively discouraged from using OAuth2 for authentication. See archival notice on github for more details.
2025-04-16T15:04:47.8407420Z npm warn deprecated npmlog@5.0.1: This package is no longer supported.
2025-04-16T15:04:48.4744635Z npm warn deprecated superagent@8.1.2: Please upgrade to v9.0.0+ as we have fixed a public vulnerability with formidable dependency. Note that v9.0.0+ requires Node.js v14.18.0+. See https://github.com/ladjs/superagent/pull/1800 for insight. This project is supported and maintained by the team at Forward Email @ https://forwardemail.net
2025-04-16T15:04:49.2390313Z npm warn deprecated inflight@1.0.6: This module is not supported, and leaks memory. Do not use it. Check out lru-cache if you want a good and tested way to coalesce async requests by a key value, which is much more comprehensive and powerful.
2025-04-16T15:04:49.5392065Z npm warn deprecated glob@7.2.3: Glob versions prior to v9 are no longer supported
2025-04-16T15:04:50.0522669Z npm warn deprecated gauge@3.0.2: This package is no longer supported.
2025-04-16T15:04:50.3970534Z npm warn deprecated domexception@4.0.0: Use your platform's native DOMException instead
2025-04-16T15:04:51.5127263Z npm warn deprecated are-we-there-yet@2.0.0: This package is no longer supported.
2025-04-16T15:04:51.6128032Z npm warn deprecated abab@2.0.6: Use your platform's native atob() and btoa() methods instead
2025-04-16T15:04:52.9273855Z npm warn deprecated @humanwhocodes/object-schema@2.0.3: Use @eslint/object-schema instead
2025-04-16T15:04:52.9607527Z npm warn deprecated @humanwhocodes/config-array@0.11.14: Use @eslint/config-array instead
2025-04-16T15:05:00.2172244Z npm warn deprecated eslint@8.56.0: This version is no longer supported. Please see https://eslint.org/version-support for other options.
2025-04-16T15:05:00.2549760Z npm warn deprecated eslint@8.56.0: This version is no longer supported. Please see https://eslint.org/version-support for other options.
2025-04-16T15:05:23.0071655Z 
2025-04-16T15:05:23.0072388Z added 1914 packages, and audited 1917 packages in 42s
2025-04-16T15:05:23.0072835Z 
2025-04-16T15:05:23.0073091Z 354 packages are looking for funding
2025-04-16T15:05:23.0073564Z   run `npm fund` for details
2025-04-16T15:05:23.0262716Z 
2025-04-16T15:05:23.0279521Z 9 moderate severity vulnerabilities
2025-04-16T15:05:23.0301356Z 
2025-04-16T15:05:23.0302676Z To address issues that do not require attention, run:
2025-04-16T15:05:23.0303633Z   npm audit fix
2025-04-16T15:05:23.0307074Z 
2025-04-16T15:05:23.0307884Z To address all issues (including breaking changes), run:
2025-04-16T15:05:23.0309183Z   npm audit fix --force
2025-04-16T15:05:23.0310169Z 
2025-04-16T15:05:23.0311059Z Run `npm audit` for details.
2025-04-16T15:05:23.1052074Z ##[group]Run cat > fetch-workflow-logs.js << 'EOF'
2025-04-16T15:05:23.1052806Z [36;1mcat > fetch-workflow-logs.js << 'EOF'[0m
2025-04-16T15:05:23.1053118Z [36;1mconst { Octokit } = require('@octokit/rest');[0m
2025-04-16T15:05:23.1053410Z [36;1mconst fs = require('fs-extra');[0m
2025-04-16T15:05:23.1053929Z [36;1mconst path = require('path');[0m
2025-04-16T15:05:23.1054246Z [36;1m[0m
2025-04-16T15:05:23.1054428Z [36;1masync function main() {[0m
2025-04-16T15:05:23.1054686Z [36;1m  const owner = process.env.REPO_OWNER;[0m
2025-04-16T15:05:23.1054970Z [36;1m  const repo = process.env.REPO_NAME;[0m
2025-04-16T15:05:23.1055277Z [36;1m  const logsDir = path.join('workflow-error-logs');[0m
2025-04-16T15:05:23.1055565Z [36;1m  [0m
2025-04-16T15:05:23.1055819Z [36;1m  console.log(`Fetching workflow logs for ${owner}/${repo}`);[0m
2025-04-16T15:05:23.1056372Z [36;1m  [0m
2025-04-16T15:05:23.1056684Z [36;1m  // Create logs directory if it doesn't exist[0m
2025-04-16T15:05:23.1057013Z [36;1m  await fs.ensureDir(logsDir);[0m
2025-04-16T15:05:23.1057245Z [36;1m  [0m
2025-04-16T15:05:23.1057425Z [36;1m  const octokit = new Octokit({[0m
2025-04-16T15:05:23.1057681Z [36;1m    auth: process.env.GITHUB_TOKEN,[0m
2025-04-16T15:05:23.1057927Z [36;1m    request: {[0m
2025-04-16T15:05:23.1058123Z [36;1m      retries: 3,[0m
2025-04-16T15:05:23.1058322Z [36;1m      retryAfter: 1[0m
2025-04-16T15:05:23.1058525Z [36;1m    }[0m
2025-04-16T15:05:23.1058683Z [36;1m  });[0m
2025-04-16T15:05:23.1058839Z [36;1m  [0m
2025-04-16T15:05:23.1059017Z [36;1m  // Get all workflows[0m
2025-04-16T15:05:23.1059521Z [36;1m  const { data: workflows } = await octokit.actions.listRepoWorkflows({[0m
2025-04-16T15:05:23.1059916Z [36;1m    owner,[0m
2025-04-16T15:05:23.1060101Z [36;1m    repo,[0m
2025-04-16T15:05:23.1060277Z [36;1m  });[0m
2025-04-16T15:05:23.1060444Z [36;1m  [0m
2025-04-16T15:05:23.1060659Z [36;1m  // Get recent workflow runs (last 30 days)[0m
2025-04-16T15:05:23.1060946Z [36;1m  const thirtyDaysAgo = new Date();[0m
2025-04-16T15:05:23.1061278Z [36;1m  thirtyDaysAgo.setDate(thirtyDaysAgo.getDate() - 30);[0m
2025-04-16T15:05:23.1061687Z [36;1m  [0m
2025-04-16T15:05:23.1061925Z [36;1m  for (const workflow of workflows.workflows) {[0m
2025-04-16T15:05:23.1062313Z [36;1m    console.log(`Processing workflow: ${workflow.name} (${workflow.id})`);[0m
2025-04-16T15:05:23.1062666Z [36;1m    [0m
2025-04-16T15:05:23.1062833Z [36;1m    try {[0m
2025-04-16T15:05:23.1063102Z [36;1m      const { data: runs } = await octokit.actions.listWorkflowRuns({[0m
2025-04-16T15:05:23.1063421Z [36;1m        owner,[0m
2025-04-16T15:05:23.1063607Z [36;1m        repo,[0m
2025-04-16T15:05:23.1063820Z [36;1m        workflow_id: workflow.id,[0m
2025-04-16T15:05:23.1064133Z [36;1m        created: `>=${thirtyDaysAgo.toISOString().split('T')[0]}`,[0m
2025-04-16T15:05:23.1064427Z [36;1m      });[0m
2025-04-16T15:05:23.1064604Z [36;1m      [0m
2025-04-16T15:05:23.1064784Z [36;1m      // Process failed runs[0m
2025-04-16T15:05:23.1065079Z [36;1m      const failedRuns = runs.workflow_runs.filter(run => [0m
2025-04-16T15:05:23.1065541Z [36;1m        run.conclusion === 'failure' || run.conclusion === 'cancelled' || run.conclusion === 'timed_out'[0m
2025-04-16T15:05:23.1065955Z [36;1m      );[0m
2025-04-16T15:05:23.1066744Z [36;1m      [0m
2025-04-16T15:05:23.1067081Z [36;1m      console.log(`Found ${failedRuns.length} failed runs for ${workflow.name}`);[0m
2025-04-16T15:05:23.1067443Z [36;1m      [0m
2025-04-16T15:05:23.1067642Z [36;1m      for (const run of failedRuns) {[0m
2025-04-16T15:05:23.1067997Z [36;1m        const runDate = new Date(run.created_at).toISOString().split('T')[0];[0m
2025-04-16T15:05:23.1068531Z [36;1m        const workflowDir = path.join(logsDir, workflow.name.replace(/[^a-zA-Z0-9]/g, '-').toLowerCase());[0m
2025-04-16T15:05:23.1069073Z [36;1m        const runDir = path.join(workflowDir, `${runDate}_${run.id}`);[0m
2025-04-16T15:05:23.1069743Z [36;1m        [0m
2025-04-16T15:05:23.1069950Z [36;1m        await fs.ensureDir(runDir);[0m
2025-04-16T15:05:23.1070190Z [36;1m        [0m
2025-04-16T15:05:23.1070366Z [36;1m        // Save run metadata[0m
2025-04-16T15:05:23.1070722Z [36;1m        await fs.writeJson(path.join(runDir, 'metadata.json'), run, { spaces: 2 });[0m
2025-04-16T15:05:23.1071074Z [36;1m        [0m
2025-04-16T15:05:23.1071240Z [36;1m        try {[0m
2025-04-16T15:05:23.1071447Z [36;1m          // Get jobs for this run[0m
2025-04-16T15:05:23.1071789Z [36;1m          const { data: jobs } = await octokit.actions.listJobsForWorkflowRun({[0m
2025-04-16T15:05:23.1072131Z [36;1m            owner,[0m
2025-04-16T15:05:23.1072333Z [36;1m            repo,[0m
2025-04-16T15:05:23.1072539Z [36;1m            run_id: run.id,[0m
2025-04-16T15:05:23.1072755Z [36;1m          });[0m
2025-04-16T15:05:23.1072939Z [36;1m          [0m
2025-04-16T15:05:23.1073138Z [36;1m          // Save jobs metadata[0m
2025-04-16T15:05:23.1073485Z [36;1m          await fs.writeJson(path.join(runDir, 'jobs.json'), jobs, { spaces: 2 });[0m
2025-04-16T15:05:23.1073827Z [36;1m          [0m
2025-04-16T15:05:23.1074015Z [36;1m          // Process each job[0m
2025-04-16T15:05:23.1074263Z [36;1m          for (const job of jobs.jobs) {[0m
2025-04-16T15:05:23.1074688Z [36;1m            if (job.conclusion === 'failure' || job.conclusion === 'cancelled' || job.conclusion === 'timed_out') {[0m
2025-04-16T15:05:23.1075256Z [36;1m              const jobDir = path.join(runDir, job.name.replace(/[^a-zA-Z0-9]/g, '-').toLowerCase());[0m
2025-04-16T15:05:23.1075664Z [36;1m              await fs.ensureDir(jobDir);[0m
2025-04-16T15:05:23.1075905Z [36;1m              [0m
2025-04-16T15:05:23.1076235Z [36;1m              // Save job metadata[0m
2025-04-16T15:05:23.1076608Z [36;1m              await fs.writeJson(path.join(jobDir, 'job-metadata.json'), job, { spaces: 2 });[0m
2025-04-16T15:05:23.1076974Z [36;1m              [0m
2025-04-16T15:05:23.1077164Z [36;1m              try {[0m
2025-04-16T15:05:23.1077381Z [36;1m                // Get job logs[0m
2025-04-16T15:05:23.1077721Z [36;1m                const logs = await octokit.actions.downloadJobLogsForWorkflowRun({[0m
2025-04-16T15:05:23.1078067Z [36;1m                  owner,[0m
2025-04-16T15:05:23.1078278Z [36;1m                  repo,[0m
2025-04-16T15:05:23.1078501Z [36;1m                  job_id: job.id,[0m
2025-04-16T15:05:23.1078727Z [36;1m                });[0m
2025-04-16T15:05:23.1078924Z [36;1m                [0m
2025-04-16T15:05:23.1079126Z [36;1m                // Save logs[0m
2025-04-16T15:05:23.1079435Z [36;1m                await fs.writeFile(path.join(jobDir, 'logs.txt'), logs.data);[0m
2025-04-16T15:05:23.1079830Z [36;1m                console.log(`Saved logs for job ${job.name} (${job.id})`);[0m
2025-04-16T15:05:23.1080141Z [36;1m              } catch (error) {[0m
2025-04-16T15:05:23.1080507Z [36;1m                console.error(`Error fetching logs for job ${job.id}: ${error.message}`);[0m
2025-04-16T15:05:23.1081033Z [36;1m                await fs.writeFile(path.join(jobDir, 'error.txt'), `Error fetching logs: ${error.message}`);[0m
2025-04-16T15:05:23.1081426Z [36;1m              }[0m
2025-04-16T15:05:23.1081624Z [36;1m            }[0m
2025-04-16T15:05:23.1081805Z [36;1m          }[0m
2025-04-16T15:05:23.1081987Z [36;1m        } catch (error) {[0m
2025-04-16T15:05:23.1082309Z [36;1m          console.error(`Error processing run ${run.id}: ${error.message}`);[0m
2025-04-16T15:05:23.1082804Z [36;1m          await fs.writeFile(path.join(runDir, 'error.txt'), `Error processing run: ${error.message}`);[0m
2025-04-16T15:05:23.1083198Z [36;1m        }[0m
2025-04-16T15:05:23.1083365Z [36;1m      }[0m
2025-04-16T15:05:23.1083543Z [36;1m    } catch (error) {[0m
2025-04-16T15:05:23.1083890Z [36;1m      console.error(`Error processing workflow ${workflow.id}: ${error.message}`);[0m
2025-04-16T15:05:23.1084383Z [36;1m    }[0m
2025-04-16T15:05:23.1084678Z [36;1m  }[0m
2025-04-16T15:05:23.1084843Z [36;1m  [0m
2025-04-16T15:05:23.1085016Z [36;1m  // Create summary file[0m
2025-04-16T15:05:23.1085240Z [36;1m  const summary = {[0m
2025-04-16T15:05:23.1085476Z [36;1m    timestamp: new Date().toISOString(),[0m
2025-04-16T15:05:23.1085780Z [36;1m    totalWorkflows: workflows.workflows.length,[0m
2025-04-16T15:05:23.1086218Z [36;1m    workflowSummary: workflows.workflows.map(w => ({[0m
2025-04-16T15:05:23.1086512Z [36;1m      name: w.name,[0m
2025-04-16T15:05:23.1086706Z [36;1m      id: w.id,[0m
2025-04-16T15:05:23.1086901Z [36;1m      path: w.path,[0m
2025-04-16T15:05:23.1087088Z [36;1m    })),[0m
2025-04-16T15:05:23.1087254Z [36;1m  };[0m
2025-04-16T15:05:23.1087411Z [36;1m  [0m
2025-04-16T15:05:23.1087716Z [36;1m  await fs.writeJson(path.join(logsDir, 'summary.json'), summary, { spaces: 2 });[0m
2025-04-16T15:05:23.1088157Z [36;1m  console.log('Workflow error logs sync completed');[0m
2025-04-16T15:05:23.1088441Z [36;1m}[0m
2025-04-16T15:05:23.1088599Z [36;1m[0m
2025-04-16T15:05:23.1088761Z [36;1mmain().catch(error => {[0m
2025-04-16T15:05:23.1089034Z [36;1m  console.error('Error in main process:', error);[0m
2025-04-16T15:05:23.1089311Z [36;1m  process.exit(1);[0m
2025-04-16T15:05:23.1089515Z [36;1m});[0m
2025-04-16T15:05:23.1089673Z [36;1mEOF[0m
2025-04-16T15:05:23.1089830Z [36;1m[0m
2025-04-16T15:05:23.1090003Z [36;1mnode fetch-workflow-logs.js[0m
2025-04-16T15:05:23.1136969Z shell: /usr/bin/bash -e {0}
2025-04-16T15:05:23.1137201Z env:
2025-04-16T15:05:23.1137362Z   CI: true
2025-04-16T15:05:23.1137729Z   GITHUB_TOKEN: ***
2025-04-16T15:05:23.1137928Z   REPO_OWNER: mrkurger
2025-04-16T15:05:23.1138135Z   REPO_NAME: date-night-app2
2025-04-16T15:05:23.1138349Z ##[endgroup]
2025-04-16T15:05:23.1959649Z Fetching workflow logs for mrkurger/date-night-app2
2025-04-16T15:05:23.4249374Z Processing workflow: Angular Tests (156396503)
2025-04-16T15:05:24.0766818Z Found 23 failed runs for Angular Tests
2025-04-16T15:05:24.5417554Z Saved logs for job e2e (22.x) (40663459721)
2025-04-16T15:05:24.6908746Z Saved logs for job test (22.x) (40663459733)
2025-04-16T15:05:25.1606739Z Saved logs for job e2e (22.x) (40662876861)
2025-04-16T15:05:25.2927580Z Saved logs for job test (22.x) (40662876876)
2025-04-16T15:05:25.6720340Z Saved logs for job e2e (22.x) (40662340818)
2025-04-16T15:05:25.7933935Z Saved logs for job test (22.x) (40662340822)
2025-04-16T15:05:26.2530028Z Saved logs for job test (22.x) (40660813802)
2025-04-16T15:05:26.4480029Z Saved logs for job e2e (22.x) (40660813807)
2025-04-16T15:05:26.8477298Z Saved logs for job e2e (22.x) (40659963795)
2025-04-16T15:05:26.9859232Z Saved logs for job test (22.x) (40659963797)
2025-04-16T15:05:27.1617207Z Saved logs for job lint (22.x) (40659963816)
2025-04-16T15:05:27.5578493Z Saved logs for job e2e (22.x) (40658470007)
2025-04-16T15:05:27.7203142Z Saved logs for job lint (22.x) (40658470023)
2025-04-16T15:05:27.8694927Z Saved logs for job test (22.x) (40658470025)
2025-04-16T15:05:28.2985745Z Saved logs for job test (22.x) (40656595432)
2025-04-16T15:05:28.4175515Z Saved logs for job e2e (22.x) (40656595450)
2025-04-16T15:05:28.5511057Z Saved logs for job lint (22.x) (40656595451)
2025-04-16T15:05:28.8826345Z Saved logs for job lint (22.x) (40648995689)
2025-04-16T15:05:29.0022571Z Saved logs for job e2e (22.x) (40648995690)
2025-04-16T15:05:29.1200145Z Saved logs for job test (22.x) (40648995699)
2025-04-16T15:05:29.5585472Z Saved logs for job test (22.x) (40648936041)
2025-04-16T15:05:29.6939574Z Saved logs for job lint (22.x) (40648936049)
2025-04-16T15:05:29.8223396Z Saved logs for job e2e (22.x) (40648936088)
2025-04-16T15:05:30.3889159Z Saved logs for job test (22.x) (40645363558)
2025-04-16T15:05:30.5874214Z Saved logs for job e2e (22.x) (40645363568)
2025-04-16T15:05:30.7571466Z Saved logs for job lint (22.x) (40645363582)
2025-04-16T15:05:31.1253128Z Saved logs for job test (22.x) (40642315715)
2025-04-16T15:05:31.2633191Z Saved logs for job e2e (22.x) (40642315733)
2025-04-16T15:05:31.4342591Z Saved logs for job lint (22.x) (40642315744)
2025-04-16T15:05:31.8351162Z Saved logs for job test (22.x) (40640408484)
2025-04-16T15:05:31.9680450Z Saved logs for job e2e (22.x) (40640408487)
2025-04-16T15:05:32.1217044Z Saved logs for job lint (22.x) (40640408495)
2025-04-16T15:05:32.5198937Z Saved logs for job test (22.x) (40639200761)
2025-04-16T15:05:32.6464807Z Saved logs for job e2e (22.x) (40639200762)
2025-04-16T15:05:32.7903558Z Saved logs for job lint (22.x) (40639200772)
2025-04-16T15:05:33.2590427Z Saved logs for job test (22.x) (40638434179)
2025-04-16T15:05:33.3965010Z Saved logs for job lint (22.x) (40638434180)
2025-04-16T15:05:33.5121572Z Saved logs for job e2e (22.x) (40638434197)
2025-04-16T15:05:33.8850765Z Saved logs for job test (22.x) (40638117917)
2025-04-16T15:05:34.0540442Z Saved logs for job e2e (22.x) (40638117918)
2025-04-16T15:05:34.1848964Z Saved logs for job lint (22.x) (40638117931)
2025-04-16T15:05:34.7194765Z Saved logs for job test (22.x) (40637222574)
2025-04-16T15:05:34.8747339Z Saved logs for job e2e (22.x) (40637222590)
2025-04-16T15:05:35.0034673Z Saved logs for job lint (22.x) (40637222627)
2025-04-16T15:05:35.4332472Z Saved logs for job e2e (22.x) (40636317713)
2025-04-16T15:05:35.5882056Z Saved logs for job test (22.x) (40636317717)
2025-04-16T15:05:35.7511576Z Saved logs for job lint (22.x) (40636317718)
2025-04-16T15:05:36.2345293Z Saved logs for job test (22.x) (40635520017)
2025-04-16T15:05:36.3685235Z Saved logs for job e2e (22.x) (40635520024)
2025-04-16T15:05:36.5312962Z Saved logs for job lint (22.x) (40635520025)
2025-04-16T15:05:36.7884745Z Error fetching logs for job 40631138588: API rate limit exceeded for installation. If you reach out to GitHub Support for help, please include the request ID A0A8:989B0:261D03:4B729D:67FFC740 and timestamp 2025-04-16 15:05:36 UTC.
2025-04-16T15:05:36.8499291Z Error fetching logs for job 40631138593: API rate limit exceeded for installation. If you reach out to GitHub Support for help, please include the request ID A0A8:989B0:261D4A:4B7323:67FFC740 and timestamp 2025-04-16 15:05:36 UTC.
2025-04-16T15:05:36.9426692Z Error processing run 14484838491: API rate limit exceeded for installation. If you reach out to GitHub Support for help, please include the request ID A0A8:989B0:261D9A:4B73B2:67FFC740 and timestamp 2025-04-16 15:05:36 UTC.
2025-04-16T15:05:37.0095648Z Error processing run 14483628053: API rate limit exceeded for installation. If you reach out to GitHub Support for help, please include the request ID A0A8:989B0:261E0D:4B74BA:67FFC740 and timestamp 2025-04-16 15:05:36 UTC.
2025-04-16T15:05:37.0814489Z Error processing run 14483056251: API rate limit exceeded for installation. If you reach out to GitHub Support for help, please include the request ID A0A8:989B0:261E61:4B7568:67FFC740 and timestamp 2025-04-16 15:05:37 UTC.
2025-04-16T15:05:37.1364183Z Error processing run 14482934212: API rate limit exceeded for installation. If you reach out to GitHub Support for help, please include the request ID A0A8:989B0:261ECD:4B761A:67FFC741 and timestamp 2025-04-16 15:05:37 UTC.
2025-04-16T15:05:37.1366752Z Processing workflow: Security Alerts Report (Alternative) (156517337)
2025-04-16T15:05:37.2037525Z Error processing workflow 156517337: API rate limit exceeded for installation. If you reach out to GitHub Support for help, please include the request ID A0A8:989B0:261F1B:4B76B2:67FFC741 and timestamp 2025-04-16 15:05:37 UTC.
2025-04-16T15:05:37.2039178Z Processing workflow: Security Alerts Report (156511788)
2025-04-16T15:05:37.2678953Z Error processing workflow 156511788: API rate limit exceeded for installation. If you reach out to GitHub Support for help, please include the request ID A0A8:989B0:261F5D:4B772D:67FFC741 and timestamp 2025-04-16 15:05:37 UTC.
2025-04-16T15:05:37.2682816Z Processing workflow: Server Tests (156396504)
2025-04-16T15:05:37.3226049Z Error processing workflow 156396504: API rate limit exceeded for installation. If you reach out to GitHub Support for help, please include the request ID A0A8:989B0:261FAE:4B77D5:67FFC741 and timestamp 2025-04-16 15:05:37 UTC.
2025-04-16T15:05:37.3228304Z Processing workflow: Sync GitHub Insights (Alternative) (156517338)
2025-04-16T15:05:37.4141513Z Error processing workflow 156517338: API rate limit exceeded for installation. If you reach out to GitHub Support for help, please include the request ID A0A8:989B0:261FF1:4B783A:67FFC741 and timestamp 2025-04-16 15:05:37 UTC.
2025-04-16T15:05:37.4143379Z Processing workflow: Sync GitHub Insights (Fixed) (156518590)
2025-04-16T15:05:37.4665653Z Error processing workflow 156518590: API rate limit exceeded for installation. If you reach out to GitHub Support for help, please include the request ID A0A8:989B0:262062:4B7930:67FFC741 and timestamp 2025-04-16 15:05:37 UTC.
2025-04-16T15:05:37.4667522Z Processing workflow: Sync GitHub Insights (156511789)
2025-04-16T15:05:37.5351093Z Error processing workflow 156511789: API rate limit exceeded for installation. If you reach out to GitHub Support for help, please include the request ID A0A8:989B0:26209A:4B79B1:67FFC741 and timestamp 2025-04-16 15:05:37 UTC.
2025-04-16T15:05:37.5352808Z Processing workflow: Sync Test Reports (156511790)
2025-04-16T15:05:37.6009066Z Error processing workflow 156511790: API rate limit exceeded for installation. If you reach out to GitHub Support for help, please include the request ID A0A8:989B0:2620F2:4B7A4F:67FFC741 and timestamp 2025-04-16 15:05:37 UTC.
2025-04-16T15:05:37.6010969Z Processing workflow: Sync Workflow Error Logs (156531139)
2025-04-16T15:05:37.6603682Z Error processing workflow 156531139: API rate limit exceeded for installation. If you reach out to GitHub Support for help, please include the request ID A0A8:989B0:262148:4B7AF2:67FFC741 and timestamp 2025-04-16 15:05:37 UTC.
2025-04-16T15:05:37.6605711Z Processing workflow: Sync Workflow Error Logs (Robust) (156532769)
2025-04-16T15:05:37.7369103Z Error processing workflow 156532769: API rate limit exceeded for installation. If you reach out to GitHub Support for help, please include the request ID A0A8:989B0:262188:4B7B75:67FFC741 and timestamp 2025-04-16 15:05:37 UTC.
2025-04-16T15:05:37.7370856Z Processing workflow: Sync Workflow Error Logs (156529457)
2025-04-16T15:05:37.7961961Z Error processing workflow 156529457: API rate limit exceeded for installation. If you reach out to GitHub Support for help, please include the request ID A0A8:989B0:2621E1:4B7C0A:67FFC741 and timestamp 2025-04-16 15:05:37 UTC.
2025-04-16T15:05:37.7963814Z Processing workflow: Dependabot Updates (153911032)
2025-04-16T15:05:37.8577802Z Error processing workflow 153911032: API rate limit exceeded for installation. If you reach out to GitHub Support for help, please include the request ID A0A8:989B0:262222:4B7C97:67FFC741 and timestamp 2025-04-16 15:05:37 UTC.
2025-04-16T15:05:37.8582070Z Workflow error logs sync completed
2025-04-16T15:05:37.8682093Z ##[group]Run cat > workflow-error-logs/README.md << 'EOF'
2025-04-16T15:05:37.8682813Z [36;1mcat > workflow-error-logs/README.md << 'EOF'[0m
2025-04-16T15:05:37.8683307Z [36;1m# Workflow Error Logs[0m
2025-04-16T15:05:37.8683678Z [36;1m[0m
2025-04-16T15:05:37.8684644Z [36;1mThis directory contains logs from failed GitHub Actions workflow runs. These logs are automatically collected by the "Sync Workflow Error Logs" workflow.[0m
2025-04-16T15:05:37.8685715Z [36;1m[0m
2025-04-16T15:05:37.8686009Z [36;1m## Directory Structure[0m
2025-04-16T15:05:37.8687128Z [36;1m[0m
2025-04-16T15:05:37.8687404Z [36;1m```[0m
2025-04-16T15:05:37.8687709Z [36;1mworkflow-error-logs/[0m
2025-04-16T15:05:37.8688137Z [36;1m├── {workflow-name}/[0m
2025-04-16T15:05:37.8688503Z [36;1m│   ├── {date}_{run-id}/[0m
2025-04-16T15:05:37.8688975Z [36;1m│   │   ├── metadata.json       # Run metadata[0m
2025-04-16T15:05:37.8689481Z [36;1m│   │   ├── jobs.json           # Jobs metadata[0m
2025-04-16T15:05:37.8689997Z [36;1m│   │   ├── {job-name}/[0m
2025-04-16T15:05:37.8690428Z [36;1m│   │   │   ├── job-metadata.json  # Job metadata[0m
2025-04-16T15:05:37.8691222Z [36;1m│   │   │   └── logs.txt           # Job logs[0m
2025-04-16T15:05:37.8691704Z [36;1m│   │   └── ...[0m
2025-04-16T15:05:37.8692043Z [36;1m│   └── ...[0m
2025-04-16T15:05:37.8692365Z [36;1m└── ...[0m
2025-04-16T15:05:37.8692650Z [36;1m```[0m
2025-04-16T15:05:37.8692926Z [36;1m[0m
2025-04-16T15:05:37.8693209Z [36;1m## Using These Logs[0m
2025-04-16T15:05:37.8693571Z [36;1m[0m
2025-04-16T15:05:37.8694502Z [36;1mThese logs can be used to diagnose and fix issues with GitHub Actions workflows. Look for error messages, failed steps, and other indicators of problems.[0m
2025-04-16T15:05:37.8695609Z [36;1m[0m
2025-04-16T15:05:37.8695889Z [36;1m## Automatic Collection[0m
2025-04-16T15:05:37.8696443Z [36;1m[0m
2025-04-16T15:05:37.8696709Z [36;1mLogs are collected:[0m
2025-04-16T15:05:37.8697100Z [36;1m- After any workflow completes[0m
2025-04-16T15:05:37.8697532Z [36;1m- Every 6 hours via scheduled run[0m
2025-04-16T15:05:37.8697944Z [36;1m- Manually via workflow dispatch[0m
2025-04-16T15:05:37.8698306Z [36;1m[0m
2025-04-16T15:05:37.8698555Z [36;1m## Retention[0m
2025-04-16T15:05:37.8698840Z [36;1m[0m
2025-04-16T15:05:37.8699165Z [36;1mOnly logs from the past 30 days are collected.[0m
2025-04-16T15:05:37.8699624Z [36;1mEOF[0m
2025-04-16T15:05:37.8765980Z shell: /usr/bin/bash -e {0}
2025-04-16T15:05:37.8766603Z env:
2025-04-16T15:05:37.8766883Z   CI: true
2025-04-16T15:05:37.8767165Z ##[endgroup]
2025-04-16T15:05:37.8893921Z ##[group]Run git config --local user.email "action@github.com"
2025-04-16T15:05:37.8894364Z [36;1mgit config --local user.email "action@github.com"[0m
2025-04-16T15:05:37.8894701Z [36;1mgit config --local user.name "GitHub Action"[0m
2025-04-16T15:05:37.8894962Z [36;1m[0m
2025-04-16T15:05:37.8895249Z [36;1m# Pull the latest changes with rebase strategy to avoid merge commits[0m
2025-04-16T15:05:37.8895611Z [36;1mgit pull --rebase origin main[0m
2025-04-16T15:05:37.8895853Z [36;1m[0m
2025-04-16T15:05:37.8896043Z [36;1mgit add workflow-error-logs[0m
2025-04-16T15:05:37.8896530Z [36;1m[0m
2025-04-16T15:05:37.8896717Z [36;1m# Only commit if there are changes[0m
2025-04-16T15:05:37.8896978Z [36;1mif git diff --staged --quiet; then[0m
2025-04-16T15:05:37.8897241Z [36;1m  echo "No changes to commit"[0m
2025-04-16T15:05:37.8897474Z [36;1melse[0m
2025-04-16T15:05:37.8897715Z [36;1m  git commit -m "Update workflow error logs [skip ci]"[0m
2025-04-16T15:05:37.8898033Z [36;1m  git push[0m
2025-04-16T15:05:37.8898215Z [36;1mfi[0m
2025-04-16T15:05:37.8938966Z shell: /usr/bin/bash -e {0}
2025-04-16T15:05:37.8939197Z env:
2025-04-16T15:05:37.8939350Z   CI: true
2025-04-16T15:05:37.8939519Z ##[endgroup]
2025-04-16T15:05:38.3704950Z error: cannot pull with rebase: You have unstaged changes.
2025-04-16T15:05:38.3707795Z error: Please commit or stash them.
2025-04-16T15:05:38.3723024Z ##[error]Process completed with exit code 128.
2025-04-16T15:05:38.3810530Z Post job cleanup.
2025-04-16T15:05:38.4782359Z [command]/usr/bin/git version
2025-04-16T15:05:38.4822915Z git version 2.49.0
2025-04-16T15:05:38.4869709Z Temporarily overriding HOME='/home/runner/work/_temp/922743c2-5850-48b7-96ca-eef81dcdede1' before making global git config changes
2025-04-16T15:05:38.4871747Z Adding repository directory to the temporary git global config as a safe directory
2025-04-16T15:05:38.4885851Z [command]/usr/bin/git config --global --add safe.directory /home/runner/work/date-night-app2/date-night-app2
2025-04-16T15:05:38.4923156Z [command]/usr/bin/git config --local --name-only --get-regexp core\.sshCommand
2025-04-16T15:05:38.4959504Z [command]/usr/bin/git submodule foreach --recursive sh -c "git config --local --name-only --get-regexp 'core\.sshCommand' && git config --local --unset-all 'core.sshCommand' || :"
2025-04-16T15:05:38.5204467Z [command]/usr/bin/git config --local --name-only --get-regexp http\.https\:\/\/github\.com\/\.extraheader
2025-04-16T15:05:38.5229023Z http.https://github.com/.extraheader
2025-04-16T15:05:38.5243632Z [command]/usr/bin/git config --local --unset-all http.https://github.com/.extraheader
2025-04-16T15:05:38.5278640Z [command]/usr/bin/git submodule foreach --recursive sh -c "git config --local --name-only --get-regexp 'http\.https\:\/\/github\.com\/\.extraheader' && git config --local --unset-all 'http.https://github.com/.extraheader' || :"
2025-04-16T15:05:38.5618754Z Cleaning up orphan processes
