2025-04-16T15:53:26.6539149Z Current runner version: '2.323.0'
2025-04-16T15:53:26.6613172Z ##[group]Operating System
2025-04-16T15:53:26.6614416Z Ubuntu
2025-04-16T15:53:26.6615450Z 24.04.2
2025-04-16T15:53:26.6616255Z LTS
2025-04-16T15:53:26.6617113Z ##[endgroup]
2025-04-16T15:53:26.6618529Z ##[group]Runner Image
2025-04-16T15:53:26.6619622Z Image: ubuntu-24.04
2025-04-16T15:53:26.6620540Z Version: 20250413.1.0
2025-04-16T15:53:26.6622996Z Included Software: https://github.com/actions/runner-images/blob/ubuntu24/20250413.1/images/ubuntu/Ubuntu2404-Readme.md
2025-04-16T15:53:26.6625603Z Image Release: https://github.com/actions/runner-images/releases/tag/ubuntu24%2F20250413.1
2025-04-16T15:53:26.6647655Z ##[endgroup]
2025-04-16T15:53:26.6648815Z ##[group]Runner Image Provisioner
2025-04-16T15:53:26.6649854Z 2.0.422.1
2025-04-16T15:53:26.6650863Z ##[endgroup]
2025-04-16T15:53:26.6652946Z ##[group]GITHUB_TOKEN Permissions
2025-04-16T15:53:26.6656153Z Actions: read
2025-04-16T15:53:26.6657199Z Contents: write
2025-04-16T15:53:26.6659009Z Metadata: read
2025-04-16T15:53:26.6660055Z ##[endgroup]
2025-04-16T15:53:26.6663203Z Secret source: Actions
2025-04-16T15:53:26.6664556Z Prepare workflow directory
2025-04-16T15:53:26.7304011Z Prepare all required actions
2025-04-16T15:53:26.7360067Z Getting action download info
2025-04-16T15:53:27.1523302Z ##[group]Download immutable action package 'actions/checkout@v4'
2025-04-16T15:53:27.1524355Z Version: 4.2.2
2025-04-16T15:53:27.1525377Z Digest: sha256:ccb2698953eaebd21c7bf6268a94f9c26518a7e38e27e0b83c1fe1ad049819b1
2025-04-16T15:53:27.1526634Z Source commit SHA: 11bd71901bbe5b1630ceea73d27597364c9af683
2025-04-16T15:53:27.1527625Z ##[endgroup]
2025-04-16T15:53:27.2432436Z ##[group]Download immutable action package 'actions/setup-node@v4'
2025-04-16T15:53:27.2433314Z Version: 4.4.0
2025-04-16T15:53:27.2434094Z Digest: sha256:9427cefe82346e992fb5b949e3569b39d537ae41aa3086483b14eceebfc16bc1
2025-04-16T15:53:27.2435064Z Source commit SHA: 49933ea5288caeca8642d1e84afbd3f7d6820020
2025-04-16T15:53:27.2435844Z ##[endgroup]
2025-04-16T15:53:27.5256236Z Complete job name: sync-error-logs
2025-04-16T15:53:27.5943536Z ##[group]Run actions/checkout@v4
2025-04-16T15:53:27.5944402Z with:
2025-04-16T15:53:27.5945029Z   fetch-depth: 0
2025-04-16T15:53:27.5945764Z   token: ***
2025-04-16T15:53:27.5946192Z   repository: mrkurger/date-night-app2
2025-04-16T15:53:27.5946709Z   ssh-strict: true
2025-04-16T15:53:27.5947117Z   ssh-user: git
2025-04-16T15:53:27.5947676Z   persist-credentials: true
2025-04-16T15:53:27.5948134Z   clean: true
2025-04-16T15:53:27.5948540Z   sparse-checkout-cone-mode: true
2025-04-16T15:53:27.5949043Z   fetch-tags: false
2025-04-16T15:53:27.5949440Z   show-progress: true
2025-04-16T15:53:27.5949855Z   lfs: false
2025-04-16T15:53:27.5950234Z   submodules: false
2025-04-16T15:53:27.5950655Z   set-safe-directory: true
2025-04-16T15:53:27.5951370Z env:
2025-04-16T15:53:27.5951732Z   CI: true
2025-04-16T15:53:27.5952103Z ##[endgroup]
2025-04-16T15:53:27.7862457Z Syncing repository: mrkurger/date-night-app2
2025-04-16T15:53:27.7865946Z ##[group]Getting Git version info
2025-04-16T15:53:27.7867947Z Working directory is '/home/runner/work/date-night-app2/date-night-app2'
2025-04-16T15:53:27.7869869Z [command]/usr/bin/git version
2025-04-16T15:53:27.7870823Z git version 2.49.0
2025-04-16T15:53:27.7874034Z ##[endgroup]
2025-04-16T15:53:27.7895228Z Temporarily overriding HOME='/home/runner/work/_temp/0ae0cda2-00e0-4d65-86e5-2b14d82c424e' before making global git config changes
2025-04-16T15:53:27.7898476Z Adding repository directory to the temporary git global config as a safe directory
2025-04-16T15:53:27.7900377Z [command]/usr/bin/git config --global --add safe.directory /home/runner/work/date-night-app2/date-night-app2
2025-04-16T15:53:27.7903445Z Deleting the contents of '/home/runner/work/date-night-app2/date-night-app2'
2025-04-16T15:53:27.7905657Z ##[group]Initializing the repository
2025-04-16T15:53:27.7906973Z [command]/usr/bin/git init /home/runner/work/date-night-app2/date-night-app2
2025-04-16T15:53:27.7911072Z hint: Using 'master' as the name for the initial branch. This default branch name
2025-04-16T15:53:27.7912786Z hint: is subject to change. To configure the initial branch name to use in all
2025-04-16T15:53:27.7914348Z hint: of your new repositories, which will suppress this warning, call:
2025-04-16T15:53:27.7915463Z hint:
2025-04-16T15:53:27.7916212Z hint: 	git config --global init.defaultBranch <name>
2025-04-16T15:53:27.7917273Z hint:
2025-04-16T15:53:27.7918565Z hint: Names commonly chosen instead of 'master' are 'main', 'trunk' and
2025-04-16T15:53:27.7920254Z hint: 'development'. The just-created branch can be renamed via this command:
2025-04-16T15:53:27.7921599Z hint:
2025-04-16T15:53:27.7922314Z hint: 	git branch -m <name>
2025-04-16T15:53:27.7925167Z Initialized empty Git repository in /home/runner/work/date-night-app2/date-night-app2/.git/
2025-04-16T15:53:27.7931687Z [command]/usr/bin/git remote add origin https://github.com/mrkurger/date-night-app2
2025-04-16T15:53:27.7972211Z ##[endgroup]
2025-04-16T15:53:27.7973898Z ##[group]Disabling automatic garbage collection
2025-04-16T15:53:27.7976326Z [command]/usr/bin/git config --local gc.auto 0
2025-04-16T15:53:27.8834343Z ##[endgroup]
2025-04-16T15:53:27.8835594Z ##[group]Setting up auth
2025-04-16T15:53:27.8836857Z [command]/usr/bin/git config --local --name-only --get-regexp core\.sshCommand
2025-04-16T15:53:27.8844429Z [command]/usr/bin/git submodule foreach --recursive sh -c "git config --local --name-only --get-regexp 'core\.sshCommand' && git config --local --unset-all 'core.sshCommand' || :"
2025-04-16T15:53:27.8849073Z [command]/usr/bin/git config --local --name-only --get-regexp http\.https\:\/\/github\.com\/\.extraheader
2025-04-16T15:53:27.8853291Z [command]/usr/bin/git submodule foreach --recursive sh -c "git config --local --name-only --get-regexp 'http\.https\:\/\/github\.com\/\.extraheader' && git config --local --unset-all 'http.https://github.com/.extraheader' || :"
2025-04-16T15:53:27.8920434Z [command]/usr/bin/git config --local http.https://github.com/.extraheader AUTHORIZATION: basic ***
2025-04-16T15:53:27.9066388Z ##[endgroup]
2025-04-16T15:53:27.9068063Z ##[group]Fetching the repository
2025-04-16T15:53:27.9070100Z [command]/usr/bin/git -c protocol.version=2 fetch --prune --no-recurse-submodules origin +refs/heads/*:refs/remotes/origin/* +refs/tags/*:refs/tags/*
2025-04-16T15:53:36.3760461Z From https://github.com/mrkurger/date-night-app2
2025-04-16T15:53:36.3766062Z  * [new branch]      dependabot/github_actions/dawidd6/action-download-artifact-9 -> origin/dependabot/github_actions/dawidd6/action-download-artifact-9
2025-04-16T15:53:36.3778550Z  * [new branch]      dependabot/npm_and_yarn/server/multi-94fa72f662 -> origin/dependabot/npm_and_yarn/server/multi-94fa72f662
2025-04-16T15:53:36.3780767Z  * [new branch]      main       -> origin/main
2025-04-16T15:53:36.3811536Z [command]/usr/bin/git branch --list --remote origin/main
2025-04-16T15:53:36.3837540Z   origin/main
2025-04-16T15:53:36.3850442Z [command]/usr/bin/git rev-parse refs/remotes/origin/main
2025-04-16T15:53:36.3873573Z eb698adacbd9ea5eee3d3f6f2b6d03026a1233b2
2025-04-16T15:53:36.3882116Z ##[endgroup]
2025-04-16T15:53:36.3883601Z ##[group]Determining the checkout info
2025-04-16T15:53:36.3888992Z ##[endgroup]
2025-04-16T15:53:36.3895848Z [command]/usr/bin/git sparse-checkout disable
2025-04-16T15:53:36.3939555Z [command]/usr/bin/git config --local --unset-all extensions.worktreeConfig
2025-04-16T15:53:36.3971878Z ##[group]Checking out the ref
2025-04-16T15:53:36.3974139Z [command]/usr/bin/git checkout --progress --force -B main refs/remotes/origin/main
2025-04-16T15:53:36.8011177Z Switched to a new branch 'main'
2025-04-16T15:53:36.8035365Z branch 'main' set up to track 'origin/main'.
2025-04-16T15:53:36.8059681Z ##[endgroup]
2025-04-16T15:53:36.8131559Z [command]/usr/bin/git log -1 --format=%H
2025-04-16T15:53:36.8174605Z eb698adacbd9ea5eee3d3f6f2b6d03026a1233b2
2025-04-16T15:53:36.8443234Z ##[group]Run actions/setup-node@v4
2025-04-16T15:53:36.8443568Z with:
2025-04-16T15:53:36.8444047Z   node-version: 22.x
2025-04-16T15:53:36.8444273Z   always-auth: false
2025-04-16T15:53:36.8444516Z   check-latest: false
2025-04-16T15:53:36.8444906Z   token: ***
2025-04-16T15:53:36.8445109Z env:
2025-04-16T15:53:36.8445294Z   CI: true
2025-04-16T15:53:36.8445474Z ##[endgroup]
2025-04-16T15:53:37.0329205Z Found in cache @ /opt/hostedtoolcache/node/22.14.0/x64
2025-04-16T15:53:37.0333108Z ##[group]Environment details
2025-04-16T15:53:37.4350913Z node: v22.14.0
2025-04-16T15:53:37.4361565Z npm: 10.9.2
2025-04-16T15:53:37.4361903Z yarn: 1.22.22
2025-04-16T15:53:37.4362871Z ##[endgroup]
2025-04-16T15:53:37.4472838Z ##[group]Run npm install @octokit/rest@19.0.13 fs-extra@11.2.0
2025-04-16T15:53:37.4473343Z [36;1mnpm install @octokit/rest@19.0.13 fs-extra@11.2.0[0m
2025-04-16T15:53:37.4528729Z shell: /usr/bin/bash -e {0}
2025-04-16T15:53:37.4529005Z env:
2025-04-16T15:53:37.4529198Z   CI: true
2025-04-16T15:53:37.4529387Z ##[endgroup]
2025-04-16T15:53:43.5528055Z npm warn deprecated xss-clean@0.1.4: Package no longer supported. Contact Support at https://www.npmjs.com/support for more info.
2025-04-16T15:53:44.6540625Z npm warn deprecated rimraf@3.0.2: Rimraf versions prior to v4 are no longer supported
2025-04-16T15:53:45.3041020Z npm warn deprecated passport-reddit@1.1.0: While functionally complete, this library will not be receiving any updates going forwards. Users are actively discouraged from using OAuth2 for authentication. See archival notice on github for more details.
2025-04-16T15:53:45.8394495Z npm warn deprecated npmlog@5.0.1: This package is no longer supported.
2025-04-16T15:53:46.7270108Z npm warn deprecated superagent@8.1.2: Please upgrade to v9.0.0+ as we have fixed a public vulnerability with formidable dependency. Note that v9.0.0+ requires Node.js v14.18.0+. See https://github.com/ladjs/superagent/pull/1800 for insight. This project is supported and maintained by the team at Forward Email @ https://forwardemail.net
2025-04-16T15:53:47.2656937Z npm warn deprecated inflight@1.0.6: This module is not supported, and leaks memory. Do not use it. Check out lru-cache if you want a good and tested way to coalesce async requests by a key value, which is much more comprehensive and powerful.
2025-04-16T15:53:47.6602188Z npm warn deprecated glob@7.2.3: Glob versions prior to v9 are no longer supported
2025-04-16T15:53:48.2066452Z npm warn deprecated gauge@3.0.2: This package is no longer supported.
2025-04-16T15:53:48.5970903Z npm warn deprecated domexception@4.0.0: Use your platform's native DOMException instead
2025-04-16T15:53:49.8431605Z npm warn deprecated are-we-there-yet@2.0.0: This package is no longer supported.
2025-04-16T15:53:49.9899890Z npm warn deprecated abab@2.0.6: Use your platform's native atob() and btoa() methods instead
2025-04-16T15:53:51.1981214Z npm warn deprecated @humanwhocodes/config-array@0.11.14: Use @eslint/config-array instead
2025-04-16T15:53:51.2019897Z npm warn deprecated @humanwhocodes/object-schema@2.0.3: Use @eslint/object-schema instead
2025-04-16T15:53:58.7256436Z npm warn deprecated eslint@8.56.0: This version is no longer supported. Please see https://eslint.org/version-support for other options.
2025-04-16T15:53:58.7324987Z npm warn deprecated eslint@8.56.0: This version is no longer supported. Please see https://eslint.org/version-support for other options.
2025-04-16T15:54:21.0058772Z 
2025-04-16T15:54:21.0059979Z added 1914 packages, and audited 1917 packages in 43s
2025-04-16T15:54:21.0092085Z 
2025-04-16T15:54:21.0092449Z 354 packages are looking for funding
2025-04-16T15:54:21.0093151Z   run `npm fund` for details
2025-04-16T15:54:21.0330406Z 
2025-04-16T15:54:21.0331700Z 9 moderate severity vulnerabilities
2025-04-16T15:54:21.0332842Z 
2025-04-16T15:54:21.0333981Z To address issues that do not require attention, run:
2025-04-16T15:54:21.0335400Z   npm audit fix
2025-04-16T15:54:21.0336360Z 
2025-04-16T15:54:21.0338329Z To address all issues (including breaking changes), run:
2025-04-16T15:54:21.0339482Z   npm audit fix --force
2025-04-16T15:54:21.0340381Z 
2025-04-16T15:54:21.0343813Z Run `npm audit` for details.
2025-04-16T15:54:21.1237858Z ##[group]Run cat > fetch-workflow-logs.js << 'EOF'
2025-04-16T15:54:21.1238886Z [36;1mcat > fetch-workflow-logs.js << 'EOF'[0m
2025-04-16T15:54:21.1239288Z [36;1mconst { Octokit } = require('@octokit/rest');[0m
2025-04-16T15:54:21.1239667Z [36;1mconst fs = require('fs-extra');[0m
2025-04-16T15:54:21.1239992Z [36;1mconst path = require('path');[0m
2025-04-16T15:54:21.1240292Z [36;1m[0m
2025-04-16T15:54:21.1240515Z [36;1masync function main() {[0m
2025-04-16T15:54:21.1240826Z [36;1m  const owner = process.env.REPO_OWNER;[0m
2025-04-16T15:54:21.1241179Z [36;1m  const repo = process.env.REPO_NAME;[0m
2025-04-16T15:54:21.1241571Z [36;1m  const logsDir = path.join('workflow-error-logs');[0m
2025-04-16T15:54:21.1241930Z [36;1m  [0m
2025-04-16T15:54:21.1242243Z [36;1m  console.log(`Fetching workflow logs for ${owner}/${repo}`);[0m
2025-04-16T15:54:21.1242611Z [36;1m  [0m
2025-04-16T15:54:21.1242880Z [36;1m  // Create logs directory if it doesn't exist[0m
2025-04-16T15:54:21.1243262Z [36;1m  await fs.ensureDir(logsDir);[0m
2025-04-16T15:54:21.1243554Z [36;1m  [0m
2025-04-16T15:54:21.1243774Z [36;1m  const octokit = new Octokit({[0m
2025-04-16T15:54:21.1244088Z [36;1m    auth: process.env.GITHUB_TOKEN,[0m
2025-04-16T15:54:21.1244394Z [36;1m    request: {[0m
2025-04-16T15:54:21.1244628Z [36;1m      retries: 3,[0m
2025-04-16T15:54:21.1244882Z [36;1m      retryAfter: 1[0m
2025-04-16T15:54:21.1245120Z [36;1m    }[0m
2025-04-16T15:54:21.1245327Z [36;1m  });[0m
2025-04-16T15:54:21.1245519Z [36;1m  [0m
2025-04-16T15:54:21.1245729Z [36;1m  // Get all workflows[0m
2025-04-16T15:54:21.1246129Z [36;1m  const { data: workflows } = await octokit.actions.listRepoWorkflows({[0m
2025-04-16T15:54:21.1246542Z [36;1m    owner,[0m
2025-04-16T15:54:21.1246768Z [36;1m    repo,[0m
2025-04-16T15:54:21.1246978Z [36;1m  });[0m
2025-04-16T15:54:21.1247226Z [36;1m  [0m
2025-04-16T15:54:21.1247708Z [36;1m  // Get recent workflow runs (last 30 days)[0m
2025-04-16T15:54:21.1248055Z [36;1m  const thirtyDaysAgo = new Date();[0m
2025-04-16T15:54:21.1248441Z [36;1m  thirtyDaysAgo.setDate(thirtyDaysAgo.getDate() - 30);[0m
2025-04-16T15:54:21.1248803Z [36;1m  [0m
2025-04-16T15:54:21.1249056Z [36;1m  for (const workflow of workflows.workflows) {[0m
2025-04-16T15:54:21.1249527Z [36;1m    console.log(`Processing workflow: ${workflow.name} (${workflow.id})`);[0m
2025-04-16T15:54:21.1249938Z [36;1m    [0m
2025-04-16T15:54:21.1250123Z [36;1m    try {[0m
2025-04-16T15:54:21.1250432Z [36;1m      const { data: runs } = await octokit.actions.listWorkflowRuns({[0m
2025-04-16T15:54:21.1250799Z [36;1m        owner,[0m
2025-04-16T15:54:21.1251019Z [36;1m        repo,[0m
2025-04-16T15:54:21.1251270Z [36;1m        workflow_id: workflow.id,[0m
2025-04-16T15:54:21.1251629Z [36;1m        created: `>=${thirtyDaysAgo.toISOString().split('T')[0]}`,[0m
2025-04-16T15:54:21.1251974Z [36;1m      });[0m
2025-04-16T15:54:21.1252172Z [36;1m      [0m
2025-04-16T15:54:21.1252387Z [36;1m      // Process failed runs[0m
2025-04-16T15:54:21.1252727Z [36;1m      const failedRuns = runs.workflow_runs.filter(run => [0m
2025-04-16T15:54:21.1253270Z [36;1m        run.conclusion === 'failure' || run.conclusion === 'cancelled' || run.conclusion === 'timed_out'[0m
2025-04-16T15:54:21.1253725Z [36;1m      );[0m
2025-04-16T15:54:21.1253915Z [36;1m      [0m
2025-04-16T15:54:21.1254263Z [36;1m      console.log(`Found ${failedRuns.length} failed runs for ${workflow.name}`);[0m
2025-04-16T15:54:21.1254664Z [36;1m      [0m
2025-04-16T15:54:21.1254892Z [36;1m      for (const run of failedRuns) {[0m
2025-04-16T15:54:21.1255294Z [36;1m        const runDate = new Date(run.created_at).toISOString().split('T')[0];[0m
2025-04-16T15:54:21.1255918Z [36;1m        const workflowDir = path.join(logsDir, workflow.name.replace(/[^a-zA-Z0-9]/g, '-').toLowerCase());[0m
2025-04-16T15:54:21.1256518Z [36;1m        const runDir = path.join(workflowDir, `${runDate}_${run.id}`);[0m
2025-04-16T15:54:21.1257244Z [36;1m        [0m
2025-04-16T15:54:21.1257652Z [36;1m        await fs.ensureDir(runDir);[0m
2025-04-16T15:54:21.1257922Z [36;1m        [0m
2025-04-16T15:54:21.1258210Z [36;1m        // Save run metadata[0m
2025-04-16T15:54:21.1258653Z [36;1m        await fs.writeJson(path.join(runDir, 'metadata.json'), run, { spaces: 2 });[0m
2025-04-16T15:54:21.1259053Z [36;1m        [0m
2025-04-16T15:54:21.1259252Z [36;1m        try {[0m
2025-04-16T15:54:21.1259487Z [36;1m          // Get jobs for this run[0m
2025-04-16T15:54:21.1259876Z [36;1m          const { data: jobs } = await octokit.actions.listJobsForWorkflowRun({[0m
2025-04-16T15:54:21.1260243Z [36;1m            owner,[0m
2025-04-16T15:54:21.1260460Z [36;1m            repo,[0m
2025-04-16T15:54:21.1260682Z [36;1m            run_id: run.id,[0m
2025-04-16T15:54:21.1260914Z [36;1m          });[0m
2025-04-16T15:54:21.1261110Z [36;1m          [0m
2025-04-16T15:54:21.1261319Z [36;1m          // Save jobs metadata[0m
2025-04-16T15:54:21.1261699Z [36;1m          await fs.writeJson(path.join(runDir, 'jobs.json'), jobs, { spaces: 2 });[0m
2025-04-16T15:54:21.1262068Z [36;1m          [0m
2025-04-16T15:54:21.1262273Z [36;1m          // Process each job[0m
2025-04-16T15:54:21.1262563Z [36;1m          for (const job of jobs.jobs) {[0m
2025-04-16T15:54:21.1263033Z [36;1m            if (job.conclusion === 'failure' || job.conclusion === 'cancelled' || job.conclusion === 'timed_out') {[0m
2025-04-16T15:54:21.1263651Z [36;1m              const jobDir = path.join(runDir, job.name.replace(/[^a-zA-Z0-9]/g, '-').toLowerCase());[0m
2025-04-16T15:54:21.1264094Z [36;1m              await fs.ensureDir(jobDir);[0m
2025-04-16T15:54:21.1264368Z [36;1m              [0m
2025-04-16T15:54:21.1264588Z [36;1m              // Save job metadata[0m
2025-04-16T15:54:21.1265000Z [36;1m              await fs.writeJson(path.join(jobDir, 'job-metadata.json'), job, { spaces: 2 });[0m
2025-04-16T15:54:21.1265437Z [36;1m              [0m
2025-04-16T15:54:21.1265647Z [36;1m              try {[0m
2025-04-16T15:54:21.1265868Z [36;1m                // Get job logs[0m
2025-04-16T15:54:21.1266250Z [36;1m                const logs = await octokit.actions.downloadJobLogsForWorkflowRun({[0m
2025-04-16T15:54:21.1266631Z [36;1m                  owner,[0m
2025-04-16T15:54:21.1266859Z [36;1m                  repo,[0m
2025-04-16T15:54:21.1267104Z [36;1m                  job_id: job.id,[0m
2025-04-16T15:54:21.1267520Z [36;1m                });[0m
2025-04-16T15:54:21.1267756Z [36;1m                [0m
2025-04-16T15:54:21.1267976Z [36;1m                // Save logs[0m
2025-04-16T15:54:21.1268324Z [36;1m                await fs.writeFile(path.join(jobDir, 'logs.txt'), logs.data);[0m
2025-04-16T15:54:21.1268756Z [36;1m                console.log(`Saved logs for job ${job.name} (${job.id})`);[0m
2025-04-16T15:54:21.1269107Z [36;1m              } catch (error) {[0m
2025-04-16T15:54:21.1269504Z [36;1m                console.error(`Error fetching logs for job ${job.id}: ${error.message}`);[0m
2025-04-16T15:54:21.1270056Z [36;1m                await fs.writeFile(path.join(jobDir, 'error.txt'), `Error fetching logs: ${error.message}`);[0m
2025-04-16T15:54:21.1270471Z [36;1m              }[0m
2025-04-16T15:54:21.1270683Z [36;1m            }[0m
2025-04-16T15:54:21.1270876Z [36;1m          }[0m
2025-04-16T15:54:21.1271077Z [36;1m        } catch (error) {[0m
2025-04-16T15:54:21.1271416Z [36;1m          console.error(`Error processing run ${run.id}: ${error.message}`);[0m
2025-04-16T15:54:21.1271946Z [36;1m          await fs.writeFile(path.join(runDir, 'error.txt'), `Error processing run: ${error.message}`);[0m
2025-04-16T15:54:21.1272352Z [36;1m        }[0m
2025-04-16T15:54:21.1272534Z [36;1m      }[0m
2025-04-16T15:54:21.1272718Z [36;1m    } catch (error) {[0m
2025-04-16T15:54:21.1273082Z [36;1m      console.error(`Error processing workflow ${workflow.id}: ${error.message}`);[0m
2025-04-16T15:54:21.1273607Z [36;1m    }[0m
2025-04-16T15:54:21.1273911Z [36;1m  }[0m
2025-04-16T15:54:21.1274090Z [36;1m  [0m
2025-04-16T15:54:21.1274267Z [36;1m  // Create summary file[0m
2025-04-16T15:54:21.1274505Z [36;1m  const summary = {[0m
2025-04-16T15:54:21.1274745Z [36;1m    timestamp: new Date().toISOString(),[0m
2025-04-16T15:54:21.1275069Z [36;1m    totalWorkflows: workflows.workflows.length,[0m
2025-04-16T15:54:21.1275420Z [36;1m    workflowSummary: workflows.workflows.map(w => ({[0m
2025-04-16T15:54:21.1275725Z [36;1m      name: w.name,[0m
2025-04-16T15:54:21.1275938Z [36;1m      id: w.id,[0m
2025-04-16T15:54:21.1276140Z [36;1m      path: w.path,[0m
2025-04-16T15:54:21.1276353Z [36;1m    })),[0m
2025-04-16T15:54:21.1276524Z [36;1m  };[0m
2025-04-16T15:54:21.1276698Z [36;1m  [0m
2025-04-16T15:54:21.1277010Z [36;1m  await fs.writeJson(path.join(logsDir, 'summary.json'), summary, { spaces: 2 });[0m
2025-04-16T15:54:21.1277649Z [36;1m  console.log('Workflow error logs sync completed');[0m
2025-04-16T15:54:21.1277945Z [36;1m}[0m
2025-04-16T15:54:21.1278111Z [36;1m[0m
2025-04-16T15:54:21.1278289Z [36;1mmain().catch(error => {[0m
2025-04-16T15:54:21.1278570Z [36;1m  console.error('Error in main process:', error);[0m
2025-04-16T15:54:21.1278867Z [36;1m  process.exit(1);[0m
2025-04-16T15:54:21.1279085Z [36;1m});[0m
2025-04-16T15:54:21.1279257Z [36;1mEOF[0m
2025-04-16T15:54:21.1279419Z [36;1m[0m
2025-04-16T15:54:21.1279607Z [36;1mnode fetch-workflow-logs.js[0m
2025-04-16T15:54:21.1326519Z shell: /usr/bin/bash -e {0}
2025-04-16T15:54:21.1326756Z env:
2025-04-16T15:54:21.1326935Z   CI: true
2025-04-16T15:54:21.1327425Z   GITHUB_TOKEN: ***
2025-04-16T15:54:21.1327639Z   REPO_OWNER: mrkurger
2025-04-16T15:54:21.1327861Z   REPO_NAME: date-night-app2
2025-04-16T15:54:21.1328085Z ##[endgroup]
2025-04-16T15:54:21.2162759Z Fetching workflow logs for mrkurger/date-night-app2
2025-04-16T15:54:21.3798031Z Processing workflow: Angular Tests (156396503)
2025-04-16T15:54:22.0249283Z Found 25 failed runs for Angular Tests
2025-04-16T15:54:22.4038883Z Saved logs for job e2e (22.x) (40665045272)
2025-04-16T15:54:22.5186837Z Saved logs for job test (22.x) (40665045274)
2025-04-16T15:54:22.8587598Z Saved logs for job test (22.x) (40664496095)
2025-04-16T15:54:22.9871316Z Saved logs for job e2e (22.x) (40664496108)
2025-04-16T15:54:23.2649481Z Saved logs for job e2e (22.x) (40663459721)
2025-04-16T15:54:23.3547800Z Saved logs for job test (22.x) (40663459733)
2025-04-16T15:54:23.6508985Z Saved logs for job e2e (22.x) (40662876861)
2025-04-16T15:54:23.7602941Z Saved logs for job test (22.x) (40662876876)
2025-04-16T15:54:24.0459438Z Saved logs for job e2e (22.x) (40662340818)
2025-04-16T15:54:24.1486782Z Saved logs for job test (22.x) (40662340822)
2025-04-16T15:54:24.4833631Z Saved logs for job test (22.x) (40660813802)
2025-04-16T15:54:24.5890079Z Saved logs for job e2e (22.x) (40660813807)
2025-04-16T15:54:24.9455725Z Saved logs for job e2e (22.x) (40659963795)
2025-04-16T15:54:25.1473100Z Saved logs for job test (22.x) (40659963797)
2025-04-16T15:54:25.3931182Z Saved logs for job lint (22.x) (40659963816)
2025-04-16T15:54:25.8901815Z Saved logs for job e2e (22.x) (40658470007)
2025-04-16T15:54:26.0506380Z Saved logs for job lint (22.x) (40658470023)
2025-04-16T15:54:26.3553558Z Saved logs for job test (22.x) (40658470025)
2025-04-16T15:54:26.7080291Z Saved logs for job test (22.x) (40656595432)
2025-04-16T15:54:26.8106570Z Saved logs for job e2e (22.x) (40656595450)
2025-04-16T15:54:26.9171967Z Saved logs for job lint (22.x) (40656595451)
2025-04-16T15:54:27.2553576Z Saved logs for job lint (22.x) (40648995689)
2025-04-16T15:54:27.3805013Z Saved logs for job e2e (22.x) (40648995690)
2025-04-16T15:54:27.5008611Z Saved logs for job test (22.x) (40648995699)
2025-04-16T15:54:27.8990020Z Saved logs for job test (22.x) (40648936041)
2025-04-16T15:54:28.0106364Z Saved logs for job lint (22.x) (40648936049)
2025-04-16T15:54:28.1872844Z Saved logs for job e2e (22.x) (40648936088)
2025-04-16T15:54:28.5441240Z Saved logs for job test (22.x) (40645363558)
2025-04-16T15:54:28.6594736Z Saved logs for job e2e (22.x) (40645363568)
2025-04-16T15:54:28.7733930Z Saved logs for job lint (22.x) (40645363582)
2025-04-16T15:54:29.0591036Z Saved logs for job test (22.x) (40642315715)
2025-04-16T15:54:29.1744008Z Saved logs for job e2e (22.x) (40642315733)
2025-04-16T15:54:29.2456677Z Saved logs for job lint (22.x) (40642315744)
2025-04-16T15:54:29.5901057Z Saved logs for job test (22.x) (40640408484)
2025-04-16T15:54:29.6902663Z Saved logs for job e2e (22.x) (40640408487)
2025-04-16T15:54:29.7742281Z Saved logs for job lint (22.x) (40640408495)
2025-04-16T15:54:30.0795484Z Saved logs for job test (22.x) (40639200761)
2025-04-16T15:54:30.1555213Z Saved logs for job e2e (22.x) (40639200762)
2025-04-16T15:54:30.2547884Z Saved logs for job lint (22.x) (40639200772)
2025-04-16T15:54:30.7757098Z Saved logs for job test (22.x) (40638434179)
2025-04-16T15:54:30.9741256Z Saved logs for job lint (22.x) (40638434180)
2025-04-16T15:54:31.0899840Z Saved logs for job e2e (22.x) (40638434197)
2025-04-16T15:54:31.3793181Z Saved logs for job test (22.x) (40638117917)
2025-04-16T15:54:31.4952588Z Saved logs for job e2e (22.x) (40638117918)
2025-04-16T15:54:31.6342570Z Saved logs for job lint (22.x) (40638117931)
2025-04-16T15:54:32.0827604Z Saved logs for job test (22.x) (40637222574)
2025-04-16T15:54:32.2355125Z Saved logs for job e2e (22.x) (40637222590)
2025-04-16T15:54:32.3545424Z Saved logs for job lint (22.x) (40637222627)
2025-04-16T15:54:32.7465648Z Saved logs for job e2e (22.x) (40636317713)
2025-04-16T15:54:32.8800726Z Saved logs for job test (22.x) (40636317717)
2025-04-16T15:54:33.0015798Z Saved logs for job lint (22.x) (40636317718)
2025-04-16T15:54:33.3532402Z Saved logs for job test (22.x) (40635520017)
2025-04-16T15:54:33.4446423Z Saved logs for job e2e (22.x) (40635520024)
2025-04-16T15:54:33.6515256Z Saved logs for job lint (22.x) (40635520025)
2025-04-16T15:54:33.9948065Z Saved logs for job e2e (22.x) (40631138588)
2025-04-16T15:54:34.0968751Z Saved logs for job test (22.x) (40631138593)
2025-04-16T15:54:34.4145458Z Saved logs for job test (22.x) (40628452555)
2025-04-16T15:54:34.5172893Z Saved logs for job e2e (22.x) (40628452573)
2025-04-16T15:54:34.9492675Z Saved logs for job test (22.x) (40625114143)
2025-04-16T15:54:35.0544112Z Saved logs for job e2e (22.x) (40625114153)
2025-04-16T15:54:35.3705269Z Saved logs for job e2e (22.x) (40623556700)
2025-04-16T15:54:35.5133199Z Saved logs for job test (22.x) (40623556710)
2025-04-16T15:54:35.8666013Z Saved logs for job e2e (22.x) (40623232672)
2025-04-16T15:54:35.9369246Z Saved logs for job test (22.x) (40623232677)
2025-04-16T15:54:35.9372555Z Processing workflow: Security Alerts Report (Alternative) (156517337)
2025-04-16T15:54:36.0906642Z Found 0 failed runs for Security Alerts Report (Alternative)
2025-04-16T15:54:36.0908005Z Processing workflow: Security Alerts Report (156511788)
2025-04-16T15:54:36.2789328Z Found 1 failed runs for Security Alerts Report
2025-04-16T15:54:36.5482265Z Saved logs for job generate-report (40657820058)
2025-04-16T15:54:36.5483954Z Processing workflow: Server Tests (156396504)
2025-04-16T15:54:36.8345944Z Found 7 failed runs for Server Tests
2025-04-16T15:54:37.0908752Z Saved logs for job test (22.x) (40663459741)
2025-04-16T15:54:37.3700578Z Saved logs for job test (22.x) (40659963757)
2025-04-16T15:54:37.4850575Z Saved logs for job lint (22.x) (40659963777)
2025-04-16T15:54:37.7728248Z Saved logs for job lint (22.x) (40656595380)
2025-04-16T15:54:37.8784928Z Saved logs for job test (22.x) (40656595382)
2025-04-16T15:54:38.2081540Z Saved logs for job test (22.x) (40648936051)
2025-04-16T15:54:38.3144492Z Saved logs for job lint (22.x) (40648936076)
2025-04-16T15:54:38.5773111Z Saved logs for job lint (22.x) (40636317715)
2025-04-16T15:54:38.6928982Z Saved logs for job test (22.x) (40636317724)
2025-04-16T15:54:38.9488121Z Saved logs for job lint (22.x) (40636157199)
2025-04-16T15:54:39.0451305Z Saved logs for job test (22.x) (40636157200)
2025-04-16T15:54:39.2887001Z Saved logs for job test (22.x) (40631138589)
2025-04-16T15:54:39.2888684Z Processing workflow: Sync GitHub Insights (Alternative) (156517338)
2025-04-16T15:54:39.3994959Z Found 0 failed runs for Sync GitHub Insights (Alternative)
2025-04-16T15:54:39.3997567Z Processing workflow: Sync GitHub Insights (Fixed) (156518590)
2025-04-16T15:54:39.5880197Z Found 0 failed runs for Sync GitHub Insights (Fixed)
2025-04-16T15:54:39.5886938Z Processing workflow: Sync GitHub Insights (156511789)
2025-04-16T15:54:39.8403049Z Found 3 failed runs for Sync GitHub Insights
2025-04-16T15:54:40.1101016Z Saved logs for job sync-insights (40658529730)
2025-04-16T15:54:40.4408584Z Saved logs for job sync-insights (40657800158)
2025-04-16T15:54:40.7446233Z Saved logs for job sync-insights (40656793753)
2025-04-16T15:54:40.7447836Z Processing workflow: Sync Test Reports (156511790)
2025-04-16T15:54:41.0268034Z Found 2 failed runs for Sync Test Reports
2025-04-16T15:54:41.3002916Z Saved logs for job sync-reports (40656664593)
2025-04-16T15:54:41.5358836Z Saved logs for job sync-reports (40656644372)
2025-04-16T15:54:41.5360351Z Processing workflow: Sync Workflow Error Logs (156531139)
2025-04-16T15:54:41.9434812Z Found 13 failed runs for Sync Workflow Error Logs
2025-04-16T15:54:42.2028593Z Saved logs for job sync-error-logs (40663884504)
2025-04-16T15:54:42.4482428Z Saved logs for job sync-error-logs (40663871175)
2025-04-16T15:54:42.6873302Z Saved logs for job sync-error-logs (40663862163)
2025-04-16T15:54:42.9783231Z Saved logs for job sync-error-logs (40663803075)
2025-04-16T15:54:43.2045872Z Saved logs for job sync-error-logs (40663762300)
2025-04-16T15:54:43.5536947Z Saved logs for job sync-error-logs (40663734511)
2025-04-16T15:54:43.8228449Z Saved logs for job sync-error-logs (40663704386)
2025-04-16T15:54:44.1136348Z Saved logs for job sync-error-logs (40663657537)
2025-04-16T15:54:44.3526265Z Saved logs for job sync-error-logs (40663640084)
2025-04-16T15:54:44.6542235Z Saved logs for job sync-error-logs (40663610469)
2025-04-16T15:54:44.9558477Z Saved logs for job sync-error-logs (40663581882)
2025-04-16T15:54:45.2069296Z Saved logs for job sync-error-logs (40663556539)
2025-04-16T15:54:45.4396324Z Saved logs for job sync-error-logs (40663029643)
2025-04-16T15:54:45.4401689Z Processing workflow: Sync Workflow Error Logs (Robust) (156532769)
2025-04-16T15:54:45.8810957Z Found 22 failed runs for Sync Workflow Error Logs (Robust)
2025-04-16T15:54:46.1068826Z Saved logs for job sync-error-logs (40667169107)
2025-04-16T15:54:46.3774777Z Saved logs for job sync-error-logs (40665192111)
2025-04-16T15:54:46.6043972Z Saved logs for job sync-error-logs (40665160549)
2025-04-16T15:54:46.8361421Z Saved logs for job sync-error-logs (40664651912)
2025-04-16T15:54:47.0474082Z Saved logs for job sync-error-logs (40664616106)
2025-04-16T15:54:47.3498149Z Saved logs for job sync-error-logs (40664499845)
2025-04-16T15:54:47.6426919Z Saved logs for job sync-error-logs (40664435963)
2025-04-16T15:54:47.8665013Z Saved logs for job sync-error-logs (40663852786)
2025-04-16T15:54:48.1837701Z Saved logs for job sync-error-logs (40663768800)
2025-04-16T15:54:48.3858215Z Saved logs for job sync-error-logs (40663746533)
2025-04-16T15:54:48.6911566Z Saved logs for job sync-error-logs (40663734604)
2025-04-16T15:54:48.9407941Z Saved logs for job sync-error-logs (40663734211)
2025-04-16T15:54:49.1661634Z Saved logs for job sync-error-logs (40663726146)
2025-04-16T15:54:49.4083450Z Saved logs for job sync-error-logs (40663694016)
2025-04-16T15:54:49.5901154Z Saved logs for job sync-error-logs (40663680006)
2025-04-16T15:54:49.7979805Z Saved logs for job sync-error-logs (40663676815)
2025-04-16T15:54:50.0564764Z Saved logs for job sync-error-logs (40663642603)
2025-04-16T15:54:50.3251953Z Saved logs for job sync-error-logs (40663640193)
2025-04-16T15:54:50.5709350Z Saved logs for job sync-error-logs (40663610483)
2025-04-16T15:54:50.7968954Z Saved logs for job sync-error-logs (40663581813)
2025-04-16T15:54:51.0229443Z Saved logs for job sync-error-logs (40663556527)
2025-04-16T15:54:51.2365750Z Saved logs for job sync-error-logs (40663489150)
2025-04-16T15:54:51.2367720Z Processing workflow: Sync Workflow Error Logs (156529457)
2025-04-16T15:54:51.6900372Z Found 16 failed runs for Sync Workflow Error Logs
2025-04-16T15:54:51.9090828Z Saved logs for job sync-error-logs (40663978660)
2025-04-16T15:54:52.1373246Z Saved logs for job sync-error-logs (40663935374)
2025-04-16T15:54:52.4043895Z Saved logs for job sync-error-logs (40663840001)
2025-04-16T15:54:52.6503919Z Saved logs for job sync-error-logs (40663802949)
2025-04-16T15:54:52.9207119Z Saved logs for job sync-error-logs (40663762365)
2025-04-16T15:54:53.1329004Z Saved logs for job sync-error-logs (40663734602)
2025-04-16T15:54:53.3649672Z Saved logs for job sync-error-logs (40663704422)
2025-04-16T15:54:53.6924568Z Saved logs for job sync-error-logs (40663657651)
2025-04-16T15:54:53.9483099Z Saved logs for job sync-error-logs (40663640395)
2025-04-16T15:54:54.3119601Z Saved logs for job sync-error-logs (40663610514)
2025-04-16T15:54:54.5644570Z Saved logs for job sync-error-logs (40663581717)
2025-04-16T15:54:54.8430927Z Saved logs for job sync-error-logs (40663556577)
2025-04-16T15:54:55.1108943Z Saved logs for job sync-error-logs (40663029928)
2025-04-16T15:54:55.3273904Z Saved logs for job sync-error-logs (40662993597)
2025-04-16T15:54:55.6513775Z Saved logs for job sync-error-logs (40662475242)
2025-04-16T15:54:55.9311830Z Saved logs for job sync-error-logs (40662446363)
2025-04-16T15:54:55.9313619Z Processing workflow: Dependabot Updates (153911032)
2025-04-16T15:54:56.6484928Z Found 13 failed runs for Dependabot Updates
2025-04-16T15:54:56.9184070Z Saved logs for job Dependabot (40667240338)
2025-04-16T15:54:57.1828811Z Saved logs for job Dependabot (40667235385)
2025-04-16T15:54:57.4288349Z Saved logs for job Dependabot (40657560162)
2025-04-16T15:54:57.7190380Z Saved logs for job Dependabot (40657559762)
2025-04-16T15:54:57.9302330Z Saved logs for job Dependabot (40657410431)
2025-04-16T15:54:58.2404344Z Saved logs for job Dependabot (40657409984)
2025-04-16T15:54:58.6608096Z Saved logs for job Dependabot (40656602439)
2025-04-16T15:54:58.9286138Z Saved logs for job Dependabot (40656599224)
2025-04-16T15:54:59.1753556Z Saved logs for job Dependabot (40656599232)
2025-04-16T15:54:59.3951268Z Saved logs for job Dependabot (40648953960)
2025-04-16T15:54:59.6118636Z Saved logs for job Dependabot (40636173412)
2025-04-16T15:54:59.8518725Z Saved logs for job Dependabot (40635535253)
2025-04-16T15:55:00.0742353Z Saved logs for job Dependabot (40620670121)
2025-04-16T15:55:00.0745803Z Workflow error logs sync completed
2025-04-16T15:55:00.0895420Z ##[group]Run cat > workflow-error-logs/README.md << 'EOF'
2025-04-16T15:55:00.0896110Z [36;1mcat > workflow-error-logs/README.md << 'EOF'[0m
2025-04-16T15:55:00.0896606Z [36;1m# Workflow Error Logs[0m
2025-04-16T15:55:00.0896983Z [36;1m[0m
2025-04-16T15:55:00.0898259Z [36;1mThis directory contains logs from failed GitHub Actions workflow runs. These logs are automatically collected by the "Sync Workflow Error Logs" workflow.[0m
2025-04-16T15:55:00.0899366Z [36;1m[0m
2025-04-16T15:55:00.0899670Z [36;1m## Directory Structure[0m
2025-04-16T15:55:00.0900063Z [36;1m[0m
2025-04-16T15:55:00.0900333Z [36;1m```[0m
2025-04-16T15:55:00.0900667Z [36;1mworkflow-error-logs/[0m
2025-04-16T15:55:00.0901104Z [36;1mâ”œâ”€â”€ {workflow-name}/[0m
2025-04-16T15:55:00.0901506Z [36;1mâ”‚   â”œâ”€â”€ {date}_{run-id}/[0m
2025-04-16T15:55:00.0902017Z [36;1mâ”‚   â”‚   â”œâ”€â”€ metadata.json       # Run metadata[0m
2025-04-16T15:55:00.0902548Z [36;1mâ”‚   â”‚   â”œâ”€â”€ jobs.json           # Jobs metadata[0m
2025-04-16T15:55:00.0903063Z [36;1mâ”‚   â”‚   â”œâ”€â”€ {job-name}/[0m
2025-04-16T15:55:00.0903522Z [36;1mâ”‚   â”‚   â”‚   â”œâ”€â”€ job-metadata.json  # Job metadata[0m
2025-04-16T15:55:00.0904062Z [36;1mâ”‚   â”‚   â”‚   â””â”€â”€ logs.txt           # Job logs[0m
2025-04-16T15:55:00.0904508Z [36;1mâ”‚   â”‚   â””â”€â”€ ...[0m
2025-04-16T15:55:00.0904848Z [36;1mâ”‚   â””â”€â”€ ...[0m
2025-04-16T15:55:00.0905162Z [36;1mâ””â”€â”€ ...[0m
2025-04-16T15:55:00.0905791Z [36;1m```[0m
2025-04-16T15:55:00.0906097Z [36;1m[0m
2025-04-16T15:55:00.0906455Z [36;1m## Using These Logs[0m
2025-04-16T15:55:00.0906768Z [36;1m[0m
2025-04-16T15:55:00.0908134Z [36;1mThese logs can be used to diagnose and fix issues with GitHub Actions workflows. Look for error messages, failed steps, and other indicators of problems.[0m
2025-04-16T15:55:00.0909205Z [36;1m[0m
2025-04-16T15:55:00.0909533Z [36;1m## Automatic Collection[0m
2025-04-16T15:55:00.0909943Z [36;1m[0m
2025-04-16T15:55:00.0910255Z [36;1mLogs are collected:[0m
2025-04-16T15:55:00.0910720Z [36;1m- After any workflow completes[0m
2025-04-16T15:55:00.0911206Z [36;1m- Every 6 hours via scheduled run[0m
2025-04-16T15:55:00.0911677Z [36;1m- Manually via workflow dispatch[0m
2025-04-16T15:55:00.0912100Z [36;1m[0m
2025-04-16T15:55:00.0912383Z [36;1m## Retention[0m
2025-04-16T15:55:00.0912710Z [36;1m[0m
2025-04-16T15:55:00.0913085Z [36;1mOnly logs from the past 30 days are collected.[0m
2025-04-16T15:55:00.0913600Z [36;1mEOF[0m
2025-04-16T15:55:00.0979756Z shell: /usr/bin/bash -e {0}
2025-04-16T15:55:00.0980179Z env:
2025-04-16T15:55:00.0980490Z   CI: true
2025-04-16T15:55:00.0980791Z ##[endgroup]
2025-04-16T15:55:00.1131358Z ##[group]Run git config --local user.email "action@github.com"
2025-04-16T15:55:00.1131854Z [36;1mgit config --local user.email "action@github.com"[0m
2025-04-16T15:55:00.1132207Z [36;1mgit config --local user.name "GitHub Action"[0m
2025-04-16T15:55:00.1176799Z shell: /usr/bin/bash -e {0}
2025-04-16T15:55:00.1177035Z env:
2025-04-16T15:55:00.1177204Z   CI: true
2025-04-16T15:55:00.1177595Z ##[endgroup]
2025-04-16T15:55:00.1300123Z ##[group]Run # Fetch the latest changes from the remote repository
2025-04-16T15:55:00.1300629Z [36;1m# Fetch the latest changes from the remote repository[0m
2025-04-16T15:55:00.1300993Z [36;1mgit fetch origin main[0m
2025-04-16T15:55:00.1344348Z shell: /usr/bin/bash -e {0}
2025-04-16T15:55:00.1344628Z env:
2025-04-16T15:55:00.1344857Z   CI: true
2025-04-16T15:55:00.1345067Z ##[endgroup]
2025-04-16T15:55:00.3048346Z From https://github.com/mrkurger/date-night-app2
2025-04-16T15:55:00.3052007Z  * branch            main       -> FETCH_HEAD
2025-04-16T15:55:00.3164474Z ##[group]Run # Check if there are any conflicts between local and remote
2025-04-16T15:55:00.3165341Z [36;1m# Check if there are any conflicts between local and remote[0m
2025-04-16T15:55:00.3166297Z [36;1mif git merge-tree $(git merge-base HEAD origin/main) HEAD origin/main | grep -e "^<<<<<<< ";[0m
2025-04-16T15:55:00.3167116Z [36;1mthen[0m
2025-04-16T15:55:00.3167758Z [36;1m  echo "has_conflicts=true" >> $GITHUB_OUTPUT[0m
2025-04-16T15:55:00.3168222Z [36;1melse[0m
2025-04-16T15:55:00.3168598Z [36;1m  echo "has_conflicts=false" >> $GITHUB_OUTPUT[0m
2025-04-16T15:55:00.3169064Z [36;1mfi[0m
2025-04-16T15:55:00.3236536Z shell: /usr/bin/bash -e {0}
2025-04-16T15:55:00.3236914Z env:
2025-04-16T15:55:00.3237250Z   CI: true
2025-04-16T15:55:00.3237804Z ##[endgroup]
2025-04-16T15:55:00.3536631Z ##[group]Run # Pull the latest changes with rebase strategy
2025-04-16T15:55:00.3537094Z [36;1m# Pull the latest changes with rebase strategy[0m
2025-04-16T15:55:00.3537676Z [36;1mgit pull --rebase origin main[0m
2025-04-16T15:55:00.3537942Z [36;1m[0m
2025-04-16T15:55:00.3538144Z [36;1mgit add workflow-error-logs[0m
2025-04-16T15:55:00.3538398Z [36;1m[0m
2025-04-16T15:55:00.3538605Z [36;1m# Only commit if there are changes[0m
2025-04-16T15:55:00.3538903Z [36;1mif git diff --staged --quiet; then[0m
2025-04-16T15:55:00.3539186Z [36;1m  echo "No changes to commit"[0m
2025-04-16T15:55:00.3539444Z [36;1melse[0m
2025-04-16T15:55:00.3539701Z [36;1m  git commit -m "Update workflow error logs [skip ci]"[0m
2025-04-16T15:55:00.3540041Z [36;1m  git push[0m
2025-04-16T15:55:00.3540245Z [36;1mfi[0m
2025-04-16T15:55:00.3588260Z shell: /usr/bin/bash -e {0}
2025-04-16T15:55:00.3588549Z env:
2025-04-16T15:55:00.3588764Z   CI: true
2025-04-16T15:55:00.3589168Z ##[endgroup]
2025-04-16T15:55:00.9284698Z error: cannot pull with rebase: You have unstaged changes.
2025-04-16T15:55:00.9287818Z error: Please commit or stash them.
2025-04-16T15:55:00.9312968Z ##[error]Process completed with exit code 128.
2025-04-16T15:55:00.9461850Z Post job cleanup.
2025-04-16T15:55:01.0810636Z [command]/usr/bin/git version
2025-04-16T15:55:01.0870829Z git version 2.49.0
2025-04-16T15:55:01.0948015Z Temporarily overriding HOME='/home/runner/work/_temp/61197cdf-aaa6-4d5d-9b48-4fa28ce2132c' before making global git config changes
2025-04-16T15:55:01.0949461Z Adding repository directory to the temporary git global config as a safe directory
2025-04-16T15:55:01.0950729Z [command]/usr/bin/git config --global --add safe.directory /home/runner/work/date-night-app2/date-night-app2
2025-04-16T15:55:01.0987608Z [command]/usr/bin/git config --local --name-only --get-regexp core\.sshCommand
2025-04-16T15:55:01.1025943Z [command]/usr/bin/git submodule foreach --recursive sh -c "git config --local --name-only --get-regexp 'core\.sshCommand' && git config --local --unset-all 'core.sshCommand' || :"
2025-04-16T15:55:01.1278167Z [command]/usr/bin/git config --local --name-only --get-regexp http\.https\:\/\/github\.com\/\.extraheader
2025-04-16T15:55:01.1303233Z http.https://github.com/.extraheader
2025-04-16T15:55:01.1318001Z [command]/usr/bin/git config --local --unset-all http.https://github.com/.extraheader
2025-04-16T15:55:01.1353303Z [command]/usr/bin/git submodule foreach --recursive sh -c "git config --local --name-only --get-regexp 'http\.https\:\/\/github\.com\/\.extraheader' && git config --local --unset-all 'http.https://github.com/.extraheader' || :"
2025-04-16T15:55:01.1709084Z Cleaning up orphan processes
