2025-04-16T08:24:03.8481269Z Current runner version: '2.323.0'
2025-04-16T08:24:03.8570001Z ##[group]Operating System
2025-04-16T08:24:03.8571184Z Ubuntu
2025-04-16T08:24:03.8572016Z 24.04.2
2025-04-16T08:24:03.8572777Z LTS
2025-04-16T08:24:03.8573736Z ##[endgroup]
2025-04-16T08:24:03.8574525Z ##[group]Runner Image
2025-04-16T08:24:03.8575454Z Image: ubuntu-24.04
2025-04-16T08:24:03.8576422Z Version: 20250406.1.0
2025-04-16T08:24:03.8598475Z Included Software: https://github.com/actions/runner-images/blob/ubuntu24/20250406.1/images/ubuntu/Ubuntu2404-Readme.md
2025-04-16T08:24:03.8601395Z Image Release: https://github.com/actions/runner-images/releases/tag/ubuntu24%2F20250406.1
2025-04-16T08:24:03.8603067Z ##[endgroup]
2025-04-16T08:24:03.8603894Z ##[group]Runner Image Provisioner
2025-04-16T08:24:03.8604998Z 2.0.422.1
2025-04-16T08:24:03.8605819Z ##[endgroup]
2025-04-16T08:24:03.8607694Z ##[group]GITHUB_TOKEN Permissions
2025-04-16T08:24:03.8610835Z Contents: read
2025-04-16T08:24:03.8611702Z Metadata: read
2025-04-16T08:24:03.8612969Z Packages: read
2025-04-16T08:24:03.8613824Z ##[endgroup]
2025-04-16T08:24:03.8616941Z Secret source: Actions
2025-04-16T08:24:03.8638702Z Prepare workflow directory
2025-04-16T08:24:03.9209941Z Prepare all required actions
2025-04-16T08:24:03.9267302Z Getting action download info
2025-04-16T08:24:04.4523404Z ##[group]Download immutable action package 'actions/checkout@v4'
2025-04-16T08:24:04.4524357Z Version: 4.2.2
2025-04-16T08:24:04.4525438Z Digest: sha256:ccb2698953eaebd21c7bf6268a94f9c26518a7e38e27e0b83c1fe1ad049819b1
2025-04-16T08:24:04.4526541Z Source commit SHA: 11bd71901bbe5b1630ceea73d27597364c9af683
2025-04-16T08:24:04.4527245Z ##[endgroup]
2025-04-16T08:24:04.5516219Z ##[group]Download immutable action package 'actions/setup-node@v4'
2025-04-16T08:24:04.5517033Z Version: 4.4.0
2025-04-16T08:24:04.5517772Z Digest: sha256:9427cefe82346e992fb5b949e3569b39d537ae41aa3086483b14eceebfc16bc1
2025-04-16T08:24:04.5519170Z Source commit SHA: 49933ea5288caeca8642d1e84afbd3f7d6820020
2025-04-16T08:24:04.5519878Z ##[endgroup]
2025-04-16T08:24:04.7432190Z ##[group]Download immutable action package 'actions/upload-artifact@v4'
2025-04-16T08:24:04.7433059Z Version: 4.6.2
2025-04-16T08:24:04.7433760Z Digest: sha256:290722aa3281d5caf23d0acdc3dbeb3424786a1a01a9cc97e72f147225e37c38
2025-04-16T08:24:04.7434699Z Source commit SHA: ea165f8d65b6e75b540449e92b4886f43607fa02
2025-04-16T08:24:04.7435311Z ##[endgroup]
2025-04-16T08:24:04.9575527Z Complete job name: test (22.x)
2025-04-16T08:24:05.0142068Z ##[group]Run actions/checkout@v4
2025-04-16T08:24:05.0142882Z with:
2025-04-16T08:24:05.0143275Z   repository: mrkurger/date-night-app2
2025-04-16T08:24:05.0143926Z   token: ***
2025-04-16T08:24:05.0144289Z   ssh-strict: true
2025-04-16T08:24:05.0144658Z   ssh-user: git
2025-04-16T08:24:05.0145045Z   persist-credentials: true
2025-04-16T08:24:05.0145468Z   clean: true
2025-04-16T08:24:05.0145853Z   sparse-checkout-cone-mode: true
2025-04-16T08:24:05.0146305Z   fetch-depth: 1
2025-04-16T08:24:05.0146680Z   fetch-tags: false
2025-04-16T08:24:05.0147081Z   show-progress: true
2025-04-16T08:24:05.0147472Z   lfs: false
2025-04-16T08:24:05.0147823Z   submodules: false
2025-04-16T08:24:05.0148363Z   set-safe-directory: true
2025-04-16T08:24:05.0149330Z ##[endgroup]
2025-04-16T08:24:05.2767899Z Syncing repository: mrkurger/date-night-app2
2025-04-16T08:24:05.2774419Z ##[group]Getting Git version info
2025-04-16T08:24:05.2777241Z Working directory is '/home/runner/work/date-night-app2/date-night-app2'
2025-04-16T08:24:05.2781286Z [command]/usr/bin/git version
2025-04-16T08:24:05.2893503Z git version 2.49.0
2025-04-16T08:24:05.2930969Z ##[endgroup]
2025-04-16T08:24:05.2950133Z Temporarily overriding HOME='/home/runner/work/_temp/58f1f6e3-2c66-4713-a005-15e979f3575f' before making global git config changes
2025-04-16T08:24:05.2956215Z Adding repository directory to the temporary git global config as a safe directory
2025-04-16T08:24:05.2969211Z [command]/usr/bin/git config --global --add safe.directory /home/runner/work/date-night-app2/date-night-app2
2025-04-16T08:24:05.3013297Z Deleting the contents of '/home/runner/work/date-night-app2/date-night-app2'
2025-04-16T08:24:05.3019560Z ##[group]Initializing the repository
2025-04-16T08:24:05.3025698Z [command]/usr/bin/git init /home/runner/work/date-night-app2/date-night-app2
2025-04-16T08:24:05.3107147Z hint: Using 'master' as the name for the initial branch. This default branch name
2025-04-16T08:24:05.3110137Z hint: is subject to change. To configure the initial branch name to use in all
2025-04-16T08:24:05.3113101Z hint: of your new repositories, which will suppress this warning, call:
2025-04-16T08:24:05.3115422Z hint:
2025-04-16T08:24:05.3116848Z hint: 	git config --global init.defaultBranch <name>
2025-04-16T08:24:05.3119036Z hint:
2025-04-16T08:24:05.3120946Z hint: Names commonly chosen instead of 'master' are 'main', 'trunk' and
2025-04-16T08:24:05.3124079Z hint: 'development'. The just-created branch can be renamed via this command:
2025-04-16T08:24:05.3126804Z hint:
2025-04-16T08:24:05.3128494Z hint: 	git branch -m <name>
2025-04-16T08:24:05.3131373Z Initialized empty Git repository in /home/runner/work/date-night-app2/date-night-app2/.git/
2025-04-16T08:24:05.3138184Z [command]/usr/bin/git remote add origin https://github.com/mrkurger/date-night-app2
2025-04-16T08:24:05.3179215Z ##[endgroup]
2025-04-16T08:24:05.3182618Z ##[group]Disabling automatic garbage collection
2025-04-16T08:24:05.3184878Z [command]/usr/bin/git config --local gc.auto 0
2025-04-16T08:24:05.3224241Z ##[endgroup]
2025-04-16T08:24:05.3226538Z ##[group]Setting up auth
2025-04-16T08:24:05.3229227Z [command]/usr/bin/git config --local --name-only --get-regexp core\.sshCommand
2025-04-16T08:24:05.3263660Z [command]/usr/bin/git submodule foreach --recursive sh -c "git config --local --name-only --get-regexp 'core\.sshCommand' && git config --local --unset-all 'core.sshCommand' || :"
2025-04-16T08:24:05.3636327Z [command]/usr/bin/git config --local --name-only --get-regexp http\.https\:\/\/github\.com\/\.extraheader
2025-04-16T08:24:05.3674859Z [command]/usr/bin/git submodule foreach --recursive sh -c "git config --local --name-only --get-regexp 'http\.https\:\/\/github\.com\/\.extraheader' && git config --local --unset-all 'http.https://github.com/.extraheader' || :"
2025-04-16T08:24:05.3929068Z [command]/usr/bin/git config --local http.https://github.com/.extraheader AUTHORIZATION: basic ***
2025-04-16T08:24:05.3989923Z ##[endgroup]
2025-04-16T08:24:05.3994353Z ##[group]Fetching the repository
2025-04-16T08:24:05.4015081Z [command]/usr/bin/git -c protocol.version=2 fetch --no-tags --prune --no-recurse-submodules --depth=1 origin +8674784e209ab5365fe43c6931c8acf289875407:refs/remotes/origin/main
2025-04-16T08:24:08.0296331Z From https://github.com/mrkurger/date-night-app2
2025-04-16T08:24:08.0297209Z  * [new ref]         8674784e209ab5365fe43c6931c8acf289875407 -> origin/main
2025-04-16T08:24:08.0344565Z ##[endgroup]
2025-04-16T08:24:08.0345257Z ##[group]Determining the checkout info
2025-04-16T08:24:08.0345982Z ##[endgroup]
2025-04-16T08:24:08.0351481Z [command]/usr/bin/git sparse-checkout disable
2025-04-16T08:24:08.0409956Z [command]/usr/bin/git config --local --unset-all extensions.worktreeConfig
2025-04-16T08:24:08.0457842Z ##[group]Checking out the ref
2025-04-16T08:24:08.0459160Z [command]/usr/bin/git checkout --progress --force -B main refs/remotes/origin/main
2025-04-16T08:24:08.4811267Z Switched to a new branch 'main'
2025-04-16T08:24:08.4836347Z branch 'main' set up to track 'origin/main'.
2025-04-16T08:24:08.4840235Z ##[endgroup]
2025-04-16T08:24:08.4887513Z [command]/usr/bin/git log -1 --format=%H
2025-04-16T08:24:08.4925092Z 8674784e209ab5365fe43c6931c8acf289875407
2025-04-16T08:24:08.5182652Z ##[group]Run actions/setup-node@v4
2025-04-16T08:24:08.5182937Z with:
2025-04-16T08:24:08.5183110Z   node-version: 22.x
2025-04-16T08:24:08.5183300Z   cache: npm
2025-04-16T08:24:08.5183550Z   cache-dependency-path: client-angular/package-lock.json
2025-04-16T08:24:08.5183857Z   always-auth: false
2025-04-16T08:24:08.5184049Z   check-latest: false
2025-04-16T08:24:08.5184584Z   token: ***
2025-04-16T08:24:08.5184758Z ##[endgroup]
2025-04-16T08:24:08.6909551Z Found in cache @ /opt/hostedtoolcache/node/22.14.0/x64
2025-04-16T08:24:08.6912772Z ##[group]Environment details
2025-04-16T08:24:09.1779051Z node: v22.14.0
2025-04-16T08:24:09.1779891Z npm: 10.9.2
2025-04-16T08:24:09.1792756Z yarn: 1.22.22
2025-04-16T08:24:09.1793526Z ##[endgroup]
2025-04-16T08:24:09.1825334Z [command]/opt/hostedtoolcache/node/22.14.0/x64/bin/npm config get cache
2025-04-16T08:24:09.3497773Z /home/runner/.npm
2025-04-16T08:24:09.4673452Z Cache hit for: node-cache-Linux-x64-npm-eed186788acb99c392cc79891935d042040413390720b7932c16d8b7ca478e8b
2025-04-16T08:24:10.0045138Z Received 69351304 of 69351304 (100.0%), 133.3 MBs/sec
2025-04-16T08:24:10.0048986Z Cache Size: ~66 MB (69351304 B)
2025-04-16T08:24:10.0087478Z [command]/usr/bin/tar -xf /home/runner/work/_temp/7c421c55-495b-44d2-a72d-a28fa86d129f/cache.tzst -P -C /home/runner/work/date-night-app2/date-night-app2 --use-compress-program unzstd
2025-04-16T08:24:10.3203806Z Cache restored successfully
2025-04-16T08:24:10.3352749Z Cache restored from key: node-cache-Linux-x64-npm-eed186788acb99c392cc79891935d042040413390720b7932c16d8b7ca478e8b
2025-04-16T08:24:10.3511952Z ##[group]Run npm ci
2025-04-16T08:24:10.3512234Z [36;1mnpm ci[0m
2025-04-16T08:24:10.3564820Z shell: /usr/bin/bash -e {0}
2025-04-16T08:24:10.3565072Z ##[endgroup]
2025-04-16T08:24:17.1202130Z npm warn deprecated inflight@1.0.6: This module is not supported, and leaks memory. Do not use it. Check out lru-cache if you want a good and tested way to coalesce async requests by a key value, which is much more comprehensive and powerful.
2025-04-16T08:24:17.5671082Z npm warn deprecated rimraf@3.0.2: Rimraf versions prior to v4 are no longer supported
2025-04-16T08:24:17.6210871Z npm warn deprecated abab@2.0.6: Use your platform's native atob() and btoa() methods instead
2025-04-16T08:24:17.9339798Z npm warn deprecated glob@7.2.3: Glob versions prior to v9 are no longer supported
2025-04-16T08:24:18.1965996Z npm warn deprecated domexception@4.0.0: Use your platform's native DOMException instead
2025-04-16T08:24:19.2098595Z npm warn deprecated @humanwhocodes/object-schema@2.0.3: Use @eslint/object-schema instead
2025-04-16T08:24:19.2706601Z npm warn deprecated @humanwhocodes/config-array@0.11.14: Use @eslint/config-array instead
2025-04-16T08:24:22.5288865Z npm warn deprecated eslint@8.56.0: This version is no longer supported. Please see https://eslint.org/version-support for other options.
2025-04-16T08:24:35.6494232Z 
2025-04-16T08:24:35.6495390Z > date-night-app@1.0.0 prepare
2025-04-16T08:24:35.6516514Z > husky
2025-04-16T08:24:35.6516720Z 
2025-04-16T08:24:35.6642671Z sh: 1: husky: not found
2025-04-16T08:24:35.6679456Z npm error code 127
2025-04-16T08:24:35.6680177Z npm error path /home/runner/work/date-night-app2/date-night-app2
2025-04-16T08:24:35.6680857Z npm error command failed
2025-04-16T08:24:35.6681328Z npm error command sh -c husky
2025-04-16T08:24:35.6699695Z npm error A complete log of this run can be found in: /home/runner/.npm/_logs/2025-04-16T08_24_10_416Z-debug-0.log
2025-04-16T08:24:35.7659815Z ##[error]Process completed with exit code 127.
2025-04-16T08:24:35.7745594Z ##[group]Run actions/upload-artifact@v4
2025-04-16T08:24:35.7745866Z with:
2025-04-16T08:24:35.7746040Z   name: test-results
2025-04-16T08:24:35.7746253Z   path: ./client-angular/coverage
2025-04-16T08:24:35.7746485Z   if-no-files-found: warn
2025-04-16T08:24:35.7746696Z   compression-level: 6
2025-04-16T08:24:35.7746891Z   overwrite: false
2025-04-16T08:24:35.7747077Z   include-hidden-files: false
2025-04-16T08:24:35.7747298Z ##[endgroup]
2025-04-16T08:24:35.9986042Z ##[warning]No files were found with the provided path: ./client-angular/coverage. No artifacts will be uploaded.
2025-04-16T08:24:36.0145647Z Post job cleanup.
2025-04-16T08:24:36.1091397Z [command]/usr/bin/git version
2025-04-16T08:24:36.1131652Z git version 2.49.0
2025-04-16T08:24:36.1176710Z Temporarily overriding HOME='/home/runner/work/_temp/05d9bd5c-ee32-46af-b247-769f365ab32e' before making global git config changes
2025-04-16T08:24:36.1179206Z Adding repository directory to the temporary git global config as a safe directory
2025-04-16T08:24:36.1185160Z [command]/usr/bin/git config --global --add safe.directory /home/runner/work/date-night-app2/date-night-app2
2025-04-16T08:24:36.1228655Z [command]/usr/bin/git config --local --name-only --get-regexp core\.sshCommand
2025-04-16T08:24:36.1265457Z [command]/usr/bin/git submodule foreach --recursive sh -c "git config --local --name-only --get-regexp 'core\.sshCommand' && git config --local --unset-all 'core.sshCommand' || :"
2025-04-16T08:24:36.1509726Z [command]/usr/bin/git config --local --name-only --get-regexp http\.https\:\/\/github\.com\/\.extraheader
2025-04-16T08:24:36.1533722Z http.https://github.com/.extraheader
2025-04-16T08:24:36.1549775Z [command]/usr/bin/git config --local --unset-all http.https://github.com/.extraheader
2025-04-16T08:24:36.1585154Z [command]/usr/bin/git submodule foreach --recursive sh -c "git config --local --name-only --get-regexp 'http\.https\:\/\/github\.com\/\.extraheader' && git config --local --unset-all 'http.https://github.com/.extraheader' || :"
2025-04-16T08:24:36.1927697Z Cleaning up orphan processes
