2025-04-17T01:08:24.9480944Z Current runner version: '2.323.0'
2025-04-17T01:08:24.9515540Z ##[group]Operating System
2025-04-17T01:08:24.9516786Z Ubuntu
2025-04-17T01:08:24.9517561Z 24.04.2
2025-04-17T01:08:24.9518350Z LTS
2025-04-17T01:08:24.9519039Z ##[endgroup]
2025-04-17T01:08:24.9520023Z ##[group]Runner Image
2025-04-17T01:08:24.9520964Z Image: ubuntu-24.04
2025-04-17T01:08:24.9521920Z Version: 20250413.1.0
2025-04-17T01:08:24.9524200Z Included Software: https://github.com/actions/runner-images/blob/ubuntu24/20250413.1/images/ubuntu/Ubuntu2404-Readme.md
2025-04-17T01:08:24.9526718Z Image Release: https://github.com/actions/runner-images/releases/tag/ubuntu24%2F20250413.1
2025-04-17T01:08:24.9528257Z ##[endgroup]
2025-04-17T01:08:24.9529268Z ##[group]Runner Image Provisioner
2025-04-17T01:08:24.9530354Z 2.0.422.1
2025-04-17T01:08:24.9531105Z ##[endgroup]
2025-04-17T01:08:24.9533148Z ##[group]GITHUB_TOKEN Permissions
2025-04-17T01:08:24.9535833Z Actions: read
2025-04-17T01:08:24.9536440Z Contents: write
2025-04-17T01:08:24.9537107Z Metadata: read
2025-04-17T01:08:24.9537690Z ##[endgroup]
2025-04-17T01:08:24.9540030Z Secret source: Actions
2025-04-17T01:08:24.9540991Z Prepare workflow directory
2025-04-17T01:08:25.0209196Z Prepare all required actions
2025-04-17T01:08:25.0295834Z Getting action download info
2025-04-17T01:08:25.5781242Z ##[group]Download immutable action package 'actions/checkout@v4'
2025-04-17T01:08:25.5782230Z Version: 4.2.2
2025-04-17T01:08:25.5783157Z Digest: sha256:ccb2698953eaebd21c7bf6268a94f9c26518a7e38e27e0b83c1fe1ad049819b1
2025-04-17T01:08:25.5784783Z Source commit SHA: 11bd71901bbe5b1630ceea73d27597364c9af683
2025-04-17T01:08:25.5785509Z ##[endgroup]
2025-04-17T01:08:25.6684431Z ##[group]Download immutable action package 'actions/setup-node@v4'
2025-04-17T01:08:25.6685295Z Version: 4.4.0
2025-04-17T01:08:25.6686036Z Digest: sha256:9427cefe82346e992fb5b949e3569b39d537ae41aa3086483b14eceebfc16bc1
2025-04-17T01:08:25.6687004Z Source commit SHA: 49933ea5288caeca8642d1e84afbd3f7d6820020
2025-04-17T01:08:25.6687728Z ##[endgroup]
2025-04-17T01:08:26.2287530Z Complete job name: sync-error-logs
2025-04-17T01:08:26.2915869Z ##[group]Run actions/checkout@v4
2025-04-17T01:08:26.2916666Z with:
2025-04-17T01:08:26.2917035Z   fetch-depth: 0
2025-04-17T01:08:26.2917454Z   repository: mrkurger/date-night-app2
2025-04-17T01:08:26.2918101Z   token: ***
2025-04-17T01:08:26.2918468Z   ssh-strict: true
2025-04-17T01:08:26.2918850Z   ssh-user: git
2025-04-17T01:08:26.2919231Z   persist-credentials: true
2025-04-17T01:08:26.2919661Z   clean: true
2025-04-17T01:08:26.2920037Z   sparse-checkout-cone-mode: true
2025-04-17T01:08:26.2920504Z   fetch-tags: false
2025-04-17T01:08:26.2920888Z   show-progress: true
2025-04-17T01:08:26.2921268Z   lfs: false
2025-04-17T01:08:26.2921621Z   submodules: false
2025-04-17T01:08:26.2922012Z   set-safe-directory: true
2025-04-17T01:08:26.2922616Z env:
2025-04-17T01:08:26.2922946Z   CI: true
2025-04-17T01:08:26.2923286Z ##[endgroup]
2025-04-17T01:08:26.5677719Z Syncing repository: mrkurger/date-night-app2
2025-04-17T01:08:26.5680409Z ##[group]Getting Git version info
2025-04-17T01:08:26.5681804Z Working directory is '/home/runner/work/date-night-app2/date-night-app2'
2025-04-17T01:08:26.5707261Z [command]/usr/bin/git version
2025-04-17T01:08:26.5778580Z git version 2.49.0
2025-04-17T01:08:26.5813149Z ##[endgroup]
2025-04-17T01:08:26.5830539Z Temporarily overriding HOME='/home/runner/work/_temp/b27e6b89-cb90-4303-b439-1e9e8ea66bd9' before making global git config changes
2025-04-17T01:08:26.5834330Z Adding repository directory to the temporary git global config as a safe directory
2025-04-17T01:08:26.5849296Z [command]/usr/bin/git config --global --add safe.directory /home/runner/work/date-night-app2/date-night-app2
2025-04-17T01:08:26.5890375Z Deleting the contents of '/home/runner/work/date-night-app2/date-night-app2'
2025-04-17T01:08:26.5895253Z ##[group]Initializing the repository
2025-04-17T01:08:26.5900816Z [command]/usr/bin/git init /home/runner/work/date-night-app2/date-night-app2
2025-04-17T01:08:26.6006074Z hint: Using 'master' as the name for the initial branch. This default branch name
2025-04-17T01:08:26.6008093Z hint: is subject to change. To configure the initial branch name to use in all
2025-04-17T01:08:26.6009633Z hint: of your new repositories, which will suppress this warning, call:
2025-04-17T01:08:26.6010793Z hint:
2025-04-17T01:08:26.6011512Z hint: 	git config --global init.defaultBranch <name>
2025-04-17T01:08:26.6012395Z hint:
2025-04-17T01:08:26.6013222Z hint: Names commonly chosen instead of 'master' are 'main', 'trunk' and
2025-04-17T01:08:26.6014905Z hint: 'development'. The just-created branch can be renamed via this command:
2025-04-17T01:08:26.6016058Z hint:
2025-04-17T01:08:26.6016633Z hint: 	git branch -m <name>
2025-04-17T01:08:26.6021357Z Initialized empty Git repository in /home/runner/work/date-night-app2/date-night-app2/.git/
2025-04-17T01:08:26.6035312Z [command]/usr/bin/git remote add origin https://github.com/mrkurger/date-night-app2
2025-04-17T01:08:26.6075564Z ##[endgroup]
2025-04-17T01:08:26.6077263Z ##[group]Disabling automatic garbage collection
2025-04-17T01:08:26.6080211Z [command]/usr/bin/git config --local gc.auto 0
2025-04-17T01:08:26.6114185Z ##[endgroup]
2025-04-17T01:08:26.6116374Z ##[group]Setting up auth
2025-04-17T01:08:26.6125778Z [command]/usr/bin/git config --local --name-only --get-regexp core\.sshCommand
2025-04-17T01:08:26.6159055Z [command]/usr/bin/git submodule foreach --recursive sh -c "git config --local --name-only --get-regexp 'core\.sshCommand' && git config --local --unset-all 'core.sshCommand' || :"
2025-04-17T01:08:26.6551842Z [command]/usr/bin/git config --local --name-only --get-regexp http\.https\:\/\/github\.com\/\.extraheader
2025-04-17T01:08:26.6585340Z [command]/usr/bin/git submodule foreach --recursive sh -c "git config --local --name-only --get-regexp 'http\.https\:\/\/github\.com\/\.extraheader' && git config --local --unset-all 'http.https://github.com/.extraheader' || :"
2025-04-17T01:08:26.6822191Z [command]/usr/bin/git config --local http.https://github.com/.extraheader AUTHORIZATION: basic ***
2025-04-17T01:08:26.6869987Z ##[endgroup]
2025-04-17T01:08:26.6871792Z ##[group]Fetching the repository
2025-04-17T01:08:26.6881615Z [command]/usr/bin/git -c protocol.version=2 fetch --prune --no-recurse-submodules origin +refs/heads/*:refs/remotes/origin/* +refs/tags/*:refs/tags/*
2025-04-17T01:08:35.1567085Z From https://github.com/mrkurger/date-night-app2
2025-04-17T01:08:35.1568787Z  * [new branch]      main       -> origin/main
2025-04-17T01:08:35.1605273Z [command]/usr/bin/git branch --list --remote origin/main
2025-04-17T01:08:35.1625934Z   origin/main
2025-04-17T01:08:35.1639588Z [command]/usr/bin/git rev-parse refs/remotes/origin/main
2025-04-17T01:08:35.1667675Z 673a121a755df0562430adbf5e4288b099a6fa7a
2025-04-17T01:08:35.1678505Z [command]/usr/bin/git -c protocol.version=2 fetch --no-tags --prune --no-recurse-submodules origin +3c2a9f17d1d13c599433d1dfa8417b82dd956709:refs/remotes/origin/main
2025-04-17T01:08:35.4237481Z From https://github.com/mrkurger/date-night-app2
2025-04-17T01:08:35.4239327Z  + 673a121...3c2a9f1 3c2a9f17d1d13c599433d1dfa8417b82dd956709 -> origin/main  (forced update)
2025-04-17T01:08:35.4284998Z ##[endgroup]
2025-04-17T01:08:35.4285758Z ##[group]Determining the checkout info
2025-04-17T01:08:35.4289666Z ##[endgroup]
2025-04-17T01:08:35.4298069Z [command]/usr/bin/git sparse-checkout disable
2025-04-17T01:08:35.4341939Z [command]/usr/bin/git config --local --unset-all extensions.worktreeConfig
2025-04-17T01:08:35.4374711Z ##[group]Checking out the ref
2025-04-17T01:08:35.4377460Z [command]/usr/bin/git checkout --progress --force -B main refs/remotes/origin/main
2025-04-17T01:08:35.8164308Z Switched to a new branch 'main'
2025-04-17T01:08:35.8193167Z branch 'main' set up to track 'origin/main'.
2025-04-17T01:08:35.8208041Z ##[endgroup]
2025-04-17T01:08:35.8285210Z [command]/usr/bin/git log -1 --format=%H
2025-04-17T01:08:35.8323557Z 3c2a9f17d1d13c599433d1dfa8417b82dd956709
2025-04-17T01:08:35.8560299Z ##[group]Run actions/setup-node@v4
2025-04-17T01:08:35.8560761Z with:
2025-04-17T01:08:35.8560943Z   node-version: 22.x
2025-04-17T01:08:35.8561139Z   always-auth: false
2025-04-17T01:08:35.8561340Z   check-latest: false
2025-04-17T01:08:35.8561668Z   token: ***
2025-04-17T01:08:35.8561837Z env:
2025-04-17T01:08:35.8562001Z   CI: true
2025-04-17T01:08:35.8562174Z ##[endgroup]
2025-04-17T01:08:36.0306828Z Found in cache @ /opt/hostedtoolcache/node/22.14.0/x64
2025-04-17T01:08:36.0314673Z ##[group]Environment details
2025-04-17T01:08:36.5078983Z node: v22.14.0
2025-04-17T01:08:36.5080189Z npm: 10.9.2
2025-04-17T01:08:36.5081893Z yarn: 1.22.22
2025-04-17T01:08:36.5082890Z ##[endgroup]
2025-04-17T01:08:36.5196020Z ##[group]Run npm install @octokit/rest@19.0.13 fs-extra@11.2.0
2025-04-17T01:08:36.5196464Z [36;1mnpm install @octokit/rest@19.0.13 fs-extra@11.2.0[0m
2025-04-17T01:08:36.5248146Z shell: /usr/bin/bash -e {0}
2025-04-17T01:08:36.5248404Z env:
2025-04-17T01:08:36.5248566Z   CI: true
2025-04-17T01:08:36.5248745Z ##[endgroup]
2025-04-17T01:08:41.9906885Z npm warn deprecated xss-clean@0.1.4: Package no longer supported. Contact Support at https://www.npmjs.com/support for more info.
2025-04-17T01:08:43.1733483Z npm warn deprecated rimraf@3.0.2: Rimraf versions prior to v4 are no longer supported
2025-04-17T01:08:43.8672775Z npm warn deprecated passport-reddit@1.1.0: While functionally complete, this library will not be receiving any updates going forwards. Users are actively discouraged from using OAuth2 for authentication. See archival notice on github for more details.
2025-04-17T01:08:44.3065381Z npm warn deprecated npmlog@5.0.1: This package is no longer supported.
2025-04-17T01:08:44.6794814Z npm warn deprecated superagent@8.1.2: Please upgrade to v9.0.0+ as we have fixed a public vulnerability with formidable dependency. Note that v9.0.0+ requires Node.js v14.18.0+. See https://github.com/ladjs/superagent/pull/1800 for insight. This project is supported and maintained by the team at Forward Email @ https://forwardemail.net
2025-04-17T01:08:45.4694892Z npm warn deprecated inflight@1.0.6: This module is not supported, and leaks memory. Do not use it. Check out lru-cache if you want a good and tested way to coalesce async requests by a key value, which is much more comprehensive and powerful.
2025-04-17T01:08:45.8965137Z npm warn deprecated glob@7.2.3: Glob versions prior to v9 are no longer supported
2025-04-17T01:08:46.3394049Z npm warn deprecated gauge@3.0.2: This package is no longer supported.
2025-04-17T01:08:46.8282225Z npm warn deprecated domexception@4.0.0: Use your platform's native DOMException instead
2025-04-17T01:08:47.9688705Z npm warn deprecated are-we-there-yet@2.0.0: This package is no longer supported.
2025-04-17T01:08:48.0602011Z npm warn deprecated abab@2.0.6: Use your platform's native atob() and btoa() methods instead
2025-04-17T01:08:49.4186958Z npm warn deprecated @humanwhocodes/config-array@0.11.14: Use @eslint/config-array instead
2025-04-17T01:08:49.4196051Z npm warn deprecated @humanwhocodes/object-schema@2.0.3: Use @eslint/object-schema instead
2025-04-17T01:08:56.3727756Z npm warn deprecated eslint@8.56.0: This version is no longer supported. Please see https://eslint.org/version-support for other options.
2025-04-17T01:08:56.3855212Z npm warn deprecated eslint@8.56.0: This version is no longer supported. Please see https://eslint.org/version-support for other options.
2025-04-17T01:09:19.9550557Z 
2025-04-17T01:09:19.9551417Z added 1921 packages, and audited 1924 packages in 43s
2025-04-17T01:09:19.9552120Z 
2025-04-17T01:09:19.9558392Z 354 packages are looking for funding
2025-04-17T01:09:19.9558896Z   run `npm fund` for details
2025-04-17T01:09:19.9642978Z 
2025-04-17T01:09:19.9645748Z 6 moderate severity vulnerabilities
2025-04-17T01:09:19.9654750Z 
2025-04-17T01:09:19.9655182Z To address issues that do not require attention, run:
2025-04-17T01:09:19.9655738Z   npm audit fix
2025-04-17T01:09:19.9655956Z 
2025-04-17T01:09:19.9657632Z To address all issues (including breaking changes), run:
2025-04-17T01:09:19.9662695Z   npm audit fix --force
2025-04-17T01:09:19.9662967Z 
2025-04-17T01:09:19.9663196Z Run `npm audit` for details.
2025-04-17T01:09:20.0433045Z ##[group]Run cat > fetch-workflow-logs.js << 'EOF'
2025-04-17T01:09:20.0434117Z [36;1mcat > fetch-workflow-logs.js << 'EOF'[0m
2025-04-17T01:09:20.0493863Z [36;1mconst { Octokit } = require('@octokit/rest');[0m
2025-04-17T01:09:20.0494417Z [36;1mconst fs = require('fs-extra');[0m
2025-04-17T01:09:20.0494835Z [36;1mconst path = require('path');[0m
2025-04-17T01:09:20.0495225Z [36;1m[0m
2025-04-17T01:09:20.0495596Z [36;1masync function main() {[0m
2025-04-17T01:09:20.0496083Z [36;1m  const owner = process.env.REPO_OWNER;[0m
2025-04-17T01:09:20.0496629Z [36;1m  const repo = process.env.REPO_NAME;[0m
2025-04-17T01:09:20.0497206Z [36;1m  const logsDir = path.join('workflow-error-logs');[0m
2025-04-17T01:09:20.0497679Z [36;1m  [0m
2025-04-17T01:09:20.0498115Z [36;1m  console.log(`Fetching workflow logs for ${owner}/${repo}`);[0m
2025-04-17T01:09:20.0498688Z [36;1m  [0m
2025-04-17T01:09:20.0499136Z [36;1m  // Create logs directory if it doesn't exist[0m
2025-04-17T01:09:20.0499668Z [36;1m  await fs.ensureDir(logsDir);[0m
2025-04-17T01:09:20.0500071Z [36;1m  [0m
2025-04-17T01:09:20.0500423Z [36;1m  const octokit = new Octokit({[0m
2025-04-17T01:09:20.0500888Z [36;1m    auth: process.env.GITHUB_TOKEN,[0m
2025-04-17T01:09:20.0501331Z [36;1m    request: {[0m
2025-04-17T01:09:20.0501685Z [36;1m      retries: 3,[0m
2025-04-17T01:09:20.0502067Z [36;1m      retryAfter: 1[0m
2025-04-17T01:09:20.0502464Z [36;1m    }[0m
2025-04-17T01:09:20.0502751Z [36;1m  });[0m
2025-04-17T01:09:20.0503055Z [36;1m  [0m
2025-04-17T01:09:20.0503344Z [36;1m  // Get all workflows[0m
2025-04-17T01:09:20.0504130Z [36;1m  const { data: workflows } = await octokit.actions.listRepoWorkflows({[0m
2025-04-17T01:09:20.0504797Z [36;1m    owner,[0m
2025-04-17T01:09:20.0505118Z [36;1m    repo,[0m
2025-04-17T01:09:20.0505418Z [36;1m  });[0m
2025-04-17T01:09:20.0505734Z [36;1m  [0m
2025-04-17T01:09:20.0506086Z [36;1m  // Get recent workflow runs (last 30 days)[0m
2025-04-17T01:09:20.0506580Z [36;1m  const thirtyDaysAgo = new Date();[0m
2025-04-17T01:09:20.0507210Z [36;1m  thirtyDaysAgo.setDate(thirtyDaysAgo.getDate() - 30);[0m
2025-04-17T01:09:20.0507708Z [36;1m  [0m
2025-04-17T01:09:20.0508074Z [36;1m  for (const workflow of workflows.workflows) {[0m
2025-04-17T01:09:20.0508751Z [36;1m    console.log(`Processing workflow: ${workflow.name} (${workflow.id})`);[0m
2025-04-17T01:09:20.0509373Z [36;1m    [0m
2025-04-17T01:09:20.0509680Z [36;1m    try {[0m
2025-04-17T01:09:20.0510223Z [36;1m      const { data: runs } = await octokit.actions.listWorkflowRuns({[0m
2025-04-17T01:09:20.0510796Z [36;1m        owner,[0m
2025-04-17T01:09:20.0511120Z [36;1m        repo,[0m
2025-04-17T01:09:20.0511486Z [36;1m        workflow_id: workflow.id,[0m
2025-04-17T01:09:20.0512091Z [36;1m        created: `>=${thirtyDaysAgo.toISOString().split('T')[0]}`,[0m
2025-04-17T01:09:20.0512647Z [36;1m      });[0m
2025-04-17T01:09:20.0513293Z [36;1m      [0m
2025-04-17T01:09:20.0513824Z [36;1m      // Process failed runs[0m
2025-04-17T01:09:20.0514341Z [36;1m      const failedRuns = runs.workflow_runs.filter(run => [0m
2025-04-17T01:09:20.0515104Z [36;1m        run.conclusion === 'failure' || run.conclusion === 'cancelled' || run.conclusion === 'timed_out'[0m
2025-04-17T01:09:20.0515729Z [36;1m      );[0m
2025-04-17T01:09:20.0515901Z [36;1m      [0m
2025-04-17T01:09:20.0516229Z [36;1m      console.log(`Found ${failedRuns.length} failed runs for ${workflow.name}`);[0m
2025-04-17T01:09:20.0516590Z [36;1m      [0m
2025-04-17T01:09:20.0516781Z [36;1m      for (const run of failedRuns) {[0m
2025-04-17T01:09:20.0517133Z [36;1m        const runDate = new Date(run.created_at).toISOString().split('T')[0];[0m
2025-04-17T01:09:20.0517673Z [36;1m        const workflowDir = path.join(logsDir, workflow.name.replace(/[^a-zA-Z0-9]/g, '-').toLowerCase());[0m
2025-04-17T01:09:20.0518426Z [36;1m        const runDir = path.join(workflowDir, `${runDate}_${run.id}`);[0m
2025-04-17T01:09:20.0518888Z [36;1m        [0m
2025-04-17T01:09:20.0519095Z [36;1m        await fs.ensureDir(runDir);[0m
2025-04-17T01:09:20.0519335Z [36;1m        [0m
2025-04-17T01:09:20.0519529Z [36;1m        // Save run metadata[0m
2025-04-17T01:09:20.0520135Z [36;1m        await fs.writeJson(path.join(runDir, 'metadata.json'), run, { spaces: 2 });[0m
2025-04-17T01:09:20.0520571Z [36;1m        [0m
2025-04-17T01:09:20.0520739Z [36;1m        try {[0m
2025-04-17T01:09:20.0521189Z [36;1m          // Get jobs for this run[0m
2025-04-17T01:09:20.0521691Z [36;1m          const { data: jobs } = await octokit.actions.listJobsForWorkflowRun({[0m
2025-04-17T01:09:20.0522047Z [36;1m            owner,[0m
2025-04-17T01:09:20.0522312Z [36;1m            repo,[0m
2025-04-17T01:09:20.0522520Z [36;1m            run_id: run.id,[0m
2025-04-17T01:09:20.0522733Z [36;1m          });[0m
2025-04-17T01:09:20.0522925Z [36;1m          [0m
2025-04-17T01:09:20.0523285Z [36;1m          // Save jobs metadata[0m
2025-04-17T01:09:20.0523958Z [36;1m          await fs.writeJson(path.join(runDir, 'jobs.json'), jobs, { spaces: 2 });[0m
2025-04-17T01:09:20.0524313Z [36;1m          [0m
2025-04-17T01:09:20.0524501Z [36;1m          // Process each job[0m
2025-04-17T01:09:20.0524762Z [36;1m          for (const job of jobs.jobs) {[0m
2025-04-17T01:09:20.0525238Z [36;1m            if (job.conclusion === 'failure' || job.conclusion === 'cancelled' || job.conclusion === 'timed_out') {[0m
2025-04-17T01:09:20.0525793Z [36;1m              const jobDir = path.join(runDir, job.name.replace(/[^a-zA-Z0-9]/g, '-').toLowerCase());[0m
2025-04-17T01:09:20.0526195Z [36;1m              await fs.ensureDir(jobDir);[0m
2025-04-17T01:09:20.0526435Z [36;1m              [0m
2025-04-17T01:09:20.0526642Z [36;1m              // Save job metadata[0m
2025-04-17T01:09:20.0527008Z [36;1m              await fs.writeJson(path.join(jobDir, 'job-metadata.json'), job, { spaces: 2 });[0m
2025-04-17T01:09:20.0527378Z [36;1m              [0m
2025-04-17T01:09:20.0527572Z [36;1m              try {[0m
2025-04-17T01:09:20.0527777Z [36;1m                // Get job logs[0m
2025-04-17T01:09:20.0528122Z [36;1m                const logs = await octokit.actions.downloadJobLogsForWorkflowRun({[0m
2025-04-17T01:09:20.0528459Z [36;1m                  owner,[0m
2025-04-17T01:09:20.0528675Z [36;1m                  repo,[0m
2025-04-17T01:09:20.0528893Z [36;1m                  job_id: job.id,[0m
2025-04-17T01:09:20.0529120Z [36;1m                });[0m
2025-04-17T01:09:20.0529317Z [36;1m                [0m
2025-04-17T01:09:20.0529509Z [36;1m                // Save logs[0m
2025-04-17T01:09:20.0529818Z [36;1m                await fs.writeFile(path.join(jobDir, 'logs.txt'), logs.data);[0m
2025-04-17T01:09:20.0530206Z [36;1m                console.log(`Saved logs for job ${job.name} (${job.id})`);[0m
2025-04-17T01:09:20.0530541Z [36;1m              } catch (error) {[0m
2025-04-17T01:09:20.0530897Z [36;1m                console.error(`Error fetching logs for job ${job.id}: ${error.message}`);[0m
2025-04-17T01:09:20.0531421Z [36;1m                await fs.writeFile(path.join(jobDir, 'error.txt'), `Error fetching logs: ${error.message}`);[0m
2025-04-17T01:09:20.0531809Z [36;1m              }[0m
2025-04-17T01:09:20.0531990Z [36;1m            }[0m
2025-04-17T01:09:20.0532172Z [36;1m          }[0m
2025-04-17T01:09:20.0532358Z [36;1m        } catch (error) {[0m
2025-04-17T01:09:20.0532681Z [36;1m          console.error(`Error processing run ${run.id}: ${error.message}`);[0m
2025-04-17T01:09:20.0533175Z [36;1m          await fs.writeFile(path.join(runDir, 'error.txt'), `Error processing run: ${error.message}`);[0m
2025-04-17T01:09:20.0533555Z [36;1m        }[0m
2025-04-17T01:09:20.0533984Z [36;1m      }[0m
2025-04-17T01:09:20.0534161Z [36;1m    } catch (error) {[0m
2025-04-17T01:09:20.0534507Z [36;1m      console.error(`Error processing workflow ${workflow.id}: ${error.message}`);[0m
2025-04-17T01:09:20.0535043Z [36;1m    }[0m
2025-04-17T01:09:20.0535326Z [36;1m  }[0m
2025-04-17T01:09:20.0535485Z [36;1m  [0m
2025-04-17T01:09:20.0535657Z [36;1m  // Create summary file[0m
2025-04-17T01:09:20.0535879Z [36;1m  const summary = {[0m
2025-04-17T01:09:20.0536106Z [36;1m    timestamp: new Date().toISOString(),[0m
2025-04-17T01:09:20.0536409Z [36;1m    totalWorkflows: workflows.workflows.length,[0m
2025-04-17T01:09:20.0536738Z [36;1m    workflowSummary: workflows.workflows.map(w => ({[0m
2025-04-17T01:09:20.0537021Z [36;1m      name: w.name,[0m
2025-04-17T01:09:20.0537216Z [36;1m      id: w.id,[0m
2025-04-17T01:09:20.0537417Z [36;1m      path: w.path,[0m
2025-04-17T01:09:20.0537862Z [36;1m    })),[0m
2025-04-17T01:09:20.0538037Z [36;1m  };[0m
2025-04-17T01:09:20.0538196Z [36;1m  [0m
2025-04-17T01:09:20.0538496Z [36;1m  await fs.writeJson(path.join(logsDir, 'summary.json'), summary, { spaces: 2 });[0m
2025-04-17T01:09:20.0538933Z [36;1m  console.log('Workflow error logs sync completed');[0m
2025-04-17T01:09:20.0539211Z [36;1m}[0m
2025-04-17T01:09:20.0539371Z [36;1m[0m
2025-04-17T01:09:20.0539596Z [36;1mmain().catch(error => {[0m
2025-04-17T01:09:20.0539870Z [36;1m  console.error('Error in main process:', error);[0m
2025-04-17T01:09:20.0540152Z [36;1m  process.exit(1);[0m
2025-04-17T01:09:20.0540349Z [36;1m});[0m
2025-04-17T01:09:20.0540508Z [36;1mEOF[0m
2025-04-17T01:09:20.0540660Z [36;1m[0m
2025-04-17T01:09:20.0540838Z [36;1mnode fetch-workflow-logs.js[0m
2025-04-17T01:09:20.0590009Z shell: /usr/bin/bash -e {0}
2025-04-17T01:09:20.0590242Z env:
2025-04-17T01:09:20.0590406Z   CI: true
2025-04-17T01:09:20.0590783Z   GITHUB_TOKEN: ***
2025-04-17T01:09:20.0590987Z   REPO_OWNER: mrkurger
2025-04-17T01:09:20.0591191Z   REPO_NAME: date-night-app2
2025-04-17T01:09:20.0591399Z ##[endgroup]
2025-04-17T01:09:20.1418884Z Fetching workflow logs for mrkurger/date-night-app2
2025-04-17T01:09:20.3986991Z Processing workflow: Angular Tests (156396503)
2025-04-17T01:09:21.0142573Z Found 28 failed runs for Angular Tests
2025-04-17T01:09:21.4668219Z Saved logs for job e2e (22.x) (40689420093)
2025-04-17T01:09:21.6464325Z Saved logs for job test (22.x) (40689420097)
2025-04-17T01:09:22.2789514Z Saved logs for job test (22.x) (40674483684)
2025-04-17T01:09:22.5357635Z Saved logs for job e2e (22.x) (40674483730)
2025-04-17T01:09:23.1471598Z Saved logs for job e2e (22.x) (40671285255)
2025-04-17T01:09:23.2754854Z Saved logs for job test (22.x) (40671285283)
2025-04-17T01:09:23.9788144Z Saved logs for job e2e (22.x) (40665045272)
2025-04-17T01:09:24.1545007Z Saved logs for job test (22.x) (40665045274)
2025-04-17T01:09:24.6920176Z Saved logs for job test (22.x) (40664496095)
2025-04-17T01:09:25.0049392Z Saved logs for job e2e (22.x) (40664496108)
2025-04-17T01:09:25.5674209Z Saved logs for job e2e (22.x) (40663459721)
2025-04-17T01:09:25.7269221Z Saved logs for job test (22.x) (40663459733)
2025-04-17T01:09:26.3552136Z Saved logs for job e2e (22.x) (40662876861)
2025-04-17T01:09:26.5187304Z Saved logs for job test (22.x) (40662876876)
2025-04-17T01:09:26.8879325Z Saved logs for job e2e (22.x) (40662340818)
2025-04-17T01:09:27.0490740Z Saved logs for job test (22.x) (40662340822)
2025-04-17T01:09:27.6781075Z Saved logs for job test (22.x) (40660813802)
2025-04-17T01:09:27.9486711Z Saved logs for job e2e (22.x) (40660813807)
2025-04-17T01:09:28.5009924Z Saved logs for job e2e (22.x) (40659963795)
2025-04-17T01:09:28.6597373Z Saved logs for job test (22.x) (40659963797)
2025-04-17T01:09:28.8136834Z Saved logs for job lint (22.x) (40659963816)
2025-04-17T01:09:29.2646431Z Saved logs for job e2e (22.x) (40658470007)
2025-04-17T01:09:29.4078671Z Saved logs for job lint (22.x) (40658470023)
2025-04-17T01:09:29.5651568Z Saved logs for job test (22.x) (40658470025)
2025-04-17T01:09:30.0037116Z Saved logs for job test (22.x) (40656595432)
2025-04-17T01:09:30.1694106Z Saved logs for job e2e (22.x) (40656595450)
2025-04-17T01:09:30.3061963Z Saved logs for job lint (22.x) (40656595451)
2025-04-17T01:09:30.6793075Z Saved logs for job lint (22.x) (40648995689)
2025-04-17T01:09:30.8264892Z Saved logs for job e2e (22.x) (40648995690)
2025-04-17T01:09:30.9956396Z Saved logs for job test (22.x) (40648995699)
2025-04-17T01:09:31.4950556Z Saved logs for job test (22.x) (40648936041)
2025-04-17T01:09:31.6405188Z Saved logs for job lint (22.x) (40648936049)
2025-04-17T01:09:31.8102562Z Saved logs for job e2e (22.x) (40648936088)
2025-04-17T01:09:32.3327242Z Saved logs for job test (22.x) (40645363558)
2025-04-17T01:09:32.4643431Z Saved logs for job e2e (22.x) (40645363568)
2025-04-17T01:09:32.6249162Z Saved logs for job lint (22.x) (40645363582)
2025-04-17T01:09:33.1095718Z Saved logs for job test (22.x) (40642315715)
2025-04-17T01:09:33.2781542Z Saved logs for job e2e (22.x) (40642315733)
2025-04-17T01:09:33.4142768Z Saved logs for job lint (22.x) (40642315744)
2025-04-17T01:09:33.7935319Z Saved logs for job test (22.x) (40640408484)
2025-04-17T01:09:33.9389730Z Saved logs for job e2e (22.x) (40640408487)
2025-04-17T01:09:34.0776265Z Saved logs for job lint (22.x) (40640408495)
2025-04-17T01:09:34.4130337Z Saved logs for job test (22.x) (40639200761)
2025-04-17T01:09:34.5660401Z Saved logs for job e2e (22.x) (40639200762)
2025-04-17T01:09:34.7198832Z Saved logs for job lint (22.x) (40639200772)
2025-04-17T01:09:35.2676473Z Saved logs for job test (22.x) (40638434179)
2025-04-17T01:09:35.4221094Z Saved logs for job lint (22.x) (40638434180)
2025-04-17T01:09:35.5584595Z Saved logs for job e2e (22.x) (40638434197)
2025-04-17T01:09:35.8761458Z Saved logs for job test (22.x) (40638117917)
2025-04-17T01:09:36.0109448Z Saved logs for job e2e (22.x) (40638117918)
2025-04-17T01:09:36.1724350Z Saved logs for job lint (22.x) (40638117931)
2025-04-17T01:09:36.6593067Z Saved logs for job test (22.x) (40637222574)
2025-04-17T01:09:36.8009026Z Saved logs for job e2e (22.x) (40637222590)
2025-04-17T01:09:36.9403802Z Saved logs for job lint (22.x) (40637222627)
2025-04-17T01:09:37.4990130Z Saved logs for job e2e (22.x) (40636317713)
2025-04-17T01:09:37.6635353Z Saved logs for job test (22.x) (40636317717)
2025-04-17T01:09:37.8316792Z Saved logs for job lint (22.x) (40636317718)
2025-04-17T01:09:38.3187515Z Saved logs for job test (22.x) (40635520017)
2025-04-17T01:09:38.4596822Z Saved logs for job e2e (22.x) (40635520024)
2025-04-17T01:09:38.6216875Z Saved logs for job lint (22.x) (40635520025)
2025-04-17T01:09:39.1865640Z Saved logs for job e2e (22.x) (40631138588)
2025-04-17T01:09:39.3376188Z Saved logs for job test (22.x) (40631138593)
2025-04-17T01:09:39.7609891Z Saved logs for job test (22.x) (40628452555)
2025-04-17T01:09:39.9852415Z Saved logs for job e2e (22.x) (40628452573)
2025-04-17T01:09:40.6335057Z Saved logs for job test (22.x) (40625114143)
2025-04-17T01:09:40.8215822Z Saved logs for job e2e (22.x) (40625114153)
2025-04-17T01:09:41.2748971Z Saved logs for job e2e (22.x) (40623556700)
2025-04-17T01:09:41.4328523Z Saved logs for job test (22.x) (40623556710)
2025-04-17T01:09:41.9288104Z Saved logs for job e2e (22.x) (40623232672)
2025-04-17T01:09:42.0655525Z Saved logs for job test (22.x) (40623232677)
2025-04-17T01:09:42.0659533Z Processing workflow: Security Alerts Report (Alternative) (156517337)
2025-04-17T01:09:42.1981416Z Found 0 failed runs for Security Alerts Report (Alternative)
2025-04-17T01:09:42.1983553Z Processing workflow: Security Alerts Report (156511788)
2025-04-17T01:09:42.3826771Z Found 1 failed runs for Security Alerts Report
2025-04-17T01:09:42.8572727Z Saved logs for job generate-report (40657820058)
2025-04-17T01:09:42.8574265Z Processing workflow: Server Tests (156396504)
2025-04-17T01:09:43.1685388Z Found 8 failed runs for Server Tests
2025-04-17T01:09:43.7353894Z Saved logs for job test (22.x) (40674483676)
2025-04-17T01:09:44.1404266Z Saved logs for job test (22.x) (40663459741)
2025-04-17T01:09:44.6204071Z Saved logs for job test (22.x) (40659963757)
2025-04-17T01:09:44.7686370Z Saved logs for job lint (22.x) (40659963777)
2025-04-17T01:09:45.1676764Z Saved logs for job lint (22.x) (40656595380)
2025-04-17T01:09:45.3452807Z Saved logs for job test (22.x) (40656595382)
2025-04-17T01:09:45.8222946Z Saved logs for job test (22.x) (40648936051)
2025-04-17T01:09:46.0361413Z Saved logs for job lint (22.x) (40648936076)
2025-04-17T01:09:46.4811776Z Saved logs for job lint (22.x) (40636317715)
2025-04-17T01:09:46.6782059Z Saved logs for job test (22.x) (40636317724)
2025-04-17T01:09:46.9951411Z Saved logs for job lint (22.x) (40636157199)
2025-04-17T01:09:47.1702286Z Saved logs for job test (22.x) (40636157200)
2025-04-17T01:09:47.6520145Z Saved logs for job test (22.x) (40631138589)
2025-04-17T01:09:47.6521328Z Processing workflow: Sync GitHub Insights (Alternative) (156517338)
2025-04-17T01:09:47.8418615Z Found 0 failed runs for Sync GitHub Insights (Alternative)
2025-04-17T01:09:47.8420571Z Processing workflow: Sync GitHub Insights (Fixed) (156518590)
2025-04-17T01:09:48.0545307Z Found 0 failed runs for Sync GitHub Insights (Fixed)
2025-04-17T01:09:48.0546581Z Processing workflow: Sync GitHub Insights (156511789)
2025-04-17T01:09:48.2797295Z Found 3 failed runs for Sync GitHub Insights
2025-04-17T01:09:48.7384486Z Saved logs for job sync-insights (40658529730)
2025-04-17T01:09:49.1856439Z Saved logs for job sync-insights (40657800158)
2025-04-17T01:09:49.6752238Z Saved logs for job sync-insights (40656793753)
2025-04-17T01:09:49.6754248Z Processing workflow: Sync Snyk Issues (156557032)
2025-04-17T01:09:49.8330331Z Found 1 failed runs for Sync Snyk Issues
2025-04-17T01:09:50.1433311Z Saved logs for job sync-snyk-issues (40693763853)
2025-04-17T01:09:50.1434637Z Processing workflow: Sync Test Reports (156511790)
2025-04-17T01:09:50.5765101Z Found 2 failed runs for Sync Test Reports
2025-04-17T01:09:50.9119675Z Saved logs for job sync-reports (40656664593)
2025-04-17T01:09:51.3017642Z Saved logs for job sync-reports (40656644372)
2025-04-17T01:09:51.3018860Z Processing workflow: Sync Workflow Error Logs (156531139)
2025-04-17T01:09:51.6977624Z Found 13 failed runs for Sync Workflow Error Logs
2025-04-17T01:09:52.1794456Z Saved logs for job sync-error-logs (40663884504)
2025-04-17T01:09:52.6320907Z Saved logs for job sync-error-logs (40663871175)
2025-04-17T01:09:53.0484663Z Saved logs for job sync-error-logs (40663862163)
2025-04-17T01:09:53.5400940Z Saved logs for job sync-error-logs (40663803075)
2025-04-17T01:09:53.9658360Z Saved logs for job sync-error-logs (40663762300)
2025-04-17T01:09:54.4164205Z Saved logs for job sync-error-logs (40663734511)
2025-04-17T01:09:54.8942575Z Saved logs for job sync-error-logs (40663704386)
2025-04-17T01:09:55.3813388Z Saved logs for job sync-error-logs (40663657537)
2025-04-17T01:09:55.7669765Z Saved logs for job sync-error-logs (40663640084)
2025-04-17T01:09:56.1584208Z Saved logs for job sync-error-logs (40663610469)
2025-04-17T01:09:56.5795919Z Saved logs for job sync-error-logs (40663581882)
2025-04-17T01:09:56.9876832Z Saved logs for job sync-error-logs (40663556539)
2025-04-17T01:09:57.4588650Z Saved logs for job sync-error-logs (40663029643)
2025-04-17T01:09:57.4589871Z Processing workflow: Sync Workflow Error Logs (Robust) (156532769)
2025-04-17T01:09:58.0358496Z Found 30 failed runs for Sync Workflow Error Logs (Robust)
2025-04-17T01:09:58.5124601Z Saved logs for job sync-error-logs (40693879340)
2025-04-17T01:09:58.8279709Z Saved logs for job sync-error-logs (40693673665)
2025-04-17T01:09:59.3080281Z Saved logs for job sync-error-logs (40693614540)
2025-04-17T01:09:59.5837100Z Saved logs for job sync-error-logs (40692926447)
2025-04-17T01:10:00.0727080Z Saved logs for job sync-error-logs (40689562156)
2025-04-17T01:10:00.8819525Z Saved logs for job sync-error-logs (40689546791)
2025-04-17T01:10:01.2553087Z Saved logs for job sync-error-logs (40675235687)
2025-04-17T01:10:01.7371322Z Saved logs for job sync-error-logs (40674614570)
2025-04-17T01:10:02.0834847Z Saved logs for job sync-error-logs (40674612775)
2025-04-17T01:10:02.5303168Z Saved logs for job sync-error-logs (40674610625)
2025-04-17T01:10:03.0802532Z Saved logs for job sync-error-logs (40674579990)
2025-04-17T01:10:03.4070016Z Saved logs for job sync-error-logs (40674578990)
2025-04-17T01:10:03.7212934Z Saved logs for job sync-error-logs (40674578982)
2025-04-17T01:10:04.2007565Z Saved logs for job sync-error-logs (40672633017)
2025-04-17T01:10:04.6432940Z Saved logs for job sync-error-logs (40671412670)
2025-04-17T01:10:05.1293003Z Saved logs for job sync-error-logs (40671398924)
2025-04-17T01:10:05.6364804Z Saved logs for job sync-error-logs (40671389821)
2025-04-17T01:10:06.0608963Z Saved logs for job sync-error-logs (40671384641)
2025-04-17T01:10:06.4795381Z Saved logs for job sync-error-logs (40667363362)
2025-04-17T01:10:06.8332454Z Saved logs for job sync-error-logs (40667339786)
2025-04-17T01:10:07.1463804Z Saved logs for job sync-error-logs (40667169107)
2025-04-17T01:10:07.4673413Z Saved logs for job sync-error-logs (40665192111)
2025-04-17T01:10:07.8127002Z Saved logs for job sync-error-logs (40665160549)
2025-04-17T01:10:08.2446751Z Saved logs for job sync-error-logs (40664651912)
2025-04-17T01:10:08.6764131Z Saved logs for job sync-error-logs (40664616106)
2025-04-17T01:10:09.1411353Z Saved logs for job sync-error-logs (40664499845)
2025-04-17T01:10:09.6271167Z Saved logs for job sync-error-logs (40664435963)
2025-04-17T01:10:09.9379857Z Saved logs for job sync-error-logs (40663852786)
2025-04-17T01:10:10.4172782Z Saved logs for job sync-error-logs (40663768800)
2025-04-17T01:10:10.7716796Z Saved logs for job sync-error-logs (40663746533)
2025-04-17T01:10:10.7718038Z Processing workflow: Sync Workflow Error Logs (156529457)
2025-04-17T01:10:11.2410458Z Found 16 failed runs for Sync Workflow Error Logs
2025-04-17T01:10:11.5762214Z Saved logs for job sync-error-logs (40663978660)
2025-04-17T01:10:11.9975605Z Saved logs for job sync-error-logs (40663935374)
2025-04-17T01:10:12.4357066Z Saved logs for job sync-error-logs (40663840001)
2025-04-17T01:10:12.9424906Z Saved logs for job sync-error-logs (40663802949)
2025-04-17T01:10:13.3971873Z Saved logs for job sync-error-logs (40663762365)
2025-04-17T01:10:13.7984073Z Saved logs for job sync-error-logs (40663734602)
2025-04-17T01:10:14.0730574Z Saved logs for job sync-error-logs (40663704422)
2025-04-17T01:10:14.5436417Z Saved logs for job sync-error-logs (40663657651)
2025-04-17T01:10:14.9691131Z Saved logs for job sync-error-logs (40663640395)
2025-04-17T01:10:15.2910365Z Saved logs for job sync-error-logs (40663610514)
2025-04-17T01:10:15.7712569Z Saved logs for job sync-error-logs (40663581717)
2025-04-17T01:10:16.2037601Z Saved logs for job sync-error-logs (40663556577)
2025-04-17T01:10:16.6131899Z Saved logs for job sync-error-logs (40663029928)
2025-04-17T01:10:17.0458347Z Saved logs for job sync-error-logs (40662993597)
2025-04-17T01:10:17.3450306Z Saved logs for job sync-error-logs (40662475242)
2025-04-17T01:10:17.7699260Z Saved logs for job sync-error-logs (40662446363)
2025-04-17T01:10:17.7701497Z Processing workflow: Dependabot Updates (153911032)
2025-04-17T01:10:18.6157703Z Found 13 failed runs for Dependabot Updates
2025-04-17T01:10:19.1144855Z Saved logs for job Dependabot (40674491910)
2025-04-17T01:10:19.5761043Z Saved logs for job Dependabot (40674491931)
2025-04-17T01:10:20.2774403Z Saved logs for job Dependabot (40672175776)
2025-04-17T01:10:20.8014641Z Saved logs for job Dependabot (40671290570)
2025-04-17T01:10:21.3516521Z Saved logs for job Dependabot (40671289916)
2025-04-17T01:10:21.8420357Z Saved logs for job Dependabot (40667240338)
2025-04-17T01:10:22.3322476Z Saved logs for job Dependabot (40667235385)
2025-04-17T01:10:22.8435429Z Saved logs for job Dependabot (40657560162)
2025-04-17T01:10:23.3162437Z Saved logs for job Dependabot (40657559762)
2025-04-17T01:10:23.7434672Z Saved logs for job Dependabot (40657410431)
2025-04-17T01:10:24.2209258Z Saved logs for job Dependabot (40657409984)
2025-04-17T01:10:24.7662202Z Saved logs for job Dependabot (40656602439)
2025-04-17T01:10:25.3658653Z Saved logs for job Dependabot (40656599224)
2025-04-17T01:10:25.3662195Z Workflow error logs sync completed
2025-04-17T01:10:25.3774747Z ##[group]Run cat > workflow-error-logs/README.md << 'EOF'
2025-04-17T01:10:25.3775178Z [36;1mcat > workflow-error-logs/README.md << 'EOF'[0m
2025-04-17T01:10:25.3775457Z [36;1m# Workflow Error Logs[0m
2025-04-17T01:10:25.3775666Z [36;1m[0m
2025-04-17T01:10:25.3776195Z [36;1mThis directory contains logs from failed GitHub Actions workflow runs. These logs are automatically collected by the "Sync Workflow Error Logs" workflow.[0m
2025-04-17T01:10:25.3776766Z [36;1m[0m
2025-04-17T01:10:25.3776940Z [36;1m## Directory Structure[0m
2025-04-17T01:10:25.3777148Z [36;1m[0m
2025-04-17T01:10:25.3777305Z [36;1m```[0m
2025-04-17T01:10:25.3777480Z [36;1mworkflow-error-logs/[0m
2025-04-17T01:10:25.3777738Z [36;1mâ”œâ”€â”€ {workflow-name}/[0m
2025-04-17T01:10:25.3777954Z [36;1mâ”‚   â”œâ”€â”€ {date}_{run-id}/[0m
2025-04-17T01:10:25.3778214Z [36;1mâ”‚   â”‚   â”œâ”€â”€ metadata.json       # Run metadata[0m
2025-04-17T01:10:25.3778519Z [36;1mâ”‚   â”‚   â”œâ”€â”€ jobs.json           # Jobs metadata[0m
2025-04-17T01:10:25.3778838Z [36;1mâ”‚   â”‚   â”œâ”€â”€ {job-name}/[0m
2025-04-17T01:10:25.3779090Z [36;1mâ”‚   â”‚   â”‚   â”œâ”€â”€ job-metadata.json  # Job metadata[0m
2025-04-17T01:10:25.3779369Z [36;1mâ”‚   â”‚   â”‚   â””â”€â”€ logs.txt           # Job logs[0m
2025-04-17T01:10:25.3779604Z [36;1mâ”‚   â”‚   â””â”€â”€ ...[0m
2025-04-17T01:10:25.3779793Z [36;1mâ”‚   â””â”€â”€ ...[0m
2025-04-17T01:10:25.3779967Z [36;1mâ””â”€â”€ ...[0m
2025-04-17T01:10:25.3780128Z [36;1m```[0m
2025-04-17T01:10:25.3780289Z [36;1m[0m
2025-04-17T01:10:25.3780447Z [36;1m## Using These Logs[0m
2025-04-17T01:10:25.3780642Z [36;1m[0m
2025-04-17T01:10:25.3781148Z [36;1mThese logs can be used to diagnose and fix issues with GitHub Actions workflows. Look for error messages, failed steps, and other indicators of problems.[0m
2025-04-17T01:10:25.3781724Z [36;1m[0m
2025-04-17T01:10:25.3781885Z [36;1m## Automatic Collection[0m
2025-04-17T01:10:25.3782091Z [36;1m[0m
2025-04-17T01:10:25.3782252Z [36;1mLogs are collected:[0m
2025-04-17T01:10:25.3782522Z [36;1m- After any workflow completes[0m
2025-04-17T01:10:25.3782784Z [36;1m- Every 6 hours via scheduled run[0m
2025-04-17T01:10:25.3783035Z [36;1m- Manually via workflow dispatch[0m
2025-04-17T01:10:25.3783264Z [36;1m[0m
2025-04-17T01:10:25.3783413Z [36;1m## Retention[0m
2025-04-17T01:10:25.3784478Z [36;1m[0m
2025-04-17T01:10:25.3784815Z [36;1mOnly logs from the past 30 days are collected.[0m
2025-04-17T01:10:25.3785234Z [36;1mEOF[0m
2025-04-17T01:10:25.3833475Z shell: /usr/bin/bash -e {0}
2025-04-17T01:10:25.3833944Z env:
2025-04-17T01:10:25.3834115Z   CI: true
2025-04-17T01:10:25.3834282Z ##[endgroup]
2025-04-17T01:10:25.3933327Z ##[group]Run git config --local user.email "action@github.com"
2025-04-17T01:10:25.3933994Z [36;1mgit config --local user.email "action@github.com"[0m
2025-04-17T01:10:25.3934332Z [36;1mgit config --local user.name "GitHub Action"[0m
2025-04-17T01:10:25.3934587Z [36;1m[0m
2025-04-17T01:10:25.3934858Z [36;1m# Pull the latest changes with rebase strategy to avoid merge commits[0m
2025-04-17T01:10:25.3935218Z [36;1mgit pull --rebase origin main[0m
2025-04-17T01:10:25.3935442Z [36;1m[0m
2025-04-17T01:10:25.3935622Z [36;1mgit add workflow-error-logs[0m
2025-04-17T01:10:25.3935840Z [36;1m[0m
2025-04-17T01:10:25.3936018Z [36;1m# Only commit if there are changes[0m
2025-04-17T01:10:25.3936272Z [36;1mif git diff --staged --quiet; then[0m
2025-04-17T01:10:25.3936523Z [36;1m  echo "No changes to commit"[0m
2025-04-17T01:10:25.3936740Z [36;1melse[0m
2025-04-17T01:10:25.3936977Z [36;1m  git commit -m "Update workflow error logs [skip ci]"[0m
2025-04-17T01:10:25.3937282Z [36;1m  git push[0m
2025-04-17T01:10:25.3937457Z [36;1mfi[0m
2025-04-17T01:10:25.3979853Z shell: /usr/bin/bash -e {0}
2025-04-17T01:10:25.3980082Z env:
2025-04-17T01:10:25.3980239Z   CI: true
2025-04-17T01:10:25.3980406Z ##[endgroup]
2025-04-17T01:10:25.9650587Z error: cannot pull with rebase: You have unstaged changes.
2025-04-17T01:10:25.9654117Z error: Please commit or stash them.
2025-04-17T01:10:25.9676819Z ##[error]Process completed with exit code 128.
2025-04-17T01:10:25.9772429Z Post job cleanup.
2025-04-17T01:10:26.0778811Z [command]/usr/bin/git version
2025-04-17T01:10:26.0821541Z git version 2.49.0
2025-04-17T01:10:26.0870459Z Temporarily overriding HOME='/home/runner/work/_temp/67680f8f-abf4-4466-b8dc-651ab0544f91' before making global git config changes
2025-04-17T01:10:26.0872172Z Adding repository directory to the temporary git global config as a safe directory
2025-04-17T01:10:26.0877670Z [command]/usr/bin/git config --global --add safe.directory /home/runner/work/date-night-app2/date-night-app2
2025-04-17T01:10:26.0927200Z [command]/usr/bin/git config --local --name-only --get-regexp core\.sshCommand
2025-04-17T01:10:26.0965681Z [command]/usr/bin/git submodule foreach --recursive sh -c "git config --local --name-only --get-regexp 'core\.sshCommand' && git config --local --unset-all 'core.sshCommand' || :"
2025-04-17T01:10:26.1217794Z [command]/usr/bin/git config --local --name-only --get-regexp http\.https\:\/\/github\.com\/\.extraheader
2025-04-17T01:10:26.1242396Z http.https://github.com/.extraheader
2025-04-17T01:10:26.1258869Z [command]/usr/bin/git config --local --unset-all http.https://github.com/.extraheader
2025-04-17T01:10:26.1296029Z [command]/usr/bin/git submodule foreach --recursive sh -c "git config --local --name-only --get-regexp 'http\.https\:\/\/github\.com\/\.extraheader' && git config --local --unset-all 'http.https://github.com/.extraheader' || :"
2025-04-17T01:10:26.1647393Z Cleaning up orphan processes
