2025-04-18T18:09:13.6451241Z Current runner version: '2.323.0'
2025-04-18T18:09:13.6541778Z ##[group]Operating System
2025-04-18T18:09:13.6542958Z Ubuntu
2025-04-18T18:09:13.6543790Z 24.04.2
2025-04-18T18:09:13.6544674Z LTS
2025-04-18T18:09:13.6545433Z ##[endgroup]
2025-04-18T18:09:13.6546295Z ##[group]Runner Image
2025-04-18T18:09:13.6547247Z Image: ubuntu-24.04
2025-04-18T18:09:13.6548363Z Version: 20250413.1.0
2025-04-18T18:09:13.6550425Z Included Software: https://github.com/actions/runner-images/blob/ubuntu24/20250413.1/images/ubuntu/Ubuntu2404-Readme.md
2025-04-18T18:09:13.6553040Z Image Release: https://github.com/actions/runner-images/releases/tag/ubuntu24%2F20250413.1
2025-04-18T18:09:13.6554832Z ##[endgroup]
2025-04-18T18:09:13.6555627Z ##[group]Runner Image Provisioner
2025-04-18T18:09:13.6556651Z 2.0.422.1
2025-04-18T18:09:13.6557505Z ##[endgroup]
2025-04-18T18:09:13.6582404Z ##[group]GITHUB_TOKEN Permissions
2025-04-18T18:09:13.6585624Z Actions: write
2025-04-18T18:09:13.6586749Z Attestations: write
2025-04-18T18:09:13.6587843Z Checks: write
2025-04-18T18:09:13.6588612Z Contents: write
2025-04-18T18:09:13.6589801Z Deployments: write
2025-04-18T18:09:13.6590643Z Discussions: write
2025-04-18T18:09:13.6591457Z Issues: write
2025-04-18T18:09:13.6592395Z Metadata: read
2025-04-18T18:09:13.6593215Z Models: read
2025-04-18T18:09:13.6594070Z Packages: write
2025-04-18T18:09:13.6594842Z Pages: write
2025-04-18T18:09:13.6595771Z PullRequests: write
2025-04-18T18:09:13.6596591Z RepositoryProjects: write
2025-04-18T18:09:13.6597494Z SecurityEvents: write
2025-04-18T18:09:13.6598905Z Statuses: write
2025-04-18T18:09:13.6620208Z ##[endgroup]
2025-04-18T18:09:13.6623852Z Secret source: Actions
2025-04-18T18:09:13.6625426Z Prepare workflow directory
2025-04-18T18:09:13.7745222Z Prepare all required actions
2025-04-18T18:09:13.7874385Z Getting action download info
2025-04-18T18:09:14.1563980Z ##[group]Download immutable action package 'actions/checkout@v4'
2025-04-18T18:09:14.1565065Z Version: 4.2.2
2025-04-18T18:09:14.1566051Z Digest: sha256:ccb2698953eaebd21c7bf6268a94f9c26518a7e38e27e0b83c1fe1ad049819b1
2025-04-18T18:09:14.1567248Z Source commit SHA: 11bd71901bbe5b1630ceea73d27597364c9af683
2025-04-18T18:09:14.1568020Z ##[endgroup]
2025-04-18T18:09:14.2626073Z ##[group]Download immutable action package 'actions/setup-node@v4'
2025-04-18T18:09:14.2626853Z Version: 4.4.0
2025-04-18T18:09:14.2627666Z Digest: sha256:9427cefe82346e992fb5b949e3569b39d537ae41aa3086483b14eceebfc16bc1
2025-04-18T18:09:14.2628581Z Source commit SHA: 49933ea5288caeca8642d1e84afbd3f7d6820020
2025-04-18T18:09:14.2629465Z ##[endgroup]
2025-04-18T18:09:14.5204080Z ##[group]Download immutable action package 'actions/upload-artifact@v4'
2025-04-18T18:09:14.5205174Z Version: 4.6.2
2025-04-18T18:09:14.5206125Z Digest: sha256:290722aa3281d5caf23d0acdc3dbeb3424786a1a01a9cc97e72f147225e37c38
2025-04-18T18:09:14.5207445Z Source commit SHA: ea165f8d65b6e75b540449e92b4886f43607fa02
2025-04-18T18:09:14.5208339Z ##[endgroup]
2025-04-18T18:09:14.7247108Z Complete job name: test (22.x)
2025-04-18T18:09:14.7823065Z ##[group]Run actions/checkout@v4
2025-04-18T18:09:14.7823892Z with:
2025-04-18T18:09:14.7824299Z   repository: mrkurger/date-night-app2
2025-04-18T18:09:14.7824987Z   token: ***
2025-04-18T18:09:14.7825360Z   ssh-strict: true
2025-04-18T18:09:14.7825758Z   ssh-user: git
2025-04-18T18:09:14.7826151Z   persist-credentials: true
2025-04-18T18:09:14.7826597Z   clean: true
2025-04-18T18:09:14.7826988Z   sparse-checkout-cone-mode: true
2025-04-18T18:09:14.7827458Z   fetch-depth: 1
2025-04-18T18:09:14.7827829Z   fetch-tags: false
2025-04-18T18:09:14.7828233Z   show-progress: true
2025-04-18T18:09:14.7828630Z   lfs: false
2025-04-18T18:09:14.7828986Z   submodules: false
2025-04-18T18:09:14.7829701Z   set-safe-directory: true
2025-04-18T18:09:14.7830422Z env:
2025-04-18T18:09:14.7830781Z   CI: true
2025-04-18T18:09:14.7831132Z ##[endgroup]
2025-04-18T18:09:14.9961282Z Syncing repository: mrkurger/date-night-app2
2025-04-18T18:09:14.9963723Z ##[group]Getting Git version info
2025-04-18T18:09:14.9965361Z Working directory is '/home/runner/work/date-night-app2/date-night-app2'
2025-04-18T18:09:14.9967745Z [command]/usr/bin/git version
2025-04-18T18:09:15.0039695Z git version 2.49.0
2025-04-18T18:09:15.0069819Z ##[endgroup]
2025-04-18T18:09:15.0084821Z Temporarily overriding HOME='/home/runner/work/_temp/1ee376d8-c1b7-4f69-a7de-7086abd83d6e' before making global git config changes
2025-04-18T18:09:15.0092469Z Adding repository directory to the temporary git global config as a safe directory
2025-04-18T18:09:15.0105408Z [command]/usr/bin/git config --global --add safe.directory /home/runner/work/date-night-app2/date-night-app2
2025-04-18T18:09:15.0144887Z Deleting the contents of '/home/runner/work/date-night-app2/date-night-app2'
2025-04-18T18:09:15.0149650Z ##[group]Initializing the repository
2025-04-18T18:09:15.0155183Z [command]/usr/bin/git init /home/runner/work/date-night-app2/date-night-app2
2025-04-18T18:09:15.0255919Z hint: Using 'master' as the name for the initial branch. This default branch name
2025-04-18T18:09:15.0258367Z hint: is subject to change. To configure the initial branch name to use in all
2025-04-18T18:09:15.0260268Z hint: of your new repositories, which will suppress this warning, call:
2025-04-18T18:09:15.0263158Z hint:
2025-04-18T18:09:15.0264343Z hint: 	git config --global init.defaultBranch <name>
2025-04-18T18:09:15.0265662Z hint:
2025-04-18T18:09:15.0266953Z hint: Names commonly chosen instead of 'master' are 'main', 'trunk' and
2025-04-18T18:09:15.0269007Z hint: 'development'. The just-created branch can be renamed via this command:
2025-04-18T18:09:15.0271347Z hint:
2025-04-18T18:09:15.0273924Z hint: 	git branch -m <name>
2025-04-18T18:09:15.0276789Z Initialized empty Git repository in /home/runner/work/date-night-app2/date-night-app2/.git/
2025-04-18T18:09:15.0282139Z [command]/usr/bin/git remote add origin https://github.com/mrkurger/date-night-app2
2025-04-18T18:09:15.0320721Z ##[endgroup]
2025-04-18T18:09:15.0323569Z ##[group]Disabling automatic garbage collection
2025-04-18T18:09:15.0326235Z [command]/usr/bin/git config --local gc.auto 0
2025-04-18T18:09:15.0361013Z ##[endgroup]
2025-04-18T18:09:15.0363635Z ##[group]Setting up auth
2025-04-18T18:09:15.0367659Z [command]/usr/bin/git config --local --name-only --get-regexp core\.sshCommand
2025-04-18T18:09:15.0402414Z [command]/usr/bin/git submodule foreach --recursive sh -c "git config --local --name-only --get-regexp 'core\.sshCommand' && git config --local --unset-all 'core.sshCommand' || :"
2025-04-18T18:09:15.0717325Z [command]/usr/bin/git config --local --name-only --get-regexp http\.https\:\/\/github\.com\/\.extraheader
2025-04-18T18:09:15.0751857Z [command]/usr/bin/git submodule foreach --recursive sh -c "git config --local --name-only --get-regexp 'http\.https\:\/\/github\.com\/\.extraheader' && git config --local --unset-all 'http.https://github.com/.extraheader' || :"
2025-04-18T18:09:15.0995525Z [command]/usr/bin/git config --local http.https://github.com/.extraheader AUTHORIZATION: basic ***
2025-04-18T18:09:15.1041809Z ##[endgroup]
2025-04-18T18:09:15.1044892Z ##[group]Fetching the repository
2025-04-18T18:09:15.1053258Z [command]/usr/bin/git -c protocol.version=2 fetch --no-tags --prune --no-recurse-submodules --depth=1 origin +f4ca16117a0e3d376b96c2c4cf0215f55294f85a:refs/remotes/origin/main
2025-04-18T18:09:17.8922772Z From https://github.com/mrkurger/date-night-app2
2025-04-18T18:09:17.8923923Z  * [new ref]         f4ca16117a0e3d376b96c2c4cf0215f55294f85a -> origin/main
2025-04-18T18:09:17.8959407Z ##[endgroup]
2025-04-18T18:09:17.8960497Z ##[group]Determining the checkout info
2025-04-18T18:09:17.8966733Z ##[endgroup]
2025-04-18T18:09:17.8967374Z [command]/usr/bin/git sparse-checkout disable
2025-04-18T18:09:17.9010429Z [command]/usr/bin/git config --local --unset-all extensions.worktreeConfig
2025-04-18T18:09:17.9041529Z ##[group]Checking out the ref
2025-04-18T18:09:17.9044457Z [command]/usr/bin/git checkout --progress --force -B main refs/remotes/origin/main
2025-04-18T18:09:18.4861175Z Switched to a new branch 'main'
2025-04-18T18:09:18.4872305Z branch 'main' set up to track 'origin/main'.
2025-04-18T18:09:18.4902191Z ##[endgroup]
2025-04-18T18:09:18.4949145Z [command]/usr/bin/git log -1 --format=%H
2025-04-18T18:09:18.4990953Z f4ca16117a0e3d376b96c2c4cf0215f55294f85a
2025-04-18T18:09:18.5233129Z ##[group]Run actions/setup-node@v4
2025-04-18T18:09:18.5233473Z with:
2025-04-18T18:09:18.5233691Z   node-version: 22.x
2025-04-18T18:09:18.5233925Z   cache: npm
2025-04-18T18:09:18.5234213Z   cache-dependency-path: client-angular/package-lock.json
2025-04-18T18:09:18.5234547Z   always-auth: false
2025-04-18T18:09:18.5234784Z   check-latest: false
2025-04-18T18:09:18.5235149Z   token: ***
2025-04-18T18:09:18.5235364Z env:
2025-04-18T18:09:18.5235558Z   CI: true
2025-04-18T18:09:18.5235756Z ##[endgroup]
2025-04-18T18:09:18.7010729Z Found in cache @ /opt/hostedtoolcache/node/22.14.0/x64
2025-04-18T18:09:18.7013961Z ##[group]Environment details
2025-04-18T18:09:19.1751395Z node: v22.14.0
2025-04-18T18:09:19.1752167Z npm: 10.9.2
2025-04-18T18:09:19.1753406Z yarn: 1.22.22
2025-04-18T18:09:19.1761456Z ##[endgroup]
2025-04-18T18:09:19.1806004Z [command]/opt/hostedtoolcache/node/22.14.0/x64/bin/npm config get cache
2025-04-18T18:09:19.3062050Z /home/runner/.npm
2025-04-18T18:09:19.3205298Z ##[error]Some specified paths were not resolved, unable to cache dependencies.
2025-04-18T18:09:19.3392735Z ##[group]Run actions/upload-artifact@v4
2025-04-18T18:09:19.3393203Z with:
2025-04-18T18:09:19.3393491Z   name: test-results
2025-04-18T18:09:19.3393819Z   path: ./client-angular/coverage
2025-04-18T18:09:19.3394284Z   if-no-files-found: warn
2025-04-18T18:09:19.3394639Z   compression-level: 6
2025-04-18T18:09:19.3394968Z   overwrite: false
2025-04-18T18:09:19.3395307Z   include-hidden-files: false
2025-04-18T18:09:19.3395674Z env:
2025-04-18T18:09:19.3395944Z   CI: true
2025-04-18T18:09:19.3396226Z ##[endgroup]
2025-04-18T18:09:19.5797201Z ##[warning]No files were found with the provided path: ./client-angular/coverage. No artifacts will be uploaded.
2025-04-18T18:09:19.5962795Z Post job cleanup.
2025-04-18T18:09:19.6900248Z [command]/usr/bin/git version
2025-04-18T18:09:19.6941017Z git version 2.49.0
2025-04-18T18:09:19.6988051Z Temporarily overriding HOME='/home/runner/work/_temp/0eb16d00-7d31-4e0c-897e-8b987d7a7474' before making global git config changes
2025-04-18T18:09:19.6990866Z Adding repository directory to the temporary git global config as a safe directory
2025-04-18T18:09:19.6995537Z [command]/usr/bin/git config --global --add safe.directory /home/runner/work/date-night-app2/date-night-app2
2025-04-18T18:09:19.7041648Z [command]/usr/bin/git config --local --name-only --get-regexp core\.sshCommand
2025-04-18T18:09:19.7080652Z [command]/usr/bin/git submodule foreach --recursive sh -c "git config --local --name-only --get-regexp 'core\.sshCommand' && git config --local --unset-all 'core.sshCommand' || :"
2025-04-18T18:09:19.7334560Z [command]/usr/bin/git config --local --name-only --get-regexp http\.https\:\/\/github\.com\/\.extraheader
2025-04-18T18:09:19.7360054Z http.https://github.com/.extraheader
2025-04-18T18:09:19.7374422Z [command]/usr/bin/git config --local --unset-all http.https://github.com/.extraheader
2025-04-18T18:09:19.7410537Z [command]/usr/bin/git submodule foreach --recursive sh -c "git config --local --name-only --get-regexp 'http\.https\:\/\/github\.com\/\.extraheader' && git config --local --unset-all 'http.https://github.com/.extraheader' || :"
2025-04-18T18:09:19.7794470Z Cleaning up orphan processes
