2025-04-16T15:01:34.2926734Z Current runner version: '2.323.0'
2025-04-16T15:01:34.2966526Z ##[group]Operating System
2025-04-16T15:01:34.2967703Z Ubuntu
2025-04-16T15:01:34.2968492Z 24.04.2
2025-04-16T15:01:34.2969313Z LTS
2025-04-16T15:01:34.2970509Z ##[endgroup]
2025-04-16T15:01:34.2971581Z ##[group]Runner Image
2025-04-16T15:01:34.2972561Z Image: ubuntu-24.04
2025-04-16T15:01:34.2973465Z Version: 20250413.1.0
2025-04-16T15:01:34.2975601Z Included Software: https://github.com/actions/runner-images/blob/ubuntu24/20250413.1/images/ubuntu/Ubuntu2404-Readme.md
2025-04-16T15:01:34.2978326Z Image Release: https://github.com/actions/runner-images/releases/tag/ubuntu24%2F20250413.1
2025-04-16T15:01:34.2980243Z ##[endgroup]
2025-04-16T15:01:34.2981100Z ##[group]Runner Image Provisioner
2025-04-16T15:01:34.2982053Z 2.0.422.1
2025-04-16T15:01:34.2982809Z ##[endgroup]
2025-04-16T15:01:34.2984832Z ##[group]GITHUB_TOKEN Permissions
2025-04-16T15:01:34.2987939Z Actions: read
2025-04-16T15:01:34.2988969Z Contents: write
2025-04-16T15:01:34.2990031Z Metadata: read
2025-04-16T15:01:34.2991014Z ##[endgroup]
2025-04-16T15:01:34.2994234Z Secret source: Actions
2025-04-16T15:01:34.2995846Z Prepare workflow directory
2025-04-16T15:01:34.3560873Z Prepare all required actions
2025-04-16T15:01:34.3616022Z Getting action download info
2025-04-16T15:01:34.8022024Z ##[group]Download immutable action package 'actions/checkout@v4'
2025-04-16T15:01:34.8023137Z Version: 4.2.2
2025-04-16T15:01:34.8024322Z Digest: sha256:ccb2698953eaebd21c7bf6268a94f9c26518a7e38e27e0b83c1fe1ad049819b1
2025-04-16T15:01:34.8026162Z Source commit SHA: 11bd71901bbe5b1630ceea73d27597364c9af683
2025-04-16T15:01:34.8026941Z ##[endgroup]
2025-04-16T15:01:34.9004559Z ##[group]Download immutable action package 'actions/setup-node@v4'
2025-04-16T15:01:34.9005680Z Version: 4.4.0
2025-04-16T15:01:34.9006579Z Digest: sha256:9427cefe82346e992fb5b949e3569b39d537ae41aa3086483b14eceebfc16bc1
2025-04-16T15:01:34.9007583Z Source commit SHA: 49933ea5288caeca8642d1e84afbd3f7d6820020
2025-04-16T15:01:34.9008317Z ##[endgroup]
2025-04-16T15:01:35.2223216Z Complete job name: sync-error-logs
2025-04-16T15:01:35.3027825Z ##[group]Run actions/checkout@v4
2025-04-16T15:01:35.3029218Z with:
2025-04-16T15:01:35.3029883Z   fetch-depth: 0
2025-04-16T15:01:35.3030666Z   repository: mrkurger/date-night-app2
2025-04-16T15:01:35.3031942Z   token: ***
2025-04-16T15:01:35.3032685Z   ssh-strict: true
2025-04-16T15:01:35.3033465Z   ssh-user: git
2025-04-16T15:01:35.3034179Z   persist-credentials: true
2025-04-16T15:01:35.3034973Z   clean: true
2025-04-16T15:01:35.3036024Z   sparse-checkout-cone-mode: true
2025-04-16T15:01:35.3036882Z   fetch-tags: false
2025-04-16T15:01:35.3037611Z   show-progress: true
2025-04-16T15:01:35.3038362Z   lfs: false
2025-04-16T15:01:35.3039045Z   submodules: false
2025-04-16T15:01:35.3039741Z   set-safe-directory: true
2025-04-16T15:01:35.3040947Z env:
2025-04-16T15:01:35.3041615Z   CI: true
2025-04-16T15:01:35.3042276Z ##[endgroup]
2025-04-16T15:01:35.5208622Z Syncing repository: mrkurger/date-night-app2
2025-04-16T15:01:35.5211793Z ##[group]Getting Git version info
2025-04-16T15:01:35.5213292Z Working directory is '/home/runner/work/date-night-app2/date-night-app2'
2025-04-16T15:01:35.5225924Z [command]/usr/bin/git version
2025-04-16T15:01:35.5264720Z git version 2.49.0
2025-04-16T15:01:35.5301265Z ##[endgroup]
2025-04-16T15:01:35.5371645Z Temporarily overriding HOME='/home/runner/work/_temp/7c88a4ee-757b-43b6-8b4a-cec29e95508b' before making global git config changes
2025-04-16T15:01:35.5373857Z Adding repository directory to the temporary git global config as a safe directory
2025-04-16T15:01:35.5376438Z [command]/usr/bin/git config --global --add safe.directory /home/runner/work/date-night-app2/date-night-app2
2025-04-16T15:01:35.5393647Z Deleting the contents of '/home/runner/work/date-night-app2/date-night-app2'
2025-04-16T15:01:35.5398166Z ##[group]Initializing the repository
2025-04-16T15:01:35.5402738Z [command]/usr/bin/git init /home/runner/work/date-night-app2/date-night-app2
2025-04-16T15:01:35.5482204Z hint: Using 'master' as the name for the initial branch. This default branch name
2025-04-16T15:01:35.5486204Z hint: is subject to change. To configure the initial branch name to use in all
2025-04-16T15:01:35.5487771Z hint: of your new repositories, which will suppress this warning, call:
2025-04-16T15:01:35.5488889Z hint:
2025-04-16T15:01:35.5489746Z hint: 	git config --global init.defaultBranch <name>
2025-04-16T15:01:35.5490783Z hint:
2025-04-16T15:01:35.5491767Z hint: Names commonly chosen instead of 'master' are 'main', 'trunk' and
2025-04-16T15:01:35.5493394Z hint: 'development'. The just-created branch can be renamed via this command:
2025-04-16T15:01:35.5494704Z hint:
2025-04-16T15:01:35.5495647Z hint: 	git branch -m <name>
2025-04-16T15:01:35.5498101Z Initialized empty Git repository in /home/runner/work/date-night-app2/date-night-app2/.git/
2025-04-16T15:01:35.5506093Z [command]/usr/bin/git remote add origin https://github.com/mrkurger/date-night-app2
2025-04-16T15:01:35.5547662Z ##[endgroup]
2025-04-16T15:01:35.5550997Z ##[group]Disabling automatic garbage collection
2025-04-16T15:01:35.5553737Z [command]/usr/bin/git config --local gc.auto 0
2025-04-16T15:01:35.5589950Z ##[endgroup]
2025-04-16T15:01:35.5592672Z ##[group]Setting up auth
2025-04-16T15:01:35.5597390Z [command]/usr/bin/git config --local --name-only --get-regexp core\.sshCommand
2025-04-16T15:01:35.5636226Z [command]/usr/bin/git submodule foreach --recursive sh -c "git config --local --name-only --get-regexp 'core\.sshCommand' && git config --local --unset-all 'core.sshCommand' || :"
2025-04-16T15:01:35.5988783Z [command]/usr/bin/git config --local --name-only --get-regexp http\.https\:\/\/github\.com\/\.extraheader
2025-04-16T15:01:35.6006361Z [command]/usr/bin/git submodule foreach --recursive sh -c "git config --local --name-only --get-regexp 'http\.https\:\/\/github\.com\/\.extraheader' && git config --local --unset-all 'http.https://github.com/.extraheader' || :"
2025-04-16T15:01:35.6254890Z [command]/usr/bin/git config --local http.https://github.com/.extraheader AUTHORIZATION: basic ***
2025-04-16T15:01:35.6312692Z ##[endgroup]
2025-04-16T15:01:35.6316292Z ##[group]Fetching the repository
2025-04-16T15:01:35.6323887Z [command]/usr/bin/git -c protocol.version=2 fetch --prune --no-recurse-submodules origin +refs/heads/*:refs/remotes/origin/* +refs/tags/*:refs/tags/*
2025-04-16T15:01:44.0034792Z From https://github.com/mrkurger/date-night-app2
2025-04-16T15:01:44.0040902Z  * [new branch]      dependabot/github_actions/dawidd6/action-download-artifact-9 -> origin/dependabot/github_actions/dawidd6/action-download-artifact-9
2025-04-16T15:01:44.0049190Z  * [new branch]      dependabot/npm_and_yarn/server/multi-94fa72f662 -> origin/dependabot/npm_and_yarn/server/multi-94fa72f662
2025-04-16T15:01:44.0053879Z  * [new branch]      main       -> origin/main
2025-04-16T15:01:44.0081848Z [command]/usr/bin/git branch --list --remote origin/main
2025-04-16T15:01:44.0109926Z   origin/main
2025-04-16T15:01:44.0123091Z [command]/usr/bin/git rev-parse refs/remotes/origin/main
2025-04-16T15:01:44.0146027Z b7b02b02b67d186f71e3b6a43ebe9f432064fd3a
2025-04-16T15:01:44.0156474Z ##[endgroup]
2025-04-16T15:01:44.0158096Z ##[group]Determining the checkout info
2025-04-16T15:01:44.0159974Z ##[endgroup]
2025-04-16T15:01:44.0161514Z [command]/usr/bin/git sparse-checkout disable
2025-04-16T15:01:44.0208370Z [command]/usr/bin/git config --local --unset-all extensions.worktreeConfig
2025-04-16T15:01:44.0241036Z ##[group]Checking out the ref
2025-04-16T15:01:44.0245811Z [command]/usr/bin/git checkout --progress --force -B main refs/remotes/origin/main
2025-04-16T15:01:44.4245432Z Switched to a new branch 'main'
2025-04-16T15:01:44.4281323Z branch 'main' set up to track 'origin/main'.
2025-04-16T15:01:44.4295679Z ##[endgroup]
2025-04-16T15:01:44.4357446Z [command]/usr/bin/git log -1 --format=%H
2025-04-16T15:01:44.4397031Z b7b02b02b67d186f71e3b6a43ebe9f432064fd3a
2025-04-16T15:01:44.4646705Z ##[group]Run actions/setup-node@v4
2025-04-16T15:01:44.4646989Z with:
2025-04-16T15:01:44.4647420Z   node-version: 22.x
2025-04-16T15:01:44.4647617Z   always-auth: false
2025-04-16T15:01:44.4647812Z   check-latest: false
2025-04-16T15:01:44.4648154Z   token: ***
2025-04-16T15:01:44.4648329Z env:
2025-04-16T15:01:44.4648494Z   CI: true
2025-04-16T15:01:44.4648657Z ##[endgroup]
2025-04-16T15:01:44.6553620Z Found in cache @ /opt/hostedtoolcache/node/22.14.0/x64
2025-04-16T15:01:44.6560767Z ##[group]Environment details
2025-04-16T15:01:45.2339261Z node: v22.14.0
2025-04-16T15:01:45.2339732Z npm: 10.9.2
2025-04-16T15:01:45.2340021Z yarn: 1.22.22
2025-04-16T15:01:45.2343934Z ##[endgroup]
2025-04-16T15:01:45.2471999Z ##[group]Run npm install @octokit/rest@20.0.2 @octokit/plugin-throttling@9.0.3 fs-extra@11.2.0
2025-04-16T15:01:45.2472677Z [36;1mnpm install @octokit/rest@20.0.2 @octokit/plugin-throttling@9.0.3 fs-extra@11.2.0[0m
2025-04-16T15:01:45.2529999Z shell: /usr/bin/bash -e {0}
2025-04-16T15:01:45.2530303Z env:
2025-04-16T15:01:45.2530507Z   CI: true
2025-04-16T15:01:45.2530682Z ##[endgroup]
2025-04-16T15:01:50.9305912Z npm warn deprecated xss-clean@0.1.4: Package no longer supported. Contact Support at https://www.npmjs.com/support for more info.
2025-04-16T15:01:52.0139328Z npm warn deprecated rimraf@3.0.2: Rimraf versions prior to v4 are no longer supported
2025-04-16T15:01:52.6094455Z npm warn deprecated passport-reddit@1.1.0: While functionally complete, this library will not be receiving any updates going forwards. Users are actively discouraged from using OAuth2 for authentication. See archival notice on github for more details.
2025-04-16T15:01:53.3360752Z npm warn deprecated npmlog@5.0.1: This package is no longer supported.
2025-04-16T15:01:53.3926841Z npm warn deprecated superagent@8.1.2: Please upgrade to v9.0.0+ as we have fixed a public vulnerability with formidable dependency. Note that v9.0.0+ requires Node.js v14.18.0+. See https://github.com/ladjs/superagent/pull/1800 for insight. This project is supported and maintained by the team at Forward Email @ https://forwardemail.net
2025-04-16T15:01:54.4890735Z npm warn deprecated inflight@1.0.6: This module is not supported, and leaks memory. Do not use it. Check out lru-cache if you want a good and tested way to coalesce async requests by a key value, which is much more comprehensive and powerful.
2025-04-16T15:01:54.8956892Z npm warn deprecated glob@7.2.3: Glob versions prior to v9 are no longer supported
2025-04-16T15:01:55.3550024Z npm warn deprecated gauge@3.0.2: This package is no longer supported.
2025-04-16T15:01:55.9676655Z npm warn deprecated domexception@4.0.0: Use your platform's native DOMException instead
2025-04-16T15:01:57.0990845Z npm warn deprecated are-we-there-yet@2.0.0: This package is no longer supported.
2025-04-16T15:01:57.1856483Z npm warn deprecated abab@2.0.6: Use your platform's native atob() and btoa() methods instead
2025-04-16T15:01:58.5442722Z npm warn deprecated @humanwhocodes/object-schema@2.0.3: Use @eslint/object-schema instead
2025-04-16T15:01:58.5457073Z npm warn deprecated @humanwhocodes/config-array@0.11.14: Use @eslint/config-array instead
2025-04-16T15:02:06.0172703Z npm warn deprecated eslint@8.56.0: This version is no longer supported. Please see https://eslint.org/version-support for other options.
2025-04-16T15:02:06.0567108Z npm warn deprecated eslint@8.56.0: This version is no longer supported. Please see https://eslint.org/version-support for other options.
2025-04-16T15:02:28.0249003Z 
2025-04-16T15:02:28.0250194Z added 1931 packages, and audited 1934 packages in 43s
2025-04-16T15:02:28.0251127Z 
2025-04-16T15:02:28.0251641Z 355 packages are looking for funding
2025-04-16T15:02:28.0252488Z   run `npm fund` for details
2025-04-16T15:02:28.0368813Z 
2025-04-16T15:02:28.0369768Z 3 moderate severity vulnerabilities
2025-04-16T15:02:28.0373471Z 
2025-04-16T15:02:28.0374207Z To address all issues (including breaking changes), run:
2025-04-16T15:02:28.0375516Z   npm audit fix --force
2025-04-16T15:02:28.0376119Z 
2025-04-16T15:02:28.0376671Z Run `npm audit` for details.
2025-04-16T15:02:28.1246593Z ##[group]Run cat > fetch-workflow-logs.js << 'EOF'
2025-04-16T15:02:28.1247286Z [36;1mcat > fetch-workflow-logs.js << 'EOF'[0m
2025-04-16T15:02:28.1247594Z [36;1mconst { Octokit } = require('@octokit/rest');[0m
2025-04-16T15:02:28.1247966Z [36;1mconst { throttling } = require('@octokit/plugin-throttling');[0m
2025-04-16T15:02:28.1248311Z [36;1mconst fs = require('fs-extra');[0m
2025-04-16T15:02:28.1248567Z [36;1mconst path = require('path');[0m
2025-04-16T15:02:28.1248814Z [36;1m[0m
2025-04-16T15:02:28.1249059Z [36;1mconst ThrottledOctokit = Octokit.plugin(throttling);[0m
2025-04-16T15:02:28.1249360Z [36;1m[0m
2025-04-16T15:02:28.1249529Z [36;1masync function main() {[0m
2025-04-16T15:02:28.1249795Z [36;1m  const owner = process.env.REPO_OWNER;[0m
2025-04-16T15:02:28.1250091Z [36;1m  const repo = process.env.REPO_NAME;[0m
2025-04-16T15:02:28.1250402Z [36;1m  const logsDir = path.join('workflow-error-logs');[0m
2025-04-16T15:02:28.1250682Z [36;1m  [0m
2025-04-16T15:02:28.1250977Z [36;1m  console.log(`Fetching workflow logs for ${owner}/${repo}`);[0m
2025-04-16T15:02:28.1251286Z [36;1m  [0m
2025-04-16T15:02:28.1251492Z [36;1m  // Create logs directory if it doesn't exist[0m
2025-04-16T15:02:28.1251768Z [36;1m  await fs.ensureDir(logsDir);[0m
2025-04-16T15:02:28.1251995Z [36;1m  [0m
2025-04-16T15:02:28.1252183Z [36;1m  const octokit = new ThrottledOctokit({[0m
2025-04-16T15:02:28.1252464Z [36;1m    auth: process.env.GITHUB_TOKEN,[0m
2025-04-16T15:02:28.1252707Z [36;1m    throttle: {[0m
2025-04-16T15:02:28.1252942Z [36;1m      onRateLimit: (retryAfter, options) => {[0m
2025-04-16T15:02:28.1253319Z [36;1m        console.warn(`Rate limit exceeded for ${options.method} ${options.url}`);[0m
2025-04-16T15:02:28.1253699Z [36;1m        if (options.request.retryCount < 2) {[0m
2025-04-16T15:02:28.1254024Z [36;1m          console.log(`Retrying after ${retryAfter} seconds!`);[0m
2025-04-16T15:02:28.1254320Z [36;1m          return true;[0m
2025-04-16T15:02:28.1254535Z [36;1m        }[0m
2025-04-16T15:02:28.1254704Z [36;1m      },[0m
2025-04-16T15:02:28.1254936Z [36;1m      onSecondaryRateLimit: (retryAfter, options) => {[0m
2025-04-16T15:02:28.1255779Z [36;1m        console.warn(`Secondary rate limit exceeded for ${options.method} ${options.url}`);[0m
2025-04-16T15:02:28.1256195Z [36;1m        if (options.request.retryCount < 2) {[0m
2025-04-16T15:02:28.1256517Z [36;1m          console.log(`Retrying after ${retryAfter} seconds!`);[0m
2025-04-16T15:02:28.1256810Z [36;1m          return true;[0m
2025-04-16T15:02:28.1257012Z [36;1m        }[0m
2025-04-16T15:02:28.1257207Z [36;1m      },[0m
2025-04-16T15:02:28.1257371Z [36;1m    },[0m
2025-04-16T15:02:28.1257537Z [36;1m  });[0m
2025-04-16T15:02:28.1258305Z [36;1m  [0m
2025-04-16T15:02:28.1258509Z [36;1m  // Get all workflows[0m
2025-04-16T15:02:28.1258855Z [36;1m  const { data: workflows } = await octokit.actions.listRepoWorkflows({[0m
2025-04-16T15:02:28.1259750Z [36;1m    owner,[0m
2025-04-16T15:02:28.1259945Z [36;1m    repo,[0m
2025-04-16T15:02:28.1260129Z [36;1m  });[0m
2025-04-16T15:02:28.1260297Z [36;1m  [0m
2025-04-16T15:02:28.1260500Z [36;1m  // Get recent workflow runs (last 30 days)[0m
2025-04-16T15:02:28.1260841Z [36;1m  const thirtyDaysAgo = new Date();[0m
2025-04-16T15:02:28.1261347Z [36;1m  thirtyDaysAgo.setDate(thirtyDaysAgo.getDate() - 30);[0m
2025-04-16T15:02:28.1261680Z [36;1m  [0m
2025-04-16T15:02:28.1261969Z [36;1m  for (const workflow of workflows.workflows) {[0m
2025-04-16T15:02:28.1262359Z [36;1m    console.log(`Processing workflow: ${workflow.name} (${workflow.id})`);[0m
2025-04-16T15:02:28.1262699Z [36;1m    [0m
2025-04-16T15:02:28.1263018Z [36;1m    const { data: runs } = await octokit.actions.listWorkflowRuns({[0m
2025-04-16T15:02:28.1263330Z [36;1m      owner,[0m
2025-04-16T15:02:28.1263514Z [36;1m      repo,[0m
2025-04-16T15:02:28.1263721Z [36;1m      workflow_id: workflow.id,[0m
2025-04-16T15:02:28.1264243Z [36;1m      created: `>=${thirtyDaysAgo.toISOString().split('T')[0]}`,[0m
2025-04-16T15:02:28.1264896Z [36;1m    });[0m
2025-04-16T15:02:28.1265351Z [36;1m    [0m
2025-04-16T15:02:28.1265610Z [36;1m    // Process failed runs[0m
2025-04-16T15:02:28.1265911Z [36;1m    const failedRuns = runs.workflow_runs.filter(run => [0m
2025-04-16T15:02:28.1266763Z [36;1m      run.conclusion === 'failure' || run.conclusion === 'cancelled' || run.conclusion === 'timed_out'[0m
2025-04-16T15:02:28.1267393Z [36;1m    );[0m
2025-04-16T15:02:28.1267561Z [36;1m    [0m
2025-04-16T15:02:28.1267862Z [36;1m    console.log(`Found ${failedRuns.length} failed runs for ${workflow.name}`);[0m
2025-04-16T15:02:28.1268305Z [36;1m    [0m
2025-04-16T15:02:28.1268518Z [36;1m    for (const run of failedRuns) {[0m
2025-04-16T15:02:28.1268873Z [36;1m      const runDate = new Date(run.created_at).toISOString().split('T')[0];[0m
2025-04-16T15:02:28.1269475Z [36;1m      const workflowDir = path.join(logsDir, workflow.name.replace(/[^a-zA-Z0-9]/g, '-').toLowerCase());[0m
2025-04-16T15:02:28.1270291Z [36;1m      const runDir = path.join(workflowDir, `${runDate}_${run.id}`);[0m
2025-04-16T15:02:28.1270681Z [36;1m      [0m
2025-04-16T15:02:28.1270884Z [36;1m      await fs.ensureDir(runDir);[0m
2025-04-16T15:02:28.1271123Z [36;1m      [0m
2025-04-16T15:02:28.1271295Z [36;1m      // Save run metadata[0m
2025-04-16T15:02:28.1271649Z [36;1m      await fs.writeJson(path.join(runDir, 'metadata.json'), run, { spaces: 2 });[0m
2025-04-16T15:02:28.1271989Z [36;1m      [0m
2025-04-16T15:02:28.1272153Z [36;1m      try {[0m
2025-04-16T15:02:28.1272345Z [36;1m        // Get jobs for this run[0m
2025-04-16T15:02:28.1272687Z [36;1m        const { data: jobs } = await octokit.actions.listJobsForWorkflowRun({[0m
2025-04-16T15:02:28.1273023Z [36;1m          owner,[0m
2025-04-16T15:02:28.1273227Z [36;1m          repo,[0m
2025-04-16T15:02:28.1273427Z [36;1m          run_id: run.id,[0m
2025-04-16T15:02:28.1273634Z [36;1m        });[0m
2025-04-16T15:02:28.1273816Z [36;1m        [0m
2025-04-16T15:02:28.1273993Z [36;1m        // Save jobs metadata[0m
2025-04-16T15:02:28.1274337Z [36;1m        await fs.writeJson(path.join(runDir, 'jobs.json'), jobs, { spaces: 2 });[0m
2025-04-16T15:02:28.1274674Z [36;1m        [0m
2025-04-16T15:02:28.1274853Z [36;1m        // Process each job[0m
2025-04-16T15:02:28.1275265Z [36;1m        for (const job of jobs.jobs) {[0m
2025-04-16T15:02:28.1275696Z [36;1m          if (job.conclusion === 'failure' || job.conclusion === 'cancelled' || job.conclusion === 'timed_out') {[0m
2025-04-16T15:02:28.1276255Z [36;1m            const jobDir = path.join(runDir, job.name.replace(/[^a-zA-Z0-9]/g, '-').toLowerCase());[0m
2025-04-16T15:02:28.1276662Z [36;1m            await fs.ensureDir(jobDir);[0m
2025-04-16T15:02:28.1276899Z [36;1m            [0m
2025-04-16T15:02:28.1277098Z [36;1m            // Save job metadata[0m
2025-04-16T15:02:28.1277466Z [36;1m            await fs.writeJson(path.join(jobDir, 'job-metadata.json'), job, { spaces: 2 });[0m
2025-04-16T15:02:28.1277826Z [36;1m            [0m
2025-04-16T15:02:28.1278007Z [36;1m            try {[0m
2025-04-16T15:02:28.1278209Z [36;1m              // Get job logs[0m
2025-04-16T15:02:28.1278555Z [36;1m              const logs = await octokit.actions.downloadJobLogsForWorkflowRun({[0m
2025-04-16T15:02:28.1278899Z [36;1m                owner,[0m
2025-04-16T15:02:28.1279111Z [36;1m                repo,[0m
2025-04-16T15:02:28.1279321Z [36;1m                job_id: job.id,[0m
2025-04-16T15:02:28.1279545Z [36;1m              });[0m
2025-04-16T15:02:28.1279735Z [36;1m              [0m
2025-04-16T15:02:28.1279922Z [36;1m              // Save logs[0m
2025-04-16T15:02:28.1280234Z [36;1m              await fs.writeFile(path.join(jobDir, 'logs.txt'), logs.data);[0m
2025-04-16T15:02:28.1280626Z [36;1m              console.log(`Saved logs for job ${job.name} (${job.id})`);[0m
2025-04-16T15:02:28.1280938Z [36;1m            } catch (error) {[0m
2025-04-16T15:02:28.1281456Z [36;1m              console.error(`Error fetching logs for job ${job.id}: ${error.message}`);[0m
2025-04-16T15:02:28.1282112Z [36;1m              await fs.writeFile(path.join(jobDir, 'error.txt'), `Error fetching logs: ${error.message}`);[0m
2025-04-16T15:02:28.1282511Z [36;1m            }[0m
2025-04-16T15:02:28.1282695Z [36;1m          }[0m
2025-04-16T15:02:28.1282871Z [36;1m        }[0m
2025-04-16T15:02:28.1283056Z [36;1m      } catch (error) {[0m
2025-04-16T15:02:28.1283380Z [36;1m        console.error(`Error processing run ${run.id}: ${error.message}`);[0m
2025-04-16T15:02:28.1283880Z [36;1m        await fs.writeFile(path.join(runDir, 'error.txt'), `Error processing run: ${error.message}`);[0m
2025-04-16T15:02:28.1284266Z [36;1m      }[0m
2025-04-16T15:02:28.1284435Z [36;1m    }[0m
2025-04-16T15:02:28.1284595Z [36;1m  }[0m
2025-04-16T15:02:28.1284758Z [36;1m  [0m
2025-04-16T15:02:28.1284926Z [36;1m  // Create summary file[0m
2025-04-16T15:02:28.1285276Z [36;1m  const summary = {[0m
2025-04-16T15:02:28.1285514Z [36;1m    timestamp: new Date().toISOString(),[0m
2025-04-16T15:02:28.1285822Z [36;1m    totalWorkflows: workflows.workflows.length,[0m
2025-04-16T15:02:28.1286161Z [36;1m    workflowSummary: workflows.workflows.map(w => ({[0m
2025-04-16T15:02:28.1286443Z [36;1m      name: w.name,[0m
2025-04-16T15:02:28.1286645Z [36;1m      id: w.id,[0m
2025-04-16T15:02:28.1286834Z [36;1m      path: w.path,[0m
2025-04-16T15:02:28.1287027Z [36;1m    })),[0m
2025-04-16T15:02:28.1287188Z [36;1m  };[0m
2025-04-16T15:02:28.1287348Z [36;1m  [0m
2025-04-16T15:02:28.1287640Z [36;1m  await fs.writeJson(path.join(logsDir, 'summary.json'), summary, { spaces: 2 });[0m
2025-04-16T15:02:28.1288066Z [36;1m  console.log('Workflow error logs sync completed');[0m
2025-04-16T15:02:28.1288340Z [36;1m}[0m
2025-04-16T15:02:28.1288495Z [36;1m[0m
2025-04-16T15:02:28.1288663Z [36;1mmain().catch(error => {[0m
2025-04-16T15:02:28.1288932Z [36;1m  console.error('Error in main process:', error);[0m
2025-04-16T15:02:28.1289218Z [36;1m  process.exit(1);[0m
2025-04-16T15:02:28.1289411Z [36;1m});[0m
2025-04-16T15:02:28.1289571Z [36;1mEOF[0m
2025-04-16T15:02:28.1289724Z [36;1m[0m
2025-04-16T15:02:28.1289904Z [36;1mnode fetch-workflow-logs.js[0m
2025-04-16T15:02:28.1337308Z shell: /usr/bin/bash -e {0}
2025-04-16T15:02:28.1337538Z env:
2025-04-16T15:02:28.1337706Z   CI: true
2025-04-16T15:02:28.1338084Z   GITHUB_TOKEN: ***
2025-04-16T15:02:28.1338278Z   REPO_OWNER: mrkurger
2025-04-16T15:02:28.1338493Z   REPO_NAME: date-night-app2
2025-04-16T15:02:28.1338707Z ##[endgroup]
2025-04-16T15:02:28.1801585Z node:internal/modules/cjs/loader:646
2025-04-16T15:02:28.1803798Z       throw e;
2025-04-16T15:02:28.1804333Z       ^
2025-04-16T15:02:28.1804618Z 
2025-04-16T15:02:28.1806031Z Error [ERR_PACKAGE_PATH_NOT_EXPORTED]: No "exports" main defined in /home/runner/work/date-night-app2/date-night-app2/node_modules/@octokit/plugin-throttling/package.json
2025-04-16T15:02:28.1807444Z     at exportsNotFound (node:internal/modules/esm/resolve:314:10)
2025-04-16T15:02:28.1813059Z     at packageExportsResolve (node:internal/modules/esm/resolve:604:13)
2025-04-16T15:02:28.1814269Z     at resolveExports (node:internal/modules/cjs/loader:639:36)
2025-04-16T15:02:28.1816333Z     at Function._findPath (node:internal/modules/cjs/loader:728:31)
2025-04-16T15:02:28.1817206Z     at Function._resolveFilename (node:internal/modules/cjs/loader:1211:27)
2025-04-16T15:02:28.1817982Z     at Function._load (node:internal/modules/cjs/loader:1055:27)
2025-04-16T15:02:28.1818702Z     at TracingChannel.traceSync (node:diagnostics_channel:322:14)
2025-04-16T15:02:28.1819424Z     at wrapModuleLoad (node:internal/modules/cjs/loader:220:24)
2025-04-16T15:02:28.1820127Z     at Module.require (node:internal/modules/cjs/loader:1311:12)
2025-04-16T15:02:28.1820770Z     at require (node:internal/modules/helpers:136:16) {
2025-04-16T15:02:28.1821299Z   code: 'ERR_PACKAGE_PATH_NOT_EXPORTED'
2025-04-16T15:02:28.1821704Z }
2025-04-16T15:02:28.1822348Z 
2025-04-16T15:02:28.1822488Z Node.js v22.14.0
2025-04-16T15:02:28.1854451Z ##[error]Process completed with exit code 1.
2025-04-16T15:02:28.1963793Z Post job cleanup.
2025-04-16T15:02:28.2985963Z [command]/usr/bin/git version
2025-04-16T15:02:28.3028195Z git version 2.49.0
2025-04-16T15:02:28.3078907Z Temporarily overriding HOME='/home/runner/work/_temp/5e42724a-f543-42f2-9689-d7a42412d3a6' before making global git config changes
2025-04-16T15:02:28.3080994Z Adding repository directory to the temporary git global config as a safe directory
2025-04-16T15:02:28.3096325Z [command]/usr/bin/git config --global --add safe.directory /home/runner/work/date-night-app2/date-night-app2
2025-04-16T15:02:28.3139632Z [command]/usr/bin/git config --local --name-only --get-regexp core\.sshCommand
2025-04-16T15:02:28.3179216Z [command]/usr/bin/git submodule foreach --recursive sh -c "git config --local --name-only --get-regexp 'core\.sshCommand' && git config --local --unset-all 'core.sshCommand' || :"
2025-04-16T15:02:28.3548706Z [command]/usr/bin/git config --local --name-only --get-regexp http\.https\:\/\/github\.com\/\.extraheader
2025-04-16T15:02:28.3599904Z http.https://github.com/.extraheader
2025-04-16T15:02:28.3634257Z [command]/usr/bin/git config --local --unset-all http.https://github.com/.extraheader
2025-04-16T15:02:28.3697069Z [command]/usr/bin/git submodule foreach --recursive sh -c "git config --local --name-only --get-regexp 'http\.https\:\/\/github\.com\/\.extraheader' && git config --local --unset-all 'http.https://github.com/.extraheader' || :"
2025-04-16T15:02:28.4238456Z Cleaning up orphan processes
