2025-04-19T03:20:33.6333943Z Current runner version: '2.323.0'
2025-04-19T03:20:33.6365723Z ##[group]Operating System
2025-04-19T03:20:33.6366893Z Ubuntu
2025-04-19T03:20:33.6367698Z 24.04.2
2025-04-19T03:20:33.6368736Z LTS
2025-04-19T03:20:33.6369674Z ##[endgroup]
2025-04-19T03:20:33.6370499Z ##[group]Runner Image
2025-04-19T03:20:33.6371527Z Image: ubuntu-24.04
2025-04-19T03:20:33.6372565Z Version: 20250413.1.0
2025-04-19T03:20:33.6374306Z Included Software: https://github.com/actions/runner-images/blob/ubuntu24/20250413.1/images/ubuntu/Ubuntu2404-Readme.md
2025-04-19T03:20:33.6376854Z Image Release: https://github.com/actions/runner-images/releases/tag/ubuntu24%2F20250413.1
2025-04-19T03:20:33.6378758Z ##[endgroup]
2025-04-19T03:20:33.6379695Z ##[group]Runner Image Provisioner
2025-04-19T03:20:33.6380651Z 2.0.422.1
2025-04-19T03:20:33.6381506Z ##[endgroup]
2025-04-19T03:20:33.6385905Z ##[group]GITHUB_TOKEN Permissions
2025-04-19T03:20:33.6388856Z Actions: write
2025-04-19T03:20:33.6389958Z Attestations: write
2025-04-19T03:20:33.6390976Z Checks: write
2025-04-19T03:20:33.6391803Z Contents: write
2025-04-19T03:20:33.6392640Z Deployments: write
2025-04-19T03:20:33.6393523Z Discussions: write
2025-04-19T03:20:33.6394437Z Issues: write
2025-04-19T03:20:33.6395238Z Metadata: read
2025-04-19T03:20:33.6396186Z Models: read
2025-04-19T03:20:33.6397077Z Packages: write
2025-04-19T03:20:33.6397880Z Pages: write
2025-04-19T03:20:33.6399020Z PullRequests: write
2025-04-19T03:20:33.6399979Z RepositoryProjects: write
2025-04-19T03:20:33.6400921Z SecurityEvents: write
2025-04-19T03:20:33.6401740Z Statuses: write
2025-04-19T03:20:33.6402769Z ##[endgroup]
2025-04-19T03:20:33.6405802Z Secret source: Actions
2025-04-19T03:20:33.6407137Z Prepare workflow directory
2025-04-19T03:20:33.7154271Z Prepare all required actions
2025-04-19T03:20:33.7210146Z Getting action download info
2025-04-19T03:20:34.1935117Z ##[group]Download immutable action package 'actions/checkout@v4'
2025-04-19T03:20:34.1936184Z Version: 4.2.2
2025-04-19T03:20:34.1937199Z Digest: sha256:ccb2698953eaebd21c7bf6268a94f9c26518a7e38e27e0b83c1fe1ad049819b1
2025-04-19T03:20:34.1938609Z Source commit SHA: 11bd71901bbe5b1630ceea73d27597364c9af683
2025-04-19T03:20:34.1939449Z ##[endgroup]
2025-04-19T03:20:34.2775326Z ##[group]Download immutable action package 'actions/setup-node@v4'
2025-04-19T03:20:34.2776117Z Version: 4.4.0
2025-04-19T03:20:34.2776891Z Digest: sha256:9427cefe82346e992fb5b949e3569b39d537ae41aa3086483b14eceebfc16bc1
2025-04-19T03:20:34.2777792Z Source commit SHA: 49933ea5288caeca8642d1e84afbd3f7d6820020
2025-04-19T03:20:34.2778873Z ##[endgroup]
2025-04-19T03:20:34.5780345Z Download action repository 'cypress-io/github-action@v6' (SHA:108b8684ae52e735ff7891524cbffbcd4be5b19f)
2025-04-19T03:20:35.1015647Z ##[group]Download immutable action package 'actions/upload-artifact@v4'
2025-04-19T03:20:35.1017133Z Version: 4.6.2
2025-04-19T03:20:35.1018650Z Digest: sha256:290722aa3281d5caf23d0acdc3dbeb3424786a1a01a9cc97e72f147225e37c38
2025-04-19T03:20:35.1020396Z Source commit SHA: ea165f8d65b6e75b540449e92b4886f43607fa02
2025-04-19T03:20:35.1021668Z ##[endgroup]
2025-04-19T03:20:35.3358609Z Complete job name: e2e (22.x)
2025-04-19T03:20:35.4014265Z ##[group]Run actions/checkout@v4
2025-04-19T03:20:35.4015488Z with:
2025-04-19T03:20:35.4016237Z   repository: mrkurger/date-night-app2
2025-04-19T03:20:35.4017471Z   token: ***
2025-04-19T03:20:35.4018354Z   ssh-strict: true
2025-04-19T03:20:35.4019090Z   ssh-user: git
2025-04-19T03:20:35.4019831Z   persist-credentials: true
2025-04-19T03:20:35.4020673Z   clean: true
2025-04-19T03:20:35.4021429Z   sparse-checkout-cone-mode: true
2025-04-19T03:20:35.4022341Z   fetch-depth: 1
2025-04-19T03:20:35.4023057Z   fetch-tags: false
2025-04-19T03:20:35.4023804Z   show-progress: true
2025-04-19T03:20:35.4024549Z   lfs: false
2025-04-19T03:20:35.4025241Z   submodules: false
2025-04-19T03:20:35.4025995Z   set-safe-directory: true
2025-04-19T03:20:35.4027053Z env:
2025-04-19T03:20:35.4027683Z   CI: true
2025-04-19T03:20:35.4028460Z ##[endgroup]
2025-04-19T03:20:35.5891552Z Syncing repository: mrkurger/date-night-app2
2025-04-19T03:20:35.5895052Z ##[group]Getting Git version info
2025-04-19T03:20:35.5897415Z Working directory is '/home/runner/work/date-night-app2/date-night-app2'
2025-04-19T03:20:35.5900961Z [command]/usr/bin/git version
2025-04-19T03:20:35.5965861Z git version 2.49.0
2025-04-19T03:20:35.6011502Z ##[endgroup]
2025-04-19T03:20:35.6029601Z Temporarily overriding HOME='/home/runner/work/_temp/6ca028e8-717b-453a-8b36-91cc2935b0fd' before making global git config changes
2025-04-19T03:20:35.6044557Z Adding repository directory to the temporary git global config as a safe directory
2025-04-19T03:20:35.6069360Z [command]/usr/bin/git config --global --add safe.directory /home/runner/work/date-night-app2/date-night-app2
2025-04-19T03:20:35.6117311Z Deleting the contents of '/home/runner/work/date-night-app2/date-night-app2'
2025-04-19T03:20:35.6121810Z ##[group]Initializing the repository
2025-04-19T03:20:35.6128706Z [command]/usr/bin/git init /home/runner/work/date-night-app2/date-night-app2
2025-04-19T03:20:35.6187675Z hint: Using 'master' as the name for the initial branch. This default branch name
2025-04-19T03:20:35.6191105Z hint: is subject to change. To configure the initial branch name to use in all
2025-04-19T03:20:35.6195169Z hint: of your new repositories, which will suppress this warning, call:
2025-04-19T03:20:35.6197415Z hint:
2025-04-19T03:20:35.6199637Z hint: 	git config --global init.defaultBranch <name>
2025-04-19T03:20:35.6201492Z hint:
2025-04-19T03:20:35.6203184Z hint: Names commonly chosen instead of 'master' are 'main', 'trunk' and
2025-04-19T03:20:35.6206161Z hint: 'development'. The just-created branch can be renamed via this command:
2025-04-19T03:20:35.6208840Z hint:
2025-04-19T03:20:35.6209989Z hint: 	git branch -m <name>
2025-04-19T03:20:35.6212406Z Initialized empty Git repository in /home/runner/work/date-night-app2/date-night-app2/.git/
2025-04-19T03:20:35.6218391Z [command]/usr/bin/git remote add origin https://github.com/mrkurger/date-night-app2
2025-04-19T03:20:35.6246063Z ##[endgroup]
2025-04-19T03:20:35.6249651Z ##[group]Disabling automatic garbage collection
2025-04-19T03:20:35.6252197Z [command]/usr/bin/git config --local gc.auto 0
2025-04-19T03:20:35.6284292Z ##[endgroup]
2025-04-19T03:20:35.6286327Z ##[group]Setting up auth
2025-04-19T03:20:35.6291740Z [command]/usr/bin/git config --local --name-only --get-regexp core\.sshCommand
2025-04-19T03:20:35.6327059Z [command]/usr/bin/git submodule foreach --recursive sh -c "git config --local --name-only --get-regexp 'core\.sshCommand' && git config --local --unset-all 'core.sshCommand' || :"
2025-04-19T03:20:35.6612417Z [command]/usr/bin/git config --local --name-only --get-regexp http\.https\:\/\/github\.com\/\.extraheader
2025-04-19T03:20:35.6647028Z [command]/usr/bin/git submodule foreach --recursive sh -c "git config --local --name-only --get-regexp 'http\.https\:\/\/github\.com\/\.extraheader' && git config --local --unset-all 'http.https://github.com/.extraheader' || :"
2025-04-19T03:20:35.7618477Z [command]/usr/bin/git config --local http.https://github.com/.extraheader AUTHORIZATION: basic ***
2025-04-19T03:20:35.7623918Z ##[endgroup]
2025-04-19T03:20:35.7625920Z ##[group]Fetching the repository
2025-04-19T03:20:35.7630288Z [command]/usr/bin/git -c protocol.version=2 fetch --no-tags --prune --no-recurse-submodules --depth=1 origin +9075bde59a1d8d50c2a11e6c19ddf0e65d576f7a:refs/remotes/origin/main
2025-04-19T03:20:38.6210922Z From https://github.com/mrkurger/date-night-app2
2025-04-19T03:20:38.6215656Z  * [new ref]         9075bde59a1d8d50c2a11e6c19ddf0e65d576f7a -> origin/main
2025-04-19T03:20:38.6247585Z ##[endgroup]
2025-04-19T03:20:38.6249458Z ##[group]Determining the checkout info
2025-04-19T03:20:38.6259835Z ##[endgroup]
2025-04-19T03:20:38.6261837Z [command]/usr/bin/git sparse-checkout disable
2025-04-19T03:20:38.6318578Z [command]/usr/bin/git config --local --unset-all extensions.worktreeConfig
2025-04-19T03:20:38.6367945Z ##[group]Checking out the ref
2025-04-19T03:20:38.6369847Z [command]/usr/bin/git checkout --progress --force -B main refs/remotes/origin/main
2025-04-19T03:20:39.2214881Z Switched to a new branch 'main'
2025-04-19T03:20:39.2224111Z branch 'main' set up to track 'origin/main'.
2025-04-19T03:20:39.2248737Z ##[endgroup]
2025-04-19T03:20:39.2301678Z [command]/usr/bin/git log -1 --format=%H
2025-04-19T03:20:39.2343174Z 9075bde59a1d8d50c2a11e6c19ddf0e65d576f7a
2025-04-19T03:20:39.2585334Z ##[group]Run actions/setup-node@v4
2025-04-19T03:20:39.2585789Z with:
2025-04-19T03:20:39.2586046Z   node-version: 22.x
2025-04-19T03:20:39.2586330Z   cache: npm
2025-04-19T03:20:39.2586670Z   cache-dependency-path: client-angular/package-lock.json
2025-04-19T03:20:39.2587106Z   always-auth: false
2025-04-19T03:20:39.2587406Z   check-latest: false
2025-04-19T03:20:39.2587822Z   token: ***
2025-04-19T03:20:39.2588278Z env:
2025-04-19T03:20:39.2588506Z   CI: true
2025-04-19T03:20:39.2588818Z ##[endgroup]
2025-04-19T03:20:39.4272869Z Found in cache @ /opt/hostedtoolcache/node/22.14.0/x64
2025-04-19T03:20:39.4278827Z ##[group]Environment details
2025-04-19T03:20:39.8326548Z node: v22.14.0
2025-04-19T03:20:39.8335257Z npm: 10.9.2
2025-04-19T03:20:39.8338047Z yarn: 1.22.22
2025-04-19T03:20:39.8339549Z ##[endgroup]
2025-04-19T03:20:39.8357950Z [command]/opt/hostedtoolcache/node/22.14.0/x64/bin/npm config get cache
2025-04-19T03:20:39.9600636Z /home/runner/.npm
2025-04-19T03:20:39.9740767Z ##[error]Some specified paths were not resolved, unable to cache dependencies.
2025-04-19T03:20:39.9926591Z ##[group]Run actions/upload-artifact@v4
2025-04-19T03:20:39.9926848Z with:
2025-04-19T03:20:39.9927028Z   name: cypress-screenshots
2025-04-19T03:20:39.9927264Z   path: ./client-angular/cypress/screenshots
2025-04-19T03:20:39.9927520Z   if-no-files-found: warn
2025-04-19T03:20:39.9927721Z   compression-level: 6
2025-04-19T03:20:39.9927901Z   overwrite: false
2025-04-19T03:20:39.9928086Z   include-hidden-files: false
2025-04-19T03:20:39.9928495Z env:
2025-04-19T03:20:39.9928647Z   CI: true
2025-04-19T03:20:39.9928808Z ##[endgroup]
2025-04-19T03:20:40.2011578Z ##[warning]No files were found with the provided path: ./client-angular/cypress/screenshots. No artifacts will be uploaded.
2025-04-19T03:20:40.2170467Z Post job cleanup.
2025-04-19T03:20:40.3107401Z [command]/usr/bin/git version
2025-04-19T03:20:40.3147602Z git version 2.49.0
2025-04-19T03:20:40.3195038Z Temporarily overriding HOME='/home/runner/work/_temp/e387476e-b875-4b3c-b83f-86ac3eaff782' before making global git config changes
2025-04-19T03:20:40.3197496Z Adding repository directory to the temporary git global config as a safe directory
2025-04-19T03:20:40.3201939Z [command]/usr/bin/git config --global --add safe.directory /home/runner/work/date-night-app2/date-night-app2
2025-04-19T03:20:40.3243715Z [command]/usr/bin/git config --local --name-only --get-regexp core\.sshCommand
2025-04-19T03:20:40.3280163Z [command]/usr/bin/git submodule foreach --recursive sh -c "git config --local --name-only --get-regexp 'core\.sshCommand' && git config --local --unset-all 'core.sshCommand' || :"
2025-04-19T03:20:40.3537293Z [command]/usr/bin/git config --local --name-only --get-regexp http\.https\:\/\/github\.com\/\.extraheader
2025-04-19T03:20:40.3561415Z http.https://github.com/.extraheader
2025-04-19T03:20:40.3575715Z [command]/usr/bin/git config --local --unset-all http.https://github.com/.extraheader
2025-04-19T03:20:40.3612019Z [command]/usr/bin/git submodule foreach --recursive sh -c "git config --local --name-only --get-regexp 'http\.https\:\/\/github\.com\/\.extraheader' && git config --local --unset-all 'http.https://github.com/.extraheader' || :"
2025-04-19T03:20:40.3957234Z Cleaning up orphan processes
