2025-04-16T11:24:54.4941153Z Current runner version: '2.323.0'
2025-04-16T11:24:54.5014999Z ##[group]Operating System
2025-04-16T11:24:54.5016084Z Ubuntu
2025-04-16T11:24:54.5016903Z 24.04.2
2025-04-16T11:24:54.5017595Z LTS
2025-04-16T11:24:54.5018368Z ##[endgroup]
2025-04-16T11:24:54.5019195Z ##[group]Runner Image
2025-04-16T11:24:54.5020126Z Image: ubuntu-24.04
2025-04-16T11:24:54.5020932Z Version: 20250413.1.0
2025-04-16T11:24:54.5022720Z Included Software: https://github.com/actions/runner-images/blob/ubuntu24/20250413.1/images/ubuntu/Ubuntu2404-Readme.md
2025-04-16T11:24:54.5025503Z Image Release: https://github.com/actions/runner-images/releases/tag/ubuntu24%2F20250413.1
2025-04-16T11:24:54.5026970Z ##[endgroup]
2025-04-16T11:24:54.5027877Z ##[group]Runner Image Provisioner
2025-04-16T11:24:54.5028802Z 2.0.422.1
2025-04-16T11:24:54.5029530Z ##[endgroup]
2025-04-16T11:24:54.5031347Z ##[group]GITHUB_TOKEN Permissions
2025-04-16T11:24:54.5054149Z Contents: read
2025-04-16T11:24:54.5055071Z Metadata: read
2025-04-16T11:24:54.5056093Z Packages: read
2025-04-16T11:24:54.5057043Z ##[endgroup]
2025-04-16T11:24:54.5060104Z Secret source: Actions
2025-04-16T11:24:54.5061234Z Prepare workflow directory
2025-04-16T11:24:54.6008557Z Prepare all required actions
2025-04-16T11:24:54.6142591Z Getting action download info
2025-04-16T11:24:55.0484112Z ##[group]Download immutable action package 'actions/checkout@v4'
2025-04-16T11:24:55.0485164Z Version: 4.2.2
2025-04-16T11:24:55.0486262Z Digest: sha256:ccb2698953eaebd21c7bf6268a94f9c26518a7e38e27e0b83c1fe1ad049819b1
2025-04-16T11:24:55.0487447Z Source commit SHA: 11bd71901bbe5b1630ceea73d27597364c9af683
2025-04-16T11:24:55.0488121Z ##[endgroup]
2025-04-16T11:24:55.1643514Z ##[group]Download immutable action package 'actions/setup-node@v4'
2025-04-16T11:24:55.1644611Z Version: 4.4.0
2025-04-16T11:24:55.1645372Z Digest: sha256:9427cefe82346e992fb5b949e3569b39d537ae41aa3086483b14eceebfc16bc1
2025-04-16T11:24:55.1646279Z Source commit SHA: 49933ea5288caeca8642d1e84afbd3f7d6820020
2025-04-16T11:24:55.1647056Z ##[endgroup]
2025-04-16T11:24:55.4260530Z ##[group]Download immutable action package 'actions/upload-artifact@v4'
2025-04-16T11:24:55.4261447Z Version: 4.6.2
2025-04-16T11:24:55.4262162Z Digest: sha256:290722aa3281d5caf23d0acdc3dbeb3424786a1a01a9cc97e72f147225e37c38
2025-04-16T11:24:55.4263129Z Source commit SHA: ea165f8d65b6e75b540449e92b4886f43607fa02
2025-04-16T11:24:55.4264009Z ##[endgroup]
2025-04-16T11:24:55.6487602Z Complete job name: test (22.x)
2025-04-16T11:24:55.7055826Z ##[group]Run actions/checkout@v4
2025-04-16T11:24:55.7056657Z with:
2025-04-16T11:24:55.7057057Z   repository: mrkurger/date-night-app2
2025-04-16T11:24:55.7057751Z   token: ***
2025-04-16T11:24:55.7058115Z   ssh-strict: true
2025-04-16T11:24:55.7058505Z   ssh-user: git
2025-04-16T11:24:55.7058895Z   persist-credentials: true
2025-04-16T11:24:55.7059327Z   clean: true
2025-04-16T11:24:55.7059713Z   sparse-checkout-cone-mode: true
2025-04-16T11:24:55.7060183Z   fetch-depth: 1
2025-04-16T11:24:55.7060562Z   fetch-tags: false
2025-04-16T11:24:55.7060982Z   show-progress: true
2025-04-16T11:24:55.7061392Z   lfs: false
2025-04-16T11:24:55.7061741Z   submodules: false
2025-04-16T11:24:55.7062131Z   set-safe-directory: true
2025-04-16T11:24:55.7063186Z ##[endgroup]
2025-04-16T11:24:55.8943307Z Syncing repository: mrkurger/date-night-app2
2025-04-16T11:24:55.8946298Z ##[group]Getting Git version info
2025-04-16T11:24:55.8947658Z Working directory is '/home/runner/work/date-night-app2/date-night-app2'
2025-04-16T11:24:55.8950312Z [command]/usr/bin/git version
2025-04-16T11:24:55.9022774Z git version 2.49.0
2025-04-16T11:24:55.9054194Z ##[endgroup]
2025-04-16T11:24:55.9069758Z Temporarily overriding HOME='/home/runner/work/_temp/e1c49abf-3d37-4f2c-9dae-66db0c1519d3' before making global git config changes
2025-04-16T11:24:55.9073581Z Adding repository directory to the temporary git global config as a safe directory
2025-04-16T11:24:55.9077659Z [command]/usr/bin/git config --global --add safe.directory /home/runner/work/date-night-app2/date-night-app2
2025-04-16T11:24:55.9121635Z Deleting the contents of '/home/runner/work/date-night-app2/date-night-app2'
2025-04-16T11:24:55.9131388Z ##[group]Initializing the repository
2025-04-16T11:24:55.9134012Z [command]/usr/bin/git init /home/runner/work/date-night-app2/date-night-app2
2025-04-16T11:24:55.9204782Z hint: Using 'master' as the name for the initial branch. This default branch name
2025-04-16T11:24:55.9206491Z hint: is subject to change. To configure the initial branch name to use in all
2025-04-16T11:24:55.9208291Z hint: of your new repositories, which will suppress this warning, call:
2025-04-16T11:24:55.9210006Z hint:
2025-04-16T11:24:55.9211997Z hint: 	git config --global init.defaultBranch <name>
2025-04-16T11:24:55.9212937Z hint:
2025-04-16T11:24:55.9214179Z hint: Names commonly chosen instead of 'master' are 'main', 'trunk' and
2025-04-16T11:24:55.9215850Z hint: 'development'. The just-created branch can be renamed via this command:
2025-04-16T11:24:55.9217146Z hint:
2025-04-16T11:24:55.9217857Z hint: 	git branch -m <name>
2025-04-16T11:24:55.9220198Z Initialized empty Git repository in /home/runner/work/date-night-app2/date-night-app2/.git/
2025-04-16T11:24:55.9228222Z [command]/usr/bin/git remote add origin https://github.com/mrkurger/date-night-app2
2025-04-16T11:24:55.9263637Z ##[endgroup]
2025-04-16T11:24:55.9266693Z ##[group]Disabling automatic garbage collection
2025-04-16T11:24:55.9268915Z [command]/usr/bin/git config --local gc.auto 0
2025-04-16T11:24:55.9303007Z ##[endgroup]
2025-04-16T11:24:55.9305710Z ##[group]Setting up auth
2025-04-16T11:24:55.9310125Z [command]/usr/bin/git config --local --name-only --get-regexp core\.sshCommand
2025-04-16T11:24:55.9344843Z [command]/usr/bin/git submodule foreach --recursive sh -c "git config --local --name-only --get-regexp 'core\.sshCommand' && git config --local --unset-all 'core.sshCommand' || :"
2025-04-16T11:24:55.9641296Z [command]/usr/bin/git config --local --name-only --get-regexp http\.https\:\/\/github\.com\/\.extraheader
2025-04-16T11:24:55.9678573Z [command]/usr/bin/git submodule foreach --recursive sh -c "git config --local --name-only --get-regexp 'http\.https\:\/\/github\.com\/\.extraheader' && git config --local --unset-all 'http.https://github.com/.extraheader' || :"
2025-04-16T11:24:55.9915011Z [command]/usr/bin/git config --local http.https://github.com/.extraheader AUTHORIZATION: basic ***
2025-04-16T11:24:55.9958394Z ##[endgroup]
2025-04-16T11:24:55.9965371Z ##[group]Fetching the repository
2025-04-16T11:24:55.9970186Z [command]/usr/bin/git -c protocol.version=2 fetch --no-tags --prune --no-recurse-submodules --depth=1 origin +46264212a39d07df9d402cbfa36b3f310ed15bba:refs/remotes/origin/main
2025-04-16T11:24:58.4240772Z From https://github.com/mrkurger/date-night-app2
2025-04-16T11:24:58.4242969Z  * [new ref]         46264212a39d07df9d402cbfa36b3f310ed15bba -> origin/main
2025-04-16T11:24:58.4274365Z ##[endgroup]
2025-04-16T11:24:58.4276217Z ##[group]Determining the checkout info
2025-04-16T11:24:58.4278921Z ##[endgroup]
2025-04-16T11:24:58.4285327Z [command]/usr/bin/git sparse-checkout disable
2025-04-16T11:24:58.4329102Z [command]/usr/bin/git config --local --unset-all extensions.worktreeConfig
2025-04-16T11:24:58.4362101Z ##[group]Checking out the ref
2025-04-16T11:24:58.4364810Z [command]/usr/bin/git checkout --progress --force -B main refs/remotes/origin/main
2025-04-16T11:24:58.9120083Z Switched to a new branch 'main'
2025-04-16T11:24:58.9125518Z branch 'main' set up to track 'origin/main'.
2025-04-16T11:24:58.9144971Z ##[endgroup]
2025-04-16T11:24:58.9185931Z [command]/usr/bin/git log -1 --format=%H
2025-04-16T11:24:58.9209525Z 46264212a39d07df9d402cbfa36b3f310ed15bba
2025-04-16T11:24:58.9444698Z ##[group]Run actions/setup-node@v4
2025-04-16T11:24:58.9445020Z with:
2025-04-16T11:24:58.9445221Z   node-version: 22.x
2025-04-16T11:24:58.9445447Z   cache: npm
2025-04-16T11:24:58.9445726Z   cache-dependency-path: client-angular/package-lock.json
2025-04-16T11:24:58.9446051Z   always-auth: false
2025-04-16T11:24:58.9446275Z   check-latest: false
2025-04-16T11:24:58.9446829Z   token: ***
2025-04-16T11:24:58.9447048Z ##[endgroup]
2025-04-16T11:24:59.1198573Z Found in cache @ /opt/hostedtoolcache/node/22.14.0/x64
2025-04-16T11:24:59.1202662Z ##[group]Environment details
2025-04-16T11:24:59.6702374Z node: v22.14.0
2025-04-16T11:24:59.6704898Z npm: 10.9.2
2025-04-16T11:24:59.6705201Z yarn: 1.22.22
2025-04-16T11:24:59.6707753Z ##[endgroup]
2025-04-16T11:24:59.6734864Z [command]/opt/hostedtoolcache/node/22.14.0/x64/bin/npm config get cache
2025-04-16T11:24:59.7854704Z /home/runner/.npm
2025-04-16T11:24:59.9088555Z Cache hit for: node-cache-Linux-x64-npm-eed186788acb99c392cc79891935d042040413390720b7932c16d8b7ca478e8b
2025-04-16T11:25:00.5022677Z Received 69351304 of 69351304 (100.0%), 121.8 MBs/sec
2025-04-16T11:25:00.5028395Z Cache Size: ~66 MB (69351304 B)
2025-04-16T11:25:00.5064967Z [command]/usr/bin/tar -xf /home/runner/work/_temp/32ce84fc-3348-4494-9471-fdca62c58307/cache.tzst -P -C /home/runner/work/date-night-app2/date-night-app2 --use-compress-program unzstd
2025-04-16T11:25:00.8165789Z Cache restored successfully
2025-04-16T11:25:00.8336470Z Cache restored from key: node-cache-Linux-x64-npm-eed186788acb99c392cc79891935d042040413390720b7932c16d8b7ca478e8b
2025-04-16T11:25:00.8496870Z ##[group]Run npm ci
2025-04-16T11:25:00.8497171Z [36;1mnpm ci[0m
2025-04-16T11:25:00.8549360Z shell: /usr/bin/bash -e {0}
2025-04-16T11:25:00.8549621Z ##[endgroup]
2025-04-16T11:25:07.5805127Z npm warn deprecated inflight@1.0.6: This module is not supported, and leaks memory. Do not use it. Check out lru-cache if you want a good and tested way to coalesce async requests by a key value, which is much more comprehensive and powerful.
2025-04-16T11:25:08.0138971Z npm warn deprecated rimraf@3.0.2: Rimraf versions prior to v4 are no longer supported
2025-04-16T11:25:08.0665978Z npm warn deprecated abab@2.0.6: Use your platform's native atob() and btoa() methods instead
2025-04-16T11:25:08.3555721Z npm warn deprecated glob@7.2.3: Glob versions prior to v9 are no longer supported
2025-04-16T11:25:08.6006123Z npm warn deprecated domexception@4.0.0: Use your platform's native DOMException instead
2025-04-16T11:25:09.7069814Z npm warn deprecated @humanwhocodes/config-array@0.11.14: Use @eslint/config-array instead
2025-04-16T11:25:09.7082622Z npm warn deprecated @humanwhocodes/object-schema@2.0.3: Use @eslint/object-schema instead
2025-04-16T11:25:12.9166521Z npm warn deprecated eslint@8.56.0: This version is no longer supported. Please see https://eslint.org/version-support for other options.
2025-04-16T11:25:27.1327915Z 
2025-04-16T11:25:27.1332586Z > date-night-app@1.0.0 prepare
2025-04-16T11:25:27.1351550Z > husky
2025-04-16T11:25:27.1352362Z 
2025-04-16T11:25:27.1476230Z sh: 1: husky: not found
2025-04-16T11:25:27.1511184Z npm error code 127
2025-04-16T11:25:27.1512125Z npm error path /home/runner/work/date-night-app2/date-night-app2
2025-04-16T11:25:27.1512805Z npm error command failed
2025-04-16T11:25:27.1515782Z npm error command sh -c husky
2025-04-16T11:25:27.1520313Z npm error A complete log of this run can be found in: /home/runner/.npm/_logs/2025-04-16T11_25_00_914Z-debug-0.log
2025-04-16T11:25:27.2442420Z ##[error]Process completed with exit code 127.
2025-04-16T11:25:27.2522376Z ##[group]Run actions/upload-artifact@v4
2025-04-16T11:25:27.2522667Z with:
2025-04-16T11:25:27.2522855Z   name: test-results
2025-04-16T11:25:27.2523063Z   path: ./client-angular/coverage
2025-04-16T11:25:27.2523297Z   if-no-files-found: warn
2025-04-16T11:25:27.2523504Z   compression-level: 6
2025-04-16T11:25:27.2523907Z   overwrite: false
2025-04-16T11:25:27.2524225Z   include-hidden-files: false
2025-04-16T11:25:27.2524444Z ##[endgroup]
2025-04-16T11:25:27.4665269Z ##[warning]No files were found with the provided path: ./client-angular/coverage. No artifacts will be uploaded.
2025-04-16T11:25:27.4808645Z Post job cleanup.
2025-04-16T11:25:27.5758360Z [command]/usr/bin/git version
2025-04-16T11:25:27.5798975Z git version 2.49.0
2025-04-16T11:25:27.5844943Z Temporarily overriding HOME='/home/runner/work/_temp/82c79a01-d905-415e-98dd-4bfb5f18ca5f' before making global git config changes
2025-04-16T11:25:27.5847020Z Adding repository directory to the temporary git global config as a safe directory
2025-04-16T11:25:27.5852417Z [command]/usr/bin/git config --global --add safe.directory /home/runner/work/date-night-app2/date-night-app2
2025-04-16T11:25:27.5896413Z [command]/usr/bin/git config --local --name-only --get-regexp core\.sshCommand
2025-04-16T11:25:27.5933456Z [command]/usr/bin/git submodule foreach --recursive sh -c "git config --local --name-only --get-regexp 'core\.sshCommand' && git config --local --unset-all 'core.sshCommand' || :"
2025-04-16T11:25:27.6177260Z [command]/usr/bin/git config --local --name-only --get-regexp http\.https\:\/\/github\.com\/\.extraheader
2025-04-16T11:25:27.6201207Z http.https://github.com/.extraheader
2025-04-16T11:25:27.6217028Z [command]/usr/bin/git config --local --unset-all http.https://github.com/.extraheader
2025-04-16T11:25:27.6251833Z [command]/usr/bin/git submodule foreach --recursive sh -c "git config --local --name-only --get-regexp 'http\.https\:\/\/github\.com\/\.extraheader' && git config --local --unset-all 'http.https://github.com/.extraheader' || :"
2025-04-16T11:25:27.6615962Z Cleaning up orphan processes
