2025-04-18T17:25:24.9058478Z Current runner version: '2.323.0'
2025-04-18T17:25:24.9135049Z ##[group]Operating System
2025-04-18T17:25:24.9136306Z Ubuntu
2025-04-18T17:25:24.9137047Z 24.04.2
2025-04-18T17:25:24.9137833Z LTS
2025-04-18T17:25:24.9138744Z ##[endgroup]
2025-04-18T17:25:24.9139543Z ##[group]Runner Image
2025-04-18T17:25:24.9140447Z Image: ubuntu-24.04
2025-04-18T17:25:24.9141319Z Version: 20250413.1.0
2025-04-18T17:25:24.9143008Z Included Software: https://github.com/actions/runner-images/blob/ubuntu24/20250413.1/images/ubuntu/Ubuntu2404-Readme.md
2025-04-18T17:25:24.9166057Z Image Release: https://github.com/actions/runner-images/releases/tag/ubuntu24%2F20250413.1
2025-04-18T17:25:24.9167640Z ##[endgroup]
2025-04-18T17:25:24.9168523Z ##[group]Runner Image Provisioner
2025-04-18T17:25:24.9169747Z 2.0.422.1
2025-04-18T17:25:24.9170541Z ##[endgroup]
2025-04-18T17:25:24.9172485Z ##[group]GITHUB_TOKEN Permissions
2025-04-18T17:25:24.9175879Z Contents: write
2025-04-18T17:25:24.9176820Z Metadata: read
2025-04-18T17:25:24.9178145Z SecurityEvents: read
2025-04-18T17:25:24.9179199Z ##[endgroup]
2025-04-18T17:25:24.9182281Z Secret source: Actions
2025-04-18T17:25:24.9204082Z Prepare workflow directory
2025-04-18T17:25:24.9999786Z Prepare all required actions
2025-04-18T17:25:25.0056686Z Getting action download info
2025-04-18T17:25:25.4758927Z ##[group]Download immutable action package 'actions/checkout@v4'
2025-04-18T17:25:25.4760149Z Version: 4.2.2
2025-04-18T17:25:25.4761208Z Digest: sha256:ccb2698953eaebd21c7bf6268a94f9c26518a7e38e27e0b83c1fe1ad049819b1
2025-04-18T17:25:25.4762752Z Source commit SHA: 11bd71901bbe5b1630ceea73d27597364c9af683
2025-04-18T17:25:25.4763670Z ##[endgroup]
2025-04-18T17:25:25.5683646Z ##[group]Download immutable action package 'actions/setup-node@v4'
2025-04-18T17:25:25.5684508Z Version: 4.4.0
2025-04-18T17:25:25.5685261Z Digest: sha256:9427cefe82346e992fb5b949e3569b39d537ae41aa3086483b14eceebfc16bc1
2025-04-18T17:25:25.5686151Z Source commit SHA: 49933ea5288caeca8642d1e84afbd3f7d6820020
2025-04-18T17:25:25.5686898Z ##[endgroup]
2025-04-18T17:25:25.8814180Z Complete job name: sync-snyk-issues
2025-04-18T17:25:25.9520871Z ##[group]Run actions/checkout@v4
2025-04-18T17:25:25.9521668Z with:
2025-04-18T17:25:25.9522078Z   fetch-depth: 0
2025-04-18T17:25:25.9522633Z   token: ***
2025-04-18T17:25:25.9523046Z   repository: mrkurger/date-night-app2
2025-04-18T17:25:25.9523706Z   ssh-strict: true
2025-04-18T17:25:25.9524095Z   ssh-user: git
2025-04-18T17:25:25.9524491Z   persist-credentials: true
2025-04-18T17:25:25.9524929Z   clean: true
2025-04-18T17:25:25.9525321Z   sparse-checkout-cone-mode: true
2025-04-18T17:25:25.9525781Z   fetch-tags: false
2025-04-18T17:25:25.9526180Z   show-progress: true
2025-04-18T17:25:25.9526705Z   lfs: false
2025-04-18T17:25:25.9527098Z   submodules: false
2025-04-18T17:25:25.9527489Z   set-safe-directory: true
2025-04-18T17:25:25.9528220Z ##[endgroup]
2025-04-18T17:25:26.1484808Z Syncing repository: mrkurger/date-night-app2
2025-04-18T17:25:26.1487392Z ##[group]Getting Git version info
2025-04-18T17:25:26.1488643Z Working directory is '/home/runner/work/date-night-app2/date-night-app2'
2025-04-18T17:25:26.1490191Z [command]/usr/bin/git version
2025-04-18T17:25:26.1560914Z git version 2.49.0
2025-04-18T17:25:26.1595976Z ##[endgroup]
2025-04-18T17:25:26.1607792Z Temporarily overriding HOME='/home/runner/work/_temp/ba606bf4-40cd-48c0-9d79-7af9728862a4' before making global git config changes
2025-04-18T17:25:26.1610547Z Adding repository directory to the temporary git global config as a safe directory
2025-04-18T17:25:26.1625083Z [command]/usr/bin/git config --global --add safe.directory /home/runner/work/date-night-app2/date-night-app2
2025-04-18T17:25:26.1669129Z Deleting the contents of '/home/runner/work/date-night-app2/date-night-app2'
2025-04-18T17:25:26.1674745Z ##[group]Initializing the repository
2025-04-18T17:25:26.1680875Z [command]/usr/bin/git init /home/runner/work/date-night-app2/date-night-app2
2025-04-18T17:25:26.1778409Z hint: Using 'master' as the name for the initial branch. This default branch name
2025-04-18T17:25:26.1780491Z hint: is subject to change. To configure the initial branch name to use in all
2025-04-18T17:25:26.1781927Z hint: of your new repositories, which will suppress this warning, call:
2025-04-18T17:25:26.1783024Z hint:
2025-04-18T17:25:26.1784004Z hint: 	git config --global init.defaultBranch <name>
2025-04-18T17:25:26.1785169Z hint:
2025-04-18T17:25:26.1786080Z hint: Names commonly chosen instead of 'master' are 'main', 'trunk' and
2025-04-18T17:25:26.1787530Z hint: 'development'. The just-created branch can be renamed via this command:
2025-04-18T17:25:26.1788789Z hint:
2025-04-18T17:25:26.1789491Z hint: 	git branch -m <name>
2025-04-18T17:25:26.1792559Z Initialized empty Git repository in /home/runner/work/date-night-app2/date-night-app2/.git/
2025-04-18T17:25:26.1802621Z [command]/usr/bin/git remote add origin https://github.com/mrkurger/date-night-app2
2025-04-18T17:25:26.1839696Z ##[endgroup]
2025-04-18T17:25:26.1841252Z ##[group]Disabling automatic garbage collection
2025-04-18T17:25:26.1843948Z [command]/usr/bin/git config --local gc.auto 0
2025-04-18T17:25:26.1878593Z ##[endgroup]
2025-04-18T17:25:26.1880162Z ##[group]Setting up auth
2025-04-18T17:25:26.1887739Z [command]/usr/bin/git config --local --name-only --get-regexp core\.sshCommand
2025-04-18T17:25:26.1922080Z [command]/usr/bin/git submodule foreach --recursive sh -c "git config --local --name-only --get-regexp 'core\.sshCommand' && git config --local --unset-all 'core.sshCommand' || :"
2025-04-18T17:25:26.2228675Z [command]/usr/bin/git config --local --name-only --get-regexp http\.https\:\/\/github\.com\/\.extraheader
2025-04-18T17:25:26.2262089Z [command]/usr/bin/git submodule foreach --recursive sh -c "git config --local --name-only --get-regexp 'http\.https\:\/\/github\.com\/\.extraheader' && git config --local --unset-all 'http.https://github.com/.extraheader' || :"
2025-04-18T17:25:26.2500722Z [command]/usr/bin/git config --local http.https://github.com/.extraheader AUTHORIZATION: basic ***
2025-04-18T17:25:26.2552876Z ##[endgroup]
2025-04-18T17:25:26.2554660Z ##[group]Fetching the repository
2025-04-18T17:25:26.2558743Z [command]/usr/bin/git -c protocol.version=2 fetch --prune --no-recurse-submodules origin +refs/heads/*:refs/remotes/origin/* +refs/tags/*:refs/tags/*
2025-04-18T17:25:34.7236334Z From https://github.com/mrkurger/date-night-app2
2025-04-18T17:25:34.7238709Z  * [new branch]      main       -> origin/main
2025-04-18T17:25:34.7275456Z [command]/usr/bin/git branch --list --remote origin/main
2025-04-18T17:25:34.7300324Z   origin/main
2025-04-18T17:25:34.7315051Z [command]/usr/bin/git rev-parse refs/remotes/origin/main
2025-04-18T17:25:34.7336955Z 150748888673233ffbfd6fdd5f13eeea6e77a4c9
2025-04-18T17:25:34.7347925Z ##[endgroup]
2025-04-18T17:25:34.7348809Z ##[group]Determining the checkout info
2025-04-18T17:25:34.7350805Z ##[endgroup]
2025-04-18T17:25:34.7352420Z [command]/usr/bin/git sparse-checkout disable
2025-04-18T17:25:34.7395492Z [command]/usr/bin/git config --local --unset-all extensions.worktreeConfig
2025-04-18T17:25:34.7427689Z ##[group]Checking out the ref
2025-04-18T17:25:34.7429118Z [command]/usr/bin/git checkout --progress --force -B main refs/remotes/origin/main
2025-04-18T17:25:35.2208728Z Switched to a new branch 'main'
2025-04-18T17:25:35.2213444Z branch 'main' set up to track 'origin/main'.
2025-04-18T17:25:35.2238537Z ##[endgroup]
2025-04-18T17:25:35.2282062Z [command]/usr/bin/git log -1 --format=%H
2025-04-18T17:25:35.2307014Z 150748888673233ffbfd6fdd5f13eeea6e77a4c9
2025-04-18T17:25:35.2533419Z ##[group]Run actions/setup-node@v4
2025-04-18T17:25:35.2533756Z with:
2025-04-18T17:25:35.2533984Z   node-version: 22
2025-04-18T17:25:35.2534203Z   always-auth: false
2025-04-18T17:25:35.2534438Z   check-latest: false
2025-04-18T17:25:35.2534810Z   token: ***
2025-04-18T17:25:35.2535024Z ##[endgroup]
2025-04-18T17:25:35.4280316Z Found in cache @ /opt/hostedtoolcache/node/22.14.0/x64
2025-04-18T17:25:35.4286086Z ##[group]Environment details
2025-04-18T17:25:35.9287727Z node: v22.14.0
2025-04-18T17:25:35.9296407Z npm: 10.9.2
2025-04-18T17:25:35.9296750Z yarn: 1.22.22
2025-04-18T17:25:35.9297596Z ##[endgroup]
2025-04-18T17:25:35.9403747Z ##[group]Run npm install
2025-04-18T17:25:35.9404077Z [36;1mnpm install[0m
2025-04-18T17:25:35.9404300Z [36;1mcd server && npm install[0m
2025-04-18T17:25:35.9404580Z [36;1mcd ../client-angular && npm install[0m
2025-04-18T17:25:35.9404940Z [36;1m# Install Snyk as a dev dependency instead of globally[0m
2025-04-18T17:25:35.9405264Z [36;1mnpm install --save-dev snyk[0m
2025-04-18T17:25:35.9456811Z shell: /usr/bin/bash -e {0}
2025-04-18T17:25:35.9457070Z ##[endgroup]
2025-04-18T17:25:39.3489555Z npm warn deprecated xss-clean@0.1.4: Package no longer supported. Contact Support at https://www.npmjs.com/support for more info.
2025-04-18T17:25:40.7555479Z npm warn deprecated passport-reddit@1.1.0: While functionally complete, this library will not be receiving any updates going forwards. Users are actively discouraged from using OAuth2 for authentication. See archival notice on github for more details.
2025-04-18T17:25:41.0635090Z npm warn deprecated npmlog@5.0.1: This package is no longer supported.
2025-04-18T17:25:41.4997125Z npm warn deprecated superagent@8.1.2: Please upgrade to v9.0.0+ as we have fixed a public vulnerability with formidable dependency. Note that v9.0.0+ requires Node.js v14.18.0+. See https://github.com/ladjs/superagent/pull/1800 for insight. This project is supported and maintained by the team at Forward Email @ https://forwardemail.net
2025-04-18T17:25:42.3229207Z npm warn deprecated gauge@3.0.2: This package is no longer supported.
2025-04-18T17:25:42.6506329Z npm warn deprecated domexception@4.0.0: Use your platform's native DOMException instead
2025-04-18T17:25:43.4231854Z npm warn deprecated are-we-there-yet@2.0.0: This package is no longer supported.
2025-04-18T17:25:43.5424263Z npm warn deprecated abab@2.0.6: Use your platform's native atob() and btoa() methods instead
2025-04-18T17:26:15.1889763Z 
2025-04-18T17:26:15.1900375Z > date-night-app@1.0.0 preinstall
2025-04-18T17:26:15.1901290Z > node scripts/disable-husky-in-ci.js
2025-04-18T17:26:15.1905643Z 
2025-04-18T17:26:15.2191441Z .huskyrc file created to disable husky in CI environments
2025-04-18T17:26:15.2200896Z .huskyrc file made executable
2025-04-18T17:26:15.2255528Z 
2025-04-18T17:26:15.2260468Z > date-night-app@1.0.0 prepare
2025-04-18T17:26:15.2261090Z > [ -n "$CI" ] || husky
2025-04-18T17:26:15.2261339Z 
2025-04-18T17:26:15.2552776Z 
2025-04-18T17:26:15.2557904Z added 1645 packages, and audited 1648 packages in 39s
2025-04-18T17:26:15.2562186Z 
2025-04-18T17:26:15.2566127Z 253 packages are looking for funding
2025-04-18T17:26:15.2569648Z   run `npm fund` for details
2025-04-18T17:26:15.2604106Z 
2025-04-18T17:26:15.2604769Z 1 moderate severity vulnerability
2025-04-18T17:26:15.2605097Z 
2025-04-18T17:26:15.2605285Z To address all issues, run:
2025-04-18T17:26:15.2605665Z   npm audit fix
2025-04-18T17:26:15.2605863Z 
2025-04-18T17:26:15.2606068Z Run `npm audit` for details.
2025-04-18T17:26:17.8604255Z 
2025-04-18T17:26:17.8610218Z > date-night-app@1.0.0 preinstall
2025-04-18T17:26:17.8611602Z > node scripts/disable-husky-in-ci.js
2025-04-18T17:26:17.8612544Z 
2025-04-18T17:26:17.8899870Z .huskyrc file created to disable husky in CI environments
2025-04-18T17:26:17.8902598Z .huskyrc file made executable
2025-04-18T17:26:17.8950254Z 
2025-04-18T17:26:17.8951961Z > date-night-app@1.0.0 prepare
2025-04-18T17:26:17.8953132Z > [ -n "$CI" ] || husky
2025-04-18T17:26:17.8955890Z 
2025-04-18T17:26:17.9041059Z 
2025-04-18T17:26:17.9041655Z up to date, audited 1648 packages in 3s
2025-04-18T17:26:17.9042209Z 
2025-04-18T17:26:17.9042579Z 253 packages are looking for funding
2025-04-18T17:26:17.9043471Z   run `npm fund` for details
2025-04-18T17:26:17.9058063Z 
2025-04-18T17:26:17.9058576Z found 0 vulnerabilities
2025-04-18T17:26:20.4819696Z 
2025-04-18T17:26:20.4821452Z > date-night-app@1.0.0 preinstall
2025-04-18T17:26:20.4823445Z > node scripts/disable-husky-in-ci.js
2025-04-18T17:26:20.4825248Z 
2025-04-18T17:26:20.5064149Z .huskyrc file created to disable husky in CI environments
2025-04-18T17:26:20.5067786Z .huskyrc file made executable
2025-04-18T17:26:20.5114227Z 
2025-04-18T17:26:20.5118438Z > date-night-app@1.0.0 prepare
2025-04-18T17:26:20.5119093Z > [ -n "$CI" ] || husky
2025-04-18T17:26:20.5119431Z 
2025-04-18T17:26:20.5207565Z 
2025-04-18T17:26:20.5207958Z up to date, audited 1648 packages in 3s
2025-04-18T17:26:20.5208817Z 
2025-04-18T17:26:20.5210642Z 253 packages are looking for funding
2025-04-18T17:26:20.5215563Z   run `npm fund` for details
2025-04-18T17:26:20.5228850Z 
2025-04-18T17:26:20.5230125Z found 0 vulnerabilities
2025-04-18T17:26:23.5176173Z npm warn deprecated boolean@3.2.0: Package no longer supported. Contact Support at https://www.npmjs.com/support for more info.
2025-04-18T17:26:26.6884045Z 
2025-04-18T17:26:26.6884744Z added 23 packages, and audited 1671 packages in 6s
2025-04-18T17:26:26.6887748Z 
2025-04-18T17:26:26.6888186Z 259 packages are looking for funding
2025-04-18T17:26:26.6889720Z   run `npm fund` for details
2025-04-18T17:26:26.6901509Z 
2025-04-18T17:26:26.6902366Z found 0 vulnerabilities
2025-04-18T17:26:26.7159698Z ##[group]Run npx snyk auth ***
2025-04-18T17:26:26.7160114Z [36;1mnpx snyk auth ***[0m
2025-04-18T17:26:26.7209294Z shell: /usr/bin/bash -e {0}
2025-04-18T17:26:26.7209519Z env:
2025-04-18T17:26:26.7209778Z   SNYK_TOKEN: ***
2025-04-18T17:26:26.7209970Z ##[endgroup]
2025-04-18T17:26:28.4245154Z 
2025-04-18T17:26:28.4246391Z Your account has been authenticated. Snyk is now ready to be used.
2025-04-18T17:26:28.4253655Z 
2025-04-18T17:26:29.0398238Z ##[group]Run npx snyk test --json > snyk-root-results.json || true
2025-04-18T17:26:29.0398692Z [36;1mnpx snyk test --json > snyk-root-results.json || true[0m
2025-04-18T17:26:29.0450262Z shell: /usr/bin/bash -e {0}
2025-04-18T17:26:29.0450505Z ##[endgroup]
2025-04-18T17:26:32.7936477Z ##[group]Run cd server && npx snyk test --json > ../snyk-server-results.json || true
2025-04-18T17:26:32.7937087Z [36;1mcd server && npx snyk test --json > ../snyk-server-results.json || true[0m
2025-04-18T17:26:32.7984376Z shell: /usr/bin/bash -e {0}
2025-04-18T17:26:32.7984609Z ##[endgroup]
2025-04-18T17:26:35.6995355Z ##[group]Run cd client-angular && npx snyk test --json > ../snyk-client-results.json || true
2025-04-18T17:26:35.6996262Z [36;1mcd client-angular && npx snyk test --json > ../snyk-client-results.json || true[0m
2025-04-18T17:26:35.7062848Z shell: /usr/bin/bash -e {0}
2025-04-18T17:26:35.7063521Z ##[endgroup]
2025-04-18T17:26:38.8829553Z ##[group]Run npm ls --json --depth=2 > npm-root-deps-tree.json || true
2025-04-18T17:26:38.8830640Z [36;1mnpm ls --json --depth=2 > npm-root-deps-tree.json || true[0m
2025-04-18T17:26:38.8896567Z shell: /usr/bin/bash -e {0}
2025-04-18T17:26:38.8896819Z ##[endgroup]
2025-04-18T17:26:39.9052796Z npm error code ELSPROBLEMS
2025-04-18T17:26:39.9056610Z npm error missing: @angular/localize@^19.0.0, required by @ng-bootstrap/ng-bootstrap@18.0.0
2025-04-18T17:26:39.9062078Z npm error missing: @popperjs/core@^2.11.8, required by @ng-bootstrap/ng-bootstrap@18.0.0
2025-04-18T17:26:39.9063084Z npm error missing: @popperjs/core@^2.11.8, required by bootstrap@5.3.5
2025-04-18T17:26:39.9106768Z npm error A complete log of this run can be found in: /home/runner/.npm/_logs/2025-04-18T17_26_38_947Z-debug-0.log
2025-04-18T17:26:39.9236814Z ##[group]Run cd server && npm ls --json --depth=2 > ../npm-server-deps-tree.json || true
2025-04-18T17:26:39.9237361Z [36;1mcd server && npm ls --json --depth=2 > ../npm-server-deps-tree.json || true[0m
2025-04-18T17:26:39.9283701Z shell: /usr/bin/bash -e {0}
2025-04-18T17:26:39.9283932Z ##[endgroup]
2025-04-18T17:26:40.9700168Z ##[group]Run cd client-angular && npm ls --json --depth=2 > ../npm-client-deps-tree.json || true
2025-04-18T17:26:40.9700756Z [36;1mcd client-angular && npm ls --json --depth=2 > ../npm-client-deps-tree.json || true[0m
2025-04-18T17:26:40.9747573Z shell: /usr/bin/bash -e {0}
2025-04-18T17:26:40.9747998Z ##[endgroup]
2025-04-18T17:26:41.9399450Z npm error code ELSPROBLEMS
2025-04-18T17:26:41.9402445Z npm error missing: @angular/localize@^19.0.0, required by @ng-bootstrap/ng-bootstrap@18.0.0
2025-04-18T17:26:41.9404382Z npm error missing: @popperjs/core@^2.11.8, required by @ng-bootstrap/ng-bootstrap@18.0.0
2025-04-18T17:26:41.9406244Z npm error missing: @popperjs/core@^2.11.8, required by bootstrap@5.3.5
2025-04-18T17:26:41.9439797Z npm error A complete log of this run can be found in: /home/runner/.npm/_logs/2025-04-18T17_26_41_032Z-debug-0.log
2025-04-18T17:26:41.9575702Z ##[group]Run npx snyk test --json --dev --severity-threshold=low --print-deps > snyk-root-upgrade-paths.json || true
2025-04-18T17:26:41.9576927Z [36;1mnpx snyk test --json --dev --severity-threshold=low --print-deps > snyk-root-upgrade-paths.json || true[0m
2025-04-18T17:26:41.9631095Z shell: /usr/bin/bash -e {0}
2025-04-18T17:26:41.9631338Z ##[endgroup]
2025-04-18T17:26:43.8923750Z --print-deps --json option not yet supported for large projects. Displaying graph json output instead
2025-04-18T17:26:45.9021545Z ##[group]Run cd server && npx snyk test --json --dev --severity-threshold=low --print-deps > ../snyk-server-upgrade-paths.json || true
2025-04-18T17:26:45.9022378Z [36;1mcd server && npx snyk test --json --dev --severity-threshold=low --print-deps > ../snyk-server-upgrade-paths.json || true[0m
2025-04-18T17:26:45.9070423Z shell: /usr/bin/bash -e {0}
2025-04-18T17:26:45.9070656Z ##[endgroup]
2025-04-18T17:26:48.9587070Z ##[group]Run cd client-angular && npx snyk test --json --dev --severity-threshold=low --print-deps > ../snyk-client-upgrade-paths.json || true
2025-04-18T17:26:48.9588656Z [36;1mcd client-angular && npx snyk test --json --dev --severity-threshold=low --print-deps > ../snyk-client-upgrade-paths.json || true[0m
2025-04-18T17:26:48.9658281Z shell: /usr/bin/bash -e {0}
2025-04-18T17:26:48.9658668Z ##[endgroup]
2025-04-18T17:26:51.5094213Z ##[group]Run mkdir -p downloaded-reports/snyk
2025-04-18T17:26:51.5094806Z [36;1mmkdir -p downloaded-reports/snyk[0m
2025-04-18T17:26:51.5095365Z [36;1mnode .github/scripts/generate-snyk-task-list.js[0m
2025-04-18T17:26:51.5162702Z shell: /usr/bin/bash -e {0}
2025-04-18T17:26:51.5162944Z ##[endgroup]
2025-04-18T17:26:51.5454292Z Starting Snyk report generation process...
2025-04-18T17:26:51.5534332Z Error parsing JSON in snyk-root-upgrade-paths.json: Unexpected non-whitespace character after JSON at position 215808 (line 10454 column 1)
2025-04-18T17:26:51.5540139Z Error parsing JSON in snyk-server-upgrade-paths.json: Unexpected non-whitespace character after JSON at position 49608 (line 1073 column 1)
2025-04-18T17:26:51.5542792Z Error parsing JSON in snyk-client-upgrade-paths.json: Unexpected non-whitespace character after JSON at position 21638 (line 553 column 1)
2025-04-18T17:26:51.5545144Z Found 3 total issues across all projects
2025-04-18T17:26:51.5647917Z Generated prioritized issues report
2025-04-18T17:26:51.5654905Z Generated issues summary report
2025-04-18T17:26:51.5659400Z Generated vulnerable dependencies report
2025-04-18T17:26:51.5664180Z Successfully generated all Snyk reports in downloaded-reports/snyk/
2025-04-18T17:26:51.5740937Z ##[group]Run # Keep only the most recent JSON files
2025-04-18T17:26:51.5741555Z [36;1m# Keep only the most recent JSON files[0m
2025-04-18T17:26:51.5742187Z [36;1mfind . -name "npm-*-deps-tree.json" -type f -size +1M -delete || true[0m
2025-04-18T17:26:51.5742830Z [36;1m# Compress remaining large files[0m
2025-04-18T17:26:51.5743711Z [36;1mfind . -name "*.json" -type f -size +1M -exec gzip -9 {} \; || true[0m
2025-04-18T17:26:51.5808143Z shell: /usr/bin/bash -e {0}
2025-04-18T17:26:51.5808520Z ##[endgroup]
2025-04-18T17:26:51.9765595Z ##[group]Run git config --local user.email "action@github.com"
2025-04-18T17:26:51.9766019Z [36;1mgit config --local user.email "action@github.com"[0m
2025-04-18T17:26:51.9766350Z [36;1mgit config --local user.name "GitHub Action"[0m
2025-04-18T17:26:51.9812152Z shell: /usr/bin/bash -e {0}
2025-04-18T17:26:51.9812557Z ##[endgroup]
2025-04-18T17:26:51.9934076Z ##[group]Run git add downloaded-reports/snyk/
2025-04-18T17:26:51.9934413Z [36;1mgit add downloaded-reports/snyk/[0m
2025-04-18T17:26:51.9934831Z [36;1mgit commit -m "docs: update Snyk issues task list [skip ci]" || echo "No changes to commit"[0m
2025-04-18T17:26:51.9935216Z [36;1mgit push[0m
2025-04-18T17:26:51.9976002Z shell: /usr/bin/bash -e {0}
2025-04-18T17:26:51.9976223Z env:
2025-04-18T17:26:51.9976786Z   GITHUB_TOKEN: ***
2025-04-18T17:26:51.9976981Z ##[endgroup]
2025-04-18T17:26:52.2486639Z [main 457f0b8] docs: update Snyk issues task list [skip ci]
2025-04-18T17:26:52.2488728Z  3 files changed, 474 insertions(+)
2025-04-18T17:26:52.2490139Z  create mode 100644 downloaded-reports/snyk/issues-summary.md
2025-04-18T17:26:52.2491407Z  create mode 100644 downloaded-reports/snyk/prioritized-issues.md
2025-04-18T17:26:52.2493855Z  create mode 100644 downloaded-reports/snyk/vulnerable-dependencies.md
2025-04-18T17:26:52.4571654Z To https://github.com/mrkurger/date-night-app2
2025-04-18T17:26:52.4586747Z  ! [rejected]        main -> main (fetch first)
2025-04-18T17:26:52.4587676Z error: failed to push some refs to 'https://github.com/mrkurger/date-night-app2'
2025-04-18T17:26:52.4588726Z hint: Updates were rejected because the remote contains work that you do not
2025-04-18T17:26:52.4589748Z hint: have locally. This is usually caused by another repository pushing to
2025-04-18T17:26:52.4590722Z hint: the same ref. If you want to integrate the remote changes, use
2025-04-18T17:26:52.4591401Z hint: 'git pull' before pushing again.
2025-04-18T17:26:52.4592166Z hint: See the 'Note about fast-forwards' in 'git push --help' for details.
2025-04-18T17:26:52.4613991Z ##[error]Process completed with exit code 1.
2025-04-18T17:26:52.4704338Z Post job cleanup.
2025-04-18T17:26:52.5654040Z [command]/usr/bin/git version
2025-04-18T17:26:52.5695305Z git version 2.49.0
2025-04-18T17:26:52.5741843Z Temporarily overriding HOME='/home/runner/work/_temp/242bbea4-9a7c-4409-a8f8-74cc769b3393' before making global git config changes
2025-04-18T17:26:52.5744905Z Adding repository directory to the temporary git global config as a safe directory
2025-04-18T17:26:52.5749350Z [command]/usr/bin/git config --global --add safe.directory /home/runner/work/date-night-app2/date-night-app2
2025-04-18T17:26:52.5794528Z [command]/usr/bin/git config --local --name-only --get-regexp core\.sshCommand
2025-04-18T17:26:52.5830486Z [command]/usr/bin/git submodule foreach --recursive sh -c "git config --local --name-only --get-regexp 'core\.sshCommand' && git config --local --unset-all 'core.sshCommand' || :"
2025-04-18T17:26:52.6085697Z [command]/usr/bin/git config --local --name-only --get-regexp http\.https\:\/\/github\.com\/\.extraheader
2025-04-18T17:26:52.6110331Z http.https://github.com/.extraheader
2025-04-18T17:26:52.6124507Z [command]/usr/bin/git config --local --unset-all http.https://github.com/.extraheader
2025-04-18T17:26:52.6159062Z [command]/usr/bin/git submodule foreach --recursive sh -c "git config --local --name-only --get-regexp 'http\.https\:\/\/github\.com\/\.extraheader' && git config --local --unset-all 'http.https://github.com/.extraheader' || :"
2025-04-18T17:26:52.6512158Z Cleaning up orphan processes
