2025-04-16T02:49:52.6531271Z Current runner version: '2.323.0'
2025-04-16T02:49:52.6565151Z ##[group]Operating System
2025-04-16T02:49:52.6566451Z Ubuntu
2025-04-16T02:49:52.6567214Z 24.04.2
2025-04-16T02:49:52.6567998Z LTS
2025-04-16T02:49:52.6568834Z ##[endgroup]
2025-04-16T02:49:52.6569844Z ##[group]Runner Image
2025-04-16T02:49:52.6570806Z Image: ubuntu-24.04
2025-04-16T02:49:52.6571837Z Version: 20250406.1.0
2025-04-16T02:49:52.6573910Z Included Software: https://github.com/actions/runner-images/blob/ubuntu24/20250406.1/images/ubuntu/Ubuntu2404-Readme.md
2025-04-16T02:49:52.6576569Z Image Release: https://github.com/actions/runner-images/releases/tag/ubuntu24%2F20250406.1
2025-04-16T02:49:52.6578352Z ##[endgroup]
2025-04-16T02:49:52.6579240Z ##[group]Runner Image Provisioner
2025-04-16T02:49:52.6580306Z 2.0.422.1
2025-04-16T02:49:52.6581062Z ##[endgroup]
2025-04-16T02:49:52.6615121Z ##[group]GITHUB_TOKEN Permissions
2025-04-16T02:49:52.6617845Z Contents: read
2025-04-16T02:49:52.6618854Z Metadata: read
2025-04-16T02:49:52.6620000Z Packages: read
2025-04-16T02:49:52.6621098Z ##[endgroup]
2025-04-16T02:49:52.6624478Z Secret source: Actions
2025-04-16T02:49:52.6625504Z Prepare workflow directory
2025-04-16T02:49:52.7271155Z Prepare all required actions
2025-04-16T02:49:52.7328326Z Getting action download info
2025-04-16T02:49:53.1354105Z ##[group]Download immutable action package 'actions/checkout@v4'
2025-04-16T02:49:53.1356003Z Version: 4.2.2
2025-04-16T02:49:53.1357734Z Digest: sha256:ccb2698953eaebd21c7bf6268a94f9c26518a7e38e27e0b83c1fe1ad049819b1
2025-04-16T02:49:53.1359841Z Source commit SHA: 11bd71901bbe5b1630ceea73d27597364c9af683
2025-04-16T02:49:53.1361044Z ##[endgroup]
2025-04-16T02:49:53.2355480Z ##[group]Download immutable action package 'actions/setup-node@v4'
2025-04-16T02:49:53.2356342Z Version: 4.4.0
2025-04-16T02:49:53.2357033Z Digest: sha256:9427cefe82346e992fb5b949e3569b39d537ae41aa3086483b14eceebfc16bc1
2025-04-16T02:49:53.2358000Z Source commit SHA: 49933ea5288caeca8642d1e84afbd3f7d6820020
2025-04-16T02:49:53.2358691Z ##[endgroup]
2025-04-16T02:49:53.6515842Z ##[group]Download immutable action package 'actions/upload-artifact@v4'
2025-04-16T02:49:53.6516648Z Version: 4.6.2
2025-04-16T02:49:53.6517383Z Digest: sha256:290722aa3281d5caf23d0acdc3dbeb3424786a1a01a9cc97e72f147225e37c38
2025-04-16T02:49:53.6518349Z Source commit SHA: ea165f8d65b6e75b540449e92b4886f43607fa02
2025-04-16T02:49:53.6519012Z ##[endgroup]
2025-04-16T02:49:53.8643186Z Complete job name: test (22.x)
2025-04-16T02:49:53.9214094Z ##[group]Run actions/checkout@v4
2025-04-16T02:49:53.9214977Z with:
2025-04-16T02:49:53.9215383Z   repository: mrkurger/date-night-app2
2025-04-16T02:49:53.9216053Z   token: ***
2025-04-16T02:49:53.9216427Z   ssh-strict: true
2025-04-16T02:49:53.9216796Z   ssh-user: git
2025-04-16T02:49:53.9217185Z   persist-credentials: true
2025-04-16T02:49:53.9217605Z   clean: true
2025-04-16T02:49:53.9217996Z   sparse-checkout-cone-mode: true
2025-04-16T02:49:53.9218453Z   fetch-depth: 1
2025-04-16T02:49:53.9218832Z   fetch-tags: false
2025-04-16T02:49:53.9219230Z   show-progress: true
2025-04-16T02:49:53.9219617Z   lfs: false
2025-04-16T02:49:53.9219958Z   submodules: false
2025-04-16T02:49:53.9220359Z   set-safe-directory: true
2025-04-16T02:49:53.9221436Z ##[endgroup]
2025-04-16T02:49:54.1240057Z Syncing repository: mrkurger/date-night-app2
2025-04-16T02:49:54.1242938Z ##[group]Getting Git version info
2025-04-16T02:49:54.1244552Z Working directory is '/home/runner/work/date-night-app2/date-night-app2'
2025-04-16T02:49:54.1246516Z [command]/usr/bin/git version
2025-04-16T02:49:54.1288142Z git version 2.49.0
2025-04-16T02:49:54.1319763Z ##[endgroup]
2025-04-16T02:49:54.1335515Z Temporarily overriding HOME='/home/runner/work/_temp/e167d69c-37f5-4b90-8b03-18858e965c30' before making global git config changes
2025-04-16T02:49:54.1343597Z Adding repository directory to the temporary git global config as a safe directory
2025-04-16T02:49:54.1356790Z [command]/usr/bin/git config --global --add safe.directory /home/runner/work/date-night-app2/date-night-app2
2025-04-16T02:49:54.1395066Z Deleting the contents of '/home/runner/work/date-night-app2/date-night-app2'
2025-04-16T02:49:54.1398543Z ##[group]Initializing the repository
2025-04-16T02:49:54.1404784Z [command]/usr/bin/git init /home/runner/work/date-night-app2/date-night-app2
2025-04-16T02:49:54.1484958Z hint: Using 'master' as the name for the initial branch. This default branch name
2025-04-16T02:49:54.1486750Z hint: is subject to change. To configure the initial branch name to use in all
2025-04-16T02:49:54.1488126Z hint: of your new repositories, which will suppress this warning, call:
2025-04-16T02:49:54.1488791Z hint:
2025-04-16T02:49:54.1489244Z hint: 	git config --global init.defaultBranch <name>
2025-04-16T02:49:54.1490043Z hint:
2025-04-16T02:49:54.1490963Z hint: Names commonly chosen instead of 'master' are 'main', 'trunk' and
2025-04-16T02:49:54.1492792Z hint: 'development'. The just-created branch can be renamed via this command:
2025-04-16T02:49:54.1493954Z hint:
2025-04-16T02:49:54.1494552Z hint: 	git branch -m <name>
2025-04-16T02:49:54.1497331Z Initialized empty Git repository in /home/runner/work/date-night-app2/date-night-app2/.git/
2025-04-16T02:49:54.1508307Z [command]/usr/bin/git remote add origin https://github.com/mrkurger/date-night-app2
2025-04-16T02:49:54.1545465Z ##[endgroup]
2025-04-16T02:49:54.1546620Z ##[group]Disabling automatic garbage collection
2025-04-16T02:49:54.1549947Z [command]/usr/bin/git config --local gc.auto 0
2025-04-16T02:49:54.1583527Z ##[endgroup]
2025-04-16T02:49:54.1584761Z ##[group]Setting up auth
2025-04-16T02:49:54.1590729Z [command]/usr/bin/git config --local --name-only --get-regexp core\.sshCommand
2025-04-16T02:49:54.1624788Z [command]/usr/bin/git submodule foreach --recursive sh -c "git config --local --name-only --get-regexp 'core\.sshCommand' && git config --local --unset-all 'core.sshCommand' || :"
2025-04-16T02:49:54.1981715Z [command]/usr/bin/git config --local --name-only --get-regexp http\.https\:\/\/github\.com\/\.extraheader
2025-04-16T02:49:54.2016169Z [command]/usr/bin/git submodule foreach --recursive sh -c "git config --local --name-only --get-regexp 'http\.https\:\/\/github\.com\/\.extraheader' && git config --local --unset-all 'http.https://github.com/.extraheader' || :"
2025-04-16T02:49:54.2253556Z [command]/usr/bin/git config --local http.https://github.com/.extraheader AUTHORIZATION: basic ***
2025-04-16T02:49:54.2300808Z ##[endgroup]
2025-04-16T02:49:54.2304146Z ##[group]Fetching the repository
2025-04-16T02:49:54.2313415Z [command]/usr/bin/git -c protocol.version=2 fetch --no-tags --prune --no-recurse-submodules --depth=1 origin +508023551706c062eab78afd282c74e89458d0a0:refs/remotes/origin/main
2025-04-16T02:49:56.9600463Z From https://github.com/mrkurger/date-night-app2
2025-04-16T02:49:56.9604679Z  * [new ref]         508023551706c062eab78afd282c74e89458d0a0 -> origin/main
2025-04-16T02:49:56.9633188Z ##[endgroup]
2025-04-16T02:49:56.9635349Z ##[group]Determining the checkout info
2025-04-16T02:49:56.9637583Z ##[endgroup]
2025-04-16T02:49:56.9640835Z [command]/usr/bin/git sparse-checkout disable
2025-04-16T02:49:56.9685249Z [command]/usr/bin/git config --local --unset-all extensions.worktreeConfig
2025-04-16T02:49:56.9723734Z ##[group]Checking out the ref
2025-04-16T02:49:56.9725896Z [command]/usr/bin/git checkout --progress --force -B main refs/remotes/origin/main
2025-04-16T02:49:57.4039085Z Switched to a new branch 'main'
2025-04-16T02:49:57.4043851Z branch 'main' set up to track 'origin/main'.
2025-04-16T02:49:57.4074362Z ##[endgroup]
2025-04-16T02:49:57.4143029Z [command]/usr/bin/git log -1 --format=%H
2025-04-16T02:49:57.4160363Z 508023551706c062eab78afd282c74e89458d0a0
2025-04-16T02:49:57.4404491Z ##[group]Run actions/setup-node@v4
2025-04-16T02:49:57.4404830Z with:
2025-04-16T02:49:57.4405045Z   node-version: 22.x
2025-04-16T02:49:57.4405279Z   cache: npm
2025-04-16T02:49:57.4405565Z   cache-dependency-path: client-angular/package-lock.json
2025-04-16T02:49:57.4405917Z   always-auth: false
2025-04-16T02:49:57.4406148Z   check-latest: false
2025-04-16T02:49:57.4406705Z   token: ***
2025-04-16T02:49:57.4406992Z ##[endgroup]
2025-04-16T02:49:57.6138042Z Found in cache @ /opt/hostedtoolcache/node/22.14.0/x64
2025-04-16T02:49:57.6144262Z ##[group]Environment details
2025-04-16T02:49:58.0140108Z node: v22.14.0
2025-04-16T02:49:58.0143781Z npm: 10.9.2
2025-04-16T02:49:58.0145612Z yarn: 1.22.22
2025-04-16T02:49:58.0148715Z ##[endgroup]
2025-04-16T02:49:58.0169908Z [command]/opt/hostedtoolcache/node/22.14.0/x64/bin/npm config get cache
2025-04-16T02:49:58.1254483Z /home/runner/.npm
2025-04-16T02:49:58.3681976Z Cache hit for: node-cache-Linux-x64-npm-eed186788acb99c392cc79891935d042040413390720b7932c16d8b7ca478e8b
2025-04-16T02:49:59.6307554Z Received 16777216 of 69351304 (24.2%), 16.0 MBs/sec
2025-04-16T02:50:00.0512652Z Received 69351304 of 69351304 (100.0%), 46.5 MBs/sec
2025-04-16T02:50:00.0514510Z Cache Size: ~66 MB (69351304 B)
2025-04-16T02:50:00.0544610Z [command]/usr/bin/tar -xf /home/runner/work/_temp/71321fbf-882a-4290-9f36-0eefa5e4e274/cache.tzst -P -C /home/runner/work/date-night-app2/date-night-app2 --use-compress-program unzstd
2025-04-16T02:50:00.3646053Z Cache restored successfully
2025-04-16T02:50:00.3796498Z Cache restored from key: node-cache-Linux-x64-npm-eed186788acb99c392cc79891935d042040413390720b7932c16d8b7ca478e8b
2025-04-16T02:50:00.3955003Z ##[group]Run npm ci
2025-04-16T02:50:00.3955292Z [36;1mnpm ci[0m
2025-04-16T02:50:00.4007296Z shell: /usr/bin/bash -e {0}
2025-04-16T02:50:00.4007552Z ##[endgroup]
2025-04-16T02:50:05.0267613Z npm warn deprecated inflight@1.0.6: This module is not supported, and leaks memory. Do not use it. Check out lru-cache if you want a good and tested way to coalesce async requests by a key value, which is much more comprehensive and powerful.
2025-04-16T02:50:05.2539879Z npm warn deprecated rimraf@3.0.2: Rimraf versions prior to v4 are no longer supported
2025-04-16T02:50:05.2715623Z npm warn deprecated abab@2.0.6: Use your platform's native atob() and btoa() methods instead
2025-04-16T02:50:05.3542817Z npm warn deprecated glob@7.2.3: Glob versions prior to v9 are no longer supported
2025-04-16T02:50:05.4424446Z npm warn deprecated domexception@4.0.0: Use your platform's native DOMException instead
2025-04-16T02:50:22.6003594Z 
2025-04-16T02:50:22.6044216Z added 1237 packages, and audited 1239 packages in 22s
2025-04-16T02:50:22.6044974Z 
2025-04-16T02:50:22.6045584Z 189 packages are looking for funding
2025-04-16T02:50:22.6046355Z   run `npm fund` for details
2025-04-16T02:50:22.6164696Z 
2025-04-16T02:50:22.6165663Z 3 moderate severity vulnerabilities
2025-04-16T02:50:22.6166529Z 
2025-04-16T02:50:22.6167181Z To address all issues (including breaking changes), run:
2025-04-16T02:50:22.6167761Z   npm audit fix --force
2025-04-16T02:50:22.6168000Z 
2025-04-16T02:50:22.6168194Z Run `npm audit` for details.
2025-04-16T02:50:22.7193343Z ##[group]Run npm test -- --watch=false --browsers=ChromeHeadless
2025-04-16T02:50:22.7193852Z [36;1mnpm test -- --watch=false --browsers=ChromeHeadless[0m
2025-04-16T02:50:22.7241831Z shell: /usr/bin/bash -e {0}
2025-04-16T02:50:22.7242310Z ##[endgroup]
2025-04-16T02:50:23.5041185Z 
2025-04-16T02:50:23.5063770Z > client-angular@0.0.0 test
2025-04-16T02:50:23.5064978Z > ng test client-angular --watch=false --browsers=ChromeHeadless
2025-04-16T02:50:23.5065718Z 
2025-04-16T02:50:25.5021972Z - Generating browser application bundles (phase: setup)...
2025-04-16T02:50:49.4793752Z âœ” Browser application bundle generation complete.
2025-04-16T02:50:49.8889854Z [32m16 04 2025 02:50:49.883:INFO [karma-server]: [39mKarma v6.4.4 server started at http://localhost:9876/
2025-04-16T02:50:49.8943884Z [32m16 04 2025 02:50:49.891:INFO [launcher]: [39mLaunching browsers ChromeHeadless with concurrency unlimited
2025-04-16T02:50:49.9033596Z [32m16 04 2025 02:50:49.901:INFO [launcher]: [39mStarting browser ChromeHeadless
2025-04-16T02:51:00.6027037Z [32m16 04 2025 02:51:00.602:INFO [Chrome Headless 135.0.0.0 (Linux x86_64)]: [39mConnected on socket pZFYJlSs4Xw5gJJoAAAB with id 78398328
2025-04-16T02:51:02.7885128Z Chrome Headless 135.0.0.0 (Linux x86_64): Executed 0 of 269 SUCCESS (0 secs / 0 secs)
2025-04-16T02:51:02.9482770Z [1A[2KChrome Headless 135.0.0.0 (Linux x86_64) AppComponent should create the app FAILED
2025-04-16T02:51:02.9483901Z 	TypeError: Cannot read properties of undefined (reading 'root')
2025-04-16T02:51:02.9484943Z 	    at Object.useFactory (node_modules/@angular/router/fesm2022/router_module-C0FJ-J6L.mjs:944:31)
2025-04-16T02:51:02.9485962Z 	    at Object.factory (node_modules/@angular/core/fesm2022/core.mjs:2377:38)
2025-04-16T02:51:02.9486868Z 	    at callback (node_modules/@angular/core/fesm2022/core.mjs:2274:47)
2025-04-16T02:51:02.9487828Z 	    at runInInjectorProfilerContext (node_modules/@angular/core/fesm2022/core.mjs:880:9)
2025-04-16T02:51:02.9488776Z 	    at R3Injector.hydrate (node_modules/@angular/core/fesm2022/core.mjs:2273:21)
2025-04-16T02:51:02.9489610Z 	    at R3Injector.get (node_modules/@angular/core/fesm2022/core.mjs:2141:33)
2025-04-16T02:51:02.9490376Z 	    at R3Injector.get (node_modules/@angular/core/fesm2022/core.mjs:2151:33)
2025-04-16T02:51:02.9491259Z 	    at ChainedInjector.get (node_modules/@angular/core/fesm2022/core.mjs:17238:36)
2025-04-16T02:51:02.9492459Z 	    at lookupTokenUsingModuleInjector (node_modules/@angular/core/fesm2022/core.mjs:5063:39)
2025-04-16T02:51:02.9493511Z 	    at getOrCreateInjectable (node_modules/@angular/core/fesm2022/core.mjs:5111:12)
2025-04-16T02:51:02.9494569Z Chrome Headless 135.0.0.0 (Linux x86_64): Executed 1 of 269 (1 FAILED) (0 secs / 0.147 secs)
2025-04-16T02:51:02.9711310Z [1A[2KChrome Headless 135.0.0.0 (Linux x86_64) AppComponent should set page title and meta tags on initialization FAILED
2025-04-16T02:51:02.9726175Z 	TypeError: Cannot read properties of undefined (reading 'root')
2025-04-16T02:51:02.9730983Z 	    at Object.useFactory (node_modules/@angular/router/fesm2022/router_module-C0FJ-J6L.mjs:944:31)
2025-04-16T02:51:02.9732334Z 	    at Object.factory (node_modules/@angular/core/fesm2022/core.mjs:2377:38)
2025-04-16T02:51:02.9733220Z 	    at callback (node_modules/@angular/core/fesm2022/core.mjs:2274:47)
2025-04-16T02:51:02.9734156Z 	    at runInInjectorProfilerContext (node_modules/@angular/core/fesm2022/core.mjs:880:9)
2025-04-16T02:51:02.9735180Z 	    at R3Injector.hydrate (node_modules/@angular/core/fesm2022/core.mjs:2273:21)
2025-04-16T02:51:02.9736138Z 	    at R3Injector.get (node_modules/@angular/core/fesm2022/core.mjs:2141:33)
2025-04-16T02:51:02.9737039Z 	    at R3Injector.get (node_modules/@angular/core/fesm2022/core.mjs:2151:33)
2025-04-16T02:51:02.9737991Z 	    at ChainedInjector.get (node_modules/@angular/core/fesm2022/core.mjs:17238:36)
2025-04-16T02:51:02.9739065Z 	    at lookupTokenUsingModuleInjector (node_modules/@angular/core/fesm2022/core.mjs:5063:39)
2025-04-16T02:51:02.9740560Z 	    at getOrCreateInjectable (node_modules/@angular/core/fesm2022/core.mjs:5111:12)
2025-04-16T02:51:02.9741733Z Chrome Headless 135.0.0.0 (Linux x86_64): Executed 2 of 269 (2 FAILED) (0 secs / 0.152 secs)
2025-04-16T02:51:02.9780687Z [1A[2KChrome Headless 135.0.0.0 (Linux x86_64) AppComponent should initialize CSRF protection on init FAILED
2025-04-16T02:51:02.9792353Z 	TypeError: Cannot read properties of undefined (reading 'root')
2025-04-16T02:51:02.9793415Z 	    at Object.useFactory (node_modules/@angular/router/fesm2022/router_module-C0FJ-J6L.mjs:944:31)
2025-04-16T02:51:02.9794450Z 	    at Object.factory (node_modules/@angular/core/fesm2022/core.mjs:2377:38)
2025-04-16T02:51:02.9795288Z 	    at callback (node_modules/@angular/core/fesm2022/core.mjs:2274:47)
2025-04-16T02:51:02.9796261Z 	    at runInInjectorProfilerContext (node_modules/@angular/core/fesm2022/core.mjs:880:9)
2025-04-16T02:51:02.9797308Z 	    at R3Injector.hydrate (node_modules/@angular/core/fesm2022/core.mjs:2273:21)
2025-04-16T02:51:02.9798235Z 	    at R3Injector.get (node_modules/@angular/core/fesm2022/core.mjs:2141:33)
2025-04-16T02:51:02.9799098Z 	    at R3Injector.get (node_modules/@angular/core/fesm2022/core.mjs:2151:33)
2025-04-16T02:51:02.9800346Z 	    at ChainedInjector.get (node_modules/@angular/core/fesm2022/core.mjs:17238:36)
2025-04-16T02:51:02.9801458Z 	    at lookupTokenUsingModuleInjector (node_modules/@angular/core/fesm2022/core.mjs:5063:39)
2025-04-16T02:51:02.9802814Z 	    at getOrCreateInjectable (node_modules/@angular/core/fesm2022/core.mjs:5111:12)
2025-04-16T02:51:02.9803980Z Chrome Headless 135.0.0.0 (Linux x86_64): Executed 3 of 269 (3 FAILED) (0 secs / 0.156 secs)
2025-04-16T02:51:02.9864244Z [1A[2KChrome Headless 135.0.0.0 (Linux x86_64) AppComponent should update authentication state when user changes FAILED
2025-04-16T02:51:02.9865805Z 	TypeError: Cannot read properties of undefined (reading 'root')
2025-04-16T02:51:02.9867289Z 	    at Object.useFactory (node_modules/@angular/router/fesm2022/router_module-C0FJ-J6L.mjs:944:31)
2025-04-16T02:51:02.9868584Z 	    at Object.factory (node_modules/@angular/core/fesm2022/core.mjs:2377:38)
2025-04-16T02:51:02.9885621Z 	    at callback (node_modules/@angular/core/fesm2022/core.mjs:2274:47)
2025-04-16T02:51:02.9886909Z 	    at runInInjectorProfilerContext (node_modules/@angular/core/fesm2022/core.mjs:880:9)
2025-04-16T02:51:02.9888263Z 	    at R3Injector.hydrate (node_modules/@angular/core/fesm2022/core.mjs:2273:21)
2025-04-16T02:51:02.9889341Z 	    at R3Injector.get (node_modules/@angular/core/fesm2022/core.mjs:2141:33)
2025-04-16T02:51:02.9890579Z 	    at R3Injector.get (node_modules/@angular/core/fesm2022/core.mjs:2151:33)
2025-04-16T02:51:02.9891782Z 	    at ChainedInjector.get (node_modules/@angular/core/fesm2022/core.mjs:17238:36)
2025-04-16T02:51:02.9893362Z 	    at lookupTokenUsingModuleInjector (node_modules/@angular/core/fesm2022/core.mjs:5063:39)
2025-04-16T02:51:02.9894729Z 	    at getOrCreateInjectable (node_modules/@angular/core/fesm2022/core.mjs:5111:12)
2025-04-16T02:51:02.9897768Z Chrome Headless 135.0.0.0 (Linux x86_64): Executed 4 of 269 (4 FAILED) (0 secs / 0.16 secs)
2025-04-16T02:51:02.9899462Z [1A[2KChrome Headless 135.0.0.0 (Linux x86_64) AppComponent should handle user with non-advertiser role correctly FAILED
2025-04-16T02:51:02.9900722Z 	TypeError: Cannot read properties of undefined (reading 'root')
2025-04-16T02:51:02.9901864Z 	    at Object.useFactory (node_modules/@angular/router/fesm2022/router_module-C0FJ-J6L.mjs:944:31)
2025-04-16T02:51:02.9903397Z 	    at Object.factory (node_modules/@angular/core/fesm2022/core.mjs:2377:38)
2025-04-16T02:51:02.9904416Z 	    at callback (node_modules/@angular/core/fesm2022/core.mjs:2274:47)
2025-04-16T02:51:02.9905471Z 	    at runInInjectorProfilerContext (node_modules/@angular/core/fesm2022/core.mjs:880:9)
2025-04-16T02:51:02.9906482Z 	    at R3Injector.hydrate (node_modules/@angular/core/fesm2022/core.mjs:2273:21)
2025-04-16T02:51:02.9907710Z 	    at R3Injector.get (node_modules/@angular/core/fesm2022/core.mjs:2141:33)
2025-04-16T02:51:02.9908652Z 	    at R3Injector.get (node_modules/@angular/core/fesm2022/core.mjs:2151:33)
2025-04-16T02:51:02.9909582Z 	    at ChainedInjector.get (node_modules/@angular/core/fesm2022/core.mjs:17238:36)
2025-04-16T02:51:02.9910730Z 	    at lookupTokenUsingModuleInjector (node_modules/@angular/core/fesm2022/core.mjs:5063:39)
2025-04-16T02:51:02.9911839Z 	    at getOrCreateInjectable (node_modules/@angular/core/fesm2022/core.mjs:5111:12)
2025-04-16T02:51:02.9913192Z Chrome Headless 135.0.0.0 (Linux x86_64): Executed 5 of 269 (5 FAILED) (0 secs / 0.164 secs)
2025-04-16T02:51:02.9927904Z [1A[2KChrome Headless 135.0.0.0 (Linux x86_64) AppComponent should handle admin role as advertiser FAILED
2025-04-16T02:51:02.9929593Z 	TypeError: Cannot read properties of undefined (reading 'root')
2025-04-16T02:51:02.9931433Z 	    at Object.useFactory (node_modules/@angular/router/fesm2022/router_module-C0FJ-J6L.mjs:944:31)
2025-04-16T02:51:02.9936653Z 	    at Object.factory (node_modules/@angular/core/fesm2022/core.mjs:2377:38)
2025-04-16T02:51:02.9937546Z 	    at callback (node_modules/@angular/core/fesm2022/core.mjs:2274:47)
2025-04-16T02:51:02.9938535Z 	    at runInInjectorProfilerContext (node_modules/@angular/core/fesm2022/core.mjs:880:9)
2025-04-16T02:51:02.9939876Z 	    at R3Injector.hydrate (node_modules/@angular/core/fesm2022/core.mjs:2273:21)
2025-04-16T02:51:02.9940809Z 	    at R3Injector.get (node_modules/@angular/core/fesm2022/core.mjs:2141:33)
2025-04-16T02:51:02.9941711Z 	    at R3Injector.get (node_modules/@angular/core/fesm2022/core.mjs:2151:33)
2025-04-16T02:51:02.9942904Z 	    at ChainedInjector.get (node_modules/@angular/core/fesm2022/core.mjs:17238:36)
2025-04-16T02:51:02.9943950Z 	    at lookupTokenUsingModuleInjector (node_modules/@angular/core/fesm2022/core.mjs:5063:39)
2025-04-16T02:51:02.9945021Z 	    at getOrCreateInjectable (node_modules/@angular/core/fesm2022/core.mjs:5111:12)
2025-04-16T02:51:02.9946183Z Chrome Headless 135.0.0.0 (Linux x86_64): Executed 6 of 269 (6 FAILED) (0 secs / 0.168 secs)
2025-04-16T02:51:02.9992981Z [1A[2KChrome Headless 135.0.0.0 (Linux x86_64) AppComponent should handle logout correctly FAILED
2025-04-16T02:51:02.9994004Z 	TypeError: Cannot read properties of undefined (reading 'root')
2025-04-16T02:51:02.9995086Z 	    at Object.useFactory (node_modules/@angular/router/fesm2022/router_module-C0FJ-J6L.mjs:944:31)
2025-04-16T02:51:02.9996129Z 	    at Object.factory (node_modules/@angular/core/fesm2022/core.mjs:2377:38)
2025-04-16T02:51:02.9996949Z 	    at callback (node_modules/@angular/core/fesm2022/core.mjs:2274:47)
2025-04-16T02:51:02.9997932Z 	    at runInInjectorProfilerContext (node_modules/@angular/core/fesm2022/core.mjs:880:9)
2025-04-16T02:51:02.9998970Z 	    at R3Injector.hydrate (node_modules/@angular/core/fesm2022/core.mjs:2273:21)
2025-04-16T02:51:02.9999887Z 	    at R3Injector.get (node_modules/@angular/core/fesm2022/core.mjs:2141:33)
2025-04-16T02:51:03.0000804Z 	    at R3Injector.get (node_modules/@angular/core/fesm2022/core.mjs:2151:33)
2025-04-16T02:51:03.0001714Z 	    at ChainedInjector.get (node_modules/@angular/core/fesm2022/core.mjs:17238:36)
2025-04-16T02:51:03.0003063Z 	    at lookupTokenUsingModuleInjector (node_modules/@angular/core/fesm2022/core.mjs:5063:39)
2025-04-16T02:51:03.0004147Z 	    at getOrCreateInjectable (node_modules/@angular/core/fesm2022/core.mjs:5111:12)
2025-04-16T02:51:03.0005281Z Chrome Headless 135.0.0.0 (Linux x86_64): Executed 7 of 269 (7 FAILED) (0 secs / 0.172 secs)
2025-04-16T02:51:03.0036597Z [1A[2KChrome Headless 135.0.0.0 (Linux x86_64) AppComponent should unsubscribe from all subscriptions on destroy FAILED
2025-04-16T02:51:03.0039724Z 	TypeError: Cannot read properties of undefined (reading 'root')
2025-04-16T02:51:03.0043887Z 	    at Object.useFactory (node_modules/@angular/router/fesm2022/router_module-C0FJ-J6L.mjs:944:31)
2025-04-16T02:51:03.0046966Z 	    at Object.factory (node_modules/@angular/core/fesm2022/core.mjs:2377:38)
2025-04-16T02:51:03.0049553Z 	    at callback (node_modules/@angular/core/fesm2022/core.mjs:2274:47)
2025-04-16T02:51:03.0053979Z 	    at runInInjectorProfilerContext (node_modules/@angular/core/fesm2022/core.mjs:880:9)
2025-04-16T02:51:03.0056543Z 	    at R3Injector.hydrate (node_modules/@angular/core/fesm2022/core.mjs:2273:21)
2025-04-16T02:51:03.0061027Z 	    at R3Injector.get (node_modules/@angular/core/fesm2022/core.mjs:2141:33)
2025-04-16T02:51:03.0086981Z 	    at R3Injector.get (node_modules/@angular/core/fesm2022/core.mjs:2151:33)
2025-04-16T02:51:03.0088473Z 	    at ChainedInjector.get (node_modules/@angular/core/fesm2022/core.mjs:17238:36)
2025-04-16T02:51:03.0090099Z 	    at lookupTokenUsingModuleInjector (node_modules/@angular/core/fesm2022/core.mjs:5063:39)
2025-04-16T02:51:03.0091352Z 	    at getOrCreateInjectable (node_modules/@angular/core/fesm2022/core.mjs:5111:12)
2025-04-16T02:51:03.0092875Z Chrome Headless 135.0.0.0 (Linux x86_64): Executed 8 of 269 (8 FAILED) (0 secs / 0.176 secs)
2025-04-16T02:51:03.0107298Z [1A[2KChrome Headless 135.0.0.0 (Linux x86_64): Executed 9 of 269 (8 FAILED) (0 secs / 0.183 secs)
2025-04-16T02:51:03.0222302Z [1A[2KChrome Headless 135.0.0.0 (Linux x86_64): Executed 10 of 269 (8 FAILED) (0 secs / 0.194 secs)
2025-04-16T02:51:03.0418051Z [1A[2KChrome Headless 135.0.0.0 (Linux x86_64): Executed 11 of 269 (8 FAILED) (0 secs / 0.197 secs)
2025-04-16T02:51:03.0449922Z [1A[2KChrome Headless 135.0.0.0 (Linux x86_64): Executed 12 of 269 (8 FAILED) (0 secs / 0.199 secs)
2025-04-16T02:51:03.0464962Z [1A[2KChrome Headless 135.0.0.0 (Linux x86_64): Executed 13 of 269 (8 FAILED) (0 secs / 0.201 secs)
2025-04-16T02:51:03.0485783Z [1A[2KChrome Headless 135.0.0.0 (Linux x86_64): Executed 14 of 269 (8 FAILED) (0 secs / 0.202 secs)
2025-04-16T02:51:03.0505318Z [1A[2KChrome Headless 135.0.0.0 (Linux x86_64): Executed 15 of 269 (8 FAILED) (0 secs / 0.203 secs)
2025-04-16T02:51:03.0529712Z [1A[2KChrome Headless 135.0.0.0 (Linux x86_64): Executed 16 of 269 (8 FAILED) (0 secs / 0.204 secs)
2025-04-16T02:51:03.0559802Z [1A[2KChrome Headless 135.0.0.0 (Linux x86_64): Executed 17 of 269 (8 FAILED) (0 secs / 0.205 secs)
2025-04-16T02:51:03.0586536Z [1A[2KChrome Headless 135.0.0.0 (Linux x86_64): Executed 18 of 269 (8 FAILED) (0 secs / 0.207 secs)
2025-04-16T02:51:03.0593958Z [1A[2KChrome Headless 135.0.0.0 (Linux x86_64): Executed 19 of 269 (8 FAILED) (0 secs / 0.209 secs)
2025-04-16T02:51:03.0611318Z [1A[2KChrome Headless 135.0.0.0 (Linux x86_64): Executed 20 of 269 (8 FAILED) (0 secs / 0.21 secs)
2025-04-16T02:51:03.0632945Z [1A[2KChrome Headless 135.0.0.0 (Linux x86_64): Executed 21 of 269 (8 FAILED) (0 secs / 0.211 secs)
2025-04-16T02:51:03.0655512Z [1A[2KChrome Headless 135.0.0.0 (Linux x86_64): Executed 22 of 269 (8 FAILED) (0 secs / 0.213 secs)
2025-04-16T02:51:03.0768193Z [1A[2KChrome Headless 135.0.0.0 (Linux x86_64): Executed 23 of 269 (8 FAILED) (0 secs / 0.214 secs)
2025-04-16T02:51:03.0779508Z [1A[2KChrome Headless 135.0.0.0 (Linux x86_64): Executed 24 of 269 (8 FAILED) (0 secs / 0.215 secs)
2025-04-16T02:51:03.0799550Z [1A[2KChrome Headless 135.0.0.0 (Linux x86_64): Executed 25 of 269 (8 FAILED) (0 secs / 0.217 secs)
2025-04-16T02:51:03.0821183Z [1A[2KChrome Headless 135.0.0.0 (Linux x86_64): Executed 26 of 269 (8 FAILED) (0 secs / 0.219 secs)
2025-04-16T02:51:03.1712633Z [1A[2KChrome Headless 135.0.0.0 (Linux x86_64): Executed 27 of 269 (8 FAILED) (0 secs / 0.307 secs)
2025-04-16T02:51:03.1804369Z [33m16 04 2025 02:51:03.178:WARN [web-server]: [39m404: /_karma_webpack_/safe-url
2025-04-16T02:51:03.1898456Z [1A[2KChrome Headless 135.0.0.0 (Linux x86_64): Executed 28 of 269 (8 FAILED) (0 secs / 0.317 secs)
2025-04-16T02:51:03.2051747Z [1A[2KChrome Headless 135.0.0.0 (Linux x86_64): Executed 29 of 269 (8 FAILED) (0 secs / 0.329 secs)
2025-04-16T02:51:03.2053381Z [33m16 04 2025 02:51:03.203:WARN [web-server]: [39m404: /_karma_webpack_/safe-url
2025-04-16T02:51:03.2128035Z [1A[2KChrome Headless 135.0.0.0 (Linux x86_64): Executed 30 of 269 (8 FAILED) (0 secs / 0.338 secs)
2025-04-16T02:51:03.2225727Z [1A[2KERROR: 'Error moderating media:', Object{status: 403, message: 'Forbidden'}
2025-04-16T02:51:03.2227255Z Chrome Headless 135.0.0.0 (Linux x86_64): Executed 30 of 269 (8 FAILED) (0 secs / 0.338 secs)
2025-04-16T02:51:03.2230925Z ERROR: 'Error moderating media:', Object{status: 403, message: 'Forbidden'}
2025-04-16T02:51:03.2254054Z [1A[2KChrome Headless 135.0.0.0 (Linux x86_64) ContentModerationComponent Modal Interaction should handle 403 error when submitting moderation FAILED
2025-04-16T02:51:03.2255183Z 	Error: You do not have permission to moderate content
2025-04-16T02:51:03.2256113Z 	    at errorFactory (src/app/features/admin/content-moderation/content-moderation.component.ts:315:33)
2025-04-16T02:51:03.2257283Z 	    at Observable._subscribe (node_modules/rxjs/dist/esm/internal/observable/throwError.js:5:51)
2025-04-16T02:51:03.2258322Z 	    at Observable._trySubscribe (node_modules/rxjs/dist/esm/internal/Observable.js:37:25)
2025-04-16T02:51:03.2259139Z 	    at cb (node_modules/rxjs/dist/esm/internal/Observable.js:31:30)
2025-04-16T02:51:03.2261362Z 	    at errorContext (node_modules/rxjs/dist/esm/internal/util/errorContext.js:19:9)
2025-04-16T02:51:03.2262666Z 	    at Observable.subscribe (node_modules/rxjs/dist/esm/internal/Observable.js:22:21)
2025-04-16T02:51:03.2263969Z 	    at init (node_modules/rxjs/dist/esm/internal/operators/catchError.js:23:27)
2025-04-16T02:51:03.2264910Z 	    at SafeSubscriber.call (node_modules/rxjs/dist/esm/internal/util/lift.js:10:28)
2025-04-16T02:51:03.2265741Z 	    at cb (node_modules/rxjs/dist/esm/internal/Observable.js:26:30)
2025-04-16T02:51:03.2266568Z 	    at errorContext (node_modules/rxjs/dist/esm/internal/util/errorContext.js:19:9)
2025-04-16T02:51:03.2267623Z Chrome Headless 135.0.0.0 (Linux x86_64): Executed 31 of 269 (9 FAILED) (0 secs / 0.349 secs)
2025-04-16T02:51:03.2286668Z [33m16 04 2025 02:51:03.228:WARN [web-server]: [39m404: /_karma_webpack_/safe-url
2025-04-16T02:51:03.2368137Z [1A[2KChrome Headless 135.0.0.0 (Linux x86_64): Executed 32 of 269 (9 FAILED) (0 secs / 0.357 secs)
2025-04-16T02:51:03.2599808Z [1A[2KChrome Headless 135.0.0.0 (Linux x86_64): Executed 33 of 269 (9 FAILED) (0 secs / 0.366 secs)
2025-04-16T02:51:03.2650884Z [33m16 04 2025 02:51:03.264:WARN [web-server]: [39m404: /_karma_webpack_/safe-url
2025-04-16T02:51:03.2743756Z [1A[2KChrome Headless 135.0.0.0 (Linux x86_64): Executed 34 of 269 (9 FAILED) (0 secs / 0.381 secs)
2025-04-16T02:51:03.2836263Z [1A[2KChrome Headless 135.0.0.0 (Linux x86_64): Executed 35 of 269 (9 FAILED) (0 secs / 0.388 secs)
2025-04-16T02:51:03.2867328Z [33m16 04 2025 02:51:03.285:WARN [web-server]: [39m404: /_karma_webpack_/safe-url
2025-04-16T02:51:03.2934774Z [1A[2KChrome Headless 135.0.0.0 (Linux x86_64): Executed 36 of 269 (9 FAILED) (0 secs / 0.397 secs)
2025-04-16T02:51:03.3002428Z [1A[2KChrome Headless 135.0.0.0 (Linux x86_64): Executed 37 of 269 (9 FAILED) (0 secs / 0.403 secs)
2025-04-16T02:51:03.3025640Z [33m16 04 2025 02:51:03.301:WARN [web-server]: [39m404: /_karma_webpack_/safe-url
2025-04-16T02:51:03.3095403Z [1A[2KERROR: 'Error moderating media:', Error: Test error
2025-04-16T02:51:03.3095983Z Error: Test error
2025-04-16T02:51:03.3097193Z     at errorFactory (http://localhost:9876/_karma_webpack_/webpack:/src/app/features/admin/content-moderation/content-moderation.component.spec.ts:482:70)
2025-04-16T02:51:03.3099062Z     at Observable._subscribe (http://localhost:9876/_karma_webpack_/webpack:/node_modules/rxjs/dist/esm/internal/observable/throwError.js:5:51)
2025-04-16T02:51:03.3119886Z     at Observable._trySubscribe (http://localhost:9876/_karma_webpack_/webpack:/node_modules/rxjs/dist/esm/internal/Observable.js:37:25)
2025-04-16T02:51:03.3121432Z     at cb (http://localhost:9876/_karma_webpack_/webpack:/node_modules/rxjs/dist/esm/internal/Observable.js:31:30)
2025-04-16T02:51:03.3127703Z     at errorContext (http://localhost:9876/_karma_webpack_/webpack:/node_modules/rxjs/dist/esm/internal/util/errorContext.js:19:9)
2025-04-16T02:51:03.3129566Z     at Observable.subscribe (http://localhost:9876/_karma_webpack_/webpack:/node_modules/rxjs/dist/esm/internal/Observable.js:22:21)
2025-04-16T02:51:03.3131243Z     at subscribeForRetry (http://localhost:9876/_karma_webpack_/webpack:/node_modules/rxjs/dist/esm/internal/operators/retry.js:24:35)
2025-04-16T02:51:03.3133146Z     at subscribeForRetry (http://localhost:9876/_karma_webpack_/webpack:/node_modules/rxjs/dist/esm/internal/operators/retry.js:62:21)
2025-04-16T02:51:03.3134684Z     at init (http://localhost:9876/_karma_webpack_/webpack:/node_modules/rxjs/dist/esm/internal/operators/retry.js:65:13)
2025-04-16T02:51:03.3136332Z     at OperatorSubscriber.<anonymous> (http://localhost:9876/_karma_webpack_/webpack:/node_modules/rxjs/dist/esm/internal/util/lift.js:10:28)
2025-04-16T02:51:03.3137821Z Chrome Headless 135.0.0.0 (Linux x86_64): Executed 37 of 269 (9 FAILED) (0 secs / 0.403 secs)
2025-04-16T02:51:03.3138735Z ERROR: 'Error moderating media:', Error: Test error
2025-04-16T02:51:03.3139243Z Error: Test error
2025-04-16T02:51:03.3140494Z     at errorFactory (http://localhost:9876/_karma_webpack_/webpack:/src/app/features/admin/content-moderation/content-moderation.component.spec.ts:482:70)
2025-04-16T02:51:03.3143046Z     at Observable._subscribe (http://localhost:9876/_karma_webpack_/webpack:/node_modules/rxjs/dist/esm/internal/observable/throwError.js:5:51)
2025-04-16T02:51:03.3147416Z     at Observable._trySubscribe (http://localhost:9876/_karma_webpack_/webpack:/node_modules/rxjs/dist/esm/internal/Observable.js:37:25)
2025-04-16T02:51:03.3148966Z     at cb (http://localhost:9876/_karma_webpack_/webpack:/node_modules/rxjs/dist/esm/internal/Observable.js:31:30)
2025-04-16T02:51:03.3150451Z     at errorContext (http://localhost:9876/_karma_webpack_/webpack:/node_modules/rxjs/dist/esm/internal/util/errorContext.js:19:9)
2025-04-16T02:51:03.3153844Z     at Observable.subscribe (http://localhost:9876/_karma_webpack_/webpack:/node_modules/rxjs/dist/esm/internal/Observable.js:22:21)
2025-04-16T02:51:03.3155536Z     at subscribeForRetry (http://localhost:9876/_karma_webpack_/webpack:/node_modules/rxjs/dist/esm/internal/operators/retry.js:24:35)
2025-04-16T02:51:03.3157205Z     at subscribeForRetry (http://localhost:9876/_karma_webpack_/webpack:/node_modules/rxjs/dist/esm/internal/operators/retry.js:62:21)
2025-04-16T02:51:03.3158747Z     at init (http://localhost:9876/_karma_webpack_/webpack:/node_modules/rxjs/dist/esm/internal/operators/retry.js:65:13)
2025-04-16T02:51:03.3160355Z     at OperatorSubscriber.<anonymous> (http://localhost:9876/_karma_webpack_/webpack:/node_modules/rxjs/dist/esm/internal/util/lift.js:10:28)
2025-04-16T02:51:03.3162874Z [1A[2KChrome Headless 135.0.0.0 (Linux x86_64) ContentModerationComponent Modal Interaction should handle error when submitting moderation FAILED
2025-04-16T02:51:03.3164829Z 	Error: Failed to moderate media
2025-04-16T02:51:03.3165784Z 	    at errorFactory (src/app/features/admin/content-moderation/content-moderation.component.ts:315:33)
2025-04-16T02:51:03.3168337Z 	    at Observable._subscribe (node_modules/rxjs/dist/esm/internal/observable/throwError.js:5:51)
2025-04-16T02:51:03.3169544Z 	    at Observable._trySubscribe (node_modules/rxjs/dist/esm/internal/Observable.js:37:25)
2025-04-16T02:51:03.3170487Z 	    at cb (node_modules/rxjs/dist/esm/internal/Observable.js:31:30)
2025-04-16T02:51:03.3171380Z 	    at errorContext (node_modules/rxjs/dist/esm/internal/util/errorContext.js:19:9)
2025-04-16T02:51:03.3172537Z 	    at Observable.subscribe (node_modules/rxjs/dist/esm/internal/Observable.js:22:21)
2025-04-16T02:51:03.3173473Z 	    at init (node_modules/rxjs/dist/esm/internal/operators/catchError.js:23:27)
2025-04-16T02:51:03.3174350Z 	    at SafeSubscriber.call (node_modules/rxjs/dist/esm/internal/util/lift.js:10:28)
2025-04-16T02:51:03.3175148Z 	    at cb (node_modules/rxjs/dist/esm/internal/Observable.js:26:30)
2025-04-16T02:51:03.3175932Z 	    at errorContext (node_modules/rxjs/dist/esm/internal/util/errorContext.js:19:9)
2025-04-16T02:51:03.3177299Z Chrome Headless 135.0.0.0 (Linux x86_64): Executed 38 of 269 (10 FAILED) (0 secs / 0.412 secs)
2025-04-16T02:51:03.3201107Z [1A[2KChrome Headless 135.0.0.0 (Linux x86_64): Executed 39 of 269 (10 FAILED) (0 secs / 0.42 secs)
2025-04-16T02:51:03.3223256Z [33m16 04 2025 02:51:03.320:WARN [web-server]: [39m404: /_karma_webpack_/safe-url
2025-04-16T02:51:03.3381270Z [1A[2KChrome Headless 135.0.0.0 (Linux x86_64): Executed 40 of 269 (10 FAILED) (0 secs / 0.432 secs)
2025-04-16T02:51:03.3399319Z [33m16 04 2025 02:51:03.338:WARN [web-server]: [39m404: /_karma_webpack_/safe-url
2025-04-16T02:51:03.3563186Z [1A[2KChrome Headless 135.0.0.0 (Linux x86_64): Executed 41 of 269 (10 FAILED) (0 secs / 0.45 secs)
2025-04-16T02:51:03.3774293Z [1A[2KChrome Headless 135.0.0.0 (Linux x86_64): Executed 42 of 269 (10 FAILED) (0 secs / 0.461 secs)
2025-04-16T02:51:03.3775705Z [33m16 04 2025 02:51:03.376:WARN [web-server]: [39m404: /_karma_webpack_/safe-url
2025-04-16T02:51:03.3947165Z [1A[2KChrome Headless 135.0.0.0 (Linux x86_64): Executed 43 of 269 (10 FAILED) (0 secs / 0.474 secs)
2025-04-16T02:51:03.4133119Z [1A[2KChrome Headless 135.0.0.0 (Linux x86_64): Executed 44 of 269 (10 FAILED) (0 secs / 0.487 secs)
2025-04-16T02:51:03.4158020Z [33m16 04 2025 02:51:03.415:WARN [web-server]: [39m404: /_karma_webpack_/safe-url
2025-04-16T02:51:03.4311586Z [1A[2KChrome Headless 135.0.0.0 (Linux x86_64) ContentModerationComponent UI Rendering and State Management should handle empty media state FAILED
2025-04-16T02:51:03.4312896Z 	Expected 0 to be 1.
2025-04-16T02:51:03.4313261Z 	    at <Jasmine>
2025-04-16T02:51:03.4314226Z 	    at UserContext.apply (src/app/features/admin/content-moderation/content-moderation.component.spec.ts:553:36)
2025-04-16T02:51:03.4315663Z 	    at _ZoneDelegate.invoke (node_modules/zone.js/fesm2015/zone.js:369:28)
2025-04-16T02:51:03.4316553Z 	    at ProxyZoneSpec.onInvoke (node_modules/zone.js/fesm2015/zone-testing.js:2082:39)
2025-04-16T02:51:03.4317446Z 	    at _ZoneDelegate.invoke (node_modules/zone.js/fesm2015/zone.js:368:34)
2025-04-16T02:51:03.4318521Z Chrome Headless 135.0.0.0 (Linux x86_64): Executed 45 of 269 (11 FAILED) (0 secs / 0.498 secs)
2025-04-16T02:51:03.4343392Z [33m16 04 2025 02:51:03.433:WARN [web-server]: [39m404: /_karma_webpack_/safe-url
2025-04-16T02:51:03.4433103Z [1A[2KChrome Headless 135.0.0.0 (Linux x86_64): Executed 46 of 269 (11 FAILED) (0 secs / 0.505 secs)
2025-04-16T02:51:03.4493599Z [1A[2KChrome Headless 135.0.0.0 (Linux x86_64) ContentModerationComponent UI Rendering and State Management should handle pagination state changes FAILED
2025-04-16T02:51:03.4518708Z 	Expected 'id19' to be 'id10'.
2025-04-16T02:51:03.4519480Z 	    at <Jasmine>
2025-04-16T02:51:03.4536050Z 	    at UserContext.apply (src/app/features/admin/content-moderation/content-moderation.component.spec.ts:605:47)
2025-04-16T02:51:03.4537483Z 	    at _ZoneDelegate.invoke (node_modules/zone.js/fesm2015/zone.js:369:28)
2025-04-16T02:51:03.4539245Z 	    at ProxyZoneSpec.onInvoke (node_modules/zone.js/fesm2015/zone-testing.js:2082:39)
2025-04-16T02:51:03.4540615Z 	    at _ZoneDelegate.invoke (node_modules/zone.js/fesm2015/zone.js:368:34)
2025-04-16T02:51:03.4545356Z Chrome Headless 135.0.0.0 (Linux x86_64): Executed 47 of 269 (12 FAILED) (0 secs / 0.511 secs)
2025-04-16T02:51:03.4555796Z [33m16 04 2025 02:51:03.455:WARN [web-server]: [39m404: /_karma_webpack_/safe-url
2025-04-16T02:51:03.4598739Z [1A[2KERROR: 'Error loading pending media:', Error: Network error
2025-04-16T02:51:03.4599736Z Error: Network error
2025-04-16T02:51:03.4601093Z     at errorFactory (http://localhost:9876/_karma_webpack_/webpack:/src/app/features/admin/content-moderation/content-moderation.component.spec.ts:179:26)
2025-04-16T02:51:03.4604320Z     at Observable._subscribe (http://localhost:9876/_karma_webpack_/webpack:/node_modules/rxjs/dist/esm/internal/observable/throwError.js:5:51)
2025-04-16T02:51:03.4605940Z     at Observable._trySubscribe (http://localhost:9876/_karma_webpack_/webpack:/node_modules/rxjs/dist/esm/internal/Observable.js:37:25)
2025-04-16T02:51:03.4607671Z     at cb (http://localhost:9876/_karma_webpack_/webpack:/node_modules/rxjs/dist/esm/internal/Observable.js:31:30)
2025-04-16T02:51:03.4609052Z     at errorContext (http://localhost:9876/_karma_webpack_/webpack:/node_modules/rxjs/dist/esm/internal/util/errorContext.js:19:9)
2025-04-16T02:51:03.4610537Z     at Observable.subscribe (http://localhost:9876/_karma_webpack_/webpack:/node_modules/rxjs/dist/esm/internal/Observable.js:22:21)
2025-04-16T02:51:03.4612414Z     at subscribeForRetry (http://localhost:9876/_karma_webpack_/webpack:/node_modules/rxjs/dist/esm/internal/operators/retry.js:24:35)
2025-04-16T02:51:03.4613952Z     at subscribeForRetry (http://localhost:9876/_karma_webpack_/webpack:/node_modules/rxjs/dist/esm/internal/operators/retry.js:62:21)
2025-04-16T02:51:03.4615536Z     at subscribeForRetry (http://localhost:9876/_karma_webpack_/webpack:/node_modules/rxjs/dist/esm/internal/operators/retry.js:62:21)
2025-04-16T02:51:03.4617049Z     at http://localhost:9876/_karma_webpack_/webpack:/node_modules/rxjs/dist/esm/internal/operators/retry.js:65:13
2025-04-16T02:51:03.4618301Z Chrome Headless 135.0.0.0 (Linux x86_64): Executed 47 of 269 (12 FAILED) (0 secs / 0.511 secs)
2025-04-16T02:51:03.4619495Z ERROR: 'Error loading pending media:', Error: Network error
2025-04-16T02:51:03.4620032Z Error: Network error
2025-04-16T02:51:03.4621181Z     at errorFactory (http://localhost:9876/_karma_webpack_/webpack:/src/app/features/admin/content-moderation/content-moderation.component.spec.ts:179:26)
2025-04-16T02:51:03.4623191Z     at Observable._subscribe (http://localhost:9876/_karma_webpack_/webpack:/node_modules/rxjs/dist/esm/internal/observable/throwError.js:5:51)
2025-04-16T02:51:03.4625125Z     at Observable._trySubscribe (http://localhost:9876/_karma_webpack_/webpack:/node_modules/rxjs/dist/esm/internal/Observable.js:37:25)
2025-04-16T02:51:03.4626534Z     at cb (http://localhost:9876/_karma_webpack_/webpack:/node_modules/rxjs/dist/esm/internal/Observable.js:31:30)
2025-04-16T02:51:03.4627903Z     at errorContext (http://localhost:9876/_karma_webpack_/webpack:/node_modules/rxjs/dist/esm/internal/util/errorContext.js:19:9)
2025-04-16T02:51:03.4629410Z     at Observable.subscribe (http://localhost:9876/_karma_webpack_/webpack:/node_modules/rxjs/dist/esm/internal/Observable.js:22:21)
2025-04-16T02:51:03.4630945Z     at subscribeForRetry (http://localhost:9876/_karma_webpack_/webpack:/node_modules/rxjs/dist/esm/internal/operators/retry.js:24:35)
2025-04-16T02:51:03.4632649Z     at subscribeForRetry (http://localhost:9876/_karma_webpack_/webpack:/node_modules/rxjs/dist/esm/internal/operators/retry.js:62:21)
2025-04-16T02:51:03.4635347Z     at subscribeForRetry (http://localhost:9876/_karma_webpack_/webpack:/node_modules/rxjs/dist/esm/internal/operators/retry.js:62:21)
2025-04-16T02:51:03.4636840Z     at http://localhost:9876/_karma_webpack_/webpack:/node_modules/rxjs/dist/esm/internal/operators/retry.js:65:13
2025-04-16T02:51:03.4638631Z [1A[2KChrome Headless 135.0.0.0 (Linux x86_64) ContentModerationComponent Error Handling should retry failed requests FAILED
2025-04-16T02:51:03.4639588Z 	Error: Failed to load pending media
2025-04-16T02:51:03.4640445Z 	    at errorFactory (src/app/features/admin/content-moderation/content-moderation.component.ts:96:33)
2025-04-16T02:51:03.4641601Z 	    at Observable._subscribe (node_modules/rxjs/dist/esm/internal/observable/throwError.js:5:51)
2025-04-16T02:51:03.4642842Z 	    at Observable._trySubscribe (node_modules/rxjs/dist/esm/internal/Observable.js:37:25)
2025-04-16T02:51:03.4643739Z 	    at cb (node_modules/rxjs/dist/esm/internal/Observable.js:31:30)
2025-04-16T02:51:03.4644582Z 	    at errorContext (node_modules/rxjs/dist/esm/internal/util/errorContext.js:19:9)
2025-04-16T02:51:03.4645566Z 	    at Observable.subscribe (node_modules/rxjs/dist/esm/internal/Observable.js:22:21)
2025-04-16T02:51:03.4646511Z 	    at init (node_modules/rxjs/dist/esm/internal/operators/catchError.js:23:27)
2025-04-16T02:51:03.4647828Z 	    at SafeSubscriber.call (node_modules/rxjs/dist/esm/internal/util/lift.js:10:28)
2025-04-16T02:51:03.4648756Z 	    at cb (node_modules/rxjs/dist/esm/internal/Observable.js:26:30)
2025-04-16T02:51:03.4649637Z 	    at errorContext (node_modules/rxjs/dist/esm/internal/util/errorContext.js:19:9)
2025-04-16T02:51:03.4650711Z Chrome Headless 135.0.0.0 (Linux x86_64): Executed 48 of 269 (13 FAILED) (0 secs / 0.523 secs)
2025-04-16T02:51:03.4712739Z [1A[2KERROR: 'Error loading pending media:', Object{status: 403, message: 'Forbidden'}
2025-04-16T02:51:03.4715914Z Chrome Headless 135.0.0.0 (Linux x86_64): Executed 48 of 269 (13 FAILED) (0 secs / 0.523 secs)
2025-04-16T02:51:03.4717020Z ERROR: 'Error loading pending media:', Object{status: 403, message: 'Forbidden'}
2025-04-16T02:51:03.4746035Z [1A[2KChrome Headless 135.0.0.0 (Linux x86_64) ContentModerationComponent Error Handling should handle 403 forbidden error with specific message FAILED
2025-04-16T02:51:03.4747576Z 	Error: You do not have permission to access moderation features
2025-04-16T02:51:03.4749400Z 	    at errorFactory (src/app/features/admin/content-moderation/content-moderation.component.ts:96:33)
2025-04-16T02:51:03.4752675Z 	    at Observable._subscribe (node_modules/rxjs/dist/esm/internal/observable/throwError.js:5:51)
2025-04-16T02:51:03.4757983Z 	    at Observable._trySubscribe (node_modules/rxjs/dist/esm/internal/Observable.js:37:25)
2025-04-16T02:51:03.4759166Z 	    at cb (node_modules/rxjs/dist/esm/internal/Observable.js:31:30)
2025-04-16T02:51:03.4762909Z 	    at errorContext (node_modules/rxjs/dist/esm/internal/util/errorContext.js:19:9)
2025-04-16T02:51:03.4764073Z 	    at Observable.subscribe (node_modules/rxjs/dist/esm/internal/Observable.js:22:21)
2025-04-16T02:51:03.4768549Z 	    at init (node_modules/rxjs/dist/esm/internal/operators/catchError.js:23:27)
2025-04-16T02:51:03.4769508Z 	    at SafeSubscriber.call (node_modules/rxjs/dist/esm/internal/util/lift.js:10:28)
2025-04-16T02:51:03.4781451Z 	    at cb (node_modules/rxjs/dist/esm/internal/Observable.js:26:30)
2025-04-16T02:51:03.4782579Z 	    at errorContext (node_modules/rxjs/dist/esm/internal/util/errorContext.js:19:9)
2025-04-16T02:51:03.4783720Z Chrome Headless 135.0.0.0 (Linux x86_64): Executed 49 of 269 (14 FAILED) (0 secs / 0.532 secs)
2025-04-16T02:51:03.4785010Z [33m16 04 2025 02:51:03.474:WARN [web-server]: [39m404: /_karma_webpack_/safe-url
2025-04-16T02:51:03.4847145Z [1A[2KERROR: 'Error loading pending media:', Error: Test error
2025-04-16T02:51:03.4847734Z Error: Test error
2025-04-16T02:51:03.4861078Z     at errorFactory (http://localhost:9876/_karma_webpack_/webpack:/src/app/features/admin/content-moderation/content-moderation.component.spec.ts:151:82)
2025-04-16T02:51:03.4863605Z     at Observable._subscribe (http://localhost:9876/_karma_webpack_/webpack:/node_modules/rxjs/dist/esm/internal/observable/throwError.js:5:51)
2025-04-16T02:51:03.4880986Z     at Observable._trySubscribe (http://localhost:9876/_karma_webpack_/webpack:/node_modules/rxjs/dist/esm/internal/Observable.js:37:25)
2025-04-16T02:51:03.4882639Z     at cb (http://localhost:9876/_karma_webpack_/webpack:/node_modules/rxjs/dist/esm/internal/Observable.js:31:30)
2025-04-16T02:51:03.4887519Z     at errorContext (http://localhost:9876/_karma_webpack_/webpack:/node_modules/rxjs/dist/esm/internal/util/errorContext.js:19:9)
2025-04-16T02:51:03.4889124Z     at Observable.subscribe (http://localhost:9876/_karma_webpack_/webpack:/node_modules/rxjs/dist/esm/internal/Observable.js:22:21)
2025-04-16T02:51:03.4890765Z     at subscribeForRetry (http://localhost:9876/_karma_webpack_/webpack:/node_modules/rxjs/dist/esm/internal/operators/retry.js:24:35)
2025-04-16T02:51:03.4892615Z     at subscribeForRetry (http://localhost:9876/_karma_webpack_/webpack:/node_modules/rxjs/dist/esm/internal/operators/retry.js:62:21)
2025-04-16T02:51:03.4894273Z     at subscribeForRetry (http://localhost:9876/_karma_webpack_/webpack:/node_modules/rxjs/dist/esm/internal/operators/retry.js:62:21)
2025-04-16T02:51:03.4896081Z     at http://localhost:9876/_karma_webpack_/webpack:/node_modules/rxjs/dist/esm/internal/operators/retry.js:65:13
2025-04-16T02:51:03.4897406Z Chrome Headless 135.0.0.0 (Linux x86_64): Executed 49 of 269 (14 FAILED) (0 secs / 0.532 secs)
2025-04-16T02:51:03.4898368Z ERROR: 'Error loading pending media:', Error: Test error
2025-04-16T02:51:03.4898908Z Error: Test error
2025-04-16T02:51:03.4900114Z     at errorFactory (http://localhost:9876/_karma_webpack_/webpack:/src/app/features/admin/content-moderation/content-moderation.component.spec.ts:151:82)
2025-04-16T02:51:03.4921512Z     at Observable._subscribe (http://localhost:9876/_karma_webpack_/webpack:/node_modules/rxjs/dist/esm/internal/observable/throwError.js:5:51)
2025-04-16T02:51:03.4923453Z     at Observable._trySubscribe (http://localhost:9876/_karma_webpack_/webpack:/node_modules/rxjs/dist/esm/internal/Observable.js:37:25)
2025-04-16T02:51:03.4924910Z     at cb (http://localhost:9876/_karma_webpack_/webpack:/node_modules/rxjs/dist/esm/internal/Observable.js:31:30)
2025-04-16T02:51:03.4926373Z     at errorContext (http://localhost:9876/_karma_webpack_/webpack:/node_modules/rxjs/dist/esm/internal/util/errorContext.js:19:9)
2025-04-16T02:51:03.4927928Z     at Observable.subscribe (http://localhost:9876/_karma_webpack_/webpack:/node_modules/rxjs/dist/esm/internal/Observable.js:22:21)
2025-04-16T02:51:03.4929913Z     at subscribeForRetry (http://localhost:9876/_karma_webpack_/webpack:/node_modules/rxjs/dist/esm/internal/operators/retry.js:24:35)
2025-04-16T02:51:03.4931552Z     at subscribeForRetry (http://localhost:9876/_karma_webpack_/webpack:/node_modules/rxjs/dist/esm/internal/operators/retry.js:62:21)
2025-04-16T02:51:03.4933545Z     at subscribeForRetry (http://localhost:9876/_karma_webpack_/webpack:/node_modules/rxjs/dist/esm/internal/operators/retry.js:62:21)
2025-04-16T02:51:03.4935057Z     at http://localhost:9876/_karma_webpack_/webpack:/node_modules/rxjs/dist/esm/internal/operators/retry.js:65:13
2025-04-16T02:51:03.4937124Z [1A[2KChrome Headless 135.0.0.0 (Linux x86_64) ContentModerationComponent Error Handling should handle error when loading pending media FAILED
2025-04-16T02:51:03.4938190Z 	Error: Failed to load pending media
2025-04-16T02:51:03.4939133Z 	    at errorFactory (src/app/features/admin/content-moderation/content-moderation.component.ts:96:33)
2025-04-16T02:51:03.4940360Z 	    at Observable._subscribe (node_modules/rxjs/dist/esm/internal/observable/throwError.js:5:51)
2025-04-16T02:51:03.4941455Z 	    at Observable._trySubscribe (node_modules/rxjs/dist/esm/internal/Observable.js:37:25)
2025-04-16T02:51:03.4942532Z 	    at cb (node_modules/rxjs/dist/esm/internal/Observable.js:31:30)
2025-04-16T02:51:03.4943379Z 	    at errorContext (node_modules/rxjs/dist/esm/internal/util/errorContext.js:19:9)
2025-04-16T02:51:03.4945458Z 	    at Observable.subscribe (node_modules/rxjs/dist/esm/internal/Observable.js:22:21)
2025-04-16T02:51:03.4946455Z 	    at init (node_modules/rxjs/dist/esm/internal/operators/catchError.js:23:27)
2025-04-16T02:51:03.4947417Z 	    at SafeSubscriber.call (node_modules/rxjs/dist/esm/internal/util/lift.js:10:28)
2025-04-16T02:51:03.4948288Z 	    at cb (node_modules/rxjs/dist/esm/internal/Observable.js:26:30)
2025-04-16T02:51:03.4949165Z 	    at errorContext (node_modules/rxjs/dist/esm/internal/util/errorContext.js:19:9)
2025-04-16T02:51:03.4950236Z Chrome Headless 135.0.0.0 (Linux x86_64): Executed 50 of 269 (15 FAILED) (0 secs / 0.543 secs)
2025-04-16T02:51:03.4955706Z [1A[2KChrome Headless 135.0.0.0 (Linux x86_64): Executed 51 of 269 (15 FAILED) (0 secs / 0.551 secs)
2025-04-16T02:51:03.4971934Z [33m16 04 2025 02:51:03.496:WARN [web-server]: [39m404: /_karma_webpack_/safe-url
2025-04-16T02:51:03.5864391Z [1A[2KChrome Headless 135.0.0.0 (Linux x86_64): Executed 52 of 269 (15 FAILED) (0 secs / 0.64 secs)
2025-04-16T02:51:03.5956298Z [1A[2KChrome Headless 135.0.0.0 (Linux x86_64): Executed 53 of 269 (15 FAILED) (0 secs / 0.645 secs)
2025-04-16T02:51:03.5964152Z [33m16 04 2025 02:51:03.595:WARN [web-server]: [39m404: /_karma_webpack_/safe-url
2025-04-16T02:51:03.6038493Z [1A[2KChrome Headless 135.0.0.0 (Linux x86_64): Executed 54 of 269 (15 FAILED) (0 secs / 0.653 secs)
2025-04-16T02:51:03.6142971Z [1A[2KChrome Headless 135.0.0.0 (Linux x86_64): Executed 55 of 269 (15 FAILED) (0 secs / 0.66 secs)
2025-04-16T02:51:03.6152334Z [33m16 04 2025 02:51:03.614:WARN [web-server]: [39m404: /_karma_webpack_/safe-url
2025-04-16T02:51:03.6204778Z [1A[2KChrome Headless 135.0.0.0 (Linux x86_64): Executed 56 of 269 (15 FAILED) (0 secs / 0.667 secs)
2025-04-16T02:51:03.6383986Z [1A[2KChrome Headless 135.0.0.0 (Linux x86_64): Executed 57 of 269 (15 FAILED) (0 secs / 0.673 secs)
2025-04-16T02:51:03.6395093Z [33m16 04 2025 02:51:03.637:WARN [web-server]: [39m404: /_karma_webpack_/safe-url
2025-04-16T02:51:03.6422523Z [1A[2KChrome Headless 135.0.0.0 (Linux x86_64): Executed 58 of 269 (15 FAILED) (0 secs / 0.681 secs)
2025-04-16T02:51:03.6615765Z [1A[2KChrome Headless 135.0.0.0 (Linux x86_64): Executed 59 of 269 (15 FAILED) (0 secs / 0.696 secs)
2025-04-16T02:51:03.6621096Z [33m16 04 2025 02:51:03.660:WARN [web-server]: [39m404: /_karma_webpack_/safe-url
2025-04-16T02:51:03.6711482Z [1A[2KChrome Headless 135.0.0.0 (Linux x86_64): Executed 60 of 269 (15 FAILED) (0 secs / 0.705 secs)
2025-04-16T02:51:03.6859767Z [1A[2KChrome Headless 135.0.0.0 (Linux x86_64) ContentModerationComponent Pagination should change page correctly FAILED
2025-04-16T02:51:03.6866328Z 	Expected 'id19' to be 'id10'.
2025-04-16T02:51:03.6869660Z 	    at <Jasmine>
2025-04-16T02:51:03.6876071Z 	    at UserContext.apply (src/app/features/admin/content-moderation/content-moderation.component.spec.ts:323:47)
2025-04-16T02:51:03.6877382Z 	    at _ZoneDelegate.invoke (node_modules/zone.js/fesm2015/zone.js:369:28)
2025-04-16T02:51:03.6878404Z 	    at ProxyZoneSpec.onInvoke (node_modules/zone.js/fesm2015/zone-testing.js:2082:39)
2025-04-16T02:51:03.6879390Z 	    at _ZoneDelegate.invoke (node_modules/zone.js/fesm2015/zone.js:368:34)
2025-04-16T02:51:03.6881352Z Chrome Headless 135.0.0.0 (Linux x86_64): Executed 61 of 269 (16 FAILED) (0 secs / 0.718 secs)
2025-04-16T02:51:03.6882759Z [33m16 04 2025 02:51:03.687:WARN [web-server]: [39m404: /_karma_webpack_/safe-url
2025-04-16T02:51:03.6945859Z [1A[2KChrome Headless 135.0.0.0 (Linux x86_64): Executed 62 of 269 (16 FAILED) (0 secs / 0.724 secs)
2025-04-16T02:51:03.7248778Z [1A[2KChrome Headless 135.0.0.0 (Linux x86_64) LoginComponent should call AuthService.login when form is submitted FAILED
2025-04-16T02:51:03.7250044Z 	Error: NG0304: 'mat-card' is not a known element (used in the 'LoginComponent' component template):
2025-04-16T02:51:03.7251235Z 	1. If 'mat-card' is an Angular component, then verify that it is included in the '@Component.imports' of this component.
2025-04-16T02:51:03.7252858Z 	2. If 'mat-card' is a Web Component then add 'CUSTOM_ELEMENTS_SCHEMA' to the '@Component.schemas' of this component to suppress this message.
2025-04-16T02:51:03.7253866Z 	error properties: Object({ code: 304 })
2025-04-16T02:51:03.7254702Z 	    at validateElementIsKnown (node_modules/@angular/core/fesm2022/core.mjs:11128:23)
2025-04-16T02:51:03.7256335Z 	    at ÉµÉµelementStart (node_modules/@angular/core/fesm2022/core.mjs:27884:9)
2025-04-16T02:51:03.7257079Z 	    at templateFn (ng:///LoginComponent.js:65:40)
2025-04-16T02:51:03.7257849Z 	    at executeTemplate (node_modules/@angular/core/fesm2022/core.mjs:12338:9)
2025-04-16T02:51:03.7258721Z 	    at renderView (node_modules/@angular/core/fesm2022/core.mjs:12844:13)
2025-04-16T02:51:03.7259591Z 	    at renderComponent (node_modules/@angular/core/fesm2022/core.mjs:12789:5)
2025-04-16T02:51:03.7260580Z 	    at renderChildComponents (node_modules/@angular/core/fesm2022/core.mjs:12892:9)
2025-04-16T02:51:03.7261534Z 	    at renderView (node_modules/@angular/core/fesm2022/core.mjs:12872:13)
2025-04-16T02:51:03.7282880Z 	    at ComponentFactory.create (node_modules/@angular/core/fesm2022/core.mjs:17954:17)
2025-04-16T02:51:03.7283874Z 	    at initComponent (node_modules/@angular/core/fesm2022/testing.mjs:2053:51)
2025-04-16T02:51:03.7285291Z Chrome Headless 135.0.0.0 (Linux x86_64): Executed 63 of 269 (17 FAILED) (0 secs / 0.752 secs)
2025-04-16T02:51:03.7302425Z [1A[2KChrome Headless 135.0.0.0 (Linux x86_64) LoginComponent should initialize the login form with empty fields FAILED
2025-04-16T02:51:03.7303798Z 	Error: NG0304: 'mat-card' is not a known element (used in the 'LoginComponent' component template):
2025-04-16T02:51:03.7305036Z 	1. If 'mat-card' is an Angular component, then verify that it is included in the '@Component.imports' of this component.
2025-04-16T02:51:03.7306520Z 	2. If 'mat-card' is a Web Component then add 'CUSTOM_ELEMENTS_SCHEMA' to the '@Component.schemas' of this component to suppress this message.
2025-04-16T02:51:03.7307573Z 	error properties: Object({ code: 304 })
2025-04-16T02:51:03.7308385Z 	    at validateElementIsKnown (node_modules/@angular/core/fesm2022/core.mjs:11128:23)
2025-04-16T02:51:03.7309533Z 	    at ÉµÉµelementStart (node_modules/@angular/core/fesm2022/core.mjs:27884:9)
2025-04-16T02:51:03.7310279Z 	    at templateFn (ng:///LoginComponent.js:65:40)
2025-04-16T02:51:03.7311050Z 	    at executeTemplate (node_modules/@angular/core/fesm2022/core.mjs:12338:9)
2025-04-16T02:51:03.7311921Z 	    at renderView (node_modules/@angular/core/fesm2022/core.mjs:12844:13)
2025-04-16T02:51:03.7313369Z 	    at renderComponent (node_modules/@angular/core/fesm2022/core.mjs:12789:5)
2025-04-16T02:51:03.7314334Z 	    at renderChildComponents (node_modules/@angular/core/fesm2022/core.mjs:12892:9)
2025-04-16T02:51:03.7315253Z 	    at renderView (node_modules/@angular/core/fesm2022/core.mjs:12872:13)
2025-04-16T02:51:03.7316180Z 	    at ComponentFactory.create (node_modules/@angular/core/fesm2022/core.mjs:17954:17)
2025-04-16T02:51:03.7329414Z 	    at initComponent (node_modules/@angular/core/fesm2022/testing.mjs:2053:51)
2025-04-16T02:51:03.7330545Z Chrome Headless 135.0.0.0 (Linux x86_64): Executed 64 of 269 (18 FAILED) (0 secs / 0.756 secs)
2025-04-16T02:51:03.7343426Z [1A[2KChrome Headless 135.0.0.0 (Linux x86_64) LoginComponent should display error message on login failure FAILED
2025-04-16T02:51:03.7345880Z 	Error: NG0304: 'mat-card' is not a known element (used in the 'LoginComponent' component template):
2025-04-16T02:51:03.7347076Z 	1. If 'mat-card' is an Angular component, then verify that it is included in the '@Component.imports' of this component.
2025-04-16T02:51:03.7348466Z 	2. If 'mat-card' is a Web Component then add 'CUSTOM_ELEMENTS_SCHEMA' to the '@Component.schemas' of this component to suppress this message.
2025-04-16T02:51:03.7349409Z 	error properties: Object({ code: 304 })
2025-04-16T02:51:03.7350153Z 	    at validateElementIsKnown (node_modules/@angular/core/fesm2022/core.mjs:11128:23)
2025-04-16T02:51:03.7351225Z 	    at ÉµÉµelementStart (node_modules/@angular/core/fesm2022/core.mjs:27884:9)
2025-04-16T02:51:03.7351929Z 	    at templateFn (ng:///LoginComponent.js:65:40)
2025-04-16T02:51:03.7357905Z 	    at executeTemplate (node_modules/@angular/core/fesm2022/core.mjs:12338:9)
2025-04-16T02:51:03.7358831Z 	    at renderView (node_modules/@angular/core/fesm2022/core.mjs:12844:13)
2025-04-16T02:51:03.7359723Z 	    at renderComponent (node_modules/@angular/core/fesm2022/core.mjs:12789:5)
2025-04-16T02:51:03.7360716Z 	    at renderChildComponents (node_modules/@angular/core/fesm2022/core.mjs:12892:9)
2025-04-16T02:51:03.7361652Z 	    at renderView (node_modules/@angular/core/fesm2022/core.mjs:12872:13)
2025-04-16T02:51:03.7362806Z 	    at ComponentFactory.create (node_modules/@angular/core/fesm2022/core.mjs:17954:17)
2025-04-16T02:51:03.7363748Z 	    at initComponent (node_modules/@angular/core/fesm2022/testing.mjs:2053:51)
2025-04-16T02:51:03.7364830Z Chrome Headless 135.0.0.0 (Linux x86_64): Executed 65 of 269 (19 FAILED) (0 secs / 0.76 secs)
2025-04-16T02:51:03.7386511Z [1A[2KChrome Headless 135.0.0.0 (Linux x86_64) LoginComponent should disable submit button while loading FAILED
2025-04-16T02:51:03.7389182Z 	Error: NG0304: 'mat-card' is not a known element (used in the 'LoginComponent' component template):
2025-04-16T02:51:03.7390607Z 	1. If 'mat-card' is an Angular component, then verify that it is included in the '@Component.imports' of this component.
2025-04-16T02:51:03.7392195Z 	2. If 'mat-card' is a Web Component then add 'CUSTOM_ELEMENTS_SCHEMA' to the '@Component.schemas' of this component to suppress this message.
2025-04-16T02:51:03.7393247Z 	error properties: Object({ code: 304 })
2025-04-16T02:51:03.7394064Z 	    at validateElementIsKnown (node_modules/@angular/core/fesm2022/core.mjs:11128:23)
2025-04-16T02:51:03.7395252Z 	    at ÉµÉµelementStart (node_modules/@angular/core/fesm2022/core.mjs:27884:9)
2025-04-16T02:51:03.7396002Z 	    at templateFn (ng:///LoginComponent.js:65:40)
2025-04-16T02:51:03.7396751Z 	    at executeTemplate (node_modules/@angular/core/fesm2022/core.mjs:12338:9)
2025-04-16T02:51:03.7397597Z 	    at renderView (node_modules/@angular/core/fesm2022/core.mjs:12844:13)
2025-04-16T02:51:03.7398460Z 	    at renderComponent (node_modules/@angular/core/fesm2022/core.mjs:12789:5)
2025-04-16T02:51:03.7399442Z 	    at renderChildComponents (node_modules/@angular/core/fesm2022/core.mjs:12892:9)
2025-04-16T02:51:03.7400364Z 	    at renderView (node_modules/@angular/core/fesm2022/core.mjs:12872:13)
2025-04-16T02:51:03.7401624Z 	    at ComponentFactory.create (node_modules/@angular/core/fesm2022/core.mjs:17954:17)
2025-04-16T02:51:03.7402797Z 	    at initComponent (node_modules/@angular/core/fesm2022/testing.mjs:2053:51)
2025-04-16T02:51:03.7403872Z Chrome Headless 135.0.0.0 (Linux x86_64): Executed 66 of 269 (20 FAILED) (0 secs / 0.763 secs)
2025-04-16T02:51:03.7430021Z [1A[2KChrome Headless 135.0.0.0 (Linux x86_64) LoginComponent should create FAILED
2025-04-16T02:51:03.7432308Z 	Error: NG0304: 'mat-card' is not a known element (used in the 'LoginComponent' component template):
2025-04-16T02:51:03.7433583Z 	1. If 'mat-card' is an Angular component, then verify that it is included in the '@Component.imports' of this component.
2025-04-16T02:51:03.7435158Z 	2. If 'mat-card' is a Web Component then add 'CUSTOM_ELEMENTS_SCHEMA' to the '@Component.schemas' of this component to suppress this message.
2025-04-16T02:51:03.7436176Z 	error properties: Object({ code: 304 })
2025-04-16T02:51:03.7436960Z 	    at validateElementIsKnown (node_modules/@angular/core/fesm2022/core.mjs:11128:23)
2025-04-16T02:51:03.7438115Z 	    at ÉµÉµelementStart (node_modules/@angular/core/fesm2022/core.mjs:27884:9)
2025-04-16T02:51:03.7438890Z 	    at templateFn (ng:///LoginComponent.js:65:40)
2025-04-16T02:51:03.7439683Z 	    at executeTemplate (node_modules/@angular/core/fesm2022/core.mjs:12338:9)
2025-04-16T02:51:03.7440561Z 	    at renderView (node_modules/@angular/core/fesm2022/core.mjs:12844:13)
2025-04-16T02:51:03.7441437Z 	    at renderComponent (node_modules/@angular/core/fesm2022/core.mjs:12789:5)
2025-04-16T02:51:03.7442631Z 	    at renderChildComponents (node_modules/@angular/core/fesm2022/core.mjs:12892:9)
2025-04-16T02:51:03.7443576Z 	    at renderView (node_modules/@angular/core/fesm2022/core.mjs:12872:13)
2025-04-16T02:51:03.7444539Z 	    at ComponentFactory.create (node_modules/@angular/core/fesm2022/core.mjs:17954:17)
2025-04-16T02:51:03.7445532Z 	    at initComponent (node_modules/@angular/core/fesm2022/testing.mjs:2053:51)
2025-04-16T02:51:03.7446624Z Chrome Headless 135.0.0.0 (Linux x86_64): Executed 67 of 269 (21 FAILED) (0 secs / 0.767 secs)
2025-04-16T02:51:03.7464211Z [1A[2KChrome Headless 135.0.0.0 (Linux x86_64) LoginComponent should mark form as valid when all fields are filled FAILED
2025-04-16T02:51:03.7466303Z 	Error: NG0304: 'mat-card' is not a known element (used in the 'LoginComponent' component template):
2025-04-16T02:51:03.7467377Z 	1. If 'mat-card' is an Angular component, then verify that it is included in the '@Component.imports' of this component.
2025-04-16T02:51:03.7504277Z 	2. If 'mat-card' is a Web Component then add 'CUSTOM_ELEMENTS_SCHEMA' to the '@Component.schemas' of this component to suppress this message.
2025-04-16T02:51:03.7505223Z 	error properties: Object({ code: 304 })
2025-04-16T02:51:03.7506190Z 	    at validateElementIsKnown (node_modules/@angular/core/fesm2022/core.mjs:11128:23)
2025-04-16T02:51:03.7507226Z 	    at ÉµÉµelementStart (node_modules/@angular/core/fesm2022/core.mjs:27884:9)
2025-04-16T02:51:03.7507917Z 	    at templateFn (ng:///LoginComponent.js:65:40)
2025-04-16T02:51:03.7508590Z 	    at executeTemplate (node_modules/@angular/core/fesm2022/core.mjs:12338:9)
2025-04-16T02:51:03.7509380Z 	    at renderView (node_modules/@angular/core/fesm2022/core.mjs:12844:13)
2025-04-16T02:51:03.7510162Z 	    at renderComponent (node_modules/@angular/core/fesm2022/core.mjs:12789:5)
2025-04-16T02:51:03.7510966Z 	    at renderChildComponents (node_modules/@angular/core/fesm2022/core.mjs:12892:9)
2025-04-16T02:51:03.7511801Z 	    at renderView (node_modules/@angular/core/fesm2022/core.mjs:12872:13)
2025-04-16T02:51:03.7512830Z 	    at ComponentFactory.create (node_modules/@angular/core/fesm2022/core.mjs:17954:17)
2025-04-16T02:51:03.7513679Z 	    at initComponent (node_modules/@angular/core/fesm2022/testing.mjs:2053:51)
2025-04-16T02:51:03.7514636Z Chrome Headless 135.0.0.0 (Linux x86_64): Executed 68 of 269 (22 FAILED) (0 secs / 0.77 secs)
2025-04-16T02:51:03.7665356Z [1A[2KChrome Headless 135.0.0.0 (Linux x86_64) LoginComponent should mark form as invalid when empty FAILED
2025-04-16T02:51:03.7683011Z 	Error: NG0304: 'mat-card' is not a known element (used in the 'LoginComponent' component template):
2025-04-16T02:51:03.7688076Z 	1. If 'mat-card' is an Angular component, then verify that it is included in the '@Component.imports' of this component.
2025-04-16T02:51:03.7693685Z 	2. If 'mat-card' is a Web Component then add 'CUSTOM_ELEMENTS_SCHEMA' to the '@Component.schemas' of this component to suppress this message.
2025-04-16T02:51:03.7695109Z 	error properties: Object({ code: 304 })
2025-04-16T02:51:03.7696137Z 	    at validateElementIsKnown (node_modules/@angular/core/fesm2022/core.mjs:11128:23)
2025-04-16T02:51:03.7697537Z 	    at ÉµÉµelementStart (node_modules/@angular/core/fesm2022/core.mjs:27884:9)
2025-04-16T02:51:03.7698576Z 	    at templateFn (ng:///LoginComponent.js:65:40)
2025-04-16T02:51:03.7699547Z 	    at executeTemplate (node_modules/@angular/core/fesm2022/core.mjs:12338:9)
2025-04-16T02:51:03.7700622Z 	    at renderView (node_modules/@angular/core/fesm2022/core.mjs:12844:13)
2025-04-16T02:51:03.7701665Z 	    at renderComponent (node_modules/@angular/core/fesm2022/core.mjs:12789:5)
2025-04-16T02:51:03.7702996Z 	    at renderChildComponents (node_modules/@angular/core/fesm2022/core.mjs:12892:9)
2025-04-16T02:51:03.7704086Z 	    at renderView (node_modules/@angular/core/fesm2022/core.mjs:12872:13)
2025-04-16T02:51:03.7705208Z 	    at ComponentFactory.create (node_modules/@angular/core/fesm2022/core.mjs:17954:17)
2025-04-16T02:51:03.7706394Z 	    at initComponent (node_modules/@angular/core/fesm2022/testing.mjs:2053:51)
2025-04-16T02:51:03.7707631Z Chrome Headless 135.0.0.0 (Linux x86_64): Executed 69 of 269 (23 FAILED) (0 secs / 0.773 secs)
2025-04-16T02:51:03.8372766Z [1A[2KChrome Headless 135.0.0.0 (Linux x86_64): Executed 70 of 269 (23 FAILED) (0 secs / 0.842 secs)
2025-04-16T02:51:03.8412182Z [1A[2KChrome Headless 135.0.0.0 (Linux x86_64): Executed 71 of 269 (23 FAILED) (0 secs / 0.845 secs)
2025-04-16T02:51:03.8440690Z [1A[2KChrome Headless 135.0.0.0 (Linux x86_64): Executed 72 of 269 (23 FAILED) (0 secs / 0.848 secs)
2025-04-16T02:51:03.8475992Z [1A[2KChrome Headless 135.0.0.0 (Linux x86_64): Executed 73 of 269 (23 FAILED) (0 secs / 0.85 secs)
2025-04-16T02:51:03.8486779Z [1A[2KChrome Headless 135.0.0.0 (Linux x86_64): Executed 74 of 269 (23 FAILED) (0 secs / 0.851 secs)
2025-04-16T02:51:03.8511317Z [1A[2KChrome Headless 135.0.0.0 (Linux x86_64): Executed 75 of 269 (23 FAILED) (0 secs / 0.853 secs)
2025-04-16T02:51:03.8523272Z [1A[2KChrome Headless 135.0.0.0 (Linux x86_64): Executed 76 of 269 (23 FAILED) (0 secs / 0.854 secs)
2025-04-16T02:51:03.8534743Z [1A[2KChrome Headless 135.0.0.0 (Linux x86_64): Executed 77 of 269 (23 FAILED) (0 secs / 0.855 secs)
2025-04-16T02:51:03.8553660Z [1A[2KChrome Headless 135.0.0.0 (Linux x86_64) ContentSanitizerService isValidUrl should reject invalid URLs FAILED
2025-04-16T02:51:03.8554799Z 	Expected true to be false.
2025-04-16T02:51:03.8555337Z 	    at <Jasmine>
2025-04-16T02:51:03.8556178Z 	    at UserContext.apply (src/app/core/services/content-sanitizer.service.spec.ts:111:55)
2025-04-16T02:51:03.8557358Z 	    at _ZoneDelegate.invoke (node_modules/zone.js/fesm2015/zone.js:369:28)
2025-04-16T02:51:03.8558468Z 	    at ProxyZoneSpec.onInvoke (node_modules/zone.js/fesm2015/zone-testing.js:2082:39)
2025-04-16T02:51:03.8559590Z 	    at _ZoneDelegate.invoke (node_modules/zone.js/fesm2015/zone.js:368:34)
2025-04-16T02:51:03.8560801Z Chrome Headless 135.0.0.0 (Linux x86_64): Executed 78 of 269 (24 FAILED) (0 secs / 0.856 secs)
2025-04-16T02:51:03.8594934Z [1A[2KERROR: 'Error sanitizing URL:', Error: Test error
2025-04-16T02:51:03.8598914Z Error: Test error
2025-04-16T02:51:03.8601026Z     at SpyStrategy.throwError (http://localhost:9876/absolute/home/runner/work/date-night-app2/date-night-app2/node_modules/karma-jasmine/node_modules/jasmine-core/lib/jasmine-core/jasmine.js?86d98e11f43f2c8cfac9fb4806ed6c0aced74cbe:9361:45)
2025-04-16T02:51:03.8605942Z     at UserContext.apply (http://localhost:9876/_karma_webpack_/webpack:/src/app/core/services/content-sanitizer.service.spec.ts:65:47)
2025-04-16T02:51:03.8608850Z     at _ZoneDelegate.invoke (http://localhost:9876/_karma_webpack_/webpack:/node_modules/zone.js/fesm2015/zone.js:369:28)
2025-04-16T02:51:03.8610329Z     at ProxyZoneSpec.onInvoke (http://localhost:9876/_karma_webpack_/webpack:/node_modules/zone.js/fesm2015/zone-testing.js:2082:39)
2025-04-16T02:51:03.8611749Z     at _ZoneDelegate.invoke (http://localhost:9876/_karma_webpack_/webpack:/node_modules/zone.js/fesm2015/zone.js:368:34)
2025-04-16T02:51:03.8613210Z     at ZoneImpl.run (http://localhost:9876/_karma_webpack_/webpack:/node_modules/zone.js/fesm2015/zone.js:111:43)
2025-04-16T02:51:03.8614593Z     at runInTestZone (http://localhost:9876/_karma_webpack_/webpack:/node_modules/zone.js/fesm2015/zone-testing.js:216:38)
2025-04-16T02:51:03.8616150Z     at UserContext.<anonymous> (http://localhost:9876/_karma_webpack_/webpack:/node_modules/zone.js/fesm2015/zone-testing.js:234:32)
2025-04-16T02:51:03.8618646Z     at ZoneQueueRunner.attempt (http://localhost:9876/absolute/home/runner/work/date-night-app2/date-night-app2/node_modules/karma-jasmine/node_modules/jasmine-core/lib/jasmine-core/jasmine.js?86d98e11f43f2c8cfac9fb4806ed6c0aced74cbe:7632:40)
2025-04-16T02:51:03.8622197Z     at ZoneQueueRunner.QueueRunner.run (http://localhost:9876/absolute/home/runner/work/date-night-app2/date-night-app2/node_modules/karma-jasmine/node_modules/jasmine-core/lib/jasmine-core/jasmine.js?86d98e11f43f2c8cfac9fb4806ed6c0aced74cbe:7670:27)
2025-04-16T02:51:03.8624445Z Chrome Headless 135.0.0.0 (Linux x86_64): Executed 78 of 269 (24 FAILED) (0 secs / 0.856 secs)
2025-04-16T02:51:03.8625332Z ERROR: 'Error sanitizing URL:', Error: Test error
2025-04-16T02:51:03.8625859Z Error: Test error
2025-04-16T02:51:03.8627740Z     at SpyStrategy.throwError (http://localhost:9876/absolute/home/runner/work/date-night-app2/date-night-app2/node_modules/karma-jasmine/node_modules/jasmine-core/lib/jasmine-core/jasmine.js?86d98e11f43f2c8cfac9fb4806ed6c0aced74cbe:9361:45)
2025-04-16T02:51:03.8630200Z     at UserContext.apply (http://localhost:9876/_karma_webpack_/webpack:/src/app/core/services/content-sanitizer.service.spec.ts:65:47)
2025-04-16T02:51:03.8631772Z     at _ZoneDelegate.invoke (http://localhost:9876/_karma_webpack_/webpack:/node_modules/zone.js/fesm2015/zone.js:369:28)
2025-04-16T02:51:03.8646793Z     at ProxyZoneSpec.onInvoke (http://localhost:9876/_karma_webpack_/webpack:/node_modules/zone.js/fesm2015/zone-testing.js:2082:39)
2025-04-16T02:51:03.8648254Z     at _ZoneDelegate.invoke (http://localhost:9876/_karma_webpack_/webpack:/node_modules/zone.js/fesm2015/zone.js:368:34)
2025-04-16T02:51:03.8649761Z     at ZoneImpl.run (http://localhost:9876/_karma_webpack_/webpack:/node_modules/zone.js/fesm2015/zone.js:111:43)
2025-04-16T02:51:03.8651194Z     at runInTestZone (http://localhost:9876/_karma_webpack_/webpack:/node_modules/zone.js/fesm2015/zone-testing.js:216:38)
2025-04-16T02:51:03.8653586Z     at UserContext.<anonymous> (http://localhost:9876/_karma_webpack_/webpack:/node_modules/zone.js/fesm2015/zone-testing.js:234:32)
2025-04-16T02:51:03.8656106Z     at ZoneQueueRunner.attempt (http://localhost:9876/absolute/home/runner/work/date-night-app2/date-night-app2/node_modules/karma-jasmine/node_modules/jasmine-core/lib/jasmine-core/jasmine.js?86d98e11f43f2c8cfac9fb4806ed6c0aced74cbe:7632:40)
2025-04-16T02:51:03.8659494Z     at ZoneQueueRunner.QueueRunner.run (http://localhost:9876/absolute/home/runner/work/date-night-app2/date-night-app2/node_modules/karma-jasmine/node_modules/jasmine-core/lib/jasmine-core/jasmine.js?86d98e11f43f2c8cfac9fb4806ed6c0aced74cbe:7670:27)
2025-04-16T02:51:03.8662228Z [1A[2KChrome Headless 135.0.0.0 (Linux x86_64): Executed 79 of 269 (24 FAILED) (0 secs / 0.858 secs)
2025-04-16T02:51:03.8665815Z [1A[2KChrome Headless 135.0.0.0 (Linux x86_64): Executed 80 of 269 (24 FAILED) (0 secs / 0.86 secs)
2025-04-16T02:51:03.8667078Z [1A[2KChrome Headless 135.0.0.0 (Linux x86_64): Executed 81 of 269 (24 FAILED) (0 secs / 0.861 secs)
2025-04-16T02:51:03.8668593Z [1A[2KChrome Headless 135.0.0.0 (Linux x86_64): Executed 82 of 269 (24 FAILED) (0 secs / 0.862 secs)
2025-04-16T02:51:03.8669862Z [1A[2KChrome Headless 135.0.0.0 (Linux x86_64): Executed 83 of 269 (24 FAILED) (0 secs / 0.863 secs)
2025-04-16T02:51:03.8671144Z [1A[2KChrome Headless 135.0.0.0 (Linux x86_64): Executed 84 of 269 (24 FAILED) (0 secs / 0.865 secs)
2025-04-16T02:51:03.8695240Z [1A[2KERROR: 'Error sanitizing resource URL:', Error: Test error
2025-04-16T02:51:03.8697119Z Error: Test error
2025-04-16T02:51:03.8698922Z     at SpyStrategy.throwError (http://localhost:9876/absolute/home/runner/work/date-night-app2/date-night-app2/node_modules/karma-jasmine/node_modules/jasmine-core/lib/jasmine-core/jasmine.js?86d98e11f43f2c8cfac9fb4806ed6c0aced74cbe:9361:45)
2025-04-16T02:51:03.8701193Z     at UserContext.apply (http://localhost:9876/_karma_webpack_/webpack:/src/app/core/services/content-sanitizer.service.spec.ts:89:55)
2025-04-16T02:51:03.8702849Z     at _ZoneDelegate.invoke (http://localhost:9876/_karma_webpack_/webpack:/node_modules/zone.js/fesm2015/zone.js:369:28)
2025-04-16T02:51:03.8706861Z     at ProxyZoneSpec.onInvoke (http://localhost:9876/_karma_webpack_/webpack:/node_modules/zone.js/fesm2015/zone-testing.js:2082:39)
2025-04-16T02:51:03.8708354Z     at _ZoneDelegate.invoke (http://localhost:9876/_karma_webpack_/webpack:/node_modules/zone.js/fesm2015/zone.js:368:34)
2025-04-16T02:51:03.8709683Z     at ZoneImpl.run (http://localhost:9876/_karma_webpack_/webpack:/node_modules/zone.js/fesm2015/zone.js:111:43)
2025-04-16T02:51:03.8711066Z     at runInTestZone (http://localhost:9876/_karma_webpack_/webpack:/node_modules/zone.js/fesm2015/zone-testing.js:216:38)
2025-04-16T02:51:03.8715851Z     at UserContext.<anonymous> (http://localhost:9876/_karma_webpack_/webpack:/node_modules/zone.js/fesm2015/zone-testing.js:234:32)
2025-04-16T02:51:03.8718231Z     at ZoneQueueRunner.attempt (http://localhost:9876/absolute/home/runner/work/date-night-app2/date-night-app2/node_modules/karma-jasmine/node_modules/jasmine-core/lib/jasmine-core/jasmine.js?86d98e11f43f2c8cfac9fb4806ed6c0aced74cbe:7632:40)
2025-04-16T02:51:03.8721796Z     at ZoneQueueRunner.QueueRunner.run (http://localhost:9876/absolute/home/runner/work/date-night-app2/date-night-app2/node_modules/karma-jasmine/node_modules/jasmine-core/lib/jasmine-core/jasmine.js?86d98e11f43f2c8cfac9fb4806ed6c0aced74cbe:7670:27)
2025-04-16T02:51:03.8725392Z Chrome Headless 135.0.0.0 (Linux x86_64): Executed 84 of 269 (24 FAILED) (0 secs / 0.865 secs)
2025-04-16T02:51:03.8726384Z ERROR: 'Error sanitizing resource URL:', Error: Test error
2025-04-16T02:51:03.8726943Z Error: Test error
2025-04-16T02:51:03.8729212Z     at SpyStrategy.throwError (http://localhost:9876/absolute/home/runner/work/date-night-app2/date-night-app2/node_modules/karma-jasmine/node_modules/jasmine-core/lib/jasmine-core/jasmine.js?86d98e11f43f2c8cfac9fb4806ed6c0aced74cbe:9361:45)
2025-04-16T02:51:03.8731705Z     at UserContext.apply (http://localhost:9876/_karma_webpack_/webpack:/src/app/core/services/content-sanitizer.service.spec.ts:89:55)
2025-04-16T02:51:03.8736141Z     at _ZoneDelegate.invoke (http://localhost:9876/_karma_webpack_/webpack:/node_modules/zone.js/fesm2015/zone.js:369:28)
2025-04-16T02:51:03.8737920Z     at ProxyZoneSpec.onInvoke (http://localhost:9876/_karma_webpack_/webpack:/node_modules/zone.js/fesm2015/zone-testing.js:2082:39)
2025-04-16T02:51:03.8741755Z     at _ZoneDelegate.invoke (http://localhost:9876/_karma_webpack_/webpack:/node_modules/zone.js/fesm2015/zone.js:368:34)
2025-04-16T02:51:03.8743352Z     at ZoneImpl.run (http://localhost:9876/_karma_webpack_/webpack:/node_modules/zone.js/fesm2015/zone.js:111:43)
2025-04-16T02:51:03.8747052Z     at runInTestZone (http://localhost:9876/_karma_webpack_/webpack:/node_modules/zone.js/fesm2015/zone-testing.js:216:38)
2025-04-16T02:51:03.8748527Z     at UserContext.<anonymous> (http://localhost:9876/_karma_webpack_/webpack:/node_modules/zone.js/fesm2015/zone-testing.js:234:32)
2025-04-16T02:51:03.8771844Z     at ZoneQueueRunner.attempt (http://localhost:9876/absolute/home/runner/work/date-night-app2/date-night-app2/node_modules/karma-jasmine/node_modules/jasmine-core/lib/jasmine-core/jasmine.js?86d98e11f43f2c8cfac9fb4806ed6c0aced74cbe:7632:40)
2025-04-16T02:51:03.8775353Z     at ZoneQueueRunner.QueueRunner.run (http://localhost:9876/absolute/home/runner/work/date-night-app2/date-night-app2/node_modules/karma-jasmine/node_modules/jasmine-core/lib/jasmine-core/jasmine.js?86d98e11f43f2c8cfac9fb4806ed6c0aced74cbe:7670:27)
2025-04-16T02:51:03.8777841Z [1A[2KChrome Headless 135.0.0.0 (Linux x86_64): Executed 85 of 269 (24 FAILED) (0 secs / 0.867 secs)
2025-04-16T02:51:03.8779105Z [1A[2KChrome Headless 135.0.0.0 (Linux x86_64): Executed 86 of 269 (24 FAILED) (0 secs / 0.868 secs)
2025-04-16T02:51:04.0467177Z [1A[2KChrome Headless 135.0.0.0 (Linux x86_64) NetflixViewComponent Filter Functionality should reset filters when resetFilters is called FAILED
2025-04-16T02:51:04.0468894Z 	Error: NG0303: Can't bind to 'value' since it isn't a known property of 'emerald-toggle' (used in the 'NetflixViewComponent' component template).
2025-04-16T02:51:04.0470448Z 	1. If 'emerald-toggle' is an Angular component and it has the 'value' input, then verify that it is included in the '@Component.imports' of this component.
2025-04-16T02:51:04.0480811Z 	2. If 'emerald-toggle' is a Web Component then add 'CUSTOM_ELEMENTS_SCHEMA' to the '@Component.schemas' of this component to suppress this message.
2025-04-16T02:51:04.0482330Z 	3. To allow any property add 'NO_ERRORS_SCHEMA' to the '@Component.schemas' of this component.
2025-04-16T02:51:04.0483032Z 	error properties: Object({ code: 303 })
2025-04-16T02:51:04.0483829Z 	    at reportUnknownPropertyError (node_modules/@angular/core/fesm2022/core.mjs:11225:15)
2025-04-16T02:51:04.0484897Z 	    at handleUnknownPropertyError (node_modules/@angular/core/fesm2022/core.mjs:11221:5)
2025-04-16T02:51:04.0485880Z 	    at elementPropertyInternal (node_modules/@angular/core/fesm2022/core.mjs:12479:17)
2025-04-16T02:51:04.0487042Z 	    at ÉµÉµproperty (node_modules/@angular/core/fesm2022/core.mjs:26066:9)
2025-04-16T02:51:04.0487779Z 	    at templateFn (ng:///NetflixViewComponent.js:350:9)
2025-04-16T02:51:04.0488567Z 	    at executeTemplate (node_modules/@angular/core/fesm2022/core.mjs:12338:9)
2025-04-16T02:51:04.0489442Z 	    at refreshView (node_modules/@angular/core/fesm2022/core.mjs:14023:13)
2025-04-16T02:51:04.0490298Z 	    at detectChangesInView (node_modules/@angular/core/fesm2022/core.mjs:14243:9)
2025-04-16T02:51:04.0491353Z 	    at detectChangesInViewIfAttached (node_modules/@angular/core/fesm2022/core.mjs:14203:5)
2025-04-16T02:51:04.0494112Z 	    at detectChangesInComponent (node_modules/@angular/core/fesm2022/core.mjs:14191:5)
2025-04-16T02:51:04.0495276Z Chrome Headless 135.0.0.0 (Linux x86_64): Executed 87 of 269 (25 FAILED) (0 secs / 1.039 secs)
2025-04-16T02:51:04.0570145Z [1A[2KChrome Headless 135.0.0.0 (Linux x86_64) NetflixViewComponent Filter Functionality should apply filters when applyFilters is called FAILED
2025-04-16T02:51:04.0571855Z 	Error: NG0303: Can't bind to 'value' since it isn't a known property of 'emerald-toggle' (used in the 'NetflixViewComponent' component template).
2025-04-16T02:51:04.0573602Z 	1. If 'emerald-toggle' is an Angular component and it has the 'value' input, then verify that it is included in the '@Component.imports' of this component.
2025-04-16T02:51:04.0575147Z 	2. If 'emerald-toggle' is a Web Component then add 'CUSTOM_ELEMENTS_SCHEMA' to the '@Component.schemas' of this component to suppress this message.
2025-04-16T02:51:04.0576399Z 	3. To allow any property add 'NO_ERRORS_SCHEMA' to the '@Component.schemas' of this component.
2025-04-16T02:51:04.0577177Z 	error properties: Object({ code: 303 })
2025-04-16T02:51:04.0578000Z 	    at reportUnknownPropertyError (node_modules/@angular/core/fesm2022/core.mjs:11225:15)
2025-04-16T02:51:04.0579104Z 	    at handleUnknownPropertyError (node_modules/@angular/core/fesm2022/core.mjs:11221:5)
2025-04-16T02:51:04.0580575Z 	    at elementPropertyInternal (node_modules/@angular/core/fesm2022/core.mjs:12479:17)
2025-04-16T02:51:04.0581710Z 	    at ÉµÉµproperty (node_modules/@angular/core/fesm2022/core.mjs:26066:9)
2025-04-16T02:51:04.0582767Z 	    at templateFn (ng:///NetflixViewComponent.js:350:9)
2025-04-16T02:51:04.0583547Z 	    at executeTemplate (node_modules/@angular/core/fesm2022/core.mjs:12338:9)
2025-04-16T02:51:04.0584356Z 	    at refreshView (node_modules/@angular/core/fesm2022/core.mjs:14023:13)
2025-04-16T02:51:04.0585184Z 	    at detectChangesInView (node_modules/@angular/core/fesm2022/core.mjs:14243:9)
2025-04-16T02:51:04.0586212Z 	    at detectChangesInViewIfAttached (node_modules/@angular/core/fesm2022/core.mjs:14203:5)
2025-04-16T02:51:04.0587274Z 	    at detectChangesInComponent (node_modules/@angular/core/fesm2022/core.mjs:14191:5)
2025-04-16T02:51:04.0588385Z Chrome Headless 135.0.0.0 (Linux x86_64): Executed 88 of 269 (26 FAILED) (0 secs / 1.047 secs)
2025-04-16T02:51:04.0660601Z [1A[2KChrome Headless 135.0.0.0 (Linux x86_64): Executed 89 of 269 (26 FAILED) (0 secs / 1.054 secs)
2025-04-16T02:51:04.0759697Z [1A[2KChrome Headless 135.0.0.0 (Linux x86_64): Executed 90 of 269 (26 FAILED) (0 secs / 1.061 secs)
2025-04-16T02:51:04.0836953Z [1A[2KChrome Headless 135.0.0.0 (Linux x86_64): Executed 91 of 269 (26 FAILED) (0 secs / 1.069 secs)
2025-04-16T02:51:04.0917496Z [1A[2KERROR: 'Error loading featured ads:', Error: Failed to load featured ads
2025-04-16T02:51:04.0918279Z Error: Failed to load featured ads
2025-04-16T02:51:04.0919427Z     at errorFactory (http://localhost:9876/_karma_webpack_/webpack:/src/app/features/netflix-view/netflix-view.component.spec.ts:157:75)
2025-04-16T02:51:04.0921211Z     at Observable._subscribe (http://localhost:9876/_karma_webpack_/webpack:/node_modules/rxjs/dist/esm/internal/observable/throwError.js:5:51)
2025-04-16T02:51:04.0923158Z     at Observable._trySubscribe (http://localhost:9876/_karma_webpack_/webpack:/node_modules/rxjs/dist/esm/internal/Observable.js:37:25)
2025-04-16T02:51:04.0924664Z     at cb (http://localhost:9876/_karma_webpack_/webpack:/node_modules/rxjs/dist/esm/internal/Observable.js:31:30)
2025-04-16T02:51:04.0926135Z     at errorContext (http://localhost:9876/_karma_webpack_/webpack:/node_modules/rxjs/dist/esm/internal/util/errorContext.js:19:9)
2025-04-16T02:51:04.0927704Z     at Observable.subscribe (http://localhost:9876/_karma_webpack_/webpack:/node_modules/rxjs/dist/esm/internal/Observable.js:22:21)
2025-04-16T02:51:04.0929457Z     at NetflixViewComponent.loadAds (http://localhost:9876/_karma_webpack_/webpack:/src/app/features/netflix-view/netflix-view.component.ts:117:37)
2025-04-16T02:51:04.0931714Z     at NetflixViewComponent.ngOnInit (http://localhost:9876/_karma_webpack_/webpack:/src/app/features/netflix-view/netflix-view.component.ts:104:10)
2025-04-16T02:51:04.0939818Z     at UserContext.apply (http://localhost:9876/_karma_webpack_/webpack:/src/app/features/netflix-view/netflix-view.component.spec.ts:162:17)
2025-04-16T02:51:04.0941537Z     at UserContext.fakeAsyncFn (http://localhost:9876/_karma_webpack_/webpack:/node_modules/zone.js/fesm2015/zone-testing.js:1703:26)
2025-04-16T02:51:04.0949847Z Chrome Headless 135.0.0.0 (Linux x86_64): Executed 91 of 269 (26 FAILED) (0 secs / 1.069 secs)
2025-04-16T02:51:04.0950885Z ERROR: 'Error loading featured ads:', Error: Failed to load featured ads
2025-04-16T02:51:04.0951618Z Error: Failed to load featured ads
2025-04-16T02:51:04.0953002Z     at errorFactory (http://localhost:9876/_karma_webpack_/webpack:/src/app/features/netflix-view/netflix-view.component.spec.ts:157:75)
2025-04-16T02:51:04.0954775Z     at Observable._subscribe (http://localhost:9876/_karma_webpack_/webpack:/node_modules/rxjs/dist/esm/internal/observable/throwError.js:5:51)
2025-04-16T02:51:04.0956470Z     at Observable._trySubscribe (http://localhost:9876/_karma_webpack_/webpack:/node_modules/rxjs/dist/esm/internal/Observable.js:37:25)
2025-04-16T02:51:04.0958258Z     at cb (http://localhost:9876/_karma_webpack_/webpack:/node_modules/rxjs/dist/esm/internal/Observable.js:31:30)
2025-04-16T02:51:04.0959691Z     at errorContext (http://localhost:9876/_karma_webpack_/webpack:/node_modules/rxjs/dist/esm/internal/util/errorContext.js:19:9)
2025-04-16T02:51:04.0961249Z     at Observable.subscribe (http://localhost:9876/_karma_webpack_/webpack:/node_modules/rxjs/dist/esm/internal/Observable.js:22:21)
2025-04-16T02:51:04.0963485Z     at NetflixViewComponent.loadAds (http://localhost:9876/_karma_webpack_/webpack:/src/app/features/netflix-view/netflix-view.component.ts:117:37)
2025-04-16T02:51:04.0967112Z     at NetflixViewComponent.ngOnInit (http://localhost:9876/_karma_webpack_/webpack:/src/app/features/netflix-view/netflix-view.component.ts:104:10)
2025-04-16T02:51:04.0968992Z     at UserContext.apply (http://localhost:9876/_karma_webpack_/webpack:/src/app/features/netflix-view/netflix-view.component.spec.ts:162:17)
2025-04-16T02:51:04.0970677Z     at UserContext.fakeAsyncFn (http://localhost:9876/_karma_webpack_/webpack:/node_modules/zone.js/fesm2015/zone-testing.js:1703:26)
2025-04-16T02:51:04.0972612Z [1A[2KChrome Headless 135.0.0.0 (Linux x86_64): Executed 92 of 269 (26 FAILED) (0 secs / 1.076 secs)
2025-04-16T02:51:04.0992356Z [1A[2KChrome Headless 135.0.0.0 (Linux x86_64): Executed 93 of 269 (26 FAILED) (0 secs / 1.083 secs)
2025-04-16T02:51:04.1079693Z [1A[2KChrome Headless 135.0.0.0 (Linux x86_64) NetflixViewComponent User Interactions should navigate to ad details when viewAdDetails is called FAILED
2025-04-16T02:51:04.1095640Z 	Error: NG0303: Can't bind to 'value' since it isn't a known property of 'emerald-toggle' (used in the 'NetflixViewComponent' component template).
2025-04-16T02:51:04.1103387Z 	1. If 'emerald-toggle' is an Angular component and it has the 'value' input, then verify that it is included in the '@Component.imports' of this component.
2025-04-16T02:51:04.1108818Z 	2. If 'emerald-toggle' is a Web Component then add 'CUSTOM_ELEMENTS_SCHEMA' to the '@Component.schemas' of this component to suppress this message.
2025-04-16T02:51:04.1119263Z 	3. To allow any property add 'NO_ERRORS_SCHEMA' to the '@Component.schemas' of this component.
2025-04-16T02:51:04.1120787Z 	error properties: Object({ code: 303 })
2025-04-16T02:51:04.1121972Z 	    at reportUnknownPropertyError (node_modules/@angular/core/fesm2022/core.mjs:11225:15)
2025-04-16T02:51:04.1123686Z 	    at handleUnknownPropertyError (node_modules/@angular/core/fesm2022/core.mjs:11221:5)
2025-04-16T02:51:04.1124932Z 	    at elementPropertyInternal (node_modules/@angular/core/fesm2022/core.mjs:12479:17)
2025-04-16T02:51:04.1126402Z 	    at ÉµÉµproperty (node_modules/@angular/core/fesm2022/core.mjs:26066:9)
2025-04-16T02:51:04.1127350Z 	    at templateFn (ng:///NetflixViewComponent.js:350:9)
2025-04-16T02:51:04.1128753Z 	    at executeTemplate (node_modules/@angular/core/fesm2022/core.mjs:12338:9)
2025-04-16T02:51:04.1129805Z 	    at refreshView (node_modules/@angular/core/fesm2022/core.mjs:14023:13)
2025-04-16T02:51:04.1149139Z 	    at detectChangesInView (node_modules/@angular/core/fesm2022/core.mjs:14243:9)
2025-04-16T02:51:04.1151764Z 	    at detectChangesInViewIfAttached (node_modules/@angular/core/fesm2022/core.mjs:14203:5)
2025-04-16T02:51:04.1153257Z 	    at detectChangesInComponent (node_modules/@angular/core/fesm2022/core.mjs:14191:5)
2025-04-16T02:51:04.1154353Z Chrome Headless 135.0.0.0 (Linux x86_64): Executed 94 of 269 (27 FAILED) (0 secs / 1.091 secs)
2025-04-16T02:51:04.1177504Z [1A[2KChrome Headless 135.0.0.0 (Linux x86_64) NetflixViewComponent User Interactions should handle card actions correctly FAILED
2025-04-16T02:51:04.1179383Z 	Error: NG0303: Can't bind to 'value' since it isn't a known property of 'emerald-toggle' (used in the 'NetflixViewComponent' component template).
2025-04-16T02:51:04.1184004Z 	1. If 'emerald-toggle' is an Angular component and it has the 'value' input, then verify that it is included in the '@Component.imports' of this component.
2025-04-16T02:51:04.1185999Z 	2. If 'emerald-toggle' is a Web Component then add 'CUSTOM_ELEMENTS_SCHEMA' to the '@Component.schemas' of this component to suppress this message.
2025-04-16T02:51:04.1187340Z 	3. To allow any property add 'NO_ERRORS_SCHEMA' to the '@Component.schemas' of this component.
2025-04-16T02:51:04.1188137Z 	error properties: Object({ code: 303 })
2025-04-16T02:51:04.1189001Z 	    at reportUnknownPropertyError (node_modules/@angular/core/fesm2022/core.mjs:11225:15)
2025-04-16T02:51:04.1190084Z 	    at handleUnknownPropertyError (node_modules/@angular/core/fesm2022/core.mjs:11221:5)
2025-04-16T02:51:04.1191154Z 	    at elementPropertyInternal (node_modules/@angular/core/fesm2022/core.mjs:12479:17)
2025-04-16T02:51:04.1192541Z 	    at ÉµÉµproperty (node_modules/@angular/core/fesm2022/core.mjs:26066:9)
2025-04-16T02:51:04.1193462Z 	    at templateFn (ng:///NetflixViewComponent.js:350:9)
2025-04-16T02:51:04.1194250Z 	    at executeTemplate (node_modules/@angular/core/fesm2022/core.mjs:12338:9)
2025-04-16T02:51:04.1195153Z 	    at refreshView (node_modules/@angular/core/fesm2022/core.mjs:14023:13)
2025-04-16T02:51:04.1196052Z 	    at detectChangesInView (node_modules/@angular/core/fesm2022/core.mjs:14243:9)
2025-04-16T02:51:04.1197105Z 	    at detectChangesInViewIfAttached (node_modules/@angular/core/fesm2022/core.mjs:14203:5)
2025-04-16T02:51:04.1198171Z 	    at detectChangesInComponent (node_modules/@angular/core/fesm2022/core.mjs:14191:5)
2025-04-16T02:51:04.1199261Z Chrome Headless 135.0.0.0 (Linux x86_64): Executed 95 of 269 (28 FAILED) (0 secs / 1.1 secs)
2025-04-16T02:51:04.1261480Z [1A[2KChrome Headless 135.0.0.0 (Linux x86_64) NetflixViewComponent User Interactions should handle hero actions correctly FAILED
2025-04-16T02:51:04.1292579Z 	Error: NG0303: Can't bind to 'value' since it isn't a known property of 'emerald-toggle' (used in the 'NetflixViewComponent' component template).
2025-04-16T02:51:04.1294274Z 	1. If 'emerald-toggle' is an Angular component and it has the 'value' input, then verify that it is included in the '@Component.imports' of this component.
2025-04-16T02:51:04.1295946Z 	2. If 'emerald-toggle' is a Web Component then add 'CUSTOM_ELEMENTS_SCHEMA' to the '@Component.schemas' of this component to suppress this message.
2025-04-16T02:51:04.1297284Z 	3. To allow any property add 'NO_ERRORS_SCHEMA' to the '@Component.schemas' of this component.
2025-04-16T02:51:04.1298085Z 	error properties: Object({ code: 303 })
2025-04-16T02:51:04.1298921Z 	    at reportUnknownPropertyError (node_modules/@angular/core/fesm2022/core.mjs:11225:15)
2025-04-16T02:51:04.1299990Z 	    at handleUnknownPropertyError (node_modules/@angular/core/fesm2022/core.mjs:11221:5)
2025-04-16T02:51:04.1301055Z 	    at elementPropertyInternal (node_modules/@angular/core/fesm2022/core.mjs:12479:17)
2025-04-16T02:51:04.1302677Z 	    at ÉµÉµproperty (node_modules/@angular/core/fesm2022/core.mjs:26066:9)
2025-04-16T02:51:04.1303463Z 	    at templateFn (ng:///NetflixViewComponent.js:350:9)
2025-04-16T02:51:04.1304264Z 	    at executeTemplate (node_modules/@angular/core/fesm2022/core.mjs:12338:9)
2025-04-16T02:51:04.1305145Z 	    at refreshView (node_modules/@angular/core/fesm2022/core.mjs:14023:13)
2025-04-16T02:51:04.1306038Z 	    at detectChangesInView (node_modules/@angular/core/fesm2022/core.mjs:14243:9)
2025-04-16T02:51:04.1307110Z 	    at detectChangesInViewIfAttached (node_modules/@angular/core/fesm2022/core.mjs:14203:5)
2025-04-16T02:51:04.1343327Z 	    at detectChangesInComponent (node_modules/@angular/core/fesm2022/core.mjs:14191:5)
2025-04-16T02:51:04.1344510Z Chrome Headless 135.0.0.0 (Linux x86_64): Executed 96 of 269 (29 FAILED) (0 secs / 1.107 secs)
2025-04-16T02:51:04.1355490Z [1A[2KChrome Headless 135.0.0.0 (Linux x86_64) NetflixViewComponent User Interactions should show error notification when liking ad without authentication FAILED
2025-04-16T02:51:04.1359251Z 	Error: NG0303: Can't bind to 'value' since it isn't a known property of 'emerald-toggle' (used in the 'NetflixViewComponent' component template).
2025-04-16T02:51:04.1362906Z 	1. If 'emerald-toggle' is an Angular component and it has the 'value' input, then verify that it is included in the '@Component.imports' of this component.
2025-04-16T02:51:04.1365937Z 	2. If 'emerald-toggle' is a Web Component then add 'CUSTOM_ELEMENTS_SCHEMA' to the '@Component.schemas' of this component to suppress this message.
2025-04-16T02:51:04.1384729Z 	3. To allow any property add 'NO_ERRORS_SCHEMA' to the '@Component.schemas' of this component.
2025-04-16T02:51:04.1385546Z 	error properties: Object({ code: 303 })
2025-04-16T02:51:04.1386376Z 	    at reportUnknownPropertyError (node_modules/@angular/core/fesm2022/core.mjs:11225:15)
2025-04-16T02:51:04.1387439Z 	    at handleUnknownPropertyError (node_modules/@angular/core/fesm2022/core.mjs:11221:5)
2025-04-16T02:51:04.1388510Z 	    at elementPropertyInternal (node_modules/@angular/core/fesm2022/core.mjs:12479:17)
2025-04-16T02:51:04.1389640Z 	    at ÉµÉµproperty (node_modules/@angular/core/fesm2022/core.mjs:26066:9)
2025-04-16T02:51:04.1390399Z 	    at templateFn (ng:///NetflixViewComponent.js:350:9)
2025-04-16T02:51:04.1391173Z 	    at executeTemplate (node_modules/@angular/core/fesm2022/core.mjs:12338:9)
2025-04-16T02:51:04.1392313Z 	    at refreshView (node_modules/@angular/core/fesm2022/core.mjs:14023:13)
2025-04-16T02:51:04.1393272Z 	    at detectChangesInView (node_modules/@angular/core/fesm2022/core.mjs:14243:9)
2025-04-16T02:51:04.1404151Z 	    at detectChangesInViewIfAttached (node_modules/@angular/core/fesm2022/core.mjs:14203:5)
2025-04-16T02:51:04.1405296Z 	    at detectChangesInComponent (node_modules/@angular/core/fesm2022/core.mjs:14191:5)
2025-04-16T02:51:04.1406475Z Chrome Headless 135.0.0.0 (Linux x86_64): Executed 97 of 269 (30 FAILED) (0 secs / 1.115 secs)
2025-04-16T02:51:04.1425484Z [1A[2KChrome Headless 135.0.0.0 (Linux x86_64) NetflixViewComponent User Interactions should like an ad when likeAd is called FAILED
2025-04-16T02:51:04.1432479Z 	Error: NG0303: Can't bind to 'value' since it isn't a known property of 'emerald-toggle' (used in the 'NetflixViewComponent' component template).
2025-04-16T02:51:04.1434191Z 	1. If 'emerald-toggle' is an Angular component and it has the 'value' input, then verify that it is included in the '@Component.imports' of this component.
2025-04-16T02:51:04.1435925Z 	2. If 'emerald-toggle' is a Web Component then add 'CUSTOM_ELEMENTS_SCHEMA' to the '@Component.schemas' of this component to suppress this message.
2025-04-16T02:51:04.1437278Z 	3. To allow any property add 'NO_ERRORS_SCHEMA' to the '@Component.schemas' of this component.
2025-04-16T02:51:04.1438047Z 	error properties: Object({ code: 303 })
2025-04-16T02:51:04.1438844Z 	    at reportUnknownPropertyError (node_modules/@angular/core/fesm2022/core.mjs:11225:15)
2025-04-16T02:51:04.1440180Z 	    at handleUnknownPropertyError (node_modules/@angular/core/fesm2022/core.mjs:11221:5)
2025-04-16T02:51:04.1441263Z 	    at elementPropertyInternal (node_modules/@angular/core/fesm2022/core.mjs:12479:17)
2025-04-16T02:51:04.1442606Z 	    at ÉµÉµproperty (node_modules/@angular/core/fesm2022/core.mjs:26066:9)
2025-04-16T02:51:04.1443368Z 	    at templateFn (ng:///NetflixViewComponent.js:350:9)
2025-04-16T02:51:04.1444148Z 	    at executeTemplate (node_modules/@angular/core/fesm2022/core.mjs:12338:9)
2025-04-16T02:51:04.1445020Z 	    at refreshView (node_modules/@angular/core/fesm2022/core.mjs:14023:13)
2025-04-16T02:51:04.1445945Z 	    at detectChangesInView (node_modules/@angular/core/fesm2022/core.mjs:14243:9)
2025-04-16T02:51:04.1447024Z 	    at detectChangesInViewIfAttached (node_modules/@angular/core/fesm2022/core.mjs:14203:5)
2025-04-16T02:51:04.1448137Z 	    at detectChangesInComponent (node_modules/@angular/core/fesm2022/core.mjs:14191:5)
2025-04-16T02:51:04.1449325Z Chrome Headless 135.0.0.0 (Linux x86_64): Executed 98 of 269 (31 FAILED) (0 secs / 1.122 secs)
2025-04-16T02:51:04.1525051Z [1A[2KChrome Headless 135.0.0.0 (Linux x86_64) NetflixViewComponent User Interactions should show error notification when starting chat without authentication FAILED
2025-04-16T02:51:04.1533500Z 	Error: NG0303: Can't bind to 'value' since it isn't a known property of 'emerald-toggle' (used in the 'NetflixViewComponent' component template).
2025-04-16T02:51:04.1535195Z 	1. If 'emerald-toggle' is an Angular component and it has the 'value' input, then verify that it is included in the '@Component.imports' of this component.
2025-04-16T02:51:04.1562353Z 	2. If 'emerald-toggle' is a Web Component then add 'CUSTOM_ELEMENTS_SCHEMA' to the '@Component.schemas' of this component to suppress this message.
2025-04-16T02:51:04.1563962Z 	3. To allow any property add 'NO_ERRORS_SCHEMA' to the '@Component.schemas' of this component.
2025-04-16T02:51:04.1564824Z 	error properties: Object({ code: 303 })
2025-04-16T02:51:04.1565804Z 	    at reportUnknownPropertyError (node_modules/@angular/core/fesm2022/core.mjs:11225:15)
2025-04-16T02:51:04.1567015Z 	    at handleUnknownPropertyError (node_modules/@angular/core/fesm2022/core.mjs:11221:5)
2025-04-16T02:51:04.1568183Z 	    at elementPropertyInternal (node_modules/@angular/core/fesm2022/core.mjs:12479:17)
2025-04-16T02:51:04.1569388Z 	    at ÉµÉµproperty (node_modules/@angular/core/fesm2022/core.mjs:26066:9)
2025-04-16T02:51:04.1570255Z 	    at templateFn (ng:///NetflixViewComponent.js:350:9)
2025-04-16T02:51:04.1571102Z 	    at executeTemplate (node_modules/@angular/core/fesm2022/core.mjs:12338:9)
2025-04-16T02:51:04.1572228Z 	    at refreshView (node_modules/@angular/core/fesm2022/core.mjs:14023:13)
2025-04-16T02:51:04.1573289Z 	    at detectChangesInView (node_modules/@angular/core/fesm2022/core.mjs:14243:9)
2025-04-16T02:51:04.1574450Z 	    at detectChangesInViewIfAttached (node_modules/@angular/core/fesm2022/core.mjs:14203:5)
2025-04-16T02:51:04.1575610Z 	    at detectChangesInComponent (node_modules/@angular/core/fesm2022/core.mjs:14191:5)
2025-04-16T02:51:04.1577434Z Chrome Headless 135.0.0.0 (Linux x86_64): Executed 99 of 269 (32 FAILED) (0 secs / 1.128 secs)
2025-04-16T02:51:04.1668634Z [1A[2KChrome Headless 135.0.0.0 (Linux x86_64) NetflixViewComponent User Interactions should start chat when startChat is called FAILED
2025-04-16T02:51:04.1671811Z 	Error: NG0303: Can't bind to 'value' since it isn't a known property of 'emerald-toggle' (used in the 'NetflixViewComponent' component template).
2025-04-16T02:51:04.1673761Z 	1. If 'emerald-toggle' is an Angular component and it has the 'value' input, then verify that it is included in the '@Component.imports' of this component.
2025-04-16T02:51:04.1675442Z 	2. If 'emerald-toggle' is a Web Component then add 'CUSTOM_ELEMENTS_SCHEMA' to the '@Component.schemas' of this component to suppress this message.
2025-04-16T02:51:04.1676813Z 	3. To allow any property add 'NO_ERRORS_SCHEMA' to the '@Component.schemas' of this component.
2025-04-16T02:51:04.1677901Z 	error properties: Object({ code: 303 })
2025-04-16T02:51:04.1678758Z 	    at reportUnknownPropertyError (node_modules/@angular/core/fesm2022/core.mjs:11225:15)
2025-04-16T02:51:04.1679861Z 	    at handleUnknownPropertyError (node_modules/@angular/core/fesm2022/core.mjs:11221:5)
2025-04-16T02:51:04.1680942Z 	    at elementPropertyInternal (node_modules/@angular/core/fesm2022/core.mjs:12479:17)
2025-04-16T02:51:04.1682298Z 	    at ÉµÉµproperty (node_modules/@angular/core/fesm2022/core.mjs:26066:9)
2025-04-16T02:51:04.1683019Z 	    at templateFn (ng:///NetflixViewComponent.js:350:9)
2025-04-16T02:51:04.1683782Z 	    at executeTemplate (node_modules/@angular/core/fesm2022/core.mjs:12338:9)
2025-04-16T02:51:04.1684605Z 	    at refreshView (node_modules/@angular/core/fesm2022/core.mjs:14023:13)
2025-04-16T02:51:04.1685464Z 	    at detectChangesInView (node_modules/@angular/core/fesm2022/core.mjs:14243:9)
2025-04-16T02:51:04.1686487Z 	    at detectChangesInViewIfAttached (node_modules/@angular/core/fesm2022/core.mjs:14203:5)
2025-04-16T02:51:04.1687509Z 	    at detectChangesInComponent (node_modules/@angular/core/fesm2022/core.mjs:14191:5)
2025-04-16T02:51:04.1688616Z Chrome Headless 135.0.0.0 (Linux x86_64): Executed 100 of 269 (33 FAILED) (0 secs / 1.134 secs)
2025-04-16T02:51:04.1746639Z [1A[2KChrome Headless 135.0.0.0 (Linux x86_64) NetflixViewComponent User Interactions should use itemId from event if available FAILED
2025-04-16T02:51:04.1763689Z 	Error: NG0303: Can't bind to 'value' since it isn't a known property of 'emerald-toggle' (used in the 'NetflixViewComponent' component template).
2025-04-16T02:51:04.1765350Z 	1. If 'emerald-toggle' is an Angular component and it has the 'value' input, then verify that it is included in the '@Component.imports' of this component.
2025-04-16T02:51:04.1767037Z 	2. If 'emerald-toggle' is a Web Component then add 'CUSTOM_ELEMENTS_SCHEMA' to the '@Component.schemas' of this component to suppress this message.
2025-04-16T02:51:04.1768382Z 	3. To allow any property add 'NO_ERRORS_SCHEMA' to the '@Component.schemas' of this component.
2025-04-16T02:51:04.1769141Z 	error properties: Object({ code: 303 })
2025-04-16T02:51:04.1769960Z 	    at reportUnknownPropertyError (node_modules/@angular/core/fesm2022/core.mjs:11225:15)
2025-04-16T02:51:04.1771036Z 	    at handleUnknownPropertyError (node_modules/@angular/core/fesm2022/core.mjs:11221:5)
2025-04-16T02:51:04.1772309Z 	    at elementPropertyInternal (node_modules/@angular/core/fesm2022/core.mjs:12479:17)
2025-04-16T02:51:04.1773450Z 	    at ÉµÉµproperty (node_modules/@angular/core/fesm2022/core.mjs:26066:9)
2025-04-16T02:51:04.1774209Z 	    at templateFn (ng:///NetflixViewComponent.js:350:9)
2025-04-16T02:51:04.1775025Z 	    at executeTemplate (node_modules/@angular/core/fesm2022/core.mjs:12338:9)
2025-04-16T02:51:04.1775894Z 	    at refreshView (node_modules/@angular/core/fesm2022/core.mjs:14023:13)
2025-04-16T02:51:04.1776807Z 	    at detectChangesInView (node_modules/@angular/core/fesm2022/core.mjs:14243:9)
2025-04-16T02:51:04.1777852Z 	    at detectChangesInViewIfAttached (node_modules/@angular/core/fesm2022/core.mjs:14203:5)
2025-04-16T02:51:04.1778943Z 	    at detectChangesInComponent (node_modules/@angular/core/fesm2022/core.mjs:14191:5)
2025-04-16T02:51:04.1780102Z Chrome Headless 135.0.0.0 (Linux x86_64): Executed 101 of 269 (34 FAILED) (0 secs / 1.14 secs)
2025-04-16T02:51:04.1816500Z [1A[2KChrome Headless 135.0.0.0 (Linux x86_64): Executed 102 of 269 (34 FAILED) (0 secs / 1.146 secs)
2025-04-16T02:51:04.2626660Z [1A[2KChrome Headless 135.0.0.0 (Linux x86_64): Executed 103 of 269 (34 FAILED) (0 secs / 1.226 secs)
2025-04-16T02:51:04.2670322Z [1A[2KChrome Headless 135.0.0.0 (Linux x86_64): Executed 104 of 269 (34 FAILED) (0 secs / 1.229 secs)
2025-04-16T02:51:04.2710045Z [1A[2KChrome Headless 135.0.0.0 (Linux x86_64): Executed 105 of 269 (34 FAILED) (0 secs / 1.232 secs)
2025-04-16T02:51:04.2736353Z [1A[2KChrome Headless 135.0.0.0 (Linux x86_64): Executed 106 of 269 (34 FAILED) (0 secs / 1.234 secs)
2025-04-16T02:51:04.2764382Z [1A[2KChrome Headless 135.0.0.0 (Linux x86_64): Executed 107 of 269 (34 FAILED) (0 secs / 1.236 secs)
2025-04-16T02:51:04.2787126Z [1A[2KChrome Headless 135.0.0.0 (Linux x86_64): Executed 108 of 269 (34 FAILED) (0 secs / 1.239 secs)
2025-04-16T02:51:04.2810526Z [1A[2KChrome Headless 135.0.0.0 (Linux x86_64): Executed 109 of 269 (34 FAILED) (0 secs / 1.241 secs)
2025-04-16T02:51:04.2836720Z [1A[2KChrome Headless 135.0.0.0 (Linux x86_64): Executed 110 of 269 (34 FAILED) (0 secs / 1.244 secs)
2025-04-16T02:51:04.2880849Z [1A[2KChrome Headless 135.0.0.0 (Linux x86_64): Executed 111 of 269 (34 FAILED) (0 secs / 1.246 secs)
2025-04-16T02:51:04.2900372Z [1A[2KChrome Headless 135.0.0.0 (Linux x86_64): Executed 112 of 269 (34 FAILED) (0 secs / 1.249 secs)
2025-04-16T02:51:04.2928344Z [1A[2KChrome Headless 135.0.0.0 (Linux x86_64): Executed 113 of 269 (34 FAILED) (0 secs / 1.252 secs)
2025-04-16T02:51:04.2960739Z [1A[2KChrome Headless 135.0.0.0 (Linux x86_64): Executed 114 of 269 (34 FAILED) (0 secs / 1.255 secs)
2025-04-16T02:51:04.2991130Z [1A[2KChrome Headless 135.0.0.0 (Linux x86_64): Executed 115 of 269 (34 FAILED) (0 secs / 1.258 secs)
2025-04-16T02:51:04.3033839Z [1A[2KChrome Headless 135.0.0.0 (Linux x86_64): Executed 116 of 269 (34 FAILED) (0 secs / 1.261 secs)
2025-04-16T02:51:04.3101162Z [1A[2KChrome Headless 135.0.0.0 (Linux x86_64): Executed 117 of 269 (34 FAILED) (0 secs / 1.265 secs)
2025-04-16T02:51:04.3105532Z [1A[2KChrome Headless 135.0.0.0 (Linux x86_64): Executed 118 of 269 (34 FAILED) (0 secs / 1.268 secs)
2025-04-16T02:51:04.3132190Z [1A[2KChrome Headless 135.0.0.0 (Linux x86_64): Executed 119 of 269 (34 FAILED) (0 secs / 1.27 secs)
2025-04-16T02:51:04.3156268Z [1A[2KChrome Headless 135.0.0.0 (Linux x86_64): Executed 120 of 269 (34 FAILED) (0 secs / 1.273 secs)
2025-04-16T02:51:04.3194246Z [1A[2KChrome Headless 135.0.0.0 (Linux x86_64): Executed 121 of 269 (34 FAILED) (0 secs / 1.275 secs)
2025-04-16T02:51:04.3222301Z [1A[2KChrome Headless 135.0.0.0 (Linux x86_64): Executed 122 of 269 (34 FAILED) (0 secs / 1.277 secs)
2025-04-16T02:51:04.3244710Z [1A[2KChrome Headless 135.0.0.0 (Linux x86_64): Executed 123 of 269 (34 FAILED) (0 secs / 1.279 secs)
2025-04-16T02:51:04.3267361Z [1A[2KChrome Headless 135.0.0.0 (Linux x86_64): Executed 124 of 269 (34 FAILED) (0 secs / 1.281 secs)
2025-04-16T02:51:04.3293322Z [1A[2KChrome Headless 135.0.0.0 (Linux x86_64): Executed 125 of 269 (34 FAILED) (0 secs / 1.283 secs)
2025-04-16T02:51:04.3327884Z [1A[2KChrome Headless 135.0.0.0 (Linux x86_64): Executed 126 of 269 (34 FAILED) (0 secs / 1.286 secs)
2025-04-16T02:51:04.3376574Z [1A[2KChrome Headless 135.0.0.0 (Linux x86_64): Executed 127 of 269 (34 FAILED) (0 secs / 1.291 secs)
2025-04-16T02:51:04.3434697Z [1A[2KChrome Headless 135.0.0.0 (Linux x86_64): Executed 128 of 269 (34 FAILED) (0 secs / 1.294 secs)
2025-04-16T02:51:04.3453652Z [1A[2KChrome Headless 135.0.0.0 (Linux x86_64): Executed 129 of 269 (34 FAILED) (0 secs / 1.297 secs)
2025-04-16T02:51:04.3485946Z [1A[2KChrome Headless 135.0.0.0 (Linux x86_64): Executed 130 of 269 (34 FAILED) (0 secs / 1.299 secs)
2025-04-16T02:51:04.3512661Z [1A[2KChrome Headless 135.0.0.0 (Linux x86_64): Executed 131 of 269 (34 FAILED) (0 secs / 1.301 secs)
2025-04-16T02:51:04.3563977Z [1A[2KChrome Headless 135.0.0.0 (Linux x86_64): Executed 132 of 269 (34 FAILED) (0 secs / 1.305 secs)
2025-04-16T02:51:04.3591119Z [1A[2KChrome Headless 135.0.0.0 (Linux x86_64): Executed 133 of 269 (34 FAILED) (0 secs / 1.307 secs)
2025-04-16T02:51:04.3628850Z [1A[2KChrome Headless 135.0.0.0 (Linux x86_64): Executed 134 of 269 (34 FAILED) (0 secs / 1.31 secs)
2025-04-16T02:51:04.3658756Z [1A[2KChrome Headless 135.0.0.0 (Linux x86_64): Executed 135 of 269 (34 FAILED) (0 secs / 1.312 secs)
2025-04-16T02:51:04.3707266Z [1A[2KChrome Headless 135.0.0.0 (Linux x86_64): Executed 136 of 269 (34 FAILED) (0 secs / 1.315 secs)
2025-04-16T02:51:04.3787587Z [1A[2KChrome Headless 135.0.0.0 (Linux x86_64): Executed 137 of 269 (34 FAILED) (0 secs / 1.318 secs)
2025-04-16T02:51:04.3804111Z [1A[2KChrome Headless 135.0.0.0 (Linux x86_64): Executed 138 of 269 (34 FAILED) (0 secs / 1.321 secs)
2025-04-16T02:51:04.3846490Z [1A[2KChrome Headless 135.0.0.0 (Linux x86_64): Executed 139 of 269 (34 FAILED) (0 secs / 1.324 secs)
2025-04-16T02:51:04.3886841Z [1A[2KChrome Headless 135.0.0.0 (Linux x86_64): Executed 140 of 269 (34 FAILED) (0 secs / 1.326 secs)
2025-04-16T02:51:04.3917518Z [1A[2KChrome Headless 135.0.0.0 (Linux x86_64): Executed 141 of 269 (34 FAILED) (0 secs / 1.327 secs)
2025-04-16T02:51:04.3953040Z [1A[2KChrome Headless 135.0.0.0 (Linux x86_64): Executed 142 of 269 (34 FAILED) (0 secs / 1.33 secs)
2025-04-16T02:51:04.3991914Z [1A[2KChrome Headless 135.0.0.0 (Linux x86_64) AuthService handleOAuthCallback should validate token and update user state FAILED
2025-04-16T02:51:04.4008151Z 	Expected object to have properties
2025-04-16T02:51:04.4008592Z 	    _id: '123'
2025-04-16T02:51:04.4008909Z 	    id: '123'
2025-04-16T02:51:04.4009229Z 	    username: 'testuser'
2025-04-16T02:51:04.4009675Z 	    email: 'test@example.com'
2025-04-16T02:51:04.4010071Z 	    role: 'user'
2025-04-16T02:51:04.4010696Z 	    createdAt: Date(Wed Apr 16 2025 02:51:02 GMT+0000 (Coordinated Universal Time))
2025-04-16T02:51:04.4012287Z 	    updatedAt: Date(Wed Apr 16 2025 02:51:02 GMT+0000 (Coordinated Universal Time))
2025-04-16T02:51:04.4013009Z 	Expected object not to have properties
2025-04-16T02:51:04.4013469Z 	    success: true
2025-04-16T02:51:04.4015097Z 	    user: Object({ _id: '123', id: '123', username: 'testuser', email: 'test@example.com', role: 'user', createdAt: Date(Wed Apr 16 2025 02:51:02 GMT+0000 (Coordinated Universal Time)), updatedAt: Date(Wed Apr 16 2025 02:51:02 GMT+0000 (Coordinated Universal Time)) })
2025-04-16T02:51:04.4016597Z 	    at <Jasmine>
2025-04-16T02:51:04.4017267Z 	    at UserContext.apply (src/app/core/services/auth.service.spec.ts:168:26)
2025-04-16T02:51:04.4018196Z 	    at _ZoneDelegate.invoke (node_modules/zone.js/fesm2015/zone.js:369:28)
2025-04-16T02:51:04.4019212Z 	    at ProxyZoneSpec.onInvoke (node_modules/zone.js/fesm2015/zone-testing.js:2082:39)
2025-04-16T02:51:04.4020178Z 	    at _ZoneDelegate.invoke (node_modules/zone.js/fesm2015/zone.js:368:34)
2025-04-16T02:51:04.4021280Z Chrome Headless 135.0.0.0 (Linux x86_64): Executed 143 of 269 (35 FAILED) (0 secs / 1.332 secs)
2025-04-16T02:51:04.4033250Z [1A[2KChrome Headless 135.0.0.0 (Linux x86_64): Executed 144 of 269 (35 FAILED) (0 secs / 1.334 secs)
2025-04-16T02:51:04.4051715Z [1A[2KChrome Headless 135.0.0.0 (Linux x86_64): Executed 145 of 269 (35 FAILED) (0 secs / 1.336 secs)
2025-04-16T02:51:04.4067404Z [1A[2KChrome Headless 135.0.0.0 (Linux x86_64): Executed 146 of 269 (35 FAILED) (0 secs / 1.338 secs)
2025-04-16T02:51:04.4085010Z [1A[2KChrome Headless 135.0.0.0 (Linux x86_64) AuthService error handling should handle refresh token errors FAILED
2025-04-16T02:51:04.4088550Z 	Error: Expected one matching request for criteria "Match URL: http://localhost:3000/api/v1/auth/refresh-token", found 2 requests.
2025-04-16T02:51:04.4090061Z 	    at HttpClientTestingBackend.expectOne (node_modules/@angular/common/fesm2022/http/testing.mjs:268:19)
2025-04-16T02:51:04.4091231Z 	    at UserContext.apply (src/app/core/services/auth.service.spec.ts:265:28)
2025-04-16T02:51:04.4092376Z 	    at _ZoneDelegate.invoke (node_modules/zone.js/fesm2015/zone.js:369:28)
2025-04-16T02:51:04.4093377Z 	    at ProxyZoneSpec.onInvoke (node_modules/zone.js/fesm2015/zone-testing.js:2082:39)
2025-04-16T02:51:04.4094368Z 	    at _ZoneDelegate.invoke (node_modules/zone.js/fesm2015/zone.js:368:34)
2025-04-16T02:51:04.4095219Z 	    at ZoneImpl.run (node_modules/zone.js/fesm2015/zone.js:111:43)
2025-04-16T02:51:04.4096062Z 	    at runInTestZone (node_modules/zone.js/fesm2015/zone-testing.js:216:38)
2025-04-16T02:51:04.4097039Z 	    at UserContext.<anonymous> (node_modules/zone.js/fesm2015/zone-testing.js:234:32)
2025-04-16T02:51:04.4097736Z 	    at <Jasmine>
2025-04-16T02:51:04.4098829Z Chrome Headless 135.0.0.0 (Linux x86_64): Executed 147 of 269 (36 FAILED) (0 secs / 1.339 secs)
2025-04-16T02:51:04.4110902Z [1A[2KChrome Headless 135.0.0.0 (Linux x86_64): Executed 148 of 269 (36 FAILED) (0 secs / 1.34 secs)
2025-04-16T02:51:04.4128662Z [1A[2KChrome Headless 135.0.0.0 (Linux x86_64): Executed 149 of 269 (36 FAILED) (0 secs / 1.342 secs)
2025-04-16T02:51:04.4234799Z [1A[2KChrome Headless 135.0.0.0 (Linux x86_64): Executed 150 of 269 (36 FAILED) (0 secs / 1.352 secs)
2025-04-16T02:51:04.4264995Z [1A[2KChrome Headless 135.0.0.0 (Linux x86_64): Executed 151 of 269 (36 FAILED) (0 secs / 1.353 secs)
2025-04-16T02:51:04.4279778Z [1A[2KChrome Headless 135.0.0.0 (Linux x86_64): Executed 152 of 269 (36 FAILED) (0 secs / 1.354 secs)
2025-04-16T02:51:04.4292848Z [1A[2KChrome Headless 135.0.0.0 (Linux x86_64): Executed 153 of 269 (36 FAILED) (0 secs / 1.355 secs)
2025-04-16T02:51:04.4307729Z [1A[2KChrome Headless 135.0.0.0 (Linux x86_64): Executed 154 of 269 (36 FAILED) (0 secs / 1.356 secs)
2025-04-16T02:51:04.4319641Z [1A[2KChrome Headless 135.0.0.0 (Linux x86_64): Executed 155 of 269 (36 FAILED) (0 secs / 1.357 secs)
2025-04-16T02:51:04.4336470Z [1A[2KChrome Headless 135.0.0.0 (Linux x86_64): Executed 156 of 269 (36 FAILED) (0 secs / 1.359 secs)
2025-04-16T02:51:04.4363255Z [1A[2KChrome Headless 135.0.0.0 (Linux x86_64): Executed 157 of 269 (36 FAILED) (0 secs / 1.36 secs)
2025-04-16T02:51:04.4380854Z [1A[2KChrome Headless 135.0.0.0 (Linux x86_64): Executed 158 of 269 (36 FAILED) (0 secs / 1.361 secs)
2025-04-16T02:51:04.4394261Z [1A[2KChrome Headless 135.0.0.0 (Linux x86_64): Executed 159 of 269 (36 FAILED) (0 secs / 1.362 secs)
2025-04-16T02:51:04.4405383Z [1A[2KChrome Headless 135.0.0.0 (Linux x86_64): Executed 160 of 269 (36 FAILED) (0 secs / 1.364 secs)
2025-04-16T02:51:04.4417796Z [1A[2KChrome Headless 135.0.0.0 (Linux x86_64): Executed 161 of 269 (36 FAILED) (0 secs / 1.365 secs)
2025-04-16T02:51:04.4446851Z [1A[2KChrome Headless 135.0.0.0 (Linux x86_64): Executed 162 of 269 (36 FAILED) (0 secs / 1.368 secs)
2025-04-16T02:51:04.4457180Z [1A[2KChrome Headless 135.0.0.0 (Linux x86_64): Executed 163 of 269 (36 FAILED) (0 secs / 1.369 secs)
2025-04-16T02:51:04.4470014Z [1A[2KChrome Headless 135.0.0.0 (Linux x86_64): Executed 164 of 269 (36 FAILED) (0 secs / 1.37 secs)
2025-04-16T02:51:04.4486430Z [1A[2KChrome Headless 135.0.0.0 (Linux x86_64): Executed 165 of 269 (36 FAILED) (0 secs / 1.371 secs)
2025-04-16T02:51:04.4654537Z [1A[2KChrome Headless 135.0.0.0 (Linux x86_64): Executed 166 of 269 (36 FAILED) (0 secs / 1.372 secs)
2025-04-16T02:51:04.4682272Z [1A[2KChrome Headless 135.0.0.0 (Linux x86_64): Executed 167 of 269 (36 FAILED) (0 secs / 1.373 secs)
2025-04-16T02:51:04.4697736Z [1A[2KChrome Headless 135.0.0.0 (Linux x86_64): Executed 168 of 269 (36 FAILED) (0 secs / 1.374 secs)
2025-04-16T02:51:04.4713832Z [1A[2KChrome Headless 135.0.0.0 (Linux x86_64): Executed 169 of 269 (36 FAILED) (0 secs / 1.375 secs)
2025-04-16T02:51:04.4726800Z [1A[2KChrome Headless 135.0.0.0 (Linux x86_64): Executed 170 of 269 (36 FAILED) (0 secs / 1.377 secs)
2025-04-16T02:51:04.4740748Z [1A[2KChrome Headless 135.0.0.0 (Linux x86_64): Executed 171 of 269 (36 FAILED) (0 secs / 1.378 secs)
2025-04-16T02:51:04.4764756Z [1A[2KChrome Headless 135.0.0.0 (Linux x86_64) MediaService Media Management should delete media from an ad FAILED
2025-04-16T02:51:04.4767059Z 	Expected null to be undefined.
2025-04-16T02:51:04.4768809Z 	    at <Jasmine>
2025-04-16T02:51:04.4770696Z 	    at Object.next (src/app/core/services/media.service.spec.ts:122:26)
2025-04-16T02:51:04.4779141Z 	    at ConsumerObserver.next (node_modules/rxjs/dist/esm/internal/Subscriber.js:91:33)
2025-04-16T02:51:04.4784099Z 	    at SafeSubscriber._next (node_modules/rxjs/dist/esm/internal/Subscriber.js:60:26)
2025-04-16T02:51:04.4808512Z 	    at SafeSubscriber.next (node_modules/rxjs/dist/esm/internal/Subscriber.js:31:18)
2025-04-16T02:51:04.4809665Z Chrome Headless 135.0.0.0 (Linux x86_64): Executed 172 of 269 (37 FAILED) (0 secs / 1.379 secs)
2025-04-16T02:51:04.4811525Z [1A[2KChrome Headless 135.0.0.0 (Linux x86_64): Executed 173 of 269 (37 FAILED) (0 secs / 1.381 secs)
2025-04-16T02:51:04.4813321Z [1A[2KChrome Headless 135.0.0.0 (Linux x86_64) MediaService Media Management should set featured media for an ad FAILED
2025-04-16T02:51:04.4814280Z 	Expected null to be undefined.
2025-04-16T02:51:04.4814684Z 	    at <Jasmine>
2025-04-16T02:51:04.4815260Z 	    at Object.next (src/app/core/services/media.service.spec.ts:132:26)
2025-04-16T02:51:04.4816220Z 	    at ConsumerObserver.next (node_modules/rxjs/dist/esm/internal/Subscriber.js:91:33)
2025-04-16T02:51:04.4817442Z 	    at SafeSubscriber._next (node_modules/rxjs/dist/esm/internal/Subscriber.js:60:26)
2025-04-16T02:51:04.4818455Z 	    at SafeSubscriber.next (node_modules/rxjs/dist/esm/internal/Subscriber.js:31:18)
2025-04-16T02:51:04.4819599Z Chrome Headless 135.0.0.0 (Linux x86_64): Executed 174 of 269 (38 FAILED) (0 secs / 1.383 secs)
2025-04-16T02:51:04.4828571Z [1A[2KChrome Headless 135.0.0.0 (Linux x86_64) MediaService Moderation should moderate media with approval FAILED
2025-04-16T02:51:04.4829967Z 	Expected null to be undefined.
2025-04-16T02:51:04.4834233Z 	    at <Jasmine>
2025-04-16T02:51:04.4835337Z 	    at Object.next (src/app/core/services/media.service.spec.ts:168:26)
2025-04-16T02:51:04.4838265Z 	    at ConsumerObserver.next (node_modules/rxjs/dist/esm/internal/Subscriber.js:91:33)
2025-04-16T02:51:04.4840797Z 	    at SafeSubscriber._next (node_modules/rxjs/dist/esm/internal/Subscriber.js:60:26)
2025-04-16T02:51:04.4842240Z 	    at SafeSubscriber.next (node_modules/rxjs/dist/esm/internal/Subscriber.js:31:18)
2025-04-16T02:51:04.4850631Z Chrome Headless 135.0.0.0 (Linux x86_64): Executed 175 of 269 (39 FAILED) (0 secs / 1.385 secs)
2025-04-16T02:51:04.4852234Z [1A[2KChrome Headless 135.0.0.0 (Linux x86_64): Executed 176 of 269 (39 FAILED) (0 secs / 1.386 secs)
2025-04-16T02:51:04.4866296Z [1A[2KChrome Headless 135.0.0.0 (Linux x86_64) MediaService Moderation should moderate media with rejection FAILED
2025-04-16T02:51:04.4868276Z 	Expected null to be undefined.
2025-04-16T02:51:04.4869203Z 	    at <Jasmine>
2025-04-16T02:51:04.4871133Z 	    at Object.next (src/app/core/services/media.service.spec.ts:182:26)
2025-04-16T02:51:04.4872883Z 	    at ConsumerObserver.next (node_modules/rxjs/dist/esm/internal/Subscriber.js:91:33)
2025-04-16T02:51:04.4875229Z 	    at SafeSubscriber._next (node_modules/rxjs/dist/esm/internal/Subscriber.js:60:26)
2025-04-16T02:51:04.4876500Z 	    at SafeSubscriber.next (node_modules/rxjs/dist/esm/internal/Subscriber.js:31:18)
2025-04-16T02:51:04.4881969Z Chrome Headless 135.0.0.0 (Linux x86_64): Executed 177 of 269 (40 FAILED) (0 secs / 1.387 secs)
2025-04-16T02:51:04.4884125Z [1A[2KChrome Headless 135.0.0.0 (Linux x86_64) MediaService Moderation should moderate media with default empty notes FAILED
2025-04-16T02:51:04.4887422Z 	Expected null to be undefined.
2025-04-16T02:51:04.4889100Z 	    at <Jasmine>
2025-04-16T02:51:04.4891331Z 	    at Object.next (src/app/core/services/media.service.spec.ts:195:26)
2025-04-16T02:51:04.4894140Z 	    at ConsumerObserver.next (node_modules/rxjs/dist/esm/internal/Subscriber.js:91:33)
2025-04-16T02:51:04.4895746Z 	    at SafeSubscriber._next (node_modules/rxjs/dist/esm/internal/Subscriber.js:60:26)
2025-04-16T02:51:04.4897028Z 	    at SafeSubscriber.next (node_modules/rxjs/dist/esm/internal/Subscriber.js:31:18)
2025-04-16T02:51:04.4900293Z Chrome Headless 135.0.0.0 (Linux x86_64): Executed 178 of 269 (41 FAILED) (0 secs / 1.388 secs)
2025-04-16T02:51:04.4911832Z [1A[2KChrome Headless 135.0.0.0 (Linux x86_64): Executed 179 of 269 (41 FAILED) (0 secs / 1.389 secs)
2025-04-16T02:51:04.4998787Z [1A[2KChrome Headless 135.0.0.0 (Linux x86_64) MediaService Media Upload should upload media for an ad FAILED
2025-04-16T02:51:04.5001607Z 	Expected object to be a kind of Object, but was HttpResponse({ headers: HttpHeaders({ headers: Map(  ), normalizedNames: Map(  ), lazyInit: undefined, lazyUpdate: null }), status: 200, statusText: 'OK', url: null, ok: true, type: 4, body: Object({ message: 'Upload successful' }) }).
2025-04-16T02:51:04.5003646Z 	    at <Jasmine>
2025-04-16T02:51:04.5004348Z 	    at Object.next (src/app/core/services/media.service.spec.ts:105:30)
2025-04-16T02:51:04.5005443Z 	    at ConsumerObserver.next (node_modules/rxjs/dist/esm/internal/Subscriber.js:91:33)
2025-04-16T02:51:04.5006585Z 	    at SafeSubscriber._next (node_modules/rxjs/dist/esm/internal/Subscriber.js:60:26)
2025-04-16T02:51:04.5007702Z 	    at SafeSubscriber.next (node_modules/rxjs/dist/esm/internal/Subscriber.js:31:18)
2025-04-16T02:51:04.5008969Z Chrome Headless 135.0.0.0 (Linux x86_64): Executed 180 of 269 (42 FAILED) (0 secs / 1.398 secs)
2025-04-16T02:51:04.5027679Z [1A[2KChrome Headless 135.0.0.0 (Linux x86_64) MediaService Error Handling should handle HTTP errors when uploading media FAILED
2025-04-16T02:51:04.5028641Z 	Failed: should have failed with a 500 error
2025-04-16T02:51:04.5029077Z 	    at <Jasmine>
2025-04-16T02:51:04.5029641Z 	    at Object.next (src/app/core/services/media.service.spec.ts:211:21)
2025-04-16T02:51:04.5030528Z 	    at ConsumerObserver.next (node_modules/rxjs/dist/esm/internal/Subscriber.js:91:33)
2025-04-16T02:51:04.5031465Z 	    at SafeSubscriber._next (node_modules/rxjs/dist/esm/internal/Subscriber.js:60:26)
2025-04-16T02:51:04.5032926Z 	    at SafeSubscriber.next (node_modules/rxjs/dist/esm/internal/Subscriber.js:31:18)
2025-04-16T02:51:04.5033969Z 	    at subscribe.innerComplete (node_modules/rxjs/dist/esm/internal/operators/mergeInternals.js:25:28)
2025-04-16T02:51:04.5035198Z Chrome Headless 135.0.0.0 (Linux x86_64): Executed 181 of 269 (43 FAILED) (0 secs / 1.4 secs)
2025-04-16T02:51:04.5050918Z [1A[2KChrome Headless 135.0.0.0 (Linux x86_64): Executed 182 of 269 (43 FAILED) (0 secs / 1.401 secs)
2025-04-16T02:51:04.5063787Z [1A[2KChrome Headless 135.0.0.0 (Linux x86_64): Executed 183 of 269 (43 FAILED) (0 secs / 1.402 secs)
2025-04-16T02:51:04.5082166Z [1A[2KChrome Headless 135.0.0.0 (Linux x86_64): Executed 184 of 269 (43 FAILED) (0 secs / 1.403 secs)
2025-04-16T02:51:04.5095272Z [1A[2KChrome Headless 135.0.0.0 (Linux x86_64): Executed 185 of 269 (43 FAILED) (0 secs / 1.405 secs)
2025-04-16T02:51:04.5111785Z [1A[2KChrome Headless 135.0.0.0 (Linux x86_64) AdService should delete an ad FAILED
2025-04-16T02:51:04.5112775Z 	Expected null to be undefined.
2025-04-16T02:51:04.5113185Z 	    at <Jasmine>
2025-04-16T02:51:04.5113761Z 	    at Object.next (src/app/core/services/ad.service.spec.ts:170:24)
2025-04-16T02:51:04.5114709Z 	    at ConsumerObserver.next (node_modules/rxjs/dist/esm/internal/Subscriber.js:91:33)
2025-04-16T02:51:04.5115759Z 	    at SafeSubscriber._next (node_modules/rxjs/dist/esm/internal/Subscriber.js:60:26)
2025-04-16T02:51:04.5116779Z 	    at SafeSubscriber.next (node_modules/rxjs/dist/esm/internal/Subscriber.js:31:18)
2025-04-16T02:51:04.5117913Z Chrome Headless 135.0.0.0 (Linux x86_64): Executed 186 of 269 (44 FAILED) (0 secs / 1.406 secs)
2025-04-16T02:51:04.5125910Z [1A[2KChrome Headless 135.0.0.0 (Linux x86_64): Executed 187 of 269 (44 FAILED) (0 secs / 1.407 secs)
2025-04-16T02:51:04.5136340Z [1A[2KChrome Headless 135.0.0.0 (Linux x86_64): Executed 188 of 269 (44 FAILED) (0 secs / 1.409 secs)
2025-04-16T02:51:04.5153779Z [1A[2KChrome Headless 135.0.0.0 (Linux x86_64): Executed 189 of 269 (44 FAILED) (0 secs / 1.41 secs)
2025-04-16T02:51:04.5186004Z [1A[2KChrome Headless 135.0.0.0 (Linux x86_64): Executed 190 of 269 (44 FAILED) (0 secs / 1.411 secs)
2025-04-16T02:51:04.5200521Z [1A[2KChrome Headless 135.0.0.0 (Linux x86_64): Executed 191 of 269 (44 FAILED) (0 secs / 1.412 secs)
2025-04-16T02:51:04.5220326Z [1A[2KChrome Headless 135.0.0.0 (Linux x86_64): Executed 192 of 269 (44 FAILED) (0 secs / 1.414 secs)
2025-04-16T02:51:04.5234087Z [1A[2KChrome Headless 135.0.0.0 (Linux x86_64): Executed 193 of 269 (44 FAILED) (0 secs / 1.415 secs)
2025-04-16T02:51:04.5248783Z [1A[2KChrome Headless 135.0.0.0 (Linux x86_64): Executed 194 of 269 (44 FAILED) (0 secs / 1.416 secs)
2025-04-16T02:51:04.5267556Z [1A[2KChrome Headless 135.0.0.0 (Linux x86_64): Executed 195 of 269 (44 FAILED) (0 secs / 1.417 secs)
2025-04-16T02:51:04.5283326Z [1A[2KChrome Headless 135.0.0.0 (Linux x86_64): Executed 196 of 269 (44 FAILED) (0 secs / 1.418 secs)
2025-04-16T02:51:04.5300458Z [1A[2KChrome Headless 135.0.0.0 (Linux x86_64): Executed 197 of 269 (44 FAILED) (0 secs / 1.419 secs)
2025-04-16T02:51:04.5319578Z [1A[2KChrome Headless 135.0.0.0 (Linux x86_64): Executed 198 of 269 (44 FAILED) (0 secs / 1.421 secs)
2025-04-16T02:51:04.5414377Z [1A[2KChrome Headless 135.0.0.0 (Linux x86_64): Executed 199 of 269 (44 FAILED) (0 secs / 1.428 secs)
2025-04-16T02:51:04.5464280Z [1A[2KChrome Headless 135.0.0.0 (Linux x86_64): Executed 200 of 269 (44 FAILED) (0 secs / 1.431 secs)
2025-04-16T02:51:04.5470446Z [1A[2KChrome Headless 135.0.0.0 (Linux x86_64): Executed 201 of 269 (44 FAILED) (0 secs / 1.434 secs)
2025-04-16T02:51:04.5495339Z [1A[2KChrome Headless 135.0.0.0 (Linux x86_64): Executed 202 of 269 (44 FAILED) (0 secs / 1.436 secs)
2025-04-16T02:51:04.5545573Z [1A[2KChrome Headless 135.0.0.0 (Linux x86_64): Executed 203 of 269 (44 FAILED) (0 secs / 1.438 secs)
2025-04-16T02:51:04.5556567Z [1A[2KChrome Headless 135.0.0.0 (Linux x86_64): Executed 204 of 269 (44 FAILED) (0 secs / 1.44 secs)
2025-04-16T02:51:04.5581164Z [1A[2KChrome Headless 135.0.0.0 (Linux x86_64): Executed 205 of 269 (44 FAILED) (0 secs / 1.442 secs)
2025-04-16T02:51:04.5603099Z [1A[2KChrome Headless 135.0.0.0 (Linux x86_64): Executed 206 of 269 (44 FAILED) (0 secs / 1.444 secs)
2025-04-16T02:51:04.5615046Z [1A[2KChrome Headless 135.0.0.0 (Linux x86_64): Executed 207 of 269 (44 FAILED) (0 secs / 1.445 secs)
2025-04-16T02:51:04.5626956Z [1A[2KChrome Headless 135.0.0.0 (Linux x86_64): Executed 208 of 269 (44 FAILED) (0 secs / 1.446 secs)
2025-04-16T02:51:04.5802898Z [1A[2KChrome Headless 135.0.0.0 (Linux x86_64) RegisterComponent should toggle password visibility FAILED
2025-04-16T02:51:04.5804074Z 	Error: NG0304: 'mat-card' is not a known element (used in the 'RegisterComponent' component template):
2025-04-16T02:51:04.5805259Z 	1. If 'mat-card' is an Angular component, then verify that it is included in the '@Component.imports' of this component.
2025-04-16T02:51:04.5806633Z 	2. If 'mat-card' is a Web Component then add 'CUSTOM_ELEMENTS_SCHEMA' to the '@Component.schemas' of this component to suppress this message.
2025-04-16T02:51:04.5807584Z 	error properties: Object({ code: 304 })
2025-04-16T02:51:04.5808323Z 	    at validateElementIsKnown (node_modules/@angular/core/fesm2022/core.mjs:11128:23)
2025-04-16T02:51:04.5809399Z 	    at ÉµÉµelementStart (node_modules/@angular/core/fesm2022/core.mjs:27884:9)
2025-04-16T02:51:04.5810106Z 	    at templateFn (ng:///RegisterComponent.js:104:40)
2025-04-16T02:51:04.5810834Z 	    at executeTemplate (node_modules/@angular/core/fesm2022/core.mjs:12338:9)
2025-04-16T02:51:04.5811635Z 	    at renderView (node_modules/@angular/core/fesm2022/core.mjs:12844:13)
2025-04-16T02:51:04.5812614Z 	    at renderComponent (node_modules/@angular/core/fesm2022/core.mjs:12789:5)
2025-04-16T02:51:04.5813493Z 	    at renderChildComponents (node_modules/@angular/core/fesm2022/core.mjs:12892:9)
2025-04-16T02:51:04.5814282Z 	    at renderView (node_modules/@angular/core/fesm2022/core.mjs:12872:13)
2025-04-16T02:51:04.5815168Z 	    at ComponentFactory.create (node_modules/@angular/core/fesm2022/core.mjs:17954:17)
2025-04-16T02:51:04.5816041Z 	    at initComponent (node_modules/@angular/core/fesm2022/testing.mjs:2053:51)
2025-04-16T02:51:04.5817332Z Chrome Headless 135.0.0.0 (Linux x86_64): Executed 209 of 269 (45 FAILED) (0 secs / 1.463 secs)
2025-04-16T02:51:04.5858395Z [1A[2KChrome Headless 135.0.0.0 (Linux x86_64) RegisterComponent should handle registration error FAILED
2025-04-16T02:51:04.5860688Z 	Error: NG0304: 'mat-card' is not a known element (used in the 'RegisterComponent' component template):
2025-04-16T02:51:04.5861973Z 	1. If 'mat-card' is an Angular component, then verify that it is included in the '@Component.imports' of this component.
2025-04-16T02:51:04.5864028Z 	2. If 'mat-card' is a Web Component then add 'CUSTOM_ELEMENTS_SCHEMA' to the '@Component.schemas' of this component to suppress this message.
2025-04-16T02:51:04.5865074Z 	error properties: Object({ code: 304 })
2025-04-16T02:51:04.5865876Z 	    at validateElementIsKnown (node_modules/@angular/core/fesm2022/core.mjs:11128:23)
2025-04-16T02:51:04.5867040Z 	    at ÉµÉµelementStart (node_modules/@angular/core/fesm2022/core.mjs:27884:9)
2025-04-16T02:51:04.5867820Z 	    at templateFn (ng:///RegisterComponent.js:104:40)
2025-04-16T02:51:04.5868623Z 	    at executeTemplate (node_modules/@angular/core/fesm2022/core.mjs:12338:9)
2025-04-16T02:51:04.5869505Z 	    at renderView (node_modules/@angular/core/fesm2022/core.mjs:12844:13)
2025-04-16T02:51:04.5870381Z 	    at renderComponent (node_modules/@angular/core/fesm2022/core.mjs:12789:5)
2025-04-16T02:51:04.5871342Z 	    at renderChildComponents (node_modules/@angular/core/fesm2022/core.mjs:12892:9)
2025-04-16T02:51:04.5872493Z 	    at renderView (node_modules/@angular/core/fesm2022/core.mjs:12872:13)
2025-04-16T02:51:04.5873412Z 	    at ComponentFactory.create (node_modules/@angular/core/fesm2022/core.mjs:17954:17)
2025-04-16T02:51:04.5874680Z 	    at initComponent (node_modules/@angular/core/fesm2022/testing.mjs:2053:51)
2025-04-16T02:51:04.5875750Z Chrome Headless 135.0.0.0 (Linux x86_64): Executed 210 of 269 (46 FAILED) (0 secs / 1.467 secs)
2025-04-16T02:51:04.5893190Z [1A[2KChrome Headless 135.0.0.0 (Linux x86_64) RegisterComponent should submit form and navigate to dashboard on success FAILED
2025-04-16T02:51:04.5895484Z 	Error: NG0304: 'mat-card' is not a known element (used in the 'RegisterComponent' component template):
2025-04-16T02:51:04.5896795Z 	1. If 'mat-card' is an Angular component, then verify that it is included in the '@Component.imports' of this component.
2025-04-16T02:51:04.5898268Z 	2. If 'mat-card' is a Web Component then add 'CUSTOM_ELEMENTS_SCHEMA' to the '@Component.schemas' of this component to suppress this message.
2025-04-16T02:51:04.5899319Z 	error properties: Object({ code: 304 })
2025-04-16T02:51:04.5900121Z 	    at validateElementIsKnown (node_modules/@angular/core/fesm2022/core.mjs:11128:23)
2025-04-16T02:51:04.5901354Z 	    at ÉµÉµelementStart (node_modules/@angular/core/fesm2022/core.mjs:27884:9)
2025-04-16T02:51:04.5903298Z 	    at templateFn (ng:///RegisterComponent.js:104:40)
2025-04-16T02:51:04.5904186Z 	    at executeTemplate (node_modules/@angular/core/fesm2022/core.mjs:12338:9)
2025-04-16T02:51:04.5905062Z 	    at renderView (node_modules/@angular/core/fesm2022/core.mjs:12844:13)
2025-04-16T02:51:04.5905941Z 	    at renderComponent (node_modules/@angular/core/fesm2022/core.mjs:12789:5)
2025-04-16T02:51:04.5907935Z 	    at renderChildComponents (node_modules/@angular/core/fesm2022/core.mjs:12892:9)
2025-04-16T02:51:04.5908885Z 	    at renderView (node_modules/@angular/core/fesm2022/core.mjs:12872:13)
2025-04-16T02:51:04.5909864Z 	    at ComponentFactory.create (node_modules/@angular/core/fesm2022/core.mjs:17954:17)
2025-04-16T02:51:04.5910837Z 	    at initComponent (node_modules/@angular/core/fesm2022/testing.mjs:2053:51)
2025-04-16T02:51:04.5912737Z Chrome Headless 135.0.0.0 (Linux x86_64): Executed 211 of 269 (47 FAILED) (0 secs / 1.47 secs)
2025-04-16T02:51:04.5927173Z [1A[2KChrome Headless 135.0.0.0 (Linux x86_64) RegisterComponent should validate form correctly FAILED
2025-04-16T02:51:04.5928390Z 	Error: NG0304: 'mat-card' is not a known element (used in the 'RegisterComponent' component template):
2025-04-16T02:51:04.5929695Z 	1. If 'mat-card' is an Angular component, then verify that it is included in the '@Component.imports' of this component.
2025-04-16T02:51:04.5931177Z 	2. If 'mat-card' is a Web Component then add 'CUSTOM_ELEMENTS_SCHEMA' to the '@Component.schemas' of this component to suppress this message.
2025-04-16T02:51:04.5932425Z 	error properties: Object({ code: 304 })
2025-04-16T02:51:04.5933223Z 	    at validateElementIsKnown (node_modules/@angular/core/fesm2022/core.mjs:11128:23)
2025-04-16T02:51:04.5934653Z 	    at ÉµÉµelementStart (node_modules/@angular/core/fesm2022/core.mjs:27884:9)
2025-04-16T02:51:04.5935473Z 	    at templateFn (ng:///RegisterComponent.js:104:40)
2025-04-16T02:51:04.5936289Z 	    at executeTemplate (node_modules/@angular/core/fesm2022/core.mjs:12338:9)
2025-04-16T02:51:04.5937156Z 	    at renderView (node_modules/@angular/core/fesm2022/core.mjs:12844:13)
2025-04-16T02:51:04.5938019Z 	    at renderComponent (node_modules/@angular/core/fesm2022/core.mjs:12789:5)
2025-04-16T02:51:04.5938949Z 	    at renderChildComponents (node_modules/@angular/core/fesm2022/core.mjs:12892:9)
2025-04-16T02:51:04.5939882Z 	    at renderView (node_modules/@angular/core/fesm2022/core.mjs:12872:13)
2025-04-16T02:51:04.5940827Z 	    at ComponentFactory.create (node_modules/@angular/core/fesm2022/core.mjs:17954:17)
2025-04-16T02:51:04.5941786Z 	    at initComponent (node_modules/@angular/core/fesm2022/testing.mjs:2053:51)
2025-04-16T02:51:04.5954417Z Chrome Headless 135.0.0.0 (Linux x86_64): Executed 212 of 269 (48 FAILED) (0 secs / 1.473 secs)
2025-04-16T02:51:04.5960411Z [1A[2KChrome Headless 135.0.0.0 (Linux x86_64) RegisterComponent should redirect to dashboard if already authenticated FAILED
2025-04-16T02:51:04.5974938Z 	Error: NG0304: 'mat-card' is not a known element (used in the 'RegisterComponent' component template):
2025-04-16T02:51:04.5976247Z 	1. If 'mat-card' is an Angular component, then verify that it is included in the '@Component.imports' of this component.
2025-04-16T02:51:04.5977721Z 	2. If 'mat-card' is a Web Component then add 'CUSTOM_ELEMENTS_SCHEMA' to the '@Component.schemas' of this component to suppress this message.
2025-04-16T02:51:04.5978755Z 	error properties: Object({ code: 304 })
2025-04-16T02:51:04.5979574Z 	    at validateElementIsKnown (node_modules/@angular/core/fesm2022/core.mjs:11128:23)
2025-04-16T02:51:04.5980762Z 	    at ÉµÉµelementStart (node_modules/@angular/core/fesm2022/core.mjs:27884:9)
2025-04-16T02:51:04.5981565Z 	    at templateFn (ng:///RegisterComponent.js:104:40)
2025-04-16T02:51:04.5984862Z 	    at executeTemplate (node_modules/@angular/core/fesm2022/core.mjs:12338:9)
2025-04-16T02:51:04.5985775Z 	    at renderView (node_modules/@angular/core/fesm2022/core.mjs:12844:13)
2025-04-16T02:51:04.5986739Z 	    at renderComponent (node_modules/@angular/core/fesm2022/core.mjs:12789:5)
2025-04-16T02:51:04.5987717Z 	    at renderChildComponents (node_modules/@angular/core/fesm2022/core.mjs:12892:9)
2025-04-16T02:51:04.5988690Z 	    at renderView (node_modules/@angular/core/fesm2022/core.mjs:12872:13)
2025-04-16T02:51:04.5995903Z 	    at ComponentFactory.create (node_modules/@angular/core/fesm2022/core.mjs:17954:17)
2025-04-16T02:51:04.5996877Z 	    at initComponent (node_modules/@angular/core/fesm2022/testing.mjs:2053:51)
2025-04-16T02:51:04.5997933Z Chrome Headless 135.0.0.0 (Linux x86_64): Executed 213 of 269 (49 FAILED) (0 secs / 1.476 secs)
2025-04-16T02:51:04.5999447Z [1A[2KChrome Headless 135.0.0.0 (Linux x86_64) RegisterComponent should initialize the form with required fields FAILED
2025-04-16T02:51:04.6000643Z 	Error: NG0304: 'mat-card' is not a known element (used in the 'RegisterComponent' component template):
2025-04-16T02:51:04.6001846Z 	1. If 'mat-card' is an Angular component, then verify that it is included in the '@Component.imports' of this component.
2025-04-16T02:51:04.6003419Z 	2. If 'mat-card' is a Web Component then add 'CUSTOM_ELEMENTS_SCHEMA' to the '@Component.schemas' of this component to suppress this message.
2025-04-16T02:51:04.6004363Z 	error properties: Object({ code: 304 })
2025-04-16T02:51:04.6008425Z 	    at validateElementIsKnown (node_modules/@angular/core/fesm2022/core.mjs:11128:23)
2025-04-16T02:51:04.6009576Z 	    at ÉµÉµelementStart (node_modules/@angular/core/fesm2022/core.mjs:27884:9)
2025-04-16T02:51:04.6010363Z 	    at templateFn (ng:///RegisterComponent.js:104:40)
2025-04-16T02:51:04.6011158Z 	    at executeTemplate (node_modules/@angular/core/fesm2022/core.mjs:12338:9)
2025-04-16T02:51:04.6012490Z 	    at renderView (node_modules/@angular/core/fesm2022/core.mjs:12844:13)
2025-04-16T02:51:04.6013391Z 	    at renderComponent (node_modules/@angular/core/fesm2022/core.mjs:12789:5)
2025-04-16T02:51:04.6014329Z 	    at renderChildComponents (node_modules/@angular/core/fesm2022/core.mjs:12892:9)
2025-04-16T02:51:04.6015250Z 	    at renderView (node_modules/@angular/core/fesm2022/core.mjs:12872:13)
2025-04-16T02:51:04.6016182Z 	    at ComponentFactory.create (node_modules/@angular/core/fesm2022/core.mjs:17954:17)
2025-04-16T02:51:04.6017161Z 	    at initComponent (node_modules/@angular/core/fesm2022/testing.mjs:2053:51)
2025-04-16T02:51:04.6018235Z Chrome Headless 135.0.0.0 (Linux x86_64): Executed 214 of 269 (50 FAILED) (0 secs / 1.479 secs)
2025-04-16T02:51:04.6037534Z [1A[2KChrome Headless 135.0.0.0 (Linux x86_64) RegisterComponent should not submit if form is invalid FAILED
2025-04-16T02:51:04.6043524Z 	Error: NG0304: 'mat-card' is not a known element (used in the 'RegisterComponent' component template):
2025-04-16T02:51:04.6044912Z 	1. If 'mat-card' is an Angular component, then verify that it is included in the '@Component.imports' of this component.
2025-04-16T02:51:04.6046382Z 	2. If 'mat-card' is a Web Component then add 'CUSTOM_ELEMENTS_SCHEMA' to the '@Component.schemas' of this component to suppress this message.
2025-04-16T02:51:04.6047692Z 	error properties: Object({ code: 304 })
2025-04-16T02:51:04.6048496Z 	    at validateElementIsKnown (node_modules/@angular/core/fesm2022/core.mjs:11128:23)
2025-04-16T02:51:04.6049656Z 	    at ÉµÉµelementStart (node_modules/@angular/core/fesm2022/core.mjs:27884:9)
2025-04-16T02:51:04.6050420Z 	    at templateFn (ng:///RegisterComponent.js:104:40)
2025-04-16T02:51:04.6051217Z 	    at executeTemplate (node_modules/@angular/core/fesm2022/core.mjs:12338:9)
2025-04-16T02:51:04.6052296Z 	    at renderView (node_modules/@angular/core/fesm2022/core.mjs:12844:13)
2025-04-16T02:51:04.6053238Z 	    at renderComponent (node_modules/@angular/core/fesm2022/core.mjs:12789:5)
2025-04-16T02:51:04.6054221Z 	    at renderChildComponents (node_modules/@angular/core/fesm2022/core.mjs:12892:9)
2025-04-16T02:51:04.6055110Z 	    at renderView (node_modules/@angular/core/fesm2022/core.mjs:12872:13)
2025-04-16T02:51:04.6056069Z 	    at ComponentFactory.create (node_modules/@angular/core/fesm2022/core.mjs:17954:17)
2025-04-16T02:51:04.6057089Z 	    at initComponent (node_modules/@angular/core/fesm2022/testing.mjs:2053:51)
2025-04-16T02:51:04.6061183Z Chrome Headless 135.0.0.0 (Linux x86_64): Executed 215 of 269 (51 FAILED) (0 secs / 1.482 secs)
2025-04-16T02:51:04.6073633Z [1A[2KChrome Headless 135.0.0.0 (Linux x86_64) RegisterComponent should create FAILED
2025-04-16T02:51:04.6088356Z 	Error: NG0304: 'mat-card' is not a known element (used in the 'RegisterComponent' component template):
2025-04-16T02:51:04.6089563Z 	1. If 'mat-card' is an Angular component, then verify that it is included in the '@Component.imports' of this component.
2025-04-16T02:51:04.6090954Z 	2. If 'mat-card' is a Web Component then add 'CUSTOM_ELEMENTS_SCHEMA' to the '@Component.schemas' of this component to suppress this message.
2025-04-16T02:51:04.6091958Z 	error properties: Object({ code: 304 })
2025-04-16T02:51:04.6092954Z 	    at validateElementIsKnown (node_modules/@angular/core/fesm2022/core.mjs:11128:23)
2025-04-16T02:51:04.6094082Z 	    at ÉµÉµelementStart (node_modules/@angular/core/fesm2022/core.mjs:27884:9)
2025-04-16T02:51:04.6094812Z 	    at templateFn (ng:///RegisterComponent.js:104:40)
2025-04-16T02:51:04.6095605Z 	    at executeTemplate (node_modules/@angular/core/fesm2022/core.mjs:12338:9)
2025-04-16T02:51:04.6096478Z 	    at renderView (node_modules/@angular/core/fesm2022/core.mjs:12844:13)
2025-04-16T02:51:04.6097359Z 	    at renderComponent (node_modules/@angular/core/fesm2022/core.mjs:12789:5)
2025-04-16T02:51:04.6098294Z 	    at renderChildComponents (node_modules/@angular/core/fesm2022/core.mjs:12892:9)
2025-04-16T02:51:04.6099220Z 	    at renderView (node_modules/@angular/core/fesm2022/core.mjs:12872:13)
2025-04-16T02:51:04.6100374Z 	    at ComponentFactory.create (node_modules/@angular/core/fesm2022/core.mjs:17954:17)
2025-04-16T02:51:04.6101585Z 	    at initComponent (node_modules/@angular/core/fesm2022/testing.mjs:2053:51)
2025-04-16T02:51:04.6102828Z Chrome Headless 135.0.0.0 (Linux x86_64): Executed 216 of 269 (52 FAILED) (0 secs / 1.485 secs)
2025-04-16T02:51:04.6110791Z [1A[2KWARN: 'Spec 'CachingService post should send POST request and invalidate specified URLs' has no expectations.'
2025-04-16T02:51:04.6115215Z Chrome Headless 135.0.0.0 (Linux x86_64): Executed 216 of 269 (52 FAILED) (0 secs / 1.485 secs)
2025-04-16T02:51:04.6116532Z WARN: 'Spec 'CachingService post should send POST request and invalidate specified URLs' has no expectations.'
2025-04-16T02:51:04.6118104Z [1A[2KChrome Headless 135.0.0.0 (Linux x86_64): Executed 217 of 269 (52 FAILED) (0 secs / 1.488 secs)
2025-04-16T02:51:04.6131493Z [1A[2KChrome Headless 135.0.0.0 (Linux x86_64): Executed 218 of 269 (52 FAILED) (0 secs / 1.489 secs)
2025-04-16T02:51:04.6147838Z [1A[2KChrome Headless 135.0.0.0 (Linux x86_64): Executed 219 of 269 (52 FAILED) (0 secs / 1.49 secs)
2025-04-16T02:51:04.6334719Z [1A[2KChrome Headless 135.0.0.0 (Linux x86_64) CachingService get should fetch fresh data when cache is expired FAILED
2025-04-16T02:51:04.6336047Z 	Expected $.name = 'Test 1' to equal 'Test 2'.
2025-04-16T02:51:04.6336482Z 	    at <Jasmine>
2025-04-16T02:51:04.6337049Z 	    at Object.next (src/app/core/services/caching.service.spec.ts:83:22)
2025-04-16T02:51:04.6337957Z 	    at ConsumerObserver.next (node_modules/rxjs/dist/esm/internal/Subscriber.js:91:33)
2025-04-16T02:51:04.6338948Z 	    at SafeSubscriber._next (node_modules/rxjs/dist/esm/internal/Subscriber.js:60:26)
2025-04-16T02:51:04.6339904Z 	    at SafeSubscriber.next (node_modules/rxjs/dist/esm/internal/Subscriber.js:31:18)
2025-04-16T02:51:04.6340866Z 	Error: Expected one matching request for criteria "Match URL: /api/test", found none.
2025-04-16T02:51:04.6342323Z 	    at HttpClientTestingBackend.expectOne (node_modules/@angular/common/fesm2022/http/testing.mjs:277:19)
2025-04-16T02:51:04.6343497Z 	    at UserContext.apply (src/app/core/services/caching.service.spec.ts:86:28)
2025-04-16T02:51:04.6344424Z 	    at _ZoneDelegate.invoke (node_modules/zone.js/fesm2015/zone.js:369:28)
2025-04-16T02:51:04.6345395Z 	    at ProxyZoneSpec.onInvoke (node_modules/zone.js/fesm2015/zone-testing.js:2082:39)
2025-04-16T02:51:04.6346349Z 	    at _ZoneDelegate.invoke (node_modules/zone.js/fesm2015/zone.js:368:34)
2025-04-16T02:51:04.6347161Z 	    at ZoneImpl.run (node_modules/zone.js/fesm2015/zone.js:111:43)
2025-04-16T02:51:04.6347999Z 	    at runInTestZone (node_modules/zone.js/fesm2015/zone-testing.js:216:38)
2025-04-16T02:51:04.6348952Z 	    at UserContext.<anonymous> (node_modules/zone.js/fesm2015/zone-testing.js:234:32)
2025-04-16T02:51:04.6349617Z 	    at <Jasmine>
2025-04-16T02:51:04.6350402Z Chrome Headless 135.0.0.0 (Linux x86_64): Executed 220 of 269 (53 FAILED) (0 secs / 1.492 secs)
2025-04-16T02:51:04.6370851Z [1A[2KWARN: 'Spec 'CachingService clearCachePattern should clear cache items matching a pattern' has no expectations.'
2025-04-16T02:51:04.6375003Z Chrome Headless 135.0.0.0 (Linux x86_64): Executed 220 of 269 (53 FAILED) (0 secs / 1.492 secs)
2025-04-16T02:51:04.6376486Z WARN: 'Spec 'CachingService clearCachePattern should clear cache items matching a pattern' has no expectations.'
2025-04-16T02:51:04.6378132Z [1A[2KChrome Headless 135.0.0.0 (Linux x86_64): Executed 221 of 269 (53 FAILED) (0 secs / 1.494 secs)
2025-04-16T02:51:04.6388034Z [1A[2KWARN: 'Spec 'CachingService clearCache should clear the entire cache' has no expectations.'
2025-04-16T02:51:04.6391610Z Chrome Headless 135.0.0.0 (Linux x86_64): Executed 221 of 269 (53 FAILED) (0 secs / 1.494 secs)
2025-04-16T02:51:04.6393017Z WARN: 'Spec 'CachingService clearCache should clear the entire cache' has no expectations.'
2025-04-16T02:51:04.6394735Z [1A[2KChrome Headless 135.0.0.0 (Linux x86_64): Executed 222 of 269 (53 FAILED) (0 secs / 1.496 secs)
2025-04-16T02:51:04.6400918Z [1A[2KChrome Headless 135.0.0.0 (Linux x86_64): Executed 223 of 269 (53 FAILED) (0 secs / 1.497 secs)
2025-04-16T02:51:04.6522848Z [1A[2KChrome Headless 135.0.0.0 (Linux x86_64): Executed 224 of 269 (53 FAILED) (0 secs / 1.508 secs)
2025-04-16T02:51:04.6580047Z [1A[2KChrome Headless 135.0.0.0 (Linux x86_64): Executed 225 of 269 (53 FAILED) (0 secs / 1.512 secs)
2025-04-16T02:51:04.6605119Z [1A[2KChrome Headless 135.0.0.0 (Linux x86_64): Executed 226 of 269 (53 FAILED) (0 secs / 1.515 secs)
2025-04-16T02:51:04.6689970Z [1A[2KChrome Headless 135.0.0.0 (Linux x86_64): Executed 227 of 269 (53 FAILED) (0 secs / 1.523 secs)
2025-04-16T02:51:04.6734655Z [1A[2KChrome Headless 135.0.0.0 (Linux x86_64): Executed 228 of 269 (53 FAILED) (0 secs / 1.525 secs)
2025-04-16T02:51:04.6761011Z [1A[2KChrome Headless 135.0.0.0 (Linux x86_64): Executed 229 of 269 (53 FAILED) (0 secs / 1.527 secs)
2025-04-16T02:51:04.6788781Z [1A[2KChrome Headless 135.0.0.0 (Linux x86_64): Executed 230 of 269 (53 FAILED) (0 secs / 1.53 secs)
2025-04-16T02:51:04.6821304Z [1A[2KChrome Headless 135.0.0.0 (Linux x86_64): Executed 231 of 269 (53 FAILED) (0 secs / 1.533 secs)
2025-04-16T02:51:04.6847486Z [1A[2KChrome Headless 135.0.0.0 (Linux x86_64): Executed 232 of 269 (53 FAILED) (0 secs / 1.536 secs)
2025-04-16T02:51:04.6884566Z [1A[2KChrome Headless 135.0.0.0 (Linux x86_64): Executed 233 of 269 (53 FAILED) (0 secs / 1.538 secs)
2025-04-16T02:51:04.6915022Z [1A[2KChrome Headless 135.0.0.0 (Linux x86_64): Executed 234 of 269 (53 FAILED) (0 secs / 1.54 secs)
2025-04-16T02:51:04.6961114Z [1A[2KChrome Headless 135.0.0.0 (Linux x86_64): Executed 235 of 269 (53 FAILED) (0 secs / 1.544 secs)
2025-04-16T02:51:04.6993859Z [1A[2KChrome Headless 135.0.0.0 (Linux x86_64): Executed 236 of 269 (53 FAILED) (0 secs / 1.547 secs)
2025-04-16T02:51:04.7046128Z [1A[2KChrome Headless 135.0.0.0 (Linux x86_64): Executed 237 of 269 (53 FAILED) (0 secs / 1.551 secs)
2025-04-16T02:51:04.7113282Z [1A[2KChrome Headless 135.0.0.0 (Linux x86_64): Executed 238 of 269 (53 FAILED) (0 secs / 1.557 secs)
2025-04-16T02:51:04.7150334Z [1A[2KChrome Headless 135.0.0.0 (Linux x86_64): Executed 239 of 269 (53 FAILED) (0 secs / 1.561 secs)
2025-04-16T02:51:04.7198789Z [1A[2KChrome Headless 135.0.0.0 (Linux x86_64): Executed 240 of 269 (53 FAILED) (0 secs / 1.566 secs)
2025-04-16T02:51:04.7285356Z [1A[2KChrome Headless 135.0.0.0 (Linux x86_64): Executed 241 of 269 (53 FAILED) (0 secs / 1.57 secs)
2025-04-16T02:51:04.7315714Z [1A[2KChrome Headless 135.0.0.0 (Linux x86_64): Executed 242 of 269 (53 FAILED) (0 secs / 1.577 secs)
2025-04-16T02:51:04.7766842Z [33m16 04 2025 02:51:04.775:WARN [web-server]: [39m404: /_karma_webpack_/safe-url
2025-04-16T02:51:04.7881492Z [1A[2KChrome Headless 135.0.0.0 (Linux x86_64): Executed 243 of 269 (53 FAILED) (0 secs / 1.581 secs)
2025-04-16T02:51:04.7900969Z [33m16 04 2025 02:51:04.789:WARN [web-server]: [39m404: /_karma_webpack_/safe-url
2025-04-16T02:51:04.7957887Z [1A[2KChrome Headless 135.0.0.0 (Linux x86_64): Executed 244 of 269 (53 FAILED) (0 secs / 1.586 secs)
2025-04-16T02:51:04.7991534Z [1A[2KChrome Headless 135.0.0.0 (Linux x86_64): Executed 245 of 269 (53 FAILED) (0 secs / 1.589 secs)
2025-04-16T02:51:04.8051021Z [1A[2KChrome Headless 135.0.0.0 (Linux x86_64): Executed 246 of 269 (53 FAILED) (0 secs / 1.593 secs)
2025-04-16T02:51:04.8093919Z [1A[2KChrome Headless 135.0.0.0 (Linux x86_64): Executed 247 of 269 (53 FAILED) (0 secs / 1.597 secs)
2025-04-16T02:51:04.8125740Z [1A[2KChrome Headless 135.0.0.0 (Linux x86_64): Executed 248 of 269 (53 FAILED) (0 secs / 1.6 secs)
2025-04-16T02:51:04.8163766Z [1A[2KChrome Headless 135.0.0.0 (Linux x86_64): Executed 249 of 269 (53 FAILED) (0 secs / 1.603 secs)
2025-04-16T02:51:04.8233583Z [1A[2KChrome Headless 135.0.0.0 (Linux x86_64): Executed 250 of 269 (53 FAILED) (0 secs / 1.607 secs)
2025-04-16T02:51:04.8264469Z [1A[2KChrome Headless 135.0.0.0 (Linux x86_64): Executed 251 of 269 (53 FAILED) (0 secs / 1.611 secs)
2025-04-16T02:51:04.8305041Z [1A[2KChrome Headless 135.0.0.0 (Linux x86_64): Executed 252 of 269 (53 FAILED) (0 secs / 1.614 secs)
2025-04-16T02:51:04.8341287Z [1A[2KChrome Headless 135.0.0.0 (Linux x86_64): Executed 253 of 269 (53 FAILED) (0 secs / 1.617 secs)
2025-04-16T02:51:04.8389938Z [1A[2KChrome Headless 135.0.0.0 (Linux x86_64): Executed 254 of 269 (53 FAILED) (0 secs / 1.62 secs)
2025-04-16T02:51:04.8425841Z [1A[2KChrome Headless 135.0.0.0 (Linux x86_64): Executed 255 of 269 (53 FAILED) (0 secs / 1.623 secs)
2025-04-16T02:51:04.8492911Z [1A[2KChrome Headless 135.0.0.0 (Linux x86_64): Executed 256 of 269 (53 FAILED) (0 secs / 1.63 secs)
2025-04-16T02:51:04.8539718Z [1A[2KChrome Headless 135.0.0.0 (Linux x86_64): Executed 257 of 269 (53 FAILED) (0 secs / 1.633 secs)
2025-04-16T02:51:04.8569848Z [1A[2KERROR: 'Invalid media URL:', 'https://example.com/image1.jpg'
2025-04-16T02:51:04.8582474Z Chrome Headless 135.0.0.0 (Linux x86_64): Executed 257 of 269 (53 FAILED) (0 secs / 1.633 secs)
2025-04-16T02:51:04.8586509Z ERROR: 'Invalid media URL:', 'https://example.com/image1.jpg'
2025-04-16T02:51:04.8588134Z [1A[2KChrome Headless 135.0.0.0 (Linux x86_64): Executed 258 of 269 (53 FAILED) (0 secs / 1.636 secs)
2025-04-16T02:51:04.8615294Z [1A[2KChrome Headless 135.0.0.0 (Linux x86_64): Executed 259 of 269 (53 FAILED) (0 secs / 1.639 secs)
2025-04-16T02:51:04.8648428Z [1A[2KChrome Headless 135.0.0.0 (Linux x86_64): Executed 260 of 269 (53 FAILED) (0 secs / 1.643 secs)
2025-04-16T02:51:04.8677872Z [1A[2KChrome Headless 135.0.0.0 (Linux x86_64): Executed 261 of 269 (53 FAILED) (0 secs / 1.645 secs)
2025-04-16T02:51:04.8718407Z [1A[2KChrome Headless 135.0.0.0 (Linux x86_64): Executed 262 of 269 (53 FAILED) (0 secs / 1.648 secs)
2025-04-16T02:51:04.8751648Z [1A[2KChrome Headless 135.0.0.0 (Linux x86_64): Executed 263 of 269 (53 FAILED) (0 secs / 1.65 secs)
2025-04-16T02:51:04.8774725Z [1A[2KChrome Headless 135.0.0.0 (Linux x86_64): Executed 264 of 269 (53 FAILED) (0 secs / 1.653 secs)
2025-04-16T02:51:04.8797097Z [1A[2KChrome Headless 135.0.0.0 (Linux x86_64): Executed 265 of 269 (53 FAILED) (0 secs / 1.655 secs)
2025-04-16T02:51:04.8819057Z [1A[2KChrome Headless 135.0.0.0 (Linux x86_64): Executed 266 of 269 (53 FAILED) (0 secs / 1.657 secs)
2025-04-16T02:51:04.8845092Z [1A[2KChrome Headless 135.0.0.0 (Linux x86_64): Executed 267 of 269 (53 FAILED) (0 secs / 1.659 secs)
2025-04-16T02:51:04.8881428Z [1A[2KChrome Headless 135.0.0.0 (Linux x86_64): Executed 268 of 269 (53 FAILED) (0 secs / 1.661 secs)
2025-04-16T02:51:04.8908838Z [1A[2KChrome Headless 135.0.0.0 (Linux x86_64): Executed 269 of 269 (53 FAILED) (0 secs / 1.664 secs)
2025-04-16T02:51:04.8970056Z [1A[2KChrome Headless 135.0.0.0 (Linux x86_64): Executed 269 of 269 (53 FAILED) (2.109 secs / 1.664 secs)
2025-04-16T02:51:04.8985706Z TOTAL: 53 FAILED, 216 SUCCESS
2025-04-16T02:51:04.9007381Z âœ” Browser application bundle generation complete.
2025-04-16T02:51:05.0418864Z âœ” Browser application bundle generation complete.
2025-04-16T02:51:05.4104806Z npm error Lifecycle script `test` failed with error:
2025-04-16T02:51:05.4106434Z npm error code 1
2025-04-16T02:51:05.4107216Z npm error path /home/runner/work/date-night-app2/date-night-app2/client-angular
2025-04-16T02:51:05.4109092Z npm error workspace client-angular@0.0.0
2025-04-16T02:51:05.4110057Z npm error location /home/runner/work/date-night-app2/date-night-app2/client-angular
2025-04-16T02:51:05.4120569Z npm error command failed
2025-04-16T02:51:05.4121478Z npm error command sh -c ng test client-angular --watch=false --browsers=ChromeHeadless
2025-04-16T02:51:05.4189940Z ##[error]Process completed with exit code 1.
2025-04-16T02:51:05.4260854Z ##[group]Run actions/upload-artifact@v4
2025-04-16T02:51:05.4261137Z with:
2025-04-16T02:51:05.4261304Z   name: test-results
2025-04-16T02:51:05.4261510Z   path: ./client-angular/coverage
2025-04-16T02:51:05.4261744Z   if-no-files-found: warn
2025-04-16T02:51:05.4261948Z   compression-level: 6
2025-04-16T02:51:05.4262415Z   overwrite: false
2025-04-16T02:51:05.4262615Z   include-hidden-files: false
2025-04-16T02:51:05.4262835Z ##[endgroup]
2025-04-16T02:51:05.6529604Z ##[warning]No files were found with the provided path: ./client-angular/coverage. No artifacts will be uploaded.
2025-04-16T02:51:05.6664450Z Post job cleanup.
2025-04-16T02:51:05.7635329Z [command]/usr/bin/git version
2025-04-16T02:51:05.7676346Z git version 2.49.0
2025-04-16T02:51:05.7723060Z Temporarily overriding HOME='/home/runner/work/_temp/7cdb7510-8a69-40da-a1ba-d83aed15af58' before making global git config changes
2025-04-16T02:51:05.7724764Z Adding repository directory to the temporary git global config as a safe directory
2025-04-16T02:51:05.7730441Z [command]/usr/bin/git config --global --add safe.directory /home/runner/work/date-night-app2/date-night-app2
2025-04-16T02:51:05.7774969Z [command]/usr/bin/git config --local --name-only --get-regexp core\.sshCommand
2025-04-16T02:51:05.7812463Z [command]/usr/bin/git submodule foreach --recursive sh -c "git config --local --name-only --get-regexp 'core\.sshCommand' && git config --local --unset-all 'core.sshCommand' || :"
2025-04-16T02:51:05.8057224Z [command]/usr/bin/git config --local --name-only --get-regexp http\.https\:\/\/github\.com\/\.extraheader
2025-04-16T02:51:05.8081258Z http.https://github.com/.extraheader
2025-04-16T02:51:05.8097298Z [command]/usr/bin/git config --local --unset-all http.https://github.com/.extraheader
2025-04-16T02:51:05.8133539Z [command]/usr/bin/git submodule foreach --recursive sh -c "git config --local --name-only --get-regexp 'http\.https\:\/\/github\.com\/\.extraheader' && git config --local --unset-all 'http.https://github.com/.extraheader' || :"
2025-04-16T02:51:05.8491869Z Cleaning up orphan processes
