2025-04-16T08:09:18.4589662Z Current runner version: '2.323.0'
2025-04-16T08:09:18.4616974Z ##[group]Operating System
2025-04-16T08:09:18.4617736Z Ubuntu
2025-04-16T08:09:18.4618517Z 24.04.2
2025-04-16T08:09:18.4619122Z LTS
2025-04-16T08:09:18.4619614Z ##[endgroup]
2025-04-16T08:09:18.4620140Z ##[group]Runner Image
2025-04-16T08:09:18.4620673Z Image: ubuntu-24.04
2025-04-16T08:09:18.4621268Z Version: 20250406.1.0
2025-04-16T08:09:18.4622247Z Included Software: https://github.com/actions/runner-images/blob/ubuntu24/20250406.1/images/ubuntu/Ubuntu2404-Readme.md
2025-04-16T08:09:18.4623602Z Image Release: https://github.com/actions/runner-images/releases/tag/ubuntu24%2F20250406.1
2025-04-16T08:09:18.4624561Z ##[endgroup]
2025-04-16T08:09:18.4625037Z ##[group]Runner Image Provisioner
2025-04-16T08:09:18.4625618Z 2.0.422.1
2025-04-16T08:09:18.4626104Z ##[endgroup]
2025-04-16T08:09:18.4627136Z ##[group]GITHUB_TOKEN Permissions
2025-04-16T08:09:18.4629354Z Contents: read
2025-04-16T08:09:18.4629921Z Metadata: read
2025-04-16T08:09:18.4630551Z Packages: read
2025-04-16T08:09:18.4631190Z ##[endgroup]
2025-04-16T08:09:18.4633157Z Secret source: Actions
2025-04-16T08:09:18.4633852Z Prepare workflow directory
2025-04-16T08:09:18.4959945Z Prepare all required actions
2025-04-16T08:09:18.5020724Z Getting action download info
2025-04-16T08:09:19.1368792Z ##[group]Download immutable action package 'actions/checkout@v4'
2025-04-16T08:09:19.1369782Z Version: 4.2.2
2025-04-16T08:09:19.1370889Z Digest: sha256:ccb2698953eaebd21c7bf6268a94f9c26518a7e38e27e0b83c1fe1ad049819b1
2025-04-16T08:09:19.1372031Z Source commit SHA: 11bd71901bbe5b1630ceea73d27597364c9af683
2025-04-16T08:09:19.1372698Z ##[endgroup]
2025-04-16T08:09:19.2507338Z ##[group]Download immutable action package 'actions/setup-node@v4'
2025-04-16T08:09:19.2508147Z Version: 4.4.0
2025-04-16T08:09:19.2509246Z Digest: sha256:9427cefe82346e992fb5b949e3569b39d537ae41aa3086483b14eceebfc16bc1
2025-04-16T08:09:19.2510224Z Source commit SHA: 49933ea5288caeca8642d1e84afbd3f7d6820020
2025-04-16T08:09:19.2510937Z ##[endgroup]
2025-04-16T08:09:19.6649879Z Complete job name: lint (22.x)
2025-04-16T08:09:19.7216471Z ##[group]Run actions/checkout@v4
2025-04-16T08:09:19.7217276Z with:
2025-04-16T08:09:19.7217670Z   repository: mrkurger/date-night-app2
2025-04-16T08:09:19.7218501Z   token: ***
2025-04-16T08:09:19.7218886Z   ssh-strict: true
2025-04-16T08:09:19.7219255Z   ssh-user: git
2025-04-16T08:09:19.7219653Z   persist-credentials: true
2025-04-16T08:09:19.7220078Z   clean: true
2025-04-16T08:09:19.7220478Z   sparse-checkout-cone-mode: true
2025-04-16T08:09:19.7220948Z   fetch-depth: 1
2025-04-16T08:09:19.7221324Z   fetch-tags: false
2025-04-16T08:09:19.7221710Z   show-progress: true
2025-04-16T08:09:19.7222108Z   lfs: false
2025-04-16T08:09:19.7222462Z   submodules: false
2025-04-16T08:09:19.7222845Z   set-safe-directory: true
2025-04-16T08:09:19.7223499Z ##[endgroup]
2025-04-16T08:09:19.9914034Z Syncing repository: mrkurger/date-night-app2
2025-04-16T08:09:19.9916147Z ##[group]Getting Git version info
2025-04-16T08:09:19.9917194Z Working directory is '/home/runner/work/date-night-app2/date-night-app2'
2025-04-16T08:09:19.9919315Z [command]/usr/bin/git version
2025-04-16T08:09:19.9982447Z git version 2.49.0
2025-04-16T08:09:20.0019532Z ##[endgroup]
2025-04-16T08:09:20.0032990Z Temporarily overriding HOME='/home/runner/work/_temp/67e135f1-9279-4e8b-8fb8-2b7863be2578' before making global git config changes
2025-04-16T08:09:20.0037332Z Adding repository directory to the temporary git global config as a safe directory
2025-04-16T08:09:20.0051067Z [command]/usr/bin/git config --global --add safe.directory /home/runner/work/date-night-app2/date-night-app2
2025-04-16T08:09:20.0093263Z Deleting the contents of '/home/runner/work/date-night-app2/date-night-app2'
2025-04-16T08:09:20.0098150Z ##[group]Initializing the repository
2025-04-16T08:09:20.0103551Z [command]/usr/bin/git init /home/runner/work/date-night-app2/date-night-app2
2025-04-16T08:09:20.0196988Z hint: Using 'master' as the name for the initial branch. This default branch name
2025-04-16T08:09:20.0200248Z hint: is subject to change. To configure the initial branch name to use in all
2025-04-16T08:09:20.0201827Z hint: of your new repositories, which will suppress this warning, call:
2025-04-16T08:09:20.0202983Z hint:
2025-04-16T08:09:20.0205338Z hint: 	git config --global init.defaultBranch <name>
2025-04-16T08:09:20.0208820Z hint:
2025-04-16T08:09:20.0210035Z hint: Names commonly chosen instead of 'master' are 'main', 'trunk' and
2025-04-16T08:09:20.0211976Z hint: 'development'. The just-created branch can be renamed via this command:
2025-04-16T08:09:20.0213464Z hint:
2025-04-16T08:09:20.0214251Z hint: 	git branch -m <name>
2025-04-16T08:09:20.0216196Z Initialized empty Git repository in /home/runner/work/date-night-app2/date-night-app2/.git/
2025-04-16T08:09:20.0223738Z [command]/usr/bin/git remote add origin https://github.com/mrkurger/date-night-app2
2025-04-16T08:09:20.0266596Z ##[endgroup]
2025-04-16T08:09:20.0270362Z ##[group]Disabling automatic garbage collection
2025-04-16T08:09:20.0273440Z [command]/usr/bin/git config --local gc.auto 0
2025-04-16T08:09:20.0305359Z ##[endgroup]
2025-04-16T08:09:20.0308380Z ##[group]Setting up auth
2025-04-16T08:09:20.0312518Z [command]/usr/bin/git config --local --name-only --get-regexp core\.sshCommand
2025-04-16T08:09:20.0346776Z [command]/usr/bin/git submodule foreach --recursive sh -c "git config --local --name-only --get-regexp 'core\.sshCommand' && git config --local --unset-all 'core.sshCommand' || :"
2025-04-16T08:09:20.0704515Z [command]/usr/bin/git config --local --name-only --get-regexp http\.https\:\/\/github\.com\/\.extraheader
2025-04-16T08:09:20.0738673Z [command]/usr/bin/git submodule foreach --recursive sh -c "git config --local --name-only --get-regexp 'http\.https\:\/\/github\.com\/\.extraheader' && git config --local --unset-all 'http.https://github.com/.extraheader' || :"
2025-04-16T08:09:20.0976111Z [command]/usr/bin/git config --local http.https://github.com/.extraheader AUTHORIZATION: basic ***
2025-04-16T08:09:20.1024457Z ##[endgroup]
2025-04-16T08:09:20.1027953Z ##[group]Fetching the repository
2025-04-16T08:09:20.1036269Z [command]/usr/bin/git -c protocol.version=2 fetch --no-tags --prune --no-recurse-submodules --depth=1 origin +76d0d09280964e93aac0fad1d82ea0b966adc58e:refs/remotes/origin/main
2025-04-16T08:09:22.8370933Z From https://github.com/mrkurger/date-night-app2
2025-04-16T08:09:22.8372448Z  * [new ref]         76d0d09280964e93aac0fad1d82ea0b966adc58e -> origin/main
2025-04-16T08:09:22.8405437Z ##[endgroup]
2025-04-16T08:09:22.8406670Z ##[group]Determining the checkout info
2025-04-16T08:09:22.8407891Z ##[endgroup]
2025-04-16T08:09:22.8414583Z [command]/usr/bin/git sparse-checkout disable
2025-04-16T08:09:22.8461953Z [command]/usr/bin/git config --local --unset-all extensions.worktreeConfig
2025-04-16T08:09:22.8498567Z ##[group]Checking out the ref
2025-04-16T08:09:22.8504474Z [command]/usr/bin/git checkout --progress --force -B main refs/remotes/origin/main
2025-04-16T08:09:23.2841932Z Switched to a new branch 'main'
2025-04-16T08:09:23.2845435Z branch 'main' set up to track 'origin/main'.
2025-04-16T08:09:23.2862837Z ##[endgroup]
2025-04-16T08:09:23.2910436Z [command]/usr/bin/git log -1 --format=%H
2025-04-16T08:09:23.2945302Z 76d0d09280964e93aac0fad1d82ea0b966adc58e
2025-04-16T08:09:23.3198965Z ##[group]Run actions/setup-node@v4
2025-04-16T08:09:23.3199277Z with:
2025-04-16T08:09:23.3199454Z   node-version: 22.x
2025-04-16T08:09:23.3199650Z   cache: npm
2025-04-16T08:09:23.3199902Z   cache-dependency-path: client-angular/package-lock.json
2025-04-16T08:09:23.3200218Z   always-auth: false
2025-04-16T08:09:23.3200417Z   check-latest: false
2025-04-16T08:09:23.3200731Z   token: ***
2025-04-16T08:09:23.3200930Z ##[endgroup]
2025-04-16T08:09:23.4971633Z Found in cache @ /opt/hostedtoolcache/node/22.14.0/x64
2025-04-16T08:09:23.4975282Z ##[group]Environment details
2025-04-16T08:09:23.9549507Z node: v22.14.0
2025-04-16T08:09:23.9550359Z npm: 10.9.2
2025-04-16T08:09:23.9551685Z yarn: 1.22.22
2025-04-16T08:09:23.9553199Z ##[endgroup]
2025-04-16T08:09:23.9577666Z [command]/opt/hostedtoolcache/node/22.14.0/x64/bin/npm config get cache
2025-04-16T08:09:24.1000188Z /home/runner/.npm
2025-04-16T08:09:24.4172892Z Cache hit for: node-cache-Linux-x64-npm-eed186788acb99c392cc79891935d042040413390720b7932c16d8b7ca478e8b
2025-04-16T08:09:25.7330399Z Received 0 of 69351304 (0.0%), 0.0 MBs/sec
2025-04-16T08:09:26.5917070Z Received 69351304 of 69351304 (100.0%), 35.6 MBs/sec
2025-04-16T08:09:26.5919547Z Cache Size: ~66 MB (69351304 B)
2025-04-16T08:09:26.6097952Z [command]/usr/bin/tar -xf /home/runner/work/_temp/bc59cc8b-e215-4b24-8061-ef2f88c1f193/cache.tzst -P -C /home/runner/work/date-night-app2/date-night-app2 --use-compress-program unzstd
2025-04-16T08:09:26.9208535Z Cache restored successfully
2025-04-16T08:09:26.9372162Z Cache restored from key: node-cache-Linux-x64-npm-eed186788acb99c392cc79891935d042040413390720b7932c16d8b7ca478e8b
2025-04-16T08:09:26.9527401Z ##[group]Run npm ci
2025-04-16T08:09:26.9527671Z [36;1mnpm ci[0m
2025-04-16T08:09:26.9580311Z shell: /usr/bin/bash -e {0}
2025-04-16T08:09:26.9580551Z ##[endgroup]
2025-04-16T08:09:32.1521754Z npm warn deprecated inflight@1.0.6: This module is not supported, and leaks memory. Do not use it. Check out lru-cache if you want a good and tested way to coalesce async requests by a key value, which is much more comprehensive and powerful.
2025-04-16T08:09:32.4809920Z npm warn deprecated rimraf@3.0.2: Rimraf versions prior to v4 are no longer supported
2025-04-16T08:09:32.5008447Z npm warn deprecated abab@2.0.6: Use your platform's native atob() and btoa() methods instead
2025-04-16T08:09:32.6770874Z npm warn deprecated glob@7.2.3: Glob versions prior to v9 are no longer supported
2025-04-16T08:09:32.8588150Z npm warn deprecated domexception@4.0.0: Use your platform's native DOMException instead
2025-04-16T08:09:33.8115844Z npm warn deprecated @humanwhocodes/object-schema@2.0.3: Use @eslint/object-schema instead
2025-04-16T08:09:33.9087487Z npm warn deprecated @humanwhocodes/config-array@0.11.14: Use @eslint/config-array instead
2025-04-16T08:09:37.5234253Z npm warn deprecated eslint@8.56.0: This version is no longer supported. Please see https://eslint.org/version-support for other options.
2025-04-16T08:09:51.8647764Z 
2025-04-16T08:09:51.8650347Z > date-night-app@1.0.0 prepare
2025-04-16T08:09:51.8656690Z > husky
2025-04-16T08:09:51.8659141Z 
2025-04-16T08:09:51.8794931Z sh: 1: husky: not found
2025-04-16T08:09:51.8826718Z npm error code 127
2025-04-16T08:09:51.8831976Z npm error path /home/runner/work/date-night-app2/date-night-app2
2025-04-16T08:09:51.8832989Z npm error command failed
2025-04-16T08:09:51.8835686Z npm error command sh -c husky
2025-04-16T08:09:51.8841944Z npm error A complete log of this run can be found in: /home/runner/.npm/_logs/2025-04-16T08_09_27_018Z-debug-0.log
2025-04-16T08:09:51.9797583Z ##[error]Process completed with exit code 127.
2025-04-16T08:09:51.9975135Z Post job cleanup.
2025-04-16T08:09:52.0911514Z [command]/usr/bin/git version
2025-04-16T08:09:52.0951415Z git version 2.49.0
2025-04-16T08:09:52.0996153Z Temporarily overriding HOME='/home/runner/work/_temp/9a0cd47e-34d5-43d6-a8d3-25315c270150' before making global git config changes
2025-04-16T08:09:52.0997846Z Adding repository directory to the temporary git global config as a safe directory
2025-04-16T08:09:52.1003610Z [command]/usr/bin/git config --global --add safe.directory /home/runner/work/date-night-app2/date-night-app2
2025-04-16T08:09:52.1046913Z [command]/usr/bin/git config --local --name-only --get-regexp core\.sshCommand
2025-04-16T08:09:52.1084318Z [command]/usr/bin/git submodule foreach --recursive sh -c "git config --local --name-only --get-regexp 'core\.sshCommand' && git config --local --unset-all 'core.sshCommand' || :"
2025-04-16T08:09:52.1339478Z [command]/usr/bin/git config --local --name-only --get-regexp http\.https\:\/\/github\.com\/\.extraheader
2025-04-16T08:09:52.1364205Z http.https://github.com/.extraheader
2025-04-16T08:09:52.1377243Z [command]/usr/bin/git config --local --unset-all http.https://github.com/.extraheader
2025-04-16T08:09:52.1412504Z [command]/usr/bin/git submodule foreach --recursive sh -c "git config --local --name-only --get-regexp 'http\.https\:\/\/github\.com\/\.extraheader' && git config --local --unset-all 'http.https://github.com/.extraheader' || :"
2025-04-16T08:09:52.1749628Z Cleaning up orphan processes
