2025-04-16T01:47:20.9568934Z Current runner version: '2.323.0'
2025-04-16T01:47:20.9601843Z ##[group]Operating System
2025-04-16T01:47:20.9602981Z Ubuntu
2025-04-16T01:47:20.9603769Z 24.04.2
2025-04-16T01:47:20.9604612Z LTS
2025-04-16T01:47:20.9605430Z ##[endgroup]
2025-04-16T01:47:20.9606285Z ##[group]Runner Image
2025-04-16T01:47:20.9607351Z Image: ubuntu-24.04
2025-04-16T01:47:20.9608446Z Version: 20250406.1.0
2025-04-16T01:47:20.9610206Z Included Software: https://github.com/actions/runner-images/blob/ubuntu24/20250406.1/images/ubuntu/Ubuntu2404-Readme.md
2025-04-16T01:47:20.9612895Z Image Release: https://github.com/actions/runner-images/releases/tag/ubuntu24%2F20250406.1
2025-04-16T01:47:20.9614479Z ##[endgroup]
2025-04-16T01:47:20.9615350Z ##[group]Runner Image Provisioner
2025-04-16T01:47:20.9616359Z 2.0.422.1
2025-04-16T01:47:20.9617150Z ##[endgroup]
2025-04-16T01:47:20.9619225Z ##[group]GITHUB_TOKEN Permissions
2025-04-16T01:47:20.9622017Z Contents: read
2025-04-16T01:47:20.9622820Z Metadata: read
2025-04-16T01:47:20.9624033Z Packages: read
2025-04-16T01:47:20.9624938Z ##[endgroup]
2025-04-16T01:47:20.9627909Z Secret source: Actions
2025-04-16T01:47:20.9629420Z Prepare workflow directory
2025-04-16T01:47:21.0151129Z Prepare all required actions
2025-04-16T01:47:21.0208109Z Getting action download info
2025-04-16T01:47:21.6160944Z ##[group]Download immutable action package 'actions/checkout@v4'
2025-04-16T01:47:21.6161858Z Version: 4.2.2
2025-04-16T01:47:21.6163179Z Digest: sha256:ccb2698953eaebd21c7bf6268a94f9c26518a7e38e27e0b83c1fe1ad049819b1
2025-04-16T01:47:21.6164324Z Source commit SHA: 11bd71901bbe5b1630ceea73d27597364c9af683
2025-04-16T01:47:21.6165026Z ##[endgroup]
2025-04-16T01:47:21.7046871Z ##[group]Download immutable action package 'actions/setup-node@v4'
2025-04-16T01:47:21.7048020Z Version: 4.4.0
2025-04-16T01:47:21.7048751Z Digest: sha256:9427cefe82346e992fb5b949e3569b39d537ae41aa3086483b14eceebfc16bc1
2025-04-16T01:47:21.7049684Z Source commit SHA: 49933ea5288caeca8642d1e84afbd3f7d6820020
2025-04-16T01:47:21.7050456Z ##[endgroup]
2025-04-16T01:47:22.0135373Z ##[group]Download immutable action package 'actions/upload-artifact@v4'
2025-04-16T01:47:22.0136185Z Version: 4.6.2
2025-04-16T01:47:22.0136928Z Digest: sha256:290722aa3281d5caf23d0acdc3dbeb3424786a1a01a9cc97e72f147225e37c38
2025-04-16T01:47:22.0138732Z Source commit SHA: ea165f8d65b6e75b540449e92b4886f43607fa02
2025-04-16T01:47:22.0139793Z ##[endgroup]
2025-04-16T01:47:22.2302398Z Complete job name: test (22.x)
2025-04-16T01:47:22.2859517Z ##[group]Run actions/checkout@v4
2025-04-16T01:47:22.2860317Z with:
2025-04-16T01:47:22.2860714Z   repository: mrkurger/date-night-app2
2025-04-16T01:47:22.2861359Z   token: ***
2025-04-16T01:47:22.2861729Z   ssh-strict: true
2025-04-16T01:47:22.2862102Z   ssh-user: git
2025-04-16T01:47:22.2862491Z   persist-credentials: true
2025-04-16T01:47:22.2862913Z   clean: true
2025-04-16T01:47:22.2863308Z   sparse-checkout-cone-mode: true
2025-04-16T01:47:22.2863780Z   fetch-depth: 1
2025-04-16T01:47:22.2864167Z   fetch-tags: false
2025-04-16T01:47:22.2864580Z   show-progress: true
2025-04-16T01:47:22.2864973Z   lfs: false
2025-04-16T01:47:22.2865322Z   submodules: false
2025-04-16T01:47:22.2865717Z   set-safe-directory: true
2025-04-16T01:47:22.2866340Z ##[endgroup]
2025-04-16T01:47:22.4586339Z Syncing repository: mrkurger/date-night-app2
2025-04-16T01:47:22.4589310Z ##[group]Getting Git version info
2025-04-16T01:47:22.4590655Z Working directory is '/home/runner/work/date-night-app2/date-night-app2'
2025-04-16T01:47:22.4592552Z [command]/usr/bin/git version
2025-04-16T01:47:22.4663154Z git version 2.49.0
2025-04-16T01:47:22.4694065Z ##[endgroup]
2025-04-16T01:47:22.4720570Z Temporarily overriding HOME='/home/runner/work/_temp/d5ba4376-3351-4f85-ae5d-64399156cb69' before making global git config changes
2025-04-16T01:47:22.4724490Z Adding repository directory to the temporary git global config as a safe directory
2025-04-16T01:47:22.4726561Z [command]/usr/bin/git config --global --add safe.directory /home/runner/work/date-night-app2/date-night-app2
2025-04-16T01:47:22.4763054Z Deleting the contents of '/home/runner/work/date-night-app2/date-night-app2'
2025-04-16T01:47:22.4768506Z ##[group]Initializing the repository
2025-04-16T01:47:22.4773184Z [command]/usr/bin/git init /home/runner/work/date-night-app2/date-night-app2
2025-04-16T01:47:22.4834599Z hint: Using 'master' as the name for the initial branch. This default branch name
2025-04-16T01:47:22.4836341Z hint: is subject to change. To configure the initial branch name to use in all
2025-04-16T01:47:22.4837485Z hint: of your new repositories, which will suppress this warning, call:
2025-04-16T01:47:22.4838821Z hint:
2025-04-16T01:47:22.4839580Z hint: 	git config --global init.defaultBranch <name>
2025-04-16T01:47:22.4840524Z hint:
2025-04-16T01:47:22.4841354Z hint: Names commonly chosen instead of 'master' are 'main', 'trunk' and
2025-04-16T01:47:22.4842800Z hint: 'development'. The just-created branch can be renamed via this command:
2025-04-16T01:47:22.4844074Z hint:
2025-04-16T01:47:22.4844789Z hint: 	git branch -m <name>
2025-04-16T01:47:22.4847285Z Initialized empty Git repository in /home/runner/work/date-night-app2/date-night-app2/.git/
2025-04-16T01:47:22.4856446Z [command]/usr/bin/git remote add origin https://github.com/mrkurger/date-night-app2
2025-04-16T01:47:22.4892394Z ##[endgroup]
2025-04-16T01:47:22.4895112Z ##[group]Disabling automatic garbage collection
2025-04-16T01:47:22.4897495Z [command]/usr/bin/git config --local gc.auto 0
2025-04-16T01:47:22.4930406Z ##[endgroup]
2025-04-16T01:47:22.4933079Z ##[group]Setting up auth
2025-04-16T01:47:22.4937950Z [command]/usr/bin/git config --local --name-only --get-regexp core\.sshCommand
2025-04-16T01:47:22.4971513Z [command]/usr/bin/git submodule foreach --recursive sh -c "git config --local --name-only --get-regexp 'core\.sshCommand' && git config --local --unset-all 'core.sshCommand' || :"
2025-04-16T01:47:22.5260813Z [command]/usr/bin/git config --local --name-only --get-regexp http\.https\:\/\/github\.com\/\.extraheader
2025-04-16T01:47:22.5294670Z [command]/usr/bin/git submodule foreach --recursive sh -c "git config --local --name-only --get-regexp 'http\.https\:\/\/github\.com\/\.extraheader' && git config --local --unset-all 'http.https://github.com/.extraheader' || :"
2025-04-16T01:47:22.5528326Z [command]/usr/bin/git config --local http.https://github.com/.extraheader AUTHORIZATION: basic ***
2025-04-16T01:47:22.5580799Z ##[endgroup]
2025-04-16T01:47:22.5584061Z ##[group]Fetching the repository
2025-04-16T01:47:22.5591848Z [command]/usr/bin/git -c protocol.version=2 fetch --no-tags --prune --no-recurse-submodules --depth=1 origin +e08716c0076b6c4c5641feed0acb51c02aa7e5fd:refs/remotes/origin/main
2025-04-16T01:47:25.3875360Z From https://github.com/mrkurger/date-night-app2
2025-04-16T01:47:25.3876894Z  * [new ref]         e08716c0076b6c4c5641feed0acb51c02aa7e5fd -> origin/main
2025-04-16T01:47:25.3909006Z ##[endgroup]
2025-04-16T01:47:25.3909811Z ##[group]Determining the checkout info
2025-04-16T01:47:25.3910557Z ##[endgroup]
2025-04-16T01:47:25.3916273Z [command]/usr/bin/git sparse-checkout disable
2025-04-16T01:47:25.3957335Z [command]/usr/bin/git config --local --unset-all extensions.worktreeConfig
2025-04-16T01:47:25.3991615Z ##[group]Checking out the ref
2025-04-16T01:47:25.3993986Z [command]/usr/bin/git checkout --progress --force -B main refs/remotes/origin/main
2025-04-16T01:47:25.8280419Z Switched to a new branch 'main'
2025-04-16T01:47:25.8286128Z branch 'main' set up to track 'origin/main'.
2025-04-16T01:47:25.8303231Z ##[endgroup]
2025-04-16T01:47:25.8346258Z [command]/usr/bin/git log -1 --format=%H
2025-04-16T01:47:25.8369196Z e08716c0076b6c4c5641feed0acb51c02aa7e5fd
2025-04-16T01:47:25.8603601Z ##[group]Run actions/setup-node@v4
2025-04-16T01:47:25.8603924Z with:
2025-04-16T01:47:25.8604136Z   node-version: 22.x
2025-04-16T01:47:25.8604367Z   cache: npm
2025-04-16T01:47:25.8604655Z   cache-dependency-path: client-angular/package-lock.json
2025-04-16T01:47:25.8604989Z   always-auth: false
2025-04-16T01:47:25.8605222Z   check-latest: false
2025-04-16T01:47:25.8605784Z   token: ***
2025-04-16T01:47:25.8606015Z ##[endgroup]
2025-04-16T01:47:26.0320649Z Found in cache @ /opt/hostedtoolcache/node/22.14.0/x64
2025-04-16T01:47:26.0322957Z ##[group]Environment details
2025-04-16T01:47:26.4530380Z node: v22.14.0
2025-04-16T01:47:26.4541760Z npm: 10.9.2
2025-04-16T01:47:26.4542158Z yarn: 1.22.22
2025-04-16T01:47:26.4543276Z ##[endgroup]
2025-04-16T01:47:26.4559966Z [command]/opt/hostedtoolcache/node/22.14.0/x64/bin/npm config get cache
2025-04-16T01:47:26.5964874Z /home/runner/.npm
2025-04-16T01:47:26.8852455Z npm cache is not found
2025-04-16T01:47:26.8995073Z ##[group]Run npm ci
2025-04-16T01:47:26.8995348Z [36;1mnpm ci[0m
2025-04-16T01:47:26.9047375Z shell: /usr/bin/bash -e {0}
2025-04-16T01:47:26.9047799Z ##[endgroup]
2025-04-16T01:47:31.1069171Z npm warn deprecated rimraf@3.0.2: Rimraf versions prior to v4 are no longer supported
2025-04-16T01:47:32.7309519Z npm warn deprecated inflight@1.0.6: This module is not supported, and leaks memory. Do not use it. Check out lru-cache if you want a good and tested way to coalesce async requests by a key value, which is much more comprehensive and powerful.
2025-04-16T01:47:32.9584423Z npm warn deprecated glob@7.2.3: Glob versions prior to v9 are no longer supported
2025-04-16T01:47:33.4150665Z npm warn deprecated domexception@4.0.0: Use your platform's native DOMException instead
2025-04-16T01:47:33.9586640Z npm warn deprecated abab@2.0.6: Use your platform's native atob() and btoa() methods instead
2025-04-16T01:47:51.5792156Z 
2025-04-16T01:47:51.5793147Z added 1237 packages, and audited 1239 packages in 25s
2025-04-16T01:47:51.5793642Z 
2025-04-16T01:47:51.5793926Z 189 packages are looking for funding
2025-04-16T01:47:51.5794479Z   run `npm fund` for details
2025-04-16T01:47:51.5895088Z 
2025-04-16T01:47:51.5920803Z 3 moderate severity vulnerabilities
2025-04-16T01:47:51.5924818Z 
2025-04-16T01:47:51.5929028Z To address all issues (including breaking changes), run:
2025-04-16T01:47:51.5933212Z   npm audit fix --force
2025-04-16T01:47:51.5937025Z 
2025-04-16T01:47:51.5941040Z Run `npm audit` for details.
2025-04-16T01:47:51.6663159Z ##[group]Run npm test -- --watch=false --browsers=ChromeHeadless
2025-04-16T01:47:51.6663609Z [36;1mnpm test -- --watch=false --browsers=ChromeHeadless[0m
2025-04-16T01:47:51.6714484Z shell: /usr/bin/bash -e {0}
2025-04-16T01:47:51.6714721Z ##[endgroup]
2025-04-16T01:47:52.5319398Z 
2025-04-16T01:47:52.5338503Z > client-angular@0.0.0 test
2025-04-16T01:47:52.5339552Z > ng test client-angular --watch=false --browsers=ChromeHeadless
2025-04-16T01:47:52.5340388Z 
2025-04-16T01:47:54.4029186Z - Generating browser application bundles (phase: setup)...
2025-04-16T01:48:17.7503770Z âœ” Browser application bundle generation complete.
2025-04-16T01:48:17.7648130Z [1m[31m
2025-04-16T01:48:17.7662819Z Error: [96msrc/app/app.component.spec.ts[0m:[93m72[0m:[93m53[0m - [91merror[0m[90m TS2345: [0mArgument of type 'Observable<number>' is not assignable to parameter of type 'Observable<{ total: number; rooms: { [roomId: string]: number; }; }>'.
2025-04-16T01:48:17.7664961Z   Type 'number' is not assignable to type '{ total: number; rooms: { [roomId: string]: number; }; }'.
2025-04-16T01:48:17.7665562Z 
2025-04-16T01:48:17.7666207Z [7m72[0m     mockChatService.getUnreadCounts.and.returnValue(of(5));
2025-04-16T01:48:17.7667142Z [7m  [0m [91m                                                    ~~~~~[0m
2025-04-16T01:48:17.7667495Z 
2025-04-16T01:48:17.7667508Z 
2025-04-16T01:48:17.7669917Z Error: [96msrc/app/core/services/auth.service.spec.ts[0m:[93m25[0m:[93m9[0m - [91merror[0m[90m TS2739: [0mType '{ _id: string; id: string; username: string; email: string; role: "user"; }' is missing the following properties from type 'User': createdAt, updatedAt
2025-04-16T01:48:17.7671372Z 
2025-04-16T01:48:17.7671766Z [7m25[0m   const mockUser: User = {
2025-04-16T01:48:17.7672403Z [7m  [0m [91m        ~~~~~~~~[0m
2025-04-16T01:48:17.7672692Z 
2025-04-16T01:48:17.7673186Z 
2025-04-16T01:48:17.7673444Z [39m[22m
2025-04-16T01:48:17.7873343Z [32m16 04 2025 01:48:17.786:INFO [karma-server]: [39mKarma v6.4.4 server started at http://localhost:9876/
2025-04-16T01:48:17.7876663Z [32m16 04 2025 01:48:17.787:INFO [launcher]: [39mLaunching browsers ChromeHeadless with concurrency unlimited
2025-04-16T01:48:17.7885009Z [91m16 04 2025 01:48:17.787:ERROR [karma-server]: [39mError: Found 1 load error
2025-04-16T01:48:17.7887259Z     at Server.<anonymous> (/home/runner/work/date-night-app2/date-night-app2/node_modules/karma/lib/server.js:243:26)
2025-04-16T01:48:17.7888410Z     at Object.onceWrapper (node:events:632:28)
2025-04-16T01:48:17.7888991Z     at Server.emit (node:events:530:35)
2025-04-16T01:48:17.7889499Z     at emitListeningNT (node:net:1980:10)
2025-04-16T01:48:17.7890348Z     at process.processTicksAndRejections (node:internal/process/task_queues:89:21)
2025-04-16T01:48:17.7901673Z âœ” Browser application bundle generation complete.
2025-04-16T01:48:17.8000717Z âœ” Browser application bundle generation complete.
2025-04-16T01:48:18.3146358Z npm error Lifecycle script `test` failed with error:
2025-04-16T01:48:18.3148596Z npm error code 1
2025-04-16T01:48:18.3149342Z npm error path /home/runner/work/date-night-app2/date-night-app2/client-angular
2025-04-16T01:48:18.3155503Z npm error workspace client-angular@0.0.0
2025-04-16T01:48:18.3158337Z npm error location /home/runner/work/date-night-app2/date-night-app2/client-angular
2025-04-16T01:48:18.3159115Z npm error command failed
2025-04-16T01:48:18.3159929Z npm error command sh -c ng test client-angular --watch=false --browsers=ChromeHeadless
2025-04-16T01:48:18.3233992Z ##[error]Process completed with exit code 1.
2025-04-16T01:48:18.3301767Z ##[group]Run actions/upload-artifact@v4
2025-04-16T01:48:18.3302024Z with:
2025-04-16T01:48:18.3302191Z   name: test-results
2025-04-16T01:48:18.3302390Z   path: ./client-angular/coverage
2025-04-16T01:48:18.3302619Z   if-no-files-found: warn
2025-04-16T01:48:18.3302815Z   compression-level: 6
2025-04-16T01:48:18.3303024Z   overwrite: false
2025-04-16T01:48:18.3303204Z   include-hidden-files: false
2025-04-16T01:48:18.3303412Z ##[endgroup]
2025-04-16T01:48:18.5647706Z ##[warning]No files were found with the provided path: ./client-angular/coverage. No artifacts will be uploaded.
2025-04-16T01:48:18.5805523Z Post job cleanup.
2025-04-16T01:48:18.6736633Z [command]/usr/bin/git version
2025-04-16T01:48:18.6777157Z git version 2.49.0
2025-04-16T01:48:18.6824045Z Temporarily overriding HOME='/home/runner/work/_temp/a6d6b93a-838c-4da1-9eec-e6890a0f6319' before making global git config changes
2025-04-16T01:48:18.6826718Z Adding repository directory to the temporary git global config as a safe directory
2025-04-16T01:48:18.6840349Z [command]/usr/bin/git config --global --add safe.directory /home/runner/work/date-night-app2/date-night-app2
2025-04-16T01:48:18.6877849Z [command]/usr/bin/git config --local --name-only --get-regexp core\.sshCommand
2025-04-16T01:48:18.6914923Z [command]/usr/bin/git submodule foreach --recursive sh -c "git config --local --name-only --get-regexp 'core\.sshCommand' && git config --local --unset-all 'core.sshCommand' || :"
2025-04-16T01:48:18.7162048Z [command]/usr/bin/git config --local --name-only --get-regexp http\.https\:\/\/github\.com\/\.extraheader
2025-04-16T01:48:18.7185648Z http.https://github.com/.extraheader
2025-04-16T01:48:18.7200729Z [command]/usr/bin/git config --local --unset-all http.https://github.com/.extraheader
2025-04-16T01:48:18.7235102Z [command]/usr/bin/git submodule foreach --recursive sh -c "git config --local --name-only --get-regexp 'http\.https\:\/\/github\.com\/\.extraheader' && git config --local --unset-all 'http.https://github.com/.extraheader' || :"
2025-04-16T01:48:18.7734304Z Cleaning up orphan processes
