2025-04-17T02:26:03.2550022Z Current runner version: '2.323.0'
2025-04-17T02:26:03.2604706Z ##[group]Operating System
2025-04-17T02:26:03.2605793Z Ubuntu
2025-04-17T02:26:03.2606622Z 24.04.2
2025-04-17T02:26:03.2607402Z LTS
2025-04-17T02:26:03.2628588Z ##[endgroup]
2025-04-17T02:26:03.2629623Z ##[group]Runner Image
2025-04-17T02:26:03.2630551Z Image: ubuntu-24.04
2025-04-17T02:26:03.2631443Z Version: 20250413.1.0
2025-04-17T02:26:03.2633343Z Included Software: https://github.com/actions/runner-images/blob/ubuntu24/20250413.1/images/ubuntu/Ubuntu2404-Readme.md
2025-04-17T02:26:03.2635937Z Image Release: https://github.com/actions/runner-images/releases/tag/ubuntu24%2F20250413.1
2025-04-17T02:26:03.2637544Z ##[endgroup]
2025-04-17T02:26:03.2638749Z ##[group]Runner Image Provisioner
2025-04-17T02:26:03.2639747Z 2.0.422.1
2025-04-17T02:26:03.2640449Z ##[endgroup]
2025-04-17T02:26:03.2644842Z ##[group]GITHUB_TOKEN Permissions
2025-04-17T02:26:03.2647538Z Actions: write
2025-04-17T02:26:03.2669033Z Attestations: write
2025-04-17T02:26:03.2670203Z Checks: write
2025-04-17T02:26:03.2670970Z Contents: write
2025-04-17T02:26:03.2671829Z Deployments: write
2025-04-17T02:26:03.2672714Z Discussions: write
2025-04-17T02:26:03.2673614Z Issues: write
2025-04-17T02:26:03.2674506Z Metadata: read
2025-04-17T02:26:03.2675390Z Models: read
2025-04-17T02:26:03.2676270Z Packages: write
2025-04-17T02:26:03.2677072Z Pages: write
2025-04-17T02:26:03.2678274Z PullRequests: write
2025-04-17T02:26:03.2679181Z RepositoryProjects: write
2025-04-17T02:26:03.2680168Z SecurityEvents: write
2025-04-17T02:26:03.2680984Z Statuses: write
2025-04-17T02:26:03.2681931Z ##[endgroup]
2025-04-17T02:26:03.2684759Z Secret source: Actions
2025-04-17T02:26:03.2686321Z Prepare workflow directory
2025-04-17T02:26:03.3449385Z Prepare all required actions
2025-04-17T02:26:03.3504677Z Getting action download info
2025-04-17T02:26:03.7296930Z ##[group]Download immutable action package 'actions/checkout@v4'
2025-04-17T02:26:03.7298142Z Version: 4.2.2
2025-04-17T02:26:03.7299254Z Digest: sha256:ccb2698953eaebd21c7bf6268a94f9c26518a7e38e27e0b83c1fe1ad049819b1
2025-04-17T02:26:03.7300423Z Source commit SHA: 11bd71901bbe5b1630ceea73d27597364c9af683
2025-04-17T02:26:03.7301138Z ##[endgroup]
2025-04-17T02:26:03.8231436Z ##[group]Download immutable action package 'actions/setup-node@v4'
2025-04-17T02:26:03.8232193Z Version: 4.4.0
2025-04-17T02:26:03.8232950Z Digest: sha256:9427cefe82346e992fb5b949e3569b39d537ae41aa3086483b14eceebfc16bc1
2025-04-17T02:26:03.8233946Z Source commit SHA: 49933ea5288caeca8642d1e84afbd3f7d6820020
2025-04-17T02:26:03.8234652Z ##[endgroup]
2025-04-17T02:26:04.1446928Z Complete job name: lint (22.x)
2025-04-17T02:26:04.2087031Z ##[group]Run actions/checkout@v4
2025-04-17T02:26:04.2088662Z with:
2025-04-17T02:26:04.2089458Z   repository: mrkurger/date-night-app2
2025-04-17T02:26:04.2090535Z   token: ***
2025-04-17T02:26:04.2091197Z   ssh-strict: true
2025-04-17T02:26:04.2091876Z   ssh-user: git
2025-04-17T02:26:04.2092544Z   persist-credentials: true
2025-04-17T02:26:04.2093287Z   clean: true
2025-04-17T02:26:04.2093996Z   sparse-checkout-cone-mode: true
2025-04-17T02:26:04.2094813Z   fetch-depth: 1
2025-04-17T02:26:04.2095448Z   fetch-tags: false
2025-04-17T02:26:04.2096118Z   show-progress: true
2025-04-17T02:26:04.2096800Z   lfs: false
2025-04-17T02:26:04.2097390Z   submodules: false
2025-04-17T02:26:04.2098308Z   set-safe-directory: true
2025-04-17T02:26:04.2099446Z env:
2025-04-17T02:26:04.2100080Z   CI: true
2025-04-17T02:26:04.2100699Z ##[endgroup]
2025-04-17T02:26:04.4088003Z Syncing repository: mrkurger/date-night-app2
2025-04-17T02:26:04.4091008Z ##[group]Getting Git version info
2025-04-17T02:26:04.4092386Z Working directory is '/home/runner/work/date-night-app2/date-night-app2'
2025-04-17T02:26:04.4094925Z [command]/usr/bin/git version
2025-04-17T02:26:04.4183454Z git version 2.49.0
2025-04-17T02:26:04.4213182Z ##[endgroup]
2025-04-17T02:26:04.4228680Z Temporarily overriding HOME='/home/runner/work/_temp/d693f80d-ba5c-42aa-914f-b3253bc850e8' before making global git config changes
2025-04-17T02:26:04.4232556Z Adding repository directory to the temporary git global config as a safe directory
2025-04-17T02:26:04.4246807Z [command]/usr/bin/git config --global --add safe.directory /home/runner/work/date-night-app2/date-night-app2
2025-04-17T02:26:04.4285599Z Deleting the contents of '/home/runner/work/date-night-app2/date-night-app2'
2025-04-17T02:26:04.4290289Z ##[group]Initializing the repository
2025-04-17T02:26:04.4295535Z [command]/usr/bin/git init /home/runner/work/date-night-app2/date-night-app2
2025-04-17T02:26:04.4389185Z hint: Using 'master' as the name for the initial branch. This default branch name
2025-04-17T02:26:04.4391031Z hint: is subject to change. To configure the initial branch name to use in all
2025-04-17T02:26:04.4393512Z hint: of your new repositories, which will suppress this warning, call:
2025-04-17T02:26:04.4394603Z hint:
2025-04-17T02:26:04.4395337Z hint: 	git config --global init.defaultBranch <name>
2025-04-17T02:26:04.4396331Z hint:
2025-04-17T02:26:04.4397340Z hint: Names commonly chosen instead of 'master' are 'main', 'trunk' and
2025-04-17T02:26:04.4399218Z hint: 'development'. The just-created branch can be renamed via this command:
2025-04-17T02:26:04.4400554Z hint:
2025-04-17T02:26:04.4401248Z hint: 	git branch -m <name>
2025-04-17T02:26:04.4403443Z Initialized empty Git repository in /home/runner/work/date-night-app2/date-night-app2/.git/
2025-04-17T02:26:04.4409278Z [command]/usr/bin/git remote add origin https://github.com/mrkurger/date-night-app2
2025-04-17T02:26:04.4445897Z ##[endgroup]
2025-04-17T02:26:04.4447082Z ##[group]Disabling automatic garbage collection
2025-04-17T02:26:04.4450544Z [command]/usr/bin/git config --local gc.auto 0
2025-04-17T02:26:04.4483872Z ##[endgroup]
2025-04-17T02:26:04.4485068Z ##[group]Setting up auth
2025-04-17T02:26:04.4491184Z [command]/usr/bin/git config --local --name-only --get-regexp core\.sshCommand
2025-04-17T02:26:04.4524993Z [command]/usr/bin/git submodule foreach --recursive sh -c "git config --local --name-only --get-regexp 'core\.sshCommand' && git config --local --unset-all 'core.sshCommand' || :"
2025-04-17T02:26:04.4822084Z [command]/usr/bin/git config --local --name-only --get-regexp http\.https\:\/\/github\.com\/\.extraheader
2025-04-17T02:26:04.4855015Z [command]/usr/bin/git submodule foreach --recursive sh -c "git config --local --name-only --get-regexp 'http\.https\:\/\/github\.com\/\.extraheader' && git config --local --unset-all 'http.https://github.com/.extraheader' || :"
2025-04-17T02:26:04.5088636Z [command]/usr/bin/git config --local http.https://github.com/.extraheader AUTHORIZATION: basic ***
2025-04-17T02:26:04.5132892Z ##[endgroup]
2025-04-17T02:26:04.5134268Z ##[group]Fetching the repository
2025-04-17T02:26:04.5142702Z [command]/usr/bin/git -c protocol.version=2 fetch --no-tags --prune --no-recurse-submodules --depth=1 origin +1c98908d87dbcddd86a3cb2fabd13768579744bf:refs/remotes/origin/main
2025-04-17T02:26:06.9336619Z From https://github.com/mrkurger/date-night-app2
2025-04-17T02:26:06.9338763Z  * [new ref]         1c98908d87dbcddd86a3cb2fabd13768579744bf -> origin/main
2025-04-17T02:26:06.9392721Z ##[endgroup]
2025-04-17T02:26:06.9394225Z ##[group]Determining the checkout info
2025-04-17T02:26:06.9395790Z ##[endgroup]
2025-04-17T02:26:06.9419577Z [command]/usr/bin/git sparse-checkout disable
2025-04-17T02:26:06.9469393Z [command]/usr/bin/git config --local --unset-all extensions.worktreeConfig
2025-04-17T02:26:06.9521911Z ##[group]Checking out the ref
2025-04-17T02:26:06.9530738Z [command]/usr/bin/git checkout --progress --force -B main refs/remotes/origin/main
2025-04-17T02:26:07.4961410Z Switched to a new branch 'main'
2025-04-17T02:26:07.4991760Z branch 'main' set up to track 'origin/main'.
2025-04-17T02:26:07.5008754Z ##[endgroup]
2025-04-17T02:26:07.5084537Z [command]/usr/bin/git log -1 --format=%H
2025-04-17T02:26:07.5109014Z 1c98908d87dbcddd86a3cb2fabd13768579744bf
2025-04-17T02:26:07.5328904Z ##[group]Run actions/setup-node@v4
2025-04-17T02:26:07.5329246Z with:
2025-04-17T02:26:07.5329673Z   node-version: 22.x
2025-04-17T02:26:07.5329903Z   cache: npm
2025-04-17T02:26:07.5330152Z   cache-dependency-path: server/package-lock.json
2025-04-17T02:26:07.5330473Z   always-auth: false
2025-04-17T02:26:07.5330692Z   check-latest: false
2025-04-17T02:26:07.5331049Z   token: ***
2025-04-17T02:26:07.5331256Z env:
2025-04-17T02:26:07.5331436Z   CI: true
2025-04-17T02:26:07.5331627Z ##[endgroup]
2025-04-17T02:26:07.7128469Z Found in cache @ /opt/hostedtoolcache/node/22.14.0/x64
2025-04-17T02:26:07.7132889Z ##[group]Environment details
2025-04-17T02:26:08.1246385Z node: v22.14.0
2025-04-17T02:26:08.1268545Z npm: 10.9.2
2025-04-17T02:26:08.1269637Z yarn: 1.22.22
2025-04-17T02:26:08.1270811Z ##[endgroup]
2025-04-17T02:26:08.1300580Z [command]/opt/hostedtoolcache/node/22.14.0/x64/bin/npm config get cache
2025-04-17T02:26:08.3059349Z /home/runner/.npm
2025-04-17T02:26:08.4490415Z Cache hit for: node-cache-Linux-x64-npm-eb74dc554d17640d6b2005eb2c3c9590e65262bd6e2b7add98bfd17307b4cd7c
2025-04-17T02:26:08.8828208Z Received 35603115 of 35603115 (100.0%), 88.4 MBs/sec
2025-04-17T02:26:08.8831584Z Cache Size: ~34 MB (35603115 B)
2025-04-17T02:26:08.8871319Z [command]/usr/bin/tar -xf /home/runner/work/_temp/384bf5d5-345e-432e-ae4a-dd5575855d54/cache.tzst -P -C /home/runner/work/date-night-app2/date-night-app2 --use-compress-program unzstd
2025-04-17T02:26:09.1562188Z Cache restored successfully
2025-04-17T02:26:09.1660586Z Cache restored from key: node-cache-Linux-x64-npm-eb74dc554d17640d6b2005eb2c3c9590e65262bd6e2b7add98bfd17307b4cd7c
2025-04-17T02:26:09.1823370Z ##[group]Run npm ci
2025-04-17T02:26:09.1823668Z [36;1mnpm ci[0m
2025-04-17T02:26:09.1876416Z shell: /usr/bin/bash -e {0}
2025-04-17T02:26:09.1876664Z env:
2025-04-17T02:26:09.1876843Z   CI: true
2025-04-17T02:26:09.1877010Z ##[endgroup]
2025-04-17T02:26:12.1759494Z npm error code ETARGET
2025-04-17T02:26:12.1765856Z npm error notarget No matching version found for @eslint/config-array@^0.1.2.
2025-04-17T02:26:12.1771766Z npm error notarget In most cases you or one of your dependencies are requesting
2025-04-17T02:26:12.1776000Z npm error notarget a package version that doesn't exist.
2025-04-17T02:26:12.1792084Z npm error A complete log of this run can be found in: /home/runner/.npm/_logs/2025-04-17T02_26_09_247Z-debug-0.log
2025-04-17T02:26:12.2413427Z ##[error]Process completed with exit code 1.
2025-04-17T02:26:12.2659021Z Post job cleanup.
2025-04-17T02:26:12.4009700Z [command]/usr/bin/git version
2025-04-17T02:26:12.4078722Z git version 2.49.0
2025-04-17T02:26:12.4129399Z Temporarily overriding HOME='/home/runner/work/_temp/0204707d-b129-4c7d-ac9a-7e561ee15b4f' before making global git config changes
2025-04-17T02:26:12.4134656Z Adding repository directory to the temporary git global config as a safe directory
2025-04-17T02:26:12.4136116Z [command]/usr/bin/git config --global --add safe.directory /home/runner/work/date-night-app2/date-night-app2
2025-04-17T02:26:12.4219677Z [command]/usr/bin/git config --local --name-only --get-regexp core\.sshCommand
2025-04-17T02:26:12.4244280Z [command]/usr/bin/git submodule foreach --recursive sh -c "git config --local --name-only --get-regexp 'core\.sshCommand' && git config --local --unset-all 'core.sshCommand' || :"
2025-04-17T02:26:12.4908420Z [command]/usr/bin/git config --local --name-only --get-regexp http\.https\:\/\/github\.com\/\.extraheader
2025-04-17T02:26:12.4952881Z http.https://github.com/.extraheader
2025-04-17T02:26:12.4988077Z [command]/usr/bin/git config --local --unset-all http.https://github.com/.extraheader
2025-04-17T02:26:12.5063518Z [command]/usr/bin/git submodule foreach --recursive sh -c "git config --local --name-only --get-regexp 'http\.https\:\/\/github\.com\/\.extraheader' && git config --local --unset-all 'http.https://github.com/.extraheader' || :"
2025-04-17T02:26:12.5963503Z Cleaning up orphan processes
