2025-04-16T13:26:28.5095151Z Current runner version: '2.323.0'
2025-04-16T13:26:28.5245477Z ##[group]Operating System
2025-04-16T13:26:28.5248090Z Ubuntu
2025-04-16T13:26:28.5248921Z 24.04.2
2025-04-16T13:26:28.5249678Z LTS
2025-04-16T13:26:28.5250645Z ##[endgroup]
2025-04-16T13:26:28.5251503Z ##[group]Runner Image
2025-04-16T13:26:28.5252581Z Image: ubuntu-24.04
2025-04-16T13:26:28.5253793Z Version: 20250406.1.0
2025-04-16T13:26:28.5267396Z Included Software: https://github.com/actions/runner-images/blob/ubuntu24/20250406.1/images/ubuntu/Ubuntu2404-Readme.md
2025-04-16T13:26:28.5269944Z Image Release: https://github.com/actions/runner-images/releases/tag/ubuntu24%2F20250406.1
2025-04-16T13:26:28.5271506Z ##[endgroup]
2025-04-16T13:26:28.5272442Z ##[group]Runner Image Provisioner
2025-04-16T13:26:28.5273820Z 2.0.422.1
2025-04-16T13:26:28.5275107Z ##[endgroup]
2025-04-16T13:26:28.5279875Z ##[group]GITHUB_TOKEN Permissions
2025-04-16T13:26:28.5282919Z Actions: write
2025-04-16T13:26:28.5284139Z Attestations: write
2025-04-16T13:26:28.5285466Z Checks: write
2025-04-16T13:26:28.5286244Z Contents: write
2025-04-16T13:26:28.5287111Z Deployments: write
2025-04-16T13:26:28.5287960Z Discussions: write
2025-04-16T13:26:28.5289005Z Issues: write
2025-04-16T13:26:28.5289824Z Metadata: read
2025-04-16T13:26:28.5290650Z Models: read
2025-04-16T13:26:28.5291598Z Packages: write
2025-04-16T13:26:28.5292413Z Pages: write
2025-04-16T13:26:28.5293217Z PullRequests: write
2025-04-16T13:26:28.5294259Z RepositoryProjects: write
2025-04-16T13:26:28.5296184Z SecurityEvents: write
2025-04-16T13:26:28.5297080Z Statuses: write
2025-04-16T13:26:28.5298082Z ##[endgroup]
2025-04-16T13:26:28.5301252Z Secret source: Actions
2025-04-16T13:26:28.5302871Z Prepare workflow directory
2025-04-16T13:26:28.5787351Z Prepare all required actions
2025-04-16T13:26:28.5843870Z Getting action download info
2025-04-16T13:26:29.2308745Z ##[group]Download immutable action package 'actions/checkout@v4'
2025-04-16T13:26:29.2309932Z Version: 4.2.2
2025-04-16T13:26:29.2310985Z Digest: sha256:ccb2698953eaebd21c7bf6268a94f9c26518a7e38e27e0b83c1fe1ad049819b1
2025-04-16T13:26:29.2312184Z Source commit SHA: 11bd71901bbe5b1630ceea73d27597364c9af683
2025-04-16T13:26:29.2312995Z ##[endgroup]
2025-04-16T13:26:29.3226856Z ##[group]Download immutable action package 'actions/setup-node@v4'
2025-04-16T13:26:29.3227756Z Version: 4.4.0
2025-04-16T13:26:29.3228526Z Digest: sha256:9427cefe82346e992fb5b949e3569b39d537ae41aa3086483b14eceebfc16bc1
2025-04-16T13:26:29.3229662Z Source commit SHA: 49933ea5288caeca8642d1e84afbd3f7d6820020
2025-04-16T13:26:29.3230429Z ##[endgroup]
2025-04-16T13:26:29.7622697Z Complete job name: lint (22.x)
2025-04-16T13:26:29.8239485Z ##[group]Run actions/checkout@v4
2025-04-16T13:26:29.8240369Z with:
2025-04-16T13:26:29.8240813Z   repository: mrkurger/date-night-app2
2025-04-16T13:26:29.8241530Z   token: ***
2025-04-16T13:26:29.8241928Z   ssh-strict: true
2025-04-16T13:26:29.8242340Z   ssh-user: git
2025-04-16T13:26:29.8242764Z   persist-credentials: true
2025-04-16T13:26:29.8243230Z   clean: true
2025-04-16T13:26:29.8243682Z   sparse-checkout-cone-mode: true
2025-04-16T13:26:29.8244195Z   fetch-depth: 1
2025-04-16T13:26:29.8244607Z   fetch-tags: false
2025-04-16T13:26:29.8245384Z   show-progress: true
2025-04-16T13:26:29.8245813Z   lfs: false
2025-04-16T13:26:29.8246207Z   submodules: false
2025-04-16T13:26:29.8246624Z   set-safe-directory: true
2025-04-16T13:26:29.8247388Z ##[endgroup]
2025-04-16T13:26:30.0592057Z Syncing repository: mrkurger/date-night-app2
2025-04-16T13:26:30.0594691Z ##[group]Getting Git version info
2025-04-16T13:26:30.0596364Z Working directory is '/home/runner/work/date-night-app2/date-night-app2'
2025-04-16T13:26:30.0599444Z [command]/usr/bin/git version
2025-04-16T13:26:30.0717605Z git version 2.49.0
2025-04-16T13:26:30.0752762Z ##[endgroup]
2025-04-16T13:26:30.0767706Z Temporarily overriding HOME='/home/runner/work/_temp/07394502-463c-445d-96fd-0f0159e697ef' before making global git config changes
2025-04-16T13:26:30.0771877Z Adding repository directory to the temporary git global config as a safe directory
2025-04-16T13:26:30.0786740Z [command]/usr/bin/git config --global --add safe.directory /home/runner/work/date-night-app2/date-night-app2
2025-04-16T13:26:30.0845608Z Deleting the contents of '/home/runner/work/date-night-app2/date-night-app2'
2025-04-16T13:26:30.0850049Z ##[group]Initializing the repository
2025-04-16T13:26:30.0856049Z [command]/usr/bin/git init /home/runner/work/date-night-app2/date-night-app2
2025-04-16T13:26:30.0953649Z hint: Using 'master' as the name for the initial branch. This default branch name
2025-04-16T13:26:30.0956522Z hint: is subject to change. To configure the initial branch name to use in all
2025-04-16T13:26:30.0958080Z hint: of your new repositories, which will suppress this warning, call:
2025-04-16T13:26:30.0959133Z hint:
2025-04-16T13:26:30.0960172Z hint: 	git config --global init.defaultBranch <name>
2025-04-16T13:26:30.0962614Z hint:
2025-04-16T13:26:30.0965704Z hint: Names commonly chosen instead of 'master' are 'main', 'trunk' and
2025-04-16T13:26:30.0967688Z hint: 'development'. The just-created branch can be renamed via this command:
2025-04-16T13:26:30.0969168Z hint:
2025-04-16T13:26:30.0969991Z hint: 	git branch -m <name>
2025-04-16T13:26:30.0972718Z Initialized empty Git repository in /home/runner/work/date-night-app2/date-night-app2/.git/
2025-04-16T13:26:30.0979654Z [command]/usr/bin/git remote add origin https://github.com/mrkurger/date-night-app2
2025-04-16T13:26:30.1028107Z ##[endgroup]
2025-04-16T13:26:30.1031044Z ##[group]Disabling automatic garbage collection
2025-04-16T13:26:30.1032202Z [command]/usr/bin/git config --local gc.auto 0
2025-04-16T13:26:30.1064057Z ##[endgroup]
2025-04-16T13:26:30.1067304Z ##[group]Setting up auth
2025-04-16T13:26:30.1071464Z [command]/usr/bin/git config --local --name-only --get-regexp core\.sshCommand
2025-04-16T13:26:30.1105779Z [command]/usr/bin/git submodule foreach --recursive sh -c "git config --local --name-only --get-regexp 'core\.sshCommand' && git config --local --unset-all 'core.sshCommand' || :"
2025-04-16T13:26:30.1447082Z [command]/usr/bin/git config --local --name-only --get-regexp http\.https\:\/\/github\.com\/\.extraheader
2025-04-16T13:26:30.1481454Z [command]/usr/bin/git submodule foreach --recursive sh -c "git config --local --name-only --get-regexp 'http\.https\:\/\/github\.com\/\.extraheader' && git config --local --unset-all 'http.https://github.com/.extraheader' || :"
2025-04-16T13:26:30.1719395Z [command]/usr/bin/git config --local http.https://github.com/.extraheader AUTHORIZATION: basic ***
2025-04-16T13:26:30.1769055Z ##[endgroup]
2025-04-16T13:26:30.1772020Z ##[group]Fetching the repository
2025-04-16T13:26:30.1778345Z [command]/usr/bin/git -c protocol.version=2 fetch --no-tags --prune --no-recurse-submodules --depth=1 origin +b292197eeb0331af586c34ae83d2e0ac2f3cbf90:refs/remotes/origin/main
2025-04-16T13:26:32.0999919Z From https://github.com/mrkurger/date-night-app2
2025-04-16T13:26:32.1000836Z  * [new ref]         b292197eeb0331af586c34ae83d2e0ac2f3cbf90 -> origin/main
2025-04-16T13:26:32.1038333Z ##[endgroup]
2025-04-16T13:26:32.1045096Z ##[group]Determining the checkout info
2025-04-16T13:26:32.1045892Z ##[endgroup]
2025-04-16T13:26:32.1046326Z [command]/usr/bin/git sparse-checkout disable
2025-04-16T13:26:32.1102397Z [command]/usr/bin/git config --local --unset-all extensions.worktreeConfig
2025-04-16T13:26:32.1157126Z ##[group]Checking out the ref
2025-04-16T13:26:32.1158075Z [command]/usr/bin/git checkout --progress --force -B main refs/remotes/origin/main
2025-04-16T13:26:32.5646471Z Switched to a new branch 'main'
2025-04-16T13:26:32.5651891Z branch 'main' set up to track 'origin/main'.
2025-04-16T13:26:32.5676050Z ##[endgroup]
2025-04-16T13:26:32.5726518Z [command]/usr/bin/git log -1 --format=%H
2025-04-16T13:26:32.5759241Z b292197eeb0331af586c34ae83d2e0ac2f3cbf90
2025-04-16T13:26:32.6000153Z ##[group]Run actions/setup-node@v4
2025-04-16T13:26:32.6000432Z with:
2025-04-16T13:26:32.6000598Z   node-version: 22.x
2025-04-16T13:26:32.6000784Z   cache: npm
2025-04-16T13:26:32.6001230Z   cache-dependency-path: server/package-lock.json
2025-04-16T13:26:32.6001505Z   always-auth: false
2025-04-16T13:26:32.6001685Z   check-latest: false
2025-04-16T13:26:32.6001995Z   token: ***
2025-04-16T13:26:32.6002168Z ##[endgroup]
2025-04-16T13:26:32.7717908Z Found in cache @ /opt/hostedtoolcache/node/22.14.0/x64
2025-04-16T13:26:32.7725569Z ##[group]Environment details
2025-04-16T13:26:38.0467523Z node: v22.14.0
2025-04-16T13:26:38.0469160Z npm: 10.9.2
2025-04-16T13:26:38.0469475Z yarn: 1.22.22
2025-04-16T13:26:38.0470663Z ##[endgroup]
2025-04-16T13:26:38.0494386Z [command]/opt/hostedtoolcache/node/22.14.0/x64/bin/npm config get cache
2025-04-16T13:26:38.4263126Z /home/runner/.npm
2025-04-16T13:26:38.7156155Z Cache hit for: node-cache-Linux-x64-npm-eb74dc554d17640d6b2005eb2c3c9590e65262bd6e2b7add98bfd17307b4cd7c
2025-04-16T13:26:40.0209905Z Received 0 of 35603115 (0.0%), 0.0 MBs/sec
2025-04-16T13:26:40.3693987Z Received 35603115 of 35603115 (100.0%), 25.2 MBs/sec
2025-04-16T13:26:40.3695230Z Cache Size: ~34 MB (35603115 B)
2025-04-16T13:26:40.3730647Z [command]/usr/bin/tar -xf /home/runner/work/_temp/5b2daed6-bea7-4257-ad02-07f2182e550e/cache.tzst -P -C /home/runner/work/date-night-app2/date-night-app2 --use-compress-program unzstd
2025-04-16T13:26:40.6406984Z Cache restored successfully
2025-04-16T13:26:40.6488914Z Cache restored from key: node-cache-Linux-x64-npm-eb74dc554d17640d6b2005eb2c3c9590e65262bd6e2b7add98bfd17307b4cd7c
2025-04-16T13:26:40.6629579Z ##[group]Run npm ci
2025-04-16T13:26:40.6629830Z [36;1mnpm ci[0m
2025-04-16T13:26:40.6684150Z shell: /usr/bin/bash -e {0}
2025-04-16T13:26:40.6684394Z ##[endgroup]
2025-04-16T13:26:45.4113168Z npm warn deprecated inflight@1.0.6: This module is not supported, and leaks memory. Do not use it. Check out lru-cache if you want a good and tested way to coalesce async requests by a key value, which is much more comprehensive and powerful.
2025-04-16T13:26:45.4707870Z npm warn deprecated npmlog@5.0.1: This package is no longer supported.
2025-04-16T13:26:45.6011365Z npm warn deprecated xss-clean@0.1.4: Package no longer supported. Contact Support at https://www.npmjs.com/support for more info.
2025-04-16T13:26:45.6057356Z npm warn deprecated passport-reddit@1.1.0: While functionally complete, this library will not be receiving any updates going forwards. Users are actively discouraged from using OAuth2 for authentication. See archival notice on github for more details.
2025-04-16T13:26:45.6651149Z npm warn deprecated rimraf@3.0.2: Rimraf versions prior to v4 are no longer supported
2025-04-16T13:26:45.7991979Z npm warn deprecated are-we-there-yet@2.0.0: This package is no longer supported.
2025-04-16T13:26:45.8069775Z npm warn deprecated glob@7.2.3: Glob versions prior to v9 are no longer supported
2025-04-16T13:26:46.3995130Z npm warn deprecated gauge@3.0.2: This package is no longer supported.
2025-04-16T13:26:46.6763500Z npm warn deprecated @humanwhocodes/object-schema@2.0.3: Use @eslint/object-schema instead
2025-04-16T13:26:46.7126703Z npm warn deprecated @humanwhocodes/config-array@0.11.14: Use @eslint/config-array instead
2025-04-16T13:26:47.0139461Z npm warn deprecated superagent@8.1.2: Please upgrade to v9.0.0+ as we have fixed a public vulnerability with formidable dependency. Note that v9.0.0+ requires Node.js v14.18.0+. See https://github.com/ladjs/superagent/pull/1800 for insight. This project is supported and maintained by the team at Forward Email @ https://forwardemail.net
2025-04-16T13:26:48.4312231Z npm warn deprecated eslint@8.56.0: This version is no longer supported. Please see https://eslint.org/version-support for other options.
2025-04-16T13:26:53.5346016Z 
2025-04-16T13:26:53.5347224Z > date-night-app@1.0.0 prepare
2025-04-16T13:26:53.5348019Z > husky
2025-04-16T13:26:53.5348466Z 
2025-04-16T13:26:53.5445005Z sh: 1: husky: not found
2025-04-16T13:26:53.5495518Z npm error code 127
2025-04-16T13:26:53.5496324Z npm error path /home/runner/work/date-night-app2/date-night-app2
2025-04-16T13:26:53.5497149Z npm error command failed
2025-04-16T13:26:53.5498133Z npm error command sh -c husky
2025-04-16T13:26:53.5499392Z npm error A complete log of this run can be found in: /home/runner/.npm/_logs/2025-04-16T13_26_40_729Z-debug-0.log
2025-04-16T13:26:53.6290882Z ##[error]Process completed with exit code 127.
2025-04-16T13:26:53.6493740Z Post job cleanup.
2025-04-16T13:26:53.7641494Z [command]/usr/bin/git version
2025-04-16T13:26:53.7697198Z git version 2.49.0
2025-04-16T13:26:53.7740049Z Temporarily overriding HOME='/home/runner/work/_temp/1ab3ec7f-14cf-4b07-9424-073013a1e6e6' before making global git config changes
2025-04-16T13:26:53.7745863Z Adding repository directory to the temporary git global config as a safe directory
2025-04-16T13:26:53.7758933Z [command]/usr/bin/git config --global --add safe.directory /home/runner/work/date-night-app2/date-night-app2
2025-04-16T13:26:53.7823663Z [command]/usr/bin/git config --local --name-only --get-regexp core\.sshCommand
2025-04-16T13:26:53.7865447Z [command]/usr/bin/git submodule foreach --recursive sh -c "git config --local --name-only --get-regexp 'core\.sshCommand' && git config --local --unset-all 'core.sshCommand' || :"
2025-04-16T13:26:53.8147926Z [command]/usr/bin/git config --local --name-only --get-regexp http\.https\:\/\/github\.com\/\.extraheader
2025-04-16T13:26:53.8170133Z http.https://github.com/.extraheader
2025-04-16T13:26:53.8186141Z [command]/usr/bin/git config --local --unset-all http.https://github.com/.extraheader
2025-04-16T13:26:53.8229276Z [command]/usr/bin/git submodule foreach --recursive sh -c "git config --local --name-only --get-regexp 'http\.https\:\/\/github\.com\/\.extraheader' && git config --local --unset-all 'http.https://github.com/.extraheader' || :"
2025-04-16T13:26:53.8635135Z Cleaning up orphan processes
