2025-04-18T08:57:07.6979920Z Current runner version: '2.323.0'
2025-04-18T08:57:07.7014605Z ##[group]Operating System
2025-04-18T08:57:07.7015778Z Ubuntu
2025-04-18T08:57:07.7016560Z 24.04.2
2025-04-18T08:57:07.7017237Z LTS
2025-04-18T08:57:07.7018147Z ##[endgroup]
2025-04-18T08:57:07.7018950Z ##[group]Runner Image
2025-04-18T08:57:07.7019888Z Image: ubuntu-24.04
2025-04-18T08:57:07.7021426Z Version: 20250413.1.0
2025-04-18T08:57:07.7023161Z Included Software: https://github.com/actions/runner-images/blob/ubuntu24/20250413.1/images/ubuntu/Ubuntu2404-Readme.md
2025-04-18T08:57:07.7025891Z Image Release: https://github.com/actions/runner-images/releases/tag/ubuntu24%2F20250413.1
2025-04-18T08:57:07.7027552Z ##[endgroup]
2025-04-18T08:57:07.7028449Z ##[group]Runner Image Provisioner
2025-04-18T08:57:07.7029429Z 2.0.422.1
2025-04-18T08:57:07.7030298Z ##[endgroup]
2025-04-18T08:57:07.7032105Z ##[group]GITHUB_TOKEN Permissions
2025-04-18T08:57:07.7035182Z Actions: read
2025-04-18T08:57:07.7036058Z Contents: write
2025-04-18T08:57:07.7037184Z Metadata: read
2025-04-18T08:57:07.7038221Z ##[endgroup]
2025-04-18T08:57:07.7041513Z Secret source: Actions
2025-04-18T08:57:07.7042783Z Prepare workflow directory
2025-04-18T08:57:07.7797434Z Prepare all required actions
2025-04-18T08:57:07.7852310Z Getting action download info
2025-04-18T08:57:08.4505534Z ##[group]Download immutable action package 'actions/checkout@v4'
2025-04-18T08:57:08.4506639Z Version: 4.2.2
2025-04-18T08:57:08.4507856Z Digest: sha256:ccb2698953eaebd21c7bf6268a94f9c26518a7e38e27e0b83c1fe1ad049819b1
2025-04-18T08:57:08.4509154Z Source commit SHA: 11bd71901bbe5b1630ceea73d27597364c9af683
2025-04-18T08:57:08.4509966Z ##[endgroup]
2025-04-18T08:57:08.5575116Z ##[group]Download immutable action package 'actions/setup-node@v4'
2025-04-18T08:57:08.5576046Z Version: 4.4.0
2025-04-18T08:57:08.5576998Z Digest: sha256:9427cefe82346e992fb5b949e3569b39d537ae41aa3086483b14eceebfc16bc1
2025-04-18T08:57:08.5578091Z Source commit SHA: 49933ea5288caeca8642d1e84afbd3f7d6820020
2025-04-18T08:57:08.5578873Z ##[endgroup]
2025-04-18T08:57:09.0926469Z Complete job name: sync-error-logs
2025-04-18T08:57:09.1585048Z ##[group]Run actions/checkout@v4
2025-04-18T08:57:09.1585910Z with:
2025-04-18T08:57:09.1586324Z   fetch-depth: 0
2025-04-18T08:57:09.1586779Z   repository: mrkurger/date-night-app2
2025-04-18T08:57:09.1587503Z   token: ***
2025-04-18T08:57:09.1587894Z   ssh-strict: true
2025-04-18T08:57:09.1588314Z   ssh-user: git
2025-04-18T08:57:09.1588734Z   persist-credentials: true
2025-04-18T08:57:09.1589212Z   clean: true
2025-04-18T08:57:09.1589638Z   sparse-checkout-cone-mode: true
2025-04-18T08:57:09.1590144Z   fetch-tags: false
2025-04-18T08:57:09.1590553Z   show-progress: true
2025-04-18T08:57:09.1590965Z   lfs: false
2025-04-18T08:57:09.1591341Z   submodules: false
2025-04-18T08:57:09.1591759Z   set-safe-directory: true
2025-04-18T08:57:09.1592416Z env:
2025-04-18T08:57:09.1592788Z   CI: true
2025-04-18T08:57:09.1593165Z ##[endgroup]
2025-04-18T08:57:09.4358067Z Syncing repository: mrkurger/date-night-app2
2025-04-18T08:57:09.4360123Z ##[group]Getting Git version info
2025-04-18T08:57:09.4361072Z Working directory is '/home/runner/work/date-night-app2/date-night-app2'
2025-04-18T08:57:09.4362100Z [command]/usr/bin/git version
2025-04-18T08:57:09.4410144Z git version 2.49.0
2025-04-18T08:57:09.4442808Z ##[endgroup]
2025-04-18T08:57:09.4476255Z Temporarily overriding HOME='/home/runner/work/_temp/388e054e-0fc8-4a9d-b348-c8a016251d8c' before making global git config changes
2025-04-18T08:57:09.4480160Z Adding repository directory to the temporary git global config as a safe directory
2025-04-18T08:57:09.4482114Z [command]/usr/bin/git config --global --add safe.directory /home/runner/work/date-night-app2/date-night-app2
2025-04-18T08:57:09.4536971Z Deleting the contents of '/home/runner/work/date-night-app2/date-night-app2'
2025-04-18T08:57:09.4541800Z ##[group]Initializing the repository
2025-04-18T08:57:09.4546985Z [command]/usr/bin/git init /home/runner/work/date-night-app2/date-night-app2
2025-04-18T08:57:09.4633957Z hint: Using 'master' as the name for the initial branch. This default branch name
2025-04-18T08:57:09.4635846Z hint: is subject to change. To configure the initial branch name to use in all
2025-04-18T08:57:09.4637364Z hint: of your new repositories, which will suppress this warning, call:
2025-04-18T08:57:09.4638848Z hint:
2025-04-18T08:57:09.4640407Z hint: 	git config --global init.defaultBranch <name>
2025-04-18T08:57:09.4643177Z hint:
2025-04-18T08:57:09.4645173Z hint: Names commonly chosen instead of 'master' are 'main', 'trunk' and
2025-04-18T08:57:09.4647431Z hint: 'development'. The just-created branch can be renamed via this command:
2025-04-18T08:57:09.4649227Z hint:
2025-04-18T08:57:09.4650865Z hint: 	git branch -m <name>
2025-04-18T08:57:09.4654037Z Initialized empty Git repository in /home/runner/work/date-night-app2/date-night-app2/.git/
2025-04-18T08:57:09.4658891Z [command]/usr/bin/git remote add origin https://github.com/mrkurger/date-night-app2
2025-04-18T08:57:09.4706699Z ##[endgroup]
2025-04-18T08:57:09.4708371Z ##[group]Disabling automatic garbage collection
2025-04-18T08:57:09.4710646Z [command]/usr/bin/git config --local gc.auto 0
2025-04-18T08:57:09.4743013Z ##[endgroup]
2025-04-18T08:57:09.4744637Z ##[group]Setting up auth
2025-04-18T08:57:09.4750070Z [command]/usr/bin/git config --local --name-only --get-regexp core\.sshCommand
2025-04-18T08:57:09.4784880Z [command]/usr/bin/git submodule foreach --recursive sh -c "git config --local --name-only --get-regexp 'core\.sshCommand' && git config --local --unset-all 'core.sshCommand' || :"
2025-04-18T08:57:09.5151047Z [command]/usr/bin/git config --local --name-only --get-regexp http\.https\:\/\/github\.com\/\.extraheader
2025-04-18T08:57:09.5181729Z [command]/usr/bin/git submodule foreach --recursive sh -c "git config --local --name-only --get-regexp 'http\.https\:\/\/github\.com\/\.extraheader' && git config --local --unset-all 'http.https://github.com/.extraheader' || :"
2025-04-18T08:57:09.5421399Z [command]/usr/bin/git config --local http.https://github.com/.extraheader AUTHORIZATION: basic ***
2025-04-18T08:57:09.5478054Z ##[endgroup]
2025-04-18T08:57:09.5480393Z ##[group]Fetching the repository
2025-04-18T08:57:09.5490942Z [command]/usr/bin/git -c protocol.version=2 fetch --prune --no-recurse-submodules origin +refs/heads/*:refs/remotes/origin/* +refs/tags/*:refs/tags/*
2025-04-18T08:57:18.3729036Z From https://github.com/mrkurger/date-night-app2
2025-04-18T08:57:18.3729861Z  * [new branch]      main       -> origin/main
2025-04-18T08:57:18.3766520Z [command]/usr/bin/git branch --list --remote origin/main
2025-04-18T08:57:18.3790788Z   origin/main
2025-04-18T08:57:18.3804358Z [command]/usr/bin/git rev-parse refs/remotes/origin/main
2025-04-18T08:57:18.3827094Z f95b468c753a97db31d6957a31804b8762dd58eb
2025-04-18T08:57:18.3840301Z [command]/usr/bin/git -c protocol.version=2 fetch --no-tags --prune --no-recurse-submodules origin +326a8ad4dacd936ca692e618563dd59f6cb5e286:refs/remotes/origin/main
2025-04-18T08:57:18.8293117Z From https://github.com/mrkurger/date-night-app2
2025-04-18T08:57:18.8294586Z  + f95b468...326a8ad 326a8ad4dacd936ca692e618563dd59f6cb5e286 -> origin/main  (forced update)
2025-04-18T08:57:18.8350045Z ##[endgroup]
2025-04-18T08:57:18.8351169Z ##[group]Determining the checkout info
2025-04-18T08:57:18.8352220Z ##[endgroup]
2025-04-18T08:57:18.8358020Z [command]/usr/bin/git sparse-checkout disable
2025-04-18T08:57:18.8418718Z [command]/usr/bin/git config --local --unset-all extensions.worktreeConfig
2025-04-18T08:57:18.8468834Z ##[group]Checking out the ref
2025-04-18T08:57:18.8482493Z [command]/usr/bin/git checkout --progress --force -B main refs/remotes/origin/main
2025-04-18T08:57:19.2528756Z Switched to a new branch 'main'
2025-04-18T08:57:19.2529827Z branch 'main' set up to track 'origin/main'.
2025-04-18T08:57:19.2545512Z ##[endgroup]
2025-04-18T08:57:19.2608889Z [command]/usr/bin/git log -1 --format=%H
2025-04-18T08:57:19.2646273Z 326a8ad4dacd936ca692e618563dd59f6cb5e286
2025-04-18T08:57:19.2868456Z ##[group]Run actions/setup-node@v4
2025-04-18T08:57:19.2868976Z with:
2025-04-18T08:57:19.2869160Z   node-version: 22.x
2025-04-18T08:57:19.2869352Z   always-auth: false
2025-04-18T08:57:19.2869552Z   check-latest: false
2025-04-18T08:57:19.2869864Z   token: ***
2025-04-18T08:57:19.2870051Z env:
2025-04-18T08:57:19.2870208Z   CI: true
2025-04-18T08:57:19.2870408Z ##[endgroup]
2025-04-18T08:57:19.4594742Z Found in cache @ /opt/hostedtoolcache/node/22.14.0/x64
2025-04-18T08:57:19.4598673Z ##[group]Environment details
2025-04-18T08:57:21.3358373Z node: v22.14.0
2025-04-18T08:57:21.3359975Z npm: 10.9.2
2025-04-18T08:57:21.3360281Z yarn: 1.22.22
2025-04-18T08:57:21.3361844Z ##[endgroup]
2025-04-18T08:57:21.3476396Z ##[group]Run npm install @octokit/rest@19.0.13 fs-extra@11.2.0
2025-04-18T08:57:21.3476841Z [36;1mnpm install @octokit/rest@19.0.13 fs-extra@11.2.0[0m
2025-04-18T08:57:21.3530076Z shell: /usr/bin/bash -e {0}
2025-04-18T08:57:21.3530331Z env:
2025-04-18T08:57:21.3530496Z   CI: true
2025-04-18T08:57:21.3530680Z ##[endgroup]
2025-04-18T08:57:27.0491181Z npm error code ETARGET
2025-04-18T08:57:27.0492954Z npm error notarget No matching version found for @eslint/object-schema@^0.1.1.
2025-04-18T08:57:27.0494336Z npm error notarget In most cases you or one of your dependencies are requesting
2025-04-18T08:57:27.0495893Z npm error notarget a package version that doesn't exist.
2025-04-18T08:57:27.0497691Z npm error A complete log of this run can be found in: /home/runner/.npm/_logs/2025-04-18T08_57_21_413Z-debug-0.log
2025-04-18T08:57:27.0948930Z ##[error]Process completed with exit code 1.
2025-04-18T08:57:27.1125964Z Post job cleanup.
2025-04-18T08:57:27.2080633Z [command]/usr/bin/git version
2025-04-18T08:57:27.2121036Z git version 2.49.0
2025-04-18T08:57:27.2166487Z Temporarily overriding HOME='/home/runner/work/_temp/2f77c2c2-8126-41fc-9ece-7f4defdd944e' before making global git config changes
2025-04-18T08:57:27.2168886Z Adding repository directory to the temporary git global config as a safe directory
2025-04-18T08:57:27.2184081Z [command]/usr/bin/git config --global --add safe.directory /home/runner/work/date-night-app2/date-night-app2
2025-04-18T08:57:27.2221328Z [command]/usr/bin/git config --local --name-only --get-regexp core\.sshCommand
2025-04-18T08:57:27.2256421Z [command]/usr/bin/git submodule foreach --recursive sh -c "git config --local --name-only --get-regexp 'core\.sshCommand' && git config --local --unset-all 'core.sshCommand' || :"
2025-04-18T08:57:27.2507354Z [command]/usr/bin/git config --local --name-only --get-regexp http\.https\:\/\/github\.com\/\.extraheader
2025-04-18T08:57:27.2545606Z http.https://github.com/.extraheader
2025-04-18T08:57:27.2566259Z [command]/usr/bin/git config --local --unset-all http.https://github.com/.extraheader
2025-04-18T08:57:27.2617738Z [command]/usr/bin/git submodule foreach --recursive sh -c "git config --local --name-only --get-regexp 'http\.https\:\/\/github\.com\/\.extraheader' && git config --local --unset-all 'http.https://github.com/.extraheader' || :"
2025-04-18T08:57:27.3152553Z Cleaning up orphan processes
