2025-04-16T14:59:06.7570058Z Current runner version: '2.323.0'
2025-04-16T14:59:06.7655405Z ##[group]Operating System
2025-04-16T14:59:06.7656810Z Ubuntu
2025-04-16T14:59:06.7657536Z 24.04.2
2025-04-16T14:59:06.7658306Z LTS
2025-04-16T14:59:06.7659260Z ##[endgroup]
2025-04-16T14:59:06.7660075Z ##[group]Runner Image
2025-04-16T14:59:06.7661003Z Image: ubuntu-24.04
2025-04-16T14:59:06.7661926Z Version: 20250406.1.0
2025-04-16T14:59:06.7664006Z Included Software: https://github.com/actions/runner-images/blob/ubuntu24/20250406.1/images/ubuntu/Ubuntu2404-Readme.md
2025-04-16T14:59:06.7666609Z Image Release: https://github.com/actions/runner-images/releases/tag/ubuntu24%2F20250406.1
2025-04-16T14:59:06.7668432Z ##[endgroup]
2025-04-16T14:59:06.7669331Z ##[group]Runner Image Provisioner
2025-04-16T14:59:06.7670338Z 2.0.422.1
2025-04-16T14:59:06.7671311Z ##[endgroup]
2025-04-16T14:59:06.7696184Z ##[group]GITHUB_TOKEN Permissions
2025-04-16T14:59:06.7699258Z Actions: write
2025-04-16T14:59:06.7700389Z Attestations: write
2025-04-16T14:59:06.7701545Z Checks: write
2025-04-16T14:59:06.7702336Z Contents: write
2025-04-16T14:59:06.7703159Z Deployments: write
2025-04-16T14:59:06.7704384Z Discussions: write
2025-04-16T14:59:06.7705221Z Issues: write
2025-04-16T14:59:06.7706155Z Metadata: read
2025-04-16T14:59:06.7706981Z Models: read
2025-04-16T14:59:06.7707882Z Packages: write
2025-04-16T14:59:06.7708887Z Pages: write
2025-04-16T14:59:06.7709727Z PullRequests: write
2025-04-16T14:59:06.7710608Z RepositoryProjects: write
2025-04-16T14:59:06.7711516Z SecurityEvents: write
2025-04-16T14:59:06.7712595Z Statuses: write
2025-04-16T14:59:06.7733709Z ##[endgroup]
2025-04-16T14:59:06.7736889Z Secret source: Actions
2025-04-16T14:59:06.7738111Z Prepare workflow directory
2025-04-16T14:59:06.8920775Z Prepare all required actions
2025-04-16T14:59:06.9039624Z Getting action download info
2025-04-16T14:59:07.3678531Z ##[group]Download immutable action package 'actions/checkout@v4'
2025-04-16T14:59:07.3679758Z Version: 4.2.2
2025-04-16T14:59:07.3680762Z Digest: sha256:ccb2698953eaebd21c7bf6268a94f9c26518a7e38e27e0b83c1fe1ad049819b1
2025-04-16T14:59:07.3681955Z Source commit SHA: 11bd71901bbe5b1630ceea73d27597364c9af683
2025-04-16T14:59:07.3682703Z ##[endgroup]
2025-04-16T14:59:07.4548957Z ##[group]Download immutable action package 'actions/setup-node@v4'
2025-04-16T14:59:07.4549764Z Version: 4.4.0
2025-04-16T14:59:07.4550494Z Digest: sha256:9427cefe82346e992fb5b949e3569b39d537ae41aa3086483b14eceebfc16bc1
2025-04-16T14:59:07.4551528Z Source commit SHA: 49933ea5288caeca8642d1e84afbd3f7d6820020
2025-04-16T14:59:07.4552196Z ##[endgroup]
2025-04-16T14:59:07.6515171Z ##[group]Download immutable action package 'actions/upload-artifact@v4'
2025-04-16T14:59:07.6516057Z Version: 4.6.2
2025-04-16T14:59:07.6516832Z Digest: sha256:290722aa3281d5caf23d0acdc3dbeb3424786a1a01a9cc97e72f147225e37c38
2025-04-16T14:59:07.6517792Z Source commit SHA: ea165f8d65b6e75b540449e92b4886f43607fa02
2025-04-16T14:59:07.6518501Z ##[endgroup]
2025-04-16T14:59:07.8615034Z Complete job name: test (22.x)
2025-04-16T14:59:07.9189854Z ##[group]Run actions/checkout@v4
2025-04-16T14:59:07.9190682Z with:
2025-04-16T14:59:07.9191091Z   repository: mrkurger/date-night-app2
2025-04-16T14:59:07.9191830Z   token: ***
2025-04-16T14:59:07.9192217Z   ssh-strict: true
2025-04-16T14:59:07.9192609Z   ssh-user: git
2025-04-16T14:59:07.9193010Z   persist-credentials: true
2025-04-16T14:59:07.9193724Z   clean: true
2025-04-16T14:59:07.9194126Z   sparse-checkout-cone-mode: true
2025-04-16T14:59:07.9194592Z   fetch-depth: 1
2025-04-16T14:59:07.9194981Z   fetch-tags: false
2025-04-16T14:59:07.9195390Z   show-progress: true
2025-04-16T14:59:07.9195788Z   lfs: false
2025-04-16T14:59:07.9196148Z   submodules: false
2025-04-16T14:59:07.9196548Z   set-safe-directory: true
2025-04-16T14:59:07.9197296Z env:
2025-04-16T14:59:07.9197644Z   CI: true
2025-04-16T14:59:07.9198000Z ##[endgroup]
2025-04-16T14:59:08.1019833Z Syncing repository: mrkurger/date-night-app2
2025-04-16T14:59:08.1022675Z ##[group]Getting Git version info
2025-04-16T14:59:08.1024826Z Working directory is '/home/runner/work/date-night-app2/date-night-app2'
2025-04-16T14:59:08.1026539Z [command]/usr/bin/git version
2025-04-16T14:59:08.1081060Z git version 2.49.0
2025-04-16T14:59:08.1118117Z ##[endgroup]
2025-04-16T14:59:08.1140100Z Temporarily overriding HOME='/home/runner/work/_temp/b6a980c0-c227-47b8-9dc3-5d6f3d4c0986' before making global git config changes
2025-04-16T14:59:08.1144326Z Adding repository directory to the temporary git global config as a safe directory
2025-04-16T14:59:08.1158758Z [command]/usr/bin/git config --global --add safe.directory /home/runner/work/date-night-app2/date-night-app2
2025-04-16T14:59:08.1201077Z Deleting the contents of '/home/runner/work/date-night-app2/date-night-app2'
2025-04-16T14:59:08.1206119Z ##[group]Initializing the repository
2025-04-16T14:59:08.1211252Z [command]/usr/bin/git init /home/runner/work/date-night-app2/date-night-app2
2025-04-16T14:59:08.1284787Z hint: Using 'master' as the name for the initial branch. This default branch name
2025-04-16T14:59:08.1287012Z hint: is subject to change. To configure the initial branch name to use in all
2025-04-16T14:59:08.1289996Z hint: of your new repositories, which will suppress this warning, call:
2025-04-16T14:59:08.1292649Z hint:
2025-04-16T14:59:08.1294041Z hint: 	git config --global init.defaultBranch <name>
2025-04-16T14:59:08.1295280Z hint:
2025-04-16T14:59:08.1296386Z hint: Names commonly chosen instead of 'master' are 'main', 'trunk' and
2025-04-16T14:59:08.1298798Z hint: 'development'. The just-created branch can be renamed via this command:
2025-04-16T14:59:08.1300161Z hint:
2025-04-16T14:59:08.1300871Z hint: 	git branch -m <name>
2025-04-16T14:59:08.1302397Z Initialized empty Git repository in /home/runner/work/date-night-app2/date-night-app2/.git/
2025-04-16T14:59:08.1307000Z [command]/usr/bin/git remote add origin https://github.com/mrkurger/date-night-app2
2025-04-16T14:59:08.1344786Z ##[endgroup]
2025-04-16T14:59:08.1346289Z ##[group]Disabling automatic garbage collection
2025-04-16T14:59:08.1349779Z [command]/usr/bin/git config --local gc.auto 0
2025-04-16T14:59:08.1384704Z ##[endgroup]
2025-04-16T14:59:08.1386107Z ##[group]Setting up auth
2025-04-16T14:59:08.1392247Z [command]/usr/bin/git config --local --name-only --get-regexp core\.sshCommand
2025-04-16T14:59:08.1428367Z [command]/usr/bin/git submodule foreach --recursive sh -c "git config --local --name-only --get-regexp 'core\.sshCommand' && git config --local --unset-all 'core.sshCommand' || :"
2025-04-16T14:59:08.1738340Z [command]/usr/bin/git config --local --name-only --get-regexp http\.https\:\/\/github\.com\/\.extraheader
2025-04-16T14:59:08.1773928Z [command]/usr/bin/git submodule foreach --recursive sh -c "git config --local --name-only --get-regexp 'http\.https\:\/\/github\.com\/\.extraheader' && git config --local --unset-all 'http.https://github.com/.extraheader' || :"
2025-04-16T14:59:08.2012441Z [command]/usr/bin/git config --local http.https://github.com/.extraheader AUTHORIZATION: basic ***
2025-04-16T14:59:08.2066245Z ##[endgroup]
2025-04-16T14:59:08.2069620Z ##[group]Fetching the repository
2025-04-16T14:59:08.2077598Z [command]/usr/bin/git -c protocol.version=2 fetch --no-tags --prune --no-recurse-submodules --depth=1 origin +b7b02b02b67d186f71e3b6a43ebe9f432064fd3a:refs/remotes/origin/main
2025-04-16T14:59:10.5784793Z From https://github.com/mrkurger/date-night-app2
2025-04-16T14:59:10.5790321Z  * [new ref]         b7b02b02b67d186f71e3b6a43ebe9f432064fd3a -> origin/main
2025-04-16T14:59:10.5865479Z ##[endgroup]
2025-04-16T14:59:10.5866845Z ##[group]Determining the checkout info
2025-04-16T14:59:10.5868046Z ##[endgroup]
2025-04-16T14:59:10.5873758Z [command]/usr/bin/git sparse-checkout disable
2025-04-16T14:59:10.5903865Z [command]/usr/bin/git config --local --unset-all extensions.worktreeConfig
2025-04-16T14:59:10.5954142Z ##[group]Checking out the ref
2025-04-16T14:59:10.5963828Z [command]/usr/bin/git checkout --progress --force -B main refs/remotes/origin/main
2025-04-16T14:59:11.0783116Z Switched to a new branch 'main'
2025-04-16T14:59:11.0785167Z branch 'main' set up to track 'origin/main'.
2025-04-16T14:59:11.0804517Z ##[endgroup]
2025-04-16T14:59:11.0847352Z [command]/usr/bin/git log -1 --format=%H
2025-04-16T14:59:11.0871517Z b7b02b02b67d186f71e3b6a43ebe9f432064fd3a
2025-04-16T14:59:11.1089329Z ##[group]Run actions/setup-node@v4
2025-04-16T14:59:11.1089606Z with:
2025-04-16T14:59:11.1089773Z   node-version: 22.x
2025-04-16T14:59:11.1089959Z   cache: npm
2025-04-16T14:59:11.1090197Z   cache-dependency-path: client-angular/package-lock.json
2025-04-16T14:59:11.1090495Z   always-auth: false
2025-04-16T14:59:11.1090673Z   check-latest: false
2025-04-16T14:59:11.1090976Z   token: ***
2025-04-16T14:59:11.1091145Z env:
2025-04-16T14:59:11.1091299Z   CI: true
2025-04-16T14:59:11.1091458Z ##[endgroup]
2025-04-16T14:59:11.2859132Z Found in cache @ /opt/hostedtoolcache/node/22.14.0/x64
2025-04-16T14:59:11.2862618Z ##[group]Environment details
2025-04-16T14:59:13.4361148Z node: v22.14.0
2025-04-16T14:59:13.4363057Z npm: 10.9.2
2025-04-16T14:59:13.4364020Z yarn: 1.22.22
2025-04-16T14:59:13.4378108Z ##[endgroup]
2025-04-16T14:59:13.4398865Z [command]/opt/hostedtoolcache/node/22.14.0/x64/bin/npm config get cache
2025-04-16T14:59:13.6793934Z /home/runner/.npm
2025-04-16T14:59:13.7709094Z Cache hit for: node-cache-Linux-x64-npm-eed186788acb99c392cc79891935d042040413390720b7932c16d8b7ca478e8b
2025-04-16T14:59:14.3166104Z Received 69351304 of 69351304 (100.0%), 130.7 MBs/sec
2025-04-16T14:59:14.3168274Z Cache Size: ~66 MB (69351304 B)
2025-04-16T14:59:14.3214737Z [command]/usr/bin/tar -xf /home/runner/work/_temp/c3f0ca22-c2f6-4a42-9aaf-9a40a232f4d4/cache.tzst -P -C /home/runner/work/date-night-app2/date-night-app2 --use-compress-program unzstd
2025-04-16T14:59:14.6299157Z Cache restored successfully
2025-04-16T14:59:14.6448711Z Cache restored from key: node-cache-Linux-x64-npm-eed186788acb99c392cc79891935d042040413390720b7932c16d8b7ca478e8b
2025-04-16T14:59:14.6626146Z ##[group]Run npm ci
2025-04-16T14:59:14.6626426Z [36;1mnpm ci[0m
2025-04-16T14:59:14.6679251Z shell: /usr/bin/bash -e {0}
2025-04-16T14:59:14.6679494Z env:
2025-04-16T14:59:14.6679657Z   CI: true
2025-04-16T14:59:14.6679817Z ##[endgroup]
2025-04-16T14:59:21.0697111Z npm warn deprecated inflight@1.0.6: This module is not supported, and leaks memory. Do not use it. Check out lru-cache if you want a good and tested way to coalesce async requests by a key value, which is much more comprehensive and powerful.
2025-04-16T14:59:21.4573682Z npm warn deprecated rimraf@3.0.2: Rimraf versions prior to v4 are no longer supported
2025-04-16T14:59:21.4926012Z npm warn deprecated abab@2.0.6: Use your platform's native atob() and btoa() methods instead
2025-04-16T14:59:21.7185081Z npm warn deprecated glob@7.2.3: Glob versions prior to v9 are no longer supported
2025-04-16T14:59:21.8929463Z npm warn deprecated domexception@4.0.0: Use your platform's native DOMException instead
2025-04-16T14:59:22.9045837Z npm warn deprecated @humanwhocodes/config-array@0.11.14: Use @eslint/config-array instead
2025-04-16T14:59:22.9571914Z npm warn deprecated @humanwhocodes/object-schema@2.0.3: Use @eslint/object-schema instead
2025-04-16T14:59:27.1539385Z npm warn deprecated eslint@8.56.0: This version is no longer supported. Please see https://eslint.org/version-support for other options.
2025-04-16T14:59:42.1772531Z 
2025-04-16T14:59:42.1774311Z > date-night-app@1.0.0 prepare
2025-04-16T14:59:42.1774880Z > [ -n "$CI" ] || husky
2025-04-16T14:59:42.1775111Z 
2025-04-16T14:59:42.2149768Z 
2025-04-16T14:59:42.2151093Z added 1463 packages, and audited 1465 packages in 27s
2025-04-16T14:59:42.2151984Z 
2025-04-16T14:59:42.2152465Z 294 packages are looking for funding
2025-04-16T14:59:42.2153197Z   run `npm fund` for details
2025-04-16T14:59:42.2273255Z 
2025-04-16T14:59:42.2277884Z 3 moderate severity vulnerabilities
2025-04-16T14:59:42.2282117Z 
2025-04-16T14:59:42.2286566Z To address all issues (including breaking changes), run:
2025-04-16T14:59:42.2291057Z   npm audit fix --force
2025-04-16T14:59:42.2294606Z 
2025-04-16T14:59:42.2300411Z Run `npm audit` for details.
2025-04-16T14:59:42.3207298Z ##[group]Run npm test -- --watch=false --browsers=ChromeHeadless --no-progress
2025-04-16T14:59:42.3208126Z [36;1mnpm test -- --watch=false --browsers=ChromeHeadless --no-progress[0m
2025-04-16T14:59:42.3257877Z shell: /usr/bin/bash -e {0}
2025-04-16T14:59:42.3258102Z env:
2025-04-16T14:59:42.3258258Z   CI: true
2025-04-16T14:59:42.3258418Z ##[endgroup]
2025-04-16T14:59:42.4566513Z 
2025-04-16T14:59:42.4567462Z > client-angular@0.0.0 test
2025-04-16T14:59:42.4568348Z > ng test client-angular --watch=false --browsers=ChromeHeadless --no-progress
2025-04-16T14:59:42.4568908Z 
2025-04-16T15:00:16.8489952Z [1m[31m
2025-04-16T15:00:16.8492438Z ./src/app/admin/telemetry-dashboard/telemetry-dashboard.component.ts:20:0-48 - Error: Module not found: Error: Can't resolve 'chart.js' in '/home/runner/work/date-night-app2/date-night-app2/client-angular/src/app/admin/telemetry-dashboard'
2025-04-16T15:00:16.8496598Z 
2025-04-16T15:00:16.8506645Z ./src/app/shared/components/map/map.component.ts - Error: Module build failed (from ./node_modules/@angular-devkit/build-angular/src/tools/babel/webpack-loader.js):
2025-04-16T15:00:16.8509541Z SyntaxError: /home/runner/work/date-night-app2/date-night-app2/client-angular/src/app/shared/components/map/map.component.ts: Identifier 'MapComponent' has already been declared. (630:4)
2025-04-16T15:00:16.8510795Z 
2025-04-16T15:00:16.8511390Z [0m [90m 628 |[31m ][33m,[31m [33mMapComponent[31m)[33m;[31m
2025-04-16T15:00:16.8512285Z  [90m 629 |[31m [36mexport[31m { [33mMapComponent[31m }[33m;[31m
2025-04-16T15:00:16.8513883Z [31m[1m>[22m[1m[31m[90m 630 |[31m [36mlet[31m [33mMapComponent[31m [33m=[31m [36mclass[31m [33mMapComponent[31m {
2025-04-16T15:00:16.8514936Z  [90m     |[31m     [31m[1m^[22m[1m[31m
2025-04-16T15:00:16.8515573Z  [90m 631 |[31m     geocodingService[33m;[31m
2025-04-16T15:00:16.8516313Z  [90m 632 |[31m     height [33m=[31m [32m'400px'[31m[33m;[31m
2025-04-16T15:00:16.8517251Z  [90m 633 |[31m     initialLatitude [33m=[31m [35m59.9139[31m[33m;[31m[0m
2025-04-16T15:00:16.8517737Z 
2025-04-16T15:00:16.8519171Z ./src/app/shared/emerald/card-grid/card-grid.component.spec.ts - Error: Module build failed (from ./node_modules/@angular-devkit/build-angular/src/tools/babel/webpack-loader.js):
2025-04-16T15:00:16.8521654Z SyntaxError: /home/runner/work/date-night-app2/date-night-app2/client-angular/src/app/shared/emerald/card-grid/card-grid.component.spec.ts: Unexpected token (11:45)
2025-04-16T15:00:16.8522836Z 
2025-04-16T15:00:16.8523673Z [0m [90m  9 |[31m [90m// ===================================================[31m
2025-04-16T15:00:16.8524900Z  [90m 10 |[31m [36mimport[31m { [33mTestBed[31m } [36mfrom[31m [32m'@angular/core/testing'[31m[33m;[31m
2025-04-16T15:00:16.8526671Z [31m[1m>[22m[1m[31m[90m 11 |[31m [36mimport[31m { [33mComponent[31m[33m,[31m [33mNO_ERRORS_SCHEMA[31m[33m,[31m } [36mfrom[31m [33m;[31m
2025-04-16T15:00:16.8527988Z  [90m    |[31m                                              [31m[1m^[22m[1m[31m
2025-04-16T15:00:16.8529185Z  [90m 12 |[31m [36mimport[31m { [33mCardGridComponent[31m } [36mfrom[31m [32m'./card-grid.component'[31m[33m;[31m
2025-04-16T15:00:16.8531089Z  [90m 13 |[31m [36mimport[31m { [33mSkeletonLoaderComponent[31m } [36mfrom[31m [32m'../components/skeleton-loader/skeleton-loader.component'[31m[33m;[31m
2025-04-16T15:00:16.8532911Z  [90m 14 |[31m [36mimport[31m { [33mCommonTestModule[31m } [36mfrom[31m [32m'../../../testing/common-test.module'[31m[33m;[31m[0m
2025-04-16T15:00:16.8533841Z 
2025-04-16T15:00:16.8535641Z Error: [96msrc/app/admin/telemetry-dashboard/telemetry-dashboard.component.ts[0m:[93m18[0m:[93m38[0m - [91merror[0m[90m TS2307: [0mCannot find module 'chart.js' or its corresponding type declarations.
2025-04-16T15:00:16.8536838Z 
2025-04-16T15:00:16.8537333Z [7m18[0m import { Chart, registerables } from 'chart.js';
2025-04-16T15:00:16.8538803Z [7m  [0m [91m                                     ~~~~~~~~~~[0m
2025-04-16T15:00:16.8539182Z 
2025-04-16T15:00:16.8539191Z 
2025-04-16T15:00:16.8540475Z Error: [96msrc/app/core/services/alert.service.ts[0m:[93m180[0m:[93m9[0m - [91merror[0m[90m TS2322: [0mType 'string' is not assignable to type 'AlertTimeWindow'.
2025-04-16T15:00:16.8541362Z 
2025-04-16T15:00:16.8541674Z [7m180[0m         timeWindow,
2025-04-16T15:00:16.8542196Z [7m   [0m [91m        ~~~~~~~~~~[0m
2025-04-16T15:00:16.8542479Z 
2025-04-16T15:00:16.8542964Z   [96msrc/app/core/models/alert.model.ts[0m:[93m52[0m:[93m3[0m
2025-04-16T15:00:16.8614573Z     [7m52[0m   timeWindow: AlertTimeWindow;
2025-04-16T15:00:16.8615246Z     [7m  [0m [96m  ~~~~~~~~~~[0m
2025-04-16T15:00:16.8616174Z     The expected type comes from property 'timeWindow' which is declared here on type 'AlertCondition'
2025-04-16T15:00:16.8616857Z 
2025-04-16T15:00:16.8616868Z 
2025-04-16T15:00:16.8618296Z Error: [96msrc/app/core/services/alert.service.ts[0m:[93m185[0m:[93m11[0m - [91merror[0m[90m TS2322: [0mType '"ui"' is not assignable to type 'AlertChannel'.
2025-04-16T15:00:16.8619270Z 
2025-04-16T15:00:16.8619612Z [7m185[0m           channel: 'ui',
2025-04-16T15:00:16.8620209Z [7m   [0m [91m          ~~~~~~~[0m
2025-04-16T15:00:16.8620496Z 
2025-04-16T15:00:16.8620987Z   [96msrc/app/core/models/alert.model.ts[0m:[93m66[0m:[93m3[0m
2025-04-16T15:00:16.8621690Z     [7m66[0m   channel: AlertChannel;
2025-04-16T15:00:16.8622197Z     [7m  [0m [96m  ~~~~~~~[0m
2025-04-16T15:00:16.8623022Z     The expected type comes from property 'channel' which is declared here on type 'AlertNotification'
2025-04-16T15:00:16.8623867Z 
2025-04-16T15:00:16.8623877Z 
2025-04-16T15:00:16.8625213Z Error: [96msrc/app/core/services/alert.service.ts[0m:[93m188[0m:[93m11[0m - [91merror[0m[90m TS2322: [0mType '"email"' is not assignable to type 'AlertChannel'.
2025-04-16T15:00:16.8626100Z 
2025-04-16T15:00:16.8626412Z [7m188[0m           channel: 'email',
2025-04-16T15:00:16.8626955Z [7m   [0m [91m          ~~~~~~~[0m
2025-04-16T15:00:16.8627237Z 
2025-04-16T15:00:16.8627705Z   [96msrc/app/core/models/alert.model.ts[0m:[93m66[0m:[93m3[0m
2025-04-16T15:00:16.8628410Z     [7m66[0m   channel: AlertChannel;
2025-04-16T15:00:16.8628929Z     [7m  [0m [96m  ~~~~~~~[0m
2025-04-16T15:00:16.8629739Z     The expected type comes from property 'channel' which is declared here on type 'AlertNotification'
2025-04-16T15:00:16.8630345Z 
2025-04-16T15:00:16.8630353Z 
2025-04-16T15:00:16.8631685Z Error: [96msrc/app/core/services/alert.service.ts[0m:[93m219[0m:[93m9[0m - [91merror[0m[90m TS2322: [0mType 'string' is not assignable to type 'AlertTimeWindow'.
2025-04-16T15:00:16.8632600Z 
2025-04-16T15:00:16.8632874Z [7m219[0m         timeWindow,
2025-04-16T15:00:16.8653849Z [7m   [0m [91m        ~~~~~~~~~~[0m
2025-04-16T15:00:16.8654176Z 
2025-04-16T15:00:16.8654733Z   [96msrc/app/core/models/alert.model.ts[0m:[93m52[0m:[93m3[0m
2025-04-16T15:00:16.8655494Z     [7m52[0m   timeWindow: AlertTimeWindow;
2025-04-16T15:00:16.8656042Z     [7m  [0m [96m  ~~~~~~~~~~[0m
2025-04-16T15:00:16.8656873Z     The expected type comes from property 'timeWindow' which is declared here on type 'AlertCondition'
2025-04-16T15:00:16.8657498Z 
2025-04-16T15:00:16.8657508Z 
2025-04-16T15:00:16.8658806Z Error: [96msrc/app/core/services/alert.service.ts[0m:[93m223[0m:[93m11[0m - [91merror[0m[90m TS2322: [0mType '"ui"' is not assignable to type 'AlertChannel'.
2025-04-16T15:00:16.8659697Z 
2025-04-16T15:00:16.8659999Z [7m223[0m           channel: 'ui',
2025-04-16T15:00:16.8660551Z [7m   [0m [91m          ~~~~~~~[0m
2025-04-16T15:00:16.8660825Z 
2025-04-16T15:00:16.8661286Z   [96msrc/app/core/models/alert.model.ts[0m:[93m66[0m:[93m3[0m
2025-04-16T15:00:16.8661987Z     [7m66[0m   channel: AlertChannel;
2025-04-16T15:00:16.8662529Z     [7m  [0m [96m  ~~~~~~~[0m
2025-04-16T15:00:16.8664072Z     The expected type comes from property 'channel' which is declared here on type 'AlertNotification'
2025-04-16T15:00:16.8664704Z 
2025-04-16T15:00:16.8664713Z 
2025-04-16T15:00:16.8666050Z Error: [96msrc/app/core/services/alert.service.ts[0m:[93m226[0m:[93m11[0m - [91merror[0m[90m TS2322: [0mType '"email"' is not assignable to type 'AlertChannel'.
2025-04-16T15:00:16.8666990Z 
2025-04-16T15:00:16.8667321Z [7m226[0m           channel: 'email',
2025-04-16T15:00:16.8667883Z [7m   [0m [91m          ~~~~~~~[0m
2025-04-16T15:00:16.8668167Z 
2025-04-16T15:00:16.8668661Z   [96msrc/app/core/models/alert.model.ts[0m:[93m66[0m:[93m3[0m
2025-04-16T15:00:16.8669382Z     [7m66[0m   channel: AlertChannel;
2025-04-16T15:00:16.8669926Z     [7m  [0m [96m  ~~~~~~~[0m
2025-04-16T15:00:16.8670753Z     The expected type comes from property 'channel' which is declared here on type 'AlertNotification'
2025-04-16T15:00:16.8671425Z 
2025-04-16T15:00:16.8671435Z 
2025-04-16T15:00:16.8672801Z Error: [96msrc/app/core/services/alert.service.ts[0m:[93m259[0m:[93m9[0m - [91merror[0m[90m TS2322: [0mType 'string' is not assignable to type 'AlertTimeWindow'.
2025-04-16T15:00:16.8693191Z 
2025-04-16T15:00:16.8693764Z [7m259[0m         timeWindow,
2025-04-16T15:00:16.8694348Z [7m   [0m [91m        ~~~~~~~~~~[0m
2025-04-16T15:00:16.8694635Z 
2025-04-16T15:00:16.8695115Z   [96msrc/app/core/models/alert.model.ts[0m:[93m52[0m:[93m3[0m
2025-04-16T15:00:16.8695864Z     [7m52[0m   timeWindow: AlertTimeWindow;
2025-04-16T15:00:16.8696440Z     [7m  [0m [96m  ~~~~~~~~~~[0m
2025-04-16T15:00:16.8697301Z     The expected type comes from property 'timeWindow' which is declared here on type 'AlertCondition'
2025-04-16T15:00:16.8697932Z 
2025-04-16T15:00:16.8697942Z 
2025-04-16T15:00:16.8699240Z Error: [96msrc/app/core/services/alert.service.ts[0m:[93m264[0m:[93m11[0m - [91merror[0m[90m TS2322: [0mType '"ui"' is not assignable to type 'AlertChannel'.
2025-04-16T15:00:16.8700122Z 
2025-04-16T15:00:16.8700433Z [7m264[0m           channel: 'ui',
2025-04-16T15:00:16.8700990Z [7m   [0m [91m          ~~~~~~~[0m
2025-04-16T15:00:16.8701263Z 
2025-04-16T15:00:16.8701717Z   [96msrc/app/core/models/alert.model.ts[0m:[93m66[0m:[93m3[0m
2025-04-16T15:00:16.8702563Z     [7m66[0m   channel: AlertChannel;
2025-04-16T15:00:16.8703086Z     [7m  [0m [96m  ~~~~~~~[0m
2025-04-16T15:00:16.8704092Z     The expected type comes from property 'channel' which is declared here on type 'AlertNotification'
2025-04-16T15:00:16.8704713Z 
2025-04-16T15:00:16.8704723Z 
2025-04-16T15:00:16.8706094Z Error: [96msrc/app/core/services/alert.service.ts[0m:[93m267[0m:[93m11[0m - [91merror[0m[90m TS2322: [0mType '"slack"' is not assignable to type 'AlertChannel'.
2025-04-16T15:00:16.8707002Z 
2025-04-16T15:00:16.8707318Z [7m267[0m           channel: 'slack',
2025-04-16T15:00:16.8707885Z [7m   [0m [91m          ~~~~~~~[0m
2025-04-16T15:00:16.8708155Z 
2025-04-16T15:00:16.8708617Z   [96msrc/app/core/models/alert.model.ts[0m:[93m66[0m:[93m3[0m
2025-04-16T15:00:16.8709343Z     [7m66[0m   channel: AlertChannel;
2025-04-16T15:00:16.8709856Z     [7m  [0m [96m  ~~~~~~~[0m
2025-04-16T15:00:16.8710669Z     The expected type comes from property 'channel' which is declared here on type 'AlertNotification'
2025-04-16T15:00:16.8711282Z 
2025-04-16T15:00:16.8711290Z 
2025-04-16T15:00:16.8712642Z Error: [96msrc/app/core/services/alert.service.ts[0m:[93m300[0m:[93m9[0m - [91merror[0m[90m TS2322: [0mType 'string' is not assignable to type 'AlertTimeWindow'.
2025-04-16T15:00:16.8736051Z 
2025-04-16T15:00:16.8736399Z [7m300[0m         timeWindow,
2025-04-16T15:00:16.8736985Z [7m   [0m [91m        ~~~~~~~~~~[0m
2025-04-16T15:00:16.8737266Z 
2025-04-16T15:00:16.8737764Z   [96msrc/app/core/models/alert.model.ts[0m:[93m52[0m:[93m3[0m
2025-04-16T15:00:16.8738538Z     [7m52[0m   timeWindow: AlertTimeWindow;
2025-04-16T15:00:16.8739124Z     [7m  [0m [96m  ~~~~~~~~~~[0m
2025-04-16T15:00:16.8740590Z     The expected type comes from property 'timeWindow' which is declared here on type 'AlertCondition'
2025-04-16T15:00:16.8741271Z 
2025-04-16T15:00:16.8741281Z 
2025-04-16T15:00:16.8742566Z Error: [96msrc/app/core/services/alert.service.ts[0m:[93m305[0m:[93m11[0m - [91merror[0m[90m TS2322: [0mType '"ui"' is not assignable to type 'AlertChannel'.
2025-04-16T15:00:16.8743668Z 
2025-04-16T15:00:16.8744030Z [7m305[0m           channel: 'ui',
2025-04-16T15:00:16.8744650Z [7m   [0m [91m          ~~~~~~~[0m
2025-04-16T15:00:16.8744943Z 
2025-04-16T15:00:16.8745451Z   [96msrc/app/core/models/alert.model.ts[0m:[93m66[0m:[93m3[0m
2025-04-16T15:00:16.8746186Z     [7m66[0m   channel: AlertChannel;
2025-04-16T15:00:16.8746697Z     [7m  [0m [96m  ~~~~~~~[0m
2025-04-16T15:00:16.8747545Z     The expected type comes from property 'channel' which is declared here on type 'AlertNotification'
2025-04-16T15:00:16.8748175Z 
2025-04-16T15:00:16.8748185Z 
2025-04-16T15:00:16.8749554Z Error: [96msrc/app/core/services/alert.service.ts[0m:[93m308[0m:[93m11[0m - [91merror[0m[90m TS2322: [0mType '"email"' is not assignable to type 'AlertChannel'.
2025-04-16T15:00:16.8750462Z 
2025-04-16T15:00:16.8750828Z [7m308[0m           channel: 'email',
2025-04-16T15:00:16.8751379Z [7m   [0m [91m          ~~~~~~~[0m
2025-04-16T15:00:16.8751645Z 
2025-04-16T15:00:16.8752087Z   [96msrc/app/core/models/alert.model.ts[0m:[93m66[0m:[93m3[0m
2025-04-16T15:00:16.8752760Z     [7m66[0m   channel: AlertChannel;
2025-04-16T15:00:16.8753251Z     [7m  [0m [96m  ~~~~~~~[0m
2025-04-16T15:00:16.8763719Z     The expected type comes from property 'channel' which is declared here on type 'AlertNotification'
2025-04-16T15:00:16.8764370Z 
2025-04-16T15:00:16.8764381Z 
2025-04-16T15:00:16.8766357Z Error: [96msrc/app/core/services/encryption.service.spec.ts[0m:[93m77[0m:[93m22[0m - [91merror[0m[90m TS2551: [0mProperty 'getCurrentUserId' does not exist on type 'SpyObj<AuthService>'. Did you mean 'getCurrentUser'?
2025-04-16T15:00:16.8767700Z 
2025-04-16T15:00:16.8768350Z [7m77[0m       authServiceSpy.getCurrentUserId.and.returnValue('');
2025-04-16T15:00:16.8769259Z [7m  [0m [91m                     ~~~~~~~~~~~~~~~~[0m
2025-04-16T15:00:16.8769609Z 
2025-04-16T15:00:16.8770168Z   [96msrc/app/core/services/auth.service.ts[0m:[93m135[0m:[93m3[0m
2025-04-16T15:00:16.8771058Z     [7m135[0m   getCurrentUser(): User | null {
2025-04-16T15:00:16.8771697Z     [7m   [0m [96m  ~~~~~~~~~~~~~~[0m
2025-04-16T15:00:16.8772218Z     'getCurrentUser' is declared here.
2025-04-16T15:00:16.8772533Z 
2025-04-16T15:00:16.8772543Z 
2025-04-16T15:00:16.8780332Z Error: [96msrc/app/core/services/encryption.service.ts[0m:[93m73[0m:[93m39[0m - [91merror[0m[90m TS2551: [0mProperty 'getCurrentUserId' does not exist on type 'AuthService'. Did you mean 'getCurrentUser'?
2025-04-16T15:00:16.8781549Z 
2025-04-16T15:00:16.8782130Z [7m73[0m       const userId = this.authService.getCurrentUserId();
2025-04-16T15:00:16.8783055Z [7m  [0m [91m                                      ~~~~~~~~~~~~~~~~[0m
2025-04-16T15:00:16.8783621Z 
2025-04-16T15:00:16.8784162Z   [96msrc/app/core/services/auth.service.ts[0m:[93m135[0m:[93m3[0m
2025-04-16T15:00:16.8784963Z     [7m135[0m   getCurrentUser(): User | null {
2025-04-16T15:00:16.8785549Z     [7m   [0m [96m  ~~~~~~~~~~~~~~[0m
2025-04-16T15:00:16.8786020Z     'getCurrentUser' is declared here.
2025-04-16T15:00:16.8786312Z 
2025-04-16T15:00:16.8786321Z 
2025-04-16T15:00:16.8788007Z Error: [96msrc/app/core/services/encryption.service.ts[0m:[93m113[0m:[93m37[0m - [91merror[0m[90m TS2551: [0mProperty 'getCurrentUserId' does not exist on type 'AuthService'. Did you mean 'getCurrentUser'?
2025-04-16T15:00:16.8789014Z 
2025-04-16T15:00:16.8789465Z [7m113[0m     const userId = this.authService.getCurrentUserId();
2025-04-16T15:00:16.8790194Z [7m   [0m [91m                                    ~~~~~~~~~~~~~~~~[0m
2025-04-16T15:00:16.8790477Z 
2025-04-16T15:00:16.8791297Z   [96msrc/app/core/services/auth.service.ts[0m:[93m135[0m:[93m3[0m
2025-04-16T15:00:16.8791976Z     [7m135[0m   getCurrentUser(): User | null {
2025-04-16T15:00:16.8792475Z     [7m   [0m [96m  ~~~~~~~~~~~~~~[0m
2025-04-16T15:00:16.8792894Z     'getCurrentUser' is declared here.
2025-04-16T15:00:16.8793137Z 
2025-04-16T15:00:16.8793144Z 
2025-04-16T15:00:16.8795116Z Error: [96msrc/app/core/services/encryption.service.ts[0m:[93m389[0m:[93m37[0m - [91merror[0m[90m TS2551: [0mProperty 'getCurrentUserId' does not exist on type 'AuthService'. Did you mean 'getCurrentUser'?
2025-04-16T15:00:16.8796342Z 
2025-04-16T15:00:16.8796938Z [7m389[0m     const userId = this.authService.getCurrentUserId();
2025-04-16T15:00:16.8797822Z [7m   [0m [91m                                    ~~~~~~~~~~~~~~~~[0m
2025-04-16T15:00:16.8798136Z 
2025-04-16T15:00:16.8798626Z   [96msrc/app/core/services/auth.service.ts[0m:[93m135[0m:[93m3[0m
2025-04-16T15:00:16.8799431Z     [7m135[0m   getCurrentUser(): User | null {
2025-04-16T15:00:16.8800090Z     [7m   [0m [96m  ~~~~~~~~~~~~~~[0m
2025-04-16T15:00:16.8800599Z     'getCurrentUser' is declared here.
2025-04-16T15:00:16.8800917Z 
2025-04-16T15:00:16.8800927Z 
2025-04-16T15:00:16.8802710Z Error: [96msrc/app/core/services/encryption.service.ts[0m:[93m522[0m:[93m37[0m - [91merror[0m[90m TS2551: [0mProperty 'getCurrentUserId' does not exist on type 'AuthService'. Did you mean 'getCurrentUser'?
2025-04-16T15:00:16.8804060Z 
2025-04-16T15:00:16.8804623Z [7m522[0m     const userId = this.authService.getCurrentUserId();
2025-04-16T15:00:16.8805594Z [7m   [0m [91m                                    ~~~~~~~~~~~~~~~~[0m
2025-04-16T15:00:16.8805953Z 
2025-04-16T15:00:16.8806497Z   [96msrc/app/core/services/auth.service.ts[0m:[93m135[0m:[93m3[0m
2025-04-16T15:00:16.8807344Z     [7m135[0m   getCurrentUser(): User | null {
2025-04-16T15:00:16.8807990Z     [7m   [0m [96m  ~~~~~~~~~~~~~~[0m
2025-04-16T15:00:16.8808502Z     'getCurrentUser' is declared here.
2025-04-16T15:00:16.8808824Z 
2025-04-16T15:00:16.8808841Z 
2025-04-16T15:00:16.8810564Z Error: [96msrc/app/core/services/encryption.service.ts[0m:[93m721[0m:[93m37[0m - [91merror[0m[90m TS2551: [0mProperty 'getCurrentUserId' does not exist on type 'AuthService'. Did you mean 'getCurrentUser'?
2025-04-16T15:00:16.8811703Z 
2025-04-16T15:00:16.8812234Z [7m721[0m     const userId = this.authService.getCurrentUserId();
2025-04-16T15:00:16.8813038Z [7m   [0m [91m                                    ~~~~~~~~~~~~~~~~[0m
2025-04-16T15:00:16.8813670Z 
2025-04-16T15:00:16.8814170Z   [96msrc/app/core/services/auth.service.ts[0m:[93m135[0m:[93m3[0m
2025-04-16T15:00:16.8814916Z     [7m135[0m   getCurrentUser(): User | null {
2025-04-16T15:00:16.8815462Z     [7m   [0m [96m  ~~~~~~~~~~~~~~[0m
2025-04-16T15:00:16.8815919Z     'getCurrentUser' is declared here.
2025-04-16T15:00:16.8816197Z 
2025-04-16T15:00:16.8816206Z 
2025-04-16T15:00:16.8817829Z Error: [96msrc/app/core/services/encryption.service.ts[0m:[93m755[0m:[93m37[0m - [91merror[0m[90m TS2551: [0mProperty 'getCurrentUserId' does not exist on type 'AuthService'. Did you mean 'getCurrentUser'?
2025-04-16T15:00:16.8818978Z 
2025-04-16T15:00:16.8819470Z [7m755[0m     const userId = this.authService.getCurrentUserId();
2025-04-16T15:00:16.8820286Z [7m   [0m [91m                                    ~~~~~~~~~~~~~~~~[0m
2025-04-16T15:00:16.8820614Z 
2025-04-16T15:00:16.8821084Z   [96msrc/app/core/services/auth.service.ts[0m:[93m135[0m:[93m3[0m
2025-04-16T15:00:16.8821815Z     [7m135[0m   getCurrentUser(): User | null {
2025-04-16T15:00:16.8822345Z     [7m   [0m [96m  ~~~~~~~~~~~~~~[0m
2025-04-16T15:00:16.8822787Z     'getCurrentUser' is declared here.
2025-04-16T15:00:16.8823072Z 
2025-04-16T15:00:16.8823079Z 
2025-04-16T15:00:16.8825763Z Error: [96msrc/app/core/services/favorite.service.spec.ts[0m:[93m58[0m:[93m35[0m - [91merror[0m[90m TS2345: [0mArgument of type '{ _id: string; ad: { _id: string; title: string; }; }[]' is not assignable to parameter of type 'Expected<ArrayLike<Favorite>> | ArrayContaining<Favorite>'.
2025-04-16T15:00:16.8828246Z   Type '{ _id: string; ad: { _id: string; title: string; }; }[]' is not assignable to type '{ [x: number]: ExpectedRecursive<Favorite>; length: ExpectedRecursive<number>; }'.
2025-04-16T15:00:16.8829293Z     'number' index signatures are incompatible.
2025-04-16T15:00:16.8830158Z       Type '{ _id: string; ad: { _id: string; title: string; }; }' is not assignable to type 'ExpectedRecursive<Favorite>'.
2025-04-16T15:00:16.8832538Z         Type '{ _id: string; ad: { _id: string; title: string; }; }' is missing the following properties from type '{ _id: Any | ExpectedRecursive<string>; user: Any | ExpectedRecursive<string>; ad: Any | ExpectedRecursive<Ad>; ... 5 more ...; updatedAt: Any | ExpectedRecursive<...>; }': user, notes, notificationsEnabled, tags, and 3 more.
2025-04-16T15:00:16.8834288Z 
2025-04-16T15:00:16.8834757Z [7m58[0m         expect(favorites).toEqual(mockFavorites);
2025-04-16T15:00:16.8835508Z [7m  [0m [91m                                  ~~~~~~~~~~~~~[0m
2025-04-16T15:00:16.8835813Z 
2025-04-16T15:00:16.8835822Z 
2025-04-16T15:00:16.8837255Z Error: [96msrc/app/core/services/favorite.service.ts[0m:[93m101[0m:[93m19[0m - [91merror[0m[90m TS2339: [0mProperty 'priority' does not exist on type 'FavoriteFilterOptions'.
2025-04-16T15:00:16.8838297Z 
2025-04-16T15:00:16.8838696Z [7m101[0m       if (options.priority) {
2025-04-16T15:00:16.8839363Z [7m   [0m [91m                  ~~~~~~~~[0m
2025-04-16T15:00:16.8839676Z 
2025-04-16T15:00:16.8839684Z 
2025-04-16T15:00:16.8841168Z Error: [96msrc/app/core/services/favorite.service.ts[0m:[93m102[0m:[93m49[0m - [91merror[0m[90m TS2339: [0mProperty 'priority' does not exist on type 'FavoriteFilterOptions'.
2025-04-16T15:00:16.8842248Z 
2025-04-16T15:00:16.8842816Z [7m102[0m         params = params.set('priority', options.priority);
2025-04-16T15:00:16.8844121Z [7m   [0m [91m                                                ~~~~~~~~[0m
2025-04-16T15:00:16.8844525Z 
2025-04-16T15:00:16.8844535Z 
2025-04-16T15:00:16.8846043Z Error: [96msrc/app/core/services/favorite.service.ts[0m:[93m104[0m:[93m19[0m - [91merror[0m[90m TS2339: [0mProperty 'priceMin' does not exist on type 'FavoriteFilterOptions'.
2025-04-16T15:00:16.8847106Z 
2025-04-16T15:00:16.8847575Z [7m104[0m       if (options.priceMin !== undefined) {
2025-04-16T15:00:16.8848275Z [7m   [0m [91m                  ~~~~~~~~[0m
2025-04-16T15:00:16.8848587Z 
2025-04-16T15:00:16.8848596Z 
2025-04-16T15:00:16.8850100Z Error: [96msrc/app/core/services/favorite.service.ts[0m:[93m105[0m:[93m49[0m - [91merror[0m[90m TS2339: [0mProperty 'priceMin' does not exist on type 'FavoriteFilterOptions'.
2025-04-16T15:00:16.8851148Z 
2025-04-16T15:00:16.8851752Z [7m105[0m         params = params.set('priceMin', options.priceMin.toString());
2025-04-16T15:00:16.8852742Z [7m   [0m [91m                                                ~~~~~~~~[0m
2025-04-16T15:00:16.8853113Z 
2025-04-16T15:00:16.8853128Z 
2025-04-16T15:00:16.8854836Z Error: [96msrc/app/core/services/favorite.service.ts[0m:[93m107[0m:[93m19[0m - [91merror[0m[90m TS2339: [0mProperty 'priceMax' does not exist on type 'FavoriteFilterOptions'.
2025-04-16T15:00:16.8855831Z 
2025-04-16T15:00:16.8856241Z [7m107[0m       if (options.priceMax !== undefined) {
2025-04-16T15:00:16.8856887Z [7m   [0m [91m                  ~~~~~~~~[0m
2025-04-16T15:00:16.8857180Z 
2025-04-16T15:00:16.8857188Z 
2025-04-16T15:00:16.8858593Z Error: [96msrc/app/core/services/favorite.service.ts[0m:[93m108[0m:[93m49[0m - [91merror[0m[90m TS2339: [0mProperty 'priceMax' does not exist on type 'FavoriteFilterOptions'.
2025-04-16T15:00:16.8859587Z 
2025-04-16T15:00:16.8860159Z [7m108[0m         params = params.set('priceMax', options.priceMax.toString());
2025-04-16T15:00:16.8861037Z [7m   [0m [91m                                                ~~~~~~~~[0m
2025-04-16T15:00:16.8861590Z 
2025-04-16T15:00:16.8861607Z 
2025-04-16T15:00:16.8863184Z Error: [96msrc/app/core/services/favorite.service.ts[0m:[93m110[0m:[93m19[0m - [91merror[0m[90m TS2339: [0mProperty 'dateFrom' does not exist on type 'FavoriteFilterOptions'.
2025-04-16T15:00:16.8864429Z 
2025-04-16T15:00:16.8864820Z [7m110[0m       if (options.dateFrom) {
2025-04-16T15:00:16.8865519Z [7m   [0m [91m                  ~~~~~~~~[0m
2025-04-16T15:00:16.8865847Z 
2025-04-16T15:00:16.8865856Z 
2025-04-16T15:00:16.8867412Z Error: [96msrc/app/core/services/favorite.service.ts[0m:[93m111[0m:[93m58[0m - [91merror[0m[90m TS2339: [0mProperty 'dateFrom' does not exist on type 'FavoriteFilterOptions'.
2025-04-16T15:00:16.8876467Z 
2025-04-16T15:00:16.8877219Z [7m111[0m         params = params.set('dateFrom', new Date(options.dateFrom).toISOString());
2025-04-16T15:00:16.8878209Z [7m   [0m [91m                                                         ~~~~~~~~[0m
2025-04-16T15:00:16.8878547Z 
2025-04-16T15:00:16.8878567Z 
2025-04-16T15:00:16.8879955Z Error: [96msrc/app/core/services/favorite.service.ts[0m:[93m113[0m:[93m19[0m - [91merror[0m[90m TS2339: [0mProperty 'dateTo' does not exist on type 'FavoriteFilterOptions'.
2025-04-16T15:00:16.8880905Z 
2025-04-16T15:00:16.8881199Z [7m113[0m       if (options.dateTo) {
2025-04-16T15:00:16.8881761Z [7m   [0m [91m                  ~~~~~~[0m
2025-04-16T15:00:16.8882034Z 
2025-04-16T15:00:16.8882042Z 
2025-04-16T15:00:16.8883716Z Error: [96msrc/app/core/services/favorite.service.ts[0m:[93m114[0m:[93m56[0m - [91merror[0m[90m TS2339: [0mProperty 'dateTo' does not exist on type 'FavoriteFilterOptions'.
2025-04-16T15:00:16.8884706Z 
2025-04-16T15:00:16.8885403Z [7m114[0m         params = params.set('dateTo', new Date(options.dateTo).toISOString());
2025-04-16T15:00:16.8886352Z [7m   [0m [91m                                                       ~~~~~~[0m
2025-04-16T15:00:16.8886727Z 
2025-04-16T15:00:16.8886735Z 
2025-04-16T15:00:16.8888130Z Error: [96msrc/app/core/services/favorite.service.ts[0m:[93m116[0m:[93m19[0m - [91merror[0m[90m TS2339: [0mProperty 'tags' does not exist on type 'FavoriteFilterOptions'.
2025-04-16T15:00:16.8889079Z 
2025-04-16T15:00:16.8889546Z [7m116[0m       if (options.tags && options.tags.length > 0) {
2025-04-16T15:00:16.8890228Z [7m   [0m [91m                  ~~~~[0m
2025-04-16T15:00:16.8890508Z 
2025-04-16T15:00:16.8890516Z 
2025-04-16T15:00:16.8891885Z Error: [96msrc/app/core/services/favorite.service.ts[0m:[93m116[0m:[93m35[0m - [91merror[0m[90m TS2339: [0mProperty 'tags' does not exist on type 'FavoriteFilterOptions'.
2025-04-16T15:00:16.8892838Z 
2025-04-16T15:00:16.8919498Z [7m116[0m       if (options.tags && options.tags.length > 0) {
2025-04-16T15:00:16.8920502Z [7m   [0m [91m                                  ~~~~[0m
2025-04-16T15:00:16.8920874Z 
2025-04-16T15:00:16.8920891Z 
2025-04-16T15:00:16.8922408Z Error: [96msrc/app/core/services/favorite.service.ts[0m:[93m118[0m:[93m17[0m - [91merror[0m[90m TS2339: [0mProperty 'tags' does not exist on type 'FavoriteFilterOptions'.
2025-04-16T15:00:16.8923802Z 
2025-04-16T15:00:16.8924249Z [7m118[0m         options.tags.forEach(tag => {
2025-04-16T15:00:16.8924888Z [7m   [0m [91m                ~~~~[0m
2025-04-16T15:00:16.8925170Z 
2025-04-16T15:00:16.8925179Z 
2025-04-16T15:00:16.8927183Z Error: [96msrc/app/core/services/geocoding.service.ts[0m:[93m62[0m:[93m5[0m - [91merror[0m[90m TS2322: [0mType 'Observable<GeocodingResult | { type: string; coordinates: [number, number]; }>' is not assignable to type 'Observable<GeocodingResult>'.
2025-04-16T15:00:16.8929168Z   Type 'GeocodingResult | { type: string; coordinates: [number, number]; }' is not assignable to type 'GeocodingResult'.
2025-04-16T15:00:16.8930369Z     Type '{ type: string; coordinates: [number, number]; }' is not assignable to type 'GeocodingResult'.
2025-04-16T15:00:16.8931164Z       Types of property 'type' are incompatible.
2025-04-16T15:00:16.8932340Z         Type 'string' is not assignable to type '"Point"'.
2025-04-16T15:00:16.8932720Z 
2025-04-16T15:00:16.8933475Z [7m62[0m     return this.locationService.getCityCoordinates(city).pipe(
2025-04-16T15:00:16.8934197Z [7m  [0m [91m    ~~~~~~[0m
2025-04-16T15:00:16.8934465Z 
2025-04-16T15:00:16.8934474Z 
2025-04-16T15:00:16.8936353Z Error: [96msrc/app/core/services/geocoding.service.ts[0m:[93m155[0m:[93m5[0m - [91merror[0m[90m TS2322: [0mType 'Observable<{ type: string; coordinates: number[]; }>' is not assignable to type 'Observable<GeocodingResult>'.
2025-04-16T15:00:16.8938134Z   Type '{ type: string; coordinates: number[]; }' is not assignable to type 'GeocodingResult'.
2025-04-16T15:00:16.8938938Z     Types of property 'type' are incompatible.
2025-04-16T15:00:16.8939546Z       Type 'string' is not assignable to type '"Point"'.
2025-04-16T15:00:16.8939908Z 
2025-04-16T15:00:16.8940597Z [7m155[0m     return this.http.get<any[]>(`${this.nominatimUrl}?${queryString}`).pipe(
2025-04-16T15:00:16.8941402Z [7m   [0m [91m    ~~~~~~[0m
2025-04-16T15:00:16.8941688Z 
2025-04-16T15:00:16.8941698Z 
2025-04-16T15:00:16.8983549Z Error: [96msrc/app/features/favorites/favorites-list/favorites-list.component.spec.ts[0m:[93m98[0m:[93m53[0m - [91merror[0m[90m TS2345: [0mArgument of type 'Observable<{ _id: string; ad: { _id: string; title: string; price: number; location: { city: string; county: string; }; images: { url: string; }[]; advertiser: { _id: string; }; }; notes: string; notificationsEnabled: boolean; createdAt: string; }[]>' is not assignable to parameter of type 'Observable<Favorite[]>'.
2025-04-16T15:00:16.8987409Z   Type '{ _id: string; ad: { _id: string; title: string; price: number; location: { city: string; county: string; }; images: { url: string; }[]; advertiser: { _id: string; }; }; notes: string; notificationsEnabled: boolean; createdAt: string; }[]' is not assignable to type 'Favorite[]'.
2025-04-16T15:00:16.8990745Z     Type '{ _id: string; ad: { _id: string; title: string; price: number; location: { city: string; county: string; }; images: { url: string; }[]; advertiser: { _id: string; }; }; notes: string; notificationsEnabled: boolean; createdAt: string; }' is missing the following properties from type 'Favorite': user, tags, priority, updatedAt
2025-04-16T15:00:16.8992492Z 
2025-04-16T15:00:16.8993487Z [7m98[0m     favoriteServiceSpy.getFavorites.and.returnValue(of(mockFavorites));
2025-04-16T15:00:16.8994598Z [7m  [0m [91m                                                    ~~~~~~~~~~~~~~~~~[0m
2025-04-16T15:00:16.8994947Z 
2025-04-16T15:00:16.8994957Z 
2025-04-16T15:00:16.8998839Z Error: [96msrc/app/features/favorites/favorites-list/favorites-list.component.spec.ts[0m:[93m103[0m:[93m41[0m - [91merror[0m[90m TS2345: [0mArgument of type '{ _id: string; ad: { _id: string; title: string; price: number; location: { city: string; county: string; }; images: { url: string; }[]; advertiser: { _id: string; }; }; notes: string; notificationsEnabled: boolean; createdAt: string; }[]' is not assignable to parameter of type 'Expected<ArrayLike<Favorite>> | ArrayContaining<Favorite>'.
2025-04-16T15:00:16.9012769Z   Type '{ _id: string; ad: { _id: string; title: string; price: number; location: { city: string; county: string; }; images: { url: string; }[]; advertiser: { _id: string; }; }; notes: string; notificationsEnabled: boolean; createdAt: string; }[]' is not assignable to type '{ [x: number]: ExpectedRecursive<Favorite>; length: ExpectedRecursive<number>; }'.
2025-04-16T15:00:16.9014938Z     'number' index signatures are incompatible.
2025-04-16T15:00:16.9016813Z       Type '{ _id: string; ad: { _id: string; title: string; price: number; location: { city: string; county: string; }; images: { url: string; }[]; advertiser: { _id: string; }; }; notes: string; notificationsEnabled: boolean; createdAt: string; }' is not assignable to type 'ExpectedRecursive<Favorite>'.
2025-04-16T15:00:16.9021285Z         Type '{ _id: string; ad: { _id: string; title: string; price: number; location: { city: string; county: string; }; images: { url: string; }[]; advertiser: { _id: string; }; }; notes: string; notificationsEnabled: boolean; createdAt: string; }' is not assignable to type 'Favorite | { _id: Any | ExpectedRecursive<string>; user: Any | ExpectedRecursive<string>; ad: Any | ExpectedRecursive<Ad>; ... 5 more ...; updatedAt: Any | ExpectedRecursive<...>; }'.
2025-04-16T15:00:16.9026836Z           Type '{ _id: string; ad: { _id: string; title: string; price: number; location: { city: string; county: string; }; images: { url: string; }[]; advertiser: { _id: string; }; }; notes: string; notificationsEnabled: boolean; createdAt: string; }' is missing the following properties from type '{ _id: Any | ExpectedRecursive<string>; user: Any | ExpectedRecursive<string>; ad: Any | ExpectedRecursive<Ad>; ... 5 more ...; updatedAt: Any | ExpectedRecursive<...>; }': user, tags, priority, updatedAt
2025-04-16T15:00:16.9029399Z 
2025-04-16T15:00:16.9030024Z [7m103[0m     expect(component.favorites).toEqual(mockFavorites);
2025-04-16T15:00:16.9030981Z [7m   [0m [91m                                        ~~~~~~~~~~~~~[0m
2025-04-16T15:00:16.9031339Z 
2025-04-16T15:00:16.9031349Z 
2025-04-16T15:00:16.9035306Z Error: [96msrc/app/features/favorites/favorites-list/favorites-list.component.spec.ts[0m:[93m117[0m:[93m53[0m - [91merror[0m[90m TS2345: [0mArgument of type 'Observable<{ _id: string; ad: { _id: string; title: string; price: number; location: { city: string; county: string; }; images: { url: string; }[]; advertiser: { _id: string; }; }; notes: string; notificationsEnabled: boolean; createdAt: string; }[]>' is not assignable to parameter of type 'Observable<Favorite[]>'.
2025-04-16T15:00:16.9039221Z   Type '{ _id: string; ad: { _id: string; title: string; price: number; location: { city: string; county: string; }; images: { url: string; }[]; advertiser: { _id: string; }; }; notes: string; notificationsEnabled: boolean; createdAt: string; }[]' is not assignable to type 'Favorite[]'.
2025-04-16T15:00:16.9042454Z     Type '{ _id: string; ad: { _id: string; title: string; price: number; location: { city: string; county: string; }; images: { url: string; }[]; advertiser: { _id: string; }; }; notes: string; notificationsEnabled: boolean; createdAt: string; }' is missing the following properties from type 'Favorite': user, tags, priority, updatedAt
2025-04-16T15:00:16.9044344Z 
2025-04-16T15:00:16.9045063Z [7m117[0m     favoriteServiceSpy.getFavorites.and.returnValue(of(mockFavorites));
2025-04-16T15:00:16.9046096Z [7m   [0m [91m                                                    ~~~~~~~~~~~~~~~~~[0m
2025-04-16T15:00:16.9046460Z 
2025-04-16T15:00:16.9046468Z 
2025-04-16T15:00:16.9050276Z Error: [96msrc/app/features/favorites/favorites-list/favorites-list.component.spec.ts[0m:[93m130[0m:[93m53[0m - [91merror[0m[90m TS2345: [0mArgument of type 'Observable<{ _id: string; ad: { _id: string; title: string; price: number; location: { city: string; county: string; }; images: { url: string; }[]; advertiser: { _id: string; }; }; notes: string; notificationsEnabled: boolean; createdAt: string; }[]>' is not assignable to parameter of type 'Observable<Favorite[]>'.
2025-04-16T15:00:16.9054441Z   Type '{ _id: string; ad: { _id: string; title: string; price: number; location: { city: string; county: string; }; images: { url: string; }[]; advertiser: { _id: string; }; }; notes: string; notificationsEnabled: boolean; createdAt: string; }[]' is not assignable to type 'Favorite[]'.
2025-04-16T15:00:16.9057710Z     Type '{ _id: string; ad: { _id: string; title: string; price: number; location: { city: string; county: string; }; images: { url: string; }[]; advertiser: { _id: string; }; }; notes: string; notificationsEnabled: boolean; createdAt: string; }' is missing the following properties from type 'Favorite': user, tags, priority, updatedAt
2025-04-16T15:00:16.9059372Z 
2025-04-16T15:00:16.9060090Z [7m130[0m     favoriteServiceSpy.getFavorites.and.returnValue(of(mockFavorites));
2025-04-16T15:00:16.9061534Z [7m   [0m [91m                                                    ~~~~~~~~~~~~~~~~~[0m
2025-04-16T15:00:16.9061906Z 
2025-04-16T15:00:16.9061914Z 
2025-04-16T15:00:16.9065730Z Error: [96msrc/app/features/favorites/favorites-list/favorites-list.component.spec.ts[0m:[93m134[0m:[93m35[0m - [91merror[0m[90m TS2345: [0mArgument of type '{ _id: string; ad: { _id: string; title: string; price: number; location: { city: string; county: string; }; images: { url: string; }[]; advertiser: { _id: string; }; }; notes: string; notificationsEnabled: boolean; createdAt: string; }' is not assignable to parameter of type 'Favorite'.
2025-04-16T15:00:16.9069883Z   Type '{ _id: string; ad: { _id: string; title: string; price: number; location: { city: string; county: string; }; images: { url: string; }[]; advertiser: { _id: string; }; }; notes: string; notificationsEnabled: boolean; createdAt: string; }' is missing the following properties from type 'Favorite': user, tags, priority, updatedAt
2025-04-16T15:00:16.9071565Z 
2025-04-16T15:00:16.9072072Z [7m134[0m     component.toggleNotifications(mockFavorites[0]);
2025-04-16T15:00:16.9072917Z [7m   [0m [91m                                  ~~~~~~~~~~~~~~~~[0m
2025-04-16T15:00:16.9073258Z 
2025-04-16T15:00:16.9073415Z 
2025-04-16T15:00:16.9077214Z Error: [96msrc/app/features/favorites/favorites-list/favorites-list.component.spec.ts[0m:[93m144[0m:[93m53[0m - [91merror[0m[90m TS2345: [0mArgument of type 'Observable<{ _id: string; ad: { _id: string; title: string; price: number; location: { city: string; county: string; }; images: { url: string; }[]; advertiser: { _id: string; }; }; notes: string; notificationsEnabled: boolean; createdAt: string; }[]>' is not assignable to parameter of type 'Observable<Favorite[]>'.
2025-04-16T15:00:16.9081198Z   Type '{ _id: string; ad: { _id: string; title: string; price: number; location: { city: string; county: string; }; images: { url: string; }[]; advertiser: { _id: string; }; }; notes: string; notificationsEnabled: boolean; createdAt: string; }[]' is not assignable to type 'Favorite[]'.
2025-04-16T15:00:16.9084677Z     Type '{ _id: string; ad: { _id: string; title: string; price: number; location: { city: string; county: string; }; images: { url: string; }[]; advertiser: { _id: string; }; }; notes: string; notificationsEnabled: boolean; createdAt: string; }' is missing the following properties from type 'Favorite': user, tags, priority, updatedAt
2025-04-16T15:00:16.9086340Z 
2025-04-16T15:00:16.9087027Z [7m144[0m     favoriteServiceSpy.getFavorites.and.returnValue(of(mockFavorites));
2025-04-16T15:00:16.9088049Z [7m   [0m [91m                                                    ~~~~~~~~~~~~~~~~~[0m
2025-04-16T15:00:16.9088399Z 
2025-04-16T15:00:16.9088414Z 
2025-04-16T15:00:16.9091888Z Error: [96msrc/app/features/favorites/favorites-list/favorites-list.component.spec.ts[0m:[93m148[0m:[93m27[0m - [91merror[0m[90m TS2345: [0mArgument of type '{ _id: string; ad: { _id: string; title: string; price: number; location: { city: string; county: string; }; images: { url: string; }[]; advertiser: { _id: string; }; }; notes: string; notificationsEnabled: boolean; createdAt: string; }' is not assignable to parameter of type 'Favorite'.
2025-04-16T15:00:16.9096062Z   Type '{ _id: string; ad: { _id: string; title: string; price: number; location: { city: string; county: string; }; images: { url: string; }[]; advertiser: { _id: string; }; }; notes: string; notificationsEnabled: boolean; createdAt: string; }' is missing the following properties from type 'Favorite': user, tags, priority, updatedAt
2025-04-16T15:00:16.9097688Z 
2025-04-16T15:00:16.9098211Z [7m148[0m     component.updateNotes(mockFavorites[0], 'New notes');
2025-04-16T15:00:16.9099006Z [7m   [0m [91m                          ~~~~~~~~~~~~~~~~[0m
2025-04-16T15:00:16.9099320Z 
2025-04-16T15:00:16.9099328Z 
2025-04-16T15:00:16.9103203Z Error: [96msrc/app/features/favorites/favorites-list/favorites-list.component.spec.ts[0m:[93m156[0m:[93m53[0m - [91merror[0m[90m TS2345: [0mArgument of type 'Observable<{ _id: string; ad: { _id: string; title: string; price: number; location: { city: string; county: string; }; images: { url: string; }[]; advertiser: { _id: string; }; }; notes: string; notificationsEnabled: boolean; createdAt: string; }[]>' is not assignable to parameter of type 'Observable<Favorite[]>'.
2025-04-16T15:00:16.9107508Z   Type '{ _id: string; ad: { _id: string; title: string; price: number; location: { city: string; county: string; }; images: { url: string; }[]; advertiser: { _id: string; }; }; notes: string; notificationsEnabled: boolean; createdAt: string; }[]' is not assignable to type 'Favorite[]'.
2025-04-16T15:00:16.9110751Z     Type '{ _id: string; ad: { _id: string; title: string; price: number; location: { city: string; county: string; }; images: { url: string; }[]; advertiser: { _id: string; }; }; notes: string; notificationsEnabled: boolean; createdAt: string; }' is missing the following properties from type 'Favorite': user, tags, priority, updatedAt
2025-04-16T15:00:16.9112410Z 
2025-04-16T15:00:16.9113132Z [7m156[0m     favoriteServiceSpy.getFavorites.and.returnValue(of(mockFavorites));
2025-04-16T15:00:16.9114432Z [7m   [0m [91m                                                    ~~~~~~~~~~~~~~~~~[0m
2025-04-16T15:00:16.9114792Z 
2025-04-16T15:00:16.9114803Z 
2025-04-16T15:00:16.9118307Z Error: [96msrc/app/features/favorites/favorites-list/favorites-list.component.spec.ts[0m:[93m165[0m:[93m31[0m - [91merror[0m[90m TS2345: [0mArgument of type '{ _id: string; ad: { _id: string; title: string; price: number; location: { city: string; county: string; }; images: { url: string; }[]; advertiser: { _id: string; }; }; notes: string; notificationsEnabled: boolean; createdAt: string; }' is not assignable to parameter of type 'Favorite'.
2025-04-16T15:00:16.9122440Z   Type '{ _id: string; ad: { _id: string; title: string; price: number; location: { city: string; county: string; }; images: { url: string; }[]; advertiser: { _id: string; }; }; notes: string; notificationsEnabled: boolean; createdAt: string; }' is missing the following properties from type 'Favorite': user, tags, priority, updatedAt
2025-04-16T15:00:16.9124345Z 
2025-04-16T15:00:16.9124871Z [7m165[0m     component.openNotesDialog(mockFavorites[0]);
2025-04-16T15:00:16.9125706Z [7m   [0m [91m                              ~~~~~~~~~~~~~~~~[0m
2025-04-16T15:00:16.9126056Z 
2025-04-16T15:00:16.9126066Z 
2025-04-16T15:00:16.9127738Z Error: [96msrc/app/features/favorites/favorites-list/favorites-list.component.ts[0m:[93m875[0m:[93m36[0m - [91merror[0m[90m TS2339: [0mProperty 'selected' does not exist on type 'Favorite'.
2025-04-16T15:00:16.9128879Z 
2025-04-16T15:00:16.9129295Z [7m875[0m       .filter(favorite => favorite.selected)
2025-04-16T15:00:16.9130026Z [7m   [0m [91m                                   ~~~~~~~~[0m
2025-04-16T15:00:16.9130353Z 
2025-04-16T15:00:16.9130362Z 
2025-04-16T15:00:16.9132278Z Error: [96msrc/app/shared/components/chat-message/chat-message.component.ts[0m:[93m40[0m:[93m44[0m - [91merror[0m[90m TS2551: [0mProperty 'getCurrentUserId' does not exist on type 'AuthService'. Did you mean 'getCurrentUser'?
2025-04-16T15:00:16.9133907Z 
2025-04-16T15:00:16.9134497Z [7m40[0m     const currentUserId = this.authService.getCurrentUserId();
2025-04-16T15:00:16.9135493Z [7m  [0m [91m                                           ~~~~~~~~~~~~~~~~[0m
2025-04-16T15:00:16.9135861Z 
2025-04-16T15:00:16.9136402Z   [96msrc/app/core/services/auth.service.ts[0m:[93m135[0m:[93m3[0m
2025-04-16T15:00:16.9137245Z     [7m135[0m   getCurrentUser(): User | null {
2025-04-16T15:00:16.9137864Z     [7m   [0m [96m  ~~~~~~~~~~~~~~[0m
2025-04-16T15:00:16.9138382Z     'getCurrentUser' is declared here.
2025-04-16T15:00:16.9138696Z 
2025-04-16T15:00:16.9138714Z 
2025-04-16T15:00:16.9140381Z Error: [96msrc/app/shared/components/chat-message/chat-message.component.ts[0m:[93m109[0m:[93m60[0m - [91merror[0m[90m TS2339: [0mProperty 'createdAt' does not exist on type 'ChatMessage'.
2025-04-16T15:00:16.9141981Z 
2025-04-16T15:00:16.9142802Z [7m109[0m     return new Date(this.message.timestamp || this.message.createdAt || Date.now());
2025-04-16T15:00:16.9144139Z [7m   [0m [91m                                                           ~~~~~~~~~[0m
2025-04-16T15:00:16.9144512Z 
2025-04-16T15:00:16.9144523Z 
2025-04-16T15:00:16.9145793Z Error: [96msrc/app/shared/components/map/map.component.spec.ts[0m:[93m8[0m:[93m1[0m - [91merror[0m[90m TS2304: [0mCannot find name 'jest'.
2025-04-16T15:00:16.9146681Z 
2025-04-16T15:00:16.9147021Z [7m8[0m jest.mock('leaflet', () => {
2025-04-16T15:00:16.9147568Z [7m [0m [91m~~~~[0m
2025-04-16T15:00:16.9147803Z 
2025-04-16T15:00:16.9147813Z 
2025-04-16T15:00:16.9149054Z Error: [96msrc/app/shared/components/map/map.component.spec.ts[0m:[93m9[0m:[93m26[0m - [91merror[0m[90m TS2304: [0mCannot find name 'jest'.
2025-04-16T15:00:16.9149944Z 
2025-04-16T15:00:16.9150470Z [7m9[0m   const originalModule = jest.requireActual('leaflet');
2025-04-16T15:00:16.9151273Z [7m [0m [91m                         ~~~~[0m
2025-04-16T15:00:16.9151587Z 
2025-04-16T15:00:16.9151596Z 
2025-04-16T15:00:16.9152842Z Error: [96msrc/app/shared/components/map/map.component.spec.ts[0m:[93m13[0m:[93m14[0m - [91merror[0m[90m TS2304: [0mCannot find name 'jest'.
2025-04-16T15:00:16.9153945Z 
2025-04-16T15:00:16.9154374Z [7m13[0m     setView: jest.fn().mockReturnThis(),
2025-04-16T15:00:16.9155028Z [7m  [0m [91m             ~~~~[0m
2025-04-16T15:00:16.9155312Z 
2025-04-16T15:00:16.9155321Z 
2025-04-16T15:00:16.9156533Z Error: [96msrc/app/shared/components/map/map.component.spec.ts[0m:[93m14[0m:[93m13[0m - [91merror[0m[90m TS2304: [0mCannot find name 'jest'.
2025-04-16T15:00:16.9157421Z 
2025-04-16T15:00:16.9157743Z [7m14[0m     remove: jest.fn(),
2025-04-16T15:00:16.9158315Z [7m  [0m [91m            ~~~~[0m
2025-04-16T15:00:16.9158589Z 
2025-04-16T15:00:16.9158598Z 
2025-04-16T15:00:16.9159844Z Error: [96msrc/app/shared/components/map/map.component.spec.ts[0m:[93m15[0m:[93m9[0m - [91merror[0m[90m TS2304: [0mCannot find name 'jest'.
2025-04-16T15:00:16.9160724Z 
2025-04-16T15:00:16.9161109Z [7m15[0m     on: jest.fn().mockReturnThis(),
2025-04-16T15:00:16.9161709Z [7m  [0m [91m        ~~~~[0m
2025-04-16T15:00:16.9161971Z 
2025-04-16T15:00:16.9161983Z 
2025-04-16T15:00:16.9163193Z Error: [96msrc/app/shared/components/map/map.component.spec.ts[0m:[93m16[0m:[93m10[0m - [91merror[0m[90m TS2304: [0mCannot find name 'jest'.
2025-04-16T15:00:16.9164272Z 
2025-04-16T15:00:16.9164572Z [7m16[0m     off: jest.fn(),
2025-04-16T15:00:16.9165173Z [7m  [0m [91m         ~~~~[0m
2025-04-16T15:00:16.9165433Z 
2025-04-16T15:00:16.9165442Z 
2025-04-16T15:00:16.9166656Z Error: [96msrc/app/shared/components/map/map.component.spec.ts[0m:[93m17[0m:[93m21[0m - [91merror[0m[90m TS2304: [0mCannot find name 'jest'.
2025-04-16T15:00:16.9167519Z 
2025-04-16T15:00:16.9167875Z [7m17[0m     invalidateSize: jest.fn(),
2025-04-16T15:00:16.9168485Z [7m  [0m [91m                    ~~~~[0m
2025-04-16T15:00:16.9168782Z 
2025-04-16T15:00:16.9168790Z 
2025-04-16T15:00:16.9170001Z Error: [96msrc/app/shared/components/map/map.component.spec.ts[0m:[93m18[0m:[93m15[0m - [91merror[0m[90m TS2304: [0mCannot find name 'jest'.
2025-04-16T15:00:16.9170948Z 
2025-04-16T15:00:16.9171288Z [7m18[0m     addLayer: jest.fn(),
2025-04-16T15:00:16.9171863Z [7m  [0m [91m              ~~~~[0m
2025-04-16T15:00:16.9172140Z 
2025-04-16T15:00:16.9172148Z 
2025-04-16T15:00:16.9173612Z Error: [96msrc/app/shared/components/map/map.component.spec.ts[0m:[93m19[0m:[93m18[0m - [91merror[0m[90m TS2304: [0mCannot find name 'jest'.
2025-04-16T15:00:16.9174525Z 
2025-04-16T15:00:16.9174931Z [7m19[0m     removeLayer: jest.fn(),
2025-04-16T15:00:16.9175547Z [7m  [0m [91m                 ~~~~[0m
2025-04-16T15:00:16.9175854Z 
2025-04-16T15:00:16.9175863Z 
2025-04-16T15:00:16.9177296Z Error: [96msrc/app/shared/components/map/map.component.spec.ts[0m:[93m20[0m:[93m14[0m - [91merror[0m[90m TS2304: [0mCannot find name 'jest'.
2025-04-16T15:00:16.9178327Z 
2025-04-16T15:00:16.9178750Z [7m20[0m     getZoom: jest.fn().mockReturnValue(10),
2025-04-16T15:00:16.9179385Z [7m  [0m [91m             ~~~~[0m
2025-04-16T15:00:16.9179662Z 
2025-04-16T15:00:16.9179670Z 
2025-04-16T15:00:16.9180885Z Error: [96msrc/app/shared/components/map/map.component.spec.ts[0m:[93m21[0m:[93m14[0m - [91merror[0m[90m TS2304: [0mCannot find name 'jest'.
2025-04-16T15:00:16.9181785Z 
2025-04-16T15:00:16.9182124Z [7m21[0m     setZoom: jest.fn(),
2025-04-16T15:00:16.9182717Z [7m  [0m [91m             ~~~~[0m
2025-04-16T15:00:16.9182998Z 
2025-04-16T15:00:16.9183006Z 
2025-04-16T15:00:16.9184434Z Error: [96msrc/app/shared/components/map/map.component.spec.ts[0m:[93m22[0m:[93m16[0m - [91merror[0m[90m TS2304: [0mCannot find name 'jest'.
2025-04-16T15:00:16.9185383Z 
2025-04-16T15:00:16.9185991Z [7m22[0m     getCenter: jest.fn().mockReturnValue({ lat: 0, lng: 0 }),
2025-04-16T15:00:16.9186760Z [7m  [0m [91m               ~~~~[0m
2025-04-16T15:00:16.9187049Z 
2025-04-16T15:00:16.9187058Z 
2025-04-16T15:00:16.9188243Z Error: [96msrc/app/shared/components/map/map.component.spec.ts[0m:[93m23[0m:[93m12[0m - [91merror[0m[90m TS2304: [0mCannot find name 'jest'.
2025-04-16T15:00:16.9193693Z 
2025-04-16T15:00:16.9194058Z [7m23[0m     flyTo: jest.fn(),
2025-04-16T15:00:16.9194751Z [7m  [0m [91m           ~~~~[0m
2025-04-16T15:00:16.9195056Z 
2025-04-16T15:00:16.9195065Z 
2025-04-16T15:00:16.9196316Z Error: [96msrc/app/shared/components/map/map.component.spec.ts[0m:[93m28[0m:[93m12[0m - [91merror[0m[90m TS2304: [0mCannot find name 'jest'.
2025-04-16T15:00:16.9197198Z 
2025-04-16T15:00:16.9197590Z [7m28[0m     addTo: jest.fn().mockReturnThis(),
2025-04-16T15:00:16.9198231Z [7m  [0m [91m           ~~~~[0m
2025-04-16T15:00:16.9198513Z 
2025-04-16T15:00:16.9198522Z 
2025-04-16T15:00:16.9199790Z Error: [96msrc/app/shared/components/map/map.component.spec.ts[0m:[93m29[0m:[93m16[0m - [91merror[0m[90m TS2304: [0mCannot find name 'jest'.
2025-04-16T15:00:16.9200665Z 
2025-04-16T15:00:16.9201086Z [7m29[0m     setLatLng: jest.fn().mockReturnThis(),
2025-04-16T15:00:16.9201711Z [7m  [0m [91m               ~~~~[0m
2025-04-16T15:00:16.9201998Z 
2025-04-16T15:00:16.9202008Z 
2025-04-16T15:00:16.9203228Z Error: [96msrc/app/shared/components/map/map.component.spec.ts[0m:[93m30[0m:[93m16[0m - [91merror[0m[90m TS2304: [0mCannot find name 'jest'.
2025-04-16T15:00:16.9204342Z 
2025-04-16T15:00:16.9204912Z [7m30[0m     bindPopup: jest.fn().mockReturnThis(),
2025-04-16T15:00:16.9205670Z [7m  [0m [91m               ~~~~[0m
2025-04-16T15:00:16.9205967Z 
2025-04-16T15:00:16.9205989Z 
2025-04-16T15:00:16.9207234Z Error: [96msrc/app/shared/components/map/map.component.spec.ts[0m:[93m31[0m:[93m16[0m - [91merror[0m[90m TS2304: [0mCannot find name 'jest'.
2025-04-16T15:00:16.9208111Z 
2025-04-16T15:00:16.9208439Z [7m31[0m     openPopup: jest.fn(),
2025-04-16T15:00:16.9209059Z [7m  [0m [91m               ~~~~[0m
2025-04-16T15:00:16.9209340Z 
2025-04-16T15:00:16.9209350Z 
2025-04-16T15:00:16.9210536Z Error: [96msrc/app/shared/components/map/map.component.spec.ts[0m:[93m32[0m:[93m13[0m - [91merror[0m[90m TS2304: [0mCannot find name 'jest'.
2025-04-16T15:00:16.9211371Z 
2025-04-16T15:00:16.9211666Z [7m32[0m     remove: jest.fn(),
2025-04-16T15:00:16.9212222Z [7m  [0m [91m            ~~~~[0m
2025-04-16T15:00:16.9212502Z 
2025-04-16T15:00:16.9212511Z 
2025-04-16T15:00:16.9213903Z Error: [96msrc/app/shared/components/map/map.component.spec.ts[0m:[93m33[0m:[93m9[0m - [91merror[0m[90m TS2304: [0mCannot find name 'jest'.
2025-04-16T15:00:16.9214770Z 
2025-04-16T15:00:16.9215156Z [7m33[0m     on: jest.fn().mockReturnThis(),
2025-04-16T15:00:16.9215754Z [7m  [0m [91m        ~~~~[0m
2025-04-16T15:00:16.9216011Z 
2025-04-16T15:00:16.9216345Z 
2025-04-16T15:00:16.9217744Z Error: [96msrc/app/shared/components/map/map.component.spec.ts[0m:[93m38[0m:[93m16[0m - [91merror[0m[90m TS2304: [0mCannot find name 'jest'.
2025-04-16T15:00:16.9218614Z 
2025-04-16T15:00:16.9219025Z [7m38[0m     setLatLng: jest.fn().mockReturnThis(),
2025-04-16T15:00:16.9219687Z [7m  [0m [91m               ~~~~[0m
2025-04-16T15:00:16.9219994Z 
2025-04-16T15:00:16.9220003Z 
2025-04-16T15:00:16.9221186Z Error: [96msrc/app/shared/components/map/map.component.spec.ts[0m:[93m39[0m:[93m17[0m - [91merror[0m[90m TS2304: [0mCannot find name 'jest'.
2025-04-16T15:00:16.9222061Z 
2025-04-16T15:00:16.9222508Z [7m39[0m     setContent: jest.fn().mockReturnThis(),
2025-04-16T15:00:16.9223192Z [7m  [0m [91m                ~~~~[0m
2025-04-16T15:00:16.9223793Z 
2025-04-16T15:00:16.9223803Z 
2025-04-16T15:00:16.9225009Z Error: [96msrc/app/shared/components/map/map.component.spec.ts[0m:[93m40[0m:[93m13[0m - [91merror[0m[90m TS2304: [0mCannot find name 'jest'.
2025-04-16T15:00:16.9225898Z 
2025-04-16T15:00:16.9226225Z [7m40[0m     openOn: jest.fn(),
2025-04-16T15:00:16.9226765Z [7m  [0m [91m            ~~~~[0m
2025-04-16T15:00:16.9227047Z 
2025-04-16T15:00:16.9227055Z 
2025-04-16T15:00:16.9228253Z Error: [96msrc/app/shared/components/map/map.component.spec.ts[0m:[93m50[0m:[93m10[0m - [91merror[0m[90m TS2304: [0mCannot find name 'jest'.
2025-04-16T15:00:16.9229157Z 
2025-04-16T15:00:16.9229632Z [7m50[0m     map: jest.fn().mockReturnValue(mockMap),
2025-04-16T15:00:16.9230279Z [7m  [0m [91m         ~~~~[0m
2025-04-16T15:00:16.9230538Z 
2025-04-16T15:00:16.9230546Z 
2025-04-16T15:00:16.9231756Z Error: [96msrc/app/shared/components/map/map.component.spec.ts[0m:[93m51[0m:[93m13[0m - [91merror[0m[90m TS2304: [0mCannot find name 'jest'.
2025-04-16T15:00:16.9232630Z 
2025-04-16T15:00:16.9233104Z [7m51[0m     marker: jest.fn().mockReturnValue(mockMarker),
2025-04-16T15:00:16.9234032Z [7m  [0m [91m            ~~~~[0m
2025-04-16T15:00:16.9234337Z 
2025-04-16T15:00:16.9234346Z 
2025-04-16T15:00:16.9235522Z Error: [96msrc/app/shared/components/map/map.component.spec.ts[0m:[93m52[0m:[93m12[0m - [91merror[0m[90m TS2304: [0mCannot find name 'jest'.
2025-04-16T15:00:16.9236404Z 
2025-04-16T15:00:16.9236888Z [7m52[0m     popup: jest.fn().mockReturnValue(mockPopup),
2025-04-16T15:00:16.9237556Z [7m  [0m [91m           ~~~~[0m
2025-04-16T15:00:16.9237821Z 
2025-04-16T15:00:16.9237829Z 
2025-04-16T15:00:16.9239053Z Error: [96msrc/app/shared/components/map/map.component.spec.ts[0m:[93m53[0m:[93m11[0m - [91merror[0m[90m TS2304: [0mCannot find name 'jest'.
2025-04-16T15:00:16.9239942Z 
2025-04-16T15:00:16.9240421Z [7m53[0m     icon: jest.fn().mockReturnValue(mockIcon),
2025-04-16T15:00:16.9241059Z [7m  [0m [91m          ~~~~[0m
2025-04-16T15:00:16.9241334Z 
2025-04-16T15:00:16.9241342Z 
2025-04-16T15:00:16.9242557Z Error: [96msrc/app/shared/components/map/map.component.spec.ts[0m:[93m54[0m:[93m16[0m - [91merror[0m[90m TS2304: [0mCannot find name 'jest'.
2025-04-16T15:00:16.9243771Z 
2025-04-16T15:00:16.9244217Z [7m54[0m     tileLayer: jest.fn().mockReturnValue({
2025-04-16T15:00:16.9244913Z [7m  [0m [91m               ~~~~[0m
2025-04-16T15:00:16.9245205Z 
2025-04-16T15:00:16.9245214Z 
2025-04-16T15:00:16.9246438Z Error: [96msrc/app/shared/components/map/map.component.spec.ts[0m:[93m55[0m:[93m14[0m - [91merror[0m[90m TS2304: [0mCannot find name 'jest'.
2025-04-16T15:00:16.9247303Z 
2025-04-16T15:00:16.9247596Z [7m55[0m       addTo: jest.fn(),
2025-04-16T15:00:16.9248136Z [7m  [0m [91m             ~~~~[0m
2025-04-16T15:00:16.9248419Z 
2025-04-16T15:00:16.9248427Z 
2025-04-16T15:00:16.9249613Z Error: [96msrc/app/shared/components/map/map.component.spec.ts[0m:[93m57[0m:[93m14[0m - [91merror[0m[90m TS2304: [0mCannot find name 'jest'.
2025-04-16T15:00:16.9250468Z 
2025-04-16T15:00:16.9250876Z [7m57[0m     divIcon: jest.fn().mockReturnValue({}),
2025-04-16T15:00:16.9251521Z [7m  [0m [91m             ~~~~[0m
2025-04-16T15:00:16.9252028Z 
2025-04-16T15:00:16.9252174Z 
2025-04-16T15:00:16.9254023Z Error: [96msrc/app/shared/components/map/map.component.spec.ts[0m:[93m143[0m:[93m22[0m - [91merror[0m[90m TS2341: [0mProperty 'map' is private and only accessible within class 'MapComponent'.
2025-04-16T15:00:16.9255146Z 
2025-04-16T15:00:16.9255576Z [7m143[0m     expect(component.map).toBeNull();
2025-04-16T15:00:16.9256247Z [7m   [0m [91m                     ~~~[0m
2025-04-16T15:00:16.9256544Z 
2025-04-16T15:00:16.9256553Z 
2025-04-16T15:00:16.9258224Z Error: [96msrc/app/shared/components/map/map.component.spec.ts[0m:[93m169[0m:[93m15[0m - [91merror[0m[90m TS2551: [0mProperty 'onMapClick' does not exist on type 'MapComponent'. Did you mean 'mapClick'?
2025-04-16T15:00:16.9259378Z 
2025-04-16T15:00:16.9259806Z [7m169[0m     component.onMapClick(mockEvent as any);
2025-04-16T15:00:16.9260543Z [7m   [0m [91m              ~~~~~~~~~~[0m
2025-04-16T15:00:16.9260832Z 
2025-04-16T15:00:16.9261440Z   [96msrc/app/shared/components/map/map.component.ts[0m:[93m126[0m:[93m13[0m
2025-04-16T15:00:16.9262602Z     [7m126[0m   @Output() mapClick = new EventEmitter<{ latitude: number; longitude: number }>();
2025-04-16T15:00:16.9263736Z     [7m   [0m [96m            ~~~~~~~~[0m
2025-04-16T15:00:16.9264214Z     'mapClick' is declared here.
2025-04-16T15:00:16.9264491Z 
2025-04-16T15:00:16.9264500Z 
2025-04-16T15:00:16.9266121Z Error: [96msrc/app/shared/components/map/map.component.spec.ts[0m:[93m184[0m:[93m22[0m - [91merror[0m[90m TS2341: [0mProperty 'map' is private and only accessible within class 'MapComponent'.
2025-04-16T15:00:16.9267224Z 
2025-04-16T15:00:16.9267860Z [7m184[0m     expect(component.map?.flyTo).toHaveBeenCalledWith([60.0, 11.0], 12);
2025-04-16T15:00:16.9268693Z [7m   [0m [91m                     ~~~[0m
2025-04-16T15:00:16.9268983Z 
2025-04-16T15:00:16.9268991Z 
2025-04-16T15:00:16.9270639Z Error: [96msrc/app/shared/components/map/map.component.spec.ts[0m:[93m200[0m:[93m22[0m - [91merror[0m[90m TS2341: [0mProperty 'map' is private and only accessible within class 'MapComponent'.
2025-04-16T15:00:16.9271801Z 
2025-04-16T15:00:16.9272430Z [7m200[0m     expect(component.map?.invalidateSize).toHaveBeenCalled();
2025-04-16T15:00:16.9273231Z [7m   [0m [91m                     ~~~[0m
2025-04-16T15:00:16.9273745Z 
2025-04-16T15:00:16.9273754Z 
2025-04-16T15:00:16.9275490Z Error: [96msrc/app/shared/components/map/map.component.spec.ts[0m:[93m214[0m:[93m15[0m - [91merror[0m[90m TS2551: [0mProperty 'onMarkerClick' does not exist on type 'MapComponent'. Did you mean 'markerClick'?
2025-04-16T15:00:16.9276714Z 
2025-04-16T15:00:16.9277143Z [7m214[0m     component.onMarkerClick(testMarker);
2025-04-16T15:00:16.9277874Z [7m   [0m [91m              ~~~~~~~~~~~~~[0m
2025-04-16T15:00:16.9278191Z 
2025-04-16T15:00:16.9278839Z   [96msrc/app/shared/components/map/map.component.ts[0m:[93m120[0m:[93m13[0m
2025-04-16T15:00:16.9279933Z     [7m120[0m   @Output() markerClick = new EventEmitter<MapMarker>();
2025-04-16T15:00:16.9280679Z     [7m   [0m [96m            ~~~~~~~~~~~[0m
2025-04-16T15:00:16.9281179Z     'markerClick' is declared here.
2025-04-16T15:00:16.9281474Z 
2025-04-16T15:00:16.9281482Z 
2025-04-16T15:00:16.9282686Z Error: [96msrc/app/shared/components/map/map.component.spec.ts[0m:[93m227[0m:[93m27[0m - [91merror[0m[90m TS2304: [0mCannot find name 'jest'.
2025-04-16T15:00:16.9283878Z 
2025-04-16T15:00:16.9284569Z [7m227[0m       getCurrentPosition: jest.fn().mockImplementation(success => {
2025-04-16T15:00:16.9285459Z [7m   [0m [91m                          ~~~~[0m
2025-04-16T15:00:16.9285783Z 
2025-04-16T15:00:16.9285792Z 
2025-04-16T15:00:16.9287019Z Error: [96msrc/app/shared/components/map/map.component.spec.ts[0m:[93m238[0m:[93m27[0m - [91merror[0m[90m TS2304: [0mCannot find name 'global'.
2025-04-16T15:00:16.9287877Z 
2025-04-16T15:00:16.9288444Z [7m238[0m     Object.defineProperty(global.navigator, 'geolocation', {
2025-04-16T15:00:16.9289814Z [7m   [0m [91m                          ~~~~~~[0m
2025-04-16T15:00:16.9290164Z 
2025-04-16T15:00:16.9290172Z 
2025-04-16T15:00:16.9292059Z Error: [96msrc/app/shared/components/map/map.component.spec.ts[0m:[93m244[0m:[93m15[0m - [91merror[0m[90m TS2551: [0mProperty 'showCurrentPosition' does not exist on type 'MapComponent'. Did you mean 'showCurrentLocation'?
2025-04-16T15:00:16.9293601Z 
2025-04-16T15:00:16.9294054Z [7m244[0m     component.showCurrentPosition();
2025-04-16T15:00:16.9294822Z [7m   [0m [91m              ~~~~~~~~~~~~~~~~~~~[0m
2025-04-16T15:00:16.9295151Z 
2025-04-16T15:00:16.9295778Z   [96msrc/app/shared/components/map/map.component.ts[0m:[93m114[0m:[93m12[0m
2025-04-16T15:00:16.9296727Z     [7m114[0m   @Input() showCurrentLocation = false;
2025-04-16T15:00:16.9297402Z     [7m   [0m [96m           ~~~~~~~~~~~~~~~~~~~[0m
2025-04-16T15:00:16.9297948Z     'showCurrentLocation' is declared here.
2025-04-16T15:00:16.9298307Z 
2025-04-16T15:00:16.9298317Z 
2025-04-16T15:00:16.9299606Z Error: [96msrc/app/shared/components/map/map.component.ts[0m:[93m2[0m:[93m3[0m - [91merror[0m[90m TS2300: [0mDuplicate identifier 'Component'.
2025-04-16T15:00:16.9300491Z 
2025-04-16T15:00:16.9300731Z [7m2[0m   Component,
2025-04-16T15:00:16.9301198Z [7m [0m [91m  ~~~~~~~~~[0m
2025-04-16T15:00:16.9301441Z 
2025-04-16T15:00:16.9301449Z 
2025-04-16T15:00:16.9302660Z Error: [96msrc/app/shared/components/map/map.component.ts[0m:[93m3[0m:[93m3[0m - [91merror[0m[90m TS2300: [0mDuplicate identifier 'OnInit'.
2025-04-16T15:00:16.9303852Z 
2025-04-16T15:00:16.9304111Z [7m3[0m   OnInit,
2025-04-16T15:00:16.9304540Z [7m [0m [91m  ~~~~~~[0m
2025-04-16T15:00:16.9304789Z 
2025-04-16T15:00:16.9304798Z 
2025-04-16T15:00:16.9306058Z Error: [96msrc/app/shared/components/map/map.component.ts[0m:[93m4[0m:[93m3[0m - [91merror[0m[90m TS2300: [0mDuplicate identifier 'Input'.
2025-04-16T15:00:16.9306929Z 
2025-04-16T15:00:16.9307172Z [7m4[0m   Input,
2025-04-16T15:00:16.9307602Z [7m [0m [91m  ~~~~~[0m
2025-04-16T15:00:16.9307842Z 
2025-04-16T15:00:16.9307851Z 
2025-04-16T15:00:16.9309077Z Error: [96msrc/app/shared/components/map/map.component.ts[0m:[93m5[0m:[93m3[0m - [91merror[0m[90m TS2300: [0mDuplicate identifier 'Output'.
2025-04-16T15:00:16.9309937Z 
2025-04-16T15:00:16.9310282Z [7m5[0m   Output,
2025-04-16T15:00:16.9310694Z [7m [0m [91m  ~~~~~~[0m
2025-04-16T15:00:16.9310924Z 
2025-04-16T15:00:16.9310931Z 
2025-04-16T15:00:16.9312135Z Error: [96msrc/app/shared/components/map/map.component.ts[0m:[93m6[0m:[93m3[0m - [91merror[0m[90m TS2300: [0mDuplicate identifier 'EventEmitter'.
2025-04-16T15:00:16.9313044Z 
2025-04-16T15:00:16.9313483Z [7m6[0m   EventEmitter,
2025-04-16T15:00:16.9314129Z [7m [0m [91m  ~~~~~~~~~~~~[0m
2025-04-16T15:00:16.9314388Z 
2025-04-16T15:00:16.9314397Z 
2025-04-16T15:00:16.9315651Z Error: [96msrc/app/shared/components/map/map.component.ts[0m:[93m7[0m:[93m3[0m - [91merror[0m[90m TS2300: [0mDuplicate identifier 'AfterViewInit'.
2025-04-16T15:00:16.9316552Z 
2025-04-16T15:00:16.9316795Z [7m7[0m   AfterViewInit,
2025-04-16T15:00:16.9317307Z [7m [0m [91m  ~~~~~~~~~~~~~[0m
2025-04-16T15:00:16.9317590Z 
2025-04-16T15:00:16.9317600Z 
2025-04-16T15:00:16.9318820Z Error: [96msrc/app/shared/components/map/map.component.ts[0m:[93m8[0m:[93m3[0m - [91merror[0m[90m TS2300: [0mDuplicate identifier 'OnDestroy'.
2025-04-16T15:00:16.9319629Z 
2025-04-16T15:00:16.9319885Z [7m8[0m   OnDestroy,
2025-04-16T15:00:16.9320372Z [7m [0m [91m  ~~~~~~~~~[0m
2025-04-16T15:00:16.9320628Z 
2025-04-16T15:00:16.9320637Z 
2025-04-16T15:00:16.9321914Z Error: [96msrc/app/shared/components/map/map.component.ts[0m:[93m15[0m:[93m10[0m - [91merror[0m[90m TS2300: [0mDuplicate identifier 'CommonModule'.
2025-04-16T15:00:16.9322836Z 
2025-04-16T15:00:16.9323524Z [7m15[0m import { CommonModule } from '@angular/common';
2025-04-16T15:00:16.9324277Z [7m  [0m [91m         ~~~~~~~~~~~~[0m
2025-04-16T15:00:16.9324996Z 
2025-04-16T15:00:16.9325011Z 
2025-04-16T15:00:16.9326259Z Error: [96msrc/app/shared/components/map/map.component.ts[0m:[93m16[0m:[93m13[0m - [91merror[0m[90m TS2300: [0mDuplicate identifier 'L'.
2025-04-16T15:00:16.9327114Z 
2025-04-16T15:00:16.9327481Z [7m16[0m import * as L from 'leaflet';
2025-04-16T15:00:16.9328093Z [7m  [0m [91m            ~[0m
2025-04-16T15:00:16.9328378Z 
2025-04-16T15:00:16.9328387Z 
2025-04-16T15:00:16.9329708Z Error: [96msrc/app/shared/components/map/map.component.ts[0m:[93m17[0m:[93m10[0m - [91merror[0m[90m TS2300: [0mDuplicate identifier 'GeocodingService'.
2025-04-16T15:00:16.9330634Z 
2025-04-16T15:00:16.9331383Z [7m17[0m import { GeocodingService } from '../../../core/services/geocoding.service';
2025-04-16T15:00:16.9332256Z [7m  [0m [91m         ~~~~~~~~~~~~~~~~[0m
2025-04-16T15:00:16.9332560Z 
2025-04-16T15:00:16.9332569Z 
2025-04-16T15:00:16.9334548Z Error: [96msrc/app/shared/components/map/map.component.ts[0m:[93m71[0m:[93m14[0m - [91merror[0m[90m TS2300: [0mDuplicate identifier 'MapComponent'.
2025-04-16T15:00:16.9335465Z 
2025-04-16T15:00:16.9336362Z [7m71[0m export class MapComponent implements OnInit, AfterViewInit, OnDestroy, OnChanges {
2025-04-16T15:00:16.9337318Z [7m  [0m [91m             ~~~~~~~~~~~~[0m
2025-04-16T15:00:16.9337624Z 
2025-04-16T15:00:16.9337633Z 
2025-04-16T15:00:16.9339572Z Error: [96msrc/app/shared/components/map/map.component.ts[0m:[93m345[0m:[93m15[0m - [91merror[0m[90m TS2353: [0mObject literal may only specify known properties, and 'address' does not exist in type '{ latitude: number; longitude: number; }'.
2025-04-16T15:00:16.9340988Z 
2025-04-16T15:00:16.9341410Z [7m345[0m               address: result.address,
2025-04-16T15:00:16.9342135Z [7m   [0m [91m              ~~~~~~~[0m
2025-04-16T15:00:16.9342436Z 
2025-04-16T15:00:16.9342444Z 
2025-04-16T15:00:16.9343879Z Error: [96msrc/app/shared/components/map/map.component.ts[0m:[93m410[0m:[93m36[0m - [91merror[0m[90m TS2769: [0mNo overload matches this call.
2025-04-16T15:00:16.9345035Z   The last overload gave the following error.
2025-04-16T15:00:16.9345999Z     Argument of type '(e: KeyboardEvent) => void' is not assignable to parameter of type 'LeafletEventHandlerFn'.
2025-04-16T15:00:16.9346961Z       Types of parameters 'e' and 'event' are incompatible.
2025-04-16T15:00:16.9348106Z         Type 'LeafletEvent' is missing the following properties from type 'KeyboardEvent': altKey, charCode, code, ctrlKey, and 37 more.
2025-04-16T15:00:16.9348897Z 
2025-04-16T15:00:16.9353248Z [7m410[0m       leafletMarker.on('keypress', (e: KeyboardEvent) => {
2025-04-16T15:00:16.9354580Z [7m   [0m [91m                                   ~~~~~~~~~~~~~~~~~~~~~~~[0m
2025-04-16T15:00:16.9354965Z 
2025-04-16T15:00:16.9355530Z   [96m../node_modules/@types/leaflet/index.d.ts[0m:[93m1075[0m:[93m5[0m
2025-04-16T15:00:16.9356585Z     [7m1075[0m     on(type: string, fn: LeafletEventHandlerFn, context?: any): this;
2025-04-16T15:00:16.9357344Z     [7m    [0m [96m    ~~[0m
2025-04-16T15:00:16.9357810Z     The last overload is declared here.
2025-04-16T15:00:16.9358119Z 
2025-04-16T15:00:16.9358129Z 
2025-04-16T15:00:16.9359803Z Error: [96msrc/app/shared/components/map/map.component.ts[0m:[93m505[0m:[93m37[0m - [91merror[0m[90m TS2339: [0mProperty 'trackPerformance' does not exist on type 'MapMonitoringService'.
2025-04-16T15:00:16.9360971Z 
2025-04-16T15:00:16.9361795Z [7m505[0m           this.mapMonitoringService.trackPerformance('geolocation', geolocateTime);
2025-04-16T15:00:16.9362844Z [7m   [0m [91m                                    ~~~~~~~~~~~~~~~~[0m
2025-04-16T15:00:16.9363196Z 
2025-04-16T15:00:16.9363205Z 
2025-04-16T15:00:16.9364987Z Error: [96msrc/app/shared/components/map/map.component.ts[0m:[93m684[0m:[93m31[0m - [91merror[0m[90m TS2339: [0mProperty 'trackPerformance' does not exist on type 'MapMonitoringService'.
2025-04-16T15:00:16.9366390Z 
2025-04-16T15:00:16.9367385Z [7m684[0m     this.mapMonitoringService.trackPerformance('update_markers', updateTime, {
2025-04-16T15:00:16.9368481Z [7m   [0m [91m                              ~~~~~~~~~~~~~~~~[0m
2025-04-16T15:00:16.9368863Z 
2025-04-16T15:00:16.9368873Z 
2025-04-16T15:00:16.9370476Z Error: [96msrc/app/shared/components/map/map.component.ts[0m:[93m777[0m:[93m33[0m - [91merror[0m[90m TS2339: [0mProperty 'trackPerformance' does not exist on type 'MapMonitoringService'.
2025-04-16T15:00:16.9371639Z 
2025-04-16T15:00:16.9372432Z [7m777[0m       this.mapMonitoringService.trackPerformance('refresh_map', refreshTime);
2025-04-16T15:00:16.9373949Z [7m   [0m [91m                                ~~~~~~~~~~~~~~~~[0m
2025-04-16T15:00:16.9374325Z 
2025-04-16T15:00:16.9374335Z 
2025-04-16T15:00:16.9375644Z Error: [96msrc/app/shared/components/map/map.component.ts[0m:[93m782[0m:[93m3[0m - [91merror[0m[90m TS2300: [0mDuplicate identifier 'Component'.
2025-04-16T15:00:16.9376584Z 
2025-04-16T15:00:16.9376851Z [7m782[0m   Component,
2025-04-16T15:00:16.9377390Z [7m   [0m [91m  ~~~~~~~~~[0m
2025-04-16T15:00:16.9377663Z 
2025-04-16T15:00:16.9377675Z 
2025-04-16T15:00:16.9378950Z Error: [96msrc/app/shared/components/map/map.component.ts[0m:[93m783[0m:[93m3[0m - [91merror[0m[90m TS2300: [0mDuplicate identifier 'OnInit'.
2025-04-16T15:00:16.9379835Z 
2025-04-16T15:00:16.9380091Z [7m783[0m   OnInit,
2025-04-16T15:00:16.9380550Z [7m   [0m [91m  ~~~~~~[0m
2025-04-16T15:00:16.9380816Z 
2025-04-16T15:00:16.9380825Z 
2025-04-16T15:00:16.9381963Z Error: [96msrc/app/shared/components/map/map.component.ts[0m:[93m784[0m:[93m3[0m - [91merror[0m[90m TS2300: [0mDuplicate identifier 'Input'.
2025-04-16T15:00:16.9382827Z 
2025-04-16T15:00:16.9383090Z [7m784[0m   Input,
2025-04-16T15:00:16.9383993Z [7m   [0m [91m  ~~~~~[0m
2025-04-16T15:00:16.9384234Z 
2025-04-16T15:00:16.9384242Z 
2025-04-16T15:00:16.9385448Z Error: [96msrc/app/shared/components/map/map.component.ts[0m:[93m785[0m:[93m3[0m - [91merror[0m[90m TS2300: [0mDuplicate identifier 'Output'.
2025-04-16T15:00:16.9386363Z 
2025-04-16T15:00:16.9386628Z [7m785[0m   Output,
2025-04-16T15:00:16.9387084Z [7m   [0m [91m  ~~~~~~[0m
2025-04-16T15:00:16.9387343Z 
2025-04-16T15:00:16.9387352Z 
2025-04-16T15:00:16.9388591Z Error: [96msrc/app/shared/components/map/map.component.ts[0m:[93m786[0m:[93m3[0m - [91merror[0m[90m TS2300: [0mDuplicate identifier 'EventEmitter'.
2025-04-16T15:00:16.9389511Z 
2025-04-16T15:00:16.9389791Z [7m786[0m   EventEmitter,
2025-04-16T15:00:16.9390352Z [7m   [0m [91m  ~~~~~~~~~~~~[0m
2025-04-16T15:00:16.9390629Z 
2025-04-16T15:00:16.9390638Z 
2025-04-16T15:00:16.9391899Z Error: [96msrc/app/shared/components/map/map.component.ts[0m:[93m787[0m:[93m3[0m - [91merror[0m[90m TS2300: [0mDuplicate identifier 'AfterViewInit'.
2025-04-16T15:00:16.9392811Z 
2025-04-16T15:00:16.9393106Z [7m787[0m   AfterViewInit,
2025-04-16T15:00:16.9393880Z [7m   [0m [91m  ~~~~~~~~~~~~~[0m
2025-04-16T15:00:16.9394190Z 
2025-04-16T15:00:16.9394205Z 
2025-04-16T15:00:16.9395491Z Error: [96msrc/app/shared/components/map/map.component.ts[0m:[93m788[0m:[93m3[0m - [91merror[0m[90m TS2300: [0mDuplicate identifier 'OnDestroy'.
2025-04-16T15:00:16.9396437Z 
2025-04-16T15:00:16.9396715Z [7m788[0m   OnDestroy,
2025-04-16T15:00:16.9397247Z [7m   [0m [91m  ~~~~~~~~~[0m
2025-04-16T15:00:16.9397521Z 
2025-04-16T15:00:16.9397530Z 
2025-04-16T15:00:16.9398879Z Error: [96msrc/app/shared/components/map/map.component.ts[0m:[93m790[0m:[93m10[0m - [91merror[0m[90m TS2300: [0mDuplicate identifier 'CommonModule'.
2025-04-16T15:00:16.9399839Z 
2025-04-16T15:00:16.9400380Z [7m790[0m import { CommonModule } from '@angular/common';
2025-04-16T15:00:16.9401141Z [7m   [0m [91m         ~~~~~~~~~~~~[0m
2025-04-16T15:00:16.9401455Z 
2025-04-16T15:00:16.9401465Z 
2025-04-16T15:00:16.9402693Z Error: [96msrc/app/shared/components/map/map.component.ts[0m:[93m791[0m:[93m13[0m - [91merror[0m[90m TS2300: [0mDuplicate identifier 'L'.
2025-04-16T15:00:16.9404264Z 
2025-04-16T15:00:16.9404681Z [7m791[0m import * as L from 'leaflet';
2025-04-16T15:00:16.9405372Z [7m   [0m [91m            ~[0m
2025-04-16T15:00:16.9405655Z 
2025-04-16T15:00:16.9405664Z 
2025-04-16T15:00:16.9407023Z Error: [96msrc/app/shared/components/map/map.component.ts[0m:[93m792[0m:[93m10[0m - [91merror[0m[90m TS2300: [0mDuplicate identifier 'GeocodingService'.
2025-04-16T15:00:16.9407999Z 
2025-04-16T15:00:16.9408786Z [7m792[0m import { GeocodingService } from '../../../core/services/geocoding.service';
2025-04-16T15:00:16.9409736Z [7m   [0m [91m         ~~~~~~~~~~~~~~~~[0m
2025-04-16T15:00:16.9410064Z 
2025-04-16T15:00:16.9410074Z 
2025-04-16T15:00:16.9411414Z Error: [96msrc/app/shared/components/map/map.component.ts[0m:[93m811[0m:[93m14[0m - [91merror[0m[90m TS2300: [0mDuplicate identifier 'MapComponent'.
2025-04-16T15:00:16.9412373Z 
2025-04-16T15:00:16.9413133Z [7m811[0m export class MapComponent implements OnInit, AfterViewInit, OnDestroy {
2025-04-16T15:00:16.9414358Z [7m   [0m [91m             ~~~~~~~~~~~~[0m
2025-04-16T15:00:16.9414674Z 
2025-04-16T15:00:16.9414683Z 
2025-04-16T15:00:16.9415936Z Error: [96msrc/app/shared/emerald/card-grid/card-grid.component.spec.ts[0m:[93m18[0m:[93m1[0m - [91merror[0m[90m TS1005: [0m'from' expected.
2025-04-16T15:00:16.9416832Z 
2025-04-16T15:00:16.9417420Z [7m18[0m import { CardGridComponent } from './card-grid.component';
2025-04-16T15:00:16.9418145Z [7m  [0m [91m~~~~~~[0m
2025-04-16T15:00:16.9418384Z 
2025-04-16T15:00:16.9418393Z 
2025-04-16T15:00:16.9419850Z Error: [96msrc/app/shared/emerald/card-grid/card-grid.component.spec.ts[0m:[93m20[0m:[93m73[0m - [91merror[0m[90m TS2304: [0mCannot find name 'MockAppCardComponent'.
2025-04-16T15:00:16.9420878Z 
2025-04-16T15:00:16.9422122Z [7m20[0m import { CommonTestModule } from '../../../testing/common-test.module'; MockAppCardComponent } from '../../../testing/common-test.module';
2025-04-16T15:00:16.9428673Z [7m  [0m [91m                                                                        ~~~~~~~~~~~~~~~~~~~~[0m
2025-04-16T15:00:16.9429127Z 
2025-04-16T15:00:16.9429137Z 
2025-04-16T15:00:16.9430516Z Error: [96msrc/app/shared/emerald/card-grid/card-grid.component.spec.ts[0m:[93m20[0m:[93m94[0m - [91merror[0m[90m TS1128: [0mDeclaration or statement expected.
2025-04-16T15:00:16.9431489Z 
2025-04-16T15:00:16.9432759Z [7m20[0m import { CommonTestModule } from '../../../testing/common-test.module'; MockAppCardComponent } from '../../../testing/common-test.module';
2025-04-16T15:00:16.9434455Z [7m  [0m [91m                                                                                             ~[0m
2025-04-16T15:00:16.9434837Z 
2025-04-16T15:00:16.9434854Z 
2025-04-16T15:00:16.9436215Z Error: [96msrc/app/shared/emerald/card-grid/card-grid.component.spec.ts[0m:[93m20[0m:[93m96[0m - [91merror[0m[90m TS1434: [0mUnexpected keyword or identifier.
2025-04-16T15:00:16.9437171Z 
2025-04-16T15:00:16.9438368Z [7m20[0m import { CommonTestModule } from '../../../testing/common-test.module'; MockAppCardComponent } from '../../../testing/common-test.module';
2025-04-16T15:00:16.9439798Z [7m  [0m [91m                                                                                               ~~~~[0m
2025-04-16T15:00:16.9440157Z 
2025-04-16T15:00:16.9440166Z 
2025-04-16T15:00:16.9441410Z Error: [96msrc/app/shared/emerald/card-grid/card-grid.component.spec.ts[0m:[93m20[0m:[93m96[0m - [91merror[0m[90m TS2304: [0mCannot find name 'from'.
2025-04-16T15:00:16.9442297Z 
2025-04-16T15:00:16.9443711Z [7m20[0m import { CommonTestModule } from '../../../testing/common-test.module'; MockAppCardComponent } from '../../../testing/common-test.module';
2025-04-16T15:00:16.9445286Z [7m  [0m [91m                                                                                               ~~~~[0m
2025-04-16T15:00:16.9445689Z 
2025-04-16T15:00:16.9445946Z 
2025-04-16T15:00:16.9447552Z Error: [96msrc/app/shared/emerald/card-grid/card-grid.component.spec.ts[0m:[93m52[0m:[93m4[0m - [91merror[0m[90m TS2304: [0mCannot find name 'ViewChild'.
2025-04-16T15:00:16.9448553Z 
2025-04-16T15:00:16.9449203Z [7m52[0m   @ViewChild('itemTemplate') itemTemplate!: TemplateRef<any>;
2025-04-16T15:00:16.9449978Z [7m  [0m [91m   ~~~~~~~~~[0m
2025-04-16T15:00:16.9450244Z 
2025-04-16T15:00:16.9450253Z 
2025-04-16T15:00:16.9451612Z Error: [96msrc/app/shared/emerald/card-grid/card-grid.component.spec.ts[0m:[93m52[0m:[93m45[0m - [91merror[0m[90m TS2304: [0mCannot find name 'TemplateRef'.
2025-04-16T15:00:16.9452552Z 
2025-04-16T15:00:16.9453115Z [7m52[0m   @ViewChild('itemTemplate') itemTemplate!: TemplateRef<any>;
2025-04-16T15:00:16.9474464Z [7m  [0m [91m                                            ~~~~~~~~~~~[0m
2025-04-16T15:00:16.9474854Z 
2025-04-16T15:00:16.9474864Z 
2025-04-16T15:00:16.9476345Z Error: [96msrc/app/shared/emerald/card-grid/card-grid.component.spec.ts[0m:[93m103[0m:[93m9[0m - [91merror[0m[90m TS2304: [0mCannot find name 'MockAppCardComponent'.
2025-04-16T15:00:16.9477400Z 
2025-04-16T15:00:16.9477797Z [7m103[0m         MockAppCardComponent,
2025-04-16T15:00:16.9478506Z [7m   [0m [91m        ~~~~~~~~~~~~~~~~~~~~[0m
2025-04-16T15:00:16.9478832Z 
2025-04-16T15:00:16.9478853Z 
2025-04-16T15:00:16.9480305Z Error: [96msrc/app/shared/emerald/card-grid/card-grid.component.spec.ts[0m:[93m110[0m:[93m37[0m - [91merror[0m[90m TS2304: [0mCannot find name 'MockAppCardComponent'.
2025-04-16T15:00:16.9481327Z 
2025-04-16T15:00:16.9482169Z [7m110[0m         imports: [CommonTestModule, MockAppCardComponent, SkeletonLoaderComponent],
2025-04-16T15:00:16.9483480Z [7m   [0m [91m                                    ~~~~~~~~~~~~~~~~~~~~[0m
2025-04-16T15:00:16.9483859Z 
2025-04-16T15:00:16.9483868Z 
2025-04-16T15:00:16.9484825Z Error: Can't resolve 'node_modules/leaflet/dist/leaflet.css' in '/home/runner/work/date-night-app2/date-night-app2/client-angular'
2025-04-16T15:00:16.9485667Z 
2025-04-16T15:00:16.9485893Z [39m[22m
2025-04-16T15:00:16.9487074Z [32m16 04 2025 15:00:16.872:INFO [karma-server]: [39mKarma v6.4.4 server started at http://localhost:9876/
2025-04-16T15:00:16.9488635Z [32m16 04 2025 15:00:16.874:INFO [launcher]: [39mLaunching browsers ChromeHeadless with concurrency unlimited
2025-04-16T15:00:16.9489928Z [91m16 04 2025 15:00:16.874:ERROR [karma-server]: [39mError: Found 1 load error
2025-04-16T15:00:16.9491145Z     at Server.<anonymous> (/home/runner/work/date-night-app2/date-night-app2/node_modules/karma/lib/server.js:243:26)
2025-04-16T15:00:16.9492162Z     at Object.onceWrapper (node:events:632:28)
2025-04-16T15:00:16.9492729Z     at Server.emit (node:events:530:35)
2025-04-16T15:00:16.9503650Z     at emitListeningNT (node:net:1980:10)
2025-04-16T15:00:16.9504605Z     at process.processTicksAndRejections (node:internal/process/task_queues:89:21)
2025-04-16T15:00:17.4359753Z npm error Lifecycle script `test` failed with error:
2025-04-16T15:00:17.4361712Z npm error code 1
2025-04-16T15:00:17.4363953Z npm error path /home/runner/work/date-night-app2/date-night-app2/client-angular
2025-04-16T15:00:17.4366197Z npm error workspace client-angular@0.0.0
2025-04-16T15:00:17.4368471Z npm error location /home/runner/work/date-night-app2/date-night-app2/client-angular
2025-04-16T15:00:17.4370454Z npm error command failed
2025-04-16T15:00:17.4372580Z npm error command sh -c ng test client-angular --watch=false --browsers=ChromeHeadless --no-progress
2025-04-16T15:00:17.4446183Z ##[error]Process completed with exit code 1.
2025-04-16T15:00:17.4537742Z ##[group]Run actions/upload-artifact@v4
2025-04-16T15:00:17.4538025Z with:
2025-04-16T15:00:17.4538192Z   name: test-results
2025-04-16T15:00:17.4538394Z   path: ./client-angular/coverage
2025-04-16T15:00:17.4538623Z   if-no-files-found: warn
2025-04-16T15:00:17.4538826Z   compression-level: 6
2025-04-16T15:00:17.4539005Z   overwrite: false
2025-04-16T15:00:17.4539368Z   include-hidden-files: false
2025-04-16T15:00:17.4539579Z env:
2025-04-16T15:00:17.4539723Z   CI: true
2025-04-16T15:00:17.4539879Z ##[endgroup]
2025-04-16T15:00:17.6862354Z ##[warning]No files were found with the provided path: ./client-angular/coverage. No artifacts will be uploaded.
2025-04-16T15:00:17.7010371Z Post job cleanup.
2025-04-16T15:00:17.8017364Z [command]/usr/bin/git version
2025-04-16T15:00:17.8060775Z git version 2.49.0
2025-04-16T15:00:17.8112408Z Temporarily overriding HOME='/home/runner/work/_temp/33342b06-3dc4-4874-92bd-9ab346392484' before making global git config changes
2025-04-16T15:00:17.8116038Z Adding repository directory to the temporary git global config as a safe directory
2025-04-16T15:00:17.8120582Z [command]/usr/bin/git config --global --add safe.directory /home/runner/work/date-night-app2/date-night-app2
2025-04-16T15:00:17.8165723Z [command]/usr/bin/git config --local --name-only --get-regexp core\.sshCommand
2025-04-16T15:00:17.8202209Z [command]/usr/bin/git submodule foreach --recursive sh -c "git config --local --name-only --get-regexp 'core\.sshCommand' && git config --local --unset-all 'core.sshCommand' || :"
2025-04-16T15:00:17.8448951Z [command]/usr/bin/git config --local --name-only --get-regexp http\.https\:\/\/github\.com\/\.extraheader
2025-04-16T15:00:17.8474017Z http.https://github.com/.extraheader
2025-04-16T15:00:17.8489428Z [command]/usr/bin/git config --local --unset-all http.https://github.com/.extraheader
2025-04-16T15:00:17.8524372Z [command]/usr/bin/git submodule foreach --recursive sh -c "git config --local --name-only --get-regexp 'http\.https\:\/\/github\.com\/\.extraheader' && git config --local --unset-all 'http.https://github.com/.extraheader' || :"
2025-04-16T15:00:17.8885876Z Cleaning up orphan processes
