2025-04-16T22:31:43.7282383Z Current runner version: '2.323.0'
2025-04-16T22:31:43.7315874Z ##[group]Operating System
2025-04-16T22:31:43.7317739Z Ubuntu
2025-04-16T22:31:43.7318641Z 24.04.2
2025-04-16T22:31:43.7319408Z LTS
2025-04-16T22:31:43.7320196Z ##[endgroup]
2025-04-16T22:31:43.7321130Z ##[group]Runner Image
2025-04-16T22:31:43.7322182Z Image: ubuntu-24.04
2025-04-16T22:31:43.7323049Z Version: 20250413.1.0
2025-04-16T22:31:43.7324941Z Included Software: https://github.com/actions/runner-images/blob/ubuntu24/20250413.1/images/ubuntu/Ubuntu2404-Readme.md
2025-04-16T22:31:43.7327760Z Image Release: https://github.com/actions/runner-images/releases/tag/ubuntu24%2F20250413.1
2025-04-16T22:31:43.7329292Z ##[endgroup]
2025-04-16T22:31:43.7330209Z ##[group]Runner Image Provisioner
2025-04-16T22:31:43.7331167Z 2.0.422.1
2025-04-16T22:31:43.7331945Z ##[endgroup]
2025-04-16T22:31:43.7336463Z ##[group]GITHUB_TOKEN Permissions
2025-04-16T22:31:43.7339535Z Actions: write
2025-04-16T22:31:43.7340753Z Attestations: write
2025-04-16T22:31:43.7341759Z Checks: write
2025-04-16T22:31:43.7342654Z Contents: write
2025-04-16T22:31:43.7343694Z Deployments: write
2025-04-16T22:31:43.7344688Z Discussions: write
2025-04-16T22:31:43.7345589Z Issues: write
2025-04-16T22:31:43.7346514Z Metadata: read
2025-04-16T22:31:43.7347581Z Models: read
2025-04-16T22:31:43.7348457Z Packages: write
2025-04-16T22:31:43.7349432Z Pages: write
2025-04-16T22:31:43.7350210Z PullRequests: write
2025-04-16T22:31:43.7351221Z RepositoryProjects: write
2025-04-16T22:31:43.7352279Z SecurityEvents: write
2025-04-16T22:31:43.7353163Z Statuses: write
2025-04-16T22:31:43.7354088Z ##[endgroup]
2025-04-16T22:31:43.7357667Z Secret source: Actions
2025-04-16T22:31:43.7359273Z Prepare workflow directory
2025-04-16T22:31:43.8065732Z Prepare all required actions
2025-04-16T22:31:43.8174783Z Getting action download info
2025-04-16T22:31:44.4796901Z ##[group]Download immutable action package 'actions/checkout@v4'
2025-04-16T22:31:44.4798235Z Version: 4.2.2
2025-04-16T22:31:44.4799290Z Digest: sha256:ccb2698953eaebd21c7bf6268a94f9c26518a7e38e27e0b83c1fe1ad049819b1
2025-04-16T22:31:44.4800560Z Source commit SHA: 11bd71901bbe5b1630ceea73d27597364c9af683
2025-04-16T22:31:44.4801282Z ##[endgroup]
2025-04-16T22:31:44.5729476Z ##[group]Download immutable action package 'actions/setup-node@v4'
2025-04-16T22:31:44.5730368Z Version: 4.4.0
2025-04-16T22:31:44.5731113Z Digest: sha256:9427cefe82346e992fb5b949e3569b39d537ae41aa3086483b14eceebfc16bc1
2025-04-16T22:31:44.5732100Z Source commit SHA: 49933ea5288caeca8642d1e84afbd3f7d6820020
2025-04-16T22:31:44.5732744Z ##[endgroup]
2025-04-16T22:31:44.8955894Z Download action repository 'cypress-io/github-action@v6' (SHA:108b8684ae52e735ff7891524cbffbcd4be5b19f)
2025-04-16T22:31:45.4327077Z ##[group]Download immutable action package 'actions/upload-artifact@v4'
2025-04-16T22:31:45.4328224Z Version: 4.6.2
2025-04-16T22:31:45.4328932Z Digest: sha256:290722aa3281d5caf23d0acdc3dbeb3424786a1a01a9cc97e72f147225e37c38
2025-04-16T22:31:45.4329864Z Source commit SHA: ea165f8d65b6e75b540449e92b4886f43607fa02
2025-04-16T22:31:45.4330503Z ##[endgroup]
2025-04-16T22:31:45.6451256Z Complete job name: e2e (22.x)
2025-04-16T22:31:45.7124209Z ##[group]Run actions/checkout@v4
2025-04-16T22:31:45.7125095Z with:
2025-04-16T22:31:45.7125549Z   repository: mrkurger/date-night-app2
2025-04-16T22:31:45.7126269Z   token: ***
2025-04-16T22:31:45.7126685Z   ssh-strict: true
2025-04-16T22:31:45.7127107Z   ssh-user: git
2025-04-16T22:31:45.7127729Z   persist-credentials: true
2025-04-16T22:31:45.7128219Z   clean: true
2025-04-16T22:31:45.7128668Z   sparse-checkout-cone-mode: true
2025-04-16T22:31:45.7129187Z   fetch-depth: 1
2025-04-16T22:31:45.7129599Z   fetch-tags: false
2025-04-16T22:31:45.7130040Z   show-progress: true
2025-04-16T22:31:45.7130470Z   lfs: false
2025-04-16T22:31:45.7130861Z   submodules: false
2025-04-16T22:31:45.7131293Z   set-safe-directory: true
2025-04-16T22:31:45.7132015Z env:
2025-04-16T22:31:45.7132402Z   CI: true
2025-04-16T22:31:45.7132793Z ##[endgroup]
2025-04-16T22:31:45.9210291Z Syncing repository: mrkurger/date-night-app2
2025-04-16T22:31:45.9213202Z ##[group]Getting Git version info
2025-04-16T22:31:45.9214816Z Working directory is '/home/runner/work/date-night-app2/date-night-app2'
2025-04-16T22:31:45.9216756Z [command]/usr/bin/git version
2025-04-16T22:31:45.9292454Z git version 2.49.0
2025-04-16T22:31:45.9328207Z ##[endgroup]
2025-04-16T22:31:45.9342167Z Temporarily overriding HOME='/home/runner/work/_temp/73f804bd-f529-43a9-8912-b44c897a0e11' before making global git config changes
2025-04-16T22:31:45.9344924Z Adding repository directory to the temporary git global config as a safe directory
2025-04-16T22:31:45.9350592Z [command]/usr/bin/git config --global --add safe.directory /home/runner/work/date-night-app2/date-night-app2
2025-04-16T22:31:45.9394020Z Deleting the contents of '/home/runner/work/date-night-app2/date-night-app2'
2025-04-16T22:31:45.9399357Z ##[group]Initializing the repository
2025-04-16T22:31:45.9404650Z [command]/usr/bin/git init /home/runner/work/date-night-app2/date-night-app2
2025-04-16T22:31:45.9483044Z hint: Using 'master' as the name for the initial branch. This default branch name
2025-04-16T22:31:45.9485397Z hint: is subject to change. To configure the initial branch name to use in all
2025-04-16T22:31:45.9488411Z hint: of your new repositories, which will suppress this warning, call:
2025-04-16T22:31:45.9490407Z hint:
2025-04-16T22:31:45.9491420Z hint: 	git config --global init.defaultBranch <name>
2025-04-16T22:31:45.9492640Z hint:
2025-04-16T22:31:45.9493776Z hint: Names commonly chosen instead of 'master' are 'main', 'trunk' and
2025-04-16T22:31:45.9495699Z hint: 'development'. The just-created branch can be renamed via this command:
2025-04-16T22:31:45.9497109Z hint:
2025-04-16T22:31:45.9498042Z hint: 	git branch -m <name>
2025-04-16T22:31:45.9500664Z Initialized empty Git repository in /home/runner/work/date-night-app2/date-night-app2/.git/
2025-04-16T22:31:45.9508764Z [command]/usr/bin/git remote add origin https://github.com/mrkurger/date-night-app2
2025-04-16T22:31:45.9542270Z ##[endgroup]
2025-04-16T22:31:45.9545892Z ##[group]Disabling automatic garbage collection
2025-04-16T22:31:45.9547171Z [command]/usr/bin/git config --local gc.auto 0
2025-04-16T22:31:45.9584038Z ##[endgroup]
2025-04-16T22:31:45.9585815Z ##[group]Setting up auth
2025-04-16T22:31:45.9587735Z [command]/usr/bin/git config --local --name-only --get-regexp core\.sshCommand
2025-04-16T22:31:45.9622007Z [command]/usr/bin/git submodule foreach --recursive sh -c "git config --local --name-only --get-regexp 'core\.sshCommand' && git config --local --unset-all 'core.sshCommand' || :"
2025-04-16T22:31:45.9954949Z [command]/usr/bin/git config --local --name-only --get-regexp http\.https\:\/\/github\.com\/\.extraheader
2025-04-16T22:31:45.9978752Z [command]/usr/bin/git submodule foreach --recursive sh -c "git config --local --name-only --get-regexp 'http\.https\:\/\/github\.com\/\.extraheader' && git config --local --unset-all 'http.https://github.com/.extraheader' || :"
2025-04-16T22:31:46.0216690Z [command]/usr/bin/git config --local http.https://github.com/.extraheader AUTHORIZATION: basic ***
2025-04-16T22:31:46.0267662Z ##[endgroup]
2025-04-16T22:31:46.0270123Z ##[group]Fetching the repository
2025-04-16T22:31:46.0277592Z [command]/usr/bin/git -c protocol.version=2 fetch --no-tags --prune --no-recurse-submodules --depth=1 origin +45e70035cec1178500ba734e085b87ba464d618c:refs/remotes/origin/main
2025-04-16T22:31:48.6862966Z From https://github.com/mrkurger/date-night-app2
2025-04-16T22:31:48.6863877Z  * [new ref]         45e70035cec1178500ba734e085b87ba464d618c -> origin/main
2025-04-16T22:31:48.6895395Z ##[endgroup]
2025-04-16T22:31:48.6896756Z ##[group]Determining the checkout info
2025-04-16T22:31:48.6898167Z ##[endgroup]
2025-04-16T22:31:48.6903199Z [command]/usr/bin/git sparse-checkout disable
2025-04-16T22:31:48.6945155Z [command]/usr/bin/git config --local --unset-all extensions.worktreeConfig
2025-04-16T22:31:48.6976619Z ##[group]Checking out the ref
2025-04-16T22:31:48.6979834Z [command]/usr/bin/git checkout --progress --force -B main refs/remotes/origin/main
2025-04-16T22:31:49.1809947Z Switched to a new branch 'main'
2025-04-16T22:31:49.1828261Z branch 'main' set up to track 'origin/main'.
2025-04-16T22:31:49.1845112Z ##[endgroup]
2025-04-16T22:31:49.1902189Z [command]/usr/bin/git log -1 --format=%H
2025-04-16T22:31:49.1932112Z 45e70035cec1178500ba734e085b87ba464d618c
2025-04-16T22:31:49.2168418Z ##[group]Run actions/setup-node@v4
2025-04-16T22:31:49.2168729Z with:
2025-04-16T22:31:49.2168903Z   node-version: 22.x
2025-04-16T22:31:49.2169096Z   cache: npm
2025-04-16T22:31:49.2169351Z   cache-dependency-path: client-angular/package-lock.json
2025-04-16T22:31:49.2169658Z   always-auth: false
2025-04-16T22:31:49.2169851Z   check-latest: false
2025-04-16T22:31:49.2170152Z   token: ***
2025-04-16T22:31:49.2170323Z env:
2025-04-16T22:31:49.2170475Z   CI: true
2025-04-16T22:31:49.2170636Z ##[endgroup]
2025-04-16T22:31:49.3880611Z Found in cache @ /opt/hostedtoolcache/node/22.14.0/x64
2025-04-16T22:31:49.3888714Z ##[group]Environment details
2025-04-16T22:31:49.8567837Z node: v22.14.0
2025-04-16T22:31:49.8572693Z npm: 10.9.2
2025-04-16T22:31:49.8573096Z yarn: 1.22.22
2025-04-16T22:31:49.8574398Z ##[endgroup]
2025-04-16T22:31:49.8597256Z [command]/opt/hostedtoolcache/node/22.14.0/x64/bin/npm config get cache
2025-04-16T22:31:49.9705789Z /home/runner/.npm
2025-04-16T22:31:50.2718613Z Cache hit for: node-cache-Linux-x64-npm-eed186788acb99c392cc79891935d042040413390720b7932c16d8b7ca478e8b
2025-04-16T22:31:51.5688809Z Received 4194304 of 69351304 (6.0%), 4.0 MBs/sec
2025-04-16T22:31:52.2350537Z Received 69351304 of 69351304 (100.0%), 39.6 MBs/sec
2025-04-16T22:31:52.2352528Z Cache Size: ~66 MB (69351304 B)
2025-04-16T22:31:52.2546941Z [command]/usr/bin/tar -xf /home/runner/work/_temp/da59da28-f428-4b81-9a63-e777c4c6b256/cache.tzst -P -C /home/runner/work/date-night-app2/date-night-app2 --use-compress-program unzstd
2025-04-16T22:31:52.5639793Z Cache restored successfully
2025-04-16T22:31:52.5794448Z Cache restored from key: node-cache-Linux-x64-npm-eed186788acb99c392cc79891935d042040413390720b7932c16d8b7ca478e8b
2025-04-16T22:31:52.5944670Z ##[group]Run npm ci
2025-04-16T22:31:52.5944950Z [36;1mnpm ci[0m
2025-04-16T22:31:52.5998202Z shell: /usr/bin/bash -e {0}
2025-04-16T22:31:52.5998457Z env:
2025-04-16T22:31:52.5998626Z   CI: true
2025-04-16T22:31:52.5998789Z ##[endgroup]
2025-04-16T22:31:57.8292011Z npm warn deprecated inflight@1.0.6: This module is not supported, and leaks memory. Do not use it. Check out lru-cache if you want a good and tested way to coalesce async requests by a key value, which is much more comprehensive and powerful.
2025-04-16T22:31:58.1241909Z npm warn deprecated rimraf@3.0.2: Rimraf versions prior to v4 are no longer supported
2025-04-16T22:31:58.1590676Z npm warn deprecated abab@2.0.6: Use your platform's native atob() and btoa() methods instead
2025-04-16T22:31:58.3563840Z npm warn deprecated glob@7.2.3: Glob versions prior to v9 are no longer supported
2025-04-16T22:31:58.5233775Z npm warn deprecated domexception@4.0.0: Use your platform's native DOMException instead
2025-04-16T22:31:59.4728651Z npm warn deprecated @humanwhocodes/config-array@0.11.14: Use @eslint/config-array instead
2025-04-16T22:31:59.4730303Z npm warn deprecated @humanwhocodes/object-schema@2.0.3: Use @eslint/object-schema instead
2025-04-16T22:32:03.3992820Z npm warn deprecated eslint@8.56.0: This version is no longer supported. Please see https://eslint.org/version-support for other options.
2025-04-16T22:32:18.4162093Z 
2025-04-16T22:32:18.4163175Z > date-night-app@1.0.0 preinstall
2025-04-16T22:32:18.4164183Z > node scripts/disable-husky-in-ci.js
2025-04-16T22:32:18.4168992Z 
2025-04-16T22:32:18.4516444Z .huskyrc file created to disable husky in CI environments
2025-04-16T22:32:18.4519952Z .huskyrc file made executable
2025-04-16T22:32:18.4572446Z 
2025-04-16T22:32:18.4572923Z > date-night-app@1.0.0 prepare
2025-04-16T22:32:18.4573720Z > [ -n "$CI" ] || husky
2025-04-16T22:32:18.4587628Z 
2025-04-16T22:32:18.4933335Z 
2025-04-16T22:32:18.4934514Z added 1470 packages, and audited 1472 packages in 26s
2025-04-16T22:32:18.4935406Z 
2025-04-16T22:32:18.4935886Z 294 packages are looking for funding
2025-04-16T22:32:18.4936617Z   run `npm fund` for details
2025-04-16T22:32:18.4952766Z 
2025-04-16T22:32:18.4956896Z found 0 vulnerabilities
2025-04-16T22:32:18.6004143Z ##[warning]Unexpected input(s) 'headless', valid inputs are ['record', 'auto-cancel-after-failures', 'config', 'config-file', 'env', 'browser', 'command', 'start', 'start-windows', 'build', 'install', 'install-command', 'runTests', 'wait-on', 'wait-on-timeout', 'parallel', 'group', 'tag', 'working-directory', 'headed', 'publish-summary', 'summary-title', 'spec', 'project', 'command-prefix', 'ci-build-id', 'cache-key', 'quiet', 'component']
2025-04-16T22:32:18.6016191Z ##[group]Run cypress-io/github-action@v6
2025-04-16T22:32:18.6016450Z with:
2025-04-16T22:32:18.6016641Z   working-directory: ./client-angular
2025-04-16T22:32:18.6016881Z   build: npm run build
2025-04-16T22:32:18.6017090Z   start: npm start
2025-04-16T22:32:18.6017510Z   wait-on: http://localhost:4200
2025-04-16T22:32:18.6017791Z   browser: chrome
2025-04-16T22:32:18.6017969Z   headless: true
2025-04-16T22:32:18.6018147Z   record: false
2025-04-16T22:32:18.6018338Z   publish-summary: true
2025-04-16T22:32:18.6018574Z   component: false
2025-04-16T22:32:18.6018750Z env:
2025-04-16T22:32:18.6018911Z   CI: true
2025-04-16T22:32:18.6019077Z ##[endgroup]
2025-04-16T22:32:19.0379948Z Cache hit for: npm-linux-x64-1d233aaccb68d004b711b451817eab777690f3623def55195bf0d740b39cc99b48ca48e70d82b3444ce09ad374c63e3f1e277558b747562d914ab0a8adec8060
2025-04-16T22:32:19.0678510Z Cache hit for: cypress-linux-x64-1d233aaccb68d004b711b451817eab777690f3623def55195bf0d740b39cc99b48ca48e70d82b3444ce09ad374c63e3f1e277558b747562d914ab0a8adec8060
2025-04-16T22:32:20.3453895Z Received 0 of 178373466 (0.0%), 0.0 MBs/sec
2025-04-16T22:32:20.3739660Z Received 0 of 69358748 (0.0%), 0.0 MBs/sec
2025-04-16T22:32:21.0210875Z Received 69358748 of 69358748 (100.0%), 40.1 MBs/sec
2025-04-16T22:32:21.0212925Z Cache Size: ~66 MB (69358748 B)
2025-04-16T22:32:21.0377156Z [command]/usr/bin/tar -xf /home/runner/work/_temp/0f2400ba-02ea-4c02-bce6-fc3783110995/cache.tzst -P -C /home/runner/work/date-night-app2/date-night-app2 --use-compress-program unzstd
2025-04-16T22:32:21.3453177Z Received 109051904 of 178373466 (61.1%), 52.0 MBs/sec
2025-04-16T22:32:21.4553995Z Cache restored successfully
2025-04-16T22:32:22.0210029Z Received 178373466 of 178373466 (100.0%), 63.6 MBs/sec
2025-04-16T22:32:22.0214315Z Cache Size: ~170 MB (178373466 B)
2025-04-16T22:32:22.0317723Z [command]/usr/bin/tar -xf /home/runner/work/_temp/f750253b-05bb-45b0-97eb-5ffa66d6793d/cache.tzst -P -C /home/runner/work/date-night-app2/date-night-app2 --use-compress-program unzstd
2025-04-16T22:32:25.5968943Z Cache restored successfully
2025-04-16T22:32:25.6443343Z [command]/opt/hostedtoolcache/node/22.14.0/x64/bin/npm ci
2025-04-16T22:32:33.7479902Z npm warn deprecated inflight@1.0.6: This module is not supported, and leaks memory. Do not use it. Check out lru-cache if you want a good and tested way to coalesce async requests by a key value, which is much more comprehensive and powerful.
2025-04-16T22:32:34.0101233Z npm warn deprecated @humanwhocodes/config-array@0.11.14: Use @eslint/config-array instead
2025-04-16T22:32:34.0336810Z npm warn deprecated rimraf@3.0.2: Rimraf versions prior to v4 are no longer supported
2025-04-16T22:32:34.0663598Z npm warn deprecated abab@2.0.6: Use your platform's native atob() and btoa() methods instead
2025-04-16T22:32:34.2277646Z npm warn deprecated glob@7.2.3: Glob versions prior to v9 are no longer supported
2025-04-16T22:32:34.2396673Z npm warn deprecated @humanwhocodes/object-schema@2.0.3: Use @eslint/object-schema instead
2025-04-16T22:32:34.3429333Z npm warn deprecated domexception@4.0.0: Use your platform's native DOMException instead
2025-04-16T22:32:37.5942383Z npm warn deprecated eslint@8.56.0: This version is no longer supported. Please see https://eslint.org/version-support for other options.
2025-04-16T22:32:41.0653788Z 
2025-04-16T22:32:41.0654644Z > date-night-app@1.0.0 preinstall
2025-04-16T22:32:41.0655411Z > node scripts/disable-husky-in-ci.js
2025-04-16T22:32:41.0655841Z 
2025-04-16T22:32:41.1029183Z .huskyrc file created to disable husky in CI environments
2025-04-16T22:32:41.1032344Z .huskyrc file made executable
2025-04-16T22:32:41.1081586Z 
2025-04-16T22:32:41.1083378Z > date-night-app@1.0.0 prepare
2025-04-16T22:32:41.1085540Z > [ -n "$CI" ] || husky
2025-04-16T22:32:41.1087994Z 
2025-04-16T22:32:41.1522003Z 
2025-04-16T22:32:41.1523572Z added 1470 packages, and audited 1472 packages in 15s
2025-04-16T22:32:41.1525536Z 
2025-04-16T22:32:41.1525838Z 294 packages are looking for funding
2025-04-16T22:32:41.1526327Z   run `npm fund` for details
2025-04-16T22:32:41.1536293Z 
2025-04-16T22:32:41.1538254Z found 0 vulnerabilities
2025-04-16T22:32:41.2236785Z [command]/opt/hostedtoolcache/node/22.14.0/x64/bin/npx cypress cache list
2025-04-16T22:32:41.6931101Z ‚îå‚îÄ‚îÄ‚îÄ‚îÄ‚îÄ‚îÄ‚îÄ‚îÄ‚îÄ‚î¨‚îÄ‚îÄ‚îÄ‚îÄ‚îÄ‚îÄ‚îÄ‚îÄ‚îÄ‚îÄ‚îÄ‚îÄ‚îÄ‚îÄ‚îÄ‚îÄ‚îÄ‚îÄ‚îÄ‚îê
2025-04-16T22:32:41.6931654Z ‚îÇ version ‚îÇ last used         ‚îÇ
2025-04-16T22:32:41.6932199Z ‚îú‚îÄ‚îÄ‚îÄ‚îÄ‚îÄ‚îÄ‚îÄ‚îÄ‚îÄ‚îº‚îÄ‚îÄ‚îÄ‚îÄ‚îÄ‚îÄ‚îÄ‚îÄ‚îÄ‚îÄ‚îÄ‚îÄ‚îÄ‚îÄ‚îÄ‚îÄ‚îÄ‚îÄ‚îÄ‚î§
2025-04-16T22:32:41.6932699Z ‚îÇ 14.3.0  ‚îÇ a few seconds ago ‚îÇ
2025-04-16T22:32:41.6933218Z ‚îî‚îÄ‚îÄ‚îÄ‚îÄ‚îÄ‚îÄ‚îÄ‚îÄ‚îÄ‚î¥‚îÄ‚îÄ‚îÄ‚îÄ‚îÄ‚îÄ‚îÄ‚îÄ‚îÄ‚îÄ‚îÄ‚îÄ‚îÄ‚îÄ‚îÄ‚îÄ‚îÄ‚îÄ‚îÄ‚îò
2025-04-16T22:32:41.7084575Z build app command "npm run build"
2025-04-16T22:32:41.7086967Z current working directory "/home/runner/work/date-night-app2/date-night-app2/client-angular"
2025-04-16T22:32:41.7114623Z [command]/opt/hostedtoolcache/node/22.14.0/x64/bin/npm run build
2025-04-16T22:32:41.8311421Z 
2025-04-16T22:32:41.8319108Z > client-angular@0.0.0 build
2025-04-16T22:32:41.8324198Z > ng build client-angular
2025-04-16T22:32:41.8324483Z 
2025-04-16T22:32:42.5096640Z [33m‚ùØ[39m Building...
2025-04-16T22:33:01.3368422Z 
2025-04-16T22:33:01.3377273Z <--- Last few GCs --->
2025-04-16T22:33:01.3379381Z 
2025-04-16T22:33:01.3380643Z [2007:0x221b6000]    19409 ms: Mark-Compact 1571.0 (2088.9) -> 1565.4 (2087.5) MB, pooled: 8 MB, 55.75 / 0.00 ms  (average mu = 0.952, current mu = 0.789) allocation failure; scavenge might not succeed
2025-04-16T22:33:01.3382829Z [2007:0x221b6000]    19494 ms: Mark-Compact 1581.1 (2087.5) -> 1577.2 (2118.2) MB, pooled: 8 MB, 80.46 / 0.00 ms  (average mu = 0.869, current mu = 0.052) allocation failure; scavenge might not succeed
2025-04-16T22:33:01.3383764Z 
2025-04-16T22:33:01.3383774Z 
2025-04-16T22:33:01.3383988Z <--- JS stacktrace --->
2025-04-16T22:33:01.3384221Z 
2025-04-16T22:33:01.3384775Z FATAL ERROR: Reached heap limit Allocation failed - JavaScript heap out of memory
2025-04-16T22:33:01.3385529Z ----- Native stack trace -----
2025-04-16T22:33:01.3385794Z 
2025-04-16T22:33:01.3415268Z  1: 0xe36196 node::OOMErrorHandler(char const*, v8::OOMDetails const&) [ng build client-angular]
2025-04-16T22:33:01.3418974Z  2: 0x123f4a0 v8::Utils::ReportOOMFailure(v8::internal::Isolate*, char const*, v8::OOMDetails const&) [ng build client-angular]
2025-04-16T22:33:01.3427163Z  3: 0x123f777 v8::internal::V8::FatalProcessOutOfMemory(v8::internal::Isolate*, char const*, v8::OOMDetails const&) [ng build client-angular]
2025-04-16T22:33:01.3435162Z  4: 0x146d1a5  [ng build client-angular]
2025-04-16T22:33:01.3442373Z  5: 0x1486a19 v8::internal::Heap::CollectGarbage(v8::internal::AllocationSpace, v8::internal::GarbageCollectionReason, v8::GCCallbackFlags) [ng build client-angular]
2025-04-16T22:33:01.3450383Z  6: 0x145b0e8 v8::internal::HeapAllocator::AllocateRawWithLightRetrySlowPath(int, v8::internal::AllocationType, v8::internal::AllocationOrigin, v8::internal::AllocationAlignment) [ng build client-angular]
2025-04-16T22:33:01.3460161Z  7: 0x145c015 v8::internal::HeapAllocator::AllocateRawWithRetryOrFailSlowPath(int, v8::internal::AllocationType, v8::internal::AllocationOrigin, v8::internal::AllocationAlignment) [ng build client-angular]
2025-04-16T22:33:01.3467882Z  8: 0x143440e v8::internal::Factory::AllocateRaw(int, v8::internal::AllocationType, v8::internal::AllocationAlignment) [ng build client-angular]
2025-04-16T22:33:01.3472782Z  9: 0x1423504 v8::internal::FactoryBase<v8::internal::Factory>::AllocateRawWithImmortalMap(int, v8::internal::AllocationType, v8::internal::Tagged<v8::internal::Map>, v8::internal::AllocationAlignment) [ng build client-angular]
2025-04-16T22:33:01.3481010Z 10: 0x14249ce v8::internal::FactoryBase<v8::internal::Factory>::NewRawOneByteString(int, v8::internal::AllocationType) [ng build client-angular]
2025-04-16T22:33:01.3487912Z 11: 0x1424a46 v8::internal::FactoryBase<v8::internal::Factory>::NewStringFromOneByte(v8::base::Vector<unsigned char const>, v8::internal::AllocationType) [ng build client-angular]
2025-04-16T22:33:01.3494784Z 12: 0x179545a v8::internal::ValueDeserializer::ReadObjectInternal() [ng build client-angular]
2025-04-16T22:33:01.3504450Z 13: 0x179583f v8::internal::ValueDeserializer::ReadObject() [ng build client-angular]
2025-04-16T22:33:01.3512331Z 14: 0x1793dd1 v8::internal::ValueDeserializer::ReadJSObjectProperties(v8::internal::Handle<v8::internal::JSObject>, v8::internal::SerializationTag, bool) [ng build client-angular]
2025-04-16T22:33:01.3520403Z 15: 0x1794613 v8::internal::ValueDeserializer::ReadJSObject() [ng build client-angular]
2025-04-16T22:33:01.3527972Z 16: 0x1795595 v8::internal::ValueDeserializer::ReadObjectInternal() [ng build client-angular]
2025-04-16T22:33:01.3535690Z 17: 0x179583f v8::internal::ValueDeserializer::ReadObject() [ng build client-angular]
2025-04-16T22:33:01.3544033Z 18: 0x1793dd1 v8::internal::ValueDeserializer::ReadJSObjectProperties(v8::internal::Handle<v8::internal::JSObject>, v8::internal::SerializationTag, bool) [ng build client-angular]
2025-04-16T22:33:01.3551060Z 19: 0x1794613 v8::internal::ValueDeserializer::ReadJSObject() [ng build client-angular]
2025-04-16T22:33:01.3558868Z 20: 0x1795595 v8::internal::ValueDeserializer::ReadObjectInternal() [ng build client-angular]
2025-04-16T22:33:01.3565628Z 21: 0x179583f v8::internal::ValueDeserializer::ReadObject() [ng build client-angular]
2025-04-16T22:33:01.3572189Z 22: 0x1794e6c v8::internal::ValueDeserializer::ReadDenseJSArray() [ng build client-angular]
2025-04-16T22:33:01.3579777Z 23: 0x17952ee v8::internal::ValueDeserializer::ReadObjectInternal() [ng build client-angular]
2025-04-16T22:33:01.3587294Z 24: 0x179583f v8::internal::ValueDeserializer::ReadObject() [ng build client-angular]
2025-04-16T22:33:01.3595753Z 25: 0x1793a1a v8::internal::ValueDeserializer::ReadJSObjectProperties(v8::internal::Handle<v8::internal::JSObject>, v8::internal::SerializationTag, bool) [ng build client-angular]
2025-04-16T22:33:01.3603153Z 26: 0x1794613 v8::internal::ValueDeserializer::ReadJSObject() [ng build client-angular]
2025-04-16T22:33:01.3609823Z 27: 0x1795595 v8::internal::ValueDeserializer::ReadObjectInternal() [ng build client-angular]
2025-04-16T22:33:01.3617783Z 28: 0x179583f v8::internal::ValueDeserializer::ReadObject() [ng build client-angular]
2025-04-16T22:33:01.3625808Z 29: 0x1793379 v8::internal::ValueDeserializer::ReadJSObjectProperties(v8::internal::Handle<v8::internal::JSObject>, v8::internal::SerializationTag, bool) [ng build client-angular]
2025-04-16T22:33:01.3631477Z 30: 0x1794613 v8::internal::ValueDeserializer::ReadJSObject() [ng build client-angular]
2025-04-16T22:33:01.3639057Z 31: 0x1795595 v8::internal::ValueDeserializer::ReadObjectInternal() [ng build client-angular]
2025-04-16T22:33:01.3649022Z 32: 0x179583f v8::internal::ValueDeserializer::ReadObject() [ng build client-angular]
2025-04-16T22:33:01.3656776Z 33: 0x179597b v8::internal::ValueDeserializer::ReadObjectWrapper() [ng build client-angular]
2025-04-16T22:33:01.3662125Z 34: 0x124af17 v8::ValueDeserializer::ReadValue(v8::Local<v8::Context>) [ng build client-angular]
2025-04-16T22:33:01.3670005Z 35: 0xfe81bb node::worker::Message::Deserialize(node::Environment*, v8::Local<v8::Context>, v8::Local<v8::Value>*) [ng build client-angular]
2025-04-16T22:33:01.3675455Z 36: 0xfee06a node::worker::MessagePort::ReceiveMessage(v8::Local<v8::Context>, node::worker::MessagePort::MessageProcessingMode, v8::Local<v8::Value>*) [ng build client-angular]
2025-04-16T22:33:01.3683226Z 37: 0xfee4ac node::worker::MessagePort::OnMessage(node::worker::MessagePort::MessageProcessingMode) [ng build client-angular]
2025-04-16T22:33:01.3689469Z 38: 0x1d2c523  [ng build client-angular]
2025-04-16T22:33:01.3700433Z 39: 0x1d42094  [ng build client-angular]
2025-04-16T22:33:01.3706955Z 40: 0x1d2d247 uv_run [ng build client-angular]
2025-04-16T22:33:01.3712701Z 41: 0xe906d6 node::SpinEventLoopInternal(node::Environment*) [ng build client-angular]
2025-04-16T22:33:01.3719578Z 42: 0xfe5661 node::NodeMainInstance::Run() [ng build client-angular]
2025-04-16T22:33:01.3738462Z 43: 0xf480cb node::Start(int, char**) [ng build client-angular]
2025-04-16T22:33:01.3740916Z 44: 0x7fc721e2a1ca  [/lib/x86_64-linux-gnu/libc.so.6]
2025-04-16T22:33:01.3746167Z 45: 0x7fc721e2a28b __libc_start_main [/lib/x86_64-linux-gnu/libc.so.6]
2025-04-16T22:33:01.3746958Z 46: 0xe8c9fe _start [ng build client-angular]
2025-04-16T22:34:49.2916785Z Aborted (core dumped)
2025-04-16T22:34:49.4672479Z fatal error: all goroutines are asleep - deadlock!
2025-04-16T22:34:49.4683897Z 
2025-04-16T22:34:49.4695020Z goroutine 1 [chan receive, 2 minutes]:
2025-04-16T22:34:49.4701015Z github.com/evanw/esbuild/internal/helpers.(*ThreadSafeWaitGroup).Wait(...)
2025-04-16T22:34:49.4714712Z 	github.com/evanw/esbuild/internal/helpers/waitgroup.go:36
2025-04-16T22:34:49.4720557Z main.runService.func2()
2025-04-16T22:34:49.4726497Z 	github.com/evanw/esbuild/cmd/esbuild/service.go:114 +0x51
2025-04-16T22:34:49.4727745Z main.runService(0x1)
2025-04-16T22:34:49.4736744Z 	github.com/evanw/esbuild/cmd/esbuild/service.go:160 +0x50c
2025-04-16T22:34:49.4904765Z main.main()
2025-04-16T22:34:49.4908739Z 	github.com/evanw/esbuild/cmd/esbuild/main.go:241 +0x9d9
2025-04-16T22:34:49.4909154Z 
2025-04-16T22:34:49.4962006Z goroutine 19 [chan receive, 2 minutes]:
2025-04-16T22:34:49.4962603Z main.runService.func1()
2025-04-16T22:34:49.4966364Z 	github.com/evanw/esbuild/cmd/esbuild/service.go:98 +0x45
2025-04-16T22:34:49.4970390Z created by main.runService in goroutine 1
2025-04-16T22:34:49.4978750Z 	github.com/evanw/esbuild/cmd/esbuild/service.go:97 +0x1db
2025-04-16T22:34:49.4979277Z 
2025-04-16T22:34:49.4987707Z goroutine 20 [chan receive, 2 minutes]:
2025-04-16T22:34:49.4992746Z main.(*serviceType).sendRequest(0xc00018c2d0, {0x986a20, 0xc0017a8cf0})
2025-04-16T22:34:49.5009652Z 	github.com/evanw/esbuild/cmd/esbuild/service.go:192 +0x12b
2025-04-16T22:34:49.5020534Z main.runService.func3()
2025-04-16T22:34:49.5023686Z 	github.com/evanw/esbuild/cmd/esbuild/service.go:125 +0x3e
2025-04-16T22:34:49.5024235Z created by main.runService in goroutine 1
2025-04-16T22:34:49.5027929Z 	github.com/evanw/esbuild/cmd/esbuild/service.go:122 +0x30d
2025-04-16T22:34:49.5030958Z 
2025-04-16T22:34:49.5031209Z goroutine 22 [semacquire, 2 minutes]:
2025-04-16T22:34:49.5034975Z sync.runtime_Semacquire(0xc000114a68?)
2025-04-16T22:34:49.5035511Z 	runtime/sema.go:71 +0x25
2025-04-16T22:34:49.5039413Z sync.(*WaitGroup).Wait(0xc000130360?)
2025-04-16T22:34:49.5042807Z 	sync/waitgroup.go:118 +0x48
2025-04-16T22:34:49.5043980Z github.com/evanw/esbuild/internal/bundler.ScanBundle(_, {_, _, _, _, _, _}, {_, _}, 0xc000130360, ...)
2025-04-16T22:34:49.5052655Z 	github.com/evanw/esbuild/internal/bundler/bundler.go:1395 +0x98a
2025-04-16T22:34:49.5056646Z github.com/evanw/esbuild/pkg/api.rebuildImpl({0xc000130360, {0x0, 0x0, 0x0}, {0x0, 0x0, 0x0}, {0x0, 0x1, 0x0, ...}, ...}, ...)
2025-04-16T22:34:49.5058164Z 	github.com/evanw/esbuild/pkg/api/api_impl.go:1479 +0x2e5
2025-04-16T22:34:49.5061939Z github.com/evanw/esbuild/pkg/api.(*internalContext).rebuild(_)
2025-04-16T22:34:49.5065506Z 	github.com/evanw/esbuild/pkg/api/api_impl.go:998 +0x29c
2025-04-16T22:34:49.5068955Z github.com/evanw/esbuild/pkg/api.(*internalContext).Rebuild(...)
2025-04-16T22:34:49.5069794Z 	github.com/evanw/esbuild/pkg/api/api_impl.go:1059
2025-04-16T22:34:49.5073333Z github.com/evanw/esbuild/pkg/api.Build({0x0, 0x0, 0x0, 0xc00018c7e0, 0x0, {0x0, 0x0}, 0x0, 0x0, {0xc000120e08, ...}, ...})
2025-04-16T22:34:49.5077584Z 	github.com/evanw/esbuild/pkg/api/api.go:387 +0x9b
2025-04-16T22:34:49.5078449Z main.(*serviceType).handleBuildRequest(0xc00018c2d0, 0x1, 0xc00018c480)
2025-04-16T22:34:49.5081776Z 	github.com/evanw/esbuild/cmd/esbuild/service.go:773 +0xe3f
2025-04-16T22:34:49.5085827Z main.(*serviceType).handleIncomingPacket.func2()
2025-04-16T22:34:49.5086732Z 	github.com/evanw/esbuild/cmd/esbuild/service.go:235 +0x57
2025-04-16T22:34:49.5090735Z created by main.(*serviceType).handleIncomingPacket in goroutine 1
2025-04-16T22:34:49.5095173Z 	github.com/evanw/esbuild/cmd/esbuild/service.go:233 +0x1ad
2025-04-16T22:34:49.5095689Z 
2025-04-16T22:34:49.5099228Z goroutine 23 [chan receive, 2 minutes]:
2025-04-16T22:34:49.5099847Z main.(*serviceType).sendRequest(0xc00018c2d0, {0x986a20, 0xc000403b00})
2025-04-16T22:34:49.5103654Z 	github.com/evanw/esbuild/cmd/esbuild/service.go:192 +0x12b
2025-04-16T22:34:49.5106550Z main.(*serviceType).convertPlugins.func2.2()
2025-04-16T22:34:49.5107279Z 	github.com/evanw/esbuild/cmd/esbuild/service.go:954 +0x117
2025-04-16T22:34:49.5112175Z github.com/evanw/esbuild/pkg/api.(*pluginImpl).onStart-fm.(*pluginImpl).onStart.func1()
2025-04-16T22:34:49.5115757Z 	github.com/evanw/esbuild/pkg/api/api_impl.go:1847 +0x35
2025-04-16T22:34:49.5123137Z github.com/evanw/esbuild/internal/bundler.ScanBundle.func1({{0xa0ee7c, 0x12}, {0xc0001146c0, 0x1, 0x1}, {0xc00018cd50, 0x1, 0x1}, {0xc00018cdb0, 0x1, ...}}, ...)
2025-04-16T22:34:49.5130554Z 	github.com/evanw/esbuild/internal/bundler/bundler.go:1312 +0x5e
2025-04-16T22:34:49.5135156Z created by github.com/evanw/esbuild/internal/bundler.ScanBundle in goroutine 22
2025-04-16T22:34:49.5138207Z 	github.com/evanw/esbuild/internal/bundler/bundler.go:1311 +0xfff
2025-04-16T22:34:49.5141412Z 
2025-04-16T22:34:49.5141636Z goroutine 24 [chan send, 2 minutes]:
2025-04-16T22:34:49.5144989Z github.com/evanw/esbuild/internal/bundler.ScanBundle.func2()
2025-04-16T22:34:49.5148732Z 	github.com/evanw/esbuild/internal/bundler/bundler.go:1346 +0x2c5
2025-04-16T22:34:49.5152929Z created by github.com/evanw/esbuild/internal/bundler.ScanBundle in goroutine 22
2025-04-16T22:34:49.5154121Z 	github.com/evanw/esbuild/internal/bundler/bundler.go:1344 +0x97d
2025-04-16T22:34:49.5725179Z npm error Lifecycle script `build` failed with error:
2025-04-16T22:34:49.5760104Z npm error code 134
2025-04-16T22:34:49.5763668Z npm error path /home/runner/work/date-night-app2/date-night-app2/client-angular
2025-04-16T22:34:49.5769671Z npm error workspace client-angular@0.0.0
2025-04-16T22:34:49.5773775Z npm error location /home/runner/work/date-night-app2/date-night-app2/client-angular
2025-04-16T22:34:49.5780264Z npm error command failed
2025-04-16T22:34:49.5792112Z npm error command sh -c ng build client-angular
2025-04-16T22:34:49.9262302Z ##[error]The process '/opt/hostedtoolcache/node/22.14.0/x64/bin/npm' failed with exit code 134
2025-04-16T22:34:50.2054967Z ##[group]Run actions/upload-artifact@v4
2025-04-16T22:34:50.2055282Z with:
2025-04-16T22:34:50.2055486Z   name: cypress-screenshots
2025-04-16T22:34:50.2055745Z   path: ./client-angular/cypress/screenshots
2025-04-16T22:34:50.2056022Z   if-no-files-found: warn
2025-04-16T22:34:50.2056243Z   compression-level: 6
2025-04-16T22:34:50.2056438Z   overwrite: false
2025-04-16T22:34:50.2056641Z   include-hidden-files: false
2025-04-16T22:34:50.2056858Z env:
2025-04-16T22:34:50.2057009Z   CI: 1
2025-04-16T22:34:50.2057224Z   CYPRESS_CACHE_FOLDER: /home/runner/.cache/Cypress
2025-04-16T22:34:50.2057736Z   npm_config_cache: /home/runner/.npm
2025-04-16T22:34:50.2057980Z ##[endgroup]
2025-04-16T22:34:50.5050115Z ##[warning]No files were found with the provided path: ./client-angular/cypress/screenshots. No artifacts will be uploaded.
2025-04-16T22:34:50.5490847Z Post job cleanup.
2025-04-16T22:34:50.6742487Z [command]/usr/bin/git version
2025-04-16T22:34:50.6796947Z git version 2.49.0
2025-04-16T22:34:50.6864545Z Temporarily overriding HOME='/home/runner/work/_temp/5feb513b-f10f-495b-b63a-4636953d8e78' before making global git config changes
2025-04-16T22:34:50.6882415Z Adding repository directory to the temporary git global config as a safe directory
2025-04-16T22:34:50.6884009Z [command]/usr/bin/git config --global --add safe.directory /home/runner/work/date-night-app2/date-night-app2
2025-04-16T22:34:50.6943262Z [command]/usr/bin/git config --local --name-only --get-regexp core\.sshCommand
2025-04-16T22:34:50.6993739Z [command]/usr/bin/git submodule foreach --recursive sh -c "git config --local --name-only --get-regexp 'core\.sshCommand' && git config --local --unset-all 'core.sshCommand' || :"
2025-04-16T22:34:50.7385899Z [command]/usr/bin/git config --local --name-only --get-regexp http\.https\:\/\/github\.com\/\.extraheader
2025-04-16T22:34:50.7437636Z http.https://github.com/.extraheader
2025-04-16T22:34:50.7455428Z [command]/usr/bin/git config --local --unset-all http.https://github.com/.extraheader
2025-04-16T22:34:50.7484704Z [command]/usr/bin/git submodule foreach --recursive sh -c "git config --local --name-only --get-regexp 'http\.https\:\/\/github\.com\/\.extraheader' && git config --local --unset-all 'http.https://github.com/.extraheader' || :"
2025-04-16T22:34:50.7989469Z Cleaning up orphan processes
