2025-04-18T14:03:43.6346247Z Current runner version: '2.323.0'
2025-04-18T14:03:43.6452265Z ##[group]Operating System
2025-04-18T14:03:43.6453514Z Ubuntu
2025-04-18T14:03:43.6454453Z 24.04.2
2025-04-18T14:03:43.6455314Z LTS
2025-04-18T14:03:43.6456087Z ##[endgroup]
2025-04-18T14:03:43.6457098Z ##[group]Runner Image
2025-04-18T14:03:43.6458135Z Image: ubuntu-24.04
2025-04-18T14:03:43.6458986Z Version: 20250413.1.0
2025-04-18T14:03:43.6460891Z Included Software: https://github.com/actions/runner-images/blob/ubuntu24/20250413.1/images/ubuntu/Ubuntu2404-Readme.md
2025-04-18T14:03:43.6463731Z Image Release: https://github.com/actions/runner-images/releases/tag/ubuntu24%2F20250413.1
2025-04-18T14:03:43.6465294Z ##[endgroup]
2025-04-18T14:03:43.6466122Z ##[group]Runner Image Provisioner
2025-04-18T14:03:43.6467119Z 2.0.422.1
2025-04-18T14:03:43.6467828Z ##[endgroup]
2025-04-18T14:03:43.6492925Z ##[group]GITHUB_TOKEN Permissions
2025-04-18T14:03:43.6495990Z Actions: write
2025-04-18T14:03:43.6497183Z Attestations: write
2025-04-18T14:03:43.6498229Z Checks: write
2025-04-18T14:03:43.6499206Z Contents: write
2025-04-18T14:03:43.6500124Z Deployments: write
2025-04-18T14:03:43.6501020Z Discussions: write
2025-04-18T14:03:43.6502075Z Issues: write
2025-04-18T14:03:43.6503097Z Metadata: read
2025-04-18T14:03:43.6503879Z Models: read
2025-04-18T14:03:43.6504631Z Packages: write
2025-04-18T14:03:43.6505581Z Pages: write
2025-04-18T14:03:43.6506327Z PullRequests: write
2025-04-18T14:03:43.6507202Z RepositoryProjects: write
2025-04-18T14:03:43.6508307Z SecurityEvents: write
2025-04-18T14:03:43.6509208Z Statuses: write
2025-04-18T14:03:43.6509938Z ##[endgroup]
2025-04-18T14:03:43.6523163Z Secret source: Actions
2025-04-18T14:03:43.6524358Z Prepare workflow directory
2025-04-18T14:03:43.7509998Z Prepare all required actions
2025-04-18T14:03:43.7564919Z Getting action download info
2025-04-18T14:03:44.2441533Z ##[group]Download immutable action package 'actions/checkout@v4'
2025-04-18T14:03:44.2442550Z Version: 4.2.2
2025-04-18T14:03:44.2443666Z Digest: sha256:ccb2698953eaebd21c7bf6268a94f9c26518a7e38e27e0b83c1fe1ad049819b1
2025-04-18T14:03:44.2444796Z Source commit SHA: 11bd71901bbe5b1630ceea73d27597364c9af683
2025-04-18T14:03:44.2445471Z ##[endgroup]
2025-04-18T14:03:44.3330368Z ##[group]Download immutable action package 'actions/setup-node@v4'
2025-04-18T14:03:44.3331541Z Version: 4.4.0
2025-04-18T14:03:44.3332328Z Digest: sha256:9427cefe82346e992fb5b949e3569b39d537ae41aa3086483b14eceebfc16bc1
2025-04-18T14:03:44.3333224Z Source commit SHA: 49933ea5288caeca8642d1e84afbd3f7d6820020
2025-04-18T14:03:44.3333958Z ##[endgroup]
2025-04-18T14:03:44.6165647Z Download action repository 'cypress-io/github-action@v6' (SHA:108b8684ae52e735ff7891524cbffbcd4be5b19f)
2025-04-18T14:03:45.0362644Z ##[group]Download immutable action package 'actions/upload-artifact@v4'
2025-04-18T14:03:45.0363349Z Version: 4.6.2
2025-04-18T14:03:45.0363976Z Digest: sha256:290722aa3281d5caf23d0acdc3dbeb3424786a1a01a9cc97e72f147225e37c38
2025-04-18T14:03:45.0364815Z Source commit SHA: ea165f8d65b6e75b540449e92b4886f43607fa02
2025-04-18T14:03:45.0365387Z ##[endgroup]
2025-04-18T14:03:45.2462960Z Complete job name: e2e (22.x)
2025-04-18T14:03:45.3020145Z ##[group]Run actions/checkout@v4
2025-04-18T14:03:45.3020949Z with:
2025-04-18T14:03:45.3021524Z   repository: mrkurger/date-night-app2
2025-04-18T14:03:45.3022172Z   token: ***
2025-04-18T14:03:45.3022537Z   ssh-strict: true
2025-04-18T14:03:45.3022906Z   ssh-user: git
2025-04-18T14:03:45.3023298Z   persist-credentials: true
2025-04-18T14:03:45.3023728Z   clean: true
2025-04-18T14:03:45.3024125Z   sparse-checkout-cone-mode: true
2025-04-18T14:03:45.3024592Z   fetch-depth: 1
2025-04-18T14:03:45.3024960Z   fetch-tags: false
2025-04-18T14:03:45.3025348Z   show-progress: true
2025-04-18T14:03:45.3025730Z   lfs: false
2025-04-18T14:03:45.3026088Z   submodules: false
2025-04-18T14:03:45.3026479Z   set-safe-directory: true
2025-04-18T14:03:45.3027143Z env:
2025-04-18T14:03:45.3027477Z   CI: true
2025-04-18T14:03:45.3027819Z ##[endgroup]
2025-04-18T14:03:45.4831875Z Syncing repository: mrkurger/date-night-app2
2025-04-18T14:03:45.4834265Z ##[group]Getting Git version info
2025-04-18T14:03:45.4835510Z Working directory is '/home/runner/work/date-night-app2/date-night-app2'
2025-04-18T14:03:45.4837040Z [command]/usr/bin/git version
2025-04-18T14:03:45.4906022Z git version 2.49.0
2025-04-18T14:03:45.4940050Z ##[endgroup]
2025-04-18T14:03:45.4957450Z Temporarily overriding HOME='/home/runner/work/_temp/df980006-45df-4fed-bb1e-e488fb7dbcac' before making global git config changes
2025-04-18T14:03:45.4960374Z Adding repository directory to the temporary git global config as a safe directory
2025-04-18T14:03:45.4976003Z [command]/usr/bin/git config --global --add safe.directory /home/runner/work/date-night-app2/date-night-app2
2025-04-18T14:03:45.5019858Z Deleting the contents of '/home/runner/work/date-night-app2/date-night-app2'
2025-04-18T14:03:45.5025961Z ##[group]Initializing the repository
2025-04-18T14:03:45.5027395Z [command]/usr/bin/git init /home/runner/work/date-night-app2/date-night-app2
2025-04-18T14:03:45.5098907Z hint: Using 'master' as the name for the initial branch. This default branch name
2025-04-18T14:03:45.5105920Z hint: is subject to change. To configure the initial branch name to use in all
2025-04-18T14:03:45.5107757Z hint: of your new repositories, which will suppress this warning, call:
2025-04-18T14:03:45.5109035Z hint:
2025-04-18T14:03:45.5109973Z hint: 	git config --global init.defaultBranch <name>
2025-04-18T14:03:45.5110966Z hint:
2025-04-18T14:03:45.5112219Z hint: Names commonly chosen instead of 'master' are 'main', 'trunk' and
2025-04-18T14:03:45.5113881Z hint: 'development'. The just-created branch can be renamed via this command:
2025-04-18T14:03:45.5115210Z hint:
2025-04-18T14:03:45.5115945Z hint: 	git branch -m <name>
2025-04-18T14:03:45.5118856Z Initialized empty Git repository in /home/runner/work/date-night-app2/date-night-app2/.git/
2025-04-18T14:03:45.5131716Z [command]/usr/bin/git remote add origin https://github.com/mrkurger/date-night-app2
2025-04-18T14:03:45.5168787Z ##[endgroup]
2025-04-18T14:03:45.5172361Z ##[group]Disabling automatic garbage collection
2025-04-18T14:03:45.5173594Z [command]/usr/bin/git config --local gc.auto 0
2025-04-18T14:03:45.5206010Z ##[endgroup]
2025-04-18T14:03:45.5207776Z ##[group]Setting up auth
2025-04-18T14:03:45.5213803Z [command]/usr/bin/git config --local --name-only --get-regexp core\.sshCommand
2025-04-18T14:03:45.5248548Z [command]/usr/bin/git submodule foreach --recursive sh -c "git config --local --name-only --get-regexp 'core\.sshCommand' && git config --local --unset-all 'core.sshCommand' || :"
2025-04-18T14:03:45.5549087Z [command]/usr/bin/git config --local --name-only --get-regexp http\.https\:\/\/github\.com\/\.extraheader
2025-04-18T14:03:45.5583428Z [command]/usr/bin/git submodule foreach --recursive sh -c "git config --local --name-only --get-regexp 'http\.https\:\/\/github\.com\/\.extraheader' && git config --local --unset-all 'http.https://github.com/.extraheader' || :"
2025-04-18T14:03:45.5864828Z [command]/usr/bin/git config --local http.https://github.com/.extraheader AUTHORIZATION: basic ***
2025-04-18T14:03:45.5910798Z ##[endgroup]
2025-04-18T14:03:45.5916409Z ##[group]Fetching the repository
2025-04-18T14:03:45.5922075Z [command]/usr/bin/git -c protocol.version=2 fetch --no-tags --prune --no-recurse-submodules --depth=1 origin +f2f91fe73c74902783bbbadd51038f0cbfbf1efa:refs/remotes/origin/main
2025-04-18T14:03:48.1599360Z From https://github.com/mrkurger/date-night-app2
2025-04-18T14:03:48.1602047Z  * [new ref]         f2f91fe73c74902783bbbadd51038f0cbfbf1efa -> origin/main
2025-04-18T14:03:48.1632265Z ##[endgroup]
2025-04-18T14:03:48.1634225Z ##[group]Determining the checkout info
2025-04-18T14:03:48.1637085Z ##[endgroup]
2025-04-18T14:03:48.1639596Z [command]/usr/bin/git sparse-checkout disable
2025-04-18T14:03:48.1682817Z [command]/usr/bin/git config --local --unset-all extensions.worktreeConfig
2025-04-18T14:03:48.1714591Z ##[group]Checking out the ref
2025-04-18T14:03:48.1718420Z [command]/usr/bin/git checkout --progress --force -B main refs/remotes/origin/main
2025-04-18T14:03:48.7515079Z Switched to a new branch 'main'
2025-04-18T14:03:48.7519081Z branch 'main' set up to track 'origin/main'.
2025-04-18T14:03:48.7543934Z ##[endgroup]
2025-04-18T14:03:48.7585636Z [command]/usr/bin/git log -1 --format=%H
2025-04-18T14:03:48.7611867Z f2f91fe73c74902783bbbadd51038f0cbfbf1efa
2025-04-18T14:03:48.7847673Z ##[group]Run actions/setup-node@v4
2025-04-18T14:03:48.7848149Z with:
2025-04-18T14:03:48.7848511Z   node-version: 22.x
2025-04-18T14:03:48.7848816Z   cache: npm
2025-04-18T14:03:48.7849228Z   cache-dependency-path: client-angular/package-lock.json
2025-04-18T14:03:48.7849631Z   always-auth: false
2025-04-18T14:03:48.7850039Z   check-latest: false
2025-04-18T14:03:48.7850524Z   token: ***
2025-04-18T14:03:48.7850787Z env:
2025-04-18T14:03:48.7851142Z   CI: true
2025-04-18T14:03:48.7851681Z ##[endgroup]
2025-04-18T14:03:48.9638337Z Found in cache @ /opt/hostedtoolcache/node/22.14.0/x64
2025-04-18T14:03:48.9652755Z ##[group]Environment details
2025-04-18T14:03:49.4314319Z node: v22.14.0
2025-04-18T14:03:49.4314727Z npm: 10.9.2
2025-04-18T14:03:49.4315105Z yarn: 1.22.22
2025-04-18T14:03:49.4332571Z ##[endgroup]
2025-04-18T14:03:49.4353084Z [command]/opt/hostedtoolcache/node/22.14.0/x64/bin/npm config get cache
2025-04-18T14:03:49.5432338Z /home/runner/.npm
2025-04-18T14:03:49.5580638Z ##[error]Some specified paths were not resolved, unable to cache dependencies.
2025-04-18T14:03:49.5710663Z ##[group]Run actions/upload-artifact@v4
2025-04-18T14:03:49.5710947Z with:
2025-04-18T14:03:49.5711135Z   name: cypress-screenshots
2025-04-18T14:03:49.5711664Z   path: ./client-angular/cypress/screenshots
2025-04-18T14:03:49.5711935Z   if-no-files-found: warn
2025-04-18T14:03:49.5712148Z   compression-level: 6
2025-04-18T14:03:49.5712343Z   overwrite: false
2025-04-18T14:03:49.5712544Z   include-hidden-files: false
2025-04-18T14:03:49.5712774Z env:
2025-04-18T14:03:49.5712931Z   CI: true
2025-04-18T14:03:49.5713108Z ##[endgroup]
2025-04-18T14:03:49.7925377Z ##[warning]No files were found with the provided path: ./client-angular/cypress/screenshots. No artifacts will be uploaded.
2025-04-18T14:03:49.8095717Z Post job cleanup.
2025-04-18T14:03:49.9039927Z [command]/usr/bin/git version
2025-04-18T14:03:49.9080431Z git version 2.49.0
2025-04-18T14:03:49.9127879Z Temporarily overriding HOME='/home/runner/work/_temp/2b5393f5-b315-478c-b20a-a8039927d257' before making global git config changes
2025-04-18T14:03:49.9129633Z Adding repository directory to the temporary git global config as a safe directory
2025-04-18T14:03:49.9135849Z [command]/usr/bin/git config --global --add safe.directory /home/runner/work/date-night-app2/date-night-app2
2025-04-18T14:03:49.9179358Z [command]/usr/bin/git config --local --name-only --get-regexp core\.sshCommand
2025-04-18T14:03:49.9216691Z [command]/usr/bin/git submodule foreach --recursive sh -c "git config --local --name-only --get-regexp 'core\.sshCommand' && git config --local --unset-all 'core.sshCommand' || :"
2025-04-18T14:03:49.9464985Z [command]/usr/bin/git config --local --name-only --get-regexp http\.https\:\/\/github\.com\/\.extraheader
2025-04-18T14:03:49.9488773Z http.https://github.com/.extraheader
2025-04-18T14:03:49.9503664Z [command]/usr/bin/git config --local --unset-all http.https://github.com/.extraheader
2025-04-18T14:03:49.9537773Z [command]/usr/bin/git submodule foreach --recursive sh -c "git config --local --name-only --get-regexp 'http\.https\:\/\/github\.com\/\.extraheader' && git config --local --unset-all 'http.https://github.com/.extraheader' || :"
2025-04-18T14:03:49.9878516Z Cleaning up orphan processes
