2025-04-18T13:31:58.2578698Z Current runner version: '2.323.0'
2025-04-18T13:31:58.2641109Z ##[group]Operating System
2025-04-18T13:31:58.2642435Z Ubuntu
2025-04-18T13:31:58.2643155Z 24.04.2
2025-04-18T13:31:58.2643942Z LTS
2025-04-18T13:31:58.2644783Z ##[endgroup]
2025-04-18T13:31:58.2645609Z ##[group]Runner Image
2025-04-18T13:31:58.2646890Z Image: ubuntu-24.04
2025-04-18T13:31:58.2648004Z Version: 20250413.1.0
2025-04-18T13:31:58.2649782Z Included Software: https://github.com/actions/runner-images/blob/ubuntu24/20250413.1/images/ubuntu/Ubuntu2404-Readme.md
2025-04-18T13:31:58.2652230Z Image Release: https://github.com/actions/runner-images/releases/tag/ubuntu24%2F20250413.1
2025-04-18T13:31:58.2653848Z ##[endgroup]
2025-04-18T13:31:58.2654739Z ##[group]Runner Image Provisioner
2025-04-18T13:31:58.2655663Z 2.0.422.1
2025-04-18T13:31:58.2656513Z ##[endgroup]
2025-04-18T13:31:58.2681308Z ##[group]GITHUB_TOKEN Permissions
2025-04-18T13:31:58.2684511Z Actions: write
2025-04-18T13:31:58.2685571Z Attestations: write
2025-04-18T13:31:58.2686703Z Checks: write
2025-04-18T13:31:58.2687513Z Contents: write
2025-04-18T13:31:58.2688762Z Deployments: write
2025-04-18T13:31:58.2689618Z Discussions: write
2025-04-18T13:31:58.2690368Z Issues: write
2025-04-18T13:31:58.2691228Z Metadata: read
2025-04-18T13:31:58.2692016Z Models: read
2025-04-18T13:31:58.2692725Z Packages: write
2025-04-18T13:31:58.2693641Z Pages: write
2025-04-18T13:31:58.2694415Z PullRequests: write
2025-04-18T13:31:58.2695306Z RepositoryProjects: write
2025-04-18T13:31:58.2696127Z SecurityEvents: write
2025-04-18T13:31:58.2697117Z Statuses: write
2025-04-18T13:31:58.2718335Z ##[endgroup]
2025-04-18T13:31:58.2721853Z Secret source: Actions
2025-04-18T13:31:58.2723244Z Prepare workflow directory
2025-04-18T13:31:58.3918335Z Prepare all required actions
2025-04-18T13:31:58.4044884Z Getting action download info
2025-04-18T13:31:58.8656461Z ##[group]Download immutable action package 'actions/checkout@v4'
2025-04-18T13:31:58.8657515Z Version: 4.2.2
2025-04-18T13:31:58.8658789Z Digest: sha256:ccb2698953eaebd21c7bf6268a94f9c26518a7e38e27e0b83c1fe1ad049819b1
2025-04-18T13:31:58.8660017Z Source commit SHA: 11bd71901bbe5b1630ceea73d27597364c9af683
2025-04-18T13:31:58.8660689Z ##[endgroup]
2025-04-18T13:31:58.9765440Z ##[group]Download immutable action package 'actions/setup-node@v4'
2025-04-18T13:31:58.9766309Z Version: 4.4.0
2025-04-18T13:31:58.9767072Z Digest: sha256:9427cefe82346e992fb5b949e3569b39d537ae41aa3086483b14eceebfc16bc1
2025-04-18T13:31:58.9768274Z Source commit SHA: 49933ea5288caeca8642d1e84afbd3f7d6820020
2025-04-18T13:31:58.9769084Z ##[endgroup]
2025-04-18T13:31:59.2242980Z ##[group]Download immutable action package 'actions/upload-artifact@v4'
2025-04-18T13:31:59.2243811Z Version: 4.6.2
2025-04-18T13:31:59.2244503Z Digest: sha256:290722aa3281d5caf23d0acdc3dbeb3424786a1a01a9cc97e72f147225e37c38
2025-04-18T13:31:59.2245513Z Source commit SHA: ea165f8d65b6e75b540449e92b4886f43607fa02
2025-04-18T13:31:59.2246187Z ##[endgroup]
2025-04-18T13:31:59.4399024Z Complete job name: test (22.x)
2025-04-18T13:31:59.5018036Z ##[group]Run actions/checkout@v4
2025-04-18T13:31:59.5018911Z with:
2025-04-18T13:31:59.5019319Z   repository: mrkurger/date-night-app2
2025-04-18T13:31:59.5020029Z   token: ***
2025-04-18T13:31:59.5020398Z   ssh-strict: true
2025-04-18T13:31:59.5020779Z   ssh-user: git
2025-04-18T13:31:59.5021182Z   persist-credentials: true
2025-04-18T13:31:59.5021611Z   clean: true
2025-04-18T13:31:59.5021998Z   sparse-checkout-cone-mode: true
2025-04-18T13:31:59.5022458Z   fetch-depth: 1
2025-04-18T13:31:59.5022855Z   fetch-tags: false
2025-04-18T13:31:59.5023243Z   show-progress: true
2025-04-18T13:31:59.5023628Z   lfs: false
2025-04-18T13:31:59.5023987Z   submodules: false
2025-04-18T13:31:59.5024375Z   set-safe-directory: true
2025-04-18T13:31:59.5024985Z env:
2025-04-18T13:31:59.5025323Z   CI: true
2025-04-18T13:31:59.5025668Z ##[endgroup]
2025-04-18T13:31:59.7814519Z Syncing repository: mrkurger/date-night-app2
2025-04-18T13:31:59.7816749Z ##[group]Getting Git version info
2025-04-18T13:31:59.7818579Z Working directory is '/home/runner/work/date-night-app2/date-night-app2'
2025-04-18T13:31:59.7821671Z [command]/usr/bin/git version
2025-04-18T13:31:59.7874372Z git version 2.49.0
2025-04-18T13:31:59.7910729Z ##[endgroup]
2025-04-18T13:31:59.7926743Z Temporarily overriding HOME='/home/runner/work/_temp/9d5957be-fcc8-4ce1-afd6-bba76488c532' before making global git config changes
2025-04-18T13:31:59.7931032Z Adding repository directory to the temporary git global config as a safe directory
2025-04-18T13:31:59.7949703Z [command]/usr/bin/git config --global --add safe.directory /home/runner/work/date-night-app2/date-night-app2
2025-04-18T13:31:59.7995521Z Deleting the contents of '/home/runner/work/date-night-app2/date-night-app2'
2025-04-18T13:31:59.8001049Z ##[group]Initializing the repository
2025-04-18T13:31:59.8006816Z [command]/usr/bin/git init /home/runner/work/date-night-app2/date-night-app2
2025-04-18T13:31:59.8127736Z hint: Using 'master' as the name for the initial branch. This default branch name
2025-04-18T13:31:59.8130065Z hint: is subject to change. To configure the initial branch name to use in all
2025-04-18T13:31:59.8131644Z hint: of your new repositories, which will suppress this warning, call:
2025-04-18T13:31:59.8134487Z hint:
2025-04-18T13:31:59.8136542Z hint: 	git config --global init.defaultBranch <name>
2025-04-18T13:31:59.8138990Z hint:
2025-04-18T13:31:59.8140294Z hint: Names commonly chosen instead of 'master' are 'main', 'trunk' and
2025-04-18T13:31:59.8144025Z hint: 'development'. The just-created branch can be renamed via this command:
2025-04-18T13:31:59.8145762Z hint:
2025-04-18T13:31:59.8146593Z hint: 	git branch -m <name>
2025-04-18T13:31:59.8148322Z Initialized empty Git repository in /home/runner/work/date-night-app2/date-night-app2/.git/
2025-04-18T13:31:59.8155663Z [command]/usr/bin/git remote add origin https://github.com/mrkurger/date-night-app2
2025-04-18T13:31:59.8202962Z ##[endgroup]
2025-04-18T13:31:59.8206703Z ##[group]Disabling automatic garbage collection
2025-04-18T13:31:59.8210812Z [command]/usr/bin/git config --local gc.auto 0
2025-04-18T13:31:59.8252507Z ##[endgroup]
2025-04-18T13:31:59.8255412Z ##[group]Setting up auth
2025-04-18T13:31:59.8266179Z [command]/usr/bin/git config --local --name-only --get-regexp core\.sshCommand
2025-04-18T13:31:59.8297717Z [command]/usr/bin/git submodule foreach --recursive sh -c "git config --local --name-only --get-regexp 'core\.sshCommand' && git config --local --unset-all 'core.sshCommand' || :"
2025-04-18T13:31:59.8691370Z [command]/usr/bin/git config --local --name-only --get-regexp http\.https\:\/\/github\.com\/\.extraheader
2025-04-18T13:31:59.8724302Z [command]/usr/bin/git submodule foreach --recursive sh -c "git config --local --name-only --get-regexp 'http\.https\:\/\/github\.com\/\.extraheader' && git config --local --unset-all 'http.https://github.com/.extraheader' || :"
2025-04-18T13:31:59.8975757Z [command]/usr/bin/git config --local http.https://github.com/.extraheader AUTHORIZATION: basic ***
2025-04-18T13:31:59.9028433Z ##[endgroup]
2025-04-18T13:31:59.9032289Z ##[group]Fetching the repository
2025-04-18T13:31:59.9043111Z [command]/usr/bin/git -c protocol.version=2 fetch --no-tags --prune --no-recurse-submodules --depth=1 origin +622f260f46770cea91de5af013ec84c24864880b:refs/remotes/origin/main
2025-04-18T13:32:02.4594616Z From https://github.com/mrkurger/date-night-app2
2025-04-18T13:32:02.4595589Z  * [new ref]         622f260f46770cea91de5af013ec84c24864880b -> origin/main
2025-04-18T13:32:02.4634709Z ##[endgroup]
2025-04-18T13:32:02.4635429Z ##[group]Determining the checkout info
2025-04-18T13:32:02.4636160Z ##[endgroup]
2025-04-18T13:32:02.4639378Z [command]/usr/bin/git sparse-checkout disable
2025-04-18T13:32:02.4685280Z [command]/usr/bin/git config --local --unset-all extensions.worktreeConfig
2025-04-18T13:32:02.4718128Z ##[group]Checking out the ref
2025-04-18T13:32:02.4722516Z [command]/usr/bin/git checkout --progress --force -B main refs/remotes/origin/main
2025-04-18T13:32:03.0556885Z Switched to a new branch 'main'
2025-04-18T13:32:03.0562932Z branch 'main' set up to track 'origin/main'.
2025-04-18T13:32:03.0584806Z ##[endgroup]
2025-04-18T13:32:03.0631108Z [command]/usr/bin/git log -1 --format=%H
2025-04-18T13:32:03.0658956Z 622f260f46770cea91de5af013ec84c24864880b
2025-04-18T13:32:03.0896692Z ##[group]Run actions/setup-node@v4
2025-04-18T13:32:03.0897014Z with:
2025-04-18T13:32:03.0897192Z   node-version: 22.x
2025-04-18T13:32:03.0897391Z   cache: npm
2025-04-18T13:32:03.0897649Z   cache-dependency-path: client-angular/package-lock.json
2025-04-18T13:32:03.0898293Z   always-auth: false
2025-04-18T13:32:03.0898498Z   check-latest: false
2025-04-18T13:32:03.0898850Z   token: ***
2025-04-18T13:32:03.0899041Z env:
2025-04-18T13:32:03.0899193Z   CI: true
2025-04-18T13:32:03.0899355Z ##[endgroup]
2025-04-18T13:32:03.2704139Z Found in cache @ /opt/hostedtoolcache/node/22.14.0/x64
2025-04-18T13:32:03.2710165Z ##[group]Environment details
2025-04-18T13:32:03.8019554Z node: v22.14.0
2025-04-18T13:32:03.8028902Z npm: 10.9.2
2025-04-18T13:32:03.8029695Z yarn: 1.22.22
2025-04-18T13:32:03.8031248Z ##[endgroup]
2025-04-18T13:32:03.8069829Z [command]/opt/hostedtoolcache/node/22.14.0/x64/bin/npm config get cache
2025-04-18T13:32:03.9379862Z /home/runner/.npm
2025-04-18T13:32:03.9528266Z ##[error]Some specified paths were not resolved, unable to cache dependencies.
2025-04-18T13:32:03.9654968Z ##[group]Run actions/upload-artifact@v4
2025-04-18T13:32:03.9655236Z with:
2025-04-18T13:32:03.9655413Z   name: test-results
2025-04-18T13:32:03.9655616Z   path: ./client-angular/coverage
2025-04-18T13:32:03.9655850Z   if-no-files-found: warn
2025-04-18T13:32:03.9656052Z   compression-level: 6
2025-04-18T13:32:03.9656247Z   overwrite: false
2025-04-18T13:32:03.9656428Z   include-hidden-files: false
2025-04-18T13:32:03.9656630Z env:
2025-04-18T13:32:03.9656775Z   CI: true
2025-04-18T13:32:03.9656930Z ##[endgroup]
2025-04-18T13:32:04.2209163Z ##[warning]No files were found with the provided path: ./client-angular/coverage. No artifacts will be uploaded.
2025-04-18T13:32:04.2355218Z Post job cleanup.
2025-04-18T13:32:04.3322548Z [command]/usr/bin/git version
2025-04-18T13:32:04.3364855Z git version 2.49.0
2025-04-18T13:32:04.3414892Z Temporarily overriding HOME='/home/runner/work/_temp/3059e087-9a69-4b2d-818a-2940ea59f95d' before making global git config changes
2025-04-18T13:32:04.3418026Z Adding repository directory to the temporary git global config as a safe directory
2025-04-18T13:32:04.3422771Z [command]/usr/bin/git config --global --add safe.directory /home/runner/work/date-night-app2/date-night-app2
2025-04-18T13:32:04.3470091Z [command]/usr/bin/git config --local --name-only --get-regexp core\.sshCommand
2025-04-18T13:32:04.3508665Z [command]/usr/bin/git submodule foreach --recursive sh -c "git config --local --name-only --get-regexp 'core\.sshCommand' && git config --local --unset-all 'core.sshCommand' || :"
2025-04-18T13:32:04.3814372Z [command]/usr/bin/git config --local --name-only --get-regexp http\.https\:\/\/github\.com\/\.extraheader
2025-04-18T13:32:04.3863577Z http.https://github.com/.extraheader
2025-04-18T13:32:04.3881834Z [command]/usr/bin/git config --local --unset-all http.https://github.com/.extraheader
2025-04-18T13:32:04.3939517Z [command]/usr/bin/git submodule foreach --recursive sh -c "git config --local --name-only --get-regexp 'http\.https\:\/\/github\.com\/\.extraheader' && git config --local --unset-all 'http.https://github.com/.extraheader' || :"
2025-04-18T13:32:04.4481607Z Cleaning up orphan processes
