2025-04-18T11:28:45.2076063Z Current runner version: '2.323.0'
2025-04-18T11:28:45.2161145Z ##[group]Operating System
2025-04-18T11:28:45.2162497Z Ubuntu
2025-04-18T11:28:45.2163539Z 24.04.2
2025-04-18T11:28:45.2164348Z LTS
2025-04-18T11:28:45.2165220Z ##[endgroup]
2025-04-18T11:28:45.2166040Z ##[group]Runner Image
2025-04-18T11:28:45.2167078Z Image: ubuntu-24.04
2025-04-18T11:28:45.2167978Z Version: 20250413.1.0
2025-04-18T11:28:45.2169683Z Included Software: https://github.com/actions/runner-images/blob/ubuntu24/20250413.1/images/ubuntu/Ubuntu2404-Readme.md
2025-04-18T11:28:45.2172376Z Image Release: https://github.com/actions/runner-images/releases/tag/ubuntu24%2F20250413.1
2025-04-18T11:28:45.2174208Z ##[endgroup]
2025-04-18T11:28:45.2175143Z ##[group]Runner Image Provisioner
2025-04-18T11:28:45.2176078Z 2.0.422.1
2025-04-18T11:28:45.2177069Z ##[endgroup]
2025-04-18T11:28:45.2181472Z ##[group]GITHUB_TOKEN Permissions
2025-04-18T11:28:45.2224857Z Actions: write
2025-04-18T11:28:45.2225958Z Attestations: write
2025-04-18T11:28:45.2227051Z Checks: write
2025-04-18T11:28:45.2227867Z Contents: write
2025-04-18T11:28:45.2228840Z Deployments: write
2025-04-18T11:28:45.2229735Z Discussions: write
2025-04-18T11:28:45.2230591Z Issues: write
2025-04-18T11:28:45.2231383Z Metadata: read
2025-04-18T11:28:45.2232465Z Models: read
2025-04-18T11:28:45.2233521Z Packages: write
2025-04-18T11:28:45.2234417Z Pages: write
2025-04-18T11:28:45.2235426Z PullRequests: write
2025-04-18T11:28:45.2236312Z RepositoryProjects: write
2025-04-18T11:28:45.2237273Z SecurityEvents: write
2025-04-18T11:28:45.2238232Z Statuses: write
2025-04-18T11:28:45.2239056Z ##[endgroup]
2025-04-18T11:28:45.2242138Z Secret source: Actions
2025-04-18T11:28:45.2263988Z Prepare workflow directory
2025-04-18T11:28:45.3030080Z Prepare all required actions
2025-04-18T11:28:45.3166196Z Getting action download info
2025-04-18T11:28:45.8585227Z ##[group]Download immutable action package 'actions/checkout@v4'
2025-04-18T11:28:45.8586357Z Version: 4.2.2
2025-04-18T11:28:45.8587297Z Digest: sha256:ccb2698953eaebd21c7bf6268a94f9c26518a7e38e27e0b83c1fe1ad049819b1
2025-04-18T11:28:45.8588425Z Source commit SHA: 11bd71901bbe5b1630ceea73d27597364c9af683
2025-04-18T11:28:45.8589246Z ##[endgroup]
2025-04-18T11:28:45.9754284Z ##[group]Download immutable action package 'actions/setup-node@v4'
2025-04-18T11:28:45.9755059Z Version: 4.4.0
2025-04-18T11:28:45.9755890Z Digest: sha256:9427cefe82346e992fb5b949e3569b39d537ae41aa3086483b14eceebfc16bc1
2025-04-18T11:28:45.9756777Z Source commit SHA: 49933ea5288caeca8642d1e84afbd3f7d6820020
2025-04-18T11:28:45.9757436Z ##[endgroup]
2025-04-18T11:28:46.4188214Z Complete job name: lint (22.x)
2025-04-18T11:28:46.4754670Z ##[group]Run actions/checkout@v4
2025-04-18T11:28:46.4755464Z with:
2025-04-18T11:28:46.4755863Z   repository: mrkurger/date-night-app2
2025-04-18T11:28:46.4756521Z   token: ***
2025-04-18T11:28:46.4756879Z   ssh-strict: true
2025-04-18T11:28:46.4757257Z   ssh-user: git
2025-04-18T11:28:46.4757636Z   persist-credentials: true
2025-04-18T11:28:46.4758076Z   clean: true
2025-04-18T11:28:46.4758479Z   sparse-checkout-cone-mode: true
2025-04-18T11:28:46.4758949Z   fetch-depth: 1
2025-04-18T11:28:46.4759328Z   fetch-tags: false
2025-04-18T11:28:46.4759703Z   show-progress: true
2025-04-18T11:28:46.4760094Z   lfs: false
2025-04-18T11:28:46.4760439Z   submodules: false
2025-04-18T11:28:46.4760828Z   set-safe-directory: true
2025-04-18T11:28:46.4761446Z env:
2025-04-18T11:28:46.4761781Z   CI: true
2025-04-18T11:28:46.4762111Z ##[endgroup]
2025-04-18T11:28:46.6966866Z Syncing repository: mrkurger/date-night-app2
2025-04-18T11:28:46.6969935Z ##[group]Getting Git version info
2025-04-18T11:28:46.6971387Z Working directory is '/home/runner/work/date-night-app2/date-night-app2'
2025-04-18T11:28:46.6973524Z [command]/usr/bin/git version
2025-04-18T11:28:46.7081951Z git version 2.49.0
2025-04-18T11:28:46.7115821Z ##[endgroup]
2025-04-18T11:28:46.7130073Z Temporarily overriding HOME='/home/runner/work/_temp/75d21a26-cb70-43cf-9cdf-6d9dacecff26' before making global git config changes
2025-04-18T11:28:46.7135024Z Adding repository directory to the temporary git global config as a safe directory
2025-04-18T11:28:46.7147814Z [command]/usr/bin/git config --global --add safe.directory /home/runner/work/date-night-app2/date-night-app2
2025-04-18T11:28:46.7188134Z Deleting the contents of '/home/runner/work/date-night-app2/date-night-app2'
2025-04-18T11:28:46.7193577Z ##[group]Initializing the repository
2025-04-18T11:28:46.7198922Z [command]/usr/bin/git init /home/runner/work/date-night-app2/date-night-app2
2025-04-18T11:28:46.7274553Z hint: Using 'master' as the name for the initial branch. This default branch name
2025-04-18T11:28:46.7277044Z hint: is subject to change. To configure the initial branch name to use in all
2025-04-18T11:28:46.7280044Z hint: of your new repositories, which will suppress this warning, call:
2025-04-18T11:28:46.7281334Z hint:
2025-04-18T11:28:46.7282149Z hint: 	git config --global init.defaultBranch <name>
2025-04-18T11:28:46.7283521Z hint:
2025-04-18T11:28:46.7284668Z hint: Names commonly chosen instead of 'master' are 'main', 'trunk' and
2025-04-18T11:28:46.7286572Z hint: 'development'. The just-created branch can be renamed via this command:
2025-04-18T11:28:46.7288033Z hint:
2025-04-18T11:28:46.7288824Z hint: 	git branch -m <name>
2025-04-18T11:28:46.7290816Z Initialized empty Git repository in /home/runner/work/date-night-app2/date-night-app2/.git/
2025-04-18T11:28:46.7299279Z [command]/usr/bin/git remote add origin https://github.com/mrkurger/date-night-app2
2025-04-18T11:28:46.7340965Z ##[endgroup]
2025-04-18T11:28:46.7345163Z ##[group]Disabling automatic garbage collection
2025-04-18T11:28:46.7346690Z [command]/usr/bin/git config --local gc.auto 0
2025-04-18T11:28:46.7380439Z ##[endgroup]
2025-04-18T11:28:46.7383491Z ##[group]Setting up auth
2025-04-18T11:28:46.7387391Z [command]/usr/bin/git config --local --name-only --get-regexp core\.sshCommand
2025-04-18T11:28:46.7422237Z [command]/usr/bin/git submodule foreach --recursive sh -c "git config --local --name-only --get-regexp 'core\.sshCommand' && git config --local --unset-all 'core.sshCommand' || :"
2025-04-18T11:28:46.7801196Z [command]/usr/bin/git config --local --name-only --get-regexp http\.https\:\/\/github\.com\/\.extraheader
2025-04-18T11:28:46.7836283Z [command]/usr/bin/git submodule foreach --recursive sh -c "git config --local --name-only --get-regexp 'http\.https\:\/\/github\.com\/\.extraheader' && git config --local --unset-all 'http.https://github.com/.extraheader' || :"
2025-04-18T11:28:46.8074727Z [command]/usr/bin/git config --local http.https://github.com/.extraheader AUTHORIZATION: basic ***
2025-04-18T11:28:46.8119381Z ##[endgroup]
2025-04-18T11:28:46.8124916Z ##[group]Fetching the repository
2025-04-18T11:28:46.8132544Z [command]/usr/bin/git -c protocol.version=2 fetch --no-tags --prune --no-recurse-submodules --depth=1 origin +73cf2cf50e7c80fa67752361ce1839ae7eee69b8:refs/remotes/origin/main
2025-04-18T11:28:49.4695116Z From https://github.com/mrkurger/date-night-app2
2025-04-18T11:28:49.4699679Z  * [new ref]         73cf2cf50e7c80fa67752361ce1839ae7eee69b8 -> origin/main
2025-04-18T11:28:49.4729789Z ##[endgroup]
2025-04-18T11:28:49.4730535Z ##[group]Determining the checkout info
2025-04-18T11:28:49.4731679Z ##[endgroup]
2025-04-18T11:28:49.4735078Z [command]/usr/bin/git sparse-checkout disable
2025-04-18T11:28:49.4779003Z [command]/usr/bin/git config --local --unset-all extensions.worktreeConfig
2025-04-18T11:28:49.4810539Z ##[group]Checking out the ref
2025-04-18T11:28:49.4815314Z [command]/usr/bin/git checkout --progress --force -B main refs/remotes/origin/main
2025-04-18T11:28:50.0189788Z Switched to a new branch 'main'
2025-04-18T11:28:50.0200882Z branch 'main' set up to track 'origin/main'.
2025-04-18T11:28:50.0228363Z ##[endgroup]
2025-04-18T11:28:50.0281780Z [command]/usr/bin/git log -1 --format=%H
2025-04-18T11:28:50.0305362Z 73cf2cf50e7c80fa67752361ce1839ae7eee69b8
2025-04-18T11:28:50.0532857Z ##[group]Run actions/setup-node@v4
2025-04-18T11:28:50.0533309Z with:
2025-04-18T11:28:50.0533785Z   node-version: 22.x
2025-04-18T11:28:50.0533980Z   cache: npm
2025-04-18T11:28:50.0534205Z   cache-dependency-path: server/package-lock.json
2025-04-18T11:28:50.0534488Z   always-auth: false
2025-04-18T11:28:50.0534670Z   check-latest: false
2025-04-18T11:28:50.0534977Z   token: ***
2025-04-18T11:28:50.0535156Z env:
2025-04-18T11:28:50.0535302Z   CI: true
2025-04-18T11:28:50.0535460Z ##[endgroup]
2025-04-18T11:28:50.2284449Z Found in cache @ /opt/hostedtoolcache/node/22.14.0/x64
2025-04-18T11:28:50.2287732Z ##[group]Environment details
2025-04-18T11:28:50.7127718Z node: v22.14.0
2025-04-18T11:28:50.7131494Z npm: 10.9.2
2025-04-18T11:28:50.7133954Z yarn: 1.22.22
2025-04-18T11:28:50.7135258Z ##[endgroup]
2025-04-18T11:28:50.7174060Z [command]/opt/hostedtoolcache/node/22.14.0/x64/bin/npm config get cache
2025-04-18T11:28:50.8353353Z /home/runner/.npm
2025-04-18T11:28:51.0156881Z Cache hit for: node-cache-Linux-x64-npm-eb74dc554d17640d6b2005eb2c3c9590e65262bd6e2b7add98bfd17307b4cd7c
2025-04-18T11:28:51.9682388Z Received 35603115 of 35603115 (100.0%), 43.6 MBs/sec
2025-04-18T11:28:51.9684515Z Cache Size: ~34 MB (35603115 B)
2025-04-18T11:28:51.9721216Z [command]/usr/bin/tar -xf /home/runner/work/_temp/81b8e14f-91c5-464c-8bfd-3f1d9c5b66e8/cache.tzst -P -C /home/runner/work/date-night-app2/date-night-app2 --use-compress-program unzstd
2025-04-18T11:28:52.2398470Z Cache restored successfully
2025-04-18T11:28:52.2480070Z Cache restored from key: node-cache-Linux-x64-npm-eb74dc554d17640d6b2005eb2c3c9590e65262bd6e2b7add98bfd17307b4cd7c
2025-04-18T11:28:52.2654174Z ##[group]Run npm ci
2025-04-18T11:28:52.2654485Z [36;1mnpm ci[0m
2025-04-18T11:28:52.2709151Z shell: /usr/bin/bash -e {0}
2025-04-18T11:28:52.2709386Z env:
2025-04-18T11:28:52.2709554Z   CI: true
2025-04-18T11:28:52.2709723Z ##[endgroup]
2025-04-18T11:28:56.8869489Z npm warn deprecated npmlog@5.0.1: This package is no longer supported.
2025-04-18T11:28:57.0625222Z npm warn deprecated xss-clean@0.1.4: Package no longer supported. Contact Support at https://www.npmjs.com/support for more info.
2025-04-18T11:28:57.0751558Z npm warn deprecated passport-reddit@1.1.0: While functionally complete, this library will not be receiving any updates going forwards. Users are actively discouraged from using OAuth2 for authentication. See archival notice on github for more details.
2025-04-18T11:28:57.1459623Z npm warn deprecated rimraf@3.0.2: Rimraf versions prior to v4 are no longer supported
2025-04-18T11:28:57.3052265Z npm warn deprecated are-we-there-yet@2.0.0: This package is no longer supported.
2025-04-18T11:28:57.9927854Z npm warn deprecated gauge@3.0.2: This package is no longer supported.
2025-04-18T11:28:58.3177946Z npm warn deprecated @humanwhocodes/object-schema@2.0.3: Use @eslint/object-schema instead
2025-04-18T11:28:58.3700537Z npm warn deprecated @humanwhocodes/config-array@0.11.14: Use @eslint/config-array instead
2025-04-18T11:28:58.6595647Z npm warn deprecated superagent@8.1.2: Please upgrade to v9.0.0+ as we have fixed a public vulnerability with formidable dependency. Note that v9.0.0+ requires Node.js v14.18.0+. See https://github.com/ladjs/superagent/pull/1800 for insight. This project is supported and maintained by the team at Forward Email @ https://forwardemail.net
2025-04-18T11:28:59.7962213Z npm warn deprecated eslint@8.56.0: This version is no longer supported. Please see https://eslint.org/version-support for other options.
2025-04-18T11:29:03.7780576Z 
2025-04-18T11:29:03.7783403Z > date-night-app@1.0.0 preinstall
2025-04-18T11:29:03.7788039Z > node scripts/disable-husky-in-ci.js
2025-04-18T11:29:03.7788465Z 
2025-04-18T11:29:03.8106914Z .huskyrc file created to disable husky in CI environments
2025-04-18T11:29:03.8110027Z .huskyrc file made executable
2025-04-18T11:29:03.8160824Z 
2025-04-18T11:29:03.8167187Z > date-night-app@1.0.0 prepare
2025-04-18T11:29:03.8167728Z > [ -n "$CI" ] || husky
2025-04-18T11:29:03.8167968Z 
2025-04-18T11:29:03.8435641Z 
2025-04-18T11:29:03.8436393Z added 830 packages, and audited 832 packages in 12s
2025-04-18T11:29:03.8438686Z 
2025-04-18T11:29:03.8444523Z 177 packages are looking for funding
2025-04-18T11:29:03.8445630Z   run `npm fund` for details
2025-04-18T11:29:03.8454103Z 
2025-04-18T11:29:03.8457331Z found 0 vulnerabilities
2025-04-18T11:29:03.9227475Z ##[group]Run npx eslint .
2025-04-18T11:29:03.9227879Z [36;1mnpx eslint .[0m
2025-04-18T11:29:03.9278554Z shell: /usr/bin/bash -e {0}
2025-04-18T11:29:03.9278843Z env:
2025-04-18T11:29:03.9278999Z   CI: true
2025-04-18T11:29:03.9279164Z ##[endgroup]
2025-04-18T11:29:05.1814675Z 
2025-04-18T11:29:05.1816119Z Oops! Something went wrong! :(
2025-04-18T11:29:05.1817486Z 
2025-04-18T11:29:05.1817655Z ESLint: 8.56.0
2025-04-18T11:29:05.1817844Z 
2025-04-18T11:29:05.1818712Z Error: ESLint configuration in .eslintrc.js » plugin:sonarjs/recommended is invalid:
2025-04-18T11:29:05.1819513Z 	- Unexpected top-level property "name".
2025-04-18T11:29:05.1819947Z 
2025-04-18T11:29:05.1820560Z Referenced from: /home/runner/work/date-night-app2/date-night-app2/server/.eslintrc.js
2025-04-18T11:29:05.1822245Z     at ConfigValidator.validateConfigSchema (/home/runner/work/date-night-app2/date-night-app2/server/node_modules/@eslint/eslintrc/dist/eslintrc.cjs:2177:19)
2025-04-18T11:29:05.1878199Z     at ConfigArrayFactory._normalizeConfigData (/home/runner/work/date-night-app2/date-night-app2/server/node_modules/@eslint/eslintrc/dist/eslintrc.cjs:3019:19)
2025-04-18T11:29:05.1880393Z     at ConfigArrayFactory._loadExtendedPluginConfig (/home/runner/work/date-night-app2/date-night-app2/server/node_modules/@eslint/eslintrc/dist/eslintrc.cjs:3239:25)
2025-04-18T11:29:05.1882409Z     at ConfigArrayFactory._loadExtends (/home/runner/work/date-night-app2/date-night-app2/server/node_modules/@eslint/eslintrc/dist/eslintrc.cjs:3154:29)
2025-04-18T11:29:05.1884745Z     at ConfigArrayFactory._normalizeObjectConfigDataBody (/home/runner/work/date-night-app2/date-night-app2/server/node_modules/@eslint/eslintrc/dist/eslintrc.cjs:3095:25)
2025-04-18T11:29:05.1886237Z     at _normalizeObjectConfigDataBody.next (<anonymous>)
2025-04-18T11:29:05.1887801Z     at ConfigArrayFactory._normalizeObjectConfigData (/home/runner/work/date-night-app2/date-night-app2/server/node_modules/@eslint/eslintrc/dist/eslintrc.cjs:3040:20)
2025-04-18T11:29:05.1889265Z     at _normalizeObjectConfigData.next (<anonymous>)
2025-04-18T11:29:05.1890676Z     at ConfigArrayFactory.loadInDirectory (/home/runner/work/date-night-app2/date-night-app2/server/node_modules/@eslint/eslintrc/dist/eslintrc.cjs:2886:28)
2025-04-18T11:29:05.1893135Z     at CascadingConfigArrayFactory._loadConfigInAncestors (/home/runner/work/date-night-app2/date-night-app2/server/node_modules/@eslint/eslintrc/dist/eslintrc.cjs:3871:46)
2025-04-18T11:29:05.2177441Z ##[error]Process completed with exit code 2.
2025-04-18T11:29:05.2274839Z Post job cleanup.
2025-04-18T11:29:05.3225933Z [command]/usr/bin/git version
2025-04-18T11:29:05.3266170Z git version 2.49.0
2025-04-18T11:29:05.3313935Z Temporarily overriding HOME='/home/runner/work/_temp/2e31018e-87e4-4a3e-8023-4fa71aa613cb' before making global git config changes
2025-04-18T11:29:05.3316050Z Adding repository directory to the temporary git global config as a safe directory
2025-04-18T11:29:05.3321224Z [command]/usr/bin/git config --global --add safe.directory /home/runner/work/date-night-app2/date-night-app2
2025-04-18T11:29:05.3367415Z [command]/usr/bin/git config --local --name-only --get-regexp core\.sshCommand
2025-04-18T11:29:05.3406418Z [command]/usr/bin/git submodule foreach --recursive sh -c "git config --local --name-only --get-regexp 'core\.sshCommand' && git config --local --unset-all 'core.sshCommand' || :"
2025-04-18T11:29:05.3665832Z [command]/usr/bin/git config --local --name-only --get-regexp http\.https\:\/\/github\.com\/\.extraheader
2025-04-18T11:29:05.3690091Z http.https://github.com/.extraheader
2025-04-18T11:29:05.3705421Z [command]/usr/bin/git config --local --unset-all http.https://github.com/.extraheader
2025-04-18T11:29:05.3740096Z [command]/usr/bin/git submodule foreach --recursive sh -c "git config --local --name-only --get-regexp 'http\.https\:\/\/github\.com\/\.extraheader' && git config --local --unset-all 'http.https://github.com/.extraheader' || :"
2025-04-18T11:29:05.4089298Z Cleaning up orphan processes
