2025-04-16T15:04:40.1671451Z Current runner version: '2.323.0'
2025-04-16T15:04:40.1737219Z ##[group]Operating System
2025-04-16T15:04:40.1738453Z Ubuntu
2025-04-16T15:04:40.1739336Z 24.04.2
2025-04-16T15:04:40.1740079Z LTS
2025-04-16T15:04:40.1740918Z ##[endgroup]
2025-04-16T15:04:40.1741721Z ##[group]Runner Image
2025-04-16T15:04:40.1742893Z Image: ubuntu-24.04
2025-04-16T15:04:40.1743787Z Version: 20250413.1.0
2025-04-16T15:04:40.1745565Z Included Software: https://github.com/actions/runner-images/blob/ubuntu24/20250413.1/images/ubuntu/Ubuntu2404-Readme.md
2025-04-16T15:04:40.1748393Z Image Release: https://github.com/actions/runner-images/releases/tag/ubuntu24%2F20250413.1
2025-04-16T15:04:40.1750077Z ##[endgroup]
2025-04-16T15:04:40.1750965Z ##[group]Runner Image Provisioner
2025-04-16T15:04:40.1752229Z 2.0.422.1
2025-04-16T15:04:40.1753045Z ##[endgroup]
2025-04-16T15:04:40.1754915Z ##[group]GITHUB_TOKEN Permissions
2025-04-16T15:04:40.1788027Z Actions: read
2025-04-16T15:04:40.1789033Z Contents: write
2025-04-16T15:04:40.1790121Z Metadata: read
2025-04-16T15:04:40.1791314Z ##[endgroup]
2025-04-16T15:04:40.1794178Z Secret source: Actions
2025-04-16T15:04:40.1795345Z Prepare workflow directory
2025-04-16T15:04:40.2938300Z Prepare all required actions
2025-04-16T15:04:40.3067098Z Getting action download info
2025-04-16T15:04:40.8273814Z ##[group]Download immutable action package 'actions/checkout@v4'
2025-04-16T15:04:40.8274796Z Version: 4.2.2
2025-04-16T15:04:40.8275758Z Digest: sha256:ccb2698953eaebd21c7bf6268a94f9c26518a7e38e27e0b83c1fe1ad049819b1
2025-04-16T15:04:40.8277421Z Source commit SHA: 11bd71901bbe5b1630ceea73d27597364c9af683
2025-04-16T15:04:40.8278159Z ##[endgroup]
2025-04-16T15:04:40.9134684Z ##[group]Download immutable action package 'actions/setup-node@v4'
2025-04-16T15:04:40.9135454Z Version: 4.4.0
2025-04-16T15:04:40.9136402Z Digest: sha256:9427cefe82346e992fb5b949e3569b39d537ae41aa3086483b14eceebfc16bc1
2025-04-16T15:04:40.9137498Z Source commit SHA: 49933ea5288caeca8642d1e84afbd3f7d6820020
2025-04-16T15:04:40.9138156Z ##[endgroup]
2025-04-16T15:04:41.2008193Z Complete job name: sync-error-logs
2025-04-16T15:04:41.2650761Z ##[group]Run actions/checkout@v4
2025-04-16T15:04:41.2651579Z with:
2025-04-16T15:04:41.2651977Z   fetch-depth: 0
2025-04-16T15:04:41.2652388Z   repository: mrkurger/date-night-app2
2025-04-16T15:04:41.2653045Z   token: ***
2025-04-16T15:04:41.2653406Z   ssh-strict: true
2025-04-16T15:04:41.2653783Z   ssh-user: git
2025-04-16T15:04:41.2654163Z   persist-credentials: true
2025-04-16T15:04:41.2654601Z   clean: true
2025-04-16T15:04:41.2654983Z   sparse-checkout-cone-mode: true
2025-04-16T15:04:41.2655450Z   fetch-tags: false
2025-04-16T15:04:41.2655835Z   show-progress: true
2025-04-16T15:04:41.2656443Z   lfs: false
2025-04-16T15:04:41.2656796Z   submodules: false
2025-04-16T15:04:41.2657183Z   set-safe-directory: true
2025-04-16T15:04:41.2657839Z env:
2025-04-16T15:04:41.2658180Z   CI: true
2025-04-16T15:04:41.2658524Z ##[endgroup]
2025-04-16T15:04:41.4373092Z Syncing repository: mrkurger/date-night-app2
2025-04-16T15:04:41.4376586Z ##[group]Getting Git version info
2025-04-16T15:04:41.4378164Z Working directory is '/home/runner/work/date-night-app2/date-night-app2'
2025-04-16T15:04:41.4380084Z [command]/usr/bin/git version
2025-04-16T15:04:41.4444725Z git version 2.49.0
2025-04-16T15:04:41.4476756Z ##[endgroup]
2025-04-16T15:04:41.4492481Z Temporarily overriding HOME='/home/runner/work/_temp/bbd6e830-a986-4352-9340-05146124eb88' before making global git config changes
2025-04-16T15:04:41.4497060Z Adding repository directory to the temporary git global config as a safe directory
2025-04-16T15:04:41.4500530Z [command]/usr/bin/git config --global --add safe.directory /home/runner/work/date-night-app2/date-night-app2
2025-04-16T15:04:41.4537523Z Deleting the contents of '/home/runner/work/date-night-app2/date-night-app2'
2025-04-16T15:04:41.4542203Z ##[group]Initializing the repository
2025-04-16T15:04:41.4547904Z [command]/usr/bin/git init /home/runner/work/date-night-app2/date-night-app2
2025-04-16T15:04:41.4637091Z hint: Using 'master' as the name for the initial branch. This default branch name
2025-04-16T15:04:41.4647469Z hint: is subject to change. To configure the initial branch name to use in all
2025-04-16T15:04:41.4650902Z hint: of your new repositories, which will suppress this warning, call:
2025-04-16T15:04:41.4652510Z hint:
2025-04-16T15:04:41.4662870Z hint: 	git config --global init.defaultBranch <name>
2025-04-16T15:04:41.4663990Z hint:
2025-04-16T15:04:41.4664983Z hint: Names commonly chosen instead of 'master' are 'main', 'trunk' and
2025-04-16T15:04:41.4666921Z hint: 'development'. The just-created branch can be renamed via this command:
2025-04-16T15:04:41.4668323Z hint:
2025-04-16T15:04:41.4669108Z hint: 	git branch -m <name>
2025-04-16T15:04:41.4670673Z Initialized empty Git repository in /home/runner/work/date-night-app2/date-night-app2/.git/
2025-04-16T15:04:41.4694581Z [command]/usr/bin/git remote add origin https://github.com/mrkurger/date-night-app2
2025-04-16T15:04:41.4711292Z ##[endgroup]
2025-04-16T15:04:41.4712725Z ##[group]Disabling automatic garbage collection
2025-04-16T15:04:41.4717552Z [command]/usr/bin/git config --local gc.auto 0
2025-04-16T15:04:41.4751188Z ##[endgroup]
2025-04-16T15:04:41.4752541Z ##[group]Setting up auth
2025-04-16T15:04:41.4758628Z [command]/usr/bin/git config --local --name-only --get-regexp core\.sshCommand
2025-04-16T15:04:41.4798688Z [command]/usr/bin/git submodule foreach --recursive sh -c "git config --local --name-only --get-regexp 'core\.sshCommand' && git config --local --unset-all 'core.sshCommand' || :"
2025-04-16T15:04:41.5082280Z [command]/usr/bin/git config --local --name-only --get-regexp http\.https\:\/\/github\.com\/\.extraheader
2025-04-16T15:04:41.5116445Z [command]/usr/bin/git submodule foreach --recursive sh -c "git config --local --name-only --get-regexp 'http\.https\:\/\/github\.com\/\.extraheader' && git config --local --unset-all 'http.https://github.com/.extraheader' || :"
2025-04-16T15:04:41.5355053Z [command]/usr/bin/git config --local http.https://github.com/.extraheader AUTHORIZATION: basic ***
2025-04-16T15:04:41.5412341Z ##[endgroup]
2025-04-16T15:04:41.5414630Z ##[group]Fetching the repository
2025-04-16T15:04:41.5422920Z [command]/usr/bin/git -c protocol.version=2 fetch --prune --no-recurse-submodules origin +refs/heads/*:refs/remotes/origin/* +refs/tags/*:refs/tags/*
2025-04-16T15:04:49.9926289Z From https://github.com/mrkurger/date-night-app2
2025-04-16T15:04:49.9933076Z  * [new branch]      dependabot/github_actions/dawidd6/action-download-artifact-9 -> origin/dependabot/github_actions/dawidd6/action-download-artifact-9
2025-04-16T15:04:49.9936364Z  * [new branch]      dependabot/npm_and_yarn/server/multi-94fa72f662 -> origin/dependabot/npm_and_yarn/server/multi-94fa72f662
2025-04-16T15:04:49.9940831Z  * [new branch]      main       -> origin/main
2025-04-16T15:04:49.9979031Z [command]/usr/bin/git branch --list --remote origin/main
2025-04-16T15:04:50.0004084Z   origin/main
2025-04-16T15:04:50.0016350Z [command]/usr/bin/git rev-parse refs/remotes/origin/main
2025-04-16T15:04:50.0038324Z b7b02b02b67d186f71e3b6a43ebe9f432064fd3a
2025-04-16T15:04:50.0047271Z ##[endgroup]
2025-04-16T15:04:50.0049512Z ##[group]Determining the checkout info
2025-04-16T15:04:50.0050356Z ##[endgroup]
2025-04-16T15:04:50.0052682Z [command]/usr/bin/git sparse-checkout disable
2025-04-16T15:04:50.0092084Z [command]/usr/bin/git config --local --unset-all extensions.worktreeConfig
2025-04-16T15:04:50.0120375Z ##[group]Checking out the ref
2025-04-16T15:04:50.0124466Z [command]/usr/bin/git checkout --progress --force -B main refs/remotes/origin/main
2025-04-16T15:04:50.3890708Z Switched to a new branch 'main'
2025-04-16T15:04:50.3907249Z branch 'main' set up to track 'origin/main'.
2025-04-16T15:04:50.3921619Z ##[endgroup]
2025-04-16T15:04:50.3986484Z [command]/usr/bin/git log -1 --format=%H
2025-04-16T15:04:50.4027343Z b7b02b02b67d186f71e3b6a43ebe9f432064fd3a
2025-04-16T15:04:50.4252198Z ##[group]Run actions/setup-node@v4
2025-04-16T15:04:50.4252474Z with:
2025-04-16T15:04:50.4252884Z   node-version: 22.x
2025-04-16T15:04:50.4253081Z   always-auth: false
2025-04-16T15:04:50.4253265Z   check-latest: false
2025-04-16T15:04:50.4253577Z   token: ***
2025-04-16T15:04:50.4253744Z env:
2025-04-16T15:04:50.4253887Z   CI: true
2025-04-16T15:04:50.4254046Z ##[endgroup]
2025-04-16T15:04:50.5946871Z Found in cache @ /opt/hostedtoolcache/node/22.14.0/x64
2025-04-16T15:04:50.5952524Z ##[group]Environment details
2025-04-16T15:04:57.0174185Z node: v22.14.0
2025-04-16T15:04:57.0175024Z npm: 10.9.2
2025-04-16T15:04:57.0176521Z yarn: 1.22.22
2025-04-16T15:04:57.0177911Z ##[endgroup]
2025-04-16T15:04:57.0298055Z ##[group]Run npm install @octokit/rest@19.0.13 fs-extra@11.2.0
2025-04-16T15:04:57.0298507Z [36;1mnpm install @octokit/rest@19.0.13 fs-extra@11.2.0[0m
2025-04-16T15:04:57.0351380Z shell: /usr/bin/bash -e {0}
2025-04-16T15:04:57.0351619Z env:
2025-04-16T15:04:57.0351778Z   CI: true
2025-04-16T15:04:57.0351940Z ##[endgroup]
2025-04-16T15:05:04.2057587Z npm warn deprecated xss-clean@0.1.4: Package no longer supported. Contact Support at https://www.npmjs.com/support for more info.
2025-04-16T15:05:05.3747959Z npm warn deprecated rimraf@3.0.2: Rimraf versions prior to v4 are no longer supported
2025-04-16T15:05:05.8151211Z npm warn deprecated passport-reddit@1.1.0: While functionally complete, this library will not be receiving any updates going forwards. Users are actively discouraged from using OAuth2 for authentication. See archival notice on github for more details.
2025-04-16T15:05:06.1322922Z npm warn deprecated npmlog@5.0.1: This package is no longer supported.
2025-04-16T15:05:06.8249694Z npm warn deprecated superagent@8.1.2: Please upgrade to v9.0.0+ as we have fixed a public vulnerability with formidable dependency. Note that v9.0.0+ requires Node.js v14.18.0+. See https://github.com/ladjs/superagent/pull/1800 for insight. This project is supported and maintained by the team at Forward Email @ https://forwardemail.net
2025-04-16T15:05:06.9954443Z npm warn deprecated inflight@1.0.6: This module is not supported, and leaks memory. Do not use it. Check out lru-cache if you want a good and tested way to coalesce async requests by a key value, which is much more comprehensive and powerful.
2025-04-16T15:05:07.3176850Z npm warn deprecated glob@7.2.3: Glob versions prior to v9 are no longer supported
2025-04-16T15:05:07.6337204Z npm warn deprecated gauge@3.0.2: This package is no longer supported.
2025-04-16T15:05:07.9134066Z npm warn deprecated domexception@4.0.0: Use your platform's native DOMException instead
2025-04-16T15:05:08.7574648Z npm warn deprecated are-we-there-yet@2.0.0: This package is no longer supported.
2025-04-16T15:05:08.8407444Z npm warn deprecated abab@2.0.6: Use your platform's native atob() and btoa() methods instead
2025-04-16T15:05:10.2859582Z npm warn deprecated @humanwhocodes/config-array@0.11.14: Use @eslint/config-array instead
2025-04-16T15:05:10.3230332Z npm warn deprecated @humanwhocodes/object-schema@2.0.3: Use @eslint/object-schema instead
2025-04-16T15:05:18.4476695Z npm warn deprecated eslint@8.56.0: This version is no longer supported. Please see https://eslint.org/version-support for other options.
2025-04-16T15:05:18.4494147Z npm warn deprecated eslint@8.56.0: This version is no longer supported. Please see https://eslint.org/version-support for other options.
2025-04-16T15:05:41.0168126Z 
2025-04-16T15:05:41.0169039Z added 1914 packages, and audited 1917 packages in 44s
2025-04-16T15:05:41.0169599Z 
2025-04-16T15:05:41.0170123Z 354 packages are looking for funding
2025-04-16T15:05:41.0170722Z   run `npm fund` for details
2025-04-16T15:05:41.0338714Z 
2025-04-16T15:05:41.0339312Z 9 moderate severity vulnerabilities
2025-04-16T15:05:41.0339804Z 
2025-04-16T15:05:41.0340278Z To address issues that do not require attention, run:
2025-04-16T15:05:41.0340956Z   npm audit fix
2025-04-16T15:05:41.0341432Z 
2025-04-16T15:05:41.0342489Z To address all issues (including breaking changes), run:
2025-04-16T15:05:41.0343427Z   npm audit fix --force
2025-04-16T15:05:41.0345290Z 
2025-04-16T15:05:41.0345535Z Run `npm audit` for details.
2025-04-16T15:05:41.1180511Z ##[group]Run cat > fetch-workflow-logs.js << 'EOF'
2025-04-16T15:05:41.1181188Z [36;1mcat > fetch-workflow-logs.js << 'EOF'[0m
2025-04-16T15:05:41.1181494Z [36;1mconst { Octokit } = require('@octokit/rest');[0m
2025-04-16T15:05:41.1181781Z [36;1mconst fs = require('fs-extra');[0m
2025-04-16T15:05:41.1182029Z [36;1mconst path = require('path');[0m
2025-04-16T15:05:41.1182265Z [36;1m[0m
2025-04-16T15:05:41.1182438Z [36;1masync function main() {[0m
2025-04-16T15:05:41.1182684Z [36;1m  const owner = process.env.REPO_OWNER;[0m
2025-04-16T15:05:41.1182970Z [36;1m  const repo = process.env.REPO_NAME;[0m
2025-04-16T15:05:41.1183270Z [36;1m  const logsDir = path.join('workflow-error-logs');[0m
2025-04-16T15:05:41.1183544Z [36;1m  [0m
2025-04-16T15:05:41.1183784Z [36;1m  console.log(`Fetching workflow logs for ${owner}/${repo}`);[0m
2025-04-16T15:05:41.1184077Z [36;1m  [0m
2025-04-16T15:05:41.1184295Z [36;1m  // Create logs directory if it doesn't exist[0m
2025-04-16T15:05:41.1184603Z [36;1m  await fs.ensureDir(logsDir);[0m
2025-04-16T15:05:41.1184828Z [36;1m  [0m
2025-04-16T15:05:41.1184994Z [36;1m  const octokit = new Octokit({[0m
2025-04-16T15:05:41.1185248Z [36;1m    auth: process.env.GITHUB_TOKEN,[0m
2025-04-16T15:05:41.1185489Z [36;1m    request: {[0m
2025-04-16T15:05:41.1185673Z [36;1m      retries: 3,[0m
2025-04-16T15:05:41.1185869Z [36;1m      retryAfter: 1[0m
2025-04-16T15:05:41.1186359Z [36;1m    }[0m
2025-04-16T15:05:41.1186522Z [36;1m  });[0m
2025-04-16T15:05:41.1186670Z [36;1m  [0m
2025-04-16T15:05:41.1186833Z [36;1m  // Get all workflows[0m
2025-04-16T15:05:41.1187151Z [36;1m  const { data: workflows } = await octokit.actions.listRepoWorkflows({[0m
2025-04-16T15:05:41.1187481Z [36;1m    owner,[0m
2025-04-16T15:05:41.1187656Z [36;1m    repo,[0m
2025-04-16T15:05:41.1187818Z [36;1m  });[0m
2025-04-16T15:05:41.1187970Z [36;1m  [0m
2025-04-16T15:05:41.1188173Z [36;1m  // Get recent workflow runs (last 30 days)[0m
2025-04-16T15:05:41.1188449Z [36;1m  const thirtyDaysAgo = new Date();[0m
2025-04-16T15:05:41.1188761Z [36;1m  thirtyDaysAgo.setDate(thirtyDaysAgo.getDate() - 30);[0m
2025-04-16T15:05:41.1189050Z [36;1m  [0m
2025-04-16T15:05:41.1189246Z [36;1m  for (const workflow of workflows.workflows) {[0m
2025-04-16T15:05:41.1189622Z [36;1m    console.log(`Processing workflow: ${workflow.name} (${workflow.id})`);[0m
2025-04-16T15:05:41.1189953Z [36;1m    [0m
2025-04-16T15:05:41.1190107Z [36;1m    try {[0m
2025-04-16T15:05:41.1190370Z [36;1m      const { data: runs } = await octokit.actions.listWorkflowRuns({[0m
2025-04-16T15:05:41.1190671Z [36;1m        owner,[0m
2025-04-16T15:05:41.1190852Z [36;1m        repo,[0m
2025-04-16T15:05:41.1191048Z [36;1m        workflow_id: workflow.id,[0m
2025-04-16T15:05:41.1191351Z [36;1m        created: `>=${thirtyDaysAgo.toISOString().split('T')[0]}`,[0m
2025-04-16T15:05:41.1191645Z [36;1m      });[0m
2025-04-16T15:05:41.1191808Z [36;1m      [0m
2025-04-16T15:05:41.1191987Z [36;1m      // Process failed runs[0m
2025-04-16T15:05:41.1192269Z [36;1m      const failedRuns = runs.workflow_runs.filter(run => [0m
2025-04-16T15:05:41.1192722Z [36;1m        run.conclusion === 'failure' || run.conclusion === 'cancelled' || run.conclusion === 'timed_out'[0m
2025-04-16T15:05:41.1193104Z [36;1m      );[0m
2025-04-16T15:05:41.1193265Z [36;1m      [0m
2025-04-16T15:05:41.1193558Z [36;1m      console.log(`Found ${failedRuns.length} failed runs for ${workflow.name}`);[0m
2025-04-16T15:05:41.1193896Z [36;1m      [0m
2025-04-16T15:05:41.1194082Z [36;1m      for (const run of failedRuns) {[0m
2025-04-16T15:05:41.1194420Z [36;1m        const runDate = new Date(run.created_at).toISOString().split('T')[0];[0m
2025-04-16T15:05:41.1194959Z [36;1m        const workflowDir = path.join(logsDir, workflow.name.replace(/[^a-zA-Z0-9]/g, '-').toLowerCase());[0m
2025-04-16T15:05:41.1195465Z [36;1m        const runDir = path.join(workflowDir, `${runDate}_${run.id}`);[0m
2025-04-16T15:05:41.1196309Z [36;1m        [0m
2025-04-16T15:05:41.1196569Z [36;1m        await fs.ensureDir(runDir);[0m
2025-04-16T15:05:41.1196809Z [36;1m        [0m
2025-04-16T15:05:41.1196992Z [36;1m        // Save run metadata[0m
2025-04-16T15:05:41.1197347Z [36;1m        await fs.writeJson(path.join(runDir, 'metadata.json'), run, { spaces: 2 });[0m
2025-04-16T15:05:41.1197685Z [36;1m        [0m
2025-04-16T15:05:41.1197848Z [36;1m        try {[0m
2025-04-16T15:05:41.1198042Z [36;1m          // Get jobs for this run[0m
2025-04-16T15:05:41.1198384Z [36;1m          const { data: jobs } = await octokit.actions.listJobsForWorkflowRun({[0m
2025-04-16T15:05:41.1198716Z [36;1m            owner,[0m
2025-04-16T15:05:41.1198913Z [36;1m            repo,[0m
2025-04-16T15:05:41.1199112Z [36;1m            run_id: run.id,[0m
2025-04-16T15:05:41.1199321Z [36;1m          });[0m
2025-04-16T15:05:41.1199496Z [36;1m          [0m
2025-04-16T15:05:41.1199683Z [36;1m          // Save jobs metadata[0m
2025-04-16T15:05:41.1200039Z [36;1m          await fs.writeJson(path.join(runDir, 'jobs.json'), jobs, { spaces: 2 });[0m
2025-04-16T15:05:41.1200366Z [36;1m          [0m
2025-04-16T15:05:41.1200554Z [36;1m          // Process each job[0m
2025-04-16T15:05:41.1200803Z [36;1m          for (const job of jobs.jobs) {[0m
2025-04-16T15:05:41.1201220Z [36;1m            if (job.conclusion === 'failure' || job.conclusion === 'cancelled' || job.conclusion === 'timed_out') {[0m
2025-04-16T15:05:41.1201780Z [36;1m              const jobDir = path.join(runDir, job.name.replace(/[^a-zA-Z0-9]/g, '-').toLowerCase());[0m
2025-04-16T15:05:41.1202174Z [36;1m              await fs.ensureDir(jobDir);[0m
2025-04-16T15:05:41.1202415Z [36;1m              [0m
2025-04-16T15:05:41.1202610Z [36;1m              // Save job metadata[0m
2025-04-16T15:05:41.1202976Z [36;1m              await fs.writeJson(path.join(jobDir, 'job-metadata.json'), job, { spaces: 2 });[0m
2025-04-16T15:05:41.1203337Z [36;1m              [0m
2025-04-16T15:05:41.1203526Z [36;1m              try {[0m
2025-04-16T15:05:41.1203731Z [36;1m                // Get job logs[0m
2025-04-16T15:05:41.1204062Z [36;1m                const logs = await octokit.actions.downloadJobLogsForWorkflowRun({[0m
2025-04-16T15:05:41.1204412Z [36;1m                  owner,[0m
2025-04-16T15:05:41.1204622Z [36;1m                  repo,[0m
2025-04-16T15:05:41.1204832Z [36;1m                  job_id: job.id,[0m
2025-04-16T15:05:41.1205058Z [36;1m                });[0m
2025-04-16T15:05:41.1205240Z [36;1m                [0m
2025-04-16T15:05:41.1205431Z [36;1m                // Save logs[0m
2025-04-16T15:05:41.1205736Z [36;1m                await fs.writeFile(path.join(jobDir, 'logs.txt'), logs.data);[0m
2025-04-16T15:05:41.1206317Z [36;1m                console.log(`Saved logs for job ${job.name} (${job.id})`);[0m
2025-04-16T15:05:41.1206631Z [36;1m              } catch (error) {[0m
2025-04-16T15:05:41.1207002Z [36;1m                console.error(`Error fetching logs for job ${job.id}: ${error.message}`);[0m
2025-04-16T15:05:41.1207525Z [36;1m                await fs.writeFile(path.join(jobDir, 'error.txt'), `Error fetching logs: ${error.message}`);[0m
2025-04-16T15:05:41.1207918Z [36;1m              }[0m
2025-04-16T15:05:41.1208094Z [36;1m            }[0m
2025-04-16T15:05:41.1208269Z [36;1m          }[0m
2025-04-16T15:05:41.1208442Z [36;1m        } catch (error) {[0m
2025-04-16T15:05:41.1208760Z [36;1m          console.error(`Error processing run ${run.id}: ${error.message}`);[0m
2025-04-16T15:05:41.1209249Z [36;1m          await fs.writeFile(path.join(runDir, 'error.txt'), `Error processing run: ${error.message}`);[0m
2025-04-16T15:05:41.1209635Z [36;1m        }[0m
2025-04-16T15:05:41.1209798Z [36;1m      }[0m
2025-04-16T15:05:41.1209962Z [36;1m    } catch (error) {[0m
2025-04-16T15:05:41.1210300Z [36;1m      console.error(`Error processing workflow ${workflow.id}: ${error.message}`);[0m
2025-04-16T15:05:41.1210783Z [36;1m    }[0m
2025-04-16T15:05:41.1211076Z [36;1m  }[0m
2025-04-16T15:05:41.1211229Z [36;1m  [0m
2025-04-16T15:05:41.1211394Z [36;1m  // Create summary file[0m
2025-04-16T15:05:41.1211609Z [36;1m  const summary = {[0m
2025-04-16T15:05:41.1211835Z [36;1m    timestamp: new Date().toISOString(),[0m
2025-04-16T15:05:41.1212137Z [36;1m    totalWorkflows: workflows.workflows.length,[0m
2025-04-16T15:05:41.1212465Z [36;1m    workflowSummary: workflows.workflows.map(w => ({[0m
2025-04-16T15:05:41.1212745Z [36;1m      name: w.name,[0m
2025-04-16T15:05:41.1212930Z [36;1m      id: w.id,[0m
2025-04-16T15:05:41.1213116Z [36;1m      path: w.path,[0m
2025-04-16T15:05:41.1213296Z [36;1m    })),[0m
2025-04-16T15:05:41.1213453Z [36;1m  };[0m
2025-04-16T15:05:41.1213606Z [36;1m  [0m
2025-04-16T15:05:41.1213892Z [36;1m  await fs.writeJson(path.join(logsDir, 'summary.json'), summary, { spaces: 2 });[0m
2025-04-16T15:05:41.1214317Z [36;1m  console.log('Workflow error logs sync completed');[0m
2025-04-16T15:05:41.1214609Z [36;1m}[0m
2025-04-16T15:05:41.1214804Z [36;1m[0m
2025-04-16T15:05:41.1214962Z [36;1mmain().catch(error => {[0m
2025-04-16T15:05:41.1215228Z [36;1m  console.error('Error in main process:', error);[0m
2025-04-16T15:05:41.1215495Z [36;1m  process.exit(1);[0m
2025-04-16T15:05:41.1215686Z [36;1m});[0m
2025-04-16T15:05:41.1215838Z [36;1mEOF[0m
2025-04-16T15:05:41.1216171Z [36;1m[0m
2025-04-16T15:05:41.1216357Z [36;1mnode fetch-workflow-logs.js[0m
2025-04-16T15:05:41.1264509Z shell: /usr/bin/bash -e {0}
2025-04-16T15:05:41.1264724Z env:
2025-04-16T15:05:41.1264876Z   CI: true
2025-04-16T15:05:41.1265231Z   GITHUB_TOKEN: ***
2025-04-16T15:05:41.1265426Z   REPO_OWNER: mrkurger
2025-04-16T15:05:41.1265622Z   REPO_NAME: date-night-app2
2025-04-16T15:05:41.1265829Z ##[endgroup]
2025-04-16T15:05:41.2081479Z Fetching workflow logs for mrkurger/date-night-app2
2025-04-16T15:05:41.3448396Z Error in main process: RequestError [HttpError]: API rate limit exceeded for installation. If you reach out to GitHub Support for help, please include the request ID 0400:BEFC2:1F6D0E:3E27C2:67FFC745 and timestamp 2025-04-16 15:05:41 UTC.
2025-04-16T15:05:41.3451065Z     at /home/runner/work/date-night-app2/date-night-app2/node_modules/@octokit/request/dist-node/index.js:122:21
2025-04-16T15:05:41.3453632Z     at process.processTicksAndRejections (node:internal/process/task_queues:105:5)
2025-04-16T15:05:41.3454827Z     at async main (/home/runner/work/date-night-app2/date-night-app2/fetch-workflow-logs.js:24:31) {
2025-04-16T15:05:41.3455615Z   status: 403,
2025-04-16T15:05:41.3456167Z   response: {
2025-04-16T15:05:41.3456858Z     url: 'https://api.github.com/repos/mrkurger/date-night-app2/actions/workflows',
2025-04-16T15:05:41.3457589Z     status: 403,
2025-04-16T15:05:41.3457908Z     headers: {
2025-04-16T15:05:41.3458308Z       'access-control-allow-origin': '*',
2025-04-16T15:05:41.3460902Z       'access-control-expose-headers': 'ETag, Link, Location, Retry-After, X-GitHub-OTP, X-RateLimit-Limit, X-RateLimit-Remaining, X-RateLimit-Used, X-RateLimit-Resource, X-RateLimit-Reset, X-OAuth-Scopes, X-Accepted-OAuth-Scopes, X-Poll-Interval, X-GitHub-Media-Type, X-GitHub-SSO, X-GitHub-Request-Id, Deprecation, Sunset',
2025-04-16T15:05:41.3463198Z       'content-encoding': 'gzip',
2025-04-16T15:05:41.3463789Z       'content-security-policy': "default-src 'none'",
2025-04-16T15:05:41.3464499Z       'content-type': 'application/json; charset=utf-8',
2025-04-16T15:05:41.3465102Z       date: 'Wed, 16 Apr 2025 15:05:41 GMT',
2025-04-16T15:05:41.3476386Z       'referrer-policy': 'origin-when-cross-origin, strict-origin-when-cross-origin',
2025-04-16T15:05:41.3477251Z       server: 'github.com',
2025-04-16T15:05:41.3478062Z       'strict-transport-security': 'max-age=31536000; includeSubdomains; preload',
2025-04-16T15:05:41.3478875Z       'transfer-encoding': 'chunked',
2025-04-16T15:05:41.3479508Z       vary: 'Accept-Encoding, Accept, X-Requested-With',
2025-04-16T15:05:41.3480500Z       'x-content-type-options': 'nosniff',
2025-04-16T15:05:41.3481272Z       'x-frame-options': 'deny',
2025-04-16T15:05:41.3481849Z       'x-github-media-type': 'github.v3; format=json',
2025-04-16T15:05:41.3482556Z       'x-github-request-id': '0400:BEFC2:1F6D0E:3E27C2:67FFC745',
2025-04-16T15:05:41.3483182Z       'x-ratelimit-limit': '5000',
2025-04-16T15:05:41.3483684Z       'x-ratelimit-remaining': '0',
2025-04-16T15:05:41.3484164Z       'x-ratelimit-reset': '1744818804',
2025-04-16T15:05:41.3484673Z       'x-ratelimit-resource': 'core',
2025-04-16T15:05:41.3485149Z       'x-ratelimit-used': '5002',
2025-04-16T15:05:41.3485588Z       'x-xss-protection': '0'
2025-04-16T15:05:41.3496263Z     },
2025-04-16T15:05:41.3496592Z     data: {
2025-04-16T15:05:41.3497990Z       message: 'API rate limit exceeded for installation. If you reach out to GitHub Support for help, please include the request ID 0400:BEFC2:1F6D0E:3E27C2:67FFC745 and timestamp 2025-04-16 15:05:41 UTC.',
2025-04-16T15:05:41.3499800Z       documentation_url: 'https://docs.github.com/rest/overview/rate-limits-for-the-rest-api',
2025-04-16T15:05:41.3500604Z       status: '403'
2025-04-16T15:05:41.3500939Z     }
2025-04-16T15:05:41.3501216Z   },
2025-04-16T15:05:41.3501494Z   request: {
2025-04-16T15:05:41.3501822Z     method: 'GET',
2025-04-16T15:05:41.3509865Z     url: 'https://api.github.com/repos/mrkurger/date-night-app2/actions/workflows',
2025-04-16T15:05:41.3510614Z     headers: {
2025-04-16T15:05:41.3511059Z       accept: 'application/vnd.github.v3+json',
2025-04-16T15:05:41.3511815Z       'user-agent': 'octokit-rest.js/19.0.13 octokit-core.js/4.2.4 Node.js/22',
2025-04-16T15:05:41.3512508Z       authorization: 'token [REDACTED]'
2025-04-16T15:05:41.3512990Z     },
2025-04-16T15:05:41.3513260Z     request: {
2025-04-16T15:05:41.3513571Z       retries: 3,
2025-04-16T15:05:41.3513890Z       retryAfter: 1,
2025-04-16T15:05:41.3514324Z       hook: [Function: bound bound register]
2025-04-16T15:05:41.3514748Z     }
2025-04-16T15:05:41.3515035Z   }
2025-04-16T15:05:41.3515318Z }
2025-04-16T15:05:41.4223571Z ##[error]Process completed with exit code 1.
2025-04-16T15:05:41.4326441Z Post job cleanup.
2025-04-16T15:05:41.5258954Z [command]/usr/bin/git version
2025-04-16T15:05:41.5299941Z git version 2.49.0
2025-04-16T15:05:41.5518048Z Temporarily overriding HOME='/home/runner/work/_temp/40d29d40-4b97-4cb4-832e-9e4e3fe811c0' before making global git config changes
2025-04-16T15:05:41.5521287Z Adding repository directory to the temporary git global config as a safe directory
2025-04-16T15:05:41.5536223Z [command]/usr/bin/git config --global --add safe.directory /home/runner/work/date-night-app2/date-night-app2
2025-04-16T15:05:41.5572603Z [command]/usr/bin/git config --local --name-only --get-regexp core\.sshCommand
2025-04-16T15:05:41.5608484Z [command]/usr/bin/git submodule foreach --recursive sh -c "git config --local --name-only --get-regexp 'core\.sshCommand' && git config --local --unset-all 'core.sshCommand' || :"
2025-04-16T15:05:41.5851221Z [command]/usr/bin/git config --local --name-only --get-regexp http\.https\:\/\/github\.com\/\.extraheader
2025-04-16T15:05:41.5874516Z http.https://github.com/.extraheader
2025-04-16T15:05:41.5889081Z [command]/usr/bin/git config --local --unset-all http.https://github.com/.extraheader
2025-04-16T15:05:41.5922243Z [command]/usr/bin/git submodule foreach --recursive sh -c "git config --local --name-only --get-regexp 'http\.https\:\/\/github\.com\/\.extraheader' && git config --local --unset-all 'http.https://github.com/.extraheader' || :"
2025-04-16T15:05:41.6270715Z Cleaning up orphan processes
