2025-04-16T13:29:08.9364177Z Current runner version: '2.323.0'
2025-04-16T13:29:08.9436319Z ##[group]Operating System
2025-04-16T13:29:08.9437672Z Ubuntu
2025-04-16T13:29:08.9438492Z 24.04.2
2025-04-16T13:29:08.9439288Z LTS
2025-04-16T13:29:08.9440137Z ##[endgroup]
2025-04-16T13:29:08.9440986Z ##[group]Runner Image
2025-04-16T13:29:08.9441953Z Image: ubuntu-24.04
2025-04-16T13:29:08.9443019Z Version: 20250406.1.0
2025-04-16T13:29:08.9445038Z Included Software: https://github.com/actions/runner-images/blob/ubuntu24/20250406.1/images/ubuntu/Ubuntu2404-Readme.md
2025-04-16T13:29:08.9466630Z Image Release: https://github.com/actions/runner-images/releases/tag/ubuntu24%2F20250406.1
2025-04-16T13:29:08.9468341Z ##[endgroup]
2025-04-16T13:29:08.9469212Z ##[group]Runner Image Provisioner
2025-04-16T13:29:08.9470277Z 2.0.422.1
2025-04-16T13:29:08.9471105Z ##[endgroup]
2025-04-16T13:29:08.9473338Z ##[group]GITHUB_TOKEN Permissions
2025-04-16T13:29:08.9476589Z Contents: write
2025-04-16T13:29:08.9477682Z Issues: read
2025-04-16T13:29:08.9478784Z Metadata: read
2025-04-16T13:29:08.9479874Z PullRequests: read
2025-04-16T13:29:08.9480811Z SecurityEvents: read
2025-04-16T13:29:08.9481637Z ##[endgroup]
2025-04-16T13:29:08.9484875Z Secret source: Actions
2025-04-16T13:29:08.9486271Z Prepare workflow directory
2025-04-16T13:29:09.0134873Z Prepare all required actions
2025-04-16T13:29:09.0191792Z Getting action download info
2025-04-16T13:29:09.6206210Z ##[group]Download immutable action package 'actions/checkout@v4'
2025-04-16T13:29:09.6207337Z Version: 4.2.2
2025-04-16T13:29:09.6208295Z Digest: sha256:ccb2698953eaebd21c7bf6268a94f9c26518a7e38e27e0b83c1fe1ad049819b1
2025-04-16T13:29:09.6209478Z Source commit SHA: 11bd71901bbe5b1630ceea73d27597364c9af683
2025-04-16T13:29:09.6210298Z ##[endgroup]
2025-04-16T13:29:09.7211109Z ##[group]Download immutable action package 'actions/setup-node@v4'
2025-04-16T13:29:09.7211888Z Version: 4.4.0
2025-04-16T13:29:09.7212633Z Digest: sha256:9427cefe82346e992fb5b949e3569b39d537ae41aa3086483b14eceebfc16bc1
2025-04-16T13:29:09.7213684Z Source commit SHA: 49933ea5288caeca8642d1e84afbd3f7d6820020
2025-04-16T13:29:09.7214696Z ##[endgroup]
2025-04-16T13:29:10.1593985Z ##[group]Download immutable action package 'actions/github-script@v7'
2025-04-16T13:29:10.1595098Z Version: 7.0.1
2025-04-16T13:29:10.1595798Z Digest: sha256:bce02966afe3a75123f766b765abe432fac5464b74976015dc06b811ac9054c7
2025-04-16T13:29:10.1596878Z Source commit SHA: 60a0d83039c74a4aee543508d2ffcb1c3799cdea
2025-04-16T13:29:10.1597537Z ##[endgroup]
2025-04-16T13:29:10.5763855Z Complete job name: sync-insights
2025-04-16T13:29:10.6443574Z ##[group]Run actions/checkout@v4
2025-04-16T13:29:10.6444706Z with:
2025-04-16T13:29:10.6445183Z   repository: mrkurger/date-night-app2
2025-04-16T13:29:10.6445918Z   token: ***
2025-04-16T13:29:10.6446333Z   ssh-strict: true
2025-04-16T13:29:10.6446748Z   ssh-user: git
2025-04-16T13:29:10.6447173Z   persist-credentials: true
2025-04-16T13:29:10.6447649Z   clean: true
2025-04-16T13:29:10.6448088Z   sparse-checkout-cone-mode: true
2025-04-16T13:29:10.6448647Z   fetch-depth: 1
2025-04-16T13:29:10.6449068Z   fetch-tags: false
2025-04-16T13:29:10.6449510Z   show-progress: true
2025-04-16T13:29:10.6449940Z   lfs: false
2025-04-16T13:29:10.6450338Z   submodules: false
2025-04-16T13:29:10.6450768Z   set-safe-directory: true
2025-04-16T13:29:10.6451501Z ##[endgroup]
2025-04-16T13:29:10.8639574Z Syncing repository: mrkurger/date-night-app2
2025-04-16T13:29:10.8641723Z ##[group]Getting Git version info
2025-04-16T13:29:10.8643076Z Working directory is '/home/runner/work/date-night-app2/date-night-app2'
2025-04-16T13:29:10.8645229Z [command]/usr/bin/git version
2025-04-16T13:29:10.8779420Z git version 2.49.0
2025-04-16T13:29:10.8820365Z ##[endgroup]
2025-04-16T13:29:10.8828892Z Temporarily overriding HOME='/home/runner/work/_temp/d94be162-0d38-4a5a-825f-bef3d96ea587' before making global git config changes
2025-04-16T13:29:10.8832218Z Adding repository directory to the temporary git global config as a safe directory
2025-04-16T13:29:10.8837209Z [command]/usr/bin/git config --global --add safe.directory /home/runner/work/date-night-app2/date-night-app2
2025-04-16T13:29:10.8885697Z Deleting the contents of '/home/runner/work/date-night-app2/date-night-app2'
2025-04-16T13:29:10.8891850Z ##[group]Initializing the repository
2025-04-16T13:29:10.8896750Z [command]/usr/bin/git init /home/runner/work/date-night-app2/date-night-app2
2025-04-16T13:29:10.9008976Z hint: Using 'master' as the name for the initial branch. This default branch name
2025-04-16T13:29:10.9015099Z hint: is subject to change. To configure the initial branch name to use in all
2025-04-16T13:29:10.9016757Z hint: of your new repositories, which will suppress this warning, call:
2025-04-16T13:29:10.9018018Z hint:
2025-04-16T13:29:10.9018915Z hint: 	git config --global init.defaultBranch <name>
2025-04-16T13:29:10.9020011Z hint:
2025-04-16T13:29:10.9020971Z hint: Names commonly chosen instead of 'master' are 'main', 'trunk' and
2025-04-16T13:29:10.9022717Z hint: 'development'. The just-created branch can be renamed via this command:
2025-04-16T13:29:10.9024229Z hint:
2025-04-16T13:29:10.9025394Z hint: 	git branch -m <name>
2025-04-16T13:29:10.9047615Z Initialized empty Git repository in /home/runner/work/date-night-app2/date-night-app2/.git/
2025-04-16T13:29:10.9060502Z [command]/usr/bin/git remote add origin https://github.com/mrkurger/date-night-app2
2025-04-16T13:29:10.9109674Z ##[endgroup]
2025-04-16T13:29:10.9113302Z ##[group]Disabling automatic garbage collection
2025-04-16T13:29:10.9114959Z [command]/usr/bin/git config --local gc.auto 0
2025-04-16T13:29:10.9149291Z ##[endgroup]
2025-04-16T13:29:10.9150592Z ##[group]Setting up auth
2025-04-16T13:29:10.9158585Z [command]/usr/bin/git config --local --name-only --get-regexp core\.sshCommand
2025-04-16T13:29:10.9193301Z [command]/usr/bin/git submodule foreach --recursive sh -c "git config --local --name-only --get-regexp 'core\.sshCommand' && git config --local --unset-all 'core.sshCommand' || :"
2025-04-16T13:29:10.9600075Z [command]/usr/bin/git config --local --name-only --get-regexp http\.https\:\/\/github\.com\/\.extraheader
2025-04-16T13:29:10.9633869Z [command]/usr/bin/git submodule foreach --recursive sh -c "git config --local --name-only --get-regexp 'http\.https\:\/\/github\.com\/\.extraheader' && git config --local --unset-all 'http.https://github.com/.extraheader' || :"
2025-04-16T13:29:11.0008373Z [command]/usr/bin/git config --local http.https://github.com/.extraheader AUTHORIZATION: basic ***
2025-04-16T13:29:11.0045705Z ##[endgroup]
2025-04-16T13:29:11.0047886Z ##[group]Fetching the repository
2025-04-16T13:29:11.0060365Z [command]/usr/bin/git -c protocol.version=2 fetch --no-tags --prune --no-recurse-submodules --depth=1 origin +b292197eeb0331af586c34ae83d2e0ac2f3cbf90:refs/remotes/origin/main
2025-04-16T13:29:13.8707260Z From https://github.com/mrkurger/date-night-app2
2025-04-16T13:29:13.8709727Z  * [new ref]         b292197eeb0331af586c34ae83d2e0ac2f3cbf90 -> origin/main
2025-04-16T13:29:13.8744874Z ##[endgroup]
2025-04-16T13:29:13.8747058Z ##[group]Determining the checkout info
2025-04-16T13:29:13.8749076Z ##[endgroup]
2025-04-16T13:29:13.8754682Z [command]/usr/bin/git sparse-checkout disable
2025-04-16T13:29:13.8803876Z [command]/usr/bin/git config --local --unset-all extensions.worktreeConfig
2025-04-16T13:29:13.8835435Z ##[group]Checking out the ref
2025-04-16T13:29:13.8845216Z [command]/usr/bin/git checkout --progress --force -B main refs/remotes/origin/main
2025-04-16T13:29:14.3265912Z Switched to a new branch 'main'
2025-04-16T13:29:14.3270334Z branch 'main' set up to track 'origin/main'.
2025-04-16T13:29:14.3283856Z ##[endgroup]
2025-04-16T13:29:14.3323010Z [command]/usr/bin/git log -1 --format=%H
2025-04-16T13:29:14.3346611Z b292197eeb0331af586c34ae83d2e0ac2f3cbf90
2025-04-16T13:29:14.3580651Z ##[group]Run actions/setup-node@v4
2025-04-16T13:29:14.3581002Z with:
2025-04-16T13:29:14.3581211Z   node-version: 22
2025-04-16T13:29:14.3581441Z   always-auth: false
2025-04-16T13:29:14.3581672Z   check-latest: false
2025-04-16T13:29:14.3582307Z   token: ***
2025-04-16T13:29:14.3582522Z ##[endgroup]
2025-04-16T13:29:14.5329503Z Found in cache @ /opt/hostedtoolcache/node/22.14.0/x64
2025-04-16T13:29:14.5337938Z ##[group]Environment details
2025-04-16T13:29:16.4132229Z node: v22.14.0
2025-04-16T13:29:16.4133167Z npm: 10.9.2
2025-04-16T13:29:16.4140793Z yarn: 1.22.22
2025-04-16T13:29:16.4142015Z ##[endgroup]
2025-04-16T13:29:16.4257250Z ##[group]Run npm install @octokit/rest
2025-04-16T13:29:16.4257586Z [36;1mnpm install @octokit/rest[0m
2025-04-16T13:29:16.4310917Z shell: /usr/bin/bash -e {0}
2025-04-16T13:29:16.4311194Z ##[endgroup]
2025-04-16T13:29:22.2664936Z npm warn deprecated xss-clean@0.1.4: Package no longer supported. Contact Support at https://www.npmjs.com/support for more info.
2025-04-16T13:29:23.5131327Z npm warn deprecated rimraf@3.0.2: Rimraf versions prior to v4 are no longer supported
2025-04-16T13:29:23.9671039Z npm warn deprecated passport-reddit@1.1.0: While functionally complete, this library will not be receiving any updates going forwards. Users are actively discouraged from using OAuth2 for authentication. See archival notice on github for more details.
2025-04-16T13:29:24.0484642Z npm warn deprecated superagent@8.1.2: Please upgrade to v9.0.0+ as we have fixed a public vulnerability with formidable dependency. Note that v9.0.0+ requires Node.js v14.18.0+. See https://github.com/ladjs/superagent/pull/1800 for insight. This project is supported and maintained by the team at Forward Email @ https://forwardemail.net
2025-04-16T13:29:24.2130713Z npm warn deprecated npmlog@5.0.1: This package is no longer supported.
2025-04-16T13:29:25.2223444Z npm warn deprecated inflight@1.0.6: This module is not supported, and leaks memory. Do not use it. Check out lru-cache if you want a good and tested way to coalesce async requests by a key value, which is much more comprehensive and powerful.
2025-04-16T13:29:25.4466196Z npm warn deprecated glob@7.2.3: Glob versions prior to v9 are no longer supported
2025-04-16T13:29:25.7762064Z npm warn deprecated gauge@3.0.2: This package is no longer supported.
2025-04-16T13:29:26.1907644Z npm warn deprecated domexception@4.0.0: Use your platform's native DOMException instead
2025-04-16T13:29:27.2211009Z npm warn deprecated are-we-there-yet@2.0.0: This package is no longer supported.
2025-04-16T13:29:27.3425435Z npm warn deprecated abab@2.0.6: Use your platform's native atob() and btoa() methods instead
2025-04-16T13:29:28.6773186Z npm warn deprecated @humanwhocodes/object-schema@2.0.3: Use @eslint/object-schema instead
2025-04-16T13:29:28.6776055Z npm warn deprecated @humanwhocodes/config-array@0.11.14: Use @eslint/config-array instead
2025-04-16T13:29:36.6413464Z npm warn deprecated eslint@8.56.0: This version is no longer supported. Please see https://eslint.org/version-support for other options.
2025-04-16T13:29:36.6590685Z npm warn deprecated eslint@8.56.0: This version is no longer supported. Please see https://eslint.org/version-support for other options.
2025-04-16T13:29:58.8515644Z 
2025-04-16T13:29:58.8516662Z added 1923 packages, and audited 1926 packages in 42s
2025-04-16T13:29:58.8517322Z 
2025-04-16T13:29:58.8517754Z 347 packages are looking for funding
2025-04-16T13:29:58.8518456Z   run `npm fund` for details
2025-04-16T13:29:58.8624951Z 
2025-04-16T13:29:58.8629316Z 8 moderate severity vulnerabilities
2025-04-16T13:29:58.8657566Z 
2025-04-16T13:29:58.8658345Z To address all issues (including breaking changes), run:
2025-04-16T13:29:58.8659315Z   npm audit fix --force
2025-04-16T13:29:58.8659787Z 
2025-04-16T13:29:58.8660175Z Run `npm audit` for details.
2025-04-16T13:29:58.9478149Z ##[group]Run actions/github-script@v7
2025-04-16T13:29:58.9478420Z with:
2025-04-16T13:29:58.9478796Z   github-token: ***
2025-04-16T13:29:58.9494095Z   script: const fs = require('fs');
const { Octokit } = require('@octokit/rest');
const octokit = new Octokit({ auth: process.env.GITHUB_TOKEN });

const owner = context.repo.owner;
const repo = context.repo.repo;
const date = new Date().toISOString().split('T')[0];

let report = `# GitHub Insights Report\n\n`;
report += `*Generated on: ${date}*\n\n`;

// Get repository info
const repoInfo = await octokit.repos.get({
  owner,
  repo
});

report += `## Repository Information\n\n`;
report += `- **Name**: ${repoInfo.data.name}\n`;
report += `- **Description**: ${repoInfo.data.description || 'No description'}\n`;
report += `- **Stars**: ${repoInfo.data.stargazers_count}\n`;
report += `- **Forks**: ${repoInfo.data.forks_count}\n`;
report += `- **Open Issues**: ${repoInfo.data.open_issues_count}\n`;
report += `- **Default Branch**: ${repoInfo.data.default_branch}\n\n`;

// Get workflow runs
const workflowRuns = await octokit.actions.listWorkflowRunsForRepo({
  owner,
  repo,
  per_page: 10
});

report += `## Recent Workflow Runs\n\n`;
report += `| Workflow | Status | Started | Duration |\n`;
report += `|----------|--------|---------|----------|\n`;

for (const run of workflowRuns.data.workflow_runs.slice(0, 5)) {
  const startTime = new Date(run.created_at);
  const endTime = run.updated_at ? new Date(run.updated_at) : new Date();
  const durationMs = endTime - startTime;
  const durationMin = Math.floor(durationMs / 60000);
  const durationSec = Math.floor((durationMs % 60000) / 1000);
  
  report += `| ${run.name} | ${run.conclusion || run.status} | ${startTime.toISOString().split('T')[0]} | ${durationMin}m ${durationSec}s |\n`;
}

report += `\n`;

// Get Dependabot alerts
try {
  const alerts = await octokit.dependabot.listAlertsForRepo({
    owner,
    repo,
    state: 'open',
    per_page: 100
  });
  
  report += `## Dependabot Security Alerts\n\n`;
  
  if (alerts.data.length === 0) {
    report += `âœ… No open security alerts found.\n\n`;
  } else {
    report += `### Open Alerts (${alerts.data.length})\n\n`;
    
    const severityOrder = ['critical', 'high', 'medium', 'low'];
    const alertsBySeverity = {};
    
    severityOrder.forEach(severity => {
      alertsBySeverity[severity] = [];
    });
    
    alerts.data.forEach(alert => {
      const severity = alert.security_advisory.severity.toLowerCase();
      if (alertsBySeverity[severity]) {
        alertsBySeverity[severity].push(alert);
      }
    });
    
    severityOrder.forEach(severity => {
      const severityAlerts = alertsBySeverity[severity];
      if (severityAlerts.length > 0) {
        report += `#### ${severity.charAt(0).toUpperCase() + severity.slice(1)} Severity (${severityAlerts.length})\n\n`;
        
        severityAlerts.forEach(alert => {
          report += `- **${alert.security_advisory.summary}** in \`${alert.dependency.package.name}\`\n`;
        });
        
        report += `\n`;
      }
    });
  }
} catch (error) {
  report += `## Dependabot Security Alerts\n\n`;
  report += `âš ï¸ Unable to fetch security alerts: ${error.message}\n\n`;
}

// Get recent pull requests
const pullRequests = await octokit.pulls.list({
  owner,
  repo,
  state: 'all',
  sort: 'updated',
  direction: 'desc',
  per_page: 5
});

report += `## Recent Pull Requests\n\n`;

if (pullRequests.data.length === 0) {
  report += `No recent pull requests found.\n\n`;
} else {
  report += `| Title | Status | Author | Updated |\n`;
  report += `|-------|--------|--------|--------|\n`;
  
  pullRequests.data.forEach(pr => {
    const status = pr.state === 'open' ? 'ðŸ”„ Open' : (pr.merged_at ? 'âœ… Merged' : 'âŒ Closed');
    report += `| [#${pr.number}: ${pr.title}](${pr.html_url}) | ${status} | ${pr.user.login} | ${new Date(pr.updated_at).toISOString().split('T')[0]} |\n`;
  });
  
  report += `\n`;
}

// Get recent issues
const issues = await octokit.issues.listForRepo({
  owner,
  repo,
  state: 'all',
  sort: 'updated',
  direction: 'desc',
  per_page: 5
});

const issuesOnly = issues.data.filter(issue => !issue.pull_request);

report += `## Recent Issues\n\n`;

if (issuesOnly.length === 0) {
  report += `No recent issues found.\n\n`;
} else {
  report += `| Title | Status | Author | Updated |\n`;
  report += `|-------|--------|--------|--------|\n`;
  
  issuesOnly.forEach(issue => {
    const status = issue.state === 'open' ? 'ðŸ”„ Open' : 'âœ… Closed';
    report += `| [#${issue.number}: ${issue.title}](${issue.html_url}) | ${status} | ${issue.user.login} | ${new Date(issue.updated_at).toISOString().split('T')[0]} |\n`;
  });
  
  report += `\n`;
}

// Create directory if it doesn't exist
try {
  fs.mkdirSync('docs/github-insights', { recursive: true });
} catch (error) {
  console.log('Directory already exists');
}

// Write report to file
fs.writeFileSync('docs/github-insights/insights-report.md', report);

// Create a summary file for AI analysis
const aiSummary = `# GitHub Insights for AI Analysis\n\n` +
  `*Generated on: ${date}*\n\n` +
  `This file contains structured data from GitHub that can be analyzed by AI assistants to provide insights and recommendations for the project.\n\n` +
  `## Repository Stats\n\n` +
  `- Stars: ${repoInfo.data.stargazers_count}\n` +
  `- Forks: ${repoInfo.data.forks_count}\n` +
  `- Open Issues: ${repoInfo.data.open_issues_count}\n` +
  `- Watchers: ${repoInfo.data.subscribers_count || 0}\n\n` +
  `## Workflow Status\n\n` +
  workflowRuns.data.workflow_runs.slice(0, 10).map(run => 
    `- ${run.name}: ${run.conclusion || run.status}`
  ).join('\n') + 
  `\n\n## Security Alerts\n\n` +
  (alerts?.data ? 
    `Total Open Alerts: ${alerts.data.length}\n` +
    severityOrder.map(severity => 
      `- ${severity}: ${alertsBySeverity[severity]?.length || 0}`
    ).join('\n')
    : 'Unable to fetch security alerts') +
  `\n\n## Recent Activity\n\n` +
  `- Pull Requests: ${pullRequests.data.length} recent updates\n` +
  `- Issues: ${issuesOnly.length} recent updates\n`;

fs.writeFileSync('docs/github-insights/ai-analysis-data.md', aiSummary);

console.log('GitHub insights report generated successfully');

2025-04-16T13:29:58.9509650Z   debug: false
2025-04-16T13:29:58.9509845Z   user-agent: actions/github-script
2025-04-16T13:29:58.9510086Z   result-encoding: json
2025-04-16T13:29:58.9510266Z   retries: 0
2025-04-16T13:29:58.9510469Z   retry-exempt-status-codes: 400,401,403,404,422
2025-04-16T13:29:58.9510727Z ##[endgroup]
2025-04-16T13:29:59.3566319Z GET /repos/mrkurger/date-night-app2 - 404 with id 6FC0:7B99:59B4F63:B2AADAC:67FFB0D7 in 285ms
2025-04-16T13:29:59.3623249Z RequestError [HttpError]: Not Found - https://docs.github.com/rest/repos/repos#get-a-repository
2025-04-16T13:29:59.3624994Z     at fetchWrapper (file:///home/runner/work/date-night-app2/date-night-app2/node_modules/@octokit/request/dist-bundle/index.js:122:11)
2025-04-16T13:29:59.3626313Z     at process.processTicksAndRejections (node:internal/process/task_queues:95:5)
2025-04-16T13:29:59.3627694Z     at async eval (eval at callAsyncFunction (/home/runner/work/_actions/actions/github-script/v7/dist/index.js:35424:16), <anonymous>:15:18)
2025-04-16T13:29:59.3629025Z     at async main (/home/runner/work/_actions/actions/github-script/v7/dist/index.js:35522:20) {
2025-04-16T13:29:59.3629721Z   status: 404,
2025-04-16T13:29:59.3630023Z   request: {
2025-04-16T13:29:59.3630520Z     method: 'GET',
2025-04-16T13:29:59.3631046Z     url: 'https://api.github.com/repos/mrkurger/date-night-app2',
2025-04-16T13:29:59.3631596Z     headers: {
2025-04-16T13:29:59.3632016Z       accept: 'application/vnd.github.v3+json',
2025-04-16T13:29:59.3632818Z       'user-agent': 'octokit-rest.js/21.1.1 octokit-core.js/6.1.5 Node.js/20.19.0 (linux; x64)'
2025-04-16T13:29:59.3633461Z     },
2025-04-16T13:29:59.3633902Z     request: { hook: [Function: bound bound register] }
2025-04-16T13:29:59.3634548Z   },
2025-04-16T13:29:59.3634827Z   response: {
2025-04-16T13:29:59.3635352Z     url: 'https://api.github.com/repos/mrkurger/date-night-app2',
2025-04-16T13:29:59.3636335Z     status: 404,
2025-04-16T13:29:59.3636674Z     headers: {
2025-04-16T13:29:59.3637075Z       'access-control-allow-origin': '*',
2025-04-16T13:29:59.3639392Z       'access-control-expose-headers': 'ETag, Link, Location, Retry-After, X-GitHub-OTP, X-RateLimit-Limit, X-RateLimit-Remaining, X-RateLimit-Used, X-RateLimit-Resource, X-RateLimit-Reset, X-OAuth-Scopes, X-Accepted-OAuth-Scopes, X-Poll-Interval, X-GitHub-Media-Type, X-GitHub-SSO, X-GitHub-Request-Id, Deprecation, Sunset',
2025-04-16T13:29:59.3641669Z       'content-encoding': 'gzip',
2025-04-16T13:29:59.3642114Z       'content-length': '121',
2025-04-16T13:29:59.3642622Z       'content-security-policy': "default-src 'none'",
2025-04-16T13:29:59.3643245Z       'content-type': 'application/json; charset=utf-8',
2025-04-16T13:29:59.3643827Z       date: 'Wed, 16 Apr 2025 13:29:59 GMT',
2025-04-16T13:29:59.3670004Z       'referrer-policy': 'origin-when-cross-origin, strict-origin-when-cross-origin',
2025-04-16T13:29:59.3670777Z       server: 'github.com',
2025-04-16T13:29:59.3671522Z       'strict-transport-security': 'max-age=31536000; includeSubdomains; preload',
2025-04-16T13:29:59.3672327Z       vary: 'Accept-Encoding, Accept, X-Requested-With',
2025-04-16T13:29:59.3672918Z       'x-content-type-options': 'nosniff',
2025-04-16T13:29:59.3673418Z       'x-frame-options': 'deny',
2025-04-16T13:29:59.3673949Z       'x-github-api-version-selected': '2022-11-28',
2025-04-16T13:29:59.3674895Z       'x-github-media-type': 'github.v3; format=json',
2025-04-16T13:29:59.3675599Z       'x-github-request-id': '6FC0:7B99:59B4F63:B2AADAC:67FFB0D7',
2025-04-16T13:29:59.3676190Z       'x-ratelimit-limit': '60',
2025-04-16T13:29:59.3676652Z       'x-ratelimit-remaining': '59',
2025-04-16T13:29:59.3677124Z       'x-ratelimit-reset': '1744813799',
2025-04-16T13:29:59.3677617Z       'x-ratelimit-resource': 'core',
2025-04-16T13:29:59.3689630Z       'x-ratelimit-used': '1',
2025-04-16T13:29:59.3690042Z       'x-xss-protection': '0'
2025-04-16T13:29:59.3690410Z     },
2025-04-16T13:29:59.3690684Z     data: {
2025-04-16T13:29:59.3690984Z       message: 'Not Found',
2025-04-16T13:29:59.3691678Z       documentation_url: 'https://docs.github.com/rest/repos/repos#get-a-repository',
2025-04-16T13:29:59.3692342Z       status: '404'
2025-04-16T13:29:59.3692637Z     }
2025-04-16T13:29:59.3692896Z   }
2025-04-16T13:29:59.3693149Z }
2025-04-16T13:29:59.3719441Z ##[error]Unhandled error: HttpError: Not Found - https://docs.github.com/rest/repos/repos#get-a-repository
2025-04-16T13:29:59.4469426Z Post job cleanup.
2025-04-16T13:29:59.5431033Z [command]/usr/bin/git version
2025-04-16T13:29:59.5473052Z git version 2.49.0
2025-04-16T13:29:59.5523020Z Temporarily overriding HOME='/home/runner/work/_temp/cc3847e3-6c2f-435f-a165-743ea22ed592' before making global git config changes
2025-04-16T13:29:59.5525917Z Adding repository directory to the temporary git global config as a safe directory
2025-04-16T13:29:59.5531162Z [command]/usr/bin/git config --global --add safe.directory /home/runner/work/date-night-app2/date-night-app2
2025-04-16T13:29:59.5575499Z [command]/usr/bin/git config --local --name-only --get-regexp core\.sshCommand
2025-04-16T13:29:59.5612714Z [command]/usr/bin/git submodule foreach --recursive sh -c "git config --local --name-only --get-regexp 'core\.sshCommand' && git config --local --unset-all 'core.sshCommand' || :"
2025-04-16T13:29:59.5863310Z [command]/usr/bin/git config --local --name-only --get-regexp http\.https\:\/\/github\.com\/\.extraheader
2025-04-16T13:29:59.5889977Z http.https://github.com/.extraheader
2025-04-16T13:29:59.5904310Z [command]/usr/bin/git config --local --unset-all http.https://github.com/.extraheader
2025-04-16T13:29:59.5940729Z [command]/usr/bin/git submodule foreach --recursive sh -c "git config --local --name-only --get-regexp 'http\.https\:\/\/github\.com\/\.extraheader' && git config --local --unset-all 'http.https://github.com/.extraheader' || :"
2025-04-16T13:29:59.6288540Z Cleaning up orphan processes
