2025-04-16T15:01:45.8018302Z Current runner version: '2.323.0'
2025-04-16T15:01:45.8056267Z ##[group]Operating System
2025-04-16T15:01:45.8057517Z Ubuntu
2025-04-16T15:01:45.8058275Z 24.04.2
2025-04-16T15:01:45.8059593Z LTS
2025-04-16T15:01:45.8060405Z ##[endgroup]
2025-04-16T15:01:45.8061628Z ##[group]Runner Image
2025-04-16T15:01:45.8062686Z Image: ubuntu-24.04
2025-04-16T15:01:45.8063517Z Version: 20250413.1.0
2025-04-16T15:01:45.8065342Z Included Software: https://github.com/actions/runner-images/blob/ubuntu24/20250413.1/images/ubuntu/Ubuntu2404-Readme.md
2025-04-16T15:01:45.8067977Z Image Release: https://github.com/actions/runner-images/releases/tag/ubuntu24%2F20250413.1
2025-04-16T15:01:45.8069556Z ##[endgroup]
2025-04-16T15:01:45.8070435Z ##[group]Runner Image Provisioner
2025-04-16T15:01:45.8071785Z 2.0.422.1
2025-04-16T15:01:45.8072577Z ##[endgroup]
2025-04-16T15:01:45.8074374Z ##[group]GITHUB_TOKEN Permissions
2025-04-16T15:01:45.8077348Z Actions: read
2025-04-16T15:01:45.8078231Z Contents: write
2025-04-16T15:01:45.8079370Z Metadata: read
2025-04-16T15:01:45.8080361Z ##[endgroup]
2025-04-16T15:01:45.8084018Z Secret source: Actions
2025-04-16T15:01:45.8085567Z Prepare workflow directory
2025-04-16T15:01:45.8699272Z Prepare all required actions
2025-04-16T15:01:45.8755288Z Getting action download info
2025-04-16T15:01:46.2823593Z ##[group]Download immutable action package 'actions/checkout@v4'
2025-04-16T15:01:46.2825380Z Version: 4.2.2
2025-04-16T15:01:46.2827283Z Digest: sha256:ccb2698953eaebd21c7bf6268a94f9c26518a7e38e27e0b83c1fe1ad049819b1
2025-04-16T15:01:46.2829520Z Source commit SHA: 11bd71901bbe5b1630ceea73d27597364c9af683
2025-04-16T15:01:46.2831118Z ##[endgroup]
2025-04-16T15:01:46.3857791Z ##[group]Download immutable action package 'actions/setup-node@v4'
2025-04-16T15:01:46.3858610Z Version: 4.4.0
2025-04-16T15:01:46.3859442Z Digest: sha256:9427cefe82346e992fb5b949e3569b39d537ae41aa3086483b14eceebfc16bc1
2025-04-16T15:01:46.3860456Z Source commit SHA: 49933ea5288caeca8642d1e84afbd3f7d6820020
2025-04-16T15:01:46.3861455Z ##[endgroup]
2025-04-16T15:01:46.7186069Z Complete job name: sync-error-logs
2025-04-16T15:01:46.7951341Z ##[group]Run actions/checkout@v4
2025-04-16T15:01:46.7952710Z with:
2025-04-16T15:01:46.7953377Z   fetch-depth: 0
2025-04-16T15:01:46.7954249Z   repository: mrkurger/date-night-app2
2025-04-16T15:01:46.7955420Z   token: ***
2025-04-16T15:01:46.7956129Z   ssh-strict: true
2025-04-16T15:01:46.7956812Z   ssh-user: git
2025-04-16T15:01:46.7957524Z   persist-credentials: true
2025-04-16T15:01:46.7958305Z   clean: true
2025-04-16T15:01:46.7958997Z   sparse-checkout-cone-mode: true
2025-04-16T15:01:46.7959806Z   fetch-tags: false
2025-04-16T15:01:46.7960488Z   show-progress: true
2025-04-16T15:01:46.7961397Z   lfs: false
2025-04-16T15:01:46.7962027Z   submodules: false
2025-04-16T15:01:46.7962731Z   set-safe-directory: true
2025-04-16T15:01:46.7963923Z env:
2025-04-16T15:01:46.7964566Z   CI: true
2025-04-16T15:01:46.7965176Z ##[endgroup]
2025-04-16T15:01:47.0123592Z Syncing repository: mrkurger/date-night-app2
2025-04-16T15:01:47.0125824Z ##[group]Getting Git version info
2025-04-16T15:01:47.0126702Z Working directory is '/home/runner/work/date-night-app2/date-night-app2'
2025-04-16T15:01:47.0130875Z [command]/usr/bin/git version
2025-04-16T15:01:47.0235562Z git version 2.49.0
2025-04-16T15:01:47.0238652Z ##[endgroup]
2025-04-16T15:01:47.0247398Z Temporarily overriding HOME='/home/runner/work/_temp/a2c6a81c-1f5b-4730-a57a-ab27ac305b2c' before making global git config changes
2025-04-16T15:01:47.0249737Z Adding repository directory to the temporary git global config as a safe directory
2025-04-16T15:01:47.0251992Z [command]/usr/bin/git config --global --add safe.directory /home/runner/work/date-night-app2/date-night-app2
2025-04-16T15:01:47.0291336Z Deleting the contents of '/home/runner/work/date-night-app2/date-night-app2'
2025-04-16T15:01:47.0294989Z ##[group]Initializing the repository
2025-04-16T15:01:47.0299303Z [command]/usr/bin/git init /home/runner/work/date-night-app2/date-night-app2
2025-04-16T15:01:47.0371567Z hint: Using 'master' as the name for the initial branch. This default branch name
2025-04-16T15:01:47.0374051Z hint: is subject to change. To configure the initial branch name to use in all
2025-04-16T15:01:47.0375967Z hint: of your new repositories, which will suppress this warning, call:
2025-04-16T15:01:47.0377444Z hint:
2025-04-16T15:01:47.0379815Z hint: 	git config --global init.defaultBranch <name>
2025-04-16T15:01:47.0381107Z hint:
2025-04-16T15:01:47.0382394Z hint: Names commonly chosen instead of 'master' are 'main', 'trunk' and
2025-04-16T15:01:47.0384174Z hint: 'development'. The just-created branch can be renamed via this command:
2025-04-16T15:01:47.0385541Z hint:
2025-04-16T15:01:47.0386275Z hint: 	git branch -m <name>
2025-04-16T15:01:47.0389380Z Initialized empty Git repository in /home/runner/work/date-night-app2/date-night-app2/.git/
2025-04-16T15:01:47.0575492Z [command]/usr/bin/git remote add origin https://github.com/mrkurger/date-night-app2
2025-04-16T15:01:47.0578238Z ##[endgroup]
2025-04-16T15:01:47.0579646Z ##[group]Disabling automatic garbage collection
2025-04-16T15:01:47.0580988Z [command]/usr/bin/git config --local gc.auto 0
2025-04-16T15:01:47.0583378Z ##[endgroup]
2025-04-16T15:01:47.0584503Z ##[group]Setting up auth
2025-04-16T15:01:47.0585666Z [command]/usr/bin/git config --local --name-only --get-regexp core\.sshCommand
2025-04-16T15:01:47.0589235Z [command]/usr/bin/git submodule foreach --recursive sh -c "git config --local --name-only --get-regexp 'core\.sshCommand' && git config --local --unset-all 'core.sshCommand' || :"
2025-04-16T15:01:47.0919069Z [command]/usr/bin/git config --local --name-only --get-regexp http\.https\:\/\/github\.com\/\.extraheader
2025-04-16T15:01:47.0939099Z [command]/usr/bin/git submodule foreach --recursive sh -c "git config --local --name-only --get-regexp 'http\.https\:\/\/github\.com\/\.extraheader' && git config --local --unset-all 'http.https://github.com/.extraheader' || :"
2025-04-16T15:01:47.1181585Z [command]/usr/bin/git config --local http.https://github.com/.extraheader AUTHORIZATION: basic ***
2025-04-16T15:01:47.1240034Z ##[endgroup]
2025-04-16T15:01:47.1243396Z ##[group]Fetching the repository
2025-04-16T15:01:47.1251128Z [command]/usr/bin/git -c protocol.version=2 fetch --prune --no-recurse-submodules origin +refs/heads/*:refs/remotes/origin/* +refs/tags/*:refs/tags/*
2025-04-16T15:01:55.5354655Z From https://github.com/mrkurger/date-night-app2
2025-04-16T15:01:55.5357709Z  * [new branch]      dependabot/github_actions/dawidd6/action-download-artifact-9 -> origin/dependabot/github_actions/dawidd6/action-download-artifact-9
2025-04-16T15:01:55.5366266Z  * [new branch]      dependabot/npm_and_yarn/server/multi-94fa72f662 -> origin/dependabot/npm_and_yarn/server/multi-94fa72f662
2025-04-16T15:01:55.5370836Z  * [new branch]      main       -> origin/main
2025-04-16T15:01:55.5403416Z [command]/usr/bin/git branch --list --remote origin/main
2025-04-16T15:01:55.5434154Z   origin/main
2025-04-16T15:01:55.5446133Z [command]/usr/bin/git rev-parse refs/remotes/origin/main
2025-04-16T15:01:55.5472067Z b7b02b02b67d186f71e3b6a43ebe9f432064fd3a
2025-04-16T15:01:55.5486504Z ##[endgroup]
2025-04-16T15:01:55.5488734Z ##[group]Determining the checkout info
2025-04-16T15:01:55.5492059Z ##[endgroup]
2025-04-16T15:01:55.5492966Z [command]/usr/bin/git sparse-checkout disable
2025-04-16T15:01:55.5534104Z [command]/usr/bin/git config --local --unset-all extensions.worktreeConfig
2025-04-16T15:01:55.5564832Z ##[group]Checking out the ref
2025-04-16T15:01:55.5568007Z [command]/usr/bin/git checkout --progress --force -B main refs/remotes/origin/main
2025-04-16T15:01:55.9592031Z Switched to a new branch 'main'
2025-04-16T15:01:55.9617076Z branch 'main' set up to track 'origin/main'.
2025-04-16T15:01:55.9632568Z ##[endgroup]
2025-04-16T15:01:55.9700614Z [command]/usr/bin/git log -1 --format=%H
2025-04-16T15:01:55.9741201Z b7b02b02b67d186f71e3b6a43ebe9f432064fd3a
2025-04-16T15:01:55.9992975Z ##[group]Run actions/setup-node@v4
2025-04-16T15:01:55.9993279Z with:
2025-04-16T15:01:55.9993715Z   node-version: 22.x
2025-04-16T15:01:55.9993917Z   always-auth: false
2025-04-16T15:01:55.9994122Z   check-latest: false
2025-04-16T15:01:55.9994448Z   token: ***
2025-04-16T15:01:55.9994627Z env:
2025-04-16T15:01:55.9994799Z   CI: true
2025-04-16T15:01:55.9994964Z ##[endgroup]
2025-04-16T15:01:56.1783710Z Found in cache @ /opt/hostedtoolcache/node/22.14.0/x64
2025-04-16T15:01:56.1787322Z ##[group]Environment details
2025-04-16T15:01:58.0784189Z node: v22.14.0
2025-04-16T15:01:58.0785230Z npm: 10.9.2
2025-04-16T15:01:58.0791801Z yarn: 1.22.22
2025-04-16T15:01:58.0793427Z ##[endgroup]
2025-04-16T15:01:58.0903949Z ##[group]Run npm install @octokit/rest@20.0.2 @octokit/plugin-throttling@9.0.3 fs-extra@11.2.0
2025-04-16T15:01:58.0904609Z [36;1mnpm install @octokit/rest@20.0.2 @octokit/plugin-throttling@9.0.3 fs-extra@11.2.0[0m
2025-04-16T15:01:58.0959697Z shell: /usr/bin/bash -e {0}
2025-04-16T15:01:58.0959953Z env:
2025-04-16T15:01:58.0960134Z   CI: true
2025-04-16T15:01:58.0960303Z ##[endgroup]
2025-04-16T15:02:05.4392973Z npm warn deprecated xss-clean@0.1.4: Package no longer supported. Contact Support at https://www.npmjs.com/support for more info.
2025-04-16T15:02:07.0691880Z npm warn deprecated rimraf@3.0.2: Rimraf versions prior to v4 are no longer supported
2025-04-16T15:02:07.7598442Z npm warn deprecated passport-reddit@1.1.0: While functionally complete, this library will not be receiving any updates going forwards. Users are actively discouraged from using OAuth2 for authentication. See archival notice on github for more details.
2025-04-16T15:02:08.3117815Z npm warn deprecated npmlog@5.0.1: This package is no longer supported.
2025-04-16T15:02:09.3189125Z npm warn deprecated superagent@8.1.2: Please upgrade to v9.0.0+ as we have fixed a public vulnerability with formidable dependency. Note that v9.0.0+ requires Node.js v14.18.0+. See https://github.com/ladjs/superagent/pull/1800 for insight. This project is supported and maintained by the team at Forward Email @ https://forwardemail.net
2025-04-16T15:02:09.5857835Z npm warn deprecated inflight@1.0.6: This module is not supported, and leaks memory. Do not use it. Check out lru-cache if you want a good and tested way to coalesce async requests by a key value, which is much more comprehensive and powerful.
2025-04-16T15:02:09.9515656Z npm warn deprecated glob@7.2.3: Glob versions prior to v9 are no longer supported
2025-04-16T15:02:10.3529287Z npm warn deprecated gauge@3.0.2: This package is no longer supported.
2025-04-16T15:02:10.7534791Z npm warn deprecated domexception@4.0.0: Use your platform's native DOMException instead
2025-04-16T15:02:11.5104569Z npm warn deprecated are-we-there-yet@2.0.0: This package is no longer supported.
2025-04-16T15:02:11.6006469Z npm warn deprecated abab@2.0.6: Use your platform's native atob() and btoa() methods instead
2025-04-16T15:02:12.7184093Z npm warn deprecated @humanwhocodes/config-array@0.11.14: Use @eslint/config-array instead
2025-04-16T15:02:12.7341919Z npm warn deprecated @humanwhocodes/object-schema@2.0.3: Use @eslint/object-schema instead
2025-04-16T15:02:20.3782949Z npm warn deprecated eslint@8.56.0: This version is no longer supported. Please see https://eslint.org/version-support for other options.
2025-04-16T15:02:20.6602675Z npm warn deprecated eslint@8.56.0: This version is no longer supported. Please see https://eslint.org/version-support for other options.
2025-04-16T15:02:44.0976462Z 
2025-04-16T15:02:44.0978300Z added 1931 packages, and audited 1934 packages in 46s
2025-04-16T15:02:44.0983688Z 
2025-04-16T15:02:44.0984065Z 355 packages are looking for funding
2025-04-16T15:02:44.0984774Z   run `npm fund` for details
2025-04-16T15:02:44.1088610Z 
2025-04-16T15:02:44.1101788Z 3 moderate severity vulnerabilities
2025-04-16T15:02:44.1104484Z 
2025-04-16T15:02:44.1105408Z To address all issues (including breaking changes), run:
2025-04-16T15:02:44.1106296Z   npm audit fix --force
2025-04-16T15:02:44.1109290Z 
2025-04-16T15:02:44.1113234Z Run `npm audit` for details.
2025-04-16T15:02:44.1955454Z ##[group]Run cat > fetch-workflow-logs.js << 'EOF'
2025-04-16T15:02:44.1956370Z [36;1mcat > fetch-workflow-logs.js << 'EOF'[0m
2025-04-16T15:02:44.1956697Z [36;1mconst { Octokit } = require('@octokit/rest');[0m
2025-04-16T15:02:44.1957062Z [36;1mconst { throttling } = require('@octokit/plugin-throttling');[0m
2025-04-16T15:02:44.1957410Z [36;1mconst fs = require('fs-extra');[0m
2025-04-16T15:02:44.1957663Z [36;1mconst path = require('path');[0m
2025-04-16T15:02:44.1957918Z [36;1m[0m
2025-04-16T15:02:44.1958169Z [36;1mconst ThrottledOctokit = Octokit.plugin(throttling);[0m
2025-04-16T15:02:44.1958469Z [36;1m[0m
2025-04-16T15:02:44.1958639Z [36;1masync function main() {[0m
2025-04-16T15:02:44.1958902Z [36;1m  const owner = process.env.REPO_OWNER;[0m
2025-04-16T15:02:44.1959210Z [36;1m  const repo = process.env.REPO_NAME;[0m
2025-04-16T15:02:44.1959533Z [36;1m  const logsDir = path.join('workflow-error-logs');[0m
2025-04-16T15:02:44.1959830Z [36;1m  [0m
2025-04-16T15:02:44.1960136Z [36;1m  console.log(`Fetching workflow logs for ${owner}/${repo}`);[0m
2025-04-16T15:02:44.1960440Z [36;1m  [0m
2025-04-16T15:02:44.1960885Z [36;1m  // Create logs directory if it doesn't exist[0m
2025-04-16T15:02:44.1961222Z [36;1m  await fs.ensureDir(logsDir);[0m
2025-04-16T15:02:44.1961456Z [36;1m  [0m
2025-04-16T15:02:44.1961648Z [36;1m  const octokit = new ThrottledOctokit({[0m
2025-04-16T15:02:44.1961939Z [36;1m    auth: process.env.GITHUB_TOKEN,[0m
2025-04-16T15:02:44.1962187Z [36;1m    throttle: {[0m
2025-04-16T15:02:44.1962429Z [36;1m      onRateLimit: (retryAfter, options) => {[0m
2025-04-16T15:02:44.1962818Z [36;1m        console.warn(`Rate limit exceeded for ${options.method} ${options.url}`);[0m
2025-04-16T15:02:44.1963207Z [36;1m        if (options.request.retryCount < 2) {[0m
2025-04-16T15:02:44.1963537Z [36;1m          console.log(`Retrying after ${retryAfter} seconds!`);[0m
2025-04-16T15:02:44.1963948Z [36;1m          return true;[0m
2025-04-16T15:02:44.1964194Z [36;1m        }[0m
2025-04-16T15:02:44.1964374Z [36;1m      },[0m
2025-04-16T15:02:44.1964611Z [36;1m      onSecondaryRateLimit: (retryAfter, options) => {[0m
2025-04-16T15:02:44.1965053Z [36;1m        console.warn(`Secondary rate limit exceeded for ${options.method} ${options.url}`);[0m
2025-04-16T15:02:44.1965487Z [36;1m        if (options.request.retryCount < 2) {[0m
2025-04-16T15:02:44.1965830Z [36;1m          console.log(`Retrying after ${retryAfter} seconds!`);[0m
2025-04-16T15:02:44.1966140Z [36;1m          return true;[0m
2025-04-16T15:02:44.1966341Z [36;1m        }[0m
2025-04-16T15:02:44.1966513Z [36;1m      },[0m
2025-04-16T15:02:44.1966677Z [36;1m    },[0m
2025-04-16T15:02:44.1966849Z [36;1m  });[0m
2025-04-16T15:02:44.1967011Z [36;1m  [0m
2025-04-16T15:02:44.1967187Z [36;1m  // Get all workflows[0m
2025-04-16T15:02:44.1967509Z [36;1m  const { data: workflows } = await octokit.actions.listRepoWorkflows({[0m
2025-04-16T15:02:44.1967872Z [36;1m    owner,[0m
2025-04-16T15:02:44.1968061Z [36;1m    repo,[0m
2025-04-16T15:02:44.1968232Z [36;1m  });[0m
2025-04-16T15:02:44.1968398Z [36;1m  [0m
2025-04-16T15:02:44.1968591Z [36;1m  // Get recent workflow runs (last 30 days)[0m
2025-04-16T15:02:44.1968874Z [36;1m  const thirtyDaysAgo = new Date();[0m
2025-04-16T15:02:44.1969198Z [36;1m  thirtyDaysAgo.setDate(thirtyDaysAgo.getDate() - 30);[0m
2025-04-16T15:02:44.1969536Z [36;1m  [0m
2025-04-16T15:02:44.1969877Z [36;1m  for (const workflow of workflows.workflows) {[0m
2025-04-16T15:02:44.1970392Z [36;1m    console.log(`Processing workflow: ${workflow.name} (${workflow.id})`);[0m
2025-04-16T15:02:44.1971337Z [36;1m    [0m
2025-04-16T15:02:44.1971609Z [36;1m    const { data: runs } = await octokit.actions.listWorkflowRuns({[0m
2025-04-16T15:02:44.1972082Z [36;1m      owner,[0m
2025-04-16T15:02:44.1972269Z [36;1m      repo,[0m
2025-04-16T15:02:44.1972643Z [36;1m      workflow_id: workflow.id,[0m
2025-04-16T15:02:44.1973231Z [36;1m      created: `>=${thirtyDaysAgo.toISOString().split('T')[0]}`,[0m
2025-04-16T15:02:44.1973833Z [36;1m    });[0m
2025-04-16T15:02:44.1974011Z [36;1m    [0m
2025-04-16T15:02:44.1974239Z [36;1m    // Process failed runs[0m
2025-04-16T15:02:44.1974568Z [36;1m    const failedRuns = runs.workflow_runs.filter(run => [0m
2025-04-16T15:02:44.1975147Z [36;1m      run.conclusion === 'failure' || run.conclusion === 'cancelled' || run.conclusion === 'timed_out'[0m
2025-04-16T15:02:44.1975608Z [36;1m    );[0m
2025-04-16T15:02:44.1975869Z [36;1m    [0m
2025-04-16T15:02:44.1976245Z [36;1m    console.log(`Found ${failedRuns.length} failed runs for ${workflow.name}`);[0m
2025-04-16T15:02:44.1976673Z [36;1m    [0m
2025-04-16T15:02:44.1976860Z [36;1m    for (const run of failedRuns) {[0m
2025-04-16T15:02:44.1977210Z [36;1m      const runDate = new Date(run.created_at).toISOString().split('T')[0];[0m
2025-04-16T15:02:44.1977744Z [36;1m      const workflowDir = path.join(logsDir, workflow.name.replace(/[^a-zA-Z0-9]/g, '-').toLowerCase());[0m
2025-04-16T15:02:44.1978389Z [36;1m      const runDir = path.join(workflowDir, `${runDate}_${run.id}`);[0m
2025-04-16T15:02:44.1978854Z [36;1m      [0m
2025-04-16T15:02:44.1979058Z [36;1m      await fs.ensureDir(runDir);[0m
2025-04-16T15:02:44.1979351Z [36;1m      [0m
2025-04-16T15:02:44.1979532Z [36;1m      // Save run metadata[0m
2025-04-16T15:02:44.1979888Z [36;1m      await fs.writeJson(path.join(runDir, 'metadata.json'), run, { spaces: 2 });[0m
2025-04-16T15:02:44.1980232Z [36;1m      [0m
2025-04-16T15:02:44.1980402Z [36;1m      try {[0m
2025-04-16T15:02:44.1980600Z [36;1m        // Get jobs for this run[0m
2025-04-16T15:02:44.1981345Z [36;1m        const { data: jobs } = await octokit.actions.listJobsForWorkflowRun({[0m
2025-04-16T15:02:44.1981823Z [36;1m          owner,[0m
2025-04-16T15:02:44.1982030Z [36;1m          repo,[0m
2025-04-16T15:02:44.1982241Z [36;1m          run_id: run.id,[0m
2025-04-16T15:02:44.1982456Z [36;1m        });[0m
2025-04-16T15:02:44.1982652Z [36;1m        [0m
2025-04-16T15:02:44.1982838Z [36;1m        // Save jobs metadata[0m
2025-04-16T15:02:44.1983197Z [36;1m        await fs.writeJson(path.join(runDir, 'jobs.json'), jobs, { spaces: 2 });[0m
2025-04-16T15:02:44.1983540Z [36;1m        [0m
2025-04-16T15:02:44.1983740Z [36;1m        // Process each job[0m
2025-04-16T15:02:44.1983988Z [36;1m        for (const job of jobs.jobs) {[0m
2025-04-16T15:02:44.1984422Z [36;1m          if (job.conclusion === 'failure' || job.conclusion === 'cancelled' || job.conclusion === 'timed_out') {[0m
2025-04-16T15:02:44.1985004Z [36;1m            const jobDir = path.join(runDir, job.name.replace(/[^a-zA-Z0-9]/g, '-').toLowerCase());[0m
2025-04-16T15:02:44.1985577Z [36;1m            await fs.ensureDir(jobDir);[0m
2025-04-16T15:02:44.1985832Z [36;1m            [0m
2025-04-16T15:02:44.1986027Z [36;1m            // Save job metadata[0m
2025-04-16T15:02:44.1986470Z [36;1m            await fs.writeJson(path.join(jobDir, 'job-metadata.json'), job, { spaces: 2 });[0m
2025-04-16T15:02:44.1986840Z [36;1m            [0m
2025-04-16T15:02:44.1987027Z [36;1m            try {[0m
2025-04-16T15:02:44.1987234Z [36;1m              // Get job logs[0m
2025-04-16T15:02:44.1987579Z [36;1m              const logs = await octokit.actions.downloadJobLogsForWorkflowRun({[0m
2025-04-16T15:02:44.1987940Z [36;1m                owner,[0m
2025-04-16T15:02:44.1988150Z [36;1m                repo,[0m
2025-04-16T15:02:44.1988373Z [36;1m                job_id: job.id,[0m
2025-04-16T15:02:44.1988600Z [36;1m              });[0m
2025-04-16T15:02:44.1988840Z [36;1m              [0m
2025-04-16T15:02:44.1989099Z [36;1m              // Save logs[0m
2025-04-16T15:02:44.1989411Z [36;1m              await fs.writeFile(path.join(jobDir, 'logs.txt'), logs.data);[0m
2025-04-16T15:02:44.1989815Z [36;1m              console.log(`Saved logs for job ${job.name} (${job.id})`);[0m
2025-04-16T15:02:44.1990124Z [36;1m            } catch (error) {[0m
2025-04-16T15:02:44.1990919Z [36;1m              console.error(`Error fetching logs for job ${job.id}: ${error.message}`);[0m
2025-04-16T15:02:44.1991627Z [36;1m              await fs.writeFile(path.join(jobDir, 'error.txt'), `Error fetching logs: ${error.message}`);[0m
2025-04-16T15:02:44.1992170Z [36;1m            }[0m
2025-04-16T15:02:44.1992373Z [36;1m          }[0m
2025-04-16T15:02:44.1992552Z [36;1m        }[0m
2025-04-16T15:02:44.1992744Z [36;1m      } catch (error) {[0m
2025-04-16T15:02:44.1993125Z [36;1m        console.error(`Error processing run ${run.id}: ${error.message}`);[0m
2025-04-16T15:02:44.1993646Z [36;1m        await fs.writeFile(path.join(runDir, 'error.txt'), `Error processing run: ${error.message}`);[0m
2025-04-16T15:02:44.1994049Z [36;1m      }[0m
2025-04-16T15:02:44.1994216Z [36;1m    }[0m
2025-04-16T15:02:44.1994385Z [36;1m  }[0m
2025-04-16T15:02:44.1994542Z [36;1m  [0m
2025-04-16T15:02:44.1994720Z [36;1m  // Create summary file[0m
2025-04-16T15:02:44.1994957Z [36;1m  const summary = {[0m
2025-04-16T15:02:44.1995208Z [36;1m    timestamp: new Date().toISOString(),[0m
2025-04-16T15:02:44.1995525Z [36;1m    totalWorkflows: workflows.workflows.length,[0m
2025-04-16T15:02:44.1995995Z [36;1m    workflowSummary: workflows.workflows.map(w => ({[0m
2025-04-16T15:02:44.1996316Z [36;1m      name: w.name,[0m
2025-04-16T15:02:44.1996567Z [36;1m      id: w.id,[0m
2025-04-16T15:02:44.1996774Z [36;1m      path: w.path,[0m
2025-04-16T15:02:44.1996972Z [36;1m    })),[0m
2025-04-16T15:02:44.1997144Z [36;1m  };[0m
2025-04-16T15:02:44.1997303Z [36;1m  [0m
2025-04-16T15:02:44.1997614Z [36;1m  await fs.writeJson(path.join(logsDir, 'summary.json'), summary, { spaces: 2 });[0m
2025-04-16T15:02:44.1998050Z [36;1m  console.log('Workflow error logs sync completed');[0m
2025-04-16T15:02:44.1998330Z [36;1m}[0m
2025-04-16T15:02:44.1998495Z [36;1m[0m
2025-04-16T15:02:44.1998661Z [36;1mmain().catch(error => {[0m
2025-04-16T15:02:44.1998951Z [36;1m  console.error('Error in main process:', error);[0m
2025-04-16T15:02:44.1999250Z [36;1m  process.exit(1);[0m
2025-04-16T15:02:44.1999463Z [36;1m});[0m
2025-04-16T15:02:44.1999634Z [36;1mEOF[0m
2025-04-16T15:02:44.1999798Z [36;1m[0m
2025-04-16T15:02:44.1999978Z [36;1mnode fetch-workflow-logs.js[0m
2025-04-16T15:02:44.2047125Z shell: /usr/bin/bash -e {0}
2025-04-16T15:02:44.2047357Z env:
2025-04-16T15:02:44.2047515Z   CI: true
2025-04-16T15:02:44.2047879Z   GITHUB_TOKEN: ***
2025-04-16T15:02:44.2048086Z   REPO_OWNER: mrkurger
2025-04-16T15:02:44.2048292Z   REPO_NAME: date-night-app2
2025-04-16T15:02:44.2048507Z ##[endgroup]
2025-04-16T15:02:44.2504486Z node:internal/modules/cjs/loader:646
2025-04-16T15:02:44.2506622Z       throw e;
2025-04-16T15:02:44.2507138Z       ^
2025-04-16T15:02:44.2507323Z 
2025-04-16T15:02:44.2512193Z Error [ERR_PACKAGE_PATH_NOT_EXPORTED]: No "exports" main defined in /home/runner/work/date-night-app2/date-night-app2/node_modules/@octokit/plugin-throttling/package.json
2025-04-16T15:02:44.2513803Z     at exportsNotFound (node:internal/modules/esm/resolve:314:10)
2025-04-16T15:02:44.2514630Z     at packageExportsResolve (node:internal/modules/esm/resolve:604:13)
2025-04-16T15:02:44.2515405Z     at resolveExports (node:internal/modules/cjs/loader:639:36)
2025-04-16T15:02:44.2516116Z     at Function._findPath (node:internal/modules/cjs/loader:728:31)
2025-04-16T15:02:44.2516971Z     at Function._resolveFilename (node:internal/modules/cjs/loader:1211:27)
2025-04-16T15:02:44.2517742Z     at Function._load (node:internal/modules/cjs/loader:1055:27)
2025-04-16T15:02:44.2518467Z     at TracingChannel.traceSync (node:diagnostics_channel:322:14)
2025-04-16T15:02:44.2519182Z     at wrapModuleLoad (node:internal/modules/cjs/loader:220:24)
2025-04-16T15:02:44.2519866Z     at Module.require (node:internal/modules/cjs/loader:1311:12)
2025-04-16T15:02:44.2520503Z     at require (node:internal/modules/helpers:136:16) {
2025-04-16T15:02:44.2521238Z   code: 'ERR_PACKAGE_PATH_NOT_EXPORTED'
2025-04-16T15:02:44.2521642Z }
2025-04-16T15:02:44.2522288Z 
2025-04-16T15:02:44.2522428Z Node.js v22.14.0
2025-04-16T15:02:44.2556544Z ##[error]Process completed with exit code 1.
2025-04-16T15:02:44.2657810Z Post job cleanup.
2025-04-16T15:02:44.3617913Z [command]/usr/bin/git version
2025-04-16T15:02:44.3659369Z git version 2.49.0
2025-04-16T15:02:44.3706849Z Temporarily overriding HOME='/home/runner/work/_temp/ea6d6a94-6b22-4783-a387-1dca502af9ec' before making global git config changes
2025-04-16T15:02:44.3710314Z Adding repository directory to the temporary git global config as a safe directory
2025-04-16T15:02:44.3723950Z [command]/usr/bin/git config --global --add safe.directory /home/runner/work/date-night-app2/date-night-app2
2025-04-16T15:02:44.3761932Z [command]/usr/bin/git config --local --name-only --get-regexp core\.sshCommand
2025-04-16T15:02:44.3798095Z [command]/usr/bin/git submodule foreach --recursive sh -c "git config --local --name-only --get-regexp 'core\.sshCommand' && git config --local --unset-all 'core.sshCommand' || :"
2025-04-16T15:02:44.4041131Z [command]/usr/bin/git config --local --name-only --get-regexp http\.https\:\/\/github\.com\/\.extraheader
2025-04-16T15:02:44.4065189Z http.https://github.com/.extraheader
2025-04-16T15:02:44.4081713Z [command]/usr/bin/git config --local --unset-all http.https://github.com/.extraheader
2025-04-16T15:02:44.4116852Z [command]/usr/bin/git submodule foreach --recursive sh -c "git config --local --name-only --get-regexp 'http\.https\:\/\/github\.com\/\.extraheader' && git config --local --unset-all 'http.https://github.com/.extraheader' || :"
2025-04-16T15:02:44.4460524Z Cleaning up orphan processes
