2025-04-16T08:42:07.2382320Z Current runner version: '2.323.0'
2025-04-16T08:42:07.2417009Z ##[group]Operating System
2025-04-16T08:42:07.2418210Z Ubuntu
2025-04-16T08:42:07.2419071Z 24.04.2
2025-04-16T08:42:07.2419901Z LTS
2025-04-16T08:42:07.2420854Z ##[endgroup]
2025-04-16T08:42:07.2421768Z ##[group]Runner Image
2025-04-16T08:42:07.2422773Z Image: ubuntu-24.04
2025-04-16T08:42:07.2423597Z Version: 20250413.1.0
2025-04-16T08:42:07.2425594Z Included Software: https://github.com/actions/runner-images/blob/ubuntu24/20250413.1/images/ubuntu/Ubuntu2404-Readme.md
2025-04-16T08:42:07.2428347Z Image Release: https://github.com/actions/runner-images/releases/tag/ubuntu24%2F20250413.1
2025-04-16T08:42:07.2430006Z ##[endgroup]
2025-04-16T08:42:07.2430935Z ##[group]Runner Image Provisioner
2025-04-16T08:42:07.2431925Z 2.0.422.1
2025-04-16T08:42:07.2432818Z ##[endgroup]
2025-04-16T08:42:07.2434723Z ##[group]GITHUB_TOKEN Permissions
2025-04-16T08:42:07.2437722Z Contents: read
2025-04-16T08:42:07.2438642Z Metadata: read
2025-04-16T08:42:07.2439666Z Packages: read
2025-04-16T08:42:07.2440814Z ##[endgroup]
2025-04-16T08:42:07.2444042Z Secret source: Actions
2025-04-16T08:42:07.2445475Z Prepare workflow directory
2025-04-16T08:42:07.2816967Z Prepare all required actions
2025-04-16T08:42:07.2858726Z Getting action download info
2025-04-16T08:42:07.8351496Z ##[group]Download immutable action package 'actions/checkout@v4'
2025-04-16T08:42:07.8352497Z Version: 4.2.2
2025-04-16T08:42:07.8353479Z Digest: sha256:ccb2698953eaebd21c7bf6268a94f9c26518a7e38e27e0b83c1fe1ad049819b1
2025-04-16T08:42:07.8354736Z Source commit SHA: 11bd71901bbe5b1630ceea73d27597364c9af683
2025-04-16T08:42:07.8355446Z ##[endgroup]
2025-04-16T08:42:07.9346785Z ##[group]Download immutable action package 'actions/setup-node@v4'
2025-04-16T08:42:07.9347598Z Version: 4.4.0
2025-04-16T08:42:07.9348349Z Digest: sha256:9427cefe82346e992fb5b949e3569b39d537ae41aa3086483b14eceebfc16bc1
2025-04-16T08:42:07.9349265Z Source commit SHA: 49933ea5288caeca8642d1e84afbd3f7d6820020
2025-04-16T08:42:07.9350050Z ##[endgroup]
2025-04-16T08:42:08.3623926Z ##[group]Download immutable action package 'actions/upload-artifact@v4'
2025-04-16T08:42:08.3624772Z Version: 4.6.2
2025-04-16T08:42:08.3625464Z Digest: sha256:290722aa3281d5caf23d0acdc3dbeb3424786a1a01a9cc97e72f147225e37c38
2025-04-16T08:42:08.3627144Z Source commit SHA: ea165f8d65b6e75b540449e92b4886f43607fa02
2025-04-16T08:42:08.3627869Z ##[endgroup]
2025-04-16T08:42:08.5760170Z Complete job name: test (22.x)
2025-04-16T08:42:08.6341258Z ##[group]Run actions/checkout@v4
2025-04-16T08:42:08.6342120Z with:
2025-04-16T08:42:08.6342519Z   repository: mrkurger/date-night-app2
2025-04-16T08:42:08.6343190Z   token: ***
2025-04-16T08:42:08.6343556Z   ssh-strict: true
2025-04-16T08:42:08.6343922Z   ssh-user: git
2025-04-16T08:42:08.6344307Z   persist-credentials: true
2025-04-16T08:42:08.6344737Z   clean: true
2025-04-16T08:42:08.6345121Z   sparse-checkout-cone-mode: true
2025-04-16T08:42:08.6345576Z   fetch-depth: 1
2025-04-16T08:42:08.6345947Z   fetch-tags: false
2025-04-16T08:42:08.6346664Z   show-progress: true
2025-04-16T08:42:08.6347057Z   lfs: false
2025-04-16T08:42:08.6347395Z   submodules: false
2025-04-16T08:42:08.6347787Z   set-safe-directory: true
2025-04-16T08:42:08.6348935Z ##[endgroup]
2025-04-16T08:42:08.8324593Z Syncing repository: mrkurger/date-night-app2
2025-04-16T08:42:08.8332364Z ##[group]Getting Git version info
2025-04-16T08:42:08.8333312Z Working directory is '/home/runner/work/date-night-app2/date-night-app2'
2025-04-16T08:42:08.8334334Z [command]/usr/bin/git version
2025-04-16T08:42:08.8363050Z git version 2.49.0
2025-04-16T08:42:08.8395823Z ##[endgroup]
2025-04-16T08:42:08.8411969Z Temporarily overriding HOME='/home/runner/work/_temp/156ce52d-15b3-46e6-97c8-9cc2d72e79f4' before making global git config changes
2025-04-16T08:42:08.8415835Z Adding repository directory to the temporary git global config as a safe directory
2025-04-16T08:42:08.8430349Z [command]/usr/bin/git config --global --add safe.directory /home/runner/work/date-night-app2/date-night-app2
2025-04-16T08:42:08.8469866Z Deleting the contents of '/home/runner/work/date-night-app2/date-night-app2'
2025-04-16T08:42:08.8475869Z ##[group]Initializing the repository
2025-04-16T08:42:08.8481250Z [command]/usr/bin/git init /home/runner/work/date-night-app2/date-night-app2
2025-04-16T08:42:08.8560752Z hint: Using 'master' as the name for the initial branch. This default branch name
2025-04-16T08:42:08.8563106Z hint: is subject to change. To configure the initial branch name to use in all
2025-04-16T08:42:08.8570620Z hint: of your new repositories, which will suppress this warning, call:
2025-04-16T08:42:08.8571974Z hint:
2025-04-16T08:42:08.8572704Z hint: 	git config --global init.defaultBranch <name>
2025-04-16T08:42:08.8573615Z hint:
2025-04-16T08:42:08.8574456Z hint: Names commonly chosen instead of 'master' are 'main', 'trunk' and
2025-04-16T08:42:08.8576009Z hint: 'development'. The just-created branch can be renamed via this command:
2025-04-16T08:42:08.8577489Z hint:
2025-04-16T08:42:08.8578151Z hint: 	git branch -m <name>
2025-04-16T08:42:08.8581590Z Initialized empty Git repository in /home/runner/work/date-night-app2/date-night-app2/.git/
2025-04-16T08:42:08.8595689Z [command]/usr/bin/git remote add origin https://github.com/mrkurger/date-night-app2
2025-04-16T08:42:08.8635569Z ##[endgroup]
2025-04-16T08:42:08.8637551Z ##[group]Disabling automatic garbage collection
2025-04-16T08:42:08.8639180Z [command]/usr/bin/git config --local gc.auto 0
2025-04-16T08:42:08.8672834Z ##[endgroup]
2025-04-16T08:42:08.8674830Z ##[group]Setting up auth
2025-04-16T08:42:08.8682660Z [command]/usr/bin/git config --local --name-only --get-regexp core\.sshCommand
2025-04-16T08:42:08.8718006Z [command]/usr/bin/git submodule foreach --recursive sh -c "git config --local --name-only --get-regexp 'core\.sshCommand' && git config --local --unset-all 'core.sshCommand' || :"
2025-04-16T08:42:08.9027850Z [command]/usr/bin/git config --local --name-only --get-regexp http\.https\:\/\/github\.com\/\.extraheader
2025-04-16T08:42:08.9062245Z [command]/usr/bin/git submodule foreach --recursive sh -c "git config --local --name-only --get-regexp 'http\.https\:\/\/github\.com\/\.extraheader' && git config --local --unset-all 'http.https://github.com/.extraheader' || :"
2025-04-16T08:42:08.9300156Z [command]/usr/bin/git config --local http.https://github.com/.extraheader AUTHORIZATION: basic ***
2025-04-16T08:42:08.9351276Z ##[endgroup]
2025-04-16T08:42:08.9352913Z ##[group]Fetching the repository
2025-04-16T08:42:08.9363032Z [command]/usr/bin/git -c protocol.version=2 fetch --no-tags --prune --no-recurse-submodules --depth=1 origin +aa89cbc78c7760448b85371e4e32b3d9e1c01bff:refs/remotes/origin/main
2025-04-16T08:42:11.7239589Z From https://github.com/mrkurger/date-night-app2
2025-04-16T08:42:11.7241807Z  * [new ref]         aa89cbc78c7760448b85371e4e32b3d9e1c01bff -> origin/main
2025-04-16T08:42:11.7266353Z ##[endgroup]
2025-04-16T08:42:11.7268765Z ##[group]Determining the checkout info
2025-04-16T08:42:11.7270962Z ##[endgroup]
2025-04-16T08:42:11.7276823Z [command]/usr/bin/git sparse-checkout disable
2025-04-16T08:42:11.7321298Z [command]/usr/bin/git config --local --unset-all extensions.worktreeConfig
2025-04-16T08:42:11.7354213Z ##[group]Checking out the ref
2025-04-16T08:42:11.7357555Z [command]/usr/bin/git checkout --progress --force -B main refs/remotes/origin/main
2025-04-16T08:42:12.1704024Z Switched to a new branch 'main'
2025-04-16T08:42:12.1707639Z branch 'main' set up to track 'origin/main'.
2025-04-16T08:42:12.1725204Z ##[endgroup]
2025-04-16T08:42:12.1769628Z [command]/usr/bin/git log -1 --format=%H
2025-04-16T08:42:12.1792724Z aa89cbc78c7760448b85371e4e32b3d9e1c01bff
2025-04-16T08:42:12.2025353Z ##[group]Run actions/setup-node@v4
2025-04-16T08:42:12.2025689Z with:
2025-04-16T08:42:12.2025893Z   node-version: 22.x
2025-04-16T08:42:12.2026289Z   cache: npm
2025-04-16T08:42:12.2026583Z   cache-dependency-path: client-angular/package-lock.json
2025-04-16T08:42:12.2026925Z   always-auth: false
2025-04-16T08:42:12.2027152Z   check-latest: false
2025-04-16T08:42:12.2027716Z   token: ***
2025-04-16T08:42:12.2027938Z ##[endgroup]
2025-04-16T08:42:12.3752638Z Found in cache @ /opt/hostedtoolcache/node/22.14.0/x64
2025-04-16T08:42:12.3755479Z ##[group]Environment details
2025-04-16T08:42:12.7906344Z node: v22.14.0
2025-04-16T08:42:12.7908899Z npm: 10.9.2
2025-04-16T08:42:12.7911045Z yarn: 1.22.22
2025-04-16T08:42:12.7913722Z ##[endgroup]
2025-04-16T08:42:12.7935253Z [command]/opt/hostedtoolcache/node/22.14.0/x64/bin/npm config get cache
2025-04-16T08:42:12.9258925Z /home/runner/.npm
2025-04-16T08:42:13.1697443Z Cache hit for: node-cache-Linux-x64-npm-eed186788acb99c392cc79891935d042040413390720b7932c16d8b7ca478e8b
2025-04-16T08:42:14.1997403Z Received 69351304 of 69351304 (100.0%), 72.7 MBs/sec
2025-04-16T08:42:14.2002230Z Cache Size: ~66 MB (69351304 B)
2025-04-16T08:42:14.2051647Z [command]/usr/bin/tar -xf /home/runner/work/_temp/f4c8fc58-9211-4b9e-961e-b7a1d6537393/cache.tzst -P -C /home/runner/work/date-night-app2/date-night-app2 --use-compress-program unzstd
2025-04-16T08:42:14.5143791Z Cache restored successfully
2025-04-16T08:42:14.5294809Z Cache restored from key: node-cache-Linux-x64-npm-eed186788acb99c392cc79891935d042040413390720b7932c16d8b7ca478e8b
2025-04-16T08:42:14.5460430Z ##[group]Run npm ci
2025-04-16T08:42:14.5460720Z [36;1mnpm ci[0m
2025-04-16T08:42:14.5513062Z shell: /usr/bin/bash -e {0}
2025-04-16T08:42:14.5513324Z ##[endgroup]
2025-04-16T08:42:19.7924499Z npm warn deprecated inflight@1.0.6: This module is not supported, and leaks memory. Do not use it. Check out lru-cache if you want a good and tested way to coalesce async requests by a key value, which is much more comprehensive and powerful.
2025-04-16T08:42:20.1109187Z npm warn deprecated rimraf@3.0.2: Rimraf versions prior to v4 are no longer supported
2025-04-16T08:42:20.1318609Z npm warn deprecated abab@2.0.6: Use your platform's native atob() and btoa() methods instead
2025-04-16T08:42:20.3194381Z npm warn deprecated glob@7.2.3: Glob versions prior to v9 are no longer supported
2025-04-16T08:42:20.5177903Z npm warn deprecated domexception@4.0.0: Use your platform's native DOMException instead
2025-04-16T08:42:21.5743832Z npm warn deprecated @humanwhocodes/object-schema@2.0.3: Use @eslint/object-schema instead
2025-04-16T08:42:21.6891862Z npm warn deprecated @humanwhocodes/config-array@0.11.14: Use @eslint/config-array instead
2025-04-16T08:42:24.7640261Z npm warn deprecated eslint@8.56.0: This version is no longer supported. Please see https://eslint.org/version-support for other options.
2025-04-16T08:42:39.6539553Z 
2025-04-16T08:42:39.6540239Z > date-night-app@1.0.0 prepare
2025-04-16T08:42:39.6540772Z > husky
2025-04-16T08:42:39.6540965Z 
2025-04-16T08:42:39.6697452Z sh: 1: husky: not found
2025-04-16T08:42:39.6746933Z npm error code 127
2025-04-16T08:42:39.6747837Z npm error path /home/runner/work/date-night-app2/date-night-app2
2025-04-16T08:42:39.6748726Z npm error command failed
2025-04-16T08:42:39.6749404Z npm error command sh -c husky
2025-04-16T08:42:39.6751195Z npm error A complete log of this run can be found in: /home/runner/.npm/_logs/2025-04-16T08_42_14_611Z-debug-0.log
2025-04-16T08:42:39.7703228Z ##[error]Process completed with exit code 127.
2025-04-16T08:42:39.7780004Z ##[group]Run actions/upload-artifact@v4
2025-04-16T08:42:39.7780296Z with:
2025-04-16T08:42:39.7780467Z   name: test-results
2025-04-16T08:42:39.7780701Z   path: ./client-angular/coverage
2025-04-16T08:42:39.7780940Z   if-no-files-found: warn
2025-04-16T08:42:39.7781145Z   compression-level: 6
2025-04-16T08:42:39.7781342Z   overwrite: false
2025-04-16T08:42:39.7781539Z   include-hidden-files: false
2025-04-16T08:42:39.7781754Z ##[endgroup]
2025-04-16T08:42:40.0009733Z ##[warning]No files were found with the provided path: ./client-angular/coverage. No artifacts will be uploaded.
2025-04-16T08:42:40.0131141Z Post job cleanup.
2025-04-16T08:42:40.1079351Z [command]/usr/bin/git version
2025-04-16T08:42:40.1121365Z git version 2.49.0
2025-04-16T08:42:40.1169560Z Temporarily overriding HOME='/home/runner/work/_temp/5e4c4b2c-cbcc-444b-a48e-5918aa3deeb9' before making global git config changes
2025-04-16T08:42:40.1171679Z Adding repository directory to the temporary git global config as a safe directory
2025-04-16T08:42:40.1177072Z [command]/usr/bin/git config --global --add safe.directory /home/runner/work/date-night-app2/date-night-app2
2025-04-16T08:42:40.1221937Z [command]/usr/bin/git config --local --name-only --get-regexp core\.sshCommand
2025-04-16T08:42:40.1258344Z [command]/usr/bin/git submodule foreach --recursive sh -c "git config --local --name-only --get-regexp 'core\.sshCommand' && git config --local --unset-all 'core.sshCommand' || :"
2025-04-16T08:42:40.1501469Z [command]/usr/bin/git config --local --name-only --get-regexp http\.https\:\/\/github\.com\/\.extraheader
2025-04-16T08:42:40.1524873Z http.https://github.com/.extraheader
2025-04-16T08:42:40.1539957Z [command]/usr/bin/git config --local --unset-all http.https://github.com/.extraheader
2025-04-16T08:42:40.1573596Z [command]/usr/bin/git submodule foreach --recursive sh -c "git config --local --name-only --get-regexp 'http\.https\:\/\/github\.com\/\.extraheader' && git config --local --unset-all 'http.https://github.com/.extraheader' || :"
2025-04-16T08:42:40.1922875Z Cleaning up orphan processes
