2025-04-18T11:28:45.3303813Z Current runner version: '2.323.0'
2025-04-18T11:28:45.3337278Z ##[group]Operating System
2025-04-18T11:28:45.3338678Z Ubuntu
2025-04-18T11:28:45.3339335Z 24.04.2
2025-04-18T11:28:45.3340168Z LTS
2025-04-18T11:28:45.3340873Z ##[endgroup]
2025-04-18T11:28:45.3341685Z ##[group]Runner Image
2025-04-18T11:28:45.3342773Z Image: ubuntu-24.04
2025-04-18T11:28:45.3343569Z Version: 20250413.1.0
2025-04-18T11:28:45.3345429Z Included Software: https://github.com/actions/runner-images/blob/ubuntu24/20250413.1/images/ubuntu/Ubuntu2404-Readme.md
2025-04-18T11:28:45.3348383Z Image Release: https://github.com/actions/runner-images/releases/tag/ubuntu24%2F20250413.1
2025-04-18T11:28:45.3350056Z ##[endgroup]
2025-04-18T11:28:45.3350843Z ##[group]Runner Image Provisioner
2025-04-18T11:28:45.3351992Z 2.0.422.1
2025-04-18T11:28:45.3352770Z ##[endgroup]
2025-04-18T11:28:45.3357047Z ##[group]GITHUB_TOKEN Permissions
2025-04-18T11:28:45.3360247Z Actions: write
2025-04-18T11:28:45.3361271Z Attestations: write
2025-04-18T11:28:45.3362345Z Checks: write
2025-04-18T11:28:45.3363245Z Contents: write
2025-04-18T11:28:45.3364189Z Deployments: write
2025-04-18T11:28:45.3365098Z Discussions: write
2025-04-18T11:28:45.3365901Z Issues: write
2025-04-18T11:28:45.3366769Z Metadata: read
2025-04-18T11:28:45.3367585Z Models: read
2025-04-18T11:28:45.3368780Z Packages: write
2025-04-18T11:28:45.3369711Z Pages: write
2025-04-18T11:28:45.3370546Z PullRequests: write
2025-04-18T11:28:45.3371509Z RepositoryProjects: write
2025-04-18T11:28:45.3372368Z SecurityEvents: write
2025-04-18T11:28:45.3373350Z Statuses: write
2025-04-18T11:28:45.3374120Z ##[endgroup]
2025-04-18T11:28:45.3377009Z Secret source: Actions
2025-04-18T11:28:45.3378604Z Prepare workflow directory
2025-04-18T11:28:45.4420757Z Prepare all required actions
2025-04-18T11:28:45.4479310Z Getting action download info
2025-04-18T11:28:45.8943593Z ##[group]Download immutable action package 'actions/checkout@v4'
2025-04-18T11:28:45.8944611Z Version: 4.2.2
2025-04-18T11:28:45.8945743Z Digest: sha256:ccb2698953eaebd21c7bf6268a94f9c26518a7e38e27e0b83c1fe1ad049819b1
2025-04-18T11:28:45.8946871Z Source commit SHA: 11bd71901bbe5b1630ceea73d27597364c9af683
2025-04-18T11:28:45.8947567Z ##[endgroup]
2025-04-18T11:28:45.9899534Z ##[group]Download immutable action package 'actions/setup-node@v4'
2025-04-18T11:28:45.9900298Z Version: 4.4.0
2025-04-18T11:28:45.9901054Z Digest: sha256:9427cefe82346e992fb5b949e3569b39d537ae41aa3086483b14eceebfc16bc1
2025-04-18T11:28:45.9902054Z Source commit SHA: 49933ea5288caeca8642d1e84afbd3f7d6820020
2025-04-18T11:28:45.9902705Z ##[endgroup]
2025-04-18T11:28:46.4118857Z ##[group]Download immutable action package 'actions/upload-artifact@v4'
2025-04-18T11:28:46.4120054Z Version: 4.6.2
2025-04-18T11:28:46.4120975Z Digest: sha256:290722aa3281d5caf23d0acdc3dbeb3424786a1a01a9cc97e72f147225e37c38
2025-04-18T11:28:46.4122233Z Source commit SHA: ea165f8d65b6e75b540449e92b4886f43607fa02
2025-04-18T11:28:46.4123089Z ##[endgroup]
2025-04-18T11:28:46.6151063Z Complete job name: test (22.x)
2025-04-18T11:28:46.6554596Z ##[group]Checking docker version
2025-04-18T11:28:46.6567538Z ##[command]/usr/bin/docker version --format '{{.Server.APIVersion}}'
2025-04-18T11:28:46.7108529Z '1.45'
2025-04-18T11:28:46.7115877Z Docker daemon API version: '1.45'
2025-04-18T11:28:46.7116604Z ##[command]/usr/bin/docker version --format '{{.Client.APIVersion}}'
2025-04-18T11:28:46.7277598Z '1.45'
2025-04-18T11:28:46.7288872Z Docker client API version: '1.45'
2025-04-18T11:28:46.7294010Z ##[endgroup]
2025-04-18T11:28:46.7296722Z ##[group]Clean up resources from previous jobs
2025-04-18T11:28:46.7302606Z ##[command]/usr/bin/docker ps --all --quiet --no-trunc --filter "label=dc162d"
2025-04-18T11:28:46.7443307Z ##[command]/usr/bin/docker network prune --force --filter "label=dc162d"
2025-04-18T11:28:46.7579808Z ##[endgroup]
2025-04-18T11:28:46.7580278Z ##[group]Create local container network
2025-04-18T11:28:46.7590386Z ##[command]/usr/bin/docker network create --label dc162d github_network_b6849377318f4290a28404ff172b9365
2025-04-18T11:28:46.8431532Z 7dcde187546b8eaeef5f5fd842577f24eebceeac142dfc30414394e2f5a6651a
2025-04-18T11:28:46.8450723Z ##[endgroup]
2025-04-18T11:28:46.8475497Z ##[group]Starting mongodb service container
2025-04-18T11:28:46.8494941Z ##[command]/usr/bin/docker pull mongo:6
2025-04-18T11:28:47.5076615Z 6: Pulling from library/mongo
2025-04-18T11:28:47.6448280Z 30a9c22ae099: Pulling fs layer
2025-04-18T11:28:47.6451382Z abd374245ca5: Pulling fs layer
2025-04-18T11:28:47.6452663Z dfcc52b2e041: Pulling fs layer
2025-04-18T11:28:47.6453902Z b058d84e1082: Pulling fs layer
2025-04-18T11:28:47.6456008Z e12a18eb1ecf: Pulling fs layer
2025-04-18T11:28:47.6456615Z 546622740404: Pulling fs layer
2025-04-18T11:28:47.6457200Z 80a51fc6e5dc: Pulling fs layer
2025-04-18T11:28:47.6457697Z f7d23c7569c8: Pulling fs layer
2025-04-18T11:28:47.6458387Z b058d84e1082: Waiting
2025-04-18T11:28:47.6458866Z e12a18eb1ecf: Waiting
2025-04-18T11:28:47.6459308Z 546622740404: Waiting
2025-04-18T11:28:47.6459763Z 80a51fc6e5dc: Waiting
2025-04-18T11:28:47.6460219Z f7d23c7569c8: Waiting
2025-04-18T11:28:47.8383809Z abd374245ca5: Verifying Checksum
2025-04-18T11:28:47.8385540Z abd374245ca5: Download complete
2025-04-18T11:28:47.8789800Z dfcc52b2e041: Verifying Checksum
2025-04-18T11:28:47.8794420Z dfcc52b2e041: Download complete
2025-04-18T11:28:48.0480035Z 30a9c22ae099: Verifying Checksum
2025-04-18T11:28:48.0482025Z 30a9c22ae099: Download complete
2025-04-18T11:28:48.0642491Z e12a18eb1ecf: Verifying Checksum
2025-04-18T11:28:48.0643835Z e12a18eb1ecf: Download complete
2025-04-18T11:28:48.0730765Z b058d84e1082: Verifying Checksum
2025-04-18T11:28:48.0739423Z b058d84e1082: Download complete
2025-04-18T11:28:48.2414638Z 546622740404: Verifying Checksum
2025-04-18T11:28:48.2416466Z 546622740404: Download complete
2025-04-18T11:28:48.2658807Z f7d23c7569c8: Verifying Checksum
2025-04-18T11:28:48.2666211Z f7d23c7569c8: Download complete
2025-04-18T11:28:49.4535191Z 80a51fc6e5dc: Verifying Checksum
2025-04-18T11:28:49.4538363Z 80a51fc6e5dc: Download complete
2025-04-18T11:28:49.5104370Z 30a9c22ae099: Pull complete
2025-04-18T11:28:50.8202645Z abd374245ca5: Pull complete
2025-04-18T11:28:50.9699293Z dfcc52b2e041: Pull complete
2025-04-18T11:28:51.0206825Z b058d84e1082: Pull complete
2025-04-18T11:28:51.0425602Z e12a18eb1ecf: Pull complete
2025-04-18T11:28:51.0556151Z 546622740404: Pull complete
2025-04-18T11:28:54.7214758Z 80a51fc6e5dc: Pull complete
2025-04-18T11:28:57.6736768Z f7d23c7569c8: Pull complete
2025-04-18T11:28:57.6777948Z Digest: sha256:5e5dd359de06dabbd2fb587e8ded7afe1dd8ecfff736323aadb5d29a4bd697aa
2025-04-18T11:28:57.6798754Z Status: Downloaded newer image for mongo:6
2025-04-18T11:28:57.6813763Z docker.io/library/mongo:6
2025-04-18T11:28:57.6856967Z ##[command]/usr/bin/docker create --name 4b07066624694ece800e2dca30984cad_mongo6_377133 --label dc162d --network github_network_b6849377318f4290a28404ff172b9365 --network-alias mongodb -p 27017:27017  -e GITHUB_ACTIONS=true -e CI=true mongo:6
2025-04-18T11:28:57.7180922Z 7122a3a0f86f278b904311a19d4c6f716c600bba68e8c5209e200350d5de7f74
2025-04-18T11:28:57.7206114Z ##[command]/usr/bin/docker start 7122a3a0f86f278b904311a19d4c6f716c600bba68e8c5209e200350d5de7f74
2025-04-18T11:28:58.0071509Z 7122a3a0f86f278b904311a19d4c6f716c600bba68e8c5209e200350d5de7f74
2025-04-18T11:28:58.0093890Z ##[command]/usr/bin/docker ps --all --filter id=7122a3a0f86f278b904311a19d4c6f716c600bba68e8c5209e200350d5de7f74 --filter status=running --no-trunc --format "{{.ID}} {{.Status}}"
2025-04-18T11:28:58.0269685Z 7122a3a0f86f278b904311a19d4c6f716c600bba68e8c5209e200350d5de7f74 Up Less than a second
2025-04-18T11:28:58.0287671Z ##[command]/usr/bin/docker port 7122a3a0f86f278b904311a19d4c6f716c600bba68e8c5209e200350d5de7f74
2025-04-18T11:28:58.0454371Z 27017/tcp -> 0.0.0.0:27017
2025-04-18T11:28:58.0455245Z 27017/tcp -> [::]:27017
2025-04-18T11:28:58.0522620Z ##[endgroup]
2025-04-18T11:28:58.0534105Z ##[group]Waiting for all services to be ready
2025-04-18T11:28:58.0554145Z ##[command]/usr/bin/docker inspect --format="{{if .Config.Healthcheck}}{{print .State.Health.Status}}{{end}}" 7122a3a0f86f278b904311a19d4c6f716c600bba68e8c5209e200350d5de7f74
2025-04-18T11:28:58.0797691Z mongodb service is healthy.
2025-04-18T11:28:58.0799972Z ##[endgroup]
2025-04-18T11:28:58.1115885Z ##[group]Run actions/checkout@v4
2025-04-18T11:28:58.1116710Z with:
2025-04-18T11:28:58.1117068Z   repository: mrkurger/date-night-app2
2025-04-18T11:28:58.1117748Z   token: ***
2025-04-18T11:28:58.1118073Z   ssh-strict: true
2025-04-18T11:28:58.1118657Z   ssh-user: git
2025-04-18T11:28:58.1119034Z   persist-credentials: true
2025-04-18T11:28:58.1119436Z   clean: true
2025-04-18T11:28:58.1119789Z   sparse-checkout-cone-mode: true
2025-04-18T11:28:58.1120228Z   fetch-depth: 1
2025-04-18T11:28:58.1120572Z   fetch-tags: false
2025-04-18T11:28:58.1120913Z   show-progress: true
2025-04-18T11:28:58.1121263Z   lfs: false
2025-04-18T11:28:58.1121573Z   submodules: false
2025-04-18T11:28:58.1121929Z   set-safe-directory: true
2025-04-18T11:28:58.1122588Z env:
2025-04-18T11:28:58.1122902Z   CI: true
2025-04-18T11:28:58.1123194Z ##[endgroup]
2025-04-18T11:28:58.3511678Z Syncing repository: mrkurger/date-night-app2
2025-04-18T11:28:58.3513483Z ##[group]Getting Git version info
2025-04-18T11:28:58.3514213Z Working directory is '/home/runner/work/date-night-app2/date-night-app2'
2025-04-18T11:28:58.3515148Z [command]/usr/bin/git version
2025-04-18T11:28:58.3582476Z git version 2.49.0
2025-04-18T11:28:58.3615078Z ##[endgroup]
2025-04-18T11:28:58.3629670Z Temporarily overriding HOME='/home/runner/work/_temp/731b247e-becf-4acc-8fc9-c4a11168e514' before making global git config changes
2025-04-18T11:28:58.3633013Z Adding repository directory to the temporary git global config as a safe directory
2025-04-18T11:28:58.3648448Z [command]/usr/bin/git config --global --add safe.directory /home/runner/work/date-night-app2/date-night-app2
2025-04-18T11:28:58.3689220Z Deleting the contents of '/home/runner/work/date-night-app2/date-night-app2'
2025-04-18T11:28:58.3693746Z ##[group]Initializing the repository
2025-04-18T11:28:58.3699453Z [command]/usr/bin/git init /home/runner/work/date-night-app2/date-night-app2
2025-04-18T11:28:58.3791357Z hint: Using 'master' as the name for the initial branch. This default branch name
2025-04-18T11:28:58.3793389Z hint: is subject to change. To configure the initial branch name to use in all
2025-04-18T11:28:58.3793939Z hint: of your new repositories, which will suppress this warning, call:
2025-04-18T11:28:58.3794270Z hint:
2025-04-18T11:28:58.3794560Z hint: 	git config --global init.defaultBranch <name>
2025-04-18T11:28:58.3794837Z hint:
2025-04-18T11:28:58.3795097Z hint: Names commonly chosen instead of 'master' are 'main', 'trunk' and
2025-04-18T11:28:58.3795636Z hint: 'development'. The just-created branch can be renamed via this command:
2025-04-18T11:28:58.3796257Z hint:
2025-04-18T11:28:58.3796569Z hint: 	git branch -m <name>
2025-04-18T11:28:58.3800304Z Initialized empty Git repository in /home/runner/work/date-night-app2/date-night-app2/.git/
2025-04-18T11:28:58.3814004Z [command]/usr/bin/git remote add origin https://github.com/mrkurger/date-night-app2
2025-04-18T11:28:58.3952703Z ##[endgroup]
2025-04-18T11:28:58.3957511Z ##[group]Disabling automatic garbage collection
2025-04-18T11:28:58.3959888Z [command]/usr/bin/git config --local gc.auto 0
2025-04-18T11:28:58.3967764Z ##[endgroup]
2025-04-18T11:28:58.3968590Z ##[group]Setting up auth
2025-04-18T11:28:58.3969183Z [command]/usr/bin/git config --local --name-only --get-regexp core\.sshCommand
2025-04-18T11:28:58.3971052Z [command]/usr/bin/git submodule foreach --recursive sh -c "git config --local --name-only --get-regexp 'core\.sshCommand' && git config --local --unset-all 'core.sshCommand' || :"
2025-04-18T11:28:58.4276269Z [command]/usr/bin/git config --local --name-only --get-regexp http\.https\:\/\/github\.com\/\.extraheader
2025-04-18T11:28:58.4311671Z [command]/usr/bin/git submodule foreach --recursive sh -c "git config --local --name-only --get-regexp 'http\.https\:\/\/github\.com\/\.extraheader' && git config --local --unset-all 'http.https://github.com/.extraheader' || :"
2025-04-18T11:28:58.4551697Z [command]/usr/bin/git config --local http.https://github.com/.extraheader AUTHORIZATION: basic ***
2025-04-18T11:28:58.4601563Z ##[endgroup]
2025-04-18T11:28:58.4603208Z ##[group]Fetching the repository
2025-04-18T11:28:58.4611356Z [command]/usr/bin/git -c protocol.version=2 fetch --no-tags --prune --no-recurse-submodules --depth=1 origin +73cf2cf50e7c80fa67752361ce1839ae7eee69b8:refs/remotes/origin/main
2025-04-18T11:29:01.3385139Z From https://github.com/mrkurger/date-night-app2
2025-04-18T11:29:01.3402623Z  * [new ref]         73cf2cf50e7c80fa67752361ce1839ae7eee69b8 -> origin/main
2025-04-18T11:29:01.3422034Z ##[endgroup]
2025-04-18T11:29:01.3423553Z ##[group]Determining the checkout info
2025-04-18T11:29:01.3425185Z ##[endgroup]
2025-04-18T11:29:01.3431214Z [command]/usr/bin/git sparse-checkout disable
2025-04-18T11:29:01.3475956Z [command]/usr/bin/git config --local --unset-all extensions.worktreeConfig
2025-04-18T11:29:01.3514097Z ##[group]Checking out the ref
2025-04-18T11:29:01.3519140Z [command]/usr/bin/git checkout --progress --force -B main refs/remotes/origin/main
2025-04-18T11:29:01.8967551Z Switched to a new branch 'main'
2025-04-18T11:29:01.8971052Z branch 'main' set up to track 'origin/main'.
2025-04-18T11:29:01.8996114Z ##[endgroup]
2025-04-18T11:29:01.9037356Z [command]/usr/bin/git log -1 --format=%H
2025-04-18T11:29:01.9062523Z 73cf2cf50e7c80fa67752361ce1839ae7eee69b8
2025-04-18T11:29:01.9286580Z ##[group]Run actions/setup-node@v4
2025-04-18T11:29:01.9286838Z with:
2025-04-18T11:29:01.9287008Z   node-version: 22.x
2025-04-18T11:29:01.9287186Z   cache: npm
2025-04-18T11:29:01.9287415Z   cache-dependency-path: server/package-lock.json
2025-04-18T11:29:01.9287685Z   always-auth: false
2025-04-18T11:29:01.9287866Z   check-latest: false
2025-04-18T11:29:01.9288416Z   token: ***
2025-04-18T11:29:01.9288585Z env:
2025-04-18T11:29:01.9288734Z   CI: true
2025-04-18T11:29:01.9288883Z ##[endgroup]
2025-04-18T11:29:02.1031673Z Found in cache @ /opt/hostedtoolcache/node/22.14.0/x64
2025-04-18T11:29:02.1038761Z ##[group]Environment details
2025-04-18T11:29:02.5273639Z node: v22.14.0
2025-04-18T11:29:02.5278393Z npm: 10.9.2
2025-04-18T11:29:02.5279837Z yarn: 1.22.22
2025-04-18T11:29:02.5282048Z ##[endgroup]
2025-04-18T11:29:02.5314197Z [command]/opt/hostedtoolcache/node/22.14.0/x64/bin/npm config get cache
2025-04-18T11:29:02.6506306Z /home/runner/.npm
2025-04-18T11:29:02.8340442Z Cache hit for: node-cache-Linux-x64-npm-eb74dc554d17640d6b2005eb2c3c9590e65262bd6e2b7add98bfd17307b4cd7c
2025-04-18T11:29:03.7250370Z Received 35603115 of 35603115 (100.0%), 47.4 MBs/sec
2025-04-18T11:29:03.7251426Z Cache Size: ~34 MB (35603115 B)
2025-04-18T11:29:03.7287115Z [command]/usr/bin/tar -xf /home/runner/work/_temp/42f38403-4706-4101-a3da-aeedce34e064/cache.tzst -P -C /home/runner/work/date-night-app2/date-night-app2 --use-compress-program unzstd
2025-04-18T11:29:03.9981055Z Cache restored successfully
2025-04-18T11:29:04.0065513Z Cache restored from key: node-cache-Linux-x64-npm-eb74dc554d17640d6b2005eb2c3c9590e65262bd6e2b7add98bfd17307b4cd7c
2025-04-18T11:29:04.0232305Z ##[group]Run npm ci
2025-04-18T11:29:04.0232584Z [36;1mnpm ci[0m
2025-04-18T11:29:04.0288703Z shell: /usr/bin/bash -e {0}
2025-04-18T11:29:04.0288937Z env:
2025-04-18T11:29:04.0289097Z   CI: true
2025-04-18T11:29:04.0289263Z ##[endgroup]
2025-04-18T11:29:07.5656874Z npm warn deprecated npmlog@5.0.1: This package is no longer supported.
2025-04-18T11:29:07.6880365Z npm warn deprecated xss-clean@0.1.4: Package no longer supported. Contact Support at https://www.npmjs.com/support for more info.
2025-04-18T11:29:07.6934850Z npm warn deprecated passport-reddit@1.1.0: While functionally complete, this library will not be receiving any updates going forwards. Users are actively discouraged from using OAuth2 for authentication. See archival notice on github for more details.
2025-04-18T11:29:07.7419492Z npm warn deprecated rimraf@3.0.2: Rimraf versions prior to v4 are no longer supported
2025-04-18T11:29:07.8858731Z npm warn deprecated are-we-there-yet@2.0.0: This package is no longer supported.
2025-04-18T11:29:08.4090289Z npm warn deprecated gauge@3.0.2: This package is no longer supported.
2025-04-18T11:29:08.6527428Z npm warn deprecated @humanwhocodes/config-array@0.11.14: Use @eslint/config-array instead
2025-04-18T11:29:08.6605130Z npm warn deprecated @humanwhocodes/object-schema@2.0.3: Use @eslint/object-schema instead
2025-04-18T11:29:08.8842447Z npm warn deprecated superagent@8.1.2: Please upgrade to v9.0.0+ as we have fixed a public vulnerability with formidable dependency. Note that v9.0.0+ requires Node.js v14.18.0+. See https://github.com/ladjs/superagent/pull/1800 for insight. This project is supported and maintained by the team at Forward Email @ https://forwardemail.net
2025-04-18T11:29:09.8744240Z npm warn deprecated eslint@8.56.0: This version is no longer supported. Please see https://eslint.org/version-support for other options.
2025-04-18T11:29:14.3249113Z 
2025-04-18T11:29:14.3249795Z > date-night-app@1.0.0 preinstall
2025-04-18T11:29:14.3250558Z > node scripts/disable-husky-in-ci.js
2025-04-18T11:29:14.3250870Z 
2025-04-18T11:29:14.3636451Z .huskyrc file created to disable husky in CI environments
2025-04-18T11:29:14.3649074Z .huskyrc file made executable
2025-04-18T11:29:14.3697665Z 
2025-04-18T11:29:14.3697999Z > date-night-app@1.0.0 prepare
2025-04-18T11:29:14.3698666Z > [ -n "$CI" ] || husky
2025-04-18T11:29:14.3698879Z 
2025-04-18T11:29:14.4104112Z 
2025-04-18T11:29:14.4105131Z added 830 packages, and audited 832 packages in 10s
2025-04-18T11:29:14.4106201Z 
2025-04-18T11:29:14.4106753Z 177 packages are looking for funding
2025-04-18T11:29:14.4107645Z   run `npm fund` for details
2025-04-18T11:29:14.4124667Z 
2025-04-18T11:29:14.4124917Z found 0 vulnerabilities
2025-04-18T11:29:14.5121866Z ##[group]Run npm test
2025-04-18T11:29:14.5122237Z [36;1mnpm test[0m
2025-04-18T11:29:14.5186865Z shell: /usr/bin/bash -e {0}
2025-04-18T11:29:14.5187212Z env:
2025-04-18T11:29:14.5187474Z   CI: true
2025-04-18T11:29:14.5187727Z   NODE_ENV: test
2025-04-18T11:29:14.5188556Z   MONGODB_URI: mongodb://localhost:27017/date-night-test
2025-04-18T11:29:14.5189090Z ##[endgroup]
2025-04-18T11:29:14.7159027Z 
2025-04-18T11:29:14.7159614Z > date-night-server@1.0.0 test
2025-04-18T11:29:14.7160106Z > jest
2025-04-18T11:29:14.7160290Z 
2025-04-18T11:29:17.6165463Z PASS tests/unit/services/wallet.service.test.js
2025-04-18T11:29:17.7648558Z   ● Console
2025-04-18T11:29:17.7648772Z 
2025-04-18T11:29:17.7648916Z     console.error
2025-04-18T11:29:17.7649449Z       Error getting or creating wallet: AppError: User not found
2025-04-18T11:29:17.7650692Z           at WalletService.getOrCreateWallet (/home/runner/work/date-night-app2/date-night-app2/server/services/wallet.service.js:50:15)
2025-04-18T11:29:17.7652525Z           at Object.<anonymous> (/home/runner/work/date-night-app2/date-night-app2/server/tests/unit/services/wallet.service.test.js:269:7) {
2025-04-18T11:29:17.7653589Z         statusCode: 404,
2025-04-18T11:29:17.7653921Z         status: 'fail',
2025-04-18T11:29:17.7654264Z         isOperational: true
2025-04-18T11:29:17.7654638Z       }
2025-04-18T11:29:17.7654809Z 
2025-04-18T11:29:17.7655274Z     [0m [90m 75 |[39m       [36mreturn[39m wallet[33m;[39m
2025-04-18T11:29:17.7656107Z      [90m 76 |[39m     } [36mcatch[39m (error) {
2025-04-18T11:29:17.7657225Z     [31m[1m>[22m[39m[90m 77 |[39m       console[33m.[39merror([32m'Error getting or creating wallet:'[39m[33m,[39m error)[33m;[39m
2025-04-18T11:29:17.7658452Z      [90m    |[39m               [31m[1m^[22m[39m
2025-04-18T11:29:17.7659102Z      [90m 78 |[39m       [36mthrow[39m error[33m;[39m
2025-04-18T11:29:17.7659636Z      [90m 79 |[39m     }
2025-04-18T11:29:17.7660067Z      [90m 80 |[39m   }[0m
2025-04-18T11:29:17.7660315Z 
2025-04-18T11:29:17.7660761Z       at WalletService.error [as getOrCreateWallet] (services/wallet.service.js:77:15)
2025-04-18T11:29:17.7661730Z       at Object.<anonymous> (tests/unit/services/wallet.service.test.js:269:7)
2025-04-18T11:29:17.7662675Z 
2025-04-18T11:29:17.7662822Z     console.error
2025-04-18T11:29:17.7663413Z       Error adding payment method: AppError: Payment method type is required
2025-04-18T11:29:17.7664714Z           at WalletService.addPaymentMethod (/home/runner/work/date-night-app2/date-night-app2/server/services/wallet.service.js:253:15)
2025-04-18T11:29:17.7666407Z           at Object.<anonymous> (/home/runner/work/date-night-app2/date-night-app2/server/tests/unit/services/wallet.service.test.js:497:7) {
2025-04-18T11:29:17.7667420Z         statusCode: 400,
2025-04-18T11:29:17.7667762Z         status: 'fail',
2025-04-18T11:29:17.7708410Z         isOperational: true
2025-04-18T11:29:17.7708887Z       }
2025-04-18T11:29:17.7709060Z 
2025-04-18T11:29:17.7710173Z     [0m [90m 295 |[39m       [36mreturn[39m wallet[33m.[39mpaymentMethods[wallet[33m.[39mpaymentMethods[33m.[39mlength [33m-[39m [35m1[39m][33m;[39m
2025-04-18T11:29:17.7711364Z      [90m 296 |[39m     } [36mcatch[39m (error) {
2025-04-18T11:29:17.7712503Z     [31m[1m>[22m[39m[90m 297 |[39m       console[33m.[39merror([32m'Error adding payment method:'[39m[33m,[39m error)[33m;[39m
2025-04-18T11:29:17.7713631Z      [90m     |[39m               [31m[1m^[22m[39m
2025-04-18T11:29:17.7714339Z      [90m 298 |[39m       [36mthrow[39m error[33m;[39m
2025-04-18T11:29:17.7714939Z      [90m 299 |[39m     }
2025-04-18T11:29:17.7715416Z      [90m 300 |[39m   }[0m
2025-04-18T11:29:17.7715668Z 
2025-04-18T11:29:17.7716166Z       at WalletService.error [as addPaymentMethod] (services/wallet.service.js:297:15)
2025-04-18T11:29:17.7717195Z       at Object.<anonymous> (tests/unit/services/wallet.service.test.js:497:7)
2025-04-18T11:29:17.7717714Z 
2025-04-18T11:29:17.7718503Z     console.error
2025-04-18T11:29:17.7719167Z       Error adding payment method: AppError: Payment method provider is required
2025-04-18T11:29:17.7720366Z           at WalletService.addPaymentMethod (/home/runner/work/date-night-app2/date-night-app2/server/services/wallet.service.js:257:15)
2025-04-18T11:29:17.7721756Z           at Object.<anonymous> (/home/runner/work/date-night-app2/date-night-app2/server/tests/unit/services/wallet.service.test.js:518:7) {
2025-04-18T11:29:17.7722712Z         statusCode: 400,
2025-04-18T11:29:17.7723065Z         status: 'fail',
2025-04-18T11:29:17.7723397Z         isOperational: true
2025-04-18T11:29:17.7723746Z       }
2025-04-18T11:29:17.7723911Z 
2025-04-18T11:29:17.7724942Z     [0m [90m 295 |[39m       [36mreturn[39m wallet[33m.[39mpaymentMethods[wallet[33m.[39mpaymentMethods[33m.[39mlength [33m-[39m [35m1[39m][33m;[39m
2025-04-18T11:29:17.7726024Z      [90m 296 |[39m     } [36mcatch[39m (error) {
2025-04-18T11:29:17.7727158Z     [31m[1m>[22m[39m[90m 297 |[39m       console[33m.[39merror([32m'Error adding payment method:'[39m[33m,[39m error)[33m;[39m
2025-04-18T11:29:17.7762177Z      [90m     |[39m               [31m[1m^[22m[39m
2025-04-18T11:29:17.7763039Z      [90m 298 |[39m       [36mthrow[39m error[33m;[39m
2025-04-18T11:29:17.7763766Z      [90m 299 |[39m     }
2025-04-18T11:29:17.7764248Z      [90m 300 |[39m   }[0m
2025-04-18T11:29:17.7764515Z 
2025-04-18T11:29:17.7765050Z       at WalletService.error [as addPaymentMethod] (services/wallet.service.js:297:15)
2025-04-18T11:29:17.7766082Z       at Object.<anonymous> (tests/unit/services/wallet.service.test.js:518:7)
2025-04-18T11:29:17.7766602Z 
2025-04-18T11:29:17.7766760Z     console.error
2025-04-18T11:29:17.7767369Z       Error adding payment method: AppError: Card details are required
2025-04-18T11:29:17.7769088Z           at WalletService.addPaymentMethod (/home/runner/work/date-night-app2/date-night-app2/server/services/wallet.service.js:264:19)
2025-04-18T11:29:17.7770882Z           at Object.<anonymous> (/home/runner/work/date-night-app2/date-night-app2/server/tests/unit/services/wallet.service.test.js:533:7) {
2025-04-18T11:29:17.7772124Z         statusCode: 400,
2025-04-18T11:29:17.7772511Z         status: 'fail',
2025-04-18T11:29:17.7772885Z         isOperational: true
2025-04-18T11:29:17.7773270Z       }
2025-04-18T11:29:17.7773438Z 
2025-04-18T11:29:17.7774603Z     [0m [90m 295 |[39m       [36mreturn[39m wallet[33m.[39mpaymentMethods[wallet[33m.[39mpaymentMethods[33m.[39mlength [33m-[39m [35m1[39m][33m;[39m
2025-04-18T11:29:17.7775853Z      [90m 296 |[39m     } [36mcatch[39m (error) {
2025-04-18T11:29:17.7777047Z     [31m[1m>[22m[39m[90m 297 |[39m       console[33m.[39merror([32m'Error adding payment method:'[39m[33m,[39m error)[33m;[39m
2025-04-18T11:29:17.7808495Z      [90m     |[39m               [31m[1m^[22m[39m
2025-04-18T11:29:17.7809477Z      [90m 298 |[39m       [36mthrow[39m error[33m;[39m
2025-04-18T11:29:17.7810165Z      [90m 299 |[39m     }
2025-04-18T11:29:17.7810650Z      [90m 300 |[39m   }[0m
2025-04-18T11:29:17.7810902Z 
2025-04-18T11:29:17.7811425Z       at WalletService.error [as addPaymentMethod] (services/wallet.service.js:297:15)
2025-04-18T11:29:17.7812460Z       at Object.<anonymous> (tests/unit/services/wallet.service.test.js:533:7)
2025-04-18T11:29:17.7822888Z 
2025-04-18T11:29:17.7823066Z     console.error
2025-04-18T11:29:17.7823745Z       Error adding payment method: AppError: Bank account details are required
2025-04-18T11:29:17.7825377Z           at WalletService.addPaymentMethod (/home/runner/work/date-night-app2/date-night-app2/server/services/wallet.service.js:270:19)
2025-04-18T11:29:17.7827252Z           at Object.<anonymous> (/home/runner/work/date-night-app2/date-night-app2/server/tests/unit/services/wallet.service.test.js:548:7) {
2025-04-18T11:29:17.7848453Z         statusCode: 400,
2025-04-18T11:29:17.7848895Z         status: 'fail',
2025-04-18T11:29:17.7849566Z         isOperational: true
2025-04-18T11:29:17.7849995Z       }
2025-04-18T11:29:17.7850169Z 
2025-04-18T11:29:17.7851299Z     [0m [90m 295 |[39m       [36mreturn[39m wallet[33m.[39mpaymentMethods[wallet[33m.[39mpaymentMethods[33m.[39mlength [33m-[39m [35m1[39m][33m;[39m
2025-04-18T11:29:17.7852561Z      [90m 296 |[39m     } [36mcatch[39m (error) {
2025-04-18T11:29:17.7853744Z     [31m[1m>[22m[39m[90m 297 |[39m       console[33m.[39merror([32m'Error adding payment method:'[39m[33m,[39m error)[33m;[39m
2025-04-18T11:29:17.7854771Z      [90m     |[39m               [31m[1m^[22m[39m
2025-04-18T11:29:17.7855487Z      [90m 298 |[39m       [36mthrow[39m error[33m;[39m
2025-04-18T11:29:17.7856062Z      [90m 299 |[39m     }
2025-04-18T11:29:17.7856513Z      [90m 300 |[39m   }[0m
2025-04-18T11:29:17.7856770Z 
2025-04-18T11:29:17.7857268Z       at WalletService.error [as addPaymentMethod] (services/wallet.service.js:297:15)
2025-04-18T11:29:17.7863605Z       at Object.<anonymous> (tests/unit/services/wallet.service.test.js:548:7)
2025-04-18T11:29:17.7864158Z 
2025-04-18T11:29:17.7864312Z     console.error
2025-04-18T11:29:17.7864986Z       Error adding payment method: AppError: Crypto address details are required
2025-04-18T11:29:17.7866385Z           at WalletService.addPaymentMethod (/home/runner/work/date-night-app2/date-night-app2/server/services/wallet.service.js:276:19)
2025-04-18T11:29:17.7868340Z           at Object.<anonymous> (/home/runner/work/date-night-app2/date-night-app2/server/tests/unit/services/wallet.service.test.js:563:7) {
2025-04-18T11:29:17.7869398Z         statusCode: 400,
2025-04-18T11:29:17.7869796Z         status: 'fail',
2025-04-18T11:29:17.7870181Z         isOperational: true
2025-04-18T11:29:17.7870569Z       }
2025-04-18T11:29:17.7870743Z 
2025-04-18T11:29:17.7871902Z     [0m [90m 295 |[39m       [36mreturn[39m wallet[33m.[39mpaymentMethods[wallet[33m.[39mpaymentMethods[33m.[39mlength [33m-[39m [35m1[39m][33m;[39m
2025-04-18T11:29:17.7873124Z      [90m 296 |[39m     } [36mcatch[39m (error) {
2025-04-18T11:29:17.7874354Z     [31m[1m>[22m[39m[90m 297 |[39m       console[33m.[39merror([32m'Error adding payment method:'[39m[33m,[39m error)[33m;[39m
2025-04-18T11:29:17.7876083Z      [90m     |[39m               [31m[1m^[22m[39m
2025-04-18T11:29:17.7876792Z      [90m 298 |[39m       [36mthrow[39m error[33m;[39m
2025-04-18T11:29:17.7877372Z      [90m 299 |[39m     }
2025-04-18T11:29:17.7877812Z      [90m 300 |[39m   }[0m
2025-04-18T11:29:17.7878057Z 
2025-04-18T11:29:17.7878739Z       at WalletService.error [as addPaymentMethod] (services/wallet.service.js:297:15)
2025-04-18T11:29:17.7879768Z       at Object.<anonymous> (tests/unit/services/wallet.service.test.js:563:7)
2025-04-18T11:29:17.7880260Z 
2025-04-18T11:29:17.7880418Z     console.error
2025-04-18T11:29:17.7881114Z       Error adding payment method: AppError: Unsupported cryptocurrency: UNSUPPORTED
2025-04-18T11:29:17.7882530Z           at WalletService.addPaymentMethod (/home/runner/work/date-night-app2/date-night-app2/server/services/wallet.service.js:280:19)
2025-04-18T11:29:17.7884312Z           at Object.<anonymous> (/home/runner/work/date-night-app2/date-night-app2/server/tests/unit/services/wallet.service.test.js:583:7) {
2025-04-18T11:29:17.7885360Z         statusCode: 400,
2025-04-18T11:29:17.7885730Z         status: 'fail',
2025-04-18T11:29:17.7886103Z         isOperational: true
2025-04-18T11:29:17.7886460Z       }
2025-04-18T11:29:17.7886639Z 
2025-04-18T11:29:17.7887777Z     [0m [90m 295 |[39m       [36mreturn[39m wallet[33m.[39mpaymentMethods[wallet[33m.[39mpaymentMethods[33m.[39mlength [33m-[39m [35m1[39m][33m;[39m
2025-04-18T11:29:17.7909332Z      [90m 296 |[39m     } [36mcatch[39m (error) {
2025-04-18T11:29:17.7910518Z     [31m[1m>[22m[39m[90m 297 |[39m       console[33m.[39merror([32m'Error adding payment method:'[39m[33m,[39m error)[33m;[39m
2025-04-18T11:29:17.7911783Z      [90m     |[39m               [31m[1m^[22m[39m
2025-04-18T11:29:17.7912530Z      [90m 298 |[39m       [36mthrow[39m error[33m;[39m
2025-04-18T11:29:17.7913069Z      [90m 299 |[39m     }
2025-04-18T11:29:17.7913546Z      [90m 300 |[39m   }[0m
2025-04-18T11:29:17.7913803Z 
2025-04-18T11:29:17.7914319Z       at WalletService.error [as addPaymentMethod] (services/wallet.service.js:297:15)
2025-04-18T11:29:17.7915342Z       at Object.<anonymous> (tests/unit/services/wallet.service.test.js:583:7)
2025-04-18T11:29:17.7915874Z 
2025-04-18T11:29:17.7916035Z     console.error
2025-04-18T11:29:17.7916732Z       Error adding payment method: AppError: Unsupported payment method type: unsupported
2025-04-18T11:29:17.7918393Z           at WalletService.addPaymentMethod (/home/runner/work/date-night-app2/date-night-app2/server/services/wallet.service.js:288:17)
2025-04-18T11:29:17.7920184Z           at Object.<anonymous> (/home/runner/work/date-night-app2/date-night-app2/server/tests/unit/services/wallet.service.test.js:598:7) {
2025-04-18T11:29:17.7921255Z         statusCode: 400,
2025-04-18T11:29:17.7921658Z         status: 'fail',
2025-04-18T11:29:17.7921966Z         isOperational: true
2025-04-18T11:29:17.7922321Z       }
2025-04-18T11:29:17.7922489Z 
2025-04-18T11:29:17.7923626Z     [0m [90m 295 |[39m       [36mreturn[39m wallet[33m.[39mpaymentMethods[wallet[33m.[39mpaymentMethods[33m.[39mlength [33m-[39m [35m1[39m][33m;[39m
2025-04-18T11:29:17.7924876Z      [90m 296 |[39m     } [36mcatch[39m (error) {
2025-04-18T11:29:17.7926124Z     [31m[1m>[22m[39m[90m 297 |[39m       console[33m.[39merror([32m'Error adding payment method:'[39m[33m,[39m error)[33m;[39m
2025-04-18T11:29:17.7927110Z      [90m     |[39m               [31m[1m^[22m[39m
2025-04-18T11:29:17.7927818Z      [90m 298 |[39m       [36mthrow[39m error[33m;[39m
2025-04-18T11:29:17.7948733Z      [90m 299 |[39m     }
2025-04-18T11:29:17.7949240Z      [90m 300 |[39m   }[0m
2025-04-18T11:29:17.7949502Z 
2025-04-18T11:29:17.7950036Z       at WalletService.error [as addPaymentMethod] (services/wallet.service.js:297:15)
2025-04-18T11:29:17.7951054Z       at Object.<anonymous> (tests/unit/services/wallet.service.test.js:598:7)
2025-04-18T11:29:17.7951901Z 
2025-04-18T11:29:17.7952057Z     console.error
2025-04-18T11:29:17.7952682Z       Error removing payment method: AppError: Payment method not found
2025-04-18T11:29:17.7954101Z           at WalletService.removePaymentMethod (/home/runner/work/date-night-app2/date-night-app2/server/services/wallet.service.js:316:15)
2025-04-18T11:29:17.7955949Z           at Object.<anonymous> (/home/runner/work/date-night-app2/date-night-app2/server/tests/unit/services/wallet.service.test.js:622:7) {
2025-04-18T11:29:17.7957018Z         statusCode: 404,
2025-04-18T11:29:17.7957403Z         status: 'fail',
2025-04-18T11:29:17.7957791Z         isOperational: true
2025-04-18T11:29:17.7958374Z       }
2025-04-18T11:29:17.7958550Z 
2025-04-18T11:29:17.7959062Z     [0m [90m 322 |[39m       [36mreturn[39m [36mtrue[39m[33m;[39m
2025-04-18T11:29:17.7959835Z      [90m 323 |[39m     } [36mcatch[39m (error) {
2025-04-18T11:29:17.7961090Z     [31m[1m>[22m[39m[90m 324 |[39m       console[33m.[39merror([32m'Error removing payment method:'[39m[33m,[39m error)[33m;[39m
2025-04-18T11:29:17.7962192Z      [90m     |[39m               [31m[1m^[22m[39m
2025-04-18T11:29:17.7962921Z      [90m 325 |[39m       [36mthrow[39m error[33m;[39m
2025-04-18T11:29:17.7963502Z      [90m 326 |[39m     }
2025-04-18T11:29:17.7963964Z      [90m 327 |[39m   }[0m
2025-04-18T11:29:17.7964227Z 
2025-04-18T11:29:17.7964733Z       at WalletService.error [as removePaymentMethod] (services/wallet.service.js:324:15)
2025-04-18T11:29:17.7965770Z       at Object.<anonymous> (tests/unit/services/wallet.service.test.js:622:7)
2025-04-18T11:29:17.7966293Z 
2025-04-18T11:29:17.7966438Z     console.error
2025-04-18T11:29:17.7967322Z       Error setting default payment method: AppError: Payment method not found
2025-04-18T11:29:17.7989170Z           at WalletService.setDefaultPaymentMethod (/home/runner/work/date-night-app2/date-night-app2/server/services/wallet.service.js:343:15)
2025-04-18T11:29:17.7991061Z           at Object.<anonymous> (/home/runner/work/date-night-app2/date-night-app2/server/tests/unit/services/wallet.service.test.js:649:7) {
2025-04-18T11:29:17.7992085Z         statusCode: 404,
2025-04-18T11:29:17.7992471Z         status: 'fail',
2025-04-18T11:29:17.7992837Z         isOperational: true
2025-04-18T11:29:17.7993192Z       }
2025-04-18T11:29:17.7993335Z 
2025-04-18T11:29:17.7994162Z     [0m [90m 349 |[39m       [36mreturn[39m wallet[33m.[39mpaymentMethods[33m.[39mid(paymentMethodId)[33m;[39m
2025-04-18T11:29:17.7995153Z      [90m 350 |[39m     } [36mcatch[39m (error) {
2025-04-18T11:29:17.7996443Z     [31m[1m>[22m[39m[90m 351 |[39m       console[33m.[39merror([32m'Error setting default payment method:'[39m[33m,[39m error)[33m;[39m
2025-04-18T11:29:17.7997591Z      [90m     |[39m               [31m[1m^[22m[39m
2025-04-18T11:29:17.7998523Z      [90m 352 |[39m       [36mthrow[39m error[33m;[39m
2025-04-18T11:29:17.7999072Z      [90m 353 |[39m     }
2025-04-18T11:29:17.7999546Z      [90m 354 |[39m   }[0m
2025-04-18T11:29:17.7999797Z 
2025-04-18T11:29:17.8000351Z       at WalletService.error [as setDefaultPaymentMethod] (services/wallet.service.js:351:15)
2025-04-18T11:29:17.8001422Z       at Object.<anonymous> (tests/unit/services/wallet.service.test.js:649:7)
2025-04-18T11:29:17.8001934Z 
2025-04-18T11:29:17.8002102Z     console.error
2025-04-18T11:29:17.8002734Z       Error depositing funds with Stripe: AppError: Valid amount is required
2025-04-18T11:29:17.8004182Z           at WalletService.depositFundsWithStripe (/home/runner/work/date-night-app2/date-night-app2/server/services/wallet.service.js:375:15)
2025-04-18T11:29:17.8006182Z           at Object.depositFundsWithStripe (/home/runner/work/date-night-app2/date-night-app2/server/tests/unit/services/wallet.service.test.js:703:23)
2025-04-18T11:29:17.8008026Z           at Promise.then.completed (/home/runner/work/date-night-app2/date-night-app2/node_modules/jest-circus/build/utils.js:298:28)
2025-04-18T11:29:17.8029705Z           at new Promise (<anonymous>)
2025-04-18T11:29:17.8030840Z           at callAsyncCircusFn (/home/runner/work/date-night-app2/date-night-app2/node_modules/jest-circus/build/utils.js:231:10)
2025-04-18T11:29:17.8032433Z           at _callCircusTest (/home/runner/work/date-night-app2/date-night-app2/node_modules/jest-circus/build/run.js:316:40)
2025-04-18T11:29:17.8033913Z           at _runTest (/home/runner/work/date-night-app2/date-night-app2/node_modules/jest-circus/build/run.js:252:3)
2025-04-18T11:29:17.8035490Z           at _runTestsForDescribeBlock (/home/runner/work/date-night-app2/date-night-app2/node_modules/jest-circus/build/run.js:126:9)
2025-04-18T11:29:17.8037211Z           at _runTestsForDescribeBlock (/home/runner/work/date-night-app2/date-night-app2/node_modules/jest-circus/build/run.js:121:9)
2025-04-18T11:29:17.8039097Z           at _runTestsForDescribeBlock (/home/runner/work/date-night-app2/date-night-app2/node_modules/jest-circus/build/run.js:121:9)
2025-04-18T11:29:17.8040614Z           at run (/home/runner/work/date-night-app2/date-night-app2/node_modules/jest-circus/build/run.js:71:3)
2025-04-18T11:29:17.8042523Z           at runAndTransformResultsToJestFormat (/home/runner/work/date-night-app2/date-night-app2/node_modules/jest-circus/build/legacy-code-todo-rewrite/jestAdapterInit.js:122:21)
2025-04-18T11:29:17.8044717Z           at jestAdapter (/home/runner/work/date-night-app2/date-night-app2/node_modules/jest-circus/build/legacy-code-todo-rewrite/jestAdapter.js:79:19)
2025-04-18T11:29:17.8046394Z           at runTestInternal (/home/runner/work/date-night-app2/date-night-app2/node_modules/jest-runner/build/runTest.js:367:16)
2025-04-18T11:29:17.8068475Z           at runTest (/home/runner/work/date-night-app2/date-night-app2/node_modules/jest-runner/build/runTest.js:444:34) {
2025-04-18T11:29:17.8069527Z         statusCode: 400,
2025-04-18T11:29:17.8069912Z         status: 'fail',
2025-04-18T11:29:17.8070285Z         isOperational: true
2025-04-18T11:29:17.8070664Z       }
2025-04-18T11:29:17.8070888Z 
2025-04-18T11:29:17.8071305Z     [0m [90m 437 |[39m       }[33m;[39m
2025-04-18T11:29:17.8071958Z      [90m 438 |[39m     } [36mcatch[39m (error) {
2025-04-18T11:29:17.8073225Z     [31m[1m>[22m[39m[90m 439 |[39m       console[33m.[39merror([32m'Error depositing funds with Stripe:'[39m[33m,[39m error)[33m;[39m
2025-04-18T11:29:17.8074267Z      [90m     |[39m               [31m[1m^[22m[39m
2025-04-18T11:29:17.8074933Z      [90m 440 |[39m       [36mthrow[39m error[33m;[39m
2025-04-18T11:29:17.8075459Z      [90m 441 |[39m     }
2025-04-18T11:29:17.8075877Z      [90m 442 |[39m   }[0m
2025-04-18T11:29:17.8076122Z 
2025-04-18T11:29:17.8076645Z       at WalletService.error [as depositFundsWithStripe] (services/wallet.service.js:439:15)
2025-04-18T11:29:17.8077753Z       at Object.depositFundsWithStripe (tests/unit/services/wallet.service.test.js:703:23)
2025-04-18T11:29:17.8078544Z 
2025-04-18T11:29:17.8078692Z     console.error
2025-04-18T11:29:17.8079358Z       Error depositing funds with Stripe: AppError: Unsupported currency: UNSUPPORTED
2025-04-18T11:29:17.8080832Z           at WalletService.depositFundsWithStripe (/home/runner/work/date-night-app2/date-night-app2/server/services/wallet.service.js:379:15)
2025-04-18T11:29:17.8082653Z           at Object.depositFundsWithStripe (/home/runner/work/date-night-app2/date-night-app2/server/tests/unit/services/wallet.service.test.js:709:23)
2025-04-18T11:29:17.8084425Z           at Promise.then.completed (/home/runner/work/date-night-app2/date-night-app2/node_modules/jest-circus/build/utils.js:298:28)
2025-04-18T11:29:17.8085447Z           at new Promise (<anonymous>)
2025-04-18T11:29:17.8086534Z           at callAsyncCircusFn (/home/runner/work/date-night-app2/date-night-app2/node_modules/jest-circus/build/utils.js:231:10)
2025-04-18T11:29:17.8088045Z           at _callCircusTest (/home/runner/work/date-night-app2/date-night-app2/node_modules/jest-circus/build/run.js:316:40)
2025-04-18T11:29:17.8150271Z           at _runTest (/home/runner/work/date-night-app2/date-night-app2/node_modules/jest-circus/build/run.js:252:3)
2025-04-18T11:29:17.8151856Z           at _runTestsForDescribeBlock (/home/runner/work/date-night-app2/date-night-app2/node_modules/jest-circus/build/run.js:126:9)
2025-04-18T11:29:17.8153544Z           at _runTestsForDescribeBlock (/home/runner/work/date-night-app2/date-night-app2/node_modules/jest-circus/build/run.js:121:9)
2025-04-18T11:29:17.8155191Z           at _runTestsForDescribeBlock (/home/runner/work/date-night-app2/date-night-app2/node_modules/jest-circus/build/run.js:121:9)
2025-04-18T11:29:17.8156664Z           at run (/home/runner/work/date-night-app2/date-night-app2/node_modules/jest-circus/build/run.js:71:3)
2025-04-18T11:29:17.8158784Z           at runAndTransformResultsToJestFormat (/home/runner/work/date-night-app2/date-night-app2/node_modules/jest-circus/build/legacy-code-todo-rewrite/jestAdapterInit.js:122:21)
2025-04-18T11:29:17.8161012Z           at jestAdapter (/home/runner/work/date-night-app2/date-night-app2/node_modules/jest-circus/build/legacy-code-todo-rewrite/jestAdapter.js:79:19)
2025-04-18T11:29:17.8162801Z           at runTestInternal (/home/runner/work/date-night-app2/date-night-app2/node_modules/jest-runner/build/runTest.js:367:16)
2025-04-18T11:29:17.8164368Z           at runTest (/home/runner/work/date-night-app2/date-night-app2/node_modules/jest-runner/build/runTest.js:444:34) {
2025-04-18T11:29:17.8165261Z         statusCode: 400,
2025-04-18T11:29:17.8165631Z         status: 'fail',
2025-04-18T11:29:17.8165992Z         isOperational: true
2025-04-18T11:29:17.8166359Z       }
2025-04-18T11:29:17.8166527Z 
2025-04-18T11:29:17.8166906Z     [0m [90m 437 |[39m       }[33m;[39m
2025-04-18T11:29:17.8167814Z      [90m 438 |[39m     } [36mcatch[39m (error) {
2025-04-18T11:29:17.8229488Z     [31m[1m>[22m[39m[90m 439 |[39m       console[33m.[39merror([32m'Error depositing funds with Stripe:'[39m[33m,[39m error)[33m;[39m
2025-04-18T11:29:17.8230598Z      [90m     |[39m               [31m[1m^[22m[39m
2025-04-18T11:29:17.8231293Z      [90m 440 |[39m       [36mthrow[39m error[33m;[39m
2025-04-18T11:29:17.8231839Z      [90m 441 |[39m     }
2025-04-18T11:29:17.8232285Z      [90m 442 |[39m   }[0m
2025-04-18T11:29:17.8232544Z 
2025-04-18T11:29:17.8233077Z       at WalletService.error [as depositFundsWithStripe] (services/wallet.service.js:439:15)
2025-04-18T11:29:17.8234201Z       at Object.depositFundsWithStripe (tests/unit/services/wallet.service.test.js:709:23)
2025-04-18T11:29:17.8234806Z 
2025-04-18T11:29:17.8234954Z     console.error
2025-04-18T11:29:17.8235587Z       Error depositing funds with Stripe: AppError: Payment method ID is required
2025-04-18T11:29:17.8237048Z           at WalletService.depositFundsWithStripe (/home/runner/work/date-night-app2/date-night-app2/server/services/wallet.service.js:383:15)
2025-04-18T11:29:17.8239182Z           at Object.depositFundsWithStripe (/home/runner/work/date-night-app2/date-night-app2/server/tests/unit/services/wallet.service.test.js:721:23)
2025-04-18T11:29:17.8240951Z           at Promise.then.completed (/home/runner/work/date-night-app2/date-night-app2/node_modules/jest-circus/build/utils.js:298:28)
2025-04-18T11:29:17.8241957Z           at new Promise (<anonymous>)
2025-04-18T11:29:17.8243009Z           at callAsyncCircusFn (/home/runner/work/date-night-app2/date-night-app2/node_modules/jest-circus/build/utils.js:231:10)
2025-04-18T11:29:17.8244506Z           at _callCircusTest (/home/runner/work/date-night-app2/date-night-app2/node_modules/jest-circus/build/run.js:316:40)
2025-04-18T11:29:17.8245892Z           at _runTest (/home/runner/work/date-night-app2/date-night-app2/node_modules/jest-circus/build/run.js:252:3)
2025-04-18T11:29:17.8247381Z           at _runTestsForDescribeBlock (/home/runner/work/date-night-app2/date-night-app2/node_modules/jest-circus/build/run.js:126:9)
2025-04-18T11:29:17.8289379Z           at _runTestsForDescribeBlock (/home/runner/work/date-night-app2/date-night-app2/node_modules/jest-circus/build/run.js:121:9)
2025-04-18T11:29:17.8291431Z           at _runTestsForDescribeBlock (/home/runner/work/date-night-app2/date-night-app2/node_modules/jest-circus/build/run.js:121:9)
2025-04-18T11:29:17.8292908Z           at run (/home/runner/work/date-night-app2/date-night-app2/node_modules/jest-circus/build/run.js:71:3)
2025-04-18T11:29:17.8294838Z           at runAndTransformResultsToJestFormat (/home/runner/work/date-night-app2/date-night-app2/node_modules/jest-circus/build/legacy-code-todo-rewrite/jestAdapterInit.js:122:21)
2025-04-18T11:29:17.8297020Z           at jestAdapter (/home/runner/work/date-night-app2/date-night-app2/node_modules/jest-circus/build/legacy-code-todo-rewrite/jestAdapter.js:79:19)
2025-04-18T11:29:17.8298973Z           at runTestInternal (/home/runner/work/date-night-app2/date-night-app2/node_modules/jest-runner/build/runTest.js:367:16)
2025-04-18T11:29:17.8300468Z           at runTest (/home/runner/work/date-night-app2/date-night-app2/node_modules/jest-runner/build/runTest.js:444:34) {
2025-04-18T11:29:17.8301376Z         statusCode: 400,
2025-04-18T11:29:17.8301747Z         status: 'fail',
2025-04-18T11:29:17.8302114Z         isOperational: true
2025-04-18T11:29:17.8302474Z       }
2025-04-18T11:29:17.8302653Z 
2025-04-18T11:29:17.8303001Z     [0m [90m 437 |[39m       }[33m;[39m
2025-04-18T11:29:17.8303640Z      [90m 438 |[39m     } [36mcatch[39m (error) {
2025-04-18T11:29:17.8304878Z     [31m[1m>[22m[39m[90m 439 |[39m       console[33m.[39merror([32m'Error depositing funds with Stripe:'[39m[33m,[39m error)[33m;[39m
2025-04-18T11:29:17.8305941Z      [90m     |[39m               [31m[1m^[22m[39m
2025-04-18T11:29:17.8306634Z      [90m 440 |[39m       [36mthrow[39m error[33m;[39m
2025-04-18T11:29:17.8307410Z      [90m 441 |[39m     }
2025-04-18T11:29:17.8307871Z      [90m 442 |[39m   }[0m
2025-04-18T11:29:17.8348354Z 
2025-04-18T11:29:17.8348943Z       at WalletService.error [as depositFundsWithStripe] (services/wallet.service.js:439:15)
2025-04-18T11:29:17.8350079Z       at Object.depositFundsWithStripe (tests/unit/services/wallet.service.test.js:721:23)
2025-04-18T11:29:17.8350674Z 
2025-04-18T11:29:17.8350808Z     console.error
2025-04-18T11:29:17.8351356Z       Error withdrawing funds: AppError: Valid amount is required
2025-04-18T11:29:17.8352621Z           at WalletService.withdrawFunds (/home/runner/work/date-night-app2/date-night-app2/server/services/wallet.service.js:518:15)
2025-04-18T11:29:17.8354331Z           at Object.withdrawFunds (/home/runner/work/date-night-app2/date-night-app2/server/tests/unit/services/wallet.service.test.js:765:23)
2025-04-18T11:29:17.8356009Z           at Promise.then.completed (/home/runner/work/date-night-app2/date-night-app2/node_modules/jest-circus/build/utils.js:298:28)
2025-04-18T11:29:17.8357009Z           at new Promise (<anonymous>)
2025-04-18T11:29:17.8358050Z           at callAsyncCircusFn (/home/runner/work/date-night-app2/date-night-app2/node_modules/jest-circus/build/utils.js:231:10)
2025-04-18T11:29:17.8359719Z           at _callCircusTest (/home/runner/work/date-night-app2/date-night-app2/node_modules/jest-circus/build/run.js:316:40)
2025-04-18T11:29:17.8361114Z           at _runTest (/home/runner/work/date-night-app2/date-night-app2/node_modules/jest-circus/build/run.js:252:3)
2025-04-18T11:29:17.8362636Z           at _runTestsForDescribeBlock (/home/runner/work/date-night-app2/date-night-app2/node_modules/jest-circus/build/run.js:126:9)
2025-04-18T11:29:17.8364281Z           at _runTestsForDescribeBlock (/home/runner/work/date-night-app2/date-night-app2/node_modules/jest-circus/build/run.js:121:9)
2025-04-18T11:29:17.8365896Z           at _runTestsForDescribeBlock (/home/runner/work/date-night-app2/date-night-app2/node_modules/jest-circus/build/run.js:121:9)
2025-04-18T11:29:17.8367287Z           at run (/home/runner/work/date-night-app2/date-night-app2/node_modules/jest-circus/build/run.js:71:3)
2025-04-18T11:29:17.8409560Z           at runAndTransformResultsToJestFormat (/home/runner/work/date-night-app2/date-night-app2/node_modules/jest-circus/build/legacy-code-todo-rewrite/jestAdapterInit.js:122:21)
2025-04-18T11:29:17.8412067Z           at jestAdapter (/home/runner/work/date-night-app2/date-night-app2/node_modules/jest-circus/build/legacy-code-todo-rewrite/jestAdapter.js:79:19)
2025-04-18T11:29:17.8413841Z           at runTestInternal (/home/runner/work/date-night-app2/date-night-app2/node_modules/jest-runner/build/runTest.js:367:16)
2025-04-18T11:29:17.8415428Z           at runTest (/home/runner/work/date-night-app2/date-night-app2/node_modules/jest-runner/build/runTest.js:444:34) {
2025-04-18T11:29:17.8416348Z         statusCode: 400,
2025-04-18T11:29:17.8416725Z         status: 'fail',
2025-04-18T11:29:17.8417090Z         isOperational: true
2025-04-18T11:29:17.8417475Z       }
2025-04-18T11:29:17.8417655Z 
2025-04-18T11:29:17.8418975Z     [0m [90m 619 |[39m       [36mreturn[39m wallet[33m.[39mtransactions[wallet[33m.[39mtransactions[33m.[39mlength [33m-[39m [35m1[39m][33m;[39m
2025-04-18T11:29:17.8420153Z      [90m 620 |[39m     } [36mcatch[39m (error) {
2025-04-18T11:29:17.8421302Z     [31m[1m>[22m[39m[90m 621 |[39m       console[33m.[39merror([32m'Error withdrawing funds:'[39m[33m,[39m error)[33m;[39m
2025-04-18T11:29:17.8422293Z      [90m     |[39m               [31m[1m^[22m[39m
2025-04-18T11:29:17.8422978Z      [90m 622 |[39m       [36mthrow[39m error[33m;[39m
2025-04-18T11:29:17.8423532Z      [90m 623 |[39m     }
2025-04-18T11:29:17.8423952Z      [90m 624 |[39m   }[0m
2025-04-18T11:29:17.8424194Z 
2025-04-18T11:29:17.8424645Z       at WalletService.error [as withdrawFunds] (services/wallet.service.js:621:15)
2025-04-18T11:29:17.8425827Z       at Object.withdrawFunds (tests/unit/services/wallet.service.test.js:765:23)
2025-04-18T11:29:17.8426382Z 
2025-04-18T11:29:17.8426513Z     console.error
2025-04-18T11:29:17.8427119Z       Error withdrawing funds: AppError: Minimum withdrawal amount is 100 NOK
2025-04-18T11:29:17.8459629Z           at WalletService.withdrawFunds (/home/runner/work/date-night-app2/date-night-app2/server/services/wallet.service.js:522:15)
2025-04-18T11:29:17.8461422Z           at Object.withdrawFunds (/home/runner/work/date-night-app2/date-night-app2/server/tests/unit/services/wallet.service.test.js:772:23)
2025-04-18T11:29:17.8463140Z           at Promise.then.completed (/home/runner/work/date-night-app2/date-night-app2/node_modules/jest-circus/build/utils.js:298:28)
2025-04-18T11:29:17.8464196Z           at new Promise (<anonymous>)
2025-04-18T11:29:17.8465323Z           at callAsyncCircusFn (/home/runner/work/date-night-app2/date-night-app2/node_modules/jest-circus/build/utils.js:231:10)
2025-04-18T11:29:17.8466865Z           at _callCircusTest (/home/runner/work/date-night-app2/date-night-app2/node_modules/jest-circus/build/run.js:316:40)
2025-04-18T11:29:17.8488608Z           at _runTest (/home/runner/work/date-night-app2/date-night-app2/node_modules/jest-circus/build/run.js:252:3)
2025-04-18T11:29:17.8490160Z           at _runTestsForDescribeBlock (/home/runner/work/date-night-app2/date-night-app2/node_modules/jest-circus/build/run.js:126:9)
2025-04-18T11:29:17.8491764Z           at _runTestsForDescribeBlock (/home/runner/work/date-night-app2/date-night-app2/node_modules/jest-circus/build/run.js:121:9)
2025-04-18T11:29:17.8493279Z           at _runTestsForDescribeBlock (/home/runner/work/date-night-app2/date-night-app2/node_modules/jest-circus/build/run.js:121:9)
2025-04-18T11:29:17.8494606Z           at run (/home/runner/work/date-night-app2/date-night-app2/node_modules/jest-circus/build/run.js:71:3)
2025-04-18T11:29:17.8496342Z           at runAndTransformResultsToJestFormat (/home/runner/work/date-night-app2/date-night-app2/node_modules/jest-circus/build/legacy-code-todo-rewrite/jestAdapterInit.js:122:21)
2025-04-18T11:29:17.8498568Z           at jestAdapter (/home/runner/work/date-night-app2/date-night-app2/node_modules/jest-circus/build/legacy-code-todo-rewrite/jestAdapter.js:79:19)
2025-04-18T11:29:17.8569296Z           at runTestInternal (/home/runner/work/date-night-app2/date-night-app2/node_modules/jest-runner/build/runTest.js:367:16)
2025-04-18T11:29:17.8570862Z           at runTest (/home/runner/work/date-night-app2/date-night-app2/node_modules/jest-runner/build/runTest.js:444:34) {
2025-04-18T11:29:17.8571767Z         statusCode: 400,
2025-04-18T11:29:17.8572140Z         status: 'fail',
2025-04-18T11:29:17.8572515Z         isOperational: true
2025-04-18T11:29:17.8572879Z       }
2025-04-18T11:29:17.8573038Z 
2025-04-18T11:29:17.8574128Z     [0m [90m 619 |[39m       [36mreturn[39m wallet[33m.[39mtransactions[wallet[33m.[39mtransactions[33m.[39mlength [33m-[39m [35m1[39m][33m;[39m
2025-04-18T11:29:17.8575248Z      [90m 620 |[39m     } [36mcatch[39m (error) {
2025-04-18T11:29:17.8576364Z     [31m[1m>[22m[39m[90m 621 |[39m       console[33m.[39merror([32m'Error withdrawing funds:'[39m[33m,[39m error)[33m;[39m
2025-04-18T11:29:17.8577305Z      [90m     |[39m               [31m[1m^[22m[39m
2025-04-18T11:29:17.8577968Z      [90m 622 |[39m       [36mthrow[39m error[33m;[39m
2025-04-18T11:29:17.8579657Z      [90m 623 |[39m     }
2025-04-18T11:29:17.8580095Z      [90m 624 |[39m   }[0m
2025-04-18T11:29:17.8580332Z 
2025-04-18T11:29:17.8580785Z       at WalletService.error [as withdrawFunds] (services/wallet.service.js:621:15)
2025-04-18T11:29:17.8581742Z       at Object.withdrawFunds (tests/unit/services/wallet.service.test.js:772:23)
2025-04-18T11:29:17.8582283Z 
2025-04-18T11:29:17.8582424Z     console.error
2025-04-18T11:29:17.8583047Z       Error withdrawing funds: AppError: Unsupported currency: UNSUPPORTED
2025-04-18T11:29:17.8584614Z           at WalletService.withdrawFunds (/home/runner/work/date-night-app2/date-night-app2/server/services/wallet.service.js:529:15)
2025-04-18T11:29:17.8586401Z           at Object.withdrawFunds (/home/runner/work/date-night-app2/date-night-app2/server/tests/unit/services/wallet.service.test.js:783:23)
2025-04-18T11:29:17.8608404Z           at Promise.then.completed (/home/runner/work/date-night-app2/date-night-app2/node_modules/jest-circus/build/utils.js:298:28)
2025-04-18T11:29:17.8609543Z           at new Promise (<anonymous>)
2025-04-18T11:29:17.8610627Z           at callAsyncCircusFn (/home/runner/work/date-night-app2/date-night-app2/node_modules/jest-circus/build/utils.js:231:10)
2025-04-18T11:29:17.8612166Z           at _callCircusTest (/home/runner/work/date-night-app2/date-night-app2/node_modules/jest-circus/build/run.js:316:40)
2025-04-18T11:29:17.8613607Z           at _runTest (/home/runner/work/date-night-app2/date-night-app2/node_modules/jest-circus/build/run.js:252:3)
2025-04-18T11:29:17.8615118Z           at _runTestsForDescribeBlock (/home/runner/work/date-night-app2/date-night-app2/node_modules/jest-circus/build/run.js:126:9)
2025-04-18T11:29:17.8616737Z           at _runTestsForDescribeBlock (/home/runner/work/date-night-app2/date-night-app2/node_modules/jest-circus/build/run.js:121:9)
2025-04-18T11:29:17.8638600Z           at _runTestsForDescribeBlock (/home/runner/work/date-night-app2/date-night-app2/node_modules/jest-circus/build/run.js:121:9)
2025-04-18T11:29:17.8640124Z           at run (/home/runner/work/date-night-app2/date-night-app2/node_modules/jest-circus/build/run.js:71:3)
2025-04-18T11:29:17.8641984Z           at runAndTransformResultsToJestFormat (/home/runner/work/date-night-app2/date-night-app2/node_modules/jest-circus/build/legacy-code-todo-rewrite/jestAdapterInit.js:122:21)
2025-04-18T11:29:17.8644084Z           at jestAdapter (/home/runner/work/date-night-app2/date-night-app2/node_modules/jest-circus/build/legacy-code-todo-rewrite/jestAdapter.js:79:19)
2025-04-18T11:29:17.8645827Z           at runTestInternal (/home/runner/work/date-night-app2/date-night-app2/node_modules/jest-runner/build/runTest.js:367:16)
2025-04-18T11:29:17.8647279Z           at runTest (/home/runner/work/date-night-app2/date-night-app2/node_modules/jest-runner/build/runTest.js:444:34) {
2025-04-18T11:29:17.8648641Z         statusCode: 400,
2025-04-18T11:29:17.8648998Z         status: 'fail',
2025-04-18T11:29:17.8649344Z         isOperational: true
2025-04-18T11:29:17.8649691Z       }
2025-04-18T11:29:17.8649849Z 
2025-04-18T11:29:17.8650915Z     [0m [90m 619 |[39m       [36mreturn[39m wallet[33m.[39mtransactions[wallet[33m.[39mtransactions[33m.[39mlength [33m-[39m [35m1[39m][33m;[39m
2025-04-18T11:29:17.8652052Z      [90m 620 |[39m     } [36mcatch[39m (error) {
2025-04-18T11:29:17.8653191Z     [31m[1m>[22m[39m[90m 621 |[39m       console[33m.[39merror([32m'Error withdrawing funds:'[39m[33m,[39m error)[33m;[39m
2025-04-18T11:29:17.8654154Z      [90m     |[39m               [31m[1m^[22m[39m
2025-04-18T11:29:17.8654824Z      [90m 622 |[39m       [36mthrow[39m error[33m;[39m
2025-04-18T11:29:17.8655369Z      [90m 623 |[39m     }
2025-04-18T11:29:17.8655797Z      [90m 624 |[39m   }[0m
2025-04-18T11:29:17.8656038Z 
2025-04-18T11:29:17.8656502Z       at WalletService.error [as withdrawFunds] (services/wallet.service.js:621:15)
2025-04-18T11:29:17.8657462Z       at Object.withdrawFunds (tests/unit/services/wallet.service.test.js:783:23)
2025-04-18T11:29:17.8657982Z 
2025-04-18T11:29:17.8678320Z     console.error
2025-04-18T11:29:17.8679006Z       Error withdrawing funds: AppError: Payment method ID is required
2025-04-18T11:29:17.8680294Z           at WalletService.withdrawFunds (/home/runner/work/date-night-app2/date-night-app2/server/services/wallet.service.js:533:15)
2025-04-18T11:29:17.8681998Z           at Object.withdrawFunds (/home/runner/work/date-night-app2/date-night-app2/server/tests/unit/services/wallet.service.test.js:788:34)
2025-04-18T11:29:17.8683932Z           at Promise.then.completed (/home/runner/work/date-night-app2/date-night-app2/node_modules/jest-circus/build/utils.js:298:28)
2025-04-18T11:29:17.8684949Z           at new Promise (<anonymous>)
2025-04-18T11:29:17.8686014Z           at callAsyncCircusFn (/home/runner/work/date-night-app2/date-night-app2/node_modules/jest-circus/build/utils.js:231:10)
2025-04-18T11:29:17.8687523Z           at _callCircusTest (/home/runner/work/date-night-app2/date-night-app2/node_modules/jest-circus/build/run.js:316:40)
2025-04-18T11:29:17.8689074Z           at _runTest (/home/runner/work/date-night-app2/date-night-app2/node_modules/jest-circus/build/run.js:252:3)
2025-04-18T11:29:17.8690546Z           at _runTestsForDescribeBlock (/home/runner/work/date-night-app2/date-night-app2/node_modules/jest-circus/build/run.js:126:9)
2025-04-18T11:29:17.8692168Z           at _runTestsForDescribeBlock (/home/runner/work/date-night-app2/date-night-app2/node_modules/jest-circus/build/run.js:121:9)
2025-04-18T11:29:17.8693790Z           at _runTestsForDescribeBlock (/home/runner/work/date-night-app2/date-night-app2/node_modules/jest-circus/build/run.js:121:9)
2025-04-18T11:29:17.8695156Z           at run (/home/runner/work/date-night-app2/date-night-app2/node_modules/jest-circus/build/run.js:71:3)
2025-04-18T11:29:17.8696997Z           at runAndTransformResultsToJestFormat (/home/runner/work/date-night-app2/date-night-app2/node_modules/jest-circus/build/legacy-code-todo-rewrite/jestAdapterInit.js:122:21)
2025-04-18T11:29:17.8719439Z           at jestAdapter (/home/runner/work/date-night-app2/date-night-app2/node_modules/jest-circus/build/legacy-code-todo-rewrite/jestAdapter.js:79:19)
2025-04-18T11:29:17.8721214Z           at runTestInternal (/home/runner/work/date-night-app2/date-night-app2/node_modules/jest-runner/build/runTest.js:367:16)
2025-04-18T11:29:17.8722706Z           at runTest (/home/runner/work/date-night-app2/date-night-app2/node_modules/jest-runner/build/runTest.js:444:34) {
2025-04-18T11:29:17.8723580Z         statusCode: 400,
2025-04-18T11:29:17.8723945Z         status: 'fail',
2025-04-18T11:29:17.8724319Z         isOperational: true
2025-04-18T11:29:17.8724684Z       }
2025-04-18T11:29:17.8724839Z 
2025-04-18T11:29:17.8725920Z     [0m [90m 619 |[39m       [36mreturn[39m wallet[33m.[39mtransactions[wallet[33m.[39mtransactions[33m.[39mlength [33m-[39m [35m1[39m][33m;[39m
2025-04-18T11:29:17.8727294Z      [90m 620 |[39m     } [36mcatch[39m (error) {
2025-04-18T11:29:17.8728578Z     [31m[1m>[22m[39m[90m 621 |[39m       console[33m.[39merror([32m'Error withdrawing funds:'[39m[33m,[39m error)[33m;[39m
2025-04-18T11:29:17.8729549Z      [90m     |[39m               [31m[1m^[22m[39m
2025-04-18T11:29:17.8730205Z      [90m 622 |[39m       [36mthrow[39m error[33m;[39m
2025-04-18T11:29:17.8730733Z      [90m 623 |[39m     }
2025-04-18T11:29:17.8731143Z      [90m 624 |[39m   }[0m
2025-04-18T11:29:17.8731394Z 
2025-04-18T11:29:17.8731847Z       at WalletService.error [as withdrawFunds] (services/wallet.service.js:621:15)
2025-04-18T11:29:17.8732823Z       at Object.withdrawFunds (tests/unit/services/wallet.service.test.js:788:34)
2025-04-18T11:29:17.8733343Z 
2025-04-18T11:29:17.8733479Z     console.error
2025-04-18T11:29:17.8734000Z       Error withdrawing funds: AppError: Payment method not found
2025-04-18T11:29:17.8735211Z           at WalletService.withdrawFunds (/home/runner/work/date-night-app2/date-night-app2/server/services/wallet.service.js:542:15)
2025-04-18T11:29:17.8736955Z           at Object.<anonymous> (/home/runner/work/date-night-app2/date-night-app2/server/tests/unit/services/wallet.service.test.js:796:7) {
2025-04-18T11:29:17.8737994Z         statusCode: 404,
2025-04-18T11:29:17.8758674Z         status: 'fail',
2025-04-18T11:29:17.8759057Z         isOperational: true
2025-04-18T11:29:17.8759418Z       }
2025-04-18T11:29:17.8759584Z 
2025-04-18T11:29:17.8760659Z     [0m [90m 619 |[39m       [36mreturn[39m wallet[33m.[39mtransactions[wallet[33m.[39mtransactions[33m.[39mlength [33m-[39m [35m1[39m][33m;[39m
2025-04-18T11:29:17.8762038Z      [90m 620 |[39m     } [36mcatch[39m (error) {
2025-04-18T11:29:17.8763162Z     [31m[1m>[22m[39m[90m 621 |[39m       console[33m.[39merror([32m'Error withdrawing funds:'[39m[33m,[39m error)[33m;[39m
2025-04-18T11:29:17.8764077Z      [90m     |[39m               [31m[1m^[22m[39m
2025-04-18T11:29:17.8764694Z      [90m 622 |[39m       [36mthrow[39m error[33m;[39m
2025-04-18T11:29:17.8765200Z      [90m 623 |[39m     }
2025-04-18T11:29:17.8765608Z      [90m 624 |[39m   }[0m
2025-04-18T11:29:17.8765845Z 
2025-04-18T11:29:17.8766305Z       at WalletService.error [as withdrawFunds] (services/wallet.service.js:621:15)
2025-04-18T11:29:17.8767225Z       at Object.<anonymous> (tests/unit/services/wallet.service.test.js:796:7)
2025-04-18T11:29:17.8767719Z 
2025-04-18T11:29:17.8767857Z     console.error
2025-04-18T11:29:17.8768667Z       Error withdrawing funds: AppError: Insufficient balance. Available: 50 NOK
2025-04-18T11:29:17.8770009Z           at WalletService.withdrawFunds (/home/runner/work/date-night-app2/date-night-app2/server/services/wallet.service.js:549:15)
2025-04-18T11:29:17.8771558Z           at Object.<anonymous> (/home/runner/work/date-night-app2/date-night-app2/server/tests/unit/services/wallet.service.test.js:812:7) {
2025-04-18T11:29:17.8772566Z         statusCode: 400,
2025-04-18T11:29:17.8772931Z         status: 'fail',
2025-04-18T11:29:17.8773283Z         isOperational: true
2025-04-18T11:29:17.8773635Z       }
2025-04-18T11:29:17.8773790Z 
2025-04-18T11:29:17.8774818Z     [0m [90m 619 |[39m       [36mreturn[39m wallet[33m.[39mtransactions[wallet[33m.[39mtransactions[33m.[39mlength [33m-[39m [35m1[39m][33m;[39m
2025-04-18T11:29:17.8775894Z      [90m 620 |[39m     } [36mcatch[39m (error) {
2025-04-18T11:29:17.8777003Z     [31m[1m>[22m[39m[90m 621 |[39m       console[33m.[39merror([32m'Error withdrawing funds:'[39m[33m,[39m error)[33m;[39m
2025-04-18T11:29:17.8777924Z      [90m     |[39m               [31m[1m^[22m[39m
2025-04-18T11:29:17.8809019Z      [90m 622 |[39m       [36mthrow[39m error[33m;[39m
2025-04-18T11:29:17.8809600Z      [90m 623 |[39m     }
2025-04-18T11:29:17.8810042Z      [90m 624 |[39m   }[0m
2025-04-18T11:29:17.8810532Z 
2025-04-18T11:29:17.8811002Z       at WalletService.error [as withdrawFunds] (services/wallet.service.js:621:15)
2025-04-18T11:29:17.8811931Z       at Object.<anonymous> (tests/unit/services/wallet.service.test.js:812:7)
2025-04-18T11:29:17.8812426Z 
2025-04-18T11:29:20.4506428Z PASS tests/unit/models/ad.model.test.js
2025-04-18T11:29:20.4544701Z   ● Console
2025-04-18T11:29:20.4553463Z 
2025-04-18T11:29:20.4553643Z     console.log
2025-04-18T11:29:20.4554273Z       Connected to in-memory MongoDB at mongodb://127.0.0.1:32201/
2025-04-18T11:29:20.4554715Z 
2025-04-18T11:29:20.4554906Z       at log (tests/setup.js:31:11)
2025-04-18T11:29:20.4556379Z 
2025-04-18T11:29:20.4557739Z     console.log
2025-04-18T11:29:20.4559602Z       Database cleared
2025-04-18T11:29:20.4561100Z 
2025-04-18T11:29:20.4562585Z       at log (tests/setup.js:57:11)
2025-04-18T11:29:20.4564070Z 
2025-04-18T11:29:20.4565833Z     console.log
2025-04-18T11:29:20.4569172Z       Database cleared
2025-04-18T11:29:20.4569436Z 
2025-04-18T11:29:20.4569634Z       at log (tests/setup.js:57:11)
2025-04-18T11:29:20.4569899Z 
2025-04-18T11:29:20.4570021Z     console.log
2025-04-18T11:29:20.4570327Z       Database cleared
2025-04-18T11:29:20.4570542Z 
2025-04-18T11:29:20.4570741Z       at log (tests/setup.js:57:11)
2025-04-18T11:29:20.4571035Z 
2025-04-18T11:29:20.4571165Z     console.log
2025-04-18T11:29:20.4571490Z       Database cleared
2025-04-18T11:29:20.4571709Z 
2025-04-18T11:29:20.4571907Z       at log (tests/setup.js:57:11)
2025-04-18T11:29:20.4572179Z 
2025-04-18T11:29:20.4572301Z     console.log
2025-04-18T11:29:20.4572625Z       Database cleared
2025-04-18T11:29:20.4572841Z 
2025-04-18T11:29:20.4573026Z       at log (tests/setup.js:57:11)
2025-04-18T11:29:20.4573290Z 
2025-04-18T11:29:20.4573421Z     console.log
2025-04-18T11:29:20.4574085Z       Database cleared
2025-04-18T11:29:20.4574313Z 
2025-04-18T11:29:20.4574676Z       at log (tests/setup.js:57:11)
2025-04-18T11:29:20.4574962Z 
2025-04-18T11:29:20.4575095Z     console.log
2025-04-18T11:29:20.4575406Z       Database cleared
2025-04-18T11:29:20.4575611Z 
2025-04-18T11:29:20.4575804Z       at log (tests/setup.js:57:11)
2025-04-18T11:29:20.4576075Z 
2025-04-18T11:29:20.4576205Z     console.log
2025-04-18T11:29:20.4576514Z       Database cleared
2025-04-18T11:29:20.4576787Z 
2025-04-18T11:29:20.4577006Z       at log (tests/setup.js:57:11)
2025-04-18T11:29:20.4577298Z 
2025-04-18T11:29:20.4577427Z     console.log
2025-04-18T11:29:20.4577738Z       Database cleared
2025-04-18T11:29:20.4577940Z 
2025-04-18T11:29:20.4578308Z       at log (tests/setup.js:57:11)
2025-04-18T11:29:20.4578579Z 
2025-04-18T11:29:20.4578702Z     console.log
2025-04-18T11:29:20.4579010Z       Database cleared
2025-04-18T11:29:20.4579219Z 
2025-04-18T11:29:20.4579398Z       at log (tests/setup.js:57:11)
2025-04-18T11:29:20.4579676Z 
2025-04-18T11:29:20.4579808Z     console.log
2025-04-18T11:29:20.4580101Z       Database cleared
2025-04-18T11:29:20.4580310Z 
2025-04-18T11:29:20.4580496Z       at log (tests/setup.js:57:11)
2025-04-18T11:29:20.4580791Z 
2025-04-18T11:29:20.4580914Z     console.log
2025-04-18T11:29:20.4581218Z       Database cleared
2025-04-18T11:29:20.4581446Z 
2025-04-18T11:29:20.4581671Z       at log (tests/setup.js:57:11)
2025-04-18T11:29:20.4581931Z 
2025-04-18T11:29:20.4582050Z     console.log
2025-04-18T11:29:20.4582363Z       Database cleared
2025-04-18T11:29:20.4582570Z 
2025-04-18T11:29:20.4582748Z       at log (tests/setup.js:57:11)
2025-04-18T11:29:20.4583019Z 
2025-04-18T11:29:20.4583159Z     console.log
2025-04-18T11:29:20.4583473Z       Database cleared
2025-04-18T11:29:20.4583693Z 
2025-04-18T11:29:20.4583881Z       at log (tests/setup.js:57:11)
2025-04-18T11:29:20.4584137Z 
2025-04-18T11:29:20.4584260Z     console.log
2025-04-18T11:29:20.4584573Z       Database cleared
2025-04-18T11:29:20.4584787Z 
2025-04-18T11:29:20.4584986Z       at log (tests/setup.js:57:11)
2025-04-18T11:29:20.4585264Z 
2025-04-18T11:29:20.4585402Z     console.log
2025-04-18T11:29:20.4585705Z       Database cleared
2025-04-18T11:29:20.4586316Z 
2025-04-18T11:29:20.4586533Z       at log (tests/setup.js:57:11)
2025-04-18T11:29:20.4586840Z 
2025-04-18T11:29:20.4586981Z     console.log
2025-04-18T11:29:20.4587321Z       Database cleared
2025-04-18T11:29:20.4587516Z 
2025-04-18T11:29:20.4587720Z       at log (tests/setup.js:57:11)
2025-04-18T11:29:20.4588002Z 
2025-04-18T11:29:20.4588339Z     console.log
2025-04-18T11:29:20.4588687Z       Database cleared
2025-04-18T11:29:20.4588906Z 
2025-04-18T11:29:20.4589107Z       at log (tests/setup.js:57:11)
2025-04-18T11:29:20.4589381Z 
2025-04-18T11:29:20.4589521Z     console.log
2025-04-18T11:29:20.4589905Z       Database cleared
2025-04-18T11:29:20.4590129Z 
2025-04-18T11:29:20.4590327Z       at log (tests/setup.js:57:11)
2025-04-18T11:29:20.4590623Z 
2025-04-18T11:29:20.4590768Z     console.log
2025-04-18T11:29:20.4591151Z       Disconnected from in-memory MongoDB
2025-04-18T11:29:20.4591483Z 
2025-04-18T11:29:20.4591695Z       at log (tests/setup.js:42:11)
2025-04-18T11:29:20.4591999Z 
2025-04-18T11:29:23.0957273Z PASS tests/integration/controllers/auth.controller.test.js
2025-04-18T11:29:23.1036131Z   ● Console
2025-04-18T11:29:23.1038622Z 
2025-04-18T11:29:23.1040852Z     console.log
2025-04-18T11:29:23.1060832Z       Connected to in-memory MongoDB at mongodb://127.0.0.1:42887/
2025-04-18T11:29:23.1062613Z 
2025-04-18T11:29:23.1064683Z       at log (tests/setup.js:31:11)
2025-04-18T11:29:23.1065264Z 
2025-04-18T11:29:23.1069136Z     console.log
2025-04-18T11:29:23.1070693Z       Database cleared
2025-04-18T11:29:23.1073567Z 
2025-04-18T11:29:23.1075156Z       at log (tests/setup.js:57:11)
2025-04-18T11:29:23.1076826Z 
2025-04-18T11:29:23.1077161Z     console.log
2025-04-18T11:29:23.1078893Z       Database cleared
2025-04-18T11:29:23.1080235Z 
2025-04-18T11:29:23.1081990Z       at log (tests/setup.js:57:11)
2025-04-18T11:29:23.1082304Z 
2025-04-18T11:29:23.1082731Z     console.log
2025-04-18T11:29:23.1083682Z       Database cleared
2025-04-18T11:29:23.1084697Z 
2025-04-18T11:29:23.1084909Z       at log (tests/setup.js:57:11)
2025-04-18T11:29:23.1085180Z 
2025-04-18T11:29:23.1085308Z     console.log
2025-04-18T11:29:23.1085612Z       Database cleared
2025-04-18T11:29:23.1085809Z 
2025-04-18T11:29:23.1085988Z       at log (tests/setup.js:57:11)
2025-04-18T11:29:23.1086249Z 
2025-04-18T11:29:23.1086366Z     console.log
2025-04-18T11:29:23.1086659Z       Database cleared
2025-04-18T11:29:23.1086863Z 
2025-04-18T11:29:23.1087049Z       at log (tests/setup.js:57:11)
2025-04-18T11:29:23.1087322Z 
2025-04-18T11:29:23.1087460Z     console.log
2025-04-18T11:29:23.1087775Z       Database cleared
2025-04-18T11:29:23.1087990Z 
2025-04-18T11:29:23.1088347Z       at log (tests/setup.js:57:11)
2025-04-18T11:29:23.1088624Z 
2025-04-18T11:29:23.1088758Z     console.log
2025-04-18T11:29:23.1089093Z       Database cleared
2025-04-18T11:29:23.1089306Z 
2025-04-18T11:29:23.1089494Z       at log (tests/setup.js:57:11)
2025-04-18T11:29:23.1089790Z 
2025-04-18T11:29:23.1089915Z     console.log
2025-04-18T11:29:23.1090229Z       Database cleared
2025-04-18T11:29:23.1090442Z 
2025-04-18T11:29:23.1090633Z       at log (tests/setup.js:57:11)
2025-04-18T11:29:23.1090904Z 
2025-04-18T11:29:23.1091034Z     console.log
2025-04-18T11:29:23.1091332Z       Database cleared
2025-04-18T11:29:23.1091528Z 
2025-04-18T11:29:23.1091710Z       at log (tests/setup.js:57:11)
2025-04-18T11:29:23.1091986Z 
2025-04-18T11:29:23.1092106Z     console.log
2025-04-18T11:29:23.1092420Z       Database cleared
2025-04-18T11:29:23.1092623Z 
2025-04-18T11:29:23.1092809Z       at log (tests/setup.js:57:11)
2025-04-18T11:29:23.1093068Z 
2025-04-18T11:29:23.1093184Z     console.log
2025-04-18T11:29:23.1093490Z       Database cleared
2025-04-18T11:29:23.1093705Z 
2025-04-18T11:29:23.1093879Z       at log (tests/setup.js:57:11)
2025-04-18T11:29:23.1094144Z 
2025-04-18T11:29:23.1094277Z     console.log
2025-04-18T11:29:23.1094579Z       Database cleared
2025-04-18T11:29:23.1094784Z 
2025-04-18T11:29:23.1094966Z       at log (tests/setup.js:57:11)
2025-04-18T11:29:23.1095522Z 
2025-04-18T11:29:23.1095651Z     console.log
2025-04-18T11:29:23.1095967Z       Database cleared
2025-04-18T11:29:23.1096178Z 
2025-04-18T11:29:23.1096374Z       at log (tests/setup.js:57:11)
2025-04-18T11:29:23.1096646Z 
2025-04-18T11:29:23.1096777Z     console.log
2025-04-18T11:29:23.1097084Z       Database cleared
2025-04-18T11:29:23.1097295Z 
2025-04-18T11:29:23.1097479Z       at log (tests/setup.js:57:11)
2025-04-18T11:29:23.1097745Z 
2025-04-18T11:29:23.1097876Z     console.log
2025-04-18T11:29:23.1098375Z       Database cleared
2025-04-18T11:29:23.1098585Z 
2025-04-18T11:29:23.1098769Z       at log (tests/setup.js:57:11)
2025-04-18T11:29:23.1099040Z 
2025-04-18T11:29:23.1099163Z     console.log
2025-04-18T11:29:23.1099472Z       Database cleared
2025-04-18T11:29:23.1099687Z 
2025-04-18T11:29:23.1099870Z       at log (tests/setup.js:57:11)
2025-04-18T11:29:23.1100136Z 
2025-04-18T11:29:23.1100265Z     console.log
2025-04-18T11:29:23.1100566Z       Database cleared
2025-04-18T11:29:23.1100793Z 
2025-04-18T11:29:23.1100973Z       at log (tests/setup.js:57:11)
2025-04-18T11:29:23.1101262Z 
2025-04-18T11:29:23.1101382Z     console.log
2025-04-18T11:29:23.1101716Z       Database cleared
2025-04-18T11:29:23.1101915Z 
2025-04-18T11:29:23.1102111Z       at log (tests/setup.js:57:11)
2025-04-18T11:29:23.1102397Z 
2025-04-18T11:29:23.1102526Z     console.log
2025-04-18T11:29:23.1102841Z       Database cleared
2025-04-18T11:29:23.1103045Z 
2025-04-18T11:29:23.1103228Z       at log (tests/setup.js:57:11)
2025-04-18T11:29:23.1103492Z 
2025-04-18T11:29:23.1103617Z     console.log
2025-04-18T11:29:23.1103927Z       Database cleared
2025-04-18T11:29:23.1104141Z 
2025-04-18T11:29:23.1104326Z       at log (tests/setup.js:57:11)
2025-04-18T11:29:23.1104617Z 
2025-04-18T11:29:23.1104980Z     console.log
2025-04-18T11:29:23.1105324Z       Database cleared
2025-04-18T11:29:23.1105529Z 
2025-04-18T11:29:23.1105730Z       at log (tests/setup.js:57:11)
2025-04-18T11:29:23.1106012Z 
2025-04-18T11:29:23.1106139Z     console.log
2025-04-18T11:29:23.1106433Z       Database cleared
2025-04-18T11:29:23.1106648Z 
2025-04-18T11:29:23.1106834Z       at log (tests/setup.js:57:11)
2025-04-18T11:29:23.1107116Z 
2025-04-18T11:29:23.1107263Z     console.log
2025-04-18T11:29:23.1107607Z       Database cleared
2025-04-18T11:29:23.1107830Z 
2025-04-18T11:29:23.1108035Z       at log (tests/setup.js:57:11)
2025-04-18T11:29:23.1108531Z 
2025-04-18T11:29:23.1108656Z     console.log
2025-04-18T11:29:23.1108992Z       Database cleared
2025-04-18T11:29:23.1109214Z 
2025-04-18T11:29:23.1109421Z       at log (tests/setup.js:57:11)
2025-04-18T11:29:23.1109690Z 
2025-04-18T11:29:23.1109836Z     console.log
2025-04-18T11:29:23.1110156Z       Database cleared
2025-04-18T11:29:23.1110378Z 
2025-04-18T11:29:23.1110584Z       at log (tests/setup.js:57:11)
2025-04-18T11:29:23.1110881Z 
2025-04-18T11:29:23.1111015Z     console.log
2025-04-18T11:29:23.1111349Z       Database cleared
2025-04-18T11:29:23.1111557Z 
2025-04-18T11:29:23.1111748Z       at log (tests/setup.js:57:11)
2025-04-18T11:29:23.1112034Z 
2025-04-18T11:29:23.1112170Z     console.log
2025-04-18T11:29:23.1112513Z       Database cleared
2025-04-18T11:29:23.1112740Z 
2025-04-18T11:29:23.1112930Z       at log (tests/setup.js:57:11)
2025-04-18T11:29:23.1113220Z 
2025-04-18T11:29:23.1113367Z     console.log
2025-04-18T11:29:23.1113695Z       Database cleared
2025-04-18T11:29:23.1113919Z 
2025-04-18T11:29:23.1114120Z       at log (tests/setup.js:57:11)
2025-04-18T11:29:23.1114408Z 
2025-04-18T11:29:23.1114540Z     console.log
2025-04-18T11:29:23.1114871Z       Database cleared
2025-04-18T11:29:23.1115092Z 
2025-04-18T11:29:23.1115300Z       at log (tests/setup.js:57:11)
2025-04-18T11:29:23.1115593Z 
2025-04-18T11:29:23.1115739Z     console.log
2025-04-18T11:29:23.1116160Z       Disconnected from in-memory MongoDB
2025-04-18T11:29:23.1116500Z 
2025-04-18T11:29:23.1116692Z       at log (tests/setup.js:42:11)
2025-04-18T11:29:23.1116984Z 
2025-04-18T11:29:26.8950959Z PASS tests/unit/models/user.model.test.js
2025-04-18T11:29:26.9017858Z   ● Console
2025-04-18T11:29:26.9018640Z 
2025-04-18T11:29:26.9019148Z     console.log
2025-04-18T11:29:26.9019986Z       Connected to in-memory MongoDB at mongodb://127.0.0.1:27016/
2025-04-18T11:29:26.9020642Z 
2025-04-18T11:29:26.9021034Z       at log (tests/setup.js:31:11)
2025-04-18T11:29:26.9021531Z 
2025-04-18T11:29:26.9021837Z     console.log
2025-04-18T11:29:26.9022384Z       Database cleared
2025-04-18T11:29:26.9022815Z 
2025-04-18T11:29:26.9023208Z       at log (tests/setup.js:57:11)
2025-04-18T11:29:26.9023727Z 
2025-04-18T11:29:26.9024047Z     console.log
2025-04-18T11:29:26.9024554Z       Database cleared
2025-04-18T11:29:26.9025060Z 
2025-04-18T11:29:26.9025428Z       at log (tests/setup.js:57:11)
2025-04-18T11:29:26.9025886Z 
2025-04-18T11:29:26.9026255Z     console.log
2025-04-18T11:29:26.9026738Z       Database cleared
2025-04-18T11:29:26.9027106Z 
2025-04-18T11:29:26.9027431Z       at log (tests/setup.js:57:11)
2025-04-18T11:29:26.9027922Z 
2025-04-18T11:29:26.9028416Z     console.log
2025-04-18T11:29:26.9028976Z       Database cleared
2025-04-18T11:29:26.9029349Z 
2025-04-18T11:29:26.9029722Z       at log (tests/setup.js:57:11)
2025-04-18T11:29:26.9030197Z 
2025-04-18T11:29:26.9030473Z     console.log
2025-04-18T11:29:26.9030989Z       Database cleared
2025-04-18T11:29:26.9031441Z 
2025-04-18T11:29:26.9031790Z       at log (tests/setup.js:57:11)
2025-04-18T11:29:26.9032229Z 
2025-04-18T11:29:26.9032514Z     console.log
2025-04-18T11:29:26.9033026Z       Database cleared
2025-04-18T11:29:26.9033390Z 
2025-04-18T11:29:26.9033681Z       at log (tests/setup.js:57:11)
2025-04-18T11:29:26.9034202Z 
2025-04-18T11:29:26.9034562Z     console.log
2025-04-18T11:29:26.9034924Z       Database cleared
2025-04-18T11:29:26.9035131Z 
2025-04-18T11:29:26.9035572Z       at log (tests/setup.js:57:11)
2025-04-18T11:29:26.9035847Z 
2025-04-18T11:29:26.9035975Z     console.log
2025-04-18T11:29:26.9036269Z       Database cleared
2025-04-18T11:29:26.9036484Z 
2025-04-18T11:29:26.9036663Z       at log (tests/setup.js:57:11)
2025-04-18T11:29:26.9036927Z 
2025-04-18T11:29:26.9037044Z     console.log
2025-04-18T11:29:26.9037340Z       Database cleared
2025-04-18T11:29:26.9037533Z 
2025-04-18T11:29:26.9037717Z       at log (tests/setup.js:57:11)
2025-04-18T11:29:26.9037973Z 
2025-04-18T11:29:26.9038087Z     console.log
2025-04-18T11:29:26.9038614Z       Database cleared
2025-04-18T11:29:26.9038807Z 
2025-04-18T11:29:26.9038991Z       at log (tests/setup.js:57:11)
2025-04-18T11:29:26.9039243Z 
2025-04-18T11:29:26.9039367Z     console.log
2025-04-18T11:29:26.9039654Z       Database cleared
2025-04-18T11:29:26.9039876Z 
2025-04-18T11:29:26.9040067Z       at log (tests/setup.js:57:11)
2025-04-18T11:29:26.9040327Z 
2025-04-18T11:29:26.9040467Z     console.log
2025-04-18T11:29:26.9040793Z       Database cleared
2025-04-18T11:29:26.9040992Z 
2025-04-18T11:29:26.9041180Z       at log (tests/setup.js:57:11)
2025-04-18T11:29:26.9041435Z 
2025-04-18T11:29:26.9041561Z     console.log
2025-04-18T11:29:26.9041883Z       Database cleared
2025-04-18T11:29:26.9042083Z 
2025-04-18T11:29:26.9042256Z       at log (tests/setup.js:57:11)
2025-04-18T11:29:26.9042500Z 
2025-04-18T11:29:26.9042637Z     console.log
2025-04-18T11:29:26.9042934Z       Database cleared
2025-04-18T11:29:26.9043136Z 
2025-04-18T11:29:26.9043315Z       at log (tests/setup.js:57:11)
2025-04-18T11:29:26.9043582Z 
2025-04-18T11:29:26.9043699Z     console.log
2025-04-18T11:29:26.9043980Z       Database cleared
2025-04-18T11:29:26.9044173Z 
2025-04-18T11:29:26.9044365Z       at log (tests/setup.js:57:11)
2025-04-18T11:29:26.9044626Z 
2025-04-18T11:29:26.9044762Z     console.log
2025-04-18T11:29:26.9045073Z       Database cleared
2025-04-18T11:29:26.9045294Z 
2025-04-18T11:29:26.9045480Z       at log (tests/setup.js:57:11)
2025-04-18T11:29:26.9045749Z 
2025-04-18T11:29:26.9045873Z     console.log
2025-04-18T11:29:26.9046176Z       Database cleared
2025-04-18T11:29:26.9046375Z 
2025-04-18T11:29:26.9046568Z       at log (tests/setup.js:57:11)
2025-04-18T11:29:26.9047134Z 
2025-04-18T11:29:26.9047251Z     console.log
2025-04-18T11:29:26.9047563Z       Database cleared
2025-04-18T11:29:26.9047771Z 
2025-04-18T11:29:26.9047967Z       at log (tests/setup.js:57:11)
2025-04-18T11:29:26.9048503Z 
2025-04-18T11:29:26.9048646Z     console.log
2025-04-18T11:29:26.9048959Z       Database cleared
2025-04-18T11:29:26.9049175Z 
2025-04-18T11:29:26.9049368Z       at log (tests/setup.js:57:11)
2025-04-18T11:29:26.9049642Z 
2025-04-18T11:29:26.9049756Z     console.log
2025-04-18T11:29:26.9050056Z       Database cleared
2025-04-18T11:29:26.9050253Z 
2025-04-18T11:29:26.9050438Z       at log (tests/setup.js:57:11)
2025-04-18T11:29:26.9050716Z 
2025-04-18T11:29:26.9050834Z     console.log
2025-04-18T11:29:26.9051133Z       Database cleared
2025-04-18T11:29:26.9051346Z 
2025-04-18T11:29:26.9051521Z       at log (tests/setup.js:57:11)
2025-04-18T11:29:26.9051780Z 
2025-04-18T11:29:26.9051904Z     console.log
2025-04-18T11:29:26.9052202Z       Database cleared
2025-04-18T11:29:26.9052408Z 
2025-04-18T11:29:26.9052587Z       at log (tests/setup.js:57:11)
2025-04-18T11:29:26.9052854Z 
2025-04-18T11:29:26.9052970Z     console.log
2025-04-18T11:29:26.9053271Z       Database cleared
2025-04-18T11:29:26.9053461Z 
2025-04-18T11:29:26.9053639Z       at log (tests/setup.js:57:11)
2025-04-18T11:29:26.9053890Z 
2025-04-18T11:29:26.9054011Z     console.log
2025-04-18T11:29:26.9054301Z       Database cleared
2025-04-18T11:29:26.9054507Z 
2025-04-18T11:29:26.9054685Z       at log (tests/setup.js:57:11)
2025-04-18T11:29:26.9054948Z 
2025-04-18T11:29:26.9055062Z     console.log
2025-04-18T11:29:26.9055358Z       Database cleared
2025-04-18T11:29:26.9055556Z 
2025-04-18T11:29:26.9055739Z       at log (tests/setup.js:57:11)
2025-04-18T11:29:26.9056000Z 
2025-04-18T11:29:26.9056352Z     console.log
2025-04-18T11:29:26.9056691Z       Database cleared
2025-04-18T11:29:26.9056900Z 
2025-04-18T11:29:26.9057095Z       at log (tests/setup.js:57:11)
2025-04-18T11:29:26.9057367Z 
2025-04-18T11:29:26.9057513Z     console.log
2025-04-18T11:29:26.9057818Z       Database cleared
2025-04-18T11:29:26.9058029Z 
2025-04-18T11:29:26.9075471Z       at log (tests/setup.js:57:11)
2025-04-18T11:29:26.9075797Z 
2025-04-18T11:29:26.9075935Z     console.log
2025-04-18T11:29:26.9076340Z       Disconnected from in-memory MongoDB
2025-04-18T11:29:26.9076642Z 
2025-04-18T11:29:26.9076835Z       at log (tests/setup.js:42:11)
2025-04-18T11:29:26.9077104Z 
2025-04-18T11:29:28.4826001Z PASS tests/unit/models/wallet.model.test.js
2025-04-18T11:29:28.4899178Z   ● Console
2025-04-18T11:29:28.4899439Z 
2025-04-18T11:29:28.4958829Z     console.log
2025-04-18T11:29:28.4959512Z       Connected to in-memory MongoDB at mongodb://127.0.0.1:30317/
2025-04-18T11:29:28.4965672Z 
2025-04-18T11:29:28.4965963Z       at log (tests/setup.js:31:11)
2025-04-18T11:29:28.4966333Z 
2025-04-18T11:29:28.4966479Z     console.log
2025-04-18T11:29:28.4966845Z       Database cleared
2025-04-18T11:29:28.4967077Z 
2025-04-18T11:29:28.4967314Z       at log (tests/setup.js:57:11)
2025-04-18T11:29:28.4967614Z 
2025-04-18T11:29:28.4967764Z     console.log
2025-04-18T11:29:28.4968357Z       Database cleared
2025-04-18T11:29:28.4968604Z 
2025-04-18T11:29:28.4968810Z       at log (tests/setup.js:57:11)
2025-04-18T11:29:28.4969101Z 
2025-04-18T11:29:28.4969238Z     console.log
2025-04-18T11:29:28.4969814Z       Database cleared
2025-04-18T11:29:28.4970147Z 
2025-04-18T11:29:28.4970425Z       at log (tests/setup.js:57:11)
2025-04-18T11:29:28.4970716Z 
2025-04-18T11:29:28.4970858Z     console.log
2025-04-18T11:29:28.4971385Z       Database cleared
2025-04-18T11:29:28.4971599Z 
2025-04-18T11:29:28.4971912Z       at log (tests/setup.js:57:11)
2025-04-18T11:29:28.4972328Z 
2025-04-18T11:29:28.4972529Z     console.log
2025-04-18T11:29:28.4972968Z       Database cleared
2025-04-18T11:29:28.4973307Z 
2025-04-18T11:29:28.4973556Z       at log (tests/setup.js:57:11)
2025-04-18T11:29:28.4973982Z 
2025-04-18T11:29:28.4974175Z     console.log
2025-04-18T11:29:28.4974853Z       Database cleared
2025-04-18T11:29:28.4975263Z 
2025-04-18T11:29:28.4975524Z       at log (tests/setup.js:57:11)
2025-04-18T11:29:28.4975823Z 
2025-04-18T11:29:28.4976094Z     console.log
2025-04-18T11:29:28.4976536Z       Database cleared
2025-04-18T11:29:28.4976866Z 
2025-04-18T11:29:28.4977122Z       at log (tests/setup.js:57:11)
2025-04-18T11:29:28.4977535Z 
2025-04-18T11:29:28.4977730Z     console.log
2025-04-18T11:29:28.4978056Z       Database cleared
2025-04-18T11:29:28.4978592Z 
2025-04-18T11:29:28.4978862Z       at log (tests/setup.js:57:11)
2025-04-18T11:29:28.4979155Z 
2025-04-18T11:29:28.4979450Z     console.log
2025-04-18T11:29:28.4979784Z       Database cleared
2025-04-18T11:29:28.4980160Z 
2025-04-18T11:29:28.4980426Z       at log (tests/setup.js:57:11)
2025-04-18T11:29:28.4980850Z 
2025-04-18T11:29:28.4980996Z     console.log
2025-04-18T11:29:28.4981433Z       Database cleared
2025-04-18T11:29:28.4981762Z 
2025-04-18T11:29:28.4982010Z       at log (tests/setup.js:57:11)
2025-04-18T11:29:28.4982316Z 
2025-04-18T11:29:28.4982588Z     console.log
2025-04-18T11:29:28.4983008Z       Database cleared
2025-04-18T11:29:28.4983308Z 
2025-04-18T11:29:28.4983549Z       at log (tests/setup.js:57:11)
2025-04-18T11:29:28.4983966Z 
2025-04-18T11:29:28.4984125Z     console.log
2025-04-18T11:29:28.4984564Z       Database cleared
2025-04-18T11:29:28.4984777Z 
2025-04-18T11:29:28.4985079Z       at log (tests/setup.js:57:11)
2025-04-18T11:29:28.4985482Z 
2025-04-18T11:29:28.4998714Z     console.log
2025-04-18T11:29:28.4999225Z       Database cleared
2025-04-18T11:29:28.4999575Z 
2025-04-18T11:29:28.4999845Z       at log (tests/setup.js:57:11)
2025-04-18T11:29:28.5000286Z 
2025-04-18T11:29:28.5000488Z     console.log
2025-04-18T11:29:28.5000825Z       Database cleared
2025-04-18T11:29:28.5001058Z 
2025-04-18T11:29:28.5001675Z       at log (tests/setup.js:57:11)
2025-04-18T11:29:28.5002002Z 
2025-04-18T11:29:28.5002303Z     console.log
2025-04-18T11:29:28.5002753Z       Database cleared
2025-04-18T11:29:28.5003024Z 
2025-04-18T11:29:28.5088836Z       at log (tests/setup.js:57:11)
2025-04-18T11:29:28.5089422Z 
2025-04-18T11:29:28.5089654Z     console.log
2025-04-18T11:29:28.5089987Z       Database cleared
2025-04-18T11:29:28.5090221Z 
2025-04-18T11:29:28.5090408Z       at log (tests/setup.js:57:11)
2025-04-18T11:29:28.5090676Z 
2025-04-18T11:29:28.5090815Z     console.log
2025-04-18T11:29:28.5091145Z       Database cleared
2025-04-18T11:29:28.5091376Z 
2025-04-18T11:29:28.5091578Z       at log (tests/setup.js:57:11)
2025-04-18T11:29:28.5091871Z 
2025-04-18T11:29:28.5091987Z     console.log
2025-04-18T11:29:28.5092328Z       Database cleared
2025-04-18T11:29:28.5092551Z 
2025-04-18T11:29:28.5092760Z       at log (tests/setup.js:57:11)
2025-04-18T11:29:28.5093044Z 
2025-04-18T11:29:28.5093190Z     console.log
2025-04-18T11:29:28.5093614Z       Disconnected from in-memory MongoDB
2025-04-18T11:29:28.5093949Z 
2025-04-18T11:29:28.5094160Z       at log (tests/setup.js:42:11)
2025-04-18T11:29:28.5094461Z 
2025-04-18T11:29:35.7374245Z PASS tests/unit/models/chat-room.model.test.js (7.244 s)
2025-04-18T11:29:35.7405586Z   ● Console
2025-04-18T11:29:35.7406967Z 
2025-04-18T11:29:35.7407135Z     console.log
2025-04-18T11:29:35.7409779Z       Connected to in-memory MongoDB at mongodb://127.0.0.1:15508/
2025-04-18T11:29:35.7410258Z 
2025-04-18T11:29:35.7410480Z       at log (tests/setup.js:31:11)
2025-04-18T11:29:35.7410778Z 
2025-04-18T11:29:35.7410915Z     console.log
2025-04-18T11:29:35.7411253Z       Database cleared
2025-04-18T11:29:35.7411475Z 
2025-04-18T11:29:35.7411680Z       at log (tests/setup.js:57:11)
2025-04-18T11:29:35.7411963Z 
2025-04-18T11:29:35.7412092Z     console.log
2025-04-18T11:29:35.7412417Z       Database cleared
2025-04-18T11:29:35.7412638Z 
2025-04-18T11:29:35.7412822Z       at log (tests/setup.js:57:11)
2025-04-18T11:29:35.7413144Z 
2025-04-18T11:29:35.7413283Z     console.log
2025-04-18T11:29:35.7413610Z       Database cleared
2025-04-18T11:29:35.7413826Z 
2025-04-18T11:29:35.7414009Z       at log (tests/setup.js:57:11)
2025-04-18T11:29:35.7414684Z 
2025-04-18T11:29:35.7414811Z     console.log
2025-04-18T11:29:35.7415120Z       Database cleared
2025-04-18T11:29:35.7415325Z 
2025-04-18T11:29:35.7415512Z       at log (tests/setup.js:57:11)
2025-04-18T11:29:35.7415777Z 
2025-04-18T11:29:35.7415901Z     console.log
2025-04-18T11:29:35.7416194Z       Database cleared
2025-04-18T11:29:35.7416398Z 
2025-04-18T11:29:35.7416576Z       at log (tests/setup.js:57:11)
2025-04-18T11:29:35.7416844Z 
2025-04-18T11:29:35.7416961Z     console.log
2025-04-18T11:29:35.7417260Z       Database cleared
2025-04-18T11:29:35.7417458Z 
2025-04-18T11:29:35.7417641Z       at log (tests/setup.js:57:11)
2025-04-18T11:29:35.7417903Z 
2025-04-18T11:29:35.7418017Z     console.log
2025-04-18T11:29:35.7436300Z       Database cleared
2025-04-18T11:29:35.7436587Z 
2025-04-18T11:29:35.7436819Z       at log (tests/setup.js:57:11)
2025-04-18T11:29:35.7437106Z 
2025-04-18T11:29:35.7437234Z     console.log
2025-04-18T11:29:35.7437542Z       Database cleared
2025-04-18T11:29:35.7437770Z 
2025-04-18T11:29:35.7437959Z       at log (tests/setup.js:57:11)
2025-04-18T11:29:35.7438567Z 
2025-04-18T11:29:35.7438694Z     console.log
2025-04-18T11:29:35.7439009Z       Database cleared
2025-04-18T11:29:35.7439219Z 
2025-04-18T11:29:35.7439411Z       at log (tests/setup.js:57:11)
2025-04-18T11:29:35.7439677Z 
2025-04-18T11:29:35.7439794Z     console.log
2025-04-18T11:29:35.7440114Z       Database cleared
2025-04-18T11:29:35.7440330Z 
2025-04-18T11:29:35.7440515Z       at log (tests/setup.js:57:11)
2025-04-18T11:29:35.7440786Z 
2025-04-18T11:29:35.7440914Z     console.log
2025-04-18T11:29:35.7441222Z       Database cleared
2025-04-18T11:29:35.7441426Z 
2025-04-18T11:29:35.7441607Z       at log (tests/setup.js:57:11)
2025-04-18T11:29:35.7441883Z 
2025-04-18T11:29:35.7442258Z     console.log
2025-04-18T11:29:35.7442587Z       Database cleared
2025-04-18T11:29:35.7442791Z 
2025-04-18T11:29:35.7442982Z       at log (tests/setup.js:57:11)
2025-04-18T11:29:35.7443258Z 
2025-04-18T11:29:35.7443382Z     console.log
2025-04-18T11:29:35.7443674Z       Database cleared
2025-04-18T11:29:35.7443874Z 
2025-04-18T11:29:35.7444046Z       at log (tests/setup.js:57:11)
2025-04-18T11:29:35.7444311Z 
2025-04-18T11:29:35.7444428Z     console.log
2025-04-18T11:29:35.7444725Z       Database cleared
2025-04-18T11:29:35.7444922Z 
2025-04-18T11:29:35.7445103Z       at log (tests/setup.js:57:11)
2025-04-18T11:29:35.7445364Z 
2025-04-18T11:29:35.7445476Z     console.log
2025-04-18T11:29:35.7445786Z       Database cleared
2025-04-18T11:29:35.7445992Z 
2025-04-18T11:29:35.7446183Z       at log (tests/setup.js:57:11)
2025-04-18T11:29:35.7446440Z 
2025-04-18T11:29:35.7446565Z     console.log
2025-04-18T11:29:35.7446855Z       Database cleared
2025-04-18T11:29:35.7447063Z 
2025-04-18T11:29:35.7447250Z       at log (tests/setup.js:57:11)
2025-04-18T11:29:35.7447515Z 
2025-04-18T11:29:35.7447637Z     console.log
2025-04-18T11:29:35.7447941Z       Database cleared
2025-04-18T11:29:35.7448347Z 
2025-04-18T11:29:35.7448563Z       at log (tests/setup.js:57:11)
2025-04-18T11:29:35.7448841Z 
2025-04-18T11:29:35.7448963Z     console.log
2025-04-18T11:29:35.7449277Z       Database cleared
2025-04-18T11:29:35.7449491Z 
2025-04-18T11:29:35.7449671Z       at log (tests/setup.js:57:11)
2025-04-18T11:29:35.7449936Z 
2025-04-18T11:29:35.7450059Z     console.log
2025-04-18T11:29:35.7450371Z       Database cleared
2025-04-18T11:29:35.7450572Z 
2025-04-18T11:29:35.7450728Z       at log (tests/setup.js:57:11)
2025-04-18T11:29:35.7450989Z 
2025-04-18T11:29:35.7451106Z     console.log
2025-04-18T11:29:35.7451487Z       Disconnected from in-memory MongoDB
2025-04-18T11:29:35.7451802Z 
2025-04-18T11:29:35.7451999Z       at log (tests/setup.js:42:11)
2025-04-18T11:29:35.7452274Z 
2025-04-18T11:29:36.0682031Z PASS tests/unit/services/auth.service.test.js
2025-04-18T11:29:40.4264607Z PASS tests/unit/models/chat-message.model.test.js
2025-04-18T11:29:40.4287643Z   ● Console
2025-04-18T11:29:40.4303451Z 
2025-04-18T11:29:40.4304494Z     console.log
2025-04-18T11:29:40.4305132Z       Connected to in-memory MongoDB at mongodb://127.0.0.1:3181/
2025-04-18T11:29:40.4305573Z 
2025-04-18T11:29:40.4305768Z       at log (tests/setup.js:31:11)
2025-04-18T11:29:40.4306032Z 
2025-04-18T11:29:40.4306171Z     console.log
2025-04-18T11:29:40.4306488Z       Database cleared
2025-04-18T11:29:40.4306700Z 
2025-04-18T11:29:40.4306880Z       at log (tests/setup.js:57:11)
2025-04-18T11:29:40.4307156Z 
2025-04-18T11:29:40.4307279Z     console.log
2025-04-18T11:29:40.4307606Z       Database cleared
2025-04-18T11:29:40.4307822Z 
2025-04-18T11:29:40.4308016Z       at log (tests/setup.js:57:11)
2025-04-18T11:29:40.4309587Z 
2025-04-18T11:29:40.4309743Z     console.log
2025-04-18T11:29:40.4310072Z       Database cleared
2025-04-18T11:29:40.4310291Z 
2025-04-18T11:29:40.4310505Z       at log (tests/setup.js:57:11)
2025-04-18T11:29:40.4310778Z 
2025-04-18T11:29:40.4310912Z     console.log
2025-04-18T11:29:40.4311227Z       Database cleared
2025-04-18T11:29:40.4311448Z 
2025-04-18T11:29:40.4311632Z       at log (tests/setup.js:57:11)
2025-04-18T11:29:40.4311899Z 
2025-04-18T11:29:40.4312026Z     console.log
2025-04-18T11:29:40.4312339Z       Database cleared
2025-04-18T11:29:40.4312583Z 
2025-04-18T11:29:40.4312763Z       at log (tests/setup.js:57:11)
2025-04-18T11:29:40.4313029Z 
2025-04-18T11:29:40.4313157Z     console.log
2025-04-18T11:29:40.4313470Z       Database cleared
2025-04-18T11:29:40.4313668Z 
2025-04-18T11:29:40.4313843Z       at log (tests/setup.js:57:11)
2025-04-18T11:29:40.4314096Z 
2025-04-18T11:29:40.4314212Z     console.log
2025-04-18T11:29:40.4314518Z       Database cleared
2025-04-18T11:29:40.4314721Z 
2025-04-18T11:29:40.4314901Z       at log (tests/setup.js:57:11)
2025-04-18T11:29:40.4315168Z 
2025-04-18T11:29:40.4315296Z     console.log
2025-04-18T11:29:40.4315858Z       Database cleared
2025-04-18T11:29:40.4316078Z 
2025-04-18T11:29:40.4316257Z       at log (tests/setup.js:57:11)
2025-04-18T11:29:40.4316520Z 
2025-04-18T11:29:40.4316636Z     console.log
2025-04-18T11:29:40.4316945Z       Database cleared
2025-04-18T11:29:40.4317148Z 
2025-04-18T11:29:40.4317331Z       at log (tests/setup.js:57:11)
2025-04-18T11:29:40.4317595Z 
2025-04-18T11:29:40.4317717Z     console.log
2025-04-18T11:29:40.4318022Z       Database cleared
2025-04-18T11:29:40.4318585Z 
2025-04-18T11:29:40.4318772Z       at log (tests/setup.js:57:11)
2025-04-18T11:29:40.4319036Z 
2025-04-18T11:29:40.4319159Z     console.log
2025-04-18T11:29:40.4319451Z       Database cleared
2025-04-18T11:29:40.4319673Z 
2025-04-18T11:29:40.4319832Z       at log (tests/setup.js:57:11)
2025-04-18T11:29:40.4320085Z 
2025-04-18T11:29:40.4320200Z     console.log
2025-04-18T11:29:40.4320496Z       Database cleared
2025-04-18T11:29:40.4320709Z 
2025-04-18T11:29:40.4320897Z       at log (tests/setup.js:57:11)
2025-04-18T11:29:40.4321182Z 
2025-04-18T11:29:40.4321307Z     console.log
2025-04-18T11:29:40.4321620Z       Database cleared
2025-04-18T11:29:40.4321829Z 
2025-04-18T11:29:40.4322011Z       at log (tests/setup.js:57:11)
2025-04-18T11:29:40.4322277Z 
2025-04-18T11:29:40.4322402Z     console.log
2025-04-18T11:29:40.4322705Z       Database cleared
2025-04-18T11:29:40.4322907Z 
2025-04-18T11:29:40.4323087Z       at log (tests/setup.js:57:11)
2025-04-18T11:29:40.4323350Z 
2025-04-18T11:29:40.4323473Z     console.log
2025-04-18T11:29:40.4323780Z       Database cleared
2025-04-18T11:29:40.4323978Z 
2025-04-18T11:29:40.4324165Z       at log (tests/setup.js:57:11)
2025-04-18T11:29:40.4324423Z 
2025-04-18T11:29:40.4324550Z     console.log
2025-04-18T11:29:40.4324855Z       Database cleared
2025-04-18T11:29:40.4325075Z 
2025-04-18T11:29:40.4325253Z       at log (tests/setup.js:57:11)
2025-04-18T11:29:40.4325518Z 
2025-04-18T11:29:40.4325636Z     console.log
2025-04-18T11:29:40.4325940Z       Database cleared
2025-04-18T11:29:40.4326148Z 
2025-04-18T11:29:40.4326336Z       at log (tests/setup.js:57:11)
2025-04-18T11:29:40.4326620Z 
2025-04-18T11:29:40.4326746Z     console.log
2025-04-18T11:29:40.4327127Z       Disconnected from in-memory MongoDB
2025-04-18T11:29:40.4327707Z 
2025-04-18T11:29:40.4327903Z       at log (tests/setup.js:42:11)
2025-04-18T11:29:40.4328461Z 
2025-04-18T11:29:41.4213954Z PASS tests/unit/models/paymentMethod.model.test.js
2025-04-18T11:29:41.4240333Z   ● Console
2025-04-18T11:29:41.4240744Z 
2025-04-18T11:29:41.4250555Z     console.log
2025-04-18T11:29:41.4251639Z       Connected to in-memory MongoDB at mongodb://127.0.0.1:56237/
2025-04-18T11:29:41.4253856Z 
2025-04-18T11:29:41.4254452Z       at log (tests/setup.js:31:11)
2025-04-18T11:29:41.4256203Z 
2025-04-18T11:29:41.4256588Z     console.log
2025-04-18T11:29:41.4257121Z       Database cleared
2025-04-18T11:29:41.4260125Z 
2025-04-18T11:29:41.4260547Z       at log (tests/setup.js:57:11)
2025-04-18T11:29:41.4261060Z 
2025-04-18T11:29:41.4263672Z     console.log
2025-04-18T11:29:41.4265890Z       Database cleared
2025-04-18T11:29:41.4266358Z 
2025-04-18T11:29:41.4267771Z       at log (tests/setup.js:57:11)
2025-04-18T11:29:41.4268763Z 
2025-04-18T11:29:41.4269104Z     console.log
2025-04-18T11:29:41.4269613Z       Database cleared
2025-04-18T11:29:41.4271023Z 
2025-04-18T11:29:41.4272340Z       at log (tests/setup.js:57:11)
2025-04-18T11:29:41.4273843Z 
2025-04-18T11:29:41.4275065Z     console.log
2025-04-18T11:29:41.4275982Z       Database cleared
2025-04-18T11:29:41.4276354Z 
2025-04-18T11:29:41.4276625Z       at log (tests/setup.js:57:11)
2025-04-18T11:29:41.4277039Z 
2025-04-18T11:29:41.4277297Z     console.log
2025-04-18T11:29:41.4277791Z       Database cleared
2025-04-18T11:29:41.4278367Z 
2025-04-18T11:29:41.4279426Z       at log (tests/setup.js:57:11)
2025-04-18T11:29:41.4279889Z 
2025-04-18T11:29:41.4280143Z     console.log
2025-04-18T11:29:41.4280640Z       Database cleared
2025-04-18T11:29:41.4281041Z 
2025-04-18T11:29:41.4281776Z       at log (tests/setup.js:57:11)
2025-04-18T11:29:41.4282364Z 
2025-04-18T11:29:41.4288746Z     console.log
2025-04-18T11:29:41.4289257Z       Database cleared
2025-04-18T11:29:41.4289616Z 
2025-04-18T11:29:41.4289939Z       at log (tests/setup.js:57:11)
2025-04-18T11:29:41.4290376Z 
2025-04-18T11:29:41.4291441Z     console.log
2025-04-18T11:29:41.4291781Z       Database cleared
2025-04-18T11:29:41.4292011Z 
2025-04-18T11:29:41.4292217Z       at log (tests/setup.js:57:11)
2025-04-18T11:29:41.4292501Z 
2025-04-18T11:29:41.4292633Z     console.log
2025-04-18T11:29:41.4292975Z       Database cleared
2025-04-18T11:29:41.4293205Z 
2025-04-18T11:29:41.4293405Z       at log (tests/setup.js:57:11)
2025-04-18T11:29:41.4293673Z 
2025-04-18T11:29:41.4293804Z     console.log
2025-04-18T11:29:41.4294125Z       Database cleared
2025-04-18T11:29:41.4294354Z 
2025-04-18T11:29:41.4294550Z       at log (tests/setup.js:57:11)
2025-04-18T11:29:41.4294845Z 
2025-04-18T11:29:41.4294982Z     console.log
2025-04-18T11:29:41.4295403Z       Disconnected from in-memory MongoDB
2025-04-18T11:29:41.4295713Z 
2025-04-18T11:29:41.4295917Z       at log (tests/setup.js:42:11)
2025-04-18T11:29:41.4296197Z 
2025-04-18T11:29:41.9822646Z PASS tests/unit/middleware/auth.middleware.test.js
2025-04-18T11:29:42.2838068Z PASS tests/performance/api.performance.test.js
2025-04-18T11:29:42.2866901Z   ● Console
2025-04-18T11:29:42.2867653Z 
2025-04-18T11:29:42.2869572Z     console.log
2025-04-18T11:29:42.2870643Z       Connected to in-memory MongoDB at mongodb://127.0.0.1:33888/
2025-04-18T11:29:42.2872191Z 
2025-04-18T11:29:42.2873186Z       at log (tests/setup.js:31:11)
2025-04-18T11:29:42.2873676Z 
2025-04-18T11:29:42.2873914Z     console.log
2025-04-18T11:29:42.2874331Z       Database cleared
2025-04-18T11:29:42.2874643Z 
2025-04-18T11:29:42.2874916Z       at log (tests/setup.js:57:11)
2025-04-18T11:29:42.2875359Z 
2025-04-18T11:29:42.2875678Z     console.log
2025-04-18T11:29:42.2876156Z       Database cleared
2025-04-18T11:29:42.2876737Z 
2025-04-18T11:29:42.2877081Z       at log (tests/setup.js:57:11)
2025-04-18T11:29:42.2877829Z 
2025-04-18T11:29:42.2878063Z     console.log
2025-04-18T11:29:42.2878833Z       Database cleared
2025-04-18T11:29:42.2879758Z 
2025-04-18T11:29:42.2880201Z       at log (tests/setup.js:57:11)
2025-04-18T11:29:42.2880747Z 
2025-04-18T11:29:42.2881057Z     console.log
2025-04-18T11:29:42.2881600Z       Database cleared
2025-04-18T11:29:42.2882242Z 
2025-04-18T11:29:42.2882597Z       at log (tests/setup.js:57:11)
2025-04-18T11:29:42.2883111Z 
2025-04-18T11:29:42.2883348Z     console.log
2025-04-18T11:29:42.2883864Z       Disconnected from in-memory MongoDB
2025-04-18T11:29:42.2884429Z 
2025-04-18T11:29:42.2884730Z       at log (tests/setup.js:42:11)
2025-04-18T11:29:42.2885242Z 
2025-04-18T11:29:42.4267084Z PASS tests/unit/middleware/security.test.js
2025-04-18T11:29:42.4284669Z   ● Console
2025-04-18T11:29:42.4286306Z 
2025-04-18T11:29:42.4286488Z     console.log
2025-04-18T11:29:42.4287303Z       2025-04-18 11:29:42 [[32minfo[39m]: CSP configured in report-only mode {
2025-04-18T11:29:42.4287952Z         "service": "date-night-api"
2025-04-18T11:29:42.4288594Z       }
2025-04-18T11:29:42.4288759Z 
2025-04-18T11:29:42.4289226Z       at Console.log (../node_modules/winston/lib/winston/transports/console.js:87:23)
2025-04-18T11:29:42.4289765Z 
2025-04-18T11:29:42.4289914Z     console.log
2025-04-18T11:29:42.4290644Z       2025-04-18 11:29:42 [[32minfo[39m]: CSP configured in enforce mode {
2025-04-18T11:29:42.4291328Z         "service": "date-night-api"
2025-04-18T11:29:42.4291716Z       }
2025-04-18T11:29:42.4291884Z 
2025-04-18T11:29:42.4292352Z       at Console.log (../node_modules/winston/lib/winston/transports/console.js:87:23)
2025-04-18T11:29:42.4292884Z 
2025-04-18T11:29:42.4299838Z 
2025-04-18T11:29:42.4307844Z Test Suites: 12 passed, 12 total
2025-04-18T11:29:42.4309165Z Tests:       1 skipped, 224 passed, 225 total
2025-04-18T11:29:42.4311930Z Snapshots:   0 total
2025-04-18T11:29:42.4312326Z Time:        27.152 s
2025-04-18T11:29:42.4313007Z Ran all test suites.
2025-04-18T11:29:42.5714775Z ##[group]Run npm run test:integration
2025-04-18T11:29:42.5715073Z [36;1mnpm run test:integration[0m
2025-04-18T11:29:42.5761829Z shell: /usr/bin/bash -e {0}
2025-04-18T11:29:42.5762049Z env:
2025-04-18T11:29:42.5762203Z   CI: true
2025-04-18T11:29:42.5762360Z   NODE_ENV: test
2025-04-18T11:29:42.5762620Z   MONGODB_URI: mongodb://localhost:27017/date-night-test
2025-04-18T11:29:42.5762910Z ##[endgroup]
2025-04-18T11:29:42.7115657Z npm error Lifecycle script `test:integration` failed with error:
2025-04-18T11:29:42.7122871Z npm error workspace date-night-server@1.0.0
2025-04-18T11:29:42.7124162Z npm error location /home/runner/work/date-night-app2/date-night-app2/server
2025-04-18T11:29:42.7125195Z npm error Missing script: "test:integration"
2025-04-18T11:29:42.7125865Z npm error
2025-04-18T11:29:42.7126583Z npm error To see a list of scripts, run:
2025-04-18T11:29:42.7127458Z npm error   npm run --workspace=date-night-server@1.0.0
2025-04-18T11:29:42.7201400Z ##[error]Process completed with exit code 1.
2025-04-18T11:29:42.7256681Z ##[group]Run actions/upload-artifact@v4
2025-04-18T11:29:42.7256950Z with:
2025-04-18T11:29:42.7257133Z   name: server-test-results
2025-04-18T11:29:42.7257346Z   path: ./server/coverage
2025-04-18T11:29:42.7257548Z   if-no-files-found: warn
2025-04-18T11:29:42.7257745Z   compression-level: 6
2025-04-18T11:29:42.7257925Z   overwrite: false
2025-04-18T11:29:42.7258338Z   include-hidden-files: false
2025-04-18T11:29:42.7258658Z env:
2025-04-18T11:29:42.7258804Z   CI: true
2025-04-18T11:29:42.7258959Z ##[endgroup]
2025-04-18T11:29:42.9680558Z ##[warning]No files were found with the provided path: ./server/coverage. No artifacts will be uploaded.
2025-04-18T11:29:42.9829473Z Post job cleanup.
2025-04-18T11:29:43.0797046Z [command]/usr/bin/git version
2025-04-18T11:29:43.0839347Z git version 2.49.0
2025-04-18T11:29:43.0886664Z Temporarily overriding HOME='/home/runner/work/_temp/76fff034-2873-4f60-bbcc-5d0cce253678' before making global git config changes
2025-04-18T11:29:43.0890261Z Adding repository directory to the temporary git global config as a safe directory
2025-04-18T11:29:43.0893787Z [command]/usr/bin/git config --global --add safe.directory /home/runner/work/date-night-app2/date-night-app2
2025-04-18T11:29:43.0937454Z [command]/usr/bin/git config --local --name-only --get-regexp core\.sshCommand
2025-04-18T11:29:43.0976307Z [command]/usr/bin/git submodule foreach --recursive sh -c "git config --local --name-only --get-regexp 'core\.sshCommand' && git config --local --unset-all 'core.sshCommand' || :"
2025-04-18T11:29:43.1228583Z [command]/usr/bin/git config --local --name-only --get-regexp http\.https\:\/\/github\.com\/\.extraheader
2025-04-18T11:29:43.1253383Z http.https://github.com/.extraheader
2025-04-18T11:29:43.1270390Z [command]/usr/bin/git config --local --unset-all http.https://github.com/.extraheader
2025-04-18T11:29:43.1305679Z [command]/usr/bin/git submodule foreach --recursive sh -c "git config --local --name-only --get-regexp 'http\.https\:\/\/github\.com\/\.extraheader' && git config --local --unset-all 'http.https://github.com/.extraheader' || :"
2025-04-18T11:29:43.1769419Z Print service container logs: 4b07066624694ece800e2dca30984cad_mongo6_377133
2025-04-18T11:29:43.1775446Z ##[command]/usr/bin/docker logs --details 7122a3a0f86f278b904311a19d4c6f716c600bba68e8c5209e200350d5de7f74
2025-04-18T11:29:43.1934595Z  {"t":{"$date":"2025-04-18T11:28:58.051+00:00"},"s":"I",  "c":"NETWORK",  "id":4915701, "ctx":"-","msg":"Initialized wire specification","attr":{"spec":{"incomingExternalClient":{"minWireVersion":0,"maxWireVersion":17},"incomingInternalClient":{"minWireVersion":0,"maxWireVersion":17},"outgoing":{"minWireVersion":6,"maxWireVersion":17},"isInternalClient":true}}}
2025-04-18T11:29:43.1937069Z  {"t":{"$date":"2025-04-18T11:28:58.053+00:00"},"s":"I",  "c":"CONTROL",  "id":23285,   "ctx":"-","msg":"Automatically disabling TLS 1.0, to force-enable TLS 1.0 specify --sslDisabledProtocols 'none'"}
2025-04-18T11:29:43.1939089Z  {"t":{"$date":"2025-04-18T11:28:58.053+00:00"},"s":"I",  "c":"NETWORK",  "id":4648601, "ctx":"main","msg":"Implicit TCP FastOpen unavailable. If TCP FastOpen is required, set tcpFastOpenServer, tcpFastOpenClient, and tcpFastOpenQueueSize."}
2025-04-18T11:29:43.1941189Z  {"t":{"$date":"2025-04-18T11:28:58.055+00:00"},"s":"I",  "c":"REPL",     "id":5123008, "ctx":"main","msg":"Successfully registered PrimaryOnlyService","attr":{"service":"TenantMigrationDonorService","namespace":"config.tenantMigrationDonors"}}
2025-04-18T11:29:43.1943285Z  {"t":{"$date":"2025-04-18T11:28:58.055+00:00"},"s":"I",  "c":"REPL",     "id":5123008, "ctx":"main","msg":"Successfully registered PrimaryOnlyService","attr":{"service":"TenantMigrationRecipientService","namespace":"config.tenantMigrationRecipients"}}
2025-04-18T11:29:43.1945360Z  {"t":{"$date":"2025-04-18T11:28:58.055+00:00"},"s":"I",  "c":"REPL",     "id":5123008, "ctx":"main","msg":"Successfully registered PrimaryOnlyService","attr":{"service":"ShardSplitDonorService","namespace":"config.tenantSplitDonors"}}
2025-04-18T11:29:43.1946903Z  {"t":{"$date":"2025-04-18T11:28:58.055+00:00"},"s":"I",  "c":"CONTROL",  "id":5945603, "ctx":"main","msg":"Multi threading initialized"}
2025-04-18T11:29:43.1948530Z  {"t":{"$date":"2025-04-18T11:28:58.056+00:00"},"s":"I",  "c":"CONTROL",  "id":4615611, "ctx":"initandlisten","msg":"MongoDB starting","attr":{"pid":1,"port":27017,"dbPath":"/data/db","architecture":"64-bit","host":"7122a3a0f86f"}}
2025-04-18T11:29:43.1952287Z  {"t":{"$date":"2025-04-18T11:28:58.056+00:00"},"s":"I",  "c":"CONTROL",  "id":23403,   "ctx":"initandlisten","msg":"Build Info","attr":{"buildInfo":{"version":"6.0.22","gitVersion":"ee527360b84c6798535ee0895de3c7186b3522f9","openSSLVersion":"OpenSSL 3.0.2 15 Mar 2022","modules":[],"allocator":"tcmalloc","environment":{"distmod":"ubuntu2204","distarch":"x86_64","target_arch":"x86_64"}}}}
2025-04-18T11:29:43.1954043Z  {"t":{"$date":"2025-04-18T11:28:58.056+00:00"},"s":"I",  "c":"CONTROL",  "id":51765,   "ctx":"initandlisten","msg":"Operating System","attr":{"os":{"name":"Ubuntu","version":"22.04"}}}
2025-04-18T11:29:43.1954995Z  {"t":{"$date":"2025-04-18T11:28:58.056+00:00"},"s":"I",  "c":"CONTROL",  "id":21951,   "ctx":"initandlisten","msg":"Options set by command line","attr":{"options":{"net":{"bindIp":"*"}}}}
2025-04-18T11:29:43.1957012Z  {"t":{"$date":"2025-04-18T11:28:58.057+00:00"},"s":"I",  "c":"STORAGE",  "id":22297,   "ctx":"initandlisten","msg":"Using the XFS filesystem is strongly recommended with the WiredTiger storage engine. See http://dochub.mongodb.org/core/prodnotes-filesystem","tags":["startupWarnings"]}
2025-04-18T11:29:43.1961507Z  {"t":{"$date":"2025-04-18T11:28:58.057+00:00"},"s":"I",  "c":"STORAGE",  "id":22315,   "ctx":"initandlisten","msg":"Opening WiredTiger","attr":{"config":"create,cache_size=3457M,session_max=33000,eviction=(threads_min=4,threads_max=4),config_base=false,statistics=(fast),log=(enabled=true,remove=true,path=journal,compressor=snappy),builtin_extension_config=(zstd=(compression_level=6)),file_manager=(close_idle_time=600,close_scan_interval=10,close_handle_minimum=2000),statistics_log=(wait=0),json_output=(error,message),verbose=[recovery_progress:1,checkpoint_progress:1,compact_progress:1,backup:0,checkpoint:0,compact:0,evict:0,history_store:0,recovery:0,rts:0,salvage:0,tiered:0,timestamp:0,transaction:0,verify:0,log:0],"}}
2025-04-18T11:29:43.1964886Z  {"t":{"$date":"2025-04-18T11:28:58.257+00:00"},"s":"I",  "c":"WTRECOV",  "id":22430,   "ctx":"initandlisten","msg":"WiredTiger message","attr":{"message":{"ts_sec":1744975738,"ts_usec":257878,"thread":"1:0x7f07c5184cc0","session_name":"txn-recover","category":"WT_VERB_RECOVERY_PROGRESS","category_id":30,"verbose_level":"DEBUG","verbose_level_id":1,"msg":"recovery log replay has successfully finished and ran for 0 milliseconds"}}}
2025-04-18T11:29:43.1967119Z  {"t":{"$date":"2025-04-18T11:28:58.258+00:00"},"s":"I",  "c":"WTRECOV",  "id":22430,   "ctx":"initandlisten","msg":"WiredTiger message","attr":{"message":{"ts_sec":1744975738,"ts_usec":258168,"thread":"1:0x7f07c5184cc0","session_name":"txn-recover","category":"WT_VERB_RECOVERY_PROGRESS","category_id":30,"verbose_level":"DEBUG","verbose_level_id":1,"msg":"Set global recovery timestamp: (0, 0)"}}}
2025-04-18T11:29:43.1969237Z  {"t":{"$date":"2025-04-18T11:28:58.258+00:00"},"s":"I",  "c":"WTRECOV",  "id":22430,   "ctx":"initandlisten","msg":"WiredTiger message","attr":{"message":{"ts_sec":1744975738,"ts_usec":258295,"thread":"1:0x7f07c5184cc0","session_name":"txn-recover","category":"WT_VERB_RECOVERY_PROGRESS","category_id":30,"verbose_level":"DEBUG","verbose_level_id":1,"msg":"Set global oldest timestamp: (0, 0)"}}}
2025-04-18T11:29:43.1971370Z  {"t":{"$date":"2025-04-18T11:28:58.258+00:00"},"s":"I",  "c":"WTRECOV",  "id":22430,   "ctx":"initandlisten","msg":"WiredTiger message","attr":{"message":{"ts_sec":1744975738,"ts_usec":258447,"thread":"1:0x7f07c5184cc0","session_name":"txn-recover","category":"WT_VERB_RECOVERY_PROGRESS","category_id":30,"verbose_level":"DEBUG","verbose_level_id":1,"msg":"recovery was completed successfully and took 0ms, including 0ms for the log replay, 0ms for the rollback to stable, and 0ms for the checkpoint."}}}
2025-04-18T11:29:43.1972927Z  {"t":{"$date":"2025-04-18T11:28:58.263+00:00"},"s":"I",  "c":"STORAGE",  "id":4795906, "ctx":"initandlisten","msg":"WiredTiger opened","attr":{"durationMillis":206}}
2025-04-18T11:29:43.1973757Z  {"t":{"$date":"2025-04-18T11:28:58.263+00:00"},"s":"I",  "c":"RECOVERY", "id":23987,   "ctx":"initandlisten","msg":"WiredTiger recoveryTimestamp","attr":{"recoveryTimestamp":{"$timestamp":{"t":0,"i":0}}}}
2025-04-18T11:29:43.1974815Z  {"t":{"$date":"2025-04-18T11:28:58.273+00:00"},"s":"W",  "c":"CONTROL",  "id":22120,   "ctx":"initandlisten","msg":"Access control is not enabled for the database. Read and write access to data and configuration is unrestricted","tags":["startupWarnings"]}
2025-04-18T11:29:43.1976024Z  {"t":{"$date":"2025-04-18T11:28:58.274+00:00"},"s":"W",  "c":"CONTROL",  "id":22178,   "ctx":"initandlisten","msg":"/sys/kernel/mm/transparent_hugepage/enabled is 'always'. We suggest setting it to 'never' in this binary version","tags":["startupWarnings"]}
2025-04-18T11:29:43.1977201Z  {"t":{"$date":"2025-04-18T11:28:58.274+00:00"},"s":"W",  "c":"CONTROL",  "id":5123300, "ctx":"initandlisten","msg":"vm.max_map_count is too low","attr":{"currentValue":262144,"recommendedMinimum":1677720,"maxConns":838860},"tags":["startupWarnings"]}
2025-04-18T11:29:43.1979051Z  {"t":{"$date":"2025-04-18T11:28:58.274+00:00"},"s":"I",  "c":"STORAGE",  "id":20320,   "ctx":"initandlisten","msg":"createCollection","attr":{"namespace":"admin.system.version","uuidDisposition":"provided","uuid":{"uuid":{"$uuid":"83b39251-8aa9-48c1-a0b5-528b9bcfdfd8"}},"options":{"uuid":{"$uuid":"83b39251-8aa9-48c1-a0b5-528b9bcfdfd8"}}}}
2025-04-18T11:29:43.1981142Z  {"t":{"$date":"2025-04-18T11:28:58.281+00:00"},"s":"I",  "c":"INDEX",    "id":20345,   "ctx":"initandlisten","msg":"Index build: done building","attr":{"buildUUID":null,"collectionUUID":{"uuid":{"$uuid":"83b39251-8aa9-48c1-a0b5-528b9bcfdfd8"}},"namespace":"admin.system.version","index":"_id_","ident":"index-1--8880902683649975978","collectionIdent":"collection-0--8880902683649975978","commitTimestamp":null}}
2025-04-18T11:29:43.1982709Z  {"t":{"$date":"2025-04-18T11:28:58.281+00:00"},"s":"I",  "c":"REPL",     "id":20459,   "ctx":"initandlisten","msg":"Setting featureCompatibilityVersion","attr":{"newVersion":"6.0"}}
2025-04-18T11:29:43.1983651Z  {"t":{"$date":"2025-04-18T11:28:58.281+00:00"},"s":"I",  "c":"REPL",     "id":5853300, "ctx":"initandlisten","msg":"current featureCompatibilityVersion value","attr":{"featureCompatibilityVersion":"6.0","context":"setFCV"}}
2025-04-18T11:29:43.1985779Z  {"t":{"$date":"2025-04-18T11:28:58.281+00:00"},"s":"I",  "c":"NETWORK",  "id":4915702, "ctx":"initandlisten","msg":"Updated wire specification","attr":{"oldSpec":{"incomingExternalClient":{"minWireVersion":0,"maxWireVersion":17},"incomingInternalClient":{"minWireVersion":0,"maxWireVersion":17},"outgoing":{"minWireVersion":6,"maxWireVersion":17},"isInternalClient":true},"newSpec":{"incomingExternalClient":{"minWireVersion":0,"maxWireVersion":17},"incomingInternalClient":{"minWireVersion":17,"maxWireVersion":17},"outgoing":{"minWireVersion":17,"maxWireVersion":17},"isInternalClient":true}}}
2025-04-18T11:29:43.1989293Z  {"t":{"$date":"2025-04-18T11:28:58.281+00:00"},"s":"I",  "c":"NETWORK",  "id":4915702, "ctx":"initandlisten","msg":"Updated wire specification","attr":{"oldSpec":{"incomingExternalClient":{"minWireVersion":0,"maxWireVersion":17},"incomingInternalClient":{"minWireVersion":17,"maxWireVersion":17},"outgoing":{"minWireVersion":17,"maxWireVersion":17},"isInternalClient":true},"newSpec":{"incomingExternalClient":{"minWireVersion":0,"maxWireVersion":17},"incomingInternalClient":{"minWireVersion":17,"maxWireVersion":17},"outgoing":{"minWireVersion":17,"maxWireVersion":17},"isInternalClient":true}}}
2025-04-18T11:29:43.1991454Z  {"t":{"$date":"2025-04-18T11:28:58.281+00:00"},"s":"I",  "c":"REPL",     "id":5853300, "ctx":"initandlisten","msg":"current featureCompatibilityVersion value","attr":{"featureCompatibilityVersion":"6.0","context":"startup"}}
2025-04-18T11:29:43.1992697Z  {"t":{"$date":"2025-04-18T11:28:58.281+00:00"},"s":"I",  "c":"STORAGE",  "id":5071100, "ctx":"initandlisten","msg":"Clearing temp directory"}
2025-04-18T11:29:43.1993342Z  {"t":{"$date":"2025-04-18T11:28:58.281+00:00"},"s":"I",  "c":"CONTROL",  "id":20536,   "ctx":"initandlisten","msg":"Flow Control is enabled on this deployment"}
2025-04-18T11:29:43.1994153Z  {"t":{"$date":"2025-04-18T11:28:58.281+00:00"},"s":"I",  "c":"FTDC",     "id":20625,   "ctx":"initandlisten","msg":"Initializing full-time diagnostic data capture","attr":{"dataDirectory":"/data/db/diagnostic.data"}}
2025-04-18T11:29:43.1995378Z  {"t":{"$date":"2025-04-18T11:28:58.283+00:00"},"s":"I",  "c":"STORAGE",  "id":20320,   "ctx":"initandlisten","msg":"createCollection","attr":{"namespace":"local.startup_log","uuidDisposition":"generated","uuid":{"uuid":{"$uuid":"115dbc6c-174a-478f-9b1b-7843890a4530"}},"options":{"capped":true,"size":10485760}}}
2025-04-18T11:29:43.1997124Z  {"t":{"$date":"2025-04-18T11:28:58.291+00:00"},"s":"I",  "c":"INDEX",    "id":20345,   "ctx":"initandlisten","msg":"Index build: done building","attr":{"buildUUID":null,"collectionUUID":{"uuid":{"$uuid":"115dbc6c-174a-478f-9b1b-7843890a4530"}},"namespace":"local.startup_log","index":"_id_","ident":"index-3--8880902683649975978","collectionIdent":"collection-2--8880902683649975978","commitTimestamp":null}}
2025-04-18T11:29:43.1999019Z  {"t":{"$date":"2025-04-18T11:28:58.291+00:00"},"s":"I",  "c":"REPL",     "id":6015317, "ctx":"initandlisten","msg":"Setting new configuration state","attr":{"newState":"ConfigReplicationDisabled","oldState":"ConfigPreStart"}}
2025-04-18T11:29:43.1999837Z  {"t":{"$date":"2025-04-18T11:28:58.292+00:00"},"s":"I",  "c":"STORAGE",  "id":22262,   "ctx":"initandlisten","msg":"Timestamp monitor starting"}
2025-04-18T11:29:43.2000994Z  {"t":{"$date":"2025-04-18T11:28:58.293+00:00"},"s":"I",  "c":"STORAGE",  "id":20320,   "ctx":"LogicalSessionCacheRefresh","msg":"createCollection","attr":{"namespace":"config.system.sessions","uuidDisposition":"generated","uuid":{"uuid":{"$uuid":"ce57499b-e653-413f-bc1f-fd1478beae3f"}},"options":{}}}
2025-04-18T11:29:43.2002442Z  {"t":{"$date":"2025-04-18T11:28:58.293+00:00"},"s":"I",  "c":"CONTROL",  "id":20712,   "ctx":"LogicalSessionCacheReap","msg":"Sessions collection is not set up; waiting until next sessions reap interval","attr":{"error":"NamespaceNotFound: config.system.sessions does not exist"}}
2025-04-18T11:29:43.2003492Z  {"t":{"$date":"2025-04-18T11:28:58.294+00:00"},"s":"I",  "c":"NETWORK",  "id":23015,   "ctx":"listener","msg":"Listening on","attr":{"address":"/tmp/mongodb-27017.sock"}}
2025-04-18T11:29:43.2004152Z  {"t":{"$date":"2025-04-18T11:28:58.294+00:00"},"s":"I",  "c":"NETWORK",  "id":23015,   "ctx":"listener","msg":"Listening on","attr":{"address":"0.0.0.0"}}
2025-04-18T11:29:43.2004812Z  {"t":{"$date":"2025-04-18T11:28:58.294+00:00"},"s":"I",  "c":"NETWORK",  "id":23016,   "ctx":"listener","msg":"Waiting for connections","attr":{"port":27017,"ssl":"off"}}
2025-04-18T11:29:43.2008885Z  {"t":{"$date":"2025-04-18T11:28:58.294+00:00"},"s":"I",  "c":"CONTROL",  "id":8423403, "ctx":"initandlisten","msg":"mongod startup complete","attr":{"Summary of time elapsed":{"Startup from clean shutdown?":true,"Statistics":{"Transport layer setup":"0 ms","Run initial syncer crash recovery":"0 ms","Create storage engine lock file in the data directory":"0 ms","Create storage engine lock file in the data directory":"0 ms","Get metadata describing storage engine":"0 ms","Get metadata describing storage engine":"0 ms","Create storage engine":"0 ms","Create storage engine":"213 ms","Write current PID to file":"0 ms","Write current PID to file":"0 ms","Write a new metadata for storage engine":"0 ms","Write a new metadata for storage engine":"0 ms","Initialize FCV before rebuilding indexes":"0 ms","Initialize FCV before rebuilding indexes":"0 ms","Drop abandoned idents and get back indexes that need to be rebuilt or builds that need to be restarted":"0 ms","Drop abandoned idents and get back indexes that need to be rebuilt or builds that need to be restarted":"0 ms","Rebuild indexes for collections":"0 ms","Rebuild indexes for collections":"0 ms","Build user and roles graph":"0 ms","Set up the background thread pool responsible for waiting for opTimes to be majority committed":"0 ms","Start up the replication coordinator":"0 ms","Start transport layer":"1 ms","_initAndListen total elapsed time":"238 ms"}}}}
2025-04-18T11:29:43.2013712Z  {"t":{"$date":"2025-04-18T11:28:58.307+00:00"},"s":"I",  "c":"INDEX",    "id":20345,   "ctx":"LogicalSessionCacheRefresh","msg":"Index build: done building","attr":{"buildUUID":null,"collectionUUID":{"uuid":{"$uuid":"ce57499b-e653-413f-bc1f-fd1478beae3f"}},"namespace":"config.system.sessions","index":"_id_","ident":"index-5--8880902683649975978","collectionIdent":"collection-4--8880902683649975978","commitTimestamp":null}}
2025-04-18T11:29:43.2015903Z  {"t":{"$date":"2025-04-18T11:28:58.307+00:00"},"s":"I",  "c":"INDEX",    "id":20345,   "ctx":"LogicalSessionCacheRefresh","msg":"Index build: done building","attr":{"buildUUID":null,"collectionUUID":{"uuid":{"$uuid":"ce57499b-e653-413f-bc1f-fd1478beae3f"}},"namespace":"config.system.sessions","index":"lsidTTLIndex","ident":"index-6--8880902683649975978","collectionIdent":"collection-4--8880902683649975978","commitTimestamp":null}}
2025-04-18T11:29:43.2022668Z Stop and remove container: 4b07066624694ece800e2dca30984cad_mongo6_377133
2025-04-18T11:29:43.2027576Z ##[command]/usr/bin/docker rm --force 7122a3a0f86f278b904311a19d4c6f716c600bba68e8c5209e200350d5de7f74
2025-04-18T11:29:43.3460967Z 7122a3a0f86f278b904311a19d4c6f716c600bba68e8c5209e200350d5de7f74
2025-04-18T11:29:43.3491989Z Remove container network: github_network_b6849377318f4290a28404ff172b9365
2025-04-18T11:29:43.3496308Z ##[command]/usr/bin/docker network rm github_network_b6849377318f4290a28404ff172b9365
2025-04-18T11:29:43.4370821Z github_network_b6849377318f4290a28404ff172b9365
2025-04-18T11:29:43.4429981Z Cleaning up orphan processes
