2025-04-16T13:26:27.6686008Z Current runner version: '2.323.0'
2025-04-16T13:26:27.6710572Z ##[group]Operating System
2025-04-16T13:26:27.6711378Z Ubuntu
2025-04-16T13:26:27.6711823Z 24.04.2
2025-04-16T13:26:27.6712602Z LTS
2025-04-16T13:26:27.6713035Z ##[endgroup]
2025-04-16T13:26:27.6713553Z ##[group]Runner Image
2025-04-16T13:26:27.6714197Z Image: ubuntu-24.04
2025-04-16T13:26:27.6714695Z Version: 20250413.1.0
2025-04-16T13:26:27.6715724Z Included Software: https://github.com/actions/runner-images/blob/ubuntu24/20250413.1/images/ubuntu/Ubuntu2404-Readme.md
2025-04-16T13:26:27.6717137Z Image Release: https://github.com/actions/runner-images/releases/tag/ubuntu24%2F20250413.1
2025-04-16T13:26:27.6718051Z ##[endgroup]
2025-04-16T13:26:27.6718523Z ##[group]Runner Image Provisioner
2025-04-16T13:26:27.6719154Z 2.0.422.1
2025-04-16T13:26:27.6719629Z ##[endgroup]
2025-04-16T13:26:27.6721984Z ##[group]GITHUB_TOKEN Permissions
2025-04-16T13:26:27.6724118Z Actions: write
2025-04-16T13:26:27.6724810Z Attestations: write
2025-04-16T13:26:27.6725487Z Checks: write
2025-04-16T13:26:27.6725986Z Contents: write
2025-04-16T13:26:27.6726437Z Deployments: write
2025-04-16T13:26:27.6727020Z Discussions: write
2025-04-16T13:26:27.6727491Z Issues: write
2025-04-16T13:26:27.6727946Z Metadata: read
2025-04-16T13:26:27.6728461Z Models: read
2025-04-16T13:26:27.6728972Z Packages: write
2025-04-16T13:26:27.6729453Z Pages: write
2025-04-16T13:26:27.6729978Z PullRequests: write
2025-04-16T13:26:27.6730517Z RepositoryProjects: write
2025-04-16T13:26:27.6731022Z SecurityEvents: write
2025-04-16T13:26:27.6731582Z Statuses: write
2025-04-16T13:26:27.6732205Z ##[endgroup]
2025-04-16T13:26:27.6734527Z Secret source: Actions
2025-04-16T13:26:27.6735555Z Prepare workflow directory
2025-04-16T13:26:27.7064323Z Prepare all required actions
2025-04-16T13:26:27.7121120Z Getting action download info
2025-04-16T13:26:28.4130650Z ##[group]Download immutable action package 'actions/checkout@v4'
2025-04-16T13:26:28.4131774Z Version: 4.2.2
2025-04-16T13:26:28.4133446Z Digest: sha256:ccb2698953eaebd21c7bf6268a94f9c26518a7e38e27e0b83c1fe1ad049819b1
2025-04-16T13:26:28.4134856Z Source commit SHA: 11bd71901bbe5b1630ceea73d27597364c9af683
2025-04-16T13:26:28.4135628Z ##[endgroup]
2025-04-16T13:26:28.5106271Z ##[group]Download immutable action package 'actions/setup-node@v4'
2025-04-16T13:26:28.5107138Z Version: 4.4.0
2025-04-16T13:26:28.5107941Z Digest: sha256:9427cefe82346e992fb5b949e3569b39d537ae41aa3086483b14eceebfc16bc1
2025-04-16T13:26:28.5108899Z Source commit SHA: 49933ea5288caeca8642d1e84afbd3f7d6820020
2025-04-16T13:26:28.5109860Z ##[endgroup]
2025-04-16T13:26:28.8376013Z Download action repository 'cypress-io/github-action@v6' (SHA:108b8684ae52e735ff7891524cbffbcd4be5b19f)
2025-04-16T13:26:29.4101548Z ##[group]Download immutable action package 'actions/upload-artifact@v4'
2025-04-16T13:26:29.4103132Z Version: 4.6.2
2025-04-16T13:26:29.4104280Z Digest: sha256:290722aa3281d5caf23d0acdc3dbeb3424786a1a01a9cc97e72f147225e37c38
2025-04-16T13:26:29.4105870Z Source commit SHA: ea165f8d65b6e75b540449e92b4886f43607fa02
2025-04-16T13:26:29.4106939Z ##[endgroup]
2025-04-16T13:26:29.6666904Z Complete job name: e2e (22.x)
2025-04-16T13:26:29.7364988Z ##[group]Run actions/checkout@v4
2025-04-16T13:26:29.7366464Z with:
2025-04-16T13:26:29.7367262Z   repository: mrkurger/date-night-app2
2025-04-16T13:26:29.7368580Z   token: ***
2025-04-16T13:26:29.7369324Z   ssh-strict: true
2025-04-16T13:26:29.7370066Z   ssh-user: git
2025-04-16T13:26:29.7370856Z   persist-credentials: true
2025-04-16T13:26:29.7371726Z   clean: true
2025-04-16T13:26:29.7372931Z   sparse-checkout-cone-mode: true
2025-04-16T13:26:29.7374104Z   fetch-depth: 1
2025-04-16T13:26:29.7374875Z   fetch-tags: false
2025-04-16T13:26:29.7375662Z   show-progress: true
2025-04-16T13:26:29.7376457Z   lfs: false
2025-04-16T13:26:29.7377456Z   submodules: false
2025-04-16T13:26:29.7378264Z   set-safe-directory: true
2025-04-16T13:26:29.7379465Z ##[endgroup]
2025-04-16T13:26:29.9449216Z Syncing repository: mrkurger/date-night-app2
2025-04-16T13:26:29.9452922Z ##[group]Getting Git version info
2025-04-16T13:26:29.9454462Z Working directory is '/home/runner/work/date-night-app2/date-night-app2'
2025-04-16T13:26:29.9456889Z [command]/usr/bin/git version
2025-04-16T13:26:29.9501331Z git version 2.49.0
2025-04-16T13:26:29.9533786Z ##[endgroup]
2025-04-16T13:26:29.9556334Z Temporarily overriding HOME='/home/runner/work/_temp/b6dff6e3-e8e1-48fd-8bcc-c2bf2d3226ed' before making global git config changes
2025-04-16T13:26:29.9560864Z Adding repository directory to the temporary git global config as a safe directory
2025-04-16T13:26:29.9575129Z [command]/usr/bin/git config --global --add safe.directory /home/runner/work/date-night-app2/date-night-app2
2025-04-16T13:26:29.9616824Z Deleting the contents of '/home/runner/work/date-night-app2/date-night-app2'
2025-04-16T13:26:29.9623218Z ##[group]Initializing the repository
2025-04-16T13:26:29.9627723Z [command]/usr/bin/git init /home/runner/work/date-night-app2/date-night-app2
2025-04-16T13:26:29.9716764Z hint: Using 'master' as the name for the initial branch. This default branch name
2025-04-16T13:26:29.9720393Z hint: is subject to change. To configure the initial branch name to use in all
2025-04-16T13:26:29.9726974Z hint: of your new repositories, which will suppress this warning, call:
2025-04-16T13:26:29.9729213Z hint:
2025-04-16T13:26:29.9730776Z hint: 	git config --global init.defaultBranch <name>
2025-04-16T13:26:29.9732925Z hint:
2025-04-16T13:26:29.9734676Z hint: Names commonly chosen instead of 'master' are 'main', 'trunk' and
2025-04-16T13:26:29.9737615Z hint: 'development'. The just-created branch can be renamed via this command:
2025-04-16T13:26:29.9739931Z hint:
2025-04-16T13:26:29.9741167Z hint: 	git branch -m <name>
2025-04-16T13:26:29.9745274Z Initialized empty Git repository in /home/runner/work/date-night-app2/date-night-app2/.git/
2025-04-16T13:26:29.9750437Z [command]/usr/bin/git remote add origin https://github.com/mrkurger/date-night-app2
2025-04-16T13:26:29.9788272Z ##[endgroup]
2025-04-16T13:26:29.9792799Z ##[group]Disabling automatic garbage collection
2025-04-16T13:26:29.9794965Z [command]/usr/bin/git config --local gc.auto 0
2025-04-16T13:26:29.9840366Z ##[endgroup]
2025-04-16T13:26:29.9842601Z ##[group]Setting up auth
2025-04-16T13:26:29.9844778Z [command]/usr/bin/git config --local --name-only --get-regexp core\.sshCommand
2025-04-16T13:26:29.9878952Z [command]/usr/bin/git submodule foreach --recursive sh -c "git config --local --name-only --get-regexp 'core\.sshCommand' && git config --local --unset-all 'core.sshCommand' || :"
2025-04-16T13:26:30.0236443Z [command]/usr/bin/git config --local --name-only --get-regexp http\.https\:\/\/github\.com\/\.extraheader
2025-04-16T13:26:30.0276322Z [command]/usr/bin/git submodule foreach --recursive sh -c "git config --local --name-only --get-regexp 'http\.https\:\/\/github\.com\/\.extraheader' && git config --local --unset-all 'http.https://github.com/.extraheader' || :"
2025-04-16T13:26:30.0523831Z [command]/usr/bin/git config --local http.https://github.com/.extraheader AUTHORIZATION: basic ***
2025-04-16T13:26:30.0569185Z ##[endgroup]
2025-04-16T13:26:30.0574778Z ##[group]Fetching the repository
2025-04-16T13:26:30.0583702Z [command]/usr/bin/git -c protocol.version=2 fetch --no-tags --prune --no-recurse-submodules --depth=1 origin +b292197eeb0331af586c34ae83d2e0ac2f3cbf90:refs/remotes/origin/main
2025-04-16T13:26:41.4315821Z From https://github.com/mrkurger/date-night-app2
2025-04-16T13:26:41.4319777Z  * [new ref]         b292197eeb0331af586c34ae83d2e0ac2f3cbf90 -> origin/main
2025-04-16T13:26:41.4358161Z ##[endgroup]
2025-04-16T13:26:41.4359452Z ##[group]Determining the checkout info
2025-04-16T13:26:41.4361363Z ##[endgroup]
2025-04-16T13:26:41.4369451Z [command]/usr/bin/git sparse-checkout disable
2025-04-16T13:26:41.4423435Z [command]/usr/bin/git config --local --unset-all extensions.worktreeConfig
2025-04-16T13:26:41.4455208Z ##[group]Checking out the ref
2025-04-16T13:26:41.4460646Z [command]/usr/bin/git checkout --progress --force -B main refs/remotes/origin/main
2025-04-16T13:26:41.8989953Z Switched to a new branch 'main'
2025-04-16T13:26:41.9003394Z branch 'main' set up to track 'origin/main'.
2025-04-16T13:26:41.9016284Z ##[endgroup]
2025-04-16T13:26:41.9064324Z [command]/usr/bin/git log -1 --format=%H
2025-04-16T13:26:41.9095232Z b292197eeb0331af586c34ae83d2e0ac2f3cbf90
2025-04-16T13:26:41.9327300Z ##[group]Run actions/setup-node@v4
2025-04-16T13:26:41.9327607Z with:
2025-04-16T13:26:41.9327781Z   node-version: 22.x
2025-04-16T13:26:41.9327980Z   cache: npm
2025-04-16T13:26:41.9328263Z   cache-dependency-path: client-angular/package-lock.json
2025-04-16T13:26:41.9328587Z   always-auth: false
2025-04-16T13:26:41.9328783Z   check-latest: false
2025-04-16T13:26:41.9329102Z   token: ***
2025-04-16T13:26:41.9329284Z ##[endgroup]
2025-04-16T13:26:42.1065273Z Found in cache @ /opt/hostedtoolcache/node/22.14.0/x64
2025-04-16T13:26:42.1069532Z ##[group]Environment details
2025-04-16T13:26:42.5870318Z node: v22.14.0
2025-04-16T13:26:42.5877410Z npm: 10.9.2
2025-04-16T13:26:42.5878361Z yarn: 1.22.22
2025-04-16T13:26:42.5880573Z ##[endgroup]
2025-04-16T13:26:42.5909509Z [command]/opt/hostedtoolcache/node/22.14.0/x64/bin/npm config get cache
2025-04-16T13:26:42.7083809Z /home/runner/.npm
2025-04-16T13:26:43.0063799Z Cache hit for: node-cache-Linux-x64-npm-eed186788acb99c392cc79891935d042040413390720b7932c16d8b7ca478e8b
2025-04-16T13:26:44.3279358Z Received 0 of 69351304 (0.0%), 0.0 MBs/sec
2025-04-16T13:26:45.1474540Z Received 69351304 of 69351304 (100.0%), 36.3 MBs/sec
2025-04-16T13:26:45.1476495Z Cache Size: ~66 MB (69351304 B)
2025-04-16T13:26:45.1518613Z [command]/usr/bin/tar -xf /home/runner/work/_temp/8470d436-d3ed-449d-9632-ce6ff6b6b7a8/cache.tzst -P -C /home/runner/work/date-night-app2/date-night-app2 --use-compress-program unzstd
2025-04-16T13:26:45.4656006Z Cache restored successfully
2025-04-16T13:26:45.4809303Z Cache restored from key: node-cache-Linux-x64-npm-eed186788acb99c392cc79891935d042040413390720b7932c16d8b7ca478e8b
2025-04-16T13:26:45.4979931Z ##[group]Run npm ci
2025-04-16T13:26:45.4980248Z [36;1mnpm ci[0m
2025-04-16T13:26:45.5032474Z shell: /usr/bin/bash -e {0}
2025-04-16T13:26:45.5032811Z ##[endgroup]
2025-04-16T13:26:50.8862315Z npm warn deprecated inflight@1.0.6: This module is not supported, and leaks memory. Do not use it. Check out lru-cache if you want a good and tested way to coalesce async requests by a key value, which is much more comprehensive and powerful.
2025-04-16T13:26:51.2080964Z npm warn deprecated rimraf@3.0.2: Rimraf versions prior to v4 are no longer supported
2025-04-16T13:26:51.2431768Z npm warn deprecated abab@2.0.6: Use your platform's native atob() and btoa() methods instead
2025-04-16T13:26:51.4463144Z npm warn deprecated glob@7.2.3: Glob versions prior to v9 are no longer supported
2025-04-16T13:26:51.6357260Z npm warn deprecated domexception@4.0.0: Use your platform's native DOMException instead
2025-04-16T13:26:52.7163259Z npm warn deprecated @humanwhocodes/object-schema@2.0.3: Use @eslint/object-schema instead
2025-04-16T13:26:52.7534119Z npm warn deprecated @humanwhocodes/config-array@0.11.14: Use @eslint/config-array instead
2025-04-16T13:26:56.4706816Z npm warn deprecated eslint@8.56.0: This version is no longer supported. Please see https://eslint.org/version-support for other options.
2025-04-16T13:27:11.8526442Z 
2025-04-16T13:27:11.8528660Z > date-night-app@1.0.0 prepare
2025-04-16T13:27:11.8531741Z > husky
2025-04-16T13:27:11.8533644Z 
2025-04-16T13:27:11.8678594Z sh: 1: husky: not found
2025-04-16T13:27:11.8714775Z npm error code 127
2025-04-16T13:27:11.8721284Z npm error path /home/runner/work/date-night-app2/date-night-app2
2025-04-16T13:27:11.8722760Z npm error command failed
2025-04-16T13:27:11.8723369Z npm error command sh -c husky
2025-04-16T13:27:11.8731031Z npm error A complete log of this run can be found in: /home/runner/.npm/_logs/2025-04-16T13_26_45_564Z-debug-0.log
2025-04-16T13:27:11.9690848Z ##[error]Process completed with exit code 127.
2025-04-16T13:27:11.9768859Z ##[group]Run actions/upload-artifact@v4
2025-04-16T13:27:11.9769338Z with:
2025-04-16T13:27:11.9769534Z   name: cypress-screenshots
2025-04-16T13:27:11.9769789Z   path: ./client-angular/cypress/screenshots
2025-04-16T13:27:11.9770054Z   if-no-files-found: warn
2025-04-16T13:27:11.9770258Z   compression-level: 6
2025-04-16T13:27:11.9770449Z   overwrite: false
2025-04-16T13:27:11.9770647Z   include-hidden-files: false
2025-04-16T13:27:11.9770864Z ##[endgroup]
2025-04-16T13:27:12.1951020Z ##[warning]No files were found with the provided path: ./client-angular/cypress/screenshots. No artifacts will be uploaded.
2025-04-16T13:27:12.2117117Z Post job cleanup.
2025-04-16T13:27:12.3096915Z [command]/usr/bin/git version
2025-04-16T13:27:12.3138462Z git version 2.49.0
2025-04-16T13:27:12.3184798Z Temporarily overriding HOME='/home/runner/work/_temp/70c83670-0b69-4134-a441-fc2cebc22ca1' before making global git config changes
2025-04-16T13:27:12.3188337Z Adding repository directory to the temporary git global config as a safe directory
2025-04-16T13:27:12.3193061Z [command]/usr/bin/git config --global --add safe.directory /home/runner/work/date-night-app2/date-night-app2
2025-04-16T13:27:12.3237768Z [command]/usr/bin/git config --local --name-only --get-regexp core\.sshCommand
2025-04-16T13:27:12.3275239Z [command]/usr/bin/git submodule foreach --recursive sh -c "git config --local --name-only --get-regexp 'core\.sshCommand' && git config --local --unset-all 'core.sshCommand' || :"
2025-04-16T13:27:12.3522751Z [command]/usr/bin/git config --local --name-only --get-regexp http\.https\:\/\/github\.com\/\.extraheader
2025-04-16T13:27:12.3548114Z http.https://github.com/.extraheader
2025-04-16T13:27:12.3562487Z [command]/usr/bin/git config --local --unset-all http.https://github.com/.extraheader
2025-04-16T13:27:12.3596447Z [command]/usr/bin/git submodule foreach --recursive sh -c "git config --local --name-only --get-regexp 'http\.https\:\/\/github\.com\/\.extraheader' && git config --local --unset-all 'http.https://github.com/.extraheader' || :"
2025-04-16T13:27:12.4048624Z Cleaning up orphan processes
