2025-04-16T14:12:06.9888363Z Current runner version: '2.323.0'
2025-04-16T14:12:06.9923804Z ##[group]Operating System
2025-04-16T14:12:06.9924920Z Ubuntu
2025-04-16T14:12:06.9925627Z 24.04.2
2025-04-16T14:12:06.9926526Z LTS
2025-04-16T14:12:06.9927245Z ##[endgroup]
2025-04-16T14:12:06.9927998Z ##[group]Runner Image
2025-04-16T14:12:06.9929043Z Image: ubuntu-24.04
2025-04-16T14:12:06.9929852Z Version: 20250406.1.0
2025-04-16T14:12:06.9931610Z Included Software: https://github.com/actions/runner-images/blob/ubuntu24/20250406.1/images/ubuntu/Ubuntu2404-Readme.md
2025-04-16T14:12:06.9934197Z Image Release: https://github.com/actions/runner-images/releases/tag/ubuntu24%2F20250406.1
2025-04-16T14:12:06.9935764Z ##[endgroup]
2025-04-16T14:12:06.9936516Z ##[group]Runner Image Provisioner
2025-04-16T14:12:06.9937575Z 2.0.422.1
2025-04-16T14:12:06.9938259Z ##[endgroup]
2025-04-16T14:12:06.9942662Z ##[group]GITHUB_TOKEN Permissions
2025-04-16T14:12:06.9945662Z Actions: write
2025-04-16T14:12:06.9946839Z Attestations: write
2025-04-16T14:12:06.9947757Z Checks: write
2025-04-16T14:12:06.9948642Z Contents: write
2025-04-16T14:12:06.9949422Z Deployments: write
2025-04-16T14:12:06.9950202Z Discussions: write
2025-04-16T14:12:06.9950989Z Issues: write
2025-04-16T14:12:06.9951852Z Metadata: read
2025-04-16T14:12:06.9952575Z Models: read
2025-04-16T14:12:06.9953704Z Packages: write
2025-04-16T14:12:06.9954567Z Pages: write
2025-04-16T14:12:06.9955307Z PullRequests: write
2025-04-16T14:12:06.9956208Z RepositoryProjects: write
2025-04-16T14:12:06.9957083Z SecurityEvents: write
2025-04-16T14:12:06.9958036Z Statuses: write
2025-04-16T14:12:06.9958854Z ##[endgroup]
2025-04-16T14:12:06.9961845Z Secret source: Actions
2025-04-16T14:12:06.9963273Z Prepare workflow directory
2025-04-16T14:12:07.0757198Z Prepare all required actions
2025-04-16T14:12:07.0866170Z Getting action download info
2025-04-16T14:12:07.5749209Z ##[group]Download immutable action package 'actions/checkout@v4'
2025-04-16T14:12:07.5750254Z Version: 4.2.2
2025-04-16T14:12:07.5751205Z Digest: sha256:ccb2698953eaebd21c7bf6268a94f9c26518a7e38e27e0b83c1fe1ad049819b1
2025-04-16T14:12:07.5752437Z Source commit SHA: 11bd71901bbe5b1630ceea73d27597364c9af683
2025-04-16T14:12:07.5753376Z ##[endgroup]
2025-04-16T14:12:07.6694856Z ##[group]Download immutable action package 'actions/setup-node@v4'
2025-04-16T14:12:07.6695620Z Version: 4.4.0
2025-04-16T14:12:07.6696413Z Digest: sha256:9427cefe82346e992fb5b949e3569b39d537ae41aa3086483b14eceebfc16bc1
2025-04-16T14:12:07.6697357Z Source commit SHA: 49933ea5288caeca8642d1e84afbd3f7d6820020
2025-04-16T14:12:07.6698040Z ##[endgroup]
2025-04-16T14:12:08.0392484Z Complete job name: lint (22.x)
2025-04-16T14:12:08.0969512Z ##[group]Run actions/checkout@v4
2025-04-16T14:12:08.0970321Z with:
2025-04-16T14:12:08.0970725Z   repository: mrkurger/date-night-app2
2025-04-16T14:12:08.0971425Z   token: ***
2025-04-16T14:12:08.0971801Z   ssh-strict: true
2025-04-16T14:12:08.0972182Z   ssh-user: git
2025-04-16T14:12:08.0972569Z   persist-credentials: true
2025-04-16T14:12:08.0973235Z   clean: true
2025-04-16T14:12:08.0973647Z   sparse-checkout-cone-mode: true
2025-04-16T14:12:08.0974112Z   fetch-depth: 1
2025-04-16T14:12:08.0974482Z   fetch-tags: false
2025-04-16T14:12:08.0974872Z   show-progress: true
2025-04-16T14:12:08.0975257Z   lfs: false
2025-04-16T14:12:08.0975615Z   submodules: false
2025-04-16T14:12:08.0975998Z   set-safe-directory: true
2025-04-16T14:12:08.0976658Z ##[endgroup]
2025-04-16T14:12:08.3025478Z Syncing repository: mrkurger/date-night-app2
2025-04-16T14:12:08.3035467Z ##[group]Getting Git version info
2025-04-16T14:12:08.3037603Z Working directory is '/home/runner/work/date-night-app2/date-night-app2'
2025-04-16T14:12:08.3040859Z [command]/usr/bin/git version
2025-04-16T14:12:08.3087027Z git version 2.49.0
2025-04-16T14:12:08.3121077Z ##[endgroup]
2025-04-16T14:12:08.3137871Z Temporarily overriding HOME='/home/runner/work/_temp/ca35c692-8957-4c7b-9cd0-5721c76d0ced' before making global git config changes
2025-04-16T14:12:08.3146783Z Adding repository directory to the temporary git global config as a safe directory
2025-04-16T14:12:08.3161000Z [command]/usr/bin/git config --global --add safe.directory /home/runner/work/date-night-app2/date-night-app2
2025-04-16T14:12:08.3203930Z Deleting the contents of '/home/runner/work/date-night-app2/date-night-app2'
2025-04-16T14:12:08.3210397Z ##[group]Initializing the repository
2025-04-16T14:12:08.3215256Z [command]/usr/bin/git init /home/runner/work/date-night-app2/date-night-app2
2025-04-16T14:12:08.3293959Z hint: Using 'master' as the name for the initial branch. This default branch name
2025-04-16T14:12:08.3296247Z hint: is subject to change. To configure the initial branch name to use in all
2025-04-16T14:12:08.3298010Z hint: of your new repositories, which will suppress this warning, call:
2025-04-16T14:12:08.3299290Z hint:
2025-04-16T14:12:08.3300117Z hint: 	git config --global init.defaultBranch <name>
2025-04-16T14:12:08.3301164Z hint:
2025-04-16T14:12:08.3302344Z hint: Names commonly chosen instead of 'master' are 'main', 'trunk' and
2025-04-16T14:12:08.3304527Z hint: 'development'. The just-created branch can be renamed via this command:
2025-04-16T14:12:08.3306009Z hint:
2025-04-16T14:12:08.3306798Z hint: 	git branch -m <name>
2025-04-16T14:12:08.3308719Z Initialized empty Git repository in /home/runner/work/date-night-app2/date-night-app2/.git/
2025-04-16T14:12:08.3318274Z [command]/usr/bin/git remote add origin https://github.com/mrkurger/date-night-app2
2025-04-16T14:12:08.3359416Z ##[endgroup]
2025-04-16T14:12:08.3361592Z ##[group]Disabling automatic garbage collection
2025-04-16T14:12:08.3365712Z [command]/usr/bin/git config --local gc.auto 0
2025-04-16T14:12:08.3400347Z ##[endgroup]
2025-04-16T14:12:08.3401614Z ##[group]Setting up auth
2025-04-16T14:12:08.3408030Z [command]/usr/bin/git config --local --name-only --get-regexp core\.sshCommand
2025-04-16T14:12:08.3444029Z [command]/usr/bin/git submodule foreach --recursive sh -c "git config --local --name-only --get-regexp 'core\.sshCommand' && git config --local --unset-all 'core.sshCommand' || :"
2025-04-16T14:12:08.3751013Z [command]/usr/bin/git config --local --name-only --get-regexp http\.https\:\/\/github\.com\/\.extraheader
2025-04-16T14:12:08.3786875Z [command]/usr/bin/git submodule foreach --recursive sh -c "git config --local --name-only --get-regexp 'http\.https\:\/\/github\.com\/\.extraheader' && git config --local --unset-all 'http.https://github.com/.extraheader' || :"
2025-04-16T14:12:08.4035470Z [command]/usr/bin/git config --local http.https://github.com/.extraheader AUTHORIZATION: basic ***
2025-04-16T14:12:08.4087930Z ##[endgroup]
2025-04-16T14:12:08.4095387Z ##[group]Fetching the repository
2025-04-16T14:12:08.4101560Z [command]/usr/bin/git -c protocol.version=2 fetch --no-tags --prune --no-recurse-submodules --depth=1 origin +16184beb43681fe4fe99c4fe9078df8efff02cf6:refs/remotes/origin/main
2025-04-16T14:12:10.8386083Z From https://github.com/mrkurger/date-night-app2
2025-04-16T14:12:10.8387037Z  * [new ref]         16184beb43681fe4fe99c4fe9078df8efff02cf6 -> origin/main
2025-04-16T14:12:10.8429658Z ##[endgroup]
2025-04-16T14:12:10.8430862Z ##[group]Determining the checkout info
2025-04-16T14:12:10.8431920Z ##[endgroup]
2025-04-16T14:12:10.8440071Z [command]/usr/bin/git sparse-checkout disable
2025-04-16T14:12:10.8495429Z [command]/usr/bin/git config --local --unset-all extensions.worktreeConfig
2025-04-16T14:12:10.8533127Z ##[group]Checking out the ref
2025-04-16T14:12:10.8540496Z [command]/usr/bin/git checkout --progress --force -B main refs/remotes/origin/main
2025-04-16T14:12:11.3001068Z Switched to a new branch 'main'
2025-04-16T14:12:11.3009882Z branch 'main' set up to track 'origin/main'.
2025-04-16T14:12:11.3046875Z ##[endgroup]
2025-04-16T14:12:11.3091009Z [command]/usr/bin/git log -1 --format=%H
2025-04-16T14:12:11.3130309Z 16184beb43681fe4fe99c4fe9078df8efff02cf6
2025-04-16T14:12:11.3398307Z ##[group]Run actions/setup-node@v4
2025-04-16T14:12:11.3398608Z with:
2025-04-16T14:12:11.3398788Z   node-version: 22.x
2025-04-16T14:12:11.3398988Z   cache: npm
2025-04-16T14:12:11.3399519Z   cache-dependency-path: client-angular/package-lock.json
2025-04-16T14:12:11.3399846Z   always-auth: false
2025-04-16T14:12:11.3400039Z   check-latest: false
2025-04-16T14:12:11.3400370Z   token: ***
2025-04-16T14:12:11.3400569Z ##[endgroup]
2025-04-16T14:12:11.5161828Z Found in cache @ /opt/hostedtoolcache/node/22.14.0/x64
2025-04-16T14:12:11.5166352Z ##[group]Environment details
2025-04-16T14:12:11.9625628Z node: v22.14.0
2025-04-16T14:12:11.9630557Z npm: 10.9.2
2025-04-16T14:12:11.9633692Z yarn: 1.22.22
2025-04-16T14:12:11.9648334Z ##[endgroup]
2025-04-16T14:12:11.9679761Z [command]/opt/hostedtoolcache/node/22.14.0/x64/bin/npm config get cache
2025-04-16T14:12:12.1299813Z /home/runner/.npm
2025-04-16T14:12:12.2618667Z Cache hit for: node-cache-Linux-x64-npm-eed186788acb99c392cc79891935d042040413390720b7932c16d8b7ca478e8b
2025-04-16T14:12:12.8474898Z Received 69351304 of 69351304 (100.0%), 124.1 MBs/sec
2025-04-16T14:12:12.8475954Z Cache Size: ~66 MB (69351304 B)
2025-04-16T14:12:12.8533700Z [command]/usr/bin/tar -xf /home/runner/work/_temp/7e48d517-56a9-469e-a2fd-44df2f382923/cache.tzst -P -C /home/runner/work/date-night-app2/date-night-app2 --use-compress-program unzstd
2025-04-16T14:12:13.1637203Z Cache restored successfully
2025-04-16T14:12:13.1790433Z Cache restored from key: node-cache-Linux-x64-npm-eed186788acb99c392cc79891935d042040413390720b7932c16d8b7ca478e8b
2025-04-16T14:12:13.1951478Z ##[group]Run npm ci
2025-04-16T14:12:13.1951785Z [36;1mnpm ci[0m
2025-04-16T14:12:13.2003187Z shell: /usr/bin/bash -e {0}
2025-04-16T14:12:13.2003435Z ##[endgroup]
2025-04-16T14:12:19.2930051Z npm warn deprecated inflight@1.0.6: This module is not supported, and leaks memory. Do not use it. Check out lru-cache if you want a good and tested way to coalesce async requests by a key value, which is much more comprehensive and powerful.
2025-04-16T14:12:19.6124986Z npm warn deprecated rimraf@3.0.2: Rimraf versions prior to v4 are no longer supported
2025-04-16T14:12:19.6531099Z npm warn deprecated abab@2.0.6: Use your platform's native atob() and btoa() methods instead
2025-04-16T14:12:19.8666982Z npm warn deprecated glob@7.2.3: Glob versions prior to v9 are no longer supported
2025-04-16T14:12:20.0598726Z npm warn deprecated domexception@4.0.0: Use your platform's native DOMException instead
2025-04-16T14:12:21.2076154Z npm warn deprecated @humanwhocodes/config-array@0.11.14: Use @eslint/config-array instead
2025-04-16T14:12:21.2385146Z npm warn deprecated @humanwhocodes/object-schema@2.0.3: Use @eslint/object-schema instead
2025-04-16T14:12:24.5743350Z npm warn deprecated eslint@8.56.0: This version is no longer supported. Please see https://eslint.org/version-support for other options.
2025-04-16T14:12:40.8243279Z 
2025-04-16T14:12:40.8244238Z > date-night-app@1.0.0 prepare
2025-04-16T14:12:40.8246432Z > husky
2025-04-16T14:12:40.8246816Z 
2025-04-16T14:12:40.8388116Z sh: 1: husky: not found
2025-04-16T14:12:40.8423665Z npm error code 127
2025-04-16T14:12:40.8433644Z npm error path /home/runner/work/date-night-app2/date-night-app2
2025-04-16T14:12:40.8436096Z npm error command failed
2025-04-16T14:12:40.8438212Z npm error command sh -c husky
2025-04-16T14:12:40.8453571Z npm error A complete log of this run can be found in: /home/runner/.npm/_logs/2025-04-16T14_12_13_262Z-debug-0.log
2025-04-16T14:12:40.9375616Z ##[error]Process completed with exit code 127.
2025-04-16T14:12:40.9577778Z Post job cleanup.
2025-04-16T14:12:41.0581024Z [command]/usr/bin/git version
2025-04-16T14:12:41.0622611Z git version 2.49.0
2025-04-16T14:12:41.0671171Z Temporarily overriding HOME='/home/runner/work/_temp/2f54fd01-a853-499e-af65-9131b3d2886d' before making global git config changes
2025-04-16T14:12:41.0673479Z Adding repository directory to the temporary git global config as a safe directory
2025-04-16T14:12:41.0678828Z [command]/usr/bin/git config --global --add safe.directory /home/runner/work/date-night-app2/date-night-app2
2025-04-16T14:12:41.0726909Z [command]/usr/bin/git config --local --name-only --get-regexp core\.sshCommand
2025-04-16T14:12:41.0766379Z [command]/usr/bin/git submodule foreach --recursive sh -c "git config --local --name-only --get-regexp 'core\.sshCommand' && git config --local --unset-all 'core.sshCommand' || :"
2025-04-16T14:12:41.1022018Z [command]/usr/bin/git config --local --name-only --get-regexp http\.https\:\/\/github\.com\/\.extraheader
2025-04-16T14:12:41.1049176Z http.https://github.com/.extraheader
2025-04-16T14:12:41.1064139Z [command]/usr/bin/git config --local --unset-all http.https://github.com/.extraheader
2025-04-16T14:12:41.1100259Z [command]/usr/bin/git submodule foreach --recursive sh -c "git config --local --name-only --get-regexp 'http\.https\:\/\/github\.com\/\.extraheader' && git config --local --unset-all 'http.https://github.com/.extraheader' || :"
2025-04-16T14:12:41.1471404Z Cleaning up orphan processes
