2025-04-18T14:45:57.9463820Z Current runner version: '2.323.0'
2025-04-18T14:45:57.9539827Z ##[group]Operating System
2025-04-18T14:45:57.9541135Z Ubuntu
2025-04-18T14:45:57.9541901Z 24.04.2
2025-04-18T14:45:57.9542711Z LTS
2025-04-18T14:45:57.9543616Z ##[endgroup]
2025-04-18T14:45:57.9544469Z ##[group]Runner Image
2025-04-18T14:45:57.9545476Z Image: ubuntu-24.04
2025-04-18T14:45:57.9546366Z Version: 20250413.1.0
2025-04-18T14:45:57.9548210Z Included Software: https://github.com/actions/runner-images/blob/ubuntu24/20250413.1/images/ubuntu/Ubuntu2404-Readme.md
2025-04-18T14:45:57.9551151Z Image Release: https://github.com/actions/runner-images/releases/tag/ubuntu24%2F20250413.1
2025-04-18T14:45:57.9552897Z ##[endgroup]
2025-04-18T14:45:57.9553767Z ##[group]Runner Image Provisioner
2025-04-18T14:45:57.9554704Z 2.0.422.1
2025-04-18T14:45:57.9555516Z ##[endgroup]
2025-04-18T14:45:57.9570294Z ##[group]GITHUB_TOKEN Permissions
2025-04-18T14:45:57.9573353Z Actions: write
2025-04-18T14:45:57.9574485Z Attestations: write
2025-04-18T14:45:57.9575626Z Checks: write
2025-04-18T14:45:57.9576542Z Contents: write
2025-04-18T14:45:57.9577409Z Deployments: write
2025-04-18T14:45:57.9578422Z Discussions: write
2025-04-18T14:45:57.9579787Z Issues: write
2025-04-18T14:45:57.9580691Z Metadata: read
2025-04-18T14:45:57.9581634Z Models: read
2025-04-18T14:45:57.9582423Z Packages: write
2025-04-18T14:45:57.9583247Z Pages: write
2025-04-18T14:45:57.9583958Z PullRequests: write
2025-04-18T14:45:57.9584955Z RepositoryProjects: write
2025-04-18T14:45:57.9585830Z SecurityEvents: write
2025-04-18T14:45:57.9586650Z Statuses: write
2025-04-18T14:45:57.9587494Z ##[endgroup]
2025-04-18T14:45:57.9621307Z Secret source: Actions
2025-04-18T14:45:57.9622740Z Prepare workflow directory
2025-04-18T14:45:58.0749514Z Prepare all required actions
2025-04-18T14:45:58.0848201Z Getting action download info
2025-04-18T14:45:58.6065739Z ##[group]Download immutable action package 'actions/checkout@v4'
2025-04-18T14:45:58.6066831Z Version: 4.2.2
2025-04-18T14:45:58.6067896Z Digest: sha256:ccb2698953eaebd21c7bf6268a94f9c26518a7e38e27e0b83c1fe1ad049819b1
2025-04-18T14:45:58.6069659Z Source commit SHA: 11bd71901bbe5b1630ceea73d27597364c9af683
2025-04-18T14:45:58.6070438Z ##[endgroup]
2025-04-18T14:45:58.7056131Z ##[group]Download immutable action package 'actions/setup-node@v4'
2025-04-18T14:45:58.7056967Z Version: 4.4.0
2025-04-18T14:45:58.7057888Z Digest: sha256:9427cefe82346e992fb5b949e3569b39d537ae41aa3086483b14eceebfc16bc1
2025-04-18T14:45:58.7059259Z Source commit SHA: 49933ea5288caeca8642d1e84afbd3f7d6820020
2025-04-18T14:45:58.7060006Z ##[endgroup]
2025-04-18T14:45:58.9032573Z ##[group]Download immutable action package 'actions/upload-artifact@v4'
2025-04-18T14:45:58.9033459Z Version: 4.6.2
2025-04-18T14:45:58.9034200Z Digest: sha256:290722aa3281d5caf23d0acdc3dbeb3424786a1a01a9cc97e72f147225e37c38
2025-04-18T14:45:58.9035299Z Source commit SHA: ea165f8d65b6e75b540449e92b4886f43607fa02
2025-04-18T14:45:58.9036032Z ##[endgroup]
2025-04-18T14:45:59.1143160Z Complete job name: test (22.x)
2025-04-18T14:45:59.1759129Z ##[group]Run actions/checkout@v4
2025-04-18T14:45:59.1760727Z with:
2025-04-18T14:45:59.1761538Z   repository: mrkurger/date-night-app2
2025-04-18T14:45:59.1762908Z   token: ***
2025-04-18T14:45:59.1763709Z   ssh-strict: true
2025-04-18T14:45:59.1764493Z   ssh-user: git
2025-04-18T14:45:59.1765302Z   persist-credentials: true
2025-04-18T14:45:59.1766195Z   clean: true
2025-04-18T14:45:59.1767040Z   sparse-checkout-cone-mode: true
2025-04-18T14:45:59.1768021Z   fetch-depth: 1
2025-04-18T14:45:59.1769106Z   fetch-tags: false
2025-04-18T14:45:59.1769964Z   show-progress: true
2025-04-18T14:45:59.1770790Z   lfs: false
2025-04-18T14:45:59.1771558Z   submodules: false
2025-04-18T14:45:59.1772371Z   set-safe-directory: true
2025-04-18T14:45:59.1773625Z env:
2025-04-18T14:45:59.1774304Z   CI: true
2025-04-18T14:45:59.1774974Z ##[endgroup]
2025-04-18T14:45:59.4207383Z Syncing repository: mrkurger/date-night-app2
2025-04-18T14:45:59.4211035Z ##[group]Getting Git version info
2025-04-18T14:45:59.4213295Z Working directory is '/home/runner/work/date-night-app2/date-night-app2'
2025-04-18T14:45:59.4222478Z [command]/usr/bin/git version
2025-04-18T14:45:59.4275082Z git version 2.49.0
2025-04-18T14:45:59.4309188Z ##[endgroup]
2025-04-18T14:45:59.4325769Z Temporarily overriding HOME='/home/runner/work/_temp/dd8b06bf-3002-4010-aa7b-afa0c3f02172' before making global git config changes
2025-04-18T14:45:59.4330039Z Adding repository directory to the temporary git global config as a safe directory
2025-04-18T14:45:59.4346603Z [command]/usr/bin/git config --global --add safe.directory /home/runner/work/date-night-app2/date-night-app2
2025-04-18T14:45:59.4396098Z Deleting the contents of '/home/runner/work/date-night-app2/date-night-app2'
2025-04-18T14:45:59.4399552Z ##[group]Initializing the repository
2025-04-18T14:45:59.4403268Z [command]/usr/bin/git init /home/runner/work/date-night-app2/date-night-app2
2025-04-18T14:45:59.4471945Z hint: Using 'master' as the name for the initial branch. This default branch name
2025-04-18T14:45:59.4475471Z hint: is subject to change. To configure the initial branch name to use in all
2025-04-18T14:45:59.4480229Z hint: of your new repositories, which will suppress this warning, call:
2025-04-18T14:45:59.4482593Z hint:
2025-04-18T14:45:59.4484253Z hint: 	git config --global init.defaultBranch <name>
2025-04-18T14:45:59.4486481Z hint:
2025-04-18T14:45:59.4488745Z hint: Names commonly chosen instead of 'master' are 'main', 'trunk' and
2025-04-18T14:45:59.4492327Z hint: 'development'. The just-created branch can be renamed via this command:
2025-04-18T14:45:59.4496394Z hint:
2025-04-18T14:45:59.4497805Z hint: 	git branch -m <name>
2025-04-18T14:45:59.4501029Z Initialized empty Git repository in /home/runner/work/date-night-app2/date-night-app2/.git/
2025-04-18T14:45:59.4510332Z [command]/usr/bin/git remote add origin https://github.com/mrkurger/date-night-app2
2025-04-18T14:45:59.4549068Z ##[endgroup]
2025-04-18T14:45:59.4551845Z ##[group]Disabling automatic garbage collection
2025-04-18T14:45:59.4554165Z [command]/usr/bin/git config --local gc.auto 0
2025-04-18T14:45:59.4587053Z ##[endgroup]
2025-04-18T14:45:59.4593214Z ##[group]Setting up auth
2025-04-18T14:45:59.4595790Z [command]/usr/bin/git config --local --name-only --get-regexp core\.sshCommand
2025-04-18T14:45:59.4631374Z [command]/usr/bin/git submodule foreach --recursive sh -c "git config --local --name-only --get-regexp 'core\.sshCommand' && git config --local --unset-all 'core.sshCommand' || :"
2025-04-18T14:45:59.4992938Z [command]/usr/bin/git config --local --name-only --get-regexp http\.https\:\/\/github\.com\/\.extraheader
2025-04-18T14:45:59.5031455Z [command]/usr/bin/git submodule foreach --recursive sh -c "git config --local --name-only --get-regexp 'http\.https\:\/\/github\.com\/\.extraheader' && git config --local --unset-all 'http.https://github.com/.extraheader' || :"
2025-04-18T14:45:59.5270032Z [command]/usr/bin/git config --local http.https://github.com/.extraheader AUTHORIZATION: basic ***
2025-04-18T14:45:59.5316528Z ##[endgroup]
2025-04-18T14:45:59.5324053Z ##[group]Fetching the repository
2025-04-18T14:45:59.5337853Z [command]/usr/bin/git -c protocol.version=2 fetch --no-tags --prune --no-recurse-submodules --depth=1 origin +a6e9e6f426eca587b561ca9dd44f93a8f81b3dc0:refs/remotes/origin/main
2025-04-18T14:46:02.0820111Z From https://github.com/mrkurger/date-night-app2
2025-04-18T14:46:02.0823667Z  * [new ref]         a6e9e6f426eca587b561ca9dd44f93a8f81b3dc0 -> origin/main
2025-04-18T14:46:02.0856446Z ##[endgroup]
2025-04-18T14:46:02.0857130Z ##[group]Determining the checkout info
2025-04-18T14:46:02.0857830Z ##[endgroup]
2025-04-18T14:46:02.0862916Z [command]/usr/bin/git sparse-checkout disable
2025-04-18T14:46:02.0905562Z [command]/usr/bin/git config --local --unset-all extensions.worktreeConfig
2025-04-18T14:46:02.0936551Z ##[group]Checking out the ref
2025-04-18T14:46:02.0939833Z [command]/usr/bin/git checkout --progress --force -B main refs/remotes/origin/main
2025-04-18T14:46:02.7009578Z Switched to a new branch 'main'
2025-04-18T14:46:02.7015706Z branch 'main' set up to track 'origin/main'.
2025-04-18T14:46:02.7046788Z ##[endgroup]
2025-04-18T14:46:02.7084114Z [command]/usr/bin/git log -1 --format=%H
2025-04-18T14:46:02.7107836Z a6e9e6f426eca587b561ca9dd44f93a8f81b3dc0
2025-04-18T14:46:02.7329166Z ##[group]Run actions/setup-node@v4
2025-04-18T14:46:02.7329474Z with:
2025-04-18T14:46:02.7329657Z   node-version: 22.x
2025-04-18T14:46:02.7329844Z   cache: npm
2025-04-18T14:46:02.7330097Z   cache-dependency-path: client-angular/package-lock.json
2025-04-18T14:46:02.7330406Z   always-auth: false
2025-04-18T14:46:02.7330600Z   check-latest: false
2025-04-18T14:46:02.7330912Z   token: ***
2025-04-18T14:46:02.7331078Z env:
2025-04-18T14:46:02.7331222Z   CI: true
2025-04-18T14:46:02.7331384Z ##[endgroup]
2025-04-18T14:46:02.9046854Z Found in cache @ /opt/hostedtoolcache/node/22.14.0/x64
2025-04-18T14:46:02.9055093Z ##[group]Environment details
2025-04-18T14:46:03.3127739Z node: v22.14.0
2025-04-18T14:46:03.3129895Z npm: 10.9.2
2025-04-18T14:46:03.3131317Z yarn: 1.22.22
2025-04-18T14:46:03.3132122Z ##[endgroup]
2025-04-18T14:46:03.3153226Z [command]/opt/hostedtoolcache/node/22.14.0/x64/bin/npm config get cache
2025-04-18T14:46:03.4673457Z /home/runner/.npm
2025-04-18T14:46:03.4824030Z ##[error]Some specified paths were not resolved, unable to cache dependencies.
2025-04-18T14:46:03.4943946Z ##[group]Run actions/upload-artifact@v4
2025-04-18T14:46:03.4944212Z with:
2025-04-18T14:46:03.4944383Z   name: test-results
2025-04-18T14:46:03.4944580Z   path: ./client-angular/coverage
2025-04-18T14:46:03.4944812Z   if-no-files-found: warn
2025-04-18T14:46:03.4945010Z   compression-level: 6
2025-04-18T14:46:03.4945198Z   overwrite: false
2025-04-18T14:46:03.4945379Z   include-hidden-files: false
2025-04-18T14:46:03.4945595Z env:
2025-04-18T14:46:03.5005065Z   CI: true
2025-04-18T14:46:03.5005329Z ##[endgroup]
2025-04-18T14:46:03.7269720Z ##[warning]No files were found with the provided path: ./client-angular/coverage. No artifacts will be uploaded.
2025-04-18T14:46:03.7431716Z Post job cleanup.
2025-04-18T14:46:03.8365722Z [command]/usr/bin/git version
2025-04-18T14:46:03.8406198Z git version 2.49.0
2025-04-18T14:46:03.8453943Z Temporarily overriding HOME='/home/runner/work/_temp/3cf935e8-e390-4f6b-9ba7-f6f226a81215' before making global git config changes
2025-04-18T14:46:03.8455769Z Adding repository directory to the temporary git global config as a safe directory
2025-04-18T14:46:03.8460717Z [command]/usr/bin/git config --global --add safe.directory /home/runner/work/date-night-app2/date-night-app2
2025-04-18T14:46:03.8504308Z [command]/usr/bin/git config --local --name-only --get-regexp core\.sshCommand
2025-04-18T14:46:03.8541347Z [command]/usr/bin/git submodule foreach --recursive sh -c "git config --local --name-only --get-regexp 'core\.sshCommand' && git config --local --unset-all 'core.sshCommand' || :"
2025-04-18T14:46:03.8789694Z [command]/usr/bin/git config --local --name-only --get-regexp http\.https\:\/\/github\.com\/\.extraheader
2025-04-18T14:46:03.8813076Z http.https://github.com/.extraheader
2025-04-18T14:46:03.8828119Z [command]/usr/bin/git config --local --unset-all http.https://github.com/.extraheader
2025-04-18T14:46:03.8862770Z [command]/usr/bin/git submodule foreach --recursive sh -c "git config --local --name-only --get-regexp 'http\.https\:\/\/github\.com\/\.extraheader' && git config --local --unset-all 'http.https://github.com/.extraheader' || :"
2025-04-18T14:46:03.9206694Z Cleaning up orphan processes
