2025-04-16T01:58:01.0851594Z Current runner version: '2.323.0'
2025-04-16T01:58:01.0929295Z ##[group]Operating System
2025-04-16T01:58:01.0930458Z Ubuntu
2025-04-16T01:58:01.0931449Z 24.04.2
2025-04-16T01:58:01.0932196Z LTS
2025-04-16T01:58:01.0933001Z ##[endgroup]
2025-04-16T01:58:01.0933958Z ##[group]Runner Image
2025-04-16T01:58:01.0934950Z Image: ubuntu-24.04
2025-04-16T01:58:01.0935768Z Version: 20250406.1.0
2025-04-16T01:58:01.0945493Z Included Software: https://github.com/actions/runner-images/blob/ubuntu24/20250406.1/images/ubuntu/Ubuntu2404-Readme.md
2025-04-16T01:58:01.0948316Z Image Release: https://github.com/actions/runner-images/releases/tag/ubuntu24%2F20250406.1
2025-04-16T01:58:01.0949844Z ##[endgroup]
2025-04-16T01:58:01.0950804Z ##[group]Runner Image Provisioner
2025-04-16T01:58:01.0951797Z 2.0.422.1
2025-04-16T01:58:01.0952622Z ##[endgroup]
2025-04-16T01:58:01.0954583Z ##[group]GITHUB_TOKEN Permissions
2025-04-16T01:58:01.0977638Z Contents: read
2025-04-16T01:58:01.0978597Z Metadata: read
2025-04-16T01:58:01.0979702Z Packages: read
2025-04-16T01:58:01.0980805Z ##[endgroup]
2025-04-16T01:58:01.0983819Z Secret source: Actions
2025-04-16T01:58:01.0984969Z Prepare workflow directory
2025-04-16T01:58:01.1977717Z Prepare all required actions
2025-04-16T01:58:01.2103435Z Getting action download info
2025-04-16T01:58:01.6857999Z ##[group]Download immutable action package 'actions/checkout@v4'
2025-04-16T01:58:01.6859101Z Version: 4.2.2
2025-04-16T01:58:01.6860106Z Digest: sha256:ccb2698953eaebd21c7bf6268a94f9c26518a7e38e27e0b83c1fe1ad049819b1
2025-04-16T01:58:01.6861221Z Source commit SHA: 11bd71901bbe5b1630ceea73d27597364c9af683
2025-04-16T01:58:01.6861985Z ##[endgroup]
2025-04-16T01:58:01.7918402Z ##[group]Download immutable action package 'actions/setup-node@v4'
2025-04-16T01:58:01.7919238Z Version: 4.4.0
2025-04-16T01:58:01.7920033Z Digest: sha256:9427cefe82346e992fb5b949e3569b39d537ae41aa3086483b14eceebfc16bc1
2025-04-16T01:58:01.7921093Z Source commit SHA: 49933ea5288caeca8642d1e84afbd3f7d6820020
2025-04-16T01:58:01.7921822Z ##[endgroup]
2025-04-16T01:58:02.0265356Z Download action repository 'cypress-io/github-action@v6' (SHA:108b8684ae52e735ff7891524cbffbcd4be5b19f)
2025-04-16T01:58:02.3091004Z ##[group]Download immutable action package 'actions/upload-artifact@v4'
2025-04-16T01:58:02.3091737Z Version: 4.6.2
2025-04-16T01:58:02.3092371Z Digest: sha256:290722aa3281d5caf23d0acdc3dbeb3424786a1a01a9cc97e72f147225e37c38
2025-04-16T01:58:02.3093203Z Source commit SHA: ea165f8d65b6e75b540449e92b4886f43607fa02
2025-04-16T01:58:02.3093792Z ##[endgroup]
2025-04-16T01:58:02.5290642Z Complete job name: e2e (22.x)
2025-04-16T01:58:02.5900336Z ##[group]Run actions/checkout@v4
2025-04-16T01:58:02.5901162Z with:
2025-04-16T01:58:02.5901561Z   repository: mrkurger/date-night-app2
2025-04-16T01:58:02.5902236Z   token: ***
2025-04-16T01:58:02.5902615Z   ssh-strict: true
2025-04-16T01:58:02.5902993Z   ssh-user: git
2025-04-16T01:58:02.5903381Z   persist-credentials: true
2025-04-16T01:58:02.5903812Z   clean: true
2025-04-16T01:58:02.5904202Z   sparse-checkout-cone-mode: true
2025-04-16T01:58:02.5904692Z   fetch-depth: 1
2025-04-16T01:58:02.5905062Z   fetch-tags: false
2025-04-16T01:58:02.5905440Z   show-progress: true
2025-04-16T01:58:02.5905821Z   lfs: false
2025-04-16T01:58:02.5906405Z   submodules: false
2025-04-16T01:58:02.5906804Z   set-safe-directory: true
2025-04-16T01:58:02.5907497Z ##[endgroup]
2025-04-16T01:58:02.8504363Z Syncing repository: mrkurger/date-night-app2
2025-04-16T01:58:02.8507831Z ##[group]Getting Git version info
2025-04-16T01:58:02.8509266Z Working directory is '/home/runner/work/date-night-app2/date-night-app2'
2025-04-16T01:58:02.8511415Z [command]/usr/bin/git version
2025-04-16T01:58:02.8579254Z git version 2.49.0
2025-04-16T01:58:02.8623334Z ##[endgroup]
2025-04-16T01:58:02.8643184Z Temporarily overriding HOME='/home/runner/work/_temp/70d8a05b-8f59-46d2-831b-b4ede835f6b2' before making global git config changes
2025-04-16T01:58:02.8647261Z Adding repository directory to the temporary git global config as a safe directory
2025-04-16T01:58:02.8663888Z [command]/usr/bin/git config --global --add safe.directory /home/runner/work/date-night-app2/date-night-app2
2025-04-16T01:58:02.8705934Z Deleting the contents of '/home/runner/work/date-night-app2/date-night-app2'
2025-04-16T01:58:02.8712775Z ##[group]Initializing the repository
2025-04-16T01:58:02.8717690Z [command]/usr/bin/git init /home/runner/work/date-night-app2/date-night-app2
2025-04-16T01:58:02.8835181Z hint: Using 'master' as the name for the initial branch. This default branch name
2025-04-16T01:58:02.8837486Z hint: is subject to change. To configure the initial branch name to use in all
2025-04-16T01:58:02.8839263Z hint: of your new repositories, which will suppress this warning, call:
2025-04-16T01:58:02.8840754Z hint:
2025-04-16T01:58:02.8841638Z hint: 	git config --global init.defaultBranch <name>
2025-04-16T01:58:02.8842323Z hint:
2025-04-16T01:58:02.8843105Z hint: Names commonly chosen instead of 'master' are 'main', 'trunk' and
2025-04-16T01:58:02.8844126Z hint: 'development'. The just-created branch can be renamed via this command:
2025-04-16T01:58:02.8844990Z hint:
2025-04-16T01:58:02.8845781Z hint: 	git branch -m <name>
2025-04-16T01:58:02.8851067Z Initialized empty Git repository in /home/runner/work/date-night-app2/date-night-app2/.git/
2025-04-16T01:58:02.8867484Z [command]/usr/bin/git remote add origin https://github.com/mrkurger/date-night-app2
2025-04-16T01:58:02.8910298Z ##[endgroup]
2025-04-16T01:58:02.8912002Z ##[group]Disabling automatic garbage collection
2025-04-16T01:58:02.8917493Z [command]/usr/bin/git config --local gc.auto 0
2025-04-16T01:58:02.8961132Z ##[endgroup]
2025-04-16T01:58:02.8963182Z ##[group]Setting up auth
2025-04-16T01:58:02.8965160Z [command]/usr/bin/git config --local --name-only --get-regexp core\.sshCommand
2025-04-16T01:58:02.8999742Z [command]/usr/bin/git submodule foreach --recursive sh -c "git config --local --name-only --get-regexp 'core\.sshCommand' && git config --local --unset-all 'core.sshCommand' || :"
2025-04-16T01:58:02.9370749Z [command]/usr/bin/git config --local --name-only --get-regexp http\.https\:\/\/github\.com\/\.extraheader
2025-04-16T01:58:02.9406757Z [command]/usr/bin/git submodule foreach --recursive sh -c "git config --local --name-only --get-regexp 'http\.https\:\/\/github\.com\/\.extraheader' && git config --local --unset-all 'http.https://github.com/.extraheader' || :"
2025-04-16T01:58:02.9650931Z [command]/usr/bin/git config --local http.https://github.com/.extraheader AUTHORIZATION: basic ***
2025-04-16T01:58:02.9697062Z ##[endgroup]
2025-04-16T01:58:02.9702216Z ##[group]Fetching the repository
2025-04-16T01:58:02.9710521Z [command]/usr/bin/git -c protocol.version=2 fetch --no-tags --prune --no-recurse-submodules --depth=1 origin +c566077f3cb216b481ae1210cc9d718f8021ad79:refs/remotes/origin/main
2025-04-16T01:58:05.4769143Z From https://github.com/mrkurger/date-night-app2
2025-04-16T01:58:05.4770717Z  * [new ref]         c566077f3cb216b481ae1210cc9d718f8021ad79 -> origin/main
2025-04-16T01:58:05.4801618Z ##[endgroup]
2025-04-16T01:58:05.4804132Z ##[group]Determining the checkout info
2025-04-16T01:58:05.4805159Z ##[endgroup]
2025-04-16T01:58:05.4810081Z [command]/usr/bin/git sparse-checkout disable
2025-04-16T01:58:05.4857827Z [command]/usr/bin/git config --local --unset-all extensions.worktreeConfig
2025-04-16T01:58:05.4888556Z ##[group]Checking out the ref
2025-04-16T01:58:05.4894060Z [command]/usr/bin/git checkout --progress --force -B main refs/remotes/origin/main
2025-04-16T01:58:05.9190519Z Switched to a new branch 'main'
2025-04-16T01:58:05.9216947Z branch 'main' set up to track 'origin/main'.
2025-04-16T01:58:05.9234111Z ##[endgroup]
2025-04-16T01:58:05.9282508Z [command]/usr/bin/git log -1 --format=%H
2025-04-16T01:58:05.9319354Z c566077f3cb216b481ae1210cc9d718f8021ad79
2025-04-16T01:58:05.9572765Z ##[group]Run actions/setup-node@v4
2025-04-16T01:58:05.9573243Z with:
2025-04-16T01:58:05.9573490Z   node-version: 22.x
2025-04-16T01:58:05.9573830Z   cache: npm
2025-04-16T01:58:05.9574192Z   cache-dependency-path: client-angular/package-lock.json
2025-04-16T01:58:05.9574880Z   always-auth: false
2025-04-16T01:58:05.9575123Z   check-latest: false
2025-04-16T01:58:05.9575641Z   token: ***
2025-04-16T01:58:05.9575919Z ##[endgroup]
2025-04-16T01:58:06.1464655Z Found in cache @ /opt/hostedtoolcache/node/22.14.0/x64
2025-04-16T01:58:06.1479403Z ##[group]Environment details
2025-04-16T01:58:06.6779076Z node: v22.14.0
2025-04-16T01:58:06.6787712Z npm: 10.9.2
2025-04-16T01:58:06.6790138Z yarn: 1.22.22
2025-04-16T01:58:06.6793254Z ##[endgroup]
2025-04-16T01:58:06.6825748Z [command]/opt/hostedtoolcache/node/22.14.0/x64/bin/npm config get cache
2025-04-16T01:58:06.7988964Z /home/runner/.npm
2025-04-16T01:58:06.9291196Z Cache hit for: node-cache-Linux-x64-npm-eed186788acb99c392cc79891935d042040413390720b7932c16d8b7ca478e8b
2025-04-16T01:58:07.4757914Z Received 69351304 of 69351304 (100.0%), 135.5 MBs/sec
2025-04-16T01:58:07.4760963Z Cache Size: ~66 MB (69351304 B)
2025-04-16T01:58:07.4796632Z [command]/usr/bin/tar -xf /home/runner/work/_temp/0cef13b1-fb84-42b2-8ed6-25c48f7feefb/cache.tzst -P -C /home/runner/work/date-night-app2/date-night-app2 --use-compress-program unzstd
2025-04-16T01:58:07.7916631Z Cache restored successfully
2025-04-16T01:58:07.8066663Z Cache restored from key: node-cache-Linux-x64-npm-eed186788acb99c392cc79891935d042040413390720b7932c16d8b7ca478e8b
2025-04-16T01:58:07.8240483Z ##[group]Run npm ci
2025-04-16T01:58:07.8240789Z [36;1mnpm ci[0m
2025-04-16T01:58:07.8294942Z shell: /usr/bin/bash -e {0}
2025-04-16T01:58:07.8295211Z ##[endgroup]
2025-04-16T01:58:13.8279842Z npm warn deprecated inflight@1.0.6: This module is not supported, and leaks memory. Do not use it. Check out lru-cache if you want a good and tested way to coalesce async requests by a key value, which is much more comprehensive and powerful.
2025-04-16T01:58:14.1726971Z npm warn deprecated rimraf@3.0.2: Rimraf versions prior to v4 are no longer supported
2025-04-16T01:58:14.2014995Z npm warn deprecated abab@2.0.6: Use your platform's native atob() and btoa() methods instead
2025-04-16T01:58:14.3571106Z npm warn deprecated glob@7.2.3: Glob versions prior to v9 are no longer supported
2025-04-16T01:58:14.5006480Z npm warn deprecated domexception@4.0.0: Use your platform's native DOMException instead
2025-04-16T01:58:29.8688089Z 
2025-04-16T01:58:29.8689185Z added 1237 packages, and audited 1239 packages in 22s
2025-04-16T01:58:29.8690174Z 
2025-04-16T01:58:29.8698431Z 189 packages are looking for funding
2025-04-16T01:58:29.8698948Z   run `npm fund` for details
2025-04-16T01:58:29.8851334Z 
2025-04-16T01:58:29.8855719Z 3 moderate severity vulnerabilities
2025-04-16T01:58:29.8858136Z 
2025-04-16T01:58:29.8860025Z To address all issues (including breaking changes), run:
2025-04-16T01:58:29.8862396Z   npm audit fix --force
2025-04-16T01:58:29.8862668Z 
2025-04-16T01:58:29.8865997Z Run `npm audit` for details.
2025-04-16T01:58:29.9847109Z ##[warning]Unexpected input(s) 'headless', valid inputs are ['record', 'auto-cancel-after-failures', 'config', 'config-file', 'env', 'browser', 'command', 'start', 'start-windows', 'build', 'install', 'install-command', 'runTests', 'wait-on', 'wait-on-timeout', 'parallel', 'group', 'tag', 'working-directory', 'headed', 'publish-summary', 'summary-title', 'spec', 'project', 'command-prefix', 'ci-build-id', 'cache-key', 'quiet', 'component']
2025-04-16T01:58:29.9861660Z ##[group]Run cypress-io/github-action@v6
2025-04-16T01:58:29.9861913Z with:
2025-04-16T01:58:29.9862099Z   working-directory: ./client-angular
2025-04-16T01:58:29.9862422Z   build: npm run build
2025-04-16T01:58:29.9863082Z   start: npm start
2025-04-16T01:58:29.9863486Z   wait-on: http://localhost:4200
2025-04-16T01:58:29.9863727Z   browser: chrome
2025-04-16T01:58:29.9863897Z   headless: true
2025-04-16T01:58:29.9864114Z   record: false
2025-04-16T01:58:29.9864298Z   publish-summary: true
2025-04-16T01:58:29.9864545Z   component: false
2025-04-16T01:58:29.9864721Z ##[endgroup]
2025-04-16T01:58:30.2755319Z Cache hit for: npm-linux-x64-1d233aaccb68d004b711b451817eab777690f3623def55195bf0d740b39cc99b48ca48e70d82b3444ce09ad374c63e3f1e277558b747562d914ab0a8adec8060
2025-04-16T01:58:30.2769552Z Cache hit for: cypress-linux-x64-1d233aaccb68d004b711b451817eab777690f3623def55195bf0d740b39cc99b48ca48e70d82b3444ce09ad374c63e3f1e277558b747562d914ab0a8adec8060
2025-04-16T01:58:31.3465226Z Received 134217728 of 178373466 (75.2%), 127.5 MBs/sec
2025-04-16T01:58:31.4507432Z Received 178373466 of 178373466 (100.0%), 153.5 MBs/sec
2025-04-16T01:58:31.4512160Z Cache Size: ~170 MB (178373466 B)
2025-04-16T01:58:31.4536899Z Received 65164444 of 69358748 (94.0%), 60.5 MBs/sec
2025-04-16T01:58:31.4653689Z [command]/usr/bin/tar -xf /home/runner/work/_temp/2b460ddf-f21c-4cf3-a4b9-16f8da74717d/cache.tzst -P -C /home/runner/work/date-night-app2/date-night-app2 --use-compress-program unzstd
2025-04-16T01:58:31.6105246Z Received 69358748 of 69358748 (100.0%), 55.8 MBs/sec
2025-04-16T01:58:31.6110054Z Cache Size: ~66 MB (69358748 B)
2025-04-16T01:58:31.6143135Z [command]/usr/bin/tar -xf /home/runner/work/_temp/ef555a6d-75f8-49a3-8787-094373e7d64c/cache.tzst -P -C /home/runner/work/date-night-app2/date-night-app2 --use-compress-program unzstd
2025-04-16T01:58:32.2078037Z Cache restored successfully
2025-04-16T01:58:34.8242777Z Cache restored successfully
2025-04-16T01:58:34.9477496Z [command]/opt/hostedtoolcache/node/22.14.0/x64/bin/npm ci
2025-04-16T01:58:41.4646787Z npm warn deprecated inflight@1.0.6: This module is not supported, and leaks memory. Do not use it. Check out lru-cache if you want a good and tested way to coalesce async requests by a key value, which is much more comprehensive and powerful.
2025-04-16T01:58:41.7275063Z npm warn deprecated rimraf@3.0.2: Rimraf versions prior to v4 are no longer supported
2025-04-16T01:58:41.7460014Z npm warn deprecated abab@2.0.6: Use your platform's native atob() and btoa() methods instead
2025-04-16T01:58:42.0099749Z npm warn deprecated glob@7.2.3: Glob versions prior to v9 are no longer supported
2025-04-16T01:58:42.1040643Z npm warn deprecated domexception@4.0.0: Use your platform's native DOMException instead
2025-04-16T01:58:47.0320881Z 
2025-04-16T01:58:47.0323840Z added 1237 packages, and audited 1239 packages in 12s
2025-04-16T01:58:47.0335542Z 
2025-04-16T01:58:47.0337294Z 189 packages are looking for funding
2025-04-16T01:58:47.0356823Z   run `npm fund` for details
2025-04-16T01:58:47.0494555Z 
2025-04-16T01:58:47.0496347Z 3 moderate severity vulnerabilities
2025-04-16T01:58:47.0497935Z 
2025-04-16T01:58:47.0499531Z To address all issues (including breaking changes), run:
2025-04-16T01:58:47.0501352Z   npm audit fix --force
2025-04-16T01:58:47.0502802Z 
2025-04-16T01:58:47.0504186Z Run `npm audit` for details.
2025-04-16T01:58:47.1103948Z [command]/opt/hostedtoolcache/node/22.14.0/x64/bin/npx cypress cache list
2025-04-16T01:58:47.5402290Z ┌─────────┬───────────────────┐
2025-04-16T01:58:47.5403463Z │ version │ last used         │
2025-04-16T01:58:47.5404041Z ├─────────┼───────────────────┤
2025-04-16T01:58:47.5404517Z │ 14.3.0  │ a few seconds ago │
2025-04-16T01:58:47.5405065Z └─────────┴───────────────────┘
2025-04-16T01:58:47.5564334Z build app command "npm run build"
2025-04-16T01:58:47.5570335Z current working directory "/home/runner/work/date-night-app2/date-night-app2/client-angular"
2025-04-16T01:58:47.5588150Z [command]/opt/hostedtoolcache/node/22.14.0/x64/bin/npm run build
2025-04-16T01:58:47.6772009Z 
2025-04-16T01:58:47.6774345Z > client-angular@0.0.0 build
2025-04-16T01:58:47.6775759Z > ng build client-angular
2025-04-16T01:58:47.6776018Z 
2025-04-16T01:58:48.3969155Z [33m❯[39m Building...
2025-04-16T01:59:05.3404796Z [32m✔[39m Building...
2025-04-16T01:59:05.3432804Z Application bundle generation failed. [16.943 seconds]
2025-04-16T01:59:05.3437303Z 
2025-04-16T01:59:05.3808070Z [1m[33m[33m▲ [43;33m[[43;30mWARNING[43;33m][0m [1m2 repetitive deprecation warnings omitted.
2025-04-16T01:59:05.3910292Z Run in verbose mode to see all warnings.[0m [1m[35m[plugin angular-sass][0m
2025-04-16T01:59:05.3915071Z 
2025-04-16T01:59:05.3915565Z   null
2025-04-16T01:59:05.3915740Z 
2025-04-16T01:59:05.3915749Z 
2025-04-16T01:59:05.3918356Z [33m▲ [43;33m[[43;30mWARNING[43;33m][0m [1m14 repetitive deprecation warnings omitted.
2025-04-16T01:59:05.3919576Z Run in verbose mode to see all warnings.[0m [1m[35m[plugin angular-sass][0m
2025-04-16T01:59:05.3920096Z 
2025-04-16T01:59:05.3920259Z   null
2025-04-16T01:59:05.3920424Z 
2025-04-16T01:59:05.3920432Z 
2025-04-16T01:59:05.3921216Z [33m▲ [43;33m[[43;30mWARNING[43;33m][0m [1mDeprecation[0m [1m[35m[plugin angular-sass][0m
2025-04-16T01:59:05.3921736Z 
2025-04-16T01:59:05.3921991Z     src/app/core/design/components.scss:8:8:
2025-04-16T01:59:05.3922734Z [37m      8 │ @import [32m[37m'design-tokens';
2025-04-16T01:59:05.3923329Z         ╵         [32m^[0m
2025-04-16T01:59:05.3923564Z 
2025-04-16T01:59:05.3923572Z 
2025-04-16T01:59:05.3923990Z   Sass @import rules are deprecated and will be removed in Dart Sass 3.0.0.
2025-04-16T01:59:05.3924573Z   
2025-04-16T01:59:05.3925232Z   More info and automated migrator: [4mhttps://sass-lang.com/d/import[0m
2025-04-16T01:59:05.3925695Z 
2025-04-16T01:59:05.3925704Z 
2025-04-16T01:59:05.3951336Z [33m▲ [43;33m[[43;30mWARNING[43;33m][0m [1mDeprecation[0m [1m[35m[plugin angular-sass][0m
2025-04-16T01:59:05.3951915Z 
2025-04-16T01:59:05.3952185Z     src/app/core/design/components.scss:8:8:
2025-04-16T01:59:05.3952915Z [37m      8 │ @import [32m[37m'design-tokens';
2025-04-16T01:59:05.3953416Z         ╵         [32m^[0m
2025-04-16T01:59:05.3953630Z 
2025-04-16T01:59:05.3953639Z 
2025-04-16T01:59:05.3954045Z   Sass @import rules are deprecated and will be removed in Dart Sass 3.0.0.
2025-04-16T01:59:05.3954601Z   
2025-04-16T01:59:05.3955254Z   More info and automated migrator: [4mhttps://sass-lang.com/d/import[0m
2025-04-16T01:59:05.3956957Z 
2025-04-16T01:59:05.3956985Z 
2025-04-16T01:59:05.3957753Z [33m▲ [43;33m[[43;30mWARNING[43;33m][0m [1mDeprecation[0m [1m[35m[plugin angular-sass][0m
2025-04-16T01:59:05.3958333Z 
2025-04-16T01:59:05.3958579Z     src/app/core/design/components.scss:374:9:
2025-04-16T01:59:05.3959313Z [37m      374 │   color: [32m[37mdarken($success, 30%);
2025-04-16T01:59:05.3959875Z           ╵          [32m^[0m
2025-04-16T01:59:05.3960116Z 
2025-04-16T01:59:05.3960125Z 
2025-04-16T01:59:05.3960574Z   Global built-in functions are deprecated and will be removed in Dart Sass 3.0.0.
2025-04-16T01:59:05.3961236Z   Use color.adjust instead.
2025-04-16T01:59:05.3961574Z   
2025-04-16T01:59:05.3962230Z   More info and automated migrator: [4mhttps://sass-lang.com/d/import[0m
2025-04-16T01:59:05.3962706Z 
2025-04-16T01:59:05.3962713Z 
2025-04-16T01:59:05.3963411Z [33m▲ [43;33m[[43;30mWARNING[43;33m][0m [1mDeprecation[0m [1m[35m[plugin angular-sass][0m
2025-04-16T01:59:05.3963915Z 
2025-04-16T01:59:05.3964438Z     src/app/core/design/components.scss:374:9:
2025-04-16T01:59:05.3965189Z [37m      374 │   color: [32m[37mdarken($success, 30%);
2025-04-16T01:59:05.3965776Z           ╵          [32m^[0m
2025-04-16T01:59:05.3966423Z 
2025-04-16T01:59:05.3966433Z 
2025-04-16T01:59:05.3966656Z   darken() is deprecated. Suggestions:
2025-04-16T01:59:05.3967061Z   
2025-04-16T01:59:05.3967458Z   color.scale($color, $lightness: -60.9561752988%)
2025-04-16T01:59:05.3968003Z   color.adjust($color, $lightness: -30%)
2025-04-16T01:59:05.3968391Z   
2025-04-16T01:59:05.3968905Z   More info: [4mhttps://sass-lang.com/d/color-functions[0m
2025-04-16T01:59:05.3969280Z 
2025-04-16T01:59:05.3969288Z 
2025-04-16T01:59:05.3969960Z [33m▲ [43;33m[[43;30mWARNING[43;33m][0m [1mDeprecation[0m [1m[35m[plugin angular-sass][0m
2025-04-16T01:59:05.3970442Z 
2025-04-16T01:59:05.3970661Z     src/app/core/design/components.scss:374:9:
2025-04-16T01:59:05.3971342Z [37m      374 │   color: [32m[37mdarken($success, 30%);
2025-04-16T01:59:05.3971883Z           ╵          [32m^[0m
2025-04-16T01:59:05.3972108Z 
2025-04-16T01:59:05.3972114Z 
2025-04-16T01:59:05.3972544Z   Global built-in functions are deprecated and will be removed in Dart Sass 3.0.0.
2025-04-16T01:59:05.3973385Z   Use color.adjust instead.
2025-04-16T01:59:05.3973707Z   
2025-04-16T01:59:05.3974325Z   More info and automated migrator: [4mhttps://sass-lang.com/d/import[0m
2025-04-16T01:59:05.3974788Z 
2025-04-16T01:59:05.3974796Z 
2025-04-16T01:59:05.3975439Z [33m▲ [43;33m[[43;30mWARNING[43;33m][0m [1mDeprecation[0m [1m[35m[plugin angular-sass][0m
2025-04-16T01:59:05.3975901Z 
2025-04-16T01:59:05.3976332Z     src/app/core/design/components.scss:374:9:
2025-04-16T01:59:05.3977135Z [37m      374 │   color: [32m[37mdarken($success, 30%);
2025-04-16T01:59:05.3977717Z           ╵          [32m^[0m
2025-04-16T01:59:05.3977960Z 
2025-04-16T01:59:05.3977969Z 
2025-04-16T01:59:05.3978174Z   darken() is deprecated. Suggestions:
2025-04-16T01:59:05.3978592Z   
2025-04-16T01:59:05.3979014Z   color.scale($color, $lightness: -60.9561752988%)
2025-04-16T01:59:05.3979558Z   color.adjust($color, $lightness: -30%)
2025-04-16T01:59:05.3979962Z   
2025-04-16T01:59:05.3980490Z   More info: [4mhttps://sass-lang.com/d/color-functions[0m
2025-04-16T01:59:05.3980820Z 
2025-04-16T01:59:05.3980827Z 
2025-04-16T01:59:05.3981469Z [33m▲ [43;33m[[43;30mWARNING[43;33m][0m [1mDeprecation[0m [1m[35m[plugin angular-sass][0m
2025-04-16T01:59:05.3981939Z 
2025-04-16T01:59:05.3982151Z     src/app/core/design/components.scss:375:20:
2025-04-16T01:59:05.3982855Z [37m      375 │   background-color: [32m[37mlighten($success, 40%);
2025-04-16T01:59:05.3983421Z           ╵                     [32m^[0m
2025-04-16T01:59:05.3983660Z 
2025-04-16T01:59:05.3983667Z 
2025-04-16T01:59:05.3984041Z   Global built-in functions are deprecated and will be removed in Dart Sass 3.0.0.
2025-04-16T01:59:05.3984610Z   Use color.adjust instead.
2025-04-16T01:59:05.3984907Z   
2025-04-16T01:59:05.3985481Z   More info and automated migrator: [4mhttps://sass-lang.com/d/import[0m
2025-04-16T01:59:05.3985895Z 
2025-04-16T01:59:05.3985902Z 
2025-04-16T01:59:05.3986834Z [33m▲ [43;33m[[43;30mWARNING[43;33m][0m [1mDeprecation[0m [1m[35m[plugin angular-sass][0m
2025-04-16T01:59:05.3987355Z 
2025-04-16T01:59:05.3987573Z     src/app/core/design/components.scss:375:20:
2025-04-16T01:59:05.3988306Z [37m      375 │   background-color: [32m[37mlighten($success, 40%);
2025-04-16T01:59:05.3988892Z           ╵                     [32m^[0m
2025-04-16T01:59:05.3989161Z 
2025-04-16T01:59:05.3989168Z 
2025-04-16T01:59:05.3989369Z   lighten() is deprecated. Suggestions:
2025-04-16T01:59:05.3989709Z   
2025-04-16T01:59:05.3990069Z   color.scale($color, $lightness: 78.7644787645%)
2025-04-16T01:59:05.3990551Z   color.adjust($color, $lightness: 40%)
2025-04-16T01:59:05.3990906Z   
2025-04-16T01:59:05.3991415Z   More info: [4mhttps://sass-lang.com/d/color-functions[0m
2025-04-16T01:59:05.3991793Z 
2025-04-16T01:59:05.3991800Z 
2025-04-16T01:59:05.3992648Z [33m▲ [43;33m[[43;30mWARNING[43;33m][0m [1mDeprecation[0m [1m[35m[plugin angular-sass][0m
2025-04-16T01:59:05.3993174Z 
2025-04-16T01:59:05.3993405Z     src/app/core/design/components.scss:375:20:
2025-04-16T01:59:05.3994183Z [37m      375 │   background-color: [32m[37mlighten($success, 40%);
2025-04-16T01:59:05.3994794Z           ╵                     [32m^[0m
2025-04-16T01:59:05.3995050Z 
2025-04-16T01:59:05.3995057Z 
2025-04-16T01:59:05.3995475Z   Global built-in functions are deprecated and will be removed in Dart Sass 3.0.0.
2025-04-16T01:59:05.3996074Z   Use color.adjust instead.
2025-04-16T01:59:05.3996607Z   
2025-04-16T01:59:05.3997234Z   More info and automated migrator: [4mhttps://sass-lang.com/d/import[0m
2025-04-16T01:59:05.3997689Z 
2025-04-16T01:59:05.3997696Z 
2025-04-16T01:59:05.3998352Z [33m▲ [43;33m[[43;30mWARNING[43;33m][0m [1mDeprecation[0m [1m[35m[plugin angular-sass][0m
2025-04-16T01:59:05.3998823Z 
2025-04-16T01:59:05.3999064Z     src/app/core/design/components.scss:375:20:
2025-04-16T01:59:05.3999829Z [37m      375 │   background-color: [32m[37mlighten($success, 40%);
2025-04-16T01:59:05.4000652Z           ╵                     [32m^[0m
2025-04-16T01:59:05.4000909Z 
2025-04-16T01:59:05.4000917Z 
2025-04-16T01:59:05.4001112Z   lighten() is deprecated. Suggestions:
2025-04-16T01:59:05.4001483Z   
2025-04-16T01:59:05.4001831Z   color.scale($color, $lightness: 78.7644787645%)
2025-04-16T01:59:05.4002332Z   color.adjust($color, $lightness: 40%)
2025-04-16T01:59:05.4002703Z   
2025-04-16T01:59:05.4003221Z   More info: [4mhttps://sass-lang.com/d/color-functions[0m
2025-04-16T01:59:05.4003599Z 
2025-04-16T01:59:05.4003606Z 
2025-04-16T01:59:05.4004268Z [33m▲ [43;33m[[43;30mWARNING[43;33m][0m [1mDeprecation[0m [1m[35m[plugin angular-sass][0m
2025-04-16T01:59:05.4004749Z 
2025-04-16T01:59:05.4004961Z     src/app/core/design/components.scss:376:16:
2025-04-16T01:59:05.4005722Z [37m      376 │   border-color: [32m[37mlighten($success, 30%);
2025-04-16T01:59:05.4006519Z           ╵                 [32m^[0m
2025-04-16T01:59:05.4006771Z 
2025-04-16T01:59:05.4006778Z 
2025-04-16T01:59:05.4007181Z   Global built-in functions are deprecated and will be removed in Dart Sass 3.0.0.
2025-04-16T01:59:05.4007759Z   Use color.adjust instead.
2025-04-16T01:59:05.4008069Z   
2025-04-16T01:59:05.4008643Z   More info and automated migrator: [4mhttps://sass-lang.com/d/import[0m
2025-04-16T01:59:05.4009072Z 
2025-04-16T01:59:05.4009080Z 
2025-04-16T01:59:05.4009707Z [33m▲ [43;33m[[43;30mWARNING[43;33m][0m [1mDeprecation[0m [1m[35m[plugin angular-sass][0m
2025-04-16T01:59:05.4010189Z 
2025-04-16T01:59:05.4010396Z     src/app/core/design/components.scss:376:16:
2025-04-16T01:59:05.4011112Z [37m      376 │   border-color: [32m[37mlighten($success, 30%);
2025-04-16T01:59:05.4011656Z           ╵                 [32m^[0m
2025-04-16T01:59:05.4011885Z 
2025-04-16T01:59:05.4011892Z 
2025-04-16T01:59:05.4012078Z   lighten() is deprecated. Suggestions:
2025-04-16T01:59:05.4012447Z   
2025-04-16T01:59:05.4012759Z   color.scale($color, $lightness: 59.0733590734%)
2025-04-16T01:59:05.4013237Z   color.adjust($color, $lightness: 30%)
2025-04-16T01:59:05.4013585Z   
2025-04-16T01:59:05.4014039Z   More info: [4mhttps://sass-lang.com/d/color-functions[0m
2025-04-16T01:59:05.4014379Z 
2025-04-16T01:59:05.4014385Z 
2025-04-16T01:59:05.4014975Z [33m▲ [43;33m[[43;30mWARNING[43;33m][0m [1mDeprecation[0m [1m[35m[plugin angular-sass][0m
2025-04-16T01:59:05.4015415Z 
2025-04-16T01:59:05.4015606Z     src/app/core/design/components.scss:376:16:
2025-04-16T01:59:05.4016564Z [37m      376 │   border-color: [32m[37mlighten($success, 30%);
2025-04-16T01:59:05.4017182Z           ╵                 [32m^[0m
2025-04-16T01:59:05.4017443Z 
2025-04-16T01:59:05.4017451Z 
2025-04-16T01:59:05.4017872Z   Global built-in functions are deprecated and will be removed in Dart Sass 3.0.0.
2025-04-16T01:59:05.4018526Z   Use color.adjust instead.
2025-04-16T01:59:05.4018853Z   
2025-04-16T01:59:05.4019674Z   More info and automated migrator: [4mhttps://sass-lang.com/d/import[0m
2025-04-16T01:59:05.4020151Z 
2025-04-16T01:59:05.4020170Z 
2025-04-16T01:59:05.4020847Z [33m▲ [43;33m[[43;30mWARNING[43;33m][0m [1mDeprecation[0m [1m[35m[plugin angular-sass][0m
2025-04-16T01:59:05.4021342Z 
2025-04-16T01:59:05.4021562Z     src/app/core/design/components.scss:376:16:
2025-04-16T01:59:05.4022323Z [37m      376 │   border-color: [32m[37mlighten($success, 30%);
2025-04-16T01:59:05.4022920Z           ╵                 [32m^[0m
2025-04-16T01:59:05.4023173Z 
2025-04-16T01:59:05.4023181Z 
2025-04-16T01:59:05.4023379Z   lighten() is deprecated. Suggestions:
2025-04-16T01:59:05.4023760Z   
2025-04-16T01:59:05.4024130Z   color.scale($color, $lightness: 59.0733590734%)
2025-04-16T01:59:05.4024631Z   color.adjust($color, $lightness: 30%)
2025-04-16T01:59:05.4025011Z   
2025-04-16T01:59:05.4025548Z   More info: [4mhttps://sass-lang.com/d/color-functions[0m
2025-04-16T01:59:05.4025922Z 
2025-04-16T01:59:05.4025943Z 
2025-04-16T01:59:05.4026762Z [33m▲ [43;33m[[43;30mWARNING[43;33m][0m [1mDeprecation[0m [1m[35m[plugin angular-sass][0m
2025-04-16T01:59:05.4027456Z 
2025-04-16T01:59:05.4027669Z     src/app/core/design/components.scss:380:9:
2025-04-16T01:59:05.4028324Z [37m      380 │   color: [32m[37mdarken($warning, 30%);
2025-04-16T01:59:05.4028839Z           ╵          [32m^[0m
2025-04-16T01:59:05.4029041Z 
2025-04-16T01:59:05.4029048Z 
2025-04-16T01:59:05.4029426Z   Global built-in functions are deprecated and will be removed in Dart Sass 3.0.0.
2025-04-16T01:59:05.4029972Z   Use color.adjust instead.
2025-04-16T01:59:05.4030269Z   
2025-04-16T01:59:05.4030931Z   More info and automated migrator: [4mhttps://sass-lang.com/d/import[0m
2025-04-16T01:59:05.4031460Z 
2025-04-16T01:59:05.4031474Z 
2025-04-16T01:59:05.4032203Z [33m▲ [43;33m[[43;30mWARNING[43;33m][0m [1mDeprecation[0m [1m[35m[plugin angular-sass][0m
2025-04-16T01:59:05.4032770Z 
2025-04-16T01:59:05.4033032Z     src/app/core/design/components.scss:380:9:
2025-04-16T01:59:05.4033718Z [37m      380 │   color: [32m[37mdarken($warning, 30%);
2025-04-16T01:59:05.4034265Z           ╵          [32m^[0m
2025-04-16T01:59:05.4034488Z 
2025-04-16T01:59:05.4034496Z 
2025-04-16T01:59:05.4034679Z   darken() is deprecated. Suggestions:
2025-04-16T01:59:05.4035050Z   
2025-04-16T01:59:05.4035403Z   color.scale($color, $lightness: -58.3969465649%)
2025-04-16T01:59:05.4035914Z   color.adjust($color, $lightness: -30%)
2025-04-16T01:59:05.4036471Z   
2025-04-16T01:59:05.4036994Z   More info: [4mhttps://sass-lang.com/d/color-functions[0m
2025-04-16T01:59:05.4037376Z 
2025-04-16T01:59:05.4037384Z 
2025-04-16T01:59:05.4038056Z [33m▲ [43;33m[[43;30mWARNING[43;33m][0m [1mDeprecation[0m [1m[35m[plugin angular-sass][0m
2025-04-16T01:59:05.4038561Z 
2025-04-16T01:59:05.4038790Z     src/app/core/design/components.scss:380:9:
2025-04-16T01:59:05.4039492Z [37m      380 │   color: [32m[37mdarken($warning, 30%);
2025-04-16T01:59:05.4040027Z           ╵          [32m^[0m
2025-04-16T01:59:05.4040256Z 
2025-04-16T01:59:05.4040263Z 
2025-04-16T01:59:05.4040699Z   Global built-in functions are deprecated and will be removed in Dart Sass 3.0.0.
2025-04-16T01:59:05.4041356Z   Use color.adjust instead.
2025-04-16T01:59:05.4041674Z   
2025-04-16T01:59:05.4042304Z   More info and automated migrator: [4mhttps://sass-lang.com/d/import[0m
2025-04-16T01:59:05.4042774Z 
2025-04-16T01:59:05.4042782Z 
2025-04-16T01:59:05.4043452Z [33m▲ [43;33m[[43;30mWARNING[43;33m][0m [1mDeprecation[0m [1m[35m[plugin angular-sass][0m
2025-04-16T01:59:05.4043959Z 
2025-04-16T01:59:05.4044179Z     src/app/core/design/components.scss:380:9:
2025-04-16T01:59:05.4044874Z [37m      380 │   color: [32m[37mdarken($warning, 30%);
2025-04-16T01:59:05.4045418Z           ╵          [32m^[0m
2025-04-16T01:59:05.4045646Z 
2025-04-16T01:59:05.4045654Z 
2025-04-16T01:59:05.4045847Z   darken() is deprecated. Suggestions:
2025-04-16T01:59:05.4046371Z   
2025-04-16T01:59:05.4046950Z   color.scale($color, $lightness: -58.3969465649%)
2025-04-16T01:59:05.4047481Z   color.adjust($color, $lightness: -30%)
2025-04-16T01:59:05.4047875Z   
2025-04-16T01:59:05.4048397Z   More info: [4mhttps://sass-lang.com/d/color-functions[0m
2025-04-16T01:59:05.4048791Z 
2025-04-16T01:59:05.4048799Z 
2025-04-16T01:59:05.4049473Z [33m▲ [43;33m[[43;30mWARNING[43;33m][0m [1mDeprecation[0m [1m[35m[plugin angular-sass][0m
2025-04-16T01:59:05.4049974Z 
2025-04-16T01:59:05.4050202Z     src/app/core/design/components.scss:381:20:
2025-04-16T01:59:05.4050994Z [37m      381 │   background-color: [32m[37mlighten($warning, 40%);
2025-04-16T01:59:05.4051612Z           ╵                     [32m^[0m
2025-04-16T01:59:05.4051883Z 
2025-04-16T01:59:05.4051890Z 
2025-04-16T01:59:05.4052309Z   Global built-in functions are deprecated and will be removed in Dart Sass 3.0.0.
2025-04-16T01:59:05.4052950Z   Use color.adjust instead.
2025-04-16T01:59:05.4053275Z   
2025-04-16T01:59:05.4053914Z   More info and automated migrator: [4mhttps://sass-lang.com/d/import[0m
2025-04-16T01:59:05.4054374Z 
2025-04-16T01:59:05.4054381Z 
2025-04-16T01:59:05.4055270Z [33m▲ [43;33m[[43;30mWARNING[43;33m][0m [1mDeprecation[0m [1m[35m[plugin angular-sass][0m
2025-04-16T01:59:05.4055768Z 
2025-04-16T01:59:05.4055992Z     src/app/core/design/components.scss:381:20:
2025-04-16T01:59:05.4056951Z [37m      381 │   background-color: [32m[37mlighten($warning, 40%);
2025-04-16T01:59:05.4057602Z           ╵                     [32m^[0m
2025-04-16T01:59:05.4057870Z 
2025-04-16T01:59:05.4057877Z 
2025-04-16T01:59:05.4058070Z   lighten() is deprecated. Suggestions:
2025-04-16T01:59:05.4058452Z   
2025-04-16T01:59:05.4058806Z   color.scale($color, $lightness: 82.2580645161%)
2025-04-16T01:59:05.4059311Z   color.adjust($color, $lightness: 40%)
2025-04-16T01:59:05.4059670Z   
2025-04-16T01:59:05.4060165Z   More info: [4mhttps://sass-lang.com/d/color-functions[0m
2025-04-16T01:59:05.4060545Z 
2025-04-16T01:59:05.4060565Z 
2025-04-16T01:59:05.4061224Z [33m▲ [43;33m[[43;30mWARNING[43;33m][0m [1mDeprecation[0m [1m[35m[plugin angular-sass][0m
2025-04-16T01:59:05.4061733Z 
2025-04-16T01:59:05.4061951Z     src/app/core/design/components.scss:381:20:
2025-04-16T01:59:05.4062751Z [37m      381 │   background-color: [32m[37mlighten($warning, 40%);
2025-04-16T01:59:05.4063388Z           ╵                     [32m^[0m
2025-04-16T01:59:05.4063656Z 
2025-04-16T01:59:05.4063663Z 
2025-04-16T01:59:05.4064098Z   Global built-in functions are deprecated and will be removed in Dart Sass 3.0.0.
2025-04-16T01:59:05.4064744Z   Use color.adjust instead.
2025-04-16T01:59:05.4065075Z   
2025-04-16T01:59:05.4065712Z   More info and automated migrator: [4mhttps://sass-lang.com/d/import[0m
2025-04-16T01:59:05.4066340Z 
2025-04-16T01:59:05.4066348Z 
2025-04-16T01:59:05.4067053Z [33m▲ [43;33m[[43;30mWARNING[43;33m][0m [1mDeprecation[0m [1m[35m[plugin angular-sass][0m
2025-04-16T01:59:05.4067554Z 
2025-04-16T01:59:05.4067789Z     src/app/core/design/components.scss:381:20:
2025-04-16T01:59:05.4068547Z [37m      381 │   background-color: [32m[37mlighten($warning, 40%);
2025-04-16T01:59:05.4069163Z           ╵                     [32m^[0m
2025-04-16T01:59:05.4069417Z 
2025-04-16T01:59:05.4069424Z 
2025-04-16T01:59:05.4069607Z   lighten() is deprecated. Suggestions:
2025-04-16T01:59:05.4069971Z   
2025-04-16T01:59:05.4070334Z   color.scale($color, $lightness: 82.2580645161%)
2025-04-16T01:59:05.4070831Z   color.adjust($color, $lightness: 40%)
2025-04-16T01:59:05.4071233Z   
2025-04-16T01:59:05.4071815Z   More info: [4mhttps://sass-lang.com/d/color-functions[0m
2025-04-16T01:59:05.4072201Z 
2025-04-16T01:59:05.4072210Z 
2025-04-16T01:59:05.4072929Z [33m▲ [43;33m[[43;30mWARNING[43;33m][0m [1mDeprecation[0m [1m[35m[plugin angular-sass][0m
2025-04-16T01:59:05.4073455Z 
2025-04-16T01:59:05.4073677Z     src/app/core/design/main.scss:8:8:
2025-04-16T01:59:05.4074374Z [37m      8 │ @import [32m[37m'design-tokens';
2025-04-16T01:59:05.4075194Z         ╵         [32m^[0m
2025-04-16T01:59:05.4075487Z 
2025-04-16T01:59:05.4075496Z 
2025-04-16T01:59:05.4075948Z   Sass @import rules are deprecated and will be removed in Dart Sass 3.0.0.
2025-04-16T01:59:05.4076750Z   
2025-04-16T01:59:05.4077440Z   More info and automated migrator: [4mhttps://sass-lang.com/d/import[0m
2025-04-16T01:59:05.4077905Z 
2025-04-16T01:59:05.4077914Z 
2025-04-16T01:59:05.4078679Z [33m▲ [43;33m[[43;30mWARNING[43;33m][0m [1mDeprecation[0m [1m[35m[plugin angular-sass][0m
2025-04-16T01:59:05.4079242Z 
2025-04-16T01:59:05.4079478Z     src/app/core/design/main.scss:8:8:
2025-04-16T01:59:05.4080199Z [37m      8 │ @import [32m[37m'design-tokens';
2025-04-16T01:59:05.4080759Z         ╵         [32m^[0m
2025-04-16T01:59:05.4081019Z 
2025-04-16T01:59:05.4081028Z 
2025-04-16T01:59:05.4081460Z   Sass @import rules are deprecated and will be removed in Dart Sass 3.0.0.
2025-04-16T01:59:05.4082064Z   
2025-04-16T01:59:05.4082835Z   More info and automated migrator: [4mhttps://sass-lang.com/d/import[0m
2025-04-16T01:59:05.4083341Z 
2025-04-16T01:59:05.4083351Z 
2025-04-16T01:59:05.4084348Z [33m▲ [43;33m[[43;30mWARNING[43;33m][0m [1mDeprecation[0m [1m[35m[plugin angular-sass][0m
2025-04-16T01:59:05.4084896Z 
2025-04-16T01:59:05.4085140Z     src/app/core/design/main.scss:9:8:
2025-04-16T01:59:05.4085847Z [37m      9 │ @import [32m[37m'components';
2025-04-16T01:59:05.4086567Z         ╵         [32m^[0m
2025-04-16T01:59:05.4086810Z 
2025-04-16T01:59:05.4086818Z 
2025-04-16T01:59:05.4087187Z   Sass @import rules are deprecated and will be removed in Dart Sass 3.0.0.
2025-04-16T01:59:05.4087782Z   
2025-04-16T01:59:05.4088407Z   More info and automated migrator: [4mhttps://sass-lang.com/d/import[0m
2025-04-16T01:59:05.4088857Z 
2025-04-16T01:59:05.4088864Z 
2025-04-16T01:59:05.4089549Z [33m▲ [43;33m[[43;30mWARNING[43;33m][0m [1mDeprecation[0m [1m[35m[plugin angular-sass][0m
2025-04-16T01:59:05.4090032Z 
2025-04-16T01:59:05.4090240Z     src/app/core/design/main.scss:9:8:
2025-04-16T01:59:05.4090861Z [37m      9 │ @import [32m[37m'components';
2025-04-16T01:59:05.4091362Z         ╵         [32m^[0m
2025-04-16T01:59:05.4091573Z 
2025-04-16T01:59:05.4091581Z 
2025-04-16T01:59:05.4091955Z   Sass @import rules are deprecated and will be removed in Dart Sass 3.0.0.
2025-04-16T01:59:05.4092496Z   
2025-04-16T01:59:05.4093127Z   More info and automated migrator: [4mhttps://sass-lang.com/d/import[0m
2025-04-16T01:59:05.4093571Z 
2025-04-16T01:59:05.4093579Z 
2025-04-16T01:59:05.4094233Z [33m▲ [43;33m[[43;30mWARNING[43;33m][0m [1mDeprecation[0m [1m[35m[plugin angular-sass][0m
2025-04-16T01:59:05.4094725Z 
2025-04-16T01:59:05.4094924Z     src/app/core/design/main.scss:190:18:
2025-04-16T01:59:05.4095685Z [37m      190 │   margin-right: -([32m[37m$grid-gutter-width / 2);
2025-04-16T01:59:05.4096591Z           ╵                   [32m^[0m
2025-04-16T01:59:05.4096867Z 
2025-04-16T01:59:05.4096875Z 
2025-04-16T01:59:05.4097361Z   Using / for division outside of calc() is deprecated and will be removed in Dart Sass 2.0.0.
2025-04-16T01:59:05.4097984Z   
2025-04-16T01:59:05.4098573Z   Recommendation: math.div($grid-gutter-width, 2) or calc($grid-gutter-width / 2)
2025-04-16T01:59:05.4099165Z   
2025-04-16T01:59:05.4099818Z   More info and automated migrator: [4mhttps://sass-lang.com/d/slash-div[0m
2025-04-16T01:59:05.4100289Z 
2025-04-16T01:59:05.4100297Z 
2025-04-16T01:59:05.4100967Z [33m▲ [43;33m[[43;30mWARNING[43;33m][0m [1mDeprecation[0m [1m[35m[plugin angular-sass][0m
2025-04-16T01:59:05.4101470Z 
2025-04-16T01:59:05.4101674Z     src/app/core/design/main.scss:190:18:
2025-04-16T01:59:05.4102431Z [37m      190 │   margin-right: -([32m[37m$grid-gutter-width / 2);
2025-04-16T01:59:05.4103047Z           ╵                   [32m^[0m
2025-04-16T01:59:05.4103310Z 
2025-04-16T01:59:05.4103317Z 
2025-04-16T01:59:05.4103787Z   Using / for division outside of calc() is deprecated and will be removed in Dart Sass 2.0.0.
2025-04-16T01:59:05.4104619Z   
2025-04-16T01:59:05.4105209Z   Recommendation: math.div($grid-gutter-width, 2) or calc($grid-gutter-width / 2)
2025-04-16T01:59:05.4105837Z   
2025-04-16T01:59:05.4106669Z   More info and automated migrator: [4mhttps://sass-lang.com/d/slash-div[0m
2025-04-16T01:59:05.4107168Z 
2025-04-16T01:59:05.4107177Z 
2025-04-16T01:59:05.4107873Z [33m▲ [43;33m[[43;30mWARNING[43;33m][0m [1mDeprecation[0m [1m[35m[plugin angular-sass][0m
2025-04-16T01:59:05.4108410Z 
2025-04-16T01:59:05.4108614Z     src/app/core/design/main.scss:191:17:
2025-04-16T01:59:05.4109393Z [37m      191 │   margin-left: -([32m[37m$grid-gutter-width / 2);
2025-04-16T01:59:05.4110037Z           ╵                  [32m^[0m
2025-04-16T01:59:05.4110305Z 
2025-04-16T01:59:05.4110312Z 
2025-04-16T01:59:05.4110787Z   Using / for division outside of calc() is deprecated and will be removed in Dart Sass 2.0.0.
2025-04-16T01:59:05.4111415Z   
2025-04-16T01:59:05.4112020Z   Recommendation: math.div($grid-gutter-width, 2) or calc($grid-gutter-width / 2)
2025-04-16T01:59:05.4112635Z   
2025-04-16T01:59:05.4113378Z   More info and automated migrator: [4mhttps://sass-lang.com/d/slash-div[0m
2025-04-16T01:59:05.4114175Z 
2025-04-16T01:59:05.4114183Z 
2025-04-16T01:59:05.4114978Z [33m▲ [43;33m[[43;30mWARNING[43;33m][0m [1mDeprecation[0m [1m[35m[plugin angular-sass][0m
2025-04-16T01:59:05.4115551Z 
2025-04-16T01:59:05.4115786Z     src/app/core/design/main.scss:191:17:
2025-04-16T01:59:05.4117018Z [37m      191 │   margin-left: -([32m[37m$grid-gutter-width / 2);
2025-04-16T01:59:05.4117750Z           ╵                  [32m^[0m
2025-04-16T01:59:05.4118048Z 
2025-04-16T01:59:05.4118057Z 
2025-04-16T01:59:05.4118583Z   Using / for division outside of calc() is deprecated and will be removed in Dart Sass 2.0.0.
2025-04-16T01:59:05.4119301Z   
2025-04-16T01:59:05.4119941Z   Recommendation: math.div($grid-gutter-width, 2) or calc($grid-gutter-width / 2)
2025-04-16T01:59:05.4120610Z   
2025-04-16T01:59:05.4121403Z   More info and automated migrator: [4mhttps://sass-lang.com/d/slash-div[0m
2025-04-16T01:59:05.4121956Z 
2025-04-16T01:59:05.4121966Z 
2025-04-16T01:59:05.4122775Z [33m▲ [43;33m[[43;30mWARNING[43;33m][0m [1mDeprecation[0m [1m[35m[plugin angular-sass][0m
2025-04-16T01:59:05.4123339Z 
2025-04-16T01:59:05.4123582Z     src/app/core/design/main.scss:198:18:
2025-04-16T01:59:05.4124467Z [37m      198 │   padding-right: ([32m[37m$grid-gutter-width / 2);
2025-04-16T01:59:05.4125198Z           ╵                   [32m^[0m
2025-04-16T01:59:05.4125505Z 
2025-04-16T01:59:05.4125524Z 
2025-04-16T01:59:05.4126040Z   Using / for division outside of calc() is deprecated and will be removed in Dart Sass 2.0.0.
2025-04-16T01:59:05.4127011Z   
2025-04-16T01:59:05.4127592Z   Recommendation: math.div($grid-gutter-width, 2) or calc($grid-gutter-width / 2)
2025-04-16T01:59:05.4128198Z   
2025-04-16T01:59:05.4128885Z   More info and automated migrator: [4mhttps://sass-lang.com/d/slash-div[0m
2025-04-16T01:59:05.4129376Z 
2025-04-16T01:59:05.4129385Z 
2025-04-16T01:59:05.4130068Z [33m▲ [43;33m[[43;30mWARNING[43;33m][0m [1mDeprecation[0m [1m[35m[plugin angular-sass][0m
2025-04-16T01:59:05.4130570Z 
2025-04-16T01:59:05.4130768Z     src/app/core/design/main.scss:198:18:
2025-04-16T01:59:05.4131517Z [37m      198 │   padding-right: ([32m[37m$grid-gutter-width / 2);
2025-04-16T01:59:05.4132136Z           ╵                   [32m^[0m
2025-04-16T01:59:05.4132399Z 
2025-04-16T01:59:05.4132408Z 
2025-04-16T01:59:05.4132879Z   Using / for division outside of calc() is deprecated and will be removed in Dart Sass 2.0.0.
2025-04-16T01:59:05.4133519Z   
2025-04-16T01:59:05.4134081Z   Recommendation: math.div($grid-gutter-width, 2) or calc($grid-gutter-width / 2)
2025-04-16T01:59:05.4134673Z   
2025-04-16T01:59:05.4135319Z   More info and automated migrator: [4mhttps://sass-lang.com/d/slash-div[0m
2025-04-16T01:59:05.4135801Z 
2025-04-16T01:59:05.4135808Z 
2025-04-16T01:59:05.4136963Z [33m▲ [43;33m[[43;30mWARNING[43;33m][0m [1mDeprecation[0m [1m[35m[plugin angular-sass][0m
2025-04-16T01:59:05.4137499Z 
2025-04-16T01:59:05.4137710Z     src/app/core/design/main.scss:199:17:
2025-04-16T01:59:05.4138502Z [37m      199 │   padding-left: ([32m[37m$grid-gutter-width / 2);
2025-04-16T01:59:05.4139123Z           ╵                  [32m^[0m
2025-04-16T01:59:05.4139396Z 
2025-04-16T01:59:05.4139404Z 
2025-04-16T01:59:05.4139871Z   Using / for division outside of calc() is deprecated and will be removed in Dart Sass 2.0.0.
2025-04-16T01:59:05.4140505Z   
2025-04-16T01:59:05.4141063Z   Recommendation: math.div($grid-gutter-width, 2) or calc($grid-gutter-width / 2)
2025-04-16T01:59:05.4141666Z   
2025-04-16T01:59:05.4142311Z   More info and automated migrator: [4mhttps://sass-lang.com/d/slash-div[0m
2025-04-16T01:59:05.4142788Z 
2025-04-16T01:59:05.4142796Z 
2025-04-16T01:59:05.4143455Z [33m▲ [43;33m[[43;30mWARNING[43;33m][0m [1mDeprecation[0m [1m[35m[plugin angular-sass][0m
2025-04-16T01:59:05.4143954Z 
2025-04-16T01:59:05.4144167Z     src/app/core/design/main.scss:199:17:
2025-04-16T01:59:05.4144923Z [37m      199 │   padding-left: ([32m[37m$grid-gutter-width / 2);
2025-04-16T01:59:05.4145720Z           ╵                  [32m^[0m
2025-04-16T01:59:05.4145986Z 
2025-04-16T01:59:05.4145994Z 
2025-04-16T01:59:05.4146665Z   Using / for division outside of calc() is deprecated and will be removed in Dart Sass 2.0.0.
2025-04-16T01:59:05.4147364Z   
2025-04-16T01:59:05.4147976Z   Recommendation: math.div($grid-gutter-width, 2) or calc($grid-gutter-width / 2)
2025-04-16T01:59:05.4148622Z   
2025-04-16T01:59:05.4149344Z   More info and automated migrator: [4mhttps://sass-lang.com/d/slash-div[0m
2025-04-16T01:59:05.4149854Z 
2025-04-16T01:59:05.4149863Z 
2025-04-16T01:59:05.4150594Z [33m▲ [43;33m[[43;30mWARNING[43;33m][0m [1mDeprecation[0m [1m[35m[plugin angular-sass][0m
2025-04-16T01:59:05.4151149Z 
2025-04-16T01:59:05.4151373Z     src/app/core/design/main.scss:204:25:
2025-04-16T01:59:05.4152212Z [37m      204 │     flex: 0 0 percentage([32m[37m$i / $grid-columns);
2025-04-16T01:59:05.4152915Z           ╵                          [32m^[0m
2025-04-16T01:59:05.4153237Z 
2025-04-16T01:59:05.4153246Z 
2025-04-16T01:59:05.4153773Z   Using / for division outside of calc() is deprecated and will be removed in Dart Sass 2.0.0.
2025-04-16T01:59:05.4154495Z   
2025-04-16T01:59:05.4184275Z   Recommendation: math.div($i, $grid-columns) or calc($i / $grid-columns)
2025-04-16T01:59:05.4184940Z   
2025-04-16T01:59:05.4185713Z   More info and automated migrator: [4mhttps://sass-lang.com/d/slash-div[0m
2025-04-16T01:59:05.4196592Z 
2025-04-16T01:59:05.4196602Z 
2025-04-16T01:59:05.4197401Z [33m▲ [43;33m[[43;30mWARNING[43;33m][0m [1mDeprecation[0m [1m[35m[plugin angular-sass][0m
2025-04-16T01:59:05.4197938Z 
2025-04-16T01:59:05.4198151Z     src/app/core/design/main.scss:204:25:
2025-04-16T01:59:05.4198924Z [37m      204 │     flex: 0 0 percentage([32m[37m$i / $grid-columns);
2025-04-16T01:59:05.4199582Z           ╵                          [32m^[0m
2025-04-16T01:59:05.4199857Z 
2025-04-16T01:59:05.4199865Z 
2025-04-16T01:59:05.4200351Z   Using / for division outside of calc() is deprecated and will be removed in Dart Sass 2.0.0.
2025-04-16T01:59:05.4200991Z   
2025-04-16T01:59:05.4201492Z   Recommendation: math.div($i, $grid-columns) or calc($i / $grid-columns)
2025-04-16T01:59:05.4202056Z   
2025-04-16T01:59:05.4202716Z   More info and automated migrator: [4mhttps://sass-lang.com/d/slash-div[0m
2025-04-16T01:59:05.4203196Z 
2025-04-16T01:59:05.4203205Z 
2025-04-16T01:59:05.4203900Z [33m▲ [43;33m[[43;30mWARNING[43;33m][0m [1mDeprecation[0m [1m[35m[plugin angular-sass][0m
2025-04-16T01:59:05.4204411Z 
2025-04-16T01:59:05.4204716Z     src/app/features/auth/login/login.component.scss:1:8:
2025-04-16T01:59:05.4205556Z [37m      1 │ @import [32m[37m'../../../core/design/design-tokens';
2025-04-16T01:59:05.4206507Z         ╵         [32m^[0m
2025-04-16T01:59:05.4206863Z 
2025-04-16T01:59:05.4216608Z 
2025-04-16T01:59:05.4217137Z   Sass @import rules are deprecated and will be removed in Dart Sass 3.0.0.
2025-04-16T01:59:05.4217772Z   
2025-04-16T01:59:05.4218512Z   More info and automated migrator: [4mhttps://sass-lang.com/d/import[0m
2025-04-16T01:59:05.4219003Z 
2025-04-16T01:59:05.4219013Z 
2025-04-16T01:59:05.4219759Z [33m▲ [43;33m[[43;30mWARNING[43;33m][0m [1mDeprecation[0m [1m[35m[plugin angular-sass][0m
2025-04-16T01:59:05.4220305Z 
2025-04-16T01:59:05.4220640Z     src/app/features/auth/login/login.component.scss:233:11:
2025-04-16T01:59:05.4221477Z [37m      233 │     color: [32m[37mdarken($success, 10%);
2025-04-16T01:59:05.4222073Z           ╵            [32m^[0m
2025-04-16T01:59:05.4222335Z 
2025-04-16T01:59:05.4222343Z 
2025-04-16T01:59:05.4222806Z   Global built-in functions are deprecated and will be removed in Dart Sass 3.0.0.
2025-04-16T01:59:05.4223486Z   Use color.adjust instead.
2025-04-16T01:59:05.4223832Z   
2025-04-16T01:59:05.4224519Z   More info and automated migrator: [4mhttps://sass-lang.com/d/import[0m
2025-04-16T01:59:05.4225014Z 
2025-04-16T01:59:05.4225023Z 
2025-04-16T01:59:05.4225990Z [33m▲ [43;33m[[43;30mWARNING[43;33m][0m [1mDeprecation[0m [1m[35m[plugin angular-sass][0m
2025-04-16T01:59:05.4226694Z 
2025-04-16T01:59:05.4227025Z     src/app/features/auth/login/login.component.scss:233:11:
2025-04-16T01:59:05.4227833Z [37m      233 │     color: [32m[37mdarken($success, 10%);
2025-04-16T01:59:05.4228407Z           ╵            [32m^[0m
2025-04-16T01:59:05.4228666Z 
2025-04-16T01:59:05.4228673Z 
2025-04-16T01:59:05.4228866Z   darken() is deprecated. Suggestions:
2025-04-16T01:59:05.4229262Z   
2025-04-16T01:59:05.4229642Z   color.scale($color, $lightness: -20.3187250996%)
2025-04-16T01:59:05.4230169Z   color.adjust($color, $lightness: -10%)
2025-04-16T01:59:05.4230566Z   
2025-04-16T01:59:05.4231109Z   More info: [4mhttps://sass-lang.com/d/color-functions[0m
2025-04-16T01:59:05.4231504Z 
2025-04-16T01:59:05.4231512Z 
2025-04-16T01:59:05.4232205Z [33m▲ [43;33m[[43;30mWARNING[43;33m][0m [1mDeprecation[0m [1m[35m[plugin angular-sass][0m
2025-04-16T01:59:05.4232726Z 
2025-04-16T01:59:05.4232976Z     src/app/features/chat/chat.component.scss:1:8:
2025-04-16T01:59:05.4233750Z [37m      1 │ @import [32m[37m'../../core/design/design-tokens';
2025-04-16T01:59:05.4234294Z         ╵         [32m^[0m
2025-04-16T01:59:05.4234526Z 
2025-04-16T01:59:05.4234533Z 
2025-04-16T01:59:05.4234910Z   Sass @import rules are deprecated and will be removed in Dart Sass 3.0.0.
2025-04-16T01:59:05.4235468Z   
2025-04-16T01:59:05.4236108Z   More info and automated migrator: [4mhttps://sass-lang.com/d/import[0m
2025-04-16T01:59:05.4266665Z 
2025-04-16T01:59:05.4266676Z 
2025-04-16T01:59:05.4267497Z [33m▲ [43;33m[[43;30mWARNING[43;33m][0m [1mDeprecation[0m [1m[35m[plugin angular-sass][0m
2025-04-16T01:59:05.4268050Z 
2025-04-16T01:59:05.4268387Z     src/app/features/list-view/list-view.component.scss:1:8:
2025-04-16T01:59:05.4269272Z [37m      1 │ @import [32m[37m'../../core/design/design-tokens';
2025-04-16T01:59:05.4269853Z         ╵         [32m^[0m
2025-04-16T01:59:05.4270101Z 
2025-04-16T01:59:05.4270110Z 
2025-04-16T01:59:05.4270510Z   Sass @import rules are deprecated and will be removed in Dart Sass 3.0.0.
2025-04-16T01:59:05.4271082Z   
2025-04-16T01:59:05.4271742Z   More info and automated migrator: [4mhttps://sass-lang.com/d/import[0m
2025-04-16T01:59:05.4272222Z 
2025-04-16T01:59:05.4272230Z 
2025-04-16T01:59:05.4273519Z [33m▲ [43;33m[[43;30mWARNING[43;33m][0m [1mTS-998113: AdCardComponent is not used within the template of ListViewComponent[0m [1m[35m[plugin angular-compiler][0m
2025-04-16T01:59:05.4274409Z 
2025-04-16T01:59:05.4274719Z     src/app/features/list-view/list-view.component.ts:86:4:
2025-04-16T01:59:05.4275444Z [37m      86 │     [32mAdCardComponent[37m,
2025-04-16T01:59:05.4276004Z          ╵     [32m~~~~~~~~~~~~~~~[0m
2025-04-16T01:59:05.4276445Z 
2025-04-16T01:59:05.4276453Z 
2025-04-16T01:59:05.4277480Z [33m▲ [43;33m[[43;30mWARNING[43;33m][0m [1mDeprecation[0m [1m[35m[plugin angular-sass][0m
2025-04-16T01:59:05.4278024Z 
2025-04-16T01:59:05.4278411Z     src/app/features/netflix-view/netflix-view.component.scss:1:8:
2025-04-16T01:59:05.4279312Z [37m      1 │ @import [32m[37m'../../core/design/design-tokens';
2025-04-16T01:59:05.4279866Z         ╵         [32m^[0m
2025-04-16T01:59:05.4280091Z 
2025-04-16T01:59:05.4280099Z 
2025-04-16T01:59:05.4280488Z   Sass @import rules are deprecated and will be removed in Dart Sass 3.0.0.
2025-04-16T01:59:05.4281044Z   
2025-04-16T01:59:05.4281673Z   More info and automated migrator: [4mhttps://sass-lang.com/d/import[0m
2025-04-16T01:59:05.4282144Z 
2025-04-16T01:59:05.4282151Z 
2025-04-16T01:59:05.4282818Z [33m▲ [43;33m[[43;30mWARNING[43;33m][0m [1mDeprecation[0m [1m[35m[plugin angular-sass][0m
2025-04-16T01:59:05.4283327Z 
2025-04-16T01:59:05.4283598Z     src/app/features/tinder/tinder.component.scss:1:8:
2025-04-16T01:59:05.4284393Z [37m      1 │ @import [32m[37m'../../../../styles/variables';
2025-04-16T01:59:05.4284944Z         ╵         [32m^[0m
2025-04-16T01:59:05.4285363Z 
2025-04-16T01:59:05.4285371Z 
2025-04-16T01:59:05.4285758Z   Sass @import rules are deprecated and will be removed in Dart Sass 3.0.0.
2025-04-16T01:59:05.4286804Z   
2025-04-16T01:59:05.4287544Z   More info and automated migrator: [4mhttps://sass-lang.com/d/import[0m
2025-04-16T01:59:05.4288031Z 
2025-04-16T01:59:05.4288039Z 
2025-04-16T01:59:05.4288741Z [33m▲ [43;33m[[43;30mWARNING[43;33m][0m [1mDeprecation[0m [1m[35m[plugin angular-sass][0m
2025-04-16T01:59:05.4289289Z 
2025-04-16T01:59:05.4289593Z     src/app/features/tinder/tinder.component.scss:2:8:
2025-04-16T01:59:05.4290423Z [37m      2 │ @import [32m[37m'../../../../styles/mixins';
2025-04-16T01:59:05.4290964Z         ╵         [32m^[0m
2025-04-16T01:59:05.4291201Z 
2025-04-16T01:59:05.4291209Z 
2025-04-16T01:59:05.4291616Z   Sass @import rules are deprecated and will be removed in Dart Sass 3.0.0.
2025-04-16T01:59:05.4292151Z   
2025-04-16T01:59:05.4292780Z   More info and automated migrator: [4mhttps://sass-lang.com/d/import[0m
2025-04-16T01:59:05.4293242Z 
2025-04-16T01:59:05.4293250Z 
2025-04-16T01:59:05.4294504Z [33m▲ [43;33m[[43;30mWARNING[43;33m][0m [1mTS-998113: LabelComponent is not used within the template of TinderComponent[0m [1m[35m[plugin angular-compiler][0m
2025-04-16T01:59:05.4299547Z 
2025-04-16T01:59:05.4299873Z     src/app/features/tinder/tinder.component.ts:46:4:
2025-04-16T01:59:05.4300638Z [37m      46 │     [32mLabelComponent[37m
2025-04-16T01:59:05.4301198Z          ╵     [32m~~~~~~~~~~~~~~[0m
2025-04-16T01:59:05.4301477Z 
2025-04-16T01:59:05.4301485Z 
2025-04-16T01:59:05.4302194Z [33m▲ [43;33m[[43;30mWARNING[43;33m][0m [1mDeprecation[0m [1m[35m[plugin angular-sass][0m
2025-04-16T01:59:05.4302712Z 
2025-04-16T01:59:05.4302995Z     src/app/features/wallet/wallet.component.scss:1:8:
2025-04-16T01:59:05.4303912Z [37m      1 │ @import [32m[37m'../../../app/core/design/design-tokens.scss';
2025-04-16T01:59:05.4304518Z         ╵         [32m^[0m
2025-04-16T01:59:05.4304769Z 
2025-04-16T01:59:05.4304777Z 
2025-04-16T01:59:05.4305162Z   Sass @import rules are deprecated and will be removed in Dart Sass 3.0.0.
2025-04-16T01:59:05.4305728Z   
2025-04-16T01:59:05.4306647Z   More info and automated migrator: [4mhttps://sass-lang.com/d/import[0m
2025-04-16T01:59:05.4307130Z 
2025-04-16T01:59:05.4307137Z 
2025-04-16T01:59:05.4307850Z [33m▲ [43;33m[[43;30mWARNING[43;33m][0m [1mDeprecation[0m [1m[35m[plugin angular-sass][0m
2025-04-16T01:59:05.4308358Z 
2025-04-16T01:59:05.4308720Z     src/app/shared/components/ad-card/ad-card.component.scss:1:8:
2025-04-16T01:59:05.4309622Z [37m      1 │ @import [32m[37m'../../../core/design/design-tokens';
2025-04-16T01:59:05.4310189Z         ╵         [32m^[0m
2025-04-16T01:59:05.4310422Z 
2025-04-16T01:59:05.4310429Z 
2025-04-16T01:59:05.4311030Z   Sass @import rules are deprecated and will be removed in Dart Sass 3.0.0.
2025-04-16T01:59:05.4311611Z   
2025-04-16T01:59:05.4312253Z   More info and automated migrator: [4mhttps://sass-lang.com/d/import[0m
2025-04-16T01:59:05.4312741Z 
2025-04-16T01:59:05.4312749Z 
2025-04-16T01:59:05.4313433Z [33m▲ [43;33m[[43;30mWARNING[43;33m][0m [1mDeprecation[0m [1m[35m[plugin angular-sass][0m
2025-04-16T01:59:05.4313945Z 
2025-04-16T01:59:05.4314357Z     src/app/shared/components/main-layout/main-layout.component.scss:1:8:
2025-04-16T01:59:05.4315307Z [37m      1 │ @import [32m[37m'../../../core/design/design-tokens';
2025-04-16T01:59:05.4315859Z         ╵         [32m^[0m
2025-04-16T01:59:05.4316084Z 
2025-04-16T01:59:05.4316092Z 
2025-04-16T01:59:05.4326665Z   Sass @import rules are deprecated and will be removed in Dart Sass 3.0.0.
2025-04-16T01:59:05.4327319Z   
2025-04-16T01:59:05.4328083Z   More info and automated migrator: [4mhttps://sass-lang.com/d/import[0m
2025-04-16T01:59:05.4328594Z 
2025-04-16T01:59:05.4328603Z 
2025-04-16T01:59:05.4329373Z [33m▲ [43;33m[[43;30mWARNING[43;33m][0m [1mDeprecation[0m [1m[35m[plugin angular-sass][0m
2025-04-16T01:59:05.4329931Z 
2025-04-16T01:59:05.4330645Z     src/app/shared/emerald/components/app-card/app-card.component.scss:1:8:
2025-04-16T01:59:05.4331735Z [37m      1 │ @import [32m[37m'../../../../../app/core/design/design-tokens';
2025-04-16T01:59:05.4332393Z         ╵         [32m^[0m
2025-04-16T01:59:05.4332642Z 
2025-04-16T01:59:05.4332651Z 
2025-04-16T01:59:05.4333057Z   Sass @import rules are deprecated and will be removed in Dart Sass 3.0.0.
2025-04-16T01:59:05.4333655Z   
2025-04-16T01:59:05.4334349Z   More info and automated migrator: [4mhttps://sass-lang.com/d/import[0m
2025-04-16T01:59:05.4334855Z 
2025-04-16T01:59:05.4334864Z 
2025-04-16T01:59:05.4335601Z [33m▲ [43;33m[[43;30mWARNING[43;33m][0m [1mDeprecation[0m [1m[35m[plugin angular-sass][0m
2025-04-16T01:59:05.4346563Z 
2025-04-16T01:59:05.4347134Z     src/app/shared/emerald/components/app-card/app-card.component.scss:231:26:
2025-04-16T01:59:05.4348274Z [37m      231 │         background-color: [32m[37mdarken($danger, 10%);
2025-04-16T01:59:05.4349013Z           ╵                           [32m^[0m
2025-04-16T01:59:05.4349326Z 
2025-04-16T01:59:05.4349335Z 
2025-04-16T01:59:05.4349795Z   Global built-in functions are deprecated and will be removed in Dart Sass 3.0.0.
2025-04-16T01:59:05.4350491Z   Use color.adjust instead.
2025-04-16T01:59:05.4350845Z   
2025-04-16T01:59:05.4351513Z   More info and automated migrator: [4mhttps://sass-lang.com/d/import[0m
2025-04-16T01:59:05.4352018Z 
2025-04-16T01:59:05.4352026Z 
2025-04-16T01:59:05.4352749Z [33m▲ [43;33m[[43;30mWARNING[43;33m][0m [1mDeprecation[0m [1m[35m[plugin angular-sass][0m
2025-04-16T01:59:05.4353285Z 
2025-04-16T01:59:05.4353754Z     src/app/shared/emerald/components/app-card/app-card.component.scss:231:26:
2025-04-16T01:59:05.4354807Z [37m      231 │         background-color: [32m[37mdarken($danger, 10%);
2025-04-16T01:59:05.4355498Z           ╵                           [32m^[0m
2025-04-16T01:59:05.4355797Z 
2025-04-16T01:59:05.4355806Z 
2025-04-16T01:59:05.4356018Z   darken() is deprecated. Suggestions:
2025-04-16T01:59:05.4356614Z   
2025-04-16T01:59:05.4357010Z   color.scale($color, $lightness: -17.1140939597%)
2025-04-16T01:59:05.4357576Z   color.adjust($color, $lightness: -10%)
2025-04-16T01:59:05.4357995Z   
2025-04-16T01:59:05.4358577Z   More info: [4mhttps://sass-lang.com/d/color-functions[0m
2025-04-16T01:59:05.4359007Z 
2025-04-16T01:59:05.4359017Z 
2025-04-16T01:59:05.4359746Z [33m▲ [43;33m[[43;30mWARNING[43;33m][0m [1mDeprecation[0m [1m[35m[plugin angular-sass][0m
2025-04-16T01:59:05.4360298Z 
2025-04-16T01:59:05.4360783Z     src/app/shared/emerald/components/app-card/app-card.component.scss:240:26:
2025-04-16T01:59:05.4361862Z [37m      240 │         background-color: [32m[37mdarken($primary, 10%);
2025-04-16T01:59:05.4362582Z           ╵                           [32m^[0m
2025-04-16T01:59:05.4362889Z 
2025-04-16T01:59:05.4363184Z 
2025-04-16T01:59:05.4363681Z   Global built-in functions are deprecated and will be removed in Dart Sass 3.0.0.
2025-04-16T01:59:05.4364386Z   Use color.adjust instead.
2025-04-16T01:59:05.4364736Z   
2025-04-16T01:59:05.4365440Z   More info and automated migrator: [4mhttps://sass-lang.com/d/import[0m
2025-04-16T01:59:05.4365948Z 
2025-04-16T01:59:05.4365957Z 
2025-04-16T01:59:05.4372475Z [33m▲ [43;33m[[43;30mWARNING[43;33m][0m [1mDeprecation[0m [1m[35m[plugin angular-sass][0m
2025-04-16T01:59:05.4373031Z 
2025-04-16T01:59:05.4373513Z     src/app/shared/emerald/components/app-card/app-card.component.scss:240:26:
2025-04-16T01:59:05.4374589Z [37m      240 │         background-color: [32m[37mdarken($primary, 10%);
2025-04-16T01:59:05.4375267Z           ╵                           [32m^[0m
2025-04-16T01:59:05.4375570Z 
2025-04-16T01:59:05.4375578Z 
2025-04-16T01:59:05.4375787Z   darken() is deprecated. Suggestions:
2025-04-16T01:59:05.4376385Z   
2025-04-16T01:59:05.4376804Z   color.scale($color, $lightness: -18.1494661922%)
2025-04-16T01:59:05.4377335Z   color.adjust($color, $lightness: -10%)
2025-04-16T01:59:05.4377958Z   
2025-04-16T01:59:05.4378522Z   More info: [4mhttps://sass-lang.com/d/color-functions[0m
2025-04-16T01:59:05.4378913Z 
2025-04-16T01:59:05.4378922Z 
2025-04-16T01:59:05.4379609Z [33m▲ [43;33m[[43;30mWARNING[43;33m][0m [1mDeprecation[0m [1m[35m[plugin angular-sass][0m
2025-04-16T01:59:05.4380112Z 
2025-04-16T01:59:05.4380561Z     src/app/shared/emerald/components/app-card/app-card.component.scss:275:26:
2025-04-16T01:59:05.4381568Z [37m      275 │         background-color: [32m[37mdarken($danger, 10%);
2025-04-16T01:59:05.4382228Z           ╵                           [32m^[0m
2025-04-16T01:59:05.4382521Z 
2025-04-16T01:59:05.4382529Z 
2025-04-16T01:59:05.4382951Z   Global built-in functions are deprecated and will be removed in Dart Sass 3.0.0.
2025-04-16T01:59:05.4383595Z   Use color.adjust instead.
2025-04-16T01:59:05.4383926Z   
2025-04-16T01:59:05.4384579Z   More info and automated migrator: [4mhttps://sass-lang.com/d/import[0m
2025-04-16T01:59:05.4385055Z 
2025-04-16T01:59:05.4385075Z 
2025-04-16T01:59:05.4385757Z [33m▲ [43;33m[[43;30mWARNING[43;33m][0m [1mDeprecation[0m [1m[35m[plugin angular-sass][0m
2025-04-16T01:59:05.4386528Z 
2025-04-16T01:59:05.4386997Z     src/app/shared/emerald/components/app-card/app-card.component.scss:275:26:
2025-04-16T01:59:05.4388076Z [37m      275 │         background-color: [32m[37mdarken($danger, 10%);
2025-04-16T01:59:05.4388735Z           ╵                           [32m^[0m
2025-04-16T01:59:05.4389018Z 
2025-04-16T01:59:05.4389026Z 
2025-04-16T01:59:05.4389227Z   darken() is deprecated. Suggestions:
2025-04-16T01:59:05.4389652Z   
2025-04-16T01:59:05.4390036Z   color.scale($color, $lightness: -17.1140939597%)
2025-04-16T01:59:05.4390559Z   color.adjust($color, $lightness: -10%)
2025-04-16T01:59:05.4390960Z   
2025-04-16T01:59:05.4391520Z   More info: [4mhttps://sass-lang.com/d/color-functions[0m
2025-04-16T01:59:05.4391914Z 
2025-04-16T01:59:05.4391921Z 
2025-04-16T01:59:05.4392604Z [33m▲ [43;33m[[43;30mWARNING[43;33m][0m [1mDeprecation[0m [1m[35m[plugin angular-sass][0m
2025-04-16T01:59:05.4393124Z 
2025-04-16T01:59:05.4393575Z     src/app/shared/emerald/components/app-card/app-card.component.scss:288:26:
2025-04-16T01:59:05.4394593Z [37m      288 │         background-color: [32m[37mdarken($success, 10%);
2025-04-16T01:59:05.4395257Z           ╵                           [32m^[0m
2025-04-16T01:59:05.4395544Z 
2025-04-16T01:59:05.4395551Z 
2025-04-16T01:59:05.4395975Z   Global built-in functions are deprecated and will be removed in Dart Sass 3.0.0.
2025-04-16T01:59:05.4396816Z   Use color.adjust instead.
2025-04-16T01:59:05.4397165Z   
2025-04-16T01:59:05.4397832Z   More info and automated migrator: [4mhttps://sass-lang.com/d/import[0m
2025-04-16T01:59:05.4398326Z 
2025-04-16T01:59:05.4398335Z 
2025-04-16T01:59:05.4399263Z [33m▲ [43;33m[[43;30mWARNING[43;33m][0m [1mDeprecation[0m [1m[35m[plugin angular-sass][0m
2025-04-16T01:59:05.4399824Z 
2025-04-16T01:59:05.4400292Z     src/app/shared/emerald/components/app-card/app-card.component.scss:288:26:
2025-04-16T01:59:05.4401358Z [37m      288 │         background-color: [32m[37mdarken($success, 10%);
2025-04-16T01:59:05.4402084Z           ╵                           [32m^[0m
2025-04-16T01:59:05.4402370Z 
2025-04-16T01:59:05.4402379Z 
2025-04-16T01:59:05.4402587Z   darken() is deprecated. Suggestions:
2025-04-16T01:59:05.4402986Z   
2025-04-16T01:59:05.4403378Z   color.scale($color, $lightness: -20.3187250996%)
2025-04-16T01:59:05.4403927Z   color.adjust($color, $lightness: -10%)
2025-04-16T01:59:05.4404326Z   
2025-04-16T01:59:05.4404875Z   More info: [4mhttps://sass-lang.com/d/color-functions[0m
2025-04-16T01:59:05.4405272Z 
2025-04-16T01:59:05.4405280Z 
2025-04-16T01:59:05.4406472Z [33m▲ [43;33m[[43;30mWARNING[43;33m][0m [1mDuplicate member "getMediaCount" in class body[0m [duplicate-class-member]
2025-04-16T01:59:05.4407181Z 
2025-04-16T01:59:05.4407622Z     src/app/shared/emerald/components/app-card/app-card.component.ts:231:4:
2025-04-16T01:59:05.4408756Z [37m      231 │     [32mgetMediaCount[37m(): number {
2025-04-16T01:59:05.4409340Z           ╵     [32m~~~~~~~~~~~~~[0m
2025-04-16T01:59:05.4409607Z 
2025-04-16T01:59:05.4409844Z   The original member "getMediaCount" is here:
2025-04-16T01:59:05.4410163Z 
2025-04-16T01:59:05.4410585Z     src/app/shared/emerald/components/app-card/app-card.component.ts:141:4:
2025-04-16T01:59:05.4411458Z [37m      141 │     [32mgetMediaCount[37m(): number {
2025-04-16T01:59:05.4412016Z           ╵     [32m~~~~~~~~~~~~~[0m
2025-04-16T01:59:05.4412277Z 
2025-04-16T01:59:05.4412285Z 
2025-04-16T01:59:05.4413164Z [33m▲ [43;33m[[43;30mWARNING[43;33m][0m [1mDuplicate member "formatPrice" in class body[0m [duplicate-class-member]
2025-04-16T01:59:05.4413774Z 
2025-04-16T01:59:05.4414187Z     src/app/shared/emerald/components/app-card/app-card.component.ts:256:4:
2025-04-16T01:59:05.4415089Z [37m      256 │     [32mformatPrice[37m(price: number): string {
2025-04-16T01:59:05.4415649Z           ╵     [32m~~~~~~~~~~~[0m
2025-04-16T01:59:05.4415916Z 
2025-04-16T01:59:05.4416121Z   The original member "formatPrice" is here:
2025-04-16T01:59:05.4416624Z 
2025-04-16T01:59:05.4417157Z     src/app/shared/emerald/components/app-card/app-card.component.ts:152:4:
2025-04-16T01:59:05.4418140Z [37m      152 │     [32mformatPrice[37m(price: number): string {
2025-04-16T01:59:05.4418780Z           ╵     [32m~~~~~~~~~~~[0m
2025-04-16T01:59:05.4419060Z 
2025-04-16T01:59:05.4419067Z 
2025-04-16T01:59:05.4420124Z [33m▲ [43;33m[[43;30mWARNING[43;33m][0m [1mDuplicate member "getTruncatedDescription" in class body[0m [duplicate-class-member]
2025-04-16T01:59:05.4420901Z 
2025-04-16T01:59:05.4421353Z     src/app/shared/emerald/components/app-card/app-card.component.ts:266:4:
2025-04-16T01:59:05.4422578Z [37m      266 │     [32mgetTruncatedDescription[37m(maxLength: number = 120): string {
2025-04-16T01:59:05.4423422Z           ╵     [32m~~~~~~~~~~~~~~~~~~~~~~~[0m
2025-04-16T01:59:05.4423736Z 
2025-04-16T01:59:05.4424071Z   The original member "getTruncatedDescription" is here:
2025-04-16T01:59:05.4424476Z 
2025-04-16T01:59:05.4424945Z     src/app/shared/emerald/components/app-card/app-card.component.ts:161:4:
2025-04-16T01:59:05.4426124Z [37m      161 │     [32mgetTruncatedDescription[37m(maxLength: number): string {
2025-04-16T01:59:05.4427271Z           ╵     [32m~~~~~~~~~~~~~~~~~~~~~~~[0m
2025-04-16T01:59:05.4427589Z 
2025-04-16T01:59:05.4427599Z 
2025-04-16T01:59:05.4428314Z [33m▲ [43;33m[[43;30mWARNING[43;33m][0m [1mDeprecation[0m [1m[35m[plugin angular-sass][0m
2025-04-16T01:59:05.4428859Z 
2025-04-16T01:59:05.4429310Z     src/app/shared/emerald/components/avatar/avatar.component.scss:1:8:
2025-04-16T01:59:05.4430340Z [37m      1 │ @import [32m[37m'../../../../core/design/design-tokens';
2025-04-16T01:59:05.4430950Z         ╵         [32m^[0m
2025-04-16T01:59:05.4431423Z 
2025-04-16T01:59:05.4431434Z 
2025-04-16T01:59:05.4431852Z   Sass @import rules are deprecated and will be removed in Dart Sass 3.0.0.
2025-04-16T01:59:05.4432455Z   
2025-04-16T01:59:05.4433134Z   More info and automated migrator: [4mhttps://sass-lang.com/d/import[0m
2025-04-16T01:59:05.4433624Z 
2025-04-16T01:59:05.4433633Z 
2025-04-16T01:59:05.4434346Z [33m▲ [43;33m[[43;30mWARNING[43;33m][0m [1mDeprecation[0m [1m[35m[plugin angular-sass][0m
2025-04-16T01:59:05.4434876Z 
2025-04-16T01:59:05.4435342Z     src/app/shared/emerald/components/card-grid/card-grid.component.scss:1:8:
2025-04-16T01:59:05.4436594Z [37m      1 │ @import [32m[37m'../../../../core/design/design-tokens';
2025-04-16T01:59:05.4437171Z         ╵         [32m^[0m
2025-04-16T01:59:05.4437390Z 
2025-04-16T01:59:05.4437397Z 
2025-04-16T01:59:05.4437770Z   Sass @import rules are deprecated and will be removed in Dart Sass 3.0.0.
2025-04-16T01:59:05.4438310Z   
2025-04-16T01:59:05.4438939Z   More info and automated migrator: [4mhttps://sass-lang.com/d/import[0m
2025-04-16T01:59:05.4439389Z 
2025-04-16T01:59:05.4439397Z 
2025-04-16T01:59:05.4440322Z [33m▲ [43;33m[[43;30mWARNING[43;33m][0m [1mDeprecation[0m [1m[35m[plugin angular-sass][0m
2025-04-16T01:59:05.4440817Z 
2025-04-16T01:59:05.4441233Z     src/app/shared/emerald/components/carousel/carousel.component.scss:1:8:
2025-04-16T01:59:05.4442180Z [37m      1 │ @import [32m[37m'../../../../core/design/design-tokens';
2025-04-16T01:59:05.4442738Z         ╵         [32m^[0m
2025-04-16T01:59:05.4442947Z 
2025-04-16T01:59:05.4442954Z 
2025-04-16T01:59:05.4443302Z   Sass @import rules are deprecated and will be removed in Dart Sass 3.0.0.
2025-04-16T01:59:05.4443845Z   
2025-04-16T01:59:05.4444472Z   More info and automated migrator: [4mhttps://sass-lang.com/d/import[0m
2025-04-16T01:59:05.4444951Z 
2025-04-16T01:59:05.4444959Z 
2025-04-16T01:59:05.4445641Z [33m▲ [43;33m[[43;30mWARNING[43;33m][0m [1mDeprecation[0m [1m[35m[plugin angular-sass][0m
2025-04-16T01:59:05.4446327Z 
2025-04-16T01:59:05.4447039Z     src/app/shared/emerald/components/floating-action-button/floating-action-button.component.scss:1:8:
2025-04-16T01:59:05.4448314Z [37m      1 │ @import [32m[37m'../../../../core/design/design-tokens';
2025-04-16T01:59:05.4448918Z         ╵         [32m^[0m
2025-04-16T01:59:05.4449158Z 
2025-04-16T01:59:05.4449167Z 
2025-04-16T01:59:05.4449568Z   Sass @import rules are deprecated and will be removed in Dart Sass 3.0.0.
2025-04-16T01:59:05.4450145Z   
2025-04-16T01:59:05.4450824Z   More info and automated migrator: [4mhttps://sass-lang.com/d/import[0m
2025-04-16T01:59:05.4451317Z 
2025-04-16T01:59:05.4451325Z 
2025-04-16T01:59:05.4452038Z [33m▲ [43;33m[[43;30mWARNING[43;33m][0m [1mDeprecation[0m [1m[35m[plugin angular-sass][0m
2025-04-16T01:59:05.4452568Z 
2025-04-16T01:59:05.4453059Z     src/app/shared/emerald/components/info-panel/info-panel.component.scss:1:8:
2025-04-16T01:59:05.4454137Z [37m      1 │ @import [32m[37m'../../../../core/design/design-tokens';
2025-04-16T01:59:05.4454738Z         ╵         [32m^[0m
2025-04-16T01:59:05.4454985Z 
2025-04-16T01:59:05.4455006Z 
2025-04-16T01:59:05.4455406Z   Sass @import rules are deprecated and will be removed in Dart Sass 3.0.0.
2025-04-16T01:59:05.4456004Z   
2025-04-16T01:59:05.4456890Z   More info and automated migrator: [4mhttps://sass-lang.com/d/import[0m
2025-04-16T01:59:05.4457396Z 
2025-04-16T01:59:05.4457404Z 
2025-04-16T01:59:05.4458133Z [33m▲ [43;33m[[43;30mWARNING[43;33m][0m [1mDeprecation[0m [1m[35m[plugin angular-sass][0m
2025-04-16T01:59:05.4458660Z 
2025-04-16T01:59:05.4459052Z     src/app/shared/emerald/components/label/label.component.scss:1:8:
2025-04-16T01:59:05.4459966Z [37m      1 │ @import [32m[37m'../../../../core/design/design-tokens';
2025-04-16T01:59:05.4460527Z         ╵         [32m^[0m
2025-04-16T01:59:05.4460753Z 
2025-04-16T01:59:05.4460769Z 
2025-04-16T01:59:05.4461384Z   Sass @import rules are deprecated and will be removed in Dart Sass 3.0.0.
2025-04-16T01:59:05.4461988Z   
2025-04-16T01:59:05.4462639Z   More info and automated migrator: [4mhttps://sass-lang.com/d/import[0m
2025-04-16T01:59:05.4463103Z 
2025-04-16T01:59:05.4463111Z 
2025-04-16T01:59:05.4464214Z [33m▲ [43;33m[[43;30mWARNING[43;33m][0m [1mDeprecation[0m [1m[35m[plugin angular-sass][0m
2025-04-16T01:59:05.4464712Z 
2025-04-16T01:59:05.4465107Z     src/app/shared/emerald/components/label/label.component.scss:4:14:
2025-04-16T01:59:05.4465999Z [37m      4 │ $success-100: [32m[37mlighten($success, 40%);
2025-04-16T01:59:05.4474015Z         ╵               [32m^[0m
2025-04-16T01:59:05.4474309Z 
2025-04-16T01:59:05.4474319Z 
2025-04-16T01:59:05.4474811Z   Global built-in functions are deprecated and will be removed in Dart Sass 3.0.0.
2025-04-16T01:59:05.4475538Z   Use color.adjust instead.
2025-04-16T01:59:05.4475916Z   
2025-04-16T01:59:05.4476927Z   More info and automated migrator: [4mhttps://sass-lang.com/d/import[0m
2025-04-16T01:59:05.4477481Z 
2025-04-16T01:59:05.4477492Z 
2025-04-16T01:59:05.4478283Z [33m▲ [43;33m[[43;30mWARNING[43;33m][0m [1mDeprecation[0m [1m[35m[plugin angular-sass][0m
2025-04-16T01:59:05.4479157Z 
2025-04-16T01:59:05.4479635Z     src/app/shared/emerald/components/label/label.component.scss:4:14:
2025-04-16T01:59:05.4480687Z [37m      4 │ $success-100: [32m[37mlighten($success, 40%);
2025-04-16T01:59:05.4481338Z         ╵               [32m^[0m
2025-04-16T01:59:05.4481612Z 
2025-04-16T01:59:05.4481621Z 
2025-04-16T01:59:05.4481839Z   lighten() is deprecated. Suggestions:
2025-04-16T01:59:05.4482259Z   
2025-04-16T01:59:05.4482671Z   color.scale($color, $lightness: 78.7644787645%)
2025-04-16T01:59:05.4483241Z   color.adjust($color, $lightness: 40%)
2025-04-16T01:59:05.4483673Z   
2025-04-16T01:59:05.4484320Z   More info: [4mhttps://sass-lang.com/d/color-functions[0m
2025-04-16T01:59:05.4484733Z 
2025-04-16T01:59:05.4484743Z 
2025-04-16T01:59:05.4485467Z [33m▲ [43;33m[[43;30mWARNING[43;33m][0m [1mDeprecation[0m [1m[35m[plugin angular-sass][0m
2025-04-16T01:59:05.4485947Z 
2025-04-16T01:59:05.4486588Z     src/app/shared/emerald/components/label/label.component.scss:5:14:
2025-04-16T01:59:05.4487552Z [37m      5 │ $success-300: [32m[37mlighten($success, 20%);
2025-04-16T01:59:05.4488174Z         ╵               [32m^[0m
2025-04-16T01:59:05.4488450Z 
2025-04-16T01:59:05.4488458Z 
2025-04-16T01:59:05.4488918Z   Global built-in functions are deprecated and will be removed in Dart Sass 3.0.0.
2025-04-16T01:59:05.4489614Z   Use color.adjust instead.
2025-04-16T01:59:05.4489966Z   
2025-04-16T01:59:05.4490663Z   More info and automated migrator: [4mhttps://sass-lang.com/d/import[0m
2025-04-16T01:59:05.4491172Z 
2025-04-16T01:59:05.4491180Z 
2025-04-16T01:59:05.4491903Z [33m▲ [43;33m[[43;30mWARNING[43;33m][0m [1mDeprecation[0m [1m[35m[plugin angular-sass][0m
2025-04-16T01:59:05.4492448Z 
2025-04-16T01:59:05.4492866Z     src/app/shared/emerald/components/label/label.component.scss:5:14:
2025-04-16T01:59:05.4493822Z [37m      5 │ $success-300: [32m[37mlighten($success, 20%);
2025-04-16T01:59:05.4494446Z         ╵               [32m^[0m
2025-04-16T01:59:05.4494723Z 
2025-04-16T01:59:05.4494731Z 
2025-04-16T01:59:05.4494939Z   lighten() is deprecated. Suggestions:
2025-04-16T01:59:05.4495355Z   
2025-04-16T01:59:05.4495744Z   color.scale($color, $lightness: 39.3822393822%)
2025-04-16T01:59:05.4496981Z   color.adjust($color, $lightness: 20%)
2025-04-16T01:59:05.4497408Z   
2025-04-16T01:59:05.4498007Z   More info: [4mhttps://sass-lang.com/d/color-functions[0m
2025-04-16T01:59:05.4498431Z 
2025-04-16T01:59:05.4498439Z 
2025-04-16T01:59:05.4499162Z [33m▲ [43;33m[[43;30mWARNING[43;33m][0m [1mDeprecation[0m [1m[35m[plugin angular-sass][0m
2025-04-16T01:59:05.4499704Z 
2025-04-16T01:59:05.4500130Z     src/app/shared/emerald/components/label/label.component.scss:6:14:
2025-04-16T01:59:05.4501067Z [37m      6 │ $success-700: [32m[37mdarken($success, 10%);
2025-04-16T01:59:05.4501863Z         ╵               [32m^[0m
2025-04-16T01:59:05.4502154Z 
2025-04-16T01:59:05.4502163Z 
2025-04-16T01:59:05.4502622Z   Global built-in functions are deprecated and will be removed in Dart Sass 3.0.0.
2025-04-16T01:59:05.4503325Z   Use color.adjust instead.
2025-04-16T01:59:05.4503668Z   
2025-04-16T01:59:05.4504356Z   More info and automated migrator: [4mhttps://sass-lang.com/d/import[0m
2025-04-16T01:59:05.4504852Z 
2025-04-16T01:59:05.4504861Z 
2025-04-16T01:59:05.4505577Z [33m▲ [43;33m[[43;30mWARNING[43;33m][0m [1mDeprecation[0m [1m[35m[plugin angular-sass][0m
2025-04-16T01:59:05.4506118Z 
2025-04-16T01:59:05.4506787Z     src/app/shared/emerald/components/label/label.component.scss:6:14:
2025-04-16T01:59:05.4507744Z [37m      6 │ $success-700: [32m[37mdarken($success, 10%);
2025-04-16T01:59:05.4508359Z         ╵               [32m^[0m
2025-04-16T01:59:05.4508627Z 
2025-04-16T01:59:05.4508635Z 
2025-04-16T01:59:05.4508851Z   darken() is deprecated. Suggestions:
2025-04-16T01:59:05.4509275Z   
2025-04-16T01:59:05.4509663Z   color.scale($color, $lightness: -20.3187250996%)
2025-04-16T01:59:05.4510223Z   color.adjust($color, $lightness: -10%)
2025-04-16T01:59:05.4510820Z   
2025-04-16T01:59:05.4511402Z   More info: [4mhttps://sass-lang.com/d/color-functions[0m
2025-04-16T01:59:05.4511818Z 
2025-04-16T01:59:05.4511826Z 
2025-04-16T01:59:05.4512538Z [33m▲ [43;33m[[43;30mWARNING[43;33m][0m [1mDeprecation[0m [1m[35m[plugin angular-sass][0m
2025-04-16T01:59:05.4513071Z 
2025-04-16T01:59:05.4513478Z     src/app/shared/emerald/components/label/label.component.scss:8:14:
2025-04-16T01:59:05.4514426Z [37m      8 │ $warning-100: [32m[37mlighten($warning, 40%);
2025-04-16T01:59:05.4515067Z         ╵               [32m^[0m
2025-04-16T01:59:05.4515333Z 
2025-04-16T01:59:05.4515341Z 
2025-04-16T01:59:05.4515806Z   Global built-in functions are deprecated and will be removed in Dart Sass 3.0.0.
2025-04-16T01:59:05.4518543Z   Use color.adjust instead.
2025-04-16T01:59:05.4518917Z   
2025-04-16T01:59:05.4519653Z   More info and automated migrator: [4mhttps://sass-lang.com/d/import[0m
2025-04-16T01:59:05.4520154Z 
2025-04-16T01:59:05.4520177Z 
2025-04-16T01:59:05.4520911Z [33m▲ [43;33m[[43;30mWARNING[43;33m][0m [1mDeprecation[0m [1m[35m[plugin angular-sass][0m
2025-04-16T01:59:05.4521447Z 
2025-04-16T01:59:05.4521873Z     src/app/shared/emerald/components/label/label.component.scss:8:14:
2025-04-16T01:59:05.4522822Z [37m      8 │ $warning-100: [32m[37mlighten($warning, 40%);
2025-04-16T01:59:05.4523448Z         ╵               [32m^[0m
2025-04-16T01:59:05.4523725Z 
2025-04-16T01:59:05.4523734Z 
2025-04-16T01:59:05.4523950Z   lighten() is deprecated. Suggestions:
2025-04-16T01:59:05.4524359Z   
2025-04-16T01:59:05.4524745Z   color.scale($color, $lightness: 82.2580645161%)
2025-04-16T01:59:05.4525235Z   color.adjust($color, $lightness: 40%)
2025-04-16T01:59:05.4525649Z   
2025-04-16T01:59:05.4527141Z   More info: [4mhttps://sass-lang.com/d/color-functions[0m
2025-04-16T01:59:05.4527868Z 
2025-04-16T01:59:05.4527879Z 
2025-04-16T01:59:05.4528883Z [33m▲ [43;33m[[43;30mWARNING[43;33m][0m [1mDeprecation[0m [1m[35m[plugin angular-sass][0m
2025-04-16T01:59:05.4530191Z 
2025-04-16T01:59:05.4530866Z     src/app/shared/emerald/components/label/label.component.scss:9:14:
2025-04-16T01:59:05.4532112Z [37m      9 │ $warning-300: [32m[37mlighten($warning, 20%);
2025-04-16T01:59:05.4533503Z         ╵               [32m^[0m
2025-04-16T01:59:05.4533793Z 
2025-04-16T01:59:05.4533802Z 
2025-04-16T01:59:05.4534465Z   Global built-in functions are deprecated and will be removed in Dart Sass 3.0.0.
2025-04-16T01:59:05.4535360Z   Use color.adjust instead.
2025-04-16T01:59:05.4535884Z   
2025-04-16T01:59:05.4536855Z   More info and automated migrator: [4mhttps://sass-lang.com/d/import[0m
2025-04-16T01:59:05.4538285Z 
2025-04-16T01:59:05.4538294Z 
2025-04-16T01:59:05.4539050Z [33m▲ [43;33m[[43;30mWARNING[43;33m][0m [1mDeprecation[0m [1m[35m[plugin angular-sass][0m
2025-04-16T01:59:05.4539775Z 
2025-04-16T01:59:05.4540195Z     src/app/shared/emerald/components/label/label.component.scss:9:14:
2025-04-16T01:59:05.4541170Z [37m      9 │ $warning-300: [32m[37mlighten($warning, 20%);
2025-04-16T01:59:05.4541795Z         ╵               [32m^[0m
2025-04-16T01:59:05.4542058Z 
2025-04-16T01:59:05.4542066Z 
2025-04-16T01:59:05.4542279Z   lighten() is deprecated. Suggestions:
2025-04-16T01:59:05.4542682Z   
2025-04-16T01:59:05.4543064Z   color.scale($color, $lightness: 41.1290322581%)
2025-04-16T01:59:05.4543599Z   color.adjust($color, $lightness: 20%)
2025-04-16T01:59:05.4543988Z   
2025-04-16T01:59:05.4544564Z   More info: [4mhttps://sass-lang.com/d/color-functions[0m
2025-04-16T01:59:05.4544967Z 
2025-04-16T01:59:05.4544976Z 
2025-04-16T01:59:05.4545688Z [33m▲ [43;33m[[43;30mWARNING[43;33m][0m [1mDeprecation[0m [1m[35m[plugin angular-sass][0m
2025-04-16T01:59:05.4546468Z 
2025-04-16T01:59:05.4546987Z     src/app/shared/emerald/components/page-header/page-header.component.scss:1:8:
2025-04-16T01:59:05.4548097Z [37m      1 │ @import [32m[37m'../../../../core/design/design-tokens';
2025-04-16T01:59:05.4548710Z         ╵         [32m^[0m
2025-04-16T01:59:05.4549137Z 
2025-04-16T01:59:05.4549145Z 
2025-04-16T01:59:05.4549544Z   Sass @import rules are deprecated and will be removed in Dart Sass 3.0.0.
2025-04-16T01:59:05.4550116Z   
2025-04-16T01:59:05.4550799Z   More info and automated migrator: [4mhttps://sass-lang.com/d/import[0m
2025-04-16T01:59:05.4551295Z 
2025-04-16T01:59:05.4551303Z 
2025-04-16T01:59:05.4552048Z [33m▲ [43;33m[[43;30mWARNING[43;33m][0m [1mDeprecation[0m [1m[35m[plugin angular-sass][0m
2025-04-16T01:59:05.4552584Z 
2025-04-16T01:59:05.4553400Z     src/app/shared/emerald/components/page-header/page-header.component.scss:8:14:
2025-04-16T01:59:05.4554495Z [37m      8 │ $primary-700: [32m[37mdarken($primary-500, 10%);
2025-04-16T01:59:05.4555119Z         ╵               [32m^[0m
2025-04-16T01:59:05.4555384Z 
2025-04-16T01:59:05.4555392Z 
2025-04-16T01:59:05.4555856Z   Global built-in functions are deprecated and will be removed in Dart Sass 3.0.0.
2025-04-16T01:59:05.4556708Z   Use color.adjust instead.
2025-04-16T01:59:05.4557068Z   
2025-04-16T01:59:05.4557750Z   More info and automated migrator: [4mhttps://sass-lang.com/d/import[0m
2025-04-16T01:59:05.4558238Z 
2025-04-16T01:59:05.4558245Z 
2025-04-16T01:59:05.4558971Z [33m▲ [43;33m[[43;30mWARNING[43;33m][0m [1mDeprecation[0m [1m[35m[plugin angular-sass][0m
2025-04-16T01:59:05.4559791Z 
2025-04-16T01:59:05.4560311Z     src/app/shared/emerald/components/page-header/page-header.component.scss:8:14:
2025-04-16T01:59:05.4561371Z [37m      8 │ $primary-700: [32m[37mdarken($primary-500, 10%);
2025-04-16T01:59:05.4561998Z         ╵               [32m^[0m
2025-04-16T01:59:05.4562255Z 
2025-04-16T01:59:05.4562263Z 
2025-04-16T01:59:05.4562477Z   darken() is deprecated. Suggestions:
2025-04-16T01:59:05.4562872Z   
2025-04-16T01:59:05.4563280Z   color.scale($color, $lightness: -18.1494661922%)
2025-04-16T01:59:05.4563839Z   color.adjust($color, $lightness: -10%)
2025-04-16T01:59:05.4564247Z   
2025-04-16T01:59:05.4564810Z   More info: [4mhttps://sass-lang.com/d/color-functions[0m
2025-04-16T01:59:05.4565236Z 
2025-04-16T01:59:05.4565244Z 
2025-04-16T01:59:05.4565945Z [33m▲ [43;33m[[43;30mWARNING[43;33m][0m [1mDeprecation[0m [1m[35m[plugin angular-sass][0m
2025-04-16T01:59:05.4566725Z 
2025-04-16T01:59:05.4567240Z     src/app/shared/emerald/components/page-header/page-header.component.scss:226:26:
2025-04-16T01:59:05.4568365Z [37m      226 │         background-color: [32m[37mdarken($primary, 10%);
2025-04-16T01:59:05.4569062Z           ╵                           [32m^[0m
2025-04-16T01:59:05.4569353Z 
2025-04-16T01:59:05.4569361Z 
2025-04-16T01:59:05.4569810Z   Global built-in functions are deprecated and will be removed in Dart Sass 3.0.0.
2025-04-16T01:59:05.4570464Z   Use color.adjust instead.
2025-04-16T01:59:05.4570821Z   
2025-04-16T01:59:05.4571699Z   More info and automated migrator: [4mhttps://sass-lang.com/d/import[0m
2025-04-16T01:59:05.4572223Z 
2025-04-16T01:59:05.4572232Z 
2025-04-16T01:59:05.4572993Z [33m▲ [43;33m[[43;30mWARNING[43;33m][0m [1mDeprecation[0m [1m[35m[plugin angular-sass][0m
2025-04-16T01:59:05.4573516Z 
2025-04-16T01:59:05.4574031Z     src/app/shared/emerald/components/page-header/page-header.component.scss:226:26:
2025-04-16T01:59:05.4575582Z [37m      226 │         background-color: [32m[37mdarken($primary, 10%);
2025-04-16T01:59:05.4576474Z           ╵                           [32m^[0m
2025-04-16T01:59:05.4577033Z 
2025-04-16T01:59:05.4577042Z 
2025-04-16T01:59:05.4577266Z   darken() is deprecated. Suggestions:
2025-04-16T01:59:05.4577677Z   
2025-04-16T01:59:05.4578064Z   color.scale($color, $lightness: -18.1494661922%)
2025-04-16T01:59:05.4578600Z   color.adjust($color, $lightness: -10%)
2025-04-16T01:59:05.4578994Z   
2025-04-16T01:59:05.4579561Z   More info: [4mhttps://sass-lang.com/d/color-functions[0m
2025-04-16T01:59:05.4579963Z 
2025-04-16T01:59:05.4579972Z 
2025-04-16T01:59:05.4580683Z [33m▲ [43;33m[[43;30mWARNING[43;33m][0m [1mDeprecation[0m [1m[35m[plugin angular-sass][0m
2025-04-16T01:59:05.4581376Z 
2025-04-16T01:59:05.4581891Z     src/app/shared/emerald/components/page-header/page-header.component.scss:244:26:
2025-04-16T01:59:05.4583009Z [37m      244 │         background-color: [32m[37mdarken($success, 10%);
2025-04-16T01:59:05.4583690Z           ╵                           [32m^[0m
2025-04-16T01:59:05.4583980Z 
2025-04-16T01:59:05.4583994Z 
2025-04-16T01:59:05.4584433Z   Global built-in functions are deprecated and will be removed in Dart Sass 3.0.0.
2025-04-16T01:59:05.4585100Z   Use color.adjust instead.
2025-04-16T01:59:05.4585442Z   
2025-04-16T01:59:05.4586089Z   More info and automated migrator: [4mhttps://sass-lang.com/d/import[0m
2025-04-16T01:59:05.4586750Z 
2025-04-16T01:59:05.4586759Z 
2025-04-16T01:59:05.4587530Z [33m▲ [43;33m[[43;30mWARNING[43;33m][0m [1mDeprecation[0m [1m[35m[plugin angular-sass][0m
2025-04-16T01:59:05.4588045Z 
2025-04-16T01:59:05.4588537Z     src/app/shared/emerald/components/page-header/page-header.component.scss:244:26:
2025-04-16T01:59:05.4589614Z [37m      244 │         background-color: [32m[37mdarken($success, 10%);
2025-04-16T01:59:05.4590339Z           ╵                           [32m^[0m
2025-04-16T01:59:05.4590635Z 
2025-04-16T01:59:05.4590643Z 
2025-04-16T01:59:05.4590844Z   darken() is deprecated. Suggestions:
2025-04-16T01:59:05.4591256Z   
2025-04-16T01:59:05.4591663Z   color.scale($color, $lightness: -20.3187250996%)
2025-04-16T01:59:05.4592224Z   color.adjust($color, $lightness: -10%)
2025-04-16T01:59:05.4592626Z   
2025-04-16T01:59:05.4593220Z   More info: [4mhttps://sass-lang.com/d/color-functions[0m
2025-04-16T01:59:05.4593628Z 
2025-04-16T01:59:05.4593636Z 
2025-04-16T01:59:05.4594345Z [33m▲ [43;33m[[43;30mWARNING[43;33m][0m [1mDeprecation[0m [1m[35m[plugin angular-sass][0m
2025-04-16T01:59:05.4594870Z 
2025-04-16T01:59:05.4595396Z     src/app/shared/emerald/components/page-header/page-header.component.scss:253:26:
2025-04-16T01:59:05.4596748Z [37m      253 │         background-color: [32m[37mdarken($danger, 10%);
2025-04-16T01:59:05.4597477Z           ╵                           [32m^[0m
2025-04-16T01:59:05.4597773Z 
2025-04-16T01:59:05.4597781Z 
2025-04-16T01:59:05.4599418Z   Global built-in functions are deprecated and will be removed in Dart Sass 3.0.0.
2025-04-16T01:59:05.4600114Z   Use color.adjust instead.
2025-04-16T01:59:05.4600467Z   
2025-04-16T01:59:05.4601152Z   More info and automated migrator: [4mhttps://sass-lang.com/d/import[0m
2025-04-16T01:59:05.4601636Z 
2025-04-16T01:59:05.4601645Z 
2025-04-16T01:59:05.4602372Z [33m▲ [43;33m[[43;30mWARNING[43;33m][0m [1mDeprecation[0m [1m[35m[plugin angular-sass][0m
2025-04-16T01:59:05.4602894Z 
2025-04-16T01:59:05.4603411Z     src/app/shared/emerald/components/page-header/page-header.component.scss:253:26:
2025-04-16T01:59:05.4604704Z [37m      253 │         background-color: [32m[37mdarken($danger, 10%);
2025-04-16T01:59:05.4605420Z           ╵                           [32m^[0m
2025-04-16T01:59:05.4605741Z 
2025-04-16T01:59:05.4605750Z 
2025-04-16T01:59:05.4605976Z   darken() is deprecated. Suggestions:
2025-04-16T01:59:05.4606568Z   
2025-04-16T01:59:05.4606975Z   color.scale($color, $lightness: -17.1140939597%)
2025-04-16T01:59:05.4607534Z   color.adjust($color, $lightness: -10%)
2025-04-16T01:59:05.4608222Z   
2025-04-16T01:59:05.4608846Z   More info: [4mhttps://sass-lang.com/d/color-functions[0m
2025-04-16T01:59:05.4609253Z 
2025-04-16T01:59:05.4609262Z 
2025-04-16T01:59:05.4609989Z [33m▲ [43;33m[[43;30mWARNING[43;33m][0m [1mDeprecation[0m [1m[35m[plugin angular-sass][0m
2025-04-16T01:59:05.4610786Z 
2025-04-16T01:59:05.4611310Z     src/app/shared/emerald/components/page-header/page-header.component.scss:262:26:
2025-04-16T01:59:05.4612432Z [37m      262 │         background-color: [32m[37mdarken($warning, 10%);
2025-04-16T01:59:05.4613145Z           ╵                           [32m^[0m
2025-04-16T01:59:05.4613433Z 
2025-04-16T01:59:05.4613441Z 
2025-04-16T01:59:05.4614073Z   Global built-in functions are deprecated and will be removed in Dart Sass 3.0.0.
2025-04-16T01:59:05.4614741Z   Use color.adjust instead.
2025-04-16T01:59:05.4615072Z   
2025-04-16T01:59:05.4615753Z   More info and automated migrator: [4mhttps://sass-lang.com/d/import[0m
2025-04-16T01:59:05.4616480Z 
2025-04-16T01:59:05.4616498Z 
2025-04-16T01:59:05.4617233Z [33m▲ [43;33m[[43;30mWARNING[43;33m][0m [1mDeprecation[0m [1m[35m[plugin angular-sass][0m
2025-04-16T01:59:05.4617760Z 
2025-04-16T01:59:05.4618269Z     src/app/shared/emerald/components/page-header/page-header.component.scss:262:26:
2025-04-16T01:59:05.4619364Z [37m      262 │         background-color: [32m[37mdarken($warning, 10%);
2025-04-16T01:59:05.4620045Z           ╵                           [32m^[0m
2025-04-16T01:59:05.4620336Z 
2025-04-16T01:59:05.4620344Z 
2025-04-16T01:59:05.4620560Z   darken() is deprecated. Suggestions:
2025-04-16T01:59:05.4620963Z   
2025-04-16T01:59:05.4621354Z   color.scale($color, $lightness: -19.465648855%)
2025-04-16T01:59:05.4621914Z   color.adjust($color, $lightness: -10%)
2025-04-16T01:59:05.4622311Z   
2025-04-16T01:59:05.4622873Z   More info: [4mhttps://sass-lang.com/d/color-functions[0m
2025-04-16T01:59:05.4623274Z 
2025-04-16T01:59:05.4623282Z 
2025-04-16T01:59:05.4623997Z [33m▲ [43;33m[[43;30mWARNING[43;33m][0m [1mDeprecation[0m [1m[35m[plugin angular-sass][0m
2025-04-16T01:59:05.4624518Z 
2025-04-16T01:59:05.4624926Z     src/app/shared/emerald/components/pager/pager.component.scss:1:8:
2025-04-16T01:59:05.4625934Z [37m      1 │ @import [32m[37m'../../../../core/design/design-tokens';
2025-04-16T01:59:05.4626711Z         ╵         [32m^[0m
2025-04-16T01:59:05.4626960Z 
2025-04-16T01:59:05.4626968Z 
2025-04-16T01:59:05.4627368Z   Sass @import rules are deprecated and will be removed in Dart Sass 3.0.0.
2025-04-16T01:59:05.4627932Z   
2025-04-16T01:59:05.4628630Z   More info and automated migrator: [4mhttps://sass-lang.com/d/import[0m
2025-04-16T01:59:05.4629106Z 
2025-04-16T01:59:05.4629127Z 
2025-04-16T01:59:05.4629849Z [33m▲ [43;33m[[43;30mWARNING[43;33m][0m [1mDeprecation[0m [1m[35m[plugin angular-sass][0m
2025-04-16T01:59:05.4630365Z 
2025-04-16T01:59:05.4630910Z     src/app/shared/emerald/components/skeleton-loader/skeleton-loader.component.scss:1:8:
2025-04-16T01:59:05.4632033Z [37m      1 │ @import [32m[37m'../../../../core/design/design-tokens';
2025-04-16T01:59:05.4632622Z         ╵         [32m^[0m
2025-04-16T01:59:05.4632859Z 
2025-04-16T01:59:05.4632867Z 
2025-04-16T01:59:05.4633257Z   Sass @import rules are deprecated and will be removed in Dart Sass 3.0.0.
2025-04-16T01:59:05.4633831Z   
2025-04-16T01:59:05.4634491Z   More info and automated migrator: [4mhttps://sass-lang.com/d/import[0m
2025-04-16T01:59:05.4634972Z 
2025-04-16T01:59:05.4634980Z 
2025-04-16T01:59:05.4635852Z [33m▲ [43;33m[[43;30mWARNING[43;33m][0m [1mDeprecation[0m [1m[35m[plugin angular-sass][0m
2025-04-16T01:59:05.4636623Z 
2025-04-16T01:59:05.4637064Z     src/app/shared/emerald/components/toggle/toggle.component.scss:1:8:
2025-04-16T01:59:05.4638103Z [37m      1 │ @import [32m[37m'../../../../core/design/design-tokens';
2025-04-16T01:59:05.4639029Z         ╵         [32m^[0m
2025-04-16T01:59:05.4639275Z 
2025-04-16T01:59:05.4639283Z 
2025-04-16T01:59:05.4639689Z   Sass @import rules are deprecated and will be removed in Dart Sass 3.0.0.
2025-04-16T01:59:05.4640260Z   
2025-04-16T01:59:05.4640943Z   More info and automated migrator: [4mhttps://sass-lang.com/d/import[0m
2025-04-16T01:59:05.4641441Z 
2025-04-16T01:59:05.4641449Z 
2025-04-16T01:59:05.4642170Z [33m▲ [43;33m[[43;30mWARNING[43;33m][0m [1mDeprecation[0m [1m[35m[plugin angular-sass][0m
2025-04-16T01:59:05.4642692Z 
2025-04-16T01:59:05.4643110Z     src/app/shared/emerald/tinder-card/tinder-card.component.scss:1:8:
2025-04-16T01:59:05.4644096Z [37m      1 │ @import [32m[37m'../../../../styles/scss/variables';
2025-04-16T01:59:05.4644681Z         ╵         [32m^[0m
2025-04-16T01:59:05.4644925Z 
2025-04-16T01:59:05.4645093Z 
2025-04-16T01:59:05.4645487Z   Sass @import rules are deprecated and will be removed in Dart Sass 3.0.0.
2025-04-16T01:59:05.4646089Z   
2025-04-16T01:59:05.4646991Z   More info and automated migrator: [4mhttps://sass-lang.com/d/import[0m
2025-04-16T01:59:05.4647486Z 
2025-04-16T01:59:05.4647494Z 
2025-04-16T01:59:05.4648214Z [33m▲ [43;33m[[43;30mWARNING[43;33m][0m [1mDeprecation[0m [1m[35m[plugin angular-sass][0m
2025-04-16T01:59:05.4648749Z 
2025-04-16T01:59:05.4649156Z     src/app/shared/emerald/tinder-card/tinder-card.component.scss:2:8:
2025-04-16T01:59:05.4650087Z [37m      2 │ @import [32m[37m'../../../../styles/scss/mixins';
2025-04-16T01:59:05.4650657Z         ╵         [32m^[0m
2025-04-16T01:59:05.4650898Z 
2025-04-16T01:59:05.4650906Z 
2025-04-16T01:59:05.4651306Z   Sass @import rules are deprecated and will be removed in Dart Sass 3.0.0.
2025-04-16T01:59:05.4651884Z   
2025-04-16T01:59:05.4652552Z   More info and automated migrator: [4mhttps://sass-lang.com/d/import[0m
2025-04-16T01:59:05.4653050Z 
2025-04-16T01:59:05.4653058Z 
2025-04-16T01:59:05.4653796Z [33m▲ [43;33m[[43;30mWARNING[43;33m][0m [1mDeprecation[0m [1m[35m[plugin angular-sass][0m
2025-04-16T01:59:05.4654354Z 
2025-04-16T01:59:05.4654599Z     src/app/core/design/components.scss:8:8:
2025-04-16T01:59:05.4655297Z [37m      8 │ @import [32m[37m'design-tokens';
2025-04-16T01:59:05.4655844Z         ╵         [32m^[0m
2025-04-16T01:59:05.4656086Z 
2025-04-16T01:59:05.4656095Z 
2025-04-16T01:59:05.4656756Z   Sass @import rules are deprecated and will be removed in Dart Sass 3.0.0.
2025-04-16T01:59:05.4657340Z   
2025-04-16T01:59:05.4658036Z   More info and automated migrator: [4mhttps://sass-lang.com/d/import[0m
2025-04-16T01:59:05.4658537Z 
2025-04-16T01:59:05.4658831Z   The plugin "angular-sass" was triggered by this import
2025-04-16T01:59:05.4659230Z 
2025-04-16T01:59:05.4659444Z     angular:styles/global:styles:1:8:
2025-04-16T01:59:05.4660163Z [37m      1 │ @import [32m'src/styles/main.scss'[37m;
2025-04-16T01:59:05.4660801Z         ╵         [32m~~~~~~~~~~~~~~~~~~~~~~[0m
2025-04-16T01:59:05.4661115Z 
2025-04-16T01:59:05.4661123Z 
2025-04-16T01:59:05.4661837Z [33m▲ [43;33m[[43;30mWARNING[43;33m][0m [1mDeprecation[0m [1m[35m[plugin angular-sass][0m
2025-04-16T01:59:05.4662368Z 
2025-04-16T01:59:05.4662607Z     src/app/core/design/components.scss:374:9:
2025-04-16T01:59:05.4663348Z [37m      374 │   color: [32m[37mdarken($success, 30%);
2025-04-16T01:59:05.4663929Z           ╵          [32m^[0m
2025-04-16T01:59:05.4664173Z 
2025-04-16T01:59:05.4664180Z 
2025-04-16T01:59:05.4664632Z   Global built-in functions are deprecated and will be removed in Dart Sass 3.0.0.
2025-04-16T01:59:05.4665296Z   Use color.adjust instead.
2025-04-16T01:59:05.4665638Z   
2025-04-16T01:59:05.4666683Z   More info and automated migrator: [4mhttps://sass-lang.com/d/import[0m
2025-04-16T01:59:05.4667204Z 
2025-04-16T01:59:05.4667513Z   The plugin "angular-sass" was triggered by this import
2025-04-16T01:59:05.4667900Z 
2025-04-16T01:59:05.4668109Z     angular:styles/global:styles:1:8:
2025-04-16T01:59:05.4668823Z [37m      1 │ @import [32m'src/styles/main.scss'[37m;
2025-04-16T01:59:05.4669454Z         ╵         [32m~~~~~~~~~~~~~~~~~~~~~~[0m
2025-04-16T01:59:05.4669750Z 
2025-04-16T01:59:05.4669764Z 
2025-04-16T01:59:05.4670462Z [33m▲ [43;33m[[43;30mWARNING[43;33m][0m [1mDeprecation[0m [1m[35m[plugin angular-sass][0m
2025-04-16T01:59:05.4670982Z 
2025-04-16T01:59:05.4671230Z     src/app/core/design/components.scss:374:9:
2025-04-16T01:59:05.4671971Z [37m      374 │   color: [32m[37mdarken($success, 30%);
2025-04-16T01:59:05.4672540Z           ╵          [32m^[0m
2025-04-16T01:59:05.4672778Z 
2025-04-16T01:59:05.4672786Z 
2025-04-16T01:59:05.4672989Z   darken() is deprecated. Suggestions:
2025-04-16T01:59:05.4673391Z   
2025-04-16T01:59:05.4673795Z   color.scale($color, $lightness: -60.9561752988%)
2025-04-16T01:59:05.4674343Z   color.adjust($color, $lightness: -30%)
2025-04-16T01:59:05.4674929Z   
2025-04-16T01:59:05.4675500Z   More info: [4mhttps://sass-lang.com/d/color-functions[0m
2025-04-16T01:59:05.4675907Z 
2025-04-16T01:59:05.4676457Z   The plugin "angular-sass" was triggered by this import
2025-04-16T01:59:05.4676852Z 
2025-04-16T01:59:05.4677076Z     angular:styles/global:styles:1:8:
2025-04-16T01:59:05.4677781Z [37m      1 │ @import [32m'src/styles/main.scss'[37m;
2025-04-16T01:59:05.4678415Z         ╵         [32m~~~~~~~~~~~~~~~~~~~~~~[0m
2025-04-16T01:59:05.4678723Z 
2025-04-16T01:59:05.4678731Z 
2025-04-16T01:59:05.4679441Z [33m▲ [43;33m[[43;30mWARNING[43;33m][0m [1mDeprecation[0m [1m[35m[plugin angular-sass][0m
2025-04-16T01:59:05.4679974Z 
2025-04-16T01:59:05.4680227Z     src/app/core/design/components.scss:375:20:
2025-04-16T01:59:05.4681088Z [37m      375 │   background-color: [32m[37mlighten($success, 40%);
2025-04-16T01:59:05.4681760Z           ╵                     [32m^[0m
2025-04-16T01:59:05.4682052Z 
2025-04-16T01:59:05.4682073Z 
2025-04-16T01:59:05.4682515Z   Global built-in functions are deprecated and will be removed in Dart Sass 3.0.0.
2025-04-16T01:59:05.4683183Z   Use color.adjust instead.
2025-04-16T01:59:05.4683525Z   
2025-04-16T01:59:05.4684204Z   More info and automated migrator: [4mhttps://sass-lang.com/d/import[0m
2025-04-16T01:59:05.4684683Z 
2025-04-16T01:59:05.4684970Z   The plugin "angular-sass" was triggered by this import
2025-04-16T01:59:05.4685340Z 
2025-04-16T01:59:05.4685538Z     angular:styles/global:styles:1:8:
2025-04-16T01:59:05.4686401Z [37m      1 │ @import [32m'src/styles/main.scss'[37m;
2025-04-16T01:59:05.4687050Z         ╵         [32m~~~~~~~~~~~~~~~~~~~~~~[0m
2025-04-16T01:59:05.4687345Z 
2025-04-16T01:59:05.4687353Z 
2025-04-16T01:59:05.4688110Z [33m▲ [43;33m[[43;30mWARNING[43;33m][0m [1mDeprecation[0m [1m[35m[plugin angular-sass][0m
2025-04-16T01:59:05.4688660Z 
2025-04-16T01:59:05.4688908Z     src/app/core/design/components.scss:375:20:
2025-04-16T01:59:05.4689736Z [37m      375 │   background-color: [32m[37mlighten($success, 40%);
2025-04-16T01:59:05.4690436Z           ╵                     [32m^[0m
2025-04-16T01:59:05.4690728Z 
2025-04-16T01:59:05.4690736Z 
2025-04-16T01:59:05.4690937Z   lighten() is deprecated. Suggestions:
2025-04-16T01:59:05.4691341Z   
2025-04-16T01:59:05.4691718Z   color.scale($color, $lightness: 78.7644787645%)
2025-04-16T01:59:05.4692249Z   color.adjust($color, $lightness: 40%)
2025-04-16T01:59:05.4692644Z   
2025-04-16T01:59:05.4693207Z   More info: [4mhttps://sass-lang.com/d/color-functions[0m
2025-04-16T01:59:05.4693604Z 
2025-04-16T01:59:05.4694549Z   The plugin "angular-sass" was triggered by this import
2025-04-16T01:59:05.4694939Z 
2025-04-16T01:59:05.4695154Z     angular:styles/global:styles:1:8:
2025-04-16T01:59:05.4695861Z [37m      1 │ @import [32m'src/styles/main.scss'[37m;
2025-04-16T01:59:05.4696936Z         ╵         [32m~~~~~~~~~~~~~~~~~~~~~~[0m
2025-04-16T01:59:05.4697264Z 
2025-04-16T01:59:05.4697272Z 
2025-04-16T01:59:05.4698028Z [33m▲ [43;33m[[43;30mWARNING[43;33m][0m [1mDeprecation[0m [1m[35m[plugin angular-sass][0m
2025-04-16T01:59:05.4698552Z 
2025-04-16T01:59:05.4698802Z     src/app/core/design/components.scss:376:16:
2025-04-16T01:59:05.4699609Z [37m      376 │   border-color: [32m[37mlighten($success, 30%);
2025-04-16T01:59:05.4700244Z           ╵                 [32m^[0m
2025-04-16T01:59:05.4700525Z 
2025-04-16T01:59:05.4700533Z 
2025-04-16T01:59:05.4701258Z   Global built-in functions are deprecated and will be removed in Dart Sass 3.0.0.
2025-04-16T01:59:05.4701953Z   Use color.adjust instead.
2025-04-16T01:59:05.4702300Z   
2025-04-16T01:59:05.4703002Z   More info and automated migrator: [4mhttps://sass-lang.com/d/import[0m
2025-04-16T01:59:05.4703506Z 
2025-04-16T01:59:05.4703796Z   The plugin "angular-sass" was triggered by this import
2025-04-16T01:59:05.4704169Z 
2025-04-16T01:59:05.4704381Z     angular:styles/global:styles:1:8:
2025-04-16T01:59:05.4705080Z [37m      1 │ @import [32m'src/styles/main.scss'[37m;
2025-04-16T01:59:05.4705919Z         ╵         [32m~~~~~~~~~~~~~~~~~~~~~~[0m
2025-04-16T01:59:05.4706393Z 
2025-04-16T01:59:05.4706400Z 
2025-04-16T01:59:05.4707407Z [33m▲ [43;33m[[43;30mWARNING[43;33m][0m [1mDeprecation[0m [1m[35m[plugin angular-sass][0m
2025-04-16T01:59:05.4707957Z 
2025-04-16T01:59:05.4708204Z     src/app/core/design/components.scss:376:16:
2025-04-16T01:59:05.4709030Z [37m      376 │   border-color: [32m[37mlighten($success, 30%);
2025-04-16T01:59:05.4709684Z           ╵                 [32m^[0m
2025-04-16T01:59:05.4709950Z 
2025-04-16T01:59:05.4709958Z 
2025-04-16T01:59:05.4710163Z   lighten() is deprecated. Suggestions:
2025-04-16T01:59:05.4710567Z   
2025-04-16T01:59:05.4710944Z   color.scale($color, $lightness: 59.0733590734%)
2025-04-16T01:59:05.4711468Z   color.adjust($color, $lightness: 30%)
2025-04-16T01:59:05.4711877Z   
2025-04-16T01:59:05.4712431Z   More info: [4mhttps://sass-lang.com/d/color-functions[0m
2025-04-16T01:59:05.4712837Z 
2025-04-16T01:59:05.4713130Z   The plugin "angular-sass" was triggered by this import
2025-04-16T01:59:05.4713500Z 
2025-04-16T01:59:05.4713700Z     angular:styles/global:styles:1:8:
2025-04-16T01:59:05.4714391Z [37m      1 │ @import [32m'src/styles/main.scss'[37m;
2025-04-16T01:59:05.4715031Z         ╵         [32m~~~~~~~~~~~~~~~~~~~~~~[0m
2025-04-16T01:59:05.4715331Z 
2025-04-16T01:59:05.4715339Z 
2025-04-16T01:59:05.4716056Z [33m▲ [43;33m[[43;30mWARNING[43;33m][0m [1mDeprecation[0m [1m[35m[plugin angular-sass][0m
2025-04-16T01:59:05.4716826Z 
2025-04-16T01:59:05.4717079Z     src/app/core/design/components.scss:380:9:
2025-04-16T01:59:05.4718116Z [37m      380 │   color: [32m[37mdarken($warning, 30%);
2025-04-16T01:59:05.4718692Z           ╵          [32m^[0m
2025-04-16T01:59:05.4718935Z 
2025-04-16T01:59:05.4718943Z 
2025-04-16T01:59:05.4719400Z   Global built-in functions are deprecated and will be removed in Dart Sass 3.0.0.
2025-04-16T01:59:05.4720066Z   Use color.adjust instead.
2025-04-16T01:59:05.4720411Z   
2025-04-16T01:59:05.4721081Z   More info and automated migrator: [4mhttps://sass-lang.com/d/import[0m
2025-04-16T01:59:05.4721559Z 
2025-04-16T01:59:05.4721850Z   The plugin "angular-sass" was triggered by this import
2025-04-16T01:59:05.4722217Z 
2025-04-16T01:59:05.4722420Z     angular:styles/global:styles:1:8:
2025-04-16T01:59:05.4723118Z [37m      1 │ @import [32m'src/styles/main.scss'[37m;
2025-04-16T01:59:05.4723759Z         ╵         [32m~~~~~~~~~~~~~~~~~~~~~~[0m
2025-04-16T01:59:05.4724068Z 
2025-04-16T01:59:05.4724076Z 
2025-04-16T01:59:05.4724778Z [33m▲ [43;33m[[43;30mWARNING[43;33m][0m [1mDeprecation[0m [1m[35m[plugin angular-sass][0m
2025-04-16T01:59:05.4725575Z 
2025-04-16T01:59:05.4725825Z     src/app/core/design/components.scss:380:9:
2025-04-16T01:59:05.4726763Z [37m      380 │   color: [32m[37mdarken($warning, 30%);
2025-04-16T01:59:05.4727518Z           ╵          [32m^[0m
2025-04-16T01:59:05.4727768Z 
2025-04-16T01:59:05.4727777Z 
2025-04-16T01:59:05.4727996Z   darken() is deprecated. Suggestions:
2025-04-16T01:59:05.4728400Z   
2025-04-16T01:59:05.4728789Z   color.scale($color, $lightness: -58.3969465649%)
2025-04-16T01:59:05.4729344Z   color.adjust($color, $lightness: -30%)
2025-04-16T01:59:05.4729757Z   
2025-04-16T01:59:05.4730348Z   More info: [4mhttps://sass-lang.com/d/color-functions[0m
2025-04-16T01:59:05.4730760Z 
2025-04-16T01:59:05.4731311Z   The plugin "angular-sass" was triggered by this import
2025-04-16T01:59:05.4731694Z 
2025-04-16T01:59:05.4731910Z     angular:styles/global:styles:1:8:
2025-04-16T01:59:05.4732604Z [37m      1 │ @import [32m'src/styles/main.scss'[37m;
2025-04-16T01:59:05.4733223Z         ╵         [32m~~~~~~~~~~~~~~~~~~~~~~[0m
2025-04-16T01:59:05.4733539Z 
2025-04-16T01:59:05.4733548Z 
2025-04-16T01:59:05.4734294Z [33m▲ [43;33m[[43;30mWARNING[43;33m][0m [1mDeprecation[0m [1m[35m[plugin angular-sass][0m
2025-04-16T01:59:05.4734820Z 
2025-04-16T01:59:05.4735063Z     src/app/core/design/components.scss:381:20:
2025-04-16T01:59:05.4736867Z [37m      381 │   background-color: [32m[37mlighten($warning, 40%);
2025-04-16T01:59:05.4737592Z           ╵                     [32m^[0m
2025-04-16T01:59:05.4737882Z 
2025-04-16T01:59:05.4737890Z 
2025-04-16T01:59:05.4738335Z   Global built-in functions are deprecated and will be removed in Dart Sass 3.0.0.
2025-04-16T01:59:05.4738991Z   Use color.adjust instead.
2025-04-16T01:59:05.4739328Z   
2025-04-16T01:59:05.4740010Z   More info and automated migrator: [4mhttps://sass-lang.com/d/import[0m
2025-04-16T01:59:05.4740491Z 
2025-04-16T01:59:05.4740788Z   The plugin "angular-sass" was triggered by this import
2025-04-16T01:59:05.4741154Z 
2025-04-16T01:59:05.4741350Z     angular:styles/global:styles:1:8:
2025-04-16T01:59:05.4742043Z [37m      1 │ @import [32m'src/styles/main.scss'[37m;
2025-04-16T01:59:05.4742673Z         ╵         [32m~~~~~~~~~~~~~~~~~~~~~~[0m
2025-04-16T01:59:05.4742975Z 
2025-04-16T01:59:05.4742984Z 
2025-04-16T01:59:05.4743712Z [33m▲ [43;33m[[43;30mWARNING[43;33m][0m [1mDeprecation[0m [1m[35m[plugin angular-sass][0m
2025-04-16T01:59:05.4744251Z 
2025-04-16T01:59:05.4744495Z     src/app/core/design/components.scss:381:20:
2025-04-16T01:59:05.4745335Z [37m      381 │   background-color: [32m[37mlighten($warning, 40%);
2025-04-16T01:59:05.4746006Z           ╵                     [32m^[0m
2025-04-16T01:59:05.4746475Z 
2025-04-16T01:59:05.4746484Z 
2025-04-16T01:59:05.4746694Z   lighten() is deprecated. Suggestions:
2025-04-16T01:59:05.4747099Z   
2025-04-16T01:59:05.4747490Z   color.scale($color, $lightness: 82.2580645161%)
2025-04-16T01:59:05.4748008Z   color.adjust($color, $lightness: 40%)
2025-04-16T01:59:05.4748404Z   
2025-04-16T01:59:05.4748977Z   More info: [4mhttps://sass-lang.com/d/color-functions[0m
2025-04-16T01:59:05.4749378Z 
2025-04-16T01:59:05.4749679Z   The plugin "angular-sass" was triggered by this import
2025-04-16T01:59:05.4750040Z 
2025-04-16T01:59:05.4750506Z     angular:styles/global:styles:1:8:
2025-04-16T01:59:05.4751244Z [37m      1 │ @import [32m'src/styles/main.scss'[37m;
2025-04-16T01:59:05.4751861Z         ╵         [32m~~~~~~~~~~~~~~~~~~~~~~[0m
2025-04-16T01:59:05.4752161Z 
2025-04-16T01:59:05.4752170Z 
2025-04-16T01:59:05.4752865Z [33m▲ [43;33m[[43;30mWARNING[43;33m][0m [1mDeprecation[0m [1m[35m[plugin angular-sass][0m
2025-04-16T01:59:05.4753386Z 
2025-04-16T01:59:05.4753599Z     src/app/core/design/main.scss:8:8:
2025-04-16T01:59:05.4754249Z [37m      8 │ @import [32m[37m'design-tokens';
2025-04-16T01:59:05.4754751Z         ╵         [32m^[0m
2025-04-16T01:59:05.4754990Z 
2025-04-16T01:59:05.4754998Z 
2025-04-16T01:59:05.4755394Z   Sass @import rules are deprecated and will be removed in Dart Sass 3.0.0.
2025-04-16T01:59:05.4755982Z   
2025-04-16T01:59:05.4756935Z   More info and automated migrator: [4mhttps://sass-lang.com/d/import[0m
2025-04-16T01:59:05.4757598Z 
2025-04-16T01:59:05.4757906Z   The plugin "angular-sass" was triggered by this import
2025-04-16T01:59:05.4758286Z 
2025-04-16T01:59:05.4758795Z     angular:styles/global:styles:1:8:
2025-04-16T01:59:05.4759770Z [37m      1 │ @import [32m'src/styles/main.scss'[37m;
2025-04-16T01:59:05.4760417Z         ╵         [32m~~~~~~~~~~~~~~~~~~~~~~[0m
2025-04-16T01:59:05.4760717Z 
2025-04-16T01:59:05.4760725Z 
2025-04-16T01:59:05.4761440Z [33m▲ [43;33m[[43;30mWARNING[43;33m][0m [1mDeprecation[0m [1m[35m[plugin angular-sass][0m
2025-04-16T01:59:05.4762320Z 
2025-04-16T01:59:05.4762548Z     src/app/core/design/main.scss:9:8:
2025-04-16T01:59:05.4763210Z [37m      9 │ @import [32m[37m'components';
2025-04-16T01:59:05.4763731Z         ╵         [32m^[0m
2025-04-16T01:59:05.4763973Z 
2025-04-16T01:59:05.4763981Z 
2025-04-16T01:59:05.4764395Z   Sass @import rules are deprecated and will be removed in Dart Sass 3.0.0.
2025-04-16T01:59:05.4764995Z   
2025-04-16T01:59:05.4765729Z   More info and automated migrator: [4mhttps://sass-lang.com/d/import[0m
2025-04-16T01:59:05.4766912Z 
2025-04-16T01:59:05.4767228Z   The plugin "angular-sass" was triggered by this import
2025-04-16T01:59:05.4767811Z 
2025-04-16T01:59:05.4768029Z     angular:styles/global:styles:1:8:
2025-04-16T01:59:05.4768774Z [37m      1 │ @import [32m'src/styles/main.scss'[37m;
2025-04-16T01:59:05.4769437Z         ╵         [32m~~~~~~~~~~~~~~~~~~~~~~[0m
2025-04-16T01:59:05.4769743Z 
2025-04-16T01:59:05.4769751Z 
2025-04-16T01:59:05.4770477Z [33m▲ [43;33m[[43;30mWARNING[43;33m][0m [1mDeprecation[0m [1m[35m[plugin angular-sass][0m
2025-04-16T01:59:05.4771005Z 
2025-04-16T01:59:05.4771224Z     src/app/core/design/main.scss:190:18:
2025-04-16T01:59:05.4772029Z [37m      190 │   margin-right: -([32m[37m$grid-gutter-width / 2);
2025-04-16T01:59:05.4773047Z           ╵                   [32m^[0m
2025-04-16T01:59:05.4773349Z 
2025-04-16T01:59:05.4773358Z 
2025-04-16T01:59:05.4773887Z   Using / for division outside of calc() is deprecated and will be removed in Dart Sass 2.0.0.
2025-04-16T01:59:05.4774572Z   
2025-04-16T01:59:05.4775196Z   Recommendation: math.div($grid-gutter-width, 2) or calc($grid-gutter-width / 2)
2025-04-16T01:59:05.4776123Z   
2025-04-16T01:59:05.4777337Z   More info and automated migrator: [4mhttps://sass-lang.com/d/slash-div[0m
2025-04-16T01:59:05.4777845Z 
2025-04-16T01:59:05.4778147Z   The plugin "angular-sass" was triggered by this import
2025-04-16T01:59:05.4778781Z 
2025-04-16T01:59:05.4779010Z     angular:styles/global:styles:1:8:
2025-04-16T01:59:05.4779722Z [37m      1 │ @import [32m'src/styles/main.scss'[37m;
2025-04-16T01:59:05.4780340Z         ╵         [32m~~~~~~~~~~~~~~~~~~~~~~[0m
2025-04-16T01:59:05.4780899Z 
2025-04-16T01:59:05.4780907Z 
2025-04-16T01:59:05.4781635Z [33m▲ [43;33m[[43;30mWARNING[43;33m][0m [1mDeprecation[0m [1m[35m[plugin angular-sass][0m
2025-04-16T01:59:05.4782155Z 
2025-04-16T01:59:05.4782368Z     src/app/core/design/main.scss:191:17:
2025-04-16T01:59:05.4783199Z [37m      191 │   margin-left: -([32m[37m$grid-gutter-width / 2);
2025-04-16T01:59:05.4783863Z           ╵                  [32m^[0m
2025-04-16T01:59:05.4784149Z 
2025-04-16T01:59:05.4784157Z 
2025-04-16T01:59:05.4784647Z   Using / for division outside of calc() is deprecated and will be removed in Dart Sass 2.0.0.
2025-04-16T01:59:05.4785323Z   
2025-04-16T01:59:05.4785927Z   Recommendation: math.div($grid-gutter-width, 2) or calc($grid-gutter-width / 2)
2025-04-16T01:59:05.4787031Z   
2025-04-16T01:59:05.4787819Z   More info and automated migrator: [4mhttps://sass-lang.com/d/slash-div[0m
2025-04-16T01:59:05.4788331Z 
2025-04-16T01:59:05.4788622Z   The plugin "angular-sass" was triggered by this import
2025-04-16T01:59:05.4789000Z 
2025-04-16T01:59:05.4789203Z     angular:styles/global:styles:1:8:
2025-04-16T01:59:05.4789921Z [37m      1 │ @import [32m'src/styles/main.scss'[37m;
2025-04-16T01:59:05.4790557Z         ╵         [32m~~~~~~~~~~~~~~~~~~~~~~[0m
2025-04-16T01:59:05.4791044Z 
2025-04-16T01:59:05.4791058Z 
2025-04-16T01:59:05.4791820Z [33m▲ [43;33m[[43;30mWARNING[43;33m][0m [1mDeprecation[0m [1m[35m[plugin angular-sass][0m
2025-04-16T01:59:05.4792375Z 
2025-04-16T01:59:05.4792592Z     src/app/core/design/main.scss:198:18:
2025-04-16T01:59:05.4794098Z [37m      198 │   padding-right: ([32m[37m$grid-gutter-width / 2);
2025-04-16T01:59:05.4795085Z           ╵                   [32m^[0m
2025-04-16T01:59:05.4795379Z 
2025-04-16T01:59:05.4795388Z 
2025-04-16T01:59:05.4796382Z   Using / for division outside of calc() is deprecated and will be removed in Dart Sass 2.0.0.
2025-04-16T01:59:05.4797331Z   
2025-04-16T01:59:05.4797968Z   Recommendation: math.div($grid-gutter-width, 2) or calc($grid-gutter-width / 2)
2025-04-16T01:59:05.4798605Z   
2025-04-16T01:59:05.4799594Z   More info and automated migrator: [4mhttps://sass-lang.com/d/slash-div[0m
2025-04-16T01:59:05.4800121Z 
2025-04-16T01:59:05.4800425Z   The plugin "angular-sass" was triggered by this import
2025-04-16T01:59:05.4801081Z 
2025-04-16T01:59:05.4801306Z     angular:styles/global:styles:1:8:
2025-04-16T01:59:05.4802035Z [37m      1 │ @import [32m'src/styles/main.scss'[37m;
2025-04-16T01:59:05.4803297Z         ╵         [32m~~~~~~~~~~~~~~~~~~~~~~[0m
2025-04-16T01:59:05.4803611Z 
2025-04-16T01:59:05.4803629Z 
2025-04-16T01:59:05.4804606Z [33m▲ [43;33m[[43;30mWARNING[43;33m][0m [1mDeprecation[0m [1m[35m[plugin angular-sass][0m
2025-04-16T01:59:05.4805182Z 
2025-04-16T01:59:05.4805418Z     src/app/core/design/main.scss:199:17:
2025-04-16T01:59:05.4806423Z [37m      199 │   padding-left: ([32m[37m$grid-gutter-width / 2);
2025-04-16T01:59:05.4807105Z           ╵                  [32m^[0m
2025-04-16T01:59:05.4807647Z 
2025-04-16T01:59:05.4807656Z 
2025-04-16T01:59:05.4808174Z   Using / for division outside of calc() is deprecated and will be removed in Dart Sass 2.0.0.
2025-04-16T01:59:05.4808850Z   
2025-04-16T01:59:05.4809465Z   Recommendation: math.div($grid-gutter-width, 2) or calc($grid-gutter-width / 2)
2025-04-16T01:59:05.4810092Z   
2025-04-16T01:59:05.4810802Z   More info and automated migrator: [4mhttps://sass-lang.com/d/slash-div[0m
2025-04-16T01:59:05.4811342Z 
2025-04-16T01:59:05.4811639Z   The plugin "angular-sass" was triggered by this import
2025-04-16T01:59:05.4812026Z 
2025-04-16T01:59:05.4812227Z     angular:styles/global:styles:1:8:
2025-04-16T01:59:05.4812933Z [37m      1 │ @import [32m'src/styles/main.scss'[37m;
2025-04-16T01:59:05.4813843Z         ╵         [32m~~~~~~~~~~~~~~~~~~~~~~[0m
2025-04-16T01:59:05.4814388Z 
2025-04-16T01:59:05.4814397Z 
2025-04-16T01:59:05.4815145Z [33m▲ [43;33m[[43;30mWARNING[43;33m][0m [1mDeprecation[0m [1m[35m[plugin angular-sass][0m
2025-04-16T01:59:05.4815693Z 
2025-04-16T01:59:05.4815905Z     src/app/core/design/main.scss:204:25:
2025-04-16T01:59:05.4817022Z [37m      204 │     flex: 0 0 percentage([32m[37m$i / $grid-columns);
2025-04-16T01:59:05.4817715Z           ╵                          [32m^[0m
2025-04-16T01:59:05.4818035Z 
2025-04-16T01:59:05.4818045Z 
2025-04-16T01:59:05.4818544Z   Using / for division outside of calc() is deprecated and will be removed in Dart Sass 2.0.0.
2025-04-16T01:59:05.4819215Z   
2025-04-16T01:59:05.4819741Z   Recommendation: math.div($i, $grid-columns) or calc($i / $grid-columns)
2025-04-16T01:59:05.4820311Z   
2025-04-16T01:59:05.4820992Z   More info and automated migrator: [4mhttps://sass-lang.com/d/slash-div[0m
2025-04-16T01:59:05.4821478Z 
2025-04-16T01:59:05.4821766Z   The plugin "angular-sass" was triggered by this import
2025-04-16T01:59:05.4822128Z 
2025-04-16T01:59:05.4822326Z     angular:styles/global:styles:1:8:
2025-04-16T01:59:05.4823009Z [37m      1 │ @import [32m'src/styles/main.scss'[37m;
2025-04-16T01:59:05.4823623Z         ╵         [32m~~~~~~~~~~~~~~~~~~~~~~[0m
2025-04-16T01:59:05.4823916Z 
2025-04-16T01:59:05.4824089Z [39m[22m
2025-04-16T01:59:05.4825478Z [1m[31m[31m✘ [41;31m[[41;97mERROR[41;31m][0m [1mTwo forwarded modules both define a variable named $primary-100.
2025-04-16T01:59:05.4826437Z     ╷
2025-04-16T01:59:05.4826998Z 5   │ @forward '../../app/core/design/design-tokens';
2025-04-16T01:59:05.4827758Z     │ ━━━━━━━━━━━━━━━━━━━━━━━━━━━━━━━━━━━━━━━━━━━━━━ original @forward
2025-04-16T01:59:05.4828370Z ... │
2025-04-16T01:59:05.4828930Z 7   │ @forward '../../app/core/design/main';
2025-04-16T01:59:05.4829645Z     │ ^^^^^^^^^^^^^^^^^^^^^^^^^^^^^^^^^^^^^ new @forward
2025-04-16T01:59:05.4830391Z     ╵
2025-04-16T01:59:05.4831115Z   src/styles/design-system/index.scss 7:1                                    @use
2025-04-16T01:59:05.4832737Z   src/app/features/advertiser-profile/advertiser-profile.component.scss 1:1  root stylesheet[0m [1m[35m[plugin angular-sass][0m
2025-04-16T01:59:05.4833769Z 
2025-04-16T01:59:05.4833778Z 
2025-04-16T01:59:05.4834320Z [31m✘ [41;31m[[41;97mERROR[41;31m][0m [1mUndefined variable.
2025-04-16T01:59:05.4834948Z     ╷
2025-04-16T01:59:05.4835546Z 136 │       background-color: $success-100;
2025-04-16T01:59:05.4836581Z     │                         ^^^^^^^^^^^^
2025-04-16T01:59:05.4837186Z     ╵
2025-04-16T01:59:05.4838528Z   src/app/shared/emerald/components/info-panel/info-panel.component.scss 136:25  root stylesheet[0m [1m[35m[plugin angular-sass][0m
2025-04-16T01:59:05.4839733Z 
2025-04-16T01:59:05.4839742Z 
2025-04-16T01:59:05.4840365Z [31m✘ [41;31m[[41;97mERROR[41;31m][0m [1mUndefined variable.
2025-04-16T01:59:05.4841044Z     ╷
2025-04-16T01:59:05.4841555Z 202 │       border-color: $primary;
2025-04-16T01:59:05.4842326Z     │                     ^^^^^^^^
2025-04-16T01:59:05.4842591Z     ╵
2025-04-16T01:59:05.4843684Z   src/app/shared/emerald/components/carousel/carousel.component.scss 202:21  root stylesheet[0m [1m[35m[plugin angular-sass][0m
2025-04-16T01:59:05.4843701Z 
2025-04-16T01:59:05.4843709Z 
2025-04-16T01:59:05.4844348Z [31m✘ [41;31m[[41;97mERROR[41;31m][0m [1mCan't find stylesheet to import.
2025-04-16T01:59:05.4844634Z   ╷
2025-04-16T01:59:05.4845143Z 1 │ @import '../../../../styles/scss/variables';
2025-04-16T01:59:05.4845502Z   │         ^^^^^^^^^^^^^^^^^^^^^^^^^^^^^^^^^^^
2025-04-16T01:59:05.4845708Z   ╵
2025-04-16T01:59:05.4846925Z   src/app/shared/emerald/tinder-card/tinder-card.component.scss 1:9  root stylesheet[0m [1m[35m[plugin angular-sass][0m
2025-04-16T01:59:05.4846943Z 
2025-04-16T01:59:05.4846951Z 
2025-04-16T01:59:05.4847822Z [31m✘ [41;31m[[41;97mERROR[41;31m][0m [1mTwo forwarded modules both define a variable named $primary-100.
2025-04-16T01:59:05.4848185Z     ╷
2025-04-16T01:59:05.4848636Z 5   │ @forward '../../app/core/design/design-tokens';
2025-04-16T01:59:05.4849188Z     │ ━━━━━━━━━━━━━━━━━━━━━━━━━━━━━━━━━━━━━━━━━━━━━━ original @forward
2025-04-16T01:59:05.4849372Z ... │
2025-04-16T01:59:05.4849772Z 7   │ @forward '../../app/core/design/main';
2025-04-16T01:59:05.4850193Z     │ ^^^^^^^^^^^^^^^^^^^^^^^^^^^^^^^^^^^^^ new @forward
2025-04-16T01:59:05.4850454Z     ╵
2025-04-16T01:59:05.4850914Z   src/styles/design-system/index.scss 7:1                           @use
2025-04-16T01:59:05.4852053Z   src/app/features/user-settings/user-settings.component.scss 11:1  root stylesheet[0m [1m[35m[plugin angular-sass][0m
2025-04-16T01:59:05.4852120Z 
2025-04-16T01:59:05.4852128Z 
2025-04-16T01:59:05.4867904Z [31m✘ [41;31m[[41;97mERROR[41;31m][0m [1mCan't find stylesheet to import.
2025-04-16T01:59:05.4868144Z   ╷
2025-04-16T01:59:05.4868482Z 1 │ @import '../../../../styles/variables';
2025-04-16T01:59:05.4868735Z   │         ^^^^^^^^^^^^^^^^^^^^^^^^^^^^^^
2025-04-16T01:59:05.4868864Z   ╵
2025-04-16T01:59:05.4869662Z   src/app/features/tinder/tinder.component.scss 1:9  root stylesheet[0m [1m[35m[plugin angular-sass][0m
2025-04-16T01:59:05.4869676Z 
2025-04-16T01:59:05.4869686Z 
2025-04-16T01:59:05.4870156Z [31m✘ [41;31m[[41;97mERROR[41;31m][0m [1mUndefined variable.
2025-04-16T01:59:05.4870295Z    ╷
2025-04-16T01:59:05.4870610Z 29 │   background-color: $neutral-50;
2025-04-16T01:59:05.4870852Z    │                     ^^^^^^^^^^^
2025-04-16T01:59:05.4871024Z    ╵
2025-04-16T01:59:05.4871807Z   src/app/features/chat/chat.component.scss 29:21  root stylesheet[0m [1m[35m[plugin angular-sass][0m
2025-04-16T01:59:05.4872010Z 
2025-04-16T01:59:05.4872018Z 
2025-04-16T01:59:05.4872529Z [31m✘ [41;31m[[41;97mERROR[41;31m][0m [1mUndefined variable.
2025-04-16T01:59:05.4872690Z     ╷
2025-04-16T01:59:05.4873077Z 124 │           background-color: $success-100;
2025-04-16T01:59:05.4873355Z     │                             ^^^^^^^^^^^^
2025-04-16T01:59:05.4873509Z     ╵
2025-04-16T01:59:05.4874327Z   src/app/features/wallet/wallet.component.scss 124:29  root stylesheet[0m [1m[35m[plugin angular-sass][0m
2025-04-16T01:59:05.4874345Z 
2025-04-16T01:59:05.4874352Z 
2025-04-16T01:59:05.4874837Z [31m✘ [41;31m[[41;97mERROR[41;31m][0m [1mUndefined variable.
2025-04-16T01:59:05.4874984Z     ╷
2025-04-16T01:59:05.4875308Z 227 │       background-color: $error-100;
2025-04-16T01:59:05.4875562Z     │                         ^^^^^^^^^^
2025-04-16T01:59:05.4875700Z     ╵
2025-04-16T01:59:05.4876837Z   src/app/features/list-view/list-view.component.scss 227:25  root stylesheet[0m [1m[35m[plugin angular-sass][0m
2025-04-16T01:59:05.4876873Z 
2025-04-16T01:59:05.4876881Z 
2025-04-16T01:59:05.4878105Z [31m✘ [41;31m[[41;97mERROR[41;31m][0m [1mNG8002: Can't bind to 'aria-label' since it isn't a known property of 'span'.[0m [1m[35m[plugin angular-compiler][0m
2025-04-16T01:59:05.4878125Z 
2025-04-16T01:59:05.4878351Z     src/app/app.component.html:45:61:
2025-04-16T01:59:05.4879047Z [37m      45 │ ...readMessages > 0" [32maria-label="{{unreadMessages}} unread messages"[37m>
2025-04-16T01:59:05.4879490Z          ╵                      [32m~~~~~~~~~~~~~~~~~~~~~~~~~~~~~~~~~~~~~~~~~~~~~~~[0m
2025-04-16T01:59:05.4879505Z 
2025-04-16T01:59:05.4879805Z   Error occurs in the template of component AppComponent.
2025-04-16T01:59:05.4879819Z 
2025-04-16T01:59:05.4880020Z     src/app/app.component.ts:28:15:
2025-04-16T01:59:05.4880498Z [37m      28 │   templateUrl: [32m'./app.component.html'[37m,
2025-04-16T01:59:05.4880817Z          ╵                [32m~~~~~~~~~~~~~~~~~~~~~~[0m
2025-04-16T01:59:05.4880846Z 
2025-04-16T01:59:05.4880854Z 
2025-04-16T01:59:05.4881585Z [31m✘ [41;31m[[41;97mERROR[41;31m][0m [1mCould not resolve "./features/tinder/tinder.module"[0m
2025-04-16T01:59:05.4881601Z 
2025-04-16T01:59:05.4881797Z     src/app/app.routes.ts:85:31:
2025-04-16T01:59:05.4882445Z [37m      85 │ ...: () => import([32m'./features/tinder/tinder.module'[37m).then(m => m.T...
2025-04-16T01:59:05.4882810Z          ╵                   [32m~~~~~~~~~~~~~~~~~~~~~~~~~~~~~~~~~[0m
2025-04-16T01:59:05.4882824Z 
2025-04-16T01:59:05.4882831Z 
2025-04-16T01:59:05.4884301Z [31m✘ [41;31m[[41;97mERROR[41;31m][0m [1mTS2307: Cannot find module './features/tinder/tinder.module' or its corresponding type declarations.[0m [1m[35m[plugin angular-compiler][0m
2025-04-16T01:59:05.4884319Z 
2025-04-16T01:59:05.4884518Z     src/app/app.routes.ts:85:31:
2025-04-16T01:59:05.4885331Z [37m      85 │ ...: () => import([32m'./features/tinder/tinder.module'[37m).then(m => m.T...
2025-04-16T01:59:05.4885701Z          ╵                   [32m~~~~~~~~~~~~~~~~~~~~~~~~~~~~~~~~~[0m
2025-04-16T01:59:05.4885730Z 
2025-04-16T01:59:05.4885738Z 
2025-04-16T01:59:05.4886866Z [31m✘ [41;31m[[41;97mERROR[41;31m][0m [1mCould not resolve "../../shared/layouts/main-layout/main-layout.component"[0m
2025-04-16T01:59:05.4886886Z 
2025-04-16T01:59:05.4887367Z     src/app/features/advertiser-profile/advertiser-profile.component.ts:18:36:
2025-04-16T01:59:05.4888080Z [37m      18 │ ...nt } from [32m'../../shared/layouts/main-layout/main-layout.compone[37m...
2025-04-16T01:59:05.4888521Z          ╵              [32m~~~~~~~~~~~~~~~~~~~~~~~~~~~~~~~~~~~~~~~~~~~~~~~~~~~~~[0m
2025-04-16T01:59:05.4888535Z 
2025-04-16T01:59:05.4888542Z 
2025-04-16T01:59:05.4894108Z [31m✘ [41;31m[[41;97mERROR[41;31m][0m [1mTS2307: Cannot find module '../../shared/layouts/main-layout/main-layout.component' or its corresponding type declarations.[0m [1m[35m[plugin angular-compiler][0m
2025-04-16T01:59:05.4894134Z 
2025-04-16T01:59:05.4894641Z     src/app/features/advertiser-profile/advertiser-profile.component.ts:18:36:
2025-04-16T01:59:05.4895506Z [37m      18 │ ...nt } from [32m'../../shared/layouts/main-layout/main-layout.compone[37m...
2025-04-16T01:59:05.4895945Z          ╵              [32m~~~~~~~~~~~~~~~~~~~~~~~~~~~~~~~~~~~~~~~~~~~~~~~~~~~~~[0m
2025-04-16T01:59:05.4895960Z 
2025-04-16T01:59:05.4895967Z 
2025-04-16T01:59:05.4897153Z [31m✘ [41;31m[[41;97mERROR[41;31m][0m [1mTS-991010: 'imports' must be an array of components, directives, pipes, or NgModules.
2025-04-16T01:59:05.4897791Z   Value could not be determined statically.[0m [1m[35m[plugin angular-compiler][0m
2025-04-16T01:59:05.4897807Z 
2025-04-16T01:59:05.4898281Z     src/app/features/advertiser-profile/advertiser-profile.component.ts:26:61:
2025-04-16T01:59:05.4899029Z [37m      26 │ ...monModule, RouterModule, ReactiveFormsModule, [32mMainLayoutComponent[37m]
2025-04-16T01:59:05.4899424Z          ╵                                                  [32m~~~~~~~~~~~~~~~~~~~[0m
2025-04-16T01:59:05.4899452Z 
2025-04-16T01:59:05.4899596Z   Unknown reference.
2025-04-16T01:59:05.4899608Z 
2025-04-16T01:59:05.4900066Z     src/app/features/advertiser-profile/advertiser-profile.component.ts:26:61:
2025-04-16T01:59:05.4900790Z [37m      26 │ ...monModule, RouterModule, ReactiveFormsModule, [32mMainLayoutComponent[37m]
2025-04-16T01:59:05.4901173Z          ╵                                                  [32m~~~~~~~~~~~~~~~~~~~[0m
2025-04-16T01:59:05.4901187Z 
2025-04-16T01:59:05.4901194Z 
2025-04-16T01:59:05.4902813Z [31m✘ [41;31m[[41;97mERROR[41;31m][0m [1mTS-996008: Component LoginComponent is standalone, and cannot be declared in an NgModule. Did you mean to import it instead?[0m [1m[35m[plugin angular-compiler][0m
2025-04-16T01:59:05.4902829Z 
2025-04-16T01:59:05.4903071Z     src/app/features/auth/auth.module.ts:38:4:
2025-04-16T01:59:05.4903435Z [37m      38 │     [32mLoginComponent[37m,
2025-04-16T01:59:05.4903706Z          ╵     [32m~~~~~~~~~~~~~~[0m
2025-04-16T01:59:05.4903731Z 
2025-04-16T01:59:05.4903739Z 
2025-04-16T01:59:05.4905389Z [31m✘ [41;31m[[41;97mERROR[41;31m][0m [1mTS-996008: Component RegisterComponent is standalone, and cannot be declared in an NgModule. Did you mean to import it instead?[0m [1m[35m[plugin angular-compiler][0m
2025-04-16T01:59:05.4905412Z 
2025-04-16T01:59:05.4905658Z     src/app/features/auth/auth.module.ts:39:4:
2025-04-16T01:59:05.4906049Z [37m      39 │     [32mRegisterComponent[37m
2025-04-16T01:59:05.4906494Z          ╵     [32m~~~~~~~~~~~~~~~~~[0m
2025-04-16T01:59:05.4906508Z 
2025-04-16T01:59:05.4906516Z 
2025-04-16T01:59:05.4907465Z [31m✘ [41;31m[[41;97mERROR[41;31m][0m [1mNG5: Argument of type 'Event' is not assignable to parameter of type 'KeyboardEvent'.
2025-04-16T01:59:05.4908741Z   Type 'Event' is missing the following properties from type 'KeyboardEvent': altKey, charCode, code, ctrlKey, and 17 more.[0m [1m[35m[plugin angular-compiler][0m
2025-04-16T01:59:05.4908757Z 
2025-04-16T01:59:05.4909015Z     src/app/features/chat/chat.component.html:286:42:
2025-04-16T01:59:05.4909461Z [37m      286 │             (keyup.enter)="handleEnterKey([32m$event[37m)"
2025-04-16T01:59:05.4909761Z           ╵                                           [32m~~~~~~[0m
2025-04-16T01:59:05.4909773Z 
2025-04-16T01:59:05.4910051Z   Error occurs in the template of component ChatComponent.
2025-04-16T01:59:05.4910062Z 
2025-04-16T01:59:05.4910292Z     src/app/features/chat/chat.component.ts:110:15:
2025-04-16T01:59:05.4910731Z [37m      110 │   templateUrl: [32m'./chat.component.html'[37m,
2025-04-16T01:59:05.4911011Z           ╵                [32m~~~~~~~~~~~~~~~~~~~~~~~[0m
2025-04-16T01:59:05.4911023Z 
2025-04-16T01:59:05.4911029Z 
2025-04-16T01:59:05.4913357Z [31m✘ [41;31m[[41;97mERROR[41;31m][0m [1mNG5: Argument of type 'import("/home/runner/work/date-night-app2/date-night-app2/client-angular/src/app/shared/emerald/components/page-header/page-header.component").HeaderAction' is not assignable to parameter of type 'HeaderAction'.
2025-04-16T01:59:05.4914381Z   Property 'icon' is optional in type 'HeaderAction' but required in type 'HeaderAction'.[0m [1m[35m[plugin angular-compiler][0m
2025-04-16T01:59:05.4914395Z 
2025-04-16T01:59:05.4914684Z     src/app/features/list-view/list-view.component.html:8:41:
2025-04-16T01:59:05.4915137Z [37m      8 │       (actionClick)="onHeaderActionClick([32m$event[37m)">
2025-04-16T01:59:05.4915422Z         ╵                                          [32m~~~~~~[0m
2025-04-16T01:59:05.4915433Z 
2025-04-16T01:59:05.4915720Z   Error occurs in the template of component ListViewComponent.
2025-04-16T01:59:05.4915731Z 
2025-04-16T01:59:05.4916013Z     src/app/features/list-view/list-view.component.ts:78:15:
2025-04-16T01:59:05.4916718Z [37m      78 │   templateUrl: [32m'./list-view.component.html'[37m,
2025-04-16T01:59:05.4917047Z          ╵                [32m~~~~~~~~~~~~~~~~~~~~~~~~~~~~[0m
2025-04-16T01:59:05.4917061Z 
2025-04-16T01:59:05.4917069Z 
2025-04-16T01:59:05.4918908Z [31m✘ [41;31m[[41;97mERROR[41;31m][0m [1mNG9: Type 'AbstractControl<any, any>' is missing the following properties from type 'FormControl<any>': defaultValue, registerOnChange, registerOnDisabledChange[0m [1m[35m[plugin angular-compiler][0m
2025-04-16T01:59:05.4918923Z 
2025-04-16T01:59:05.4919226Z     src/app/features/list-view/list-view.component.html:16:27:
2025-04-16T01:59:05.4919879Z [37m      16 │           <input matInput [[32mformControl[37m]="filterForm.controls['sear...
2025-04-16T01:59:05.4920181Z          ╵                            [32m~~~~~~~~~~~[0m
2025-04-16T01:59:05.4920193Z 
2025-04-16T01:59:05.4920504Z   Error occurs in the template of component ListViewComponent.
2025-04-16T01:59:05.4920516Z 
2025-04-16T01:59:05.4920823Z     src/app/features/list-view/list-view.component.ts:78:15:
2025-04-16T01:59:05.4921330Z [37m      78 │   templateUrl: [32m'./list-view.component.html'[37m,
2025-04-16T01:59:05.4921641Z          ╵                [32m~~~~~~~~~~~~~~~~~~~~~~~~~~~~[0m
2025-04-16T01:59:05.4921665Z 
2025-04-16T01:59:05.4921672Z 
2025-04-16T01:59:05.4922682Z [31m✘ [41;31m[[41;97mERROR[41;31m][0m [1mNG2: Type '"netflix" | "list" | "compact"' is not assignable to type '"netflix" | "tinder" | "list"'.
2025-04-16T01:59:05.4923430Z   Type '"compact"' is not assignable to type '"netflix" | "tinder" | "list"'.[0m [1m[35m[plugin angular-compiler][0m
2025-04-16T01:59:05.4923443Z 
2025-04-16T01:59:05.4923771Z     src/app/features/list-view/list-view.component.html:205:15:
2025-04-16T01:59:05.4924350Z [37m      205 │               [[32mlayout[37m]="viewMode === 'list' ? 'list' : (viewMode ...
2025-04-16T01:59:05.4924617Z           ╵                [32m~~~~~~[0m
2025-04-16T01:59:05.4924629Z 
2025-04-16T01:59:05.4924939Z   Error occurs in the template of component ListViewComponent.
2025-04-16T01:59:05.4924950Z 
2025-04-16T01:59:05.4925470Z     src/app/features/list-view/list-view.component.ts:78:15:
2025-04-16T01:59:05.4926004Z [37m      78 │   templateUrl: [32m'./list-view.component.html'[37m,
2025-04-16T01:59:05.4926570Z          ╵                [32m~~~~~~~~~~~~~~~~~~~~~~~~~~~~[0m
2025-04-16T01:59:05.4926585Z 
2025-04-16T01:59:05.4926592Z 
2025-04-16T01:59:05.4927714Z [31m✘ [41;31m[[41;97mERROR[41;31m][0m [1mTS2339: Property 'isAdvertiserOnline' does not exist on type 'Ad'.[0m [1m[35m[plugin angular-compiler][0m
2025-04-16T01:59:05.4927727Z 
2025-04-16T01:59:05.4928047Z     src/app/features/list-view/list-view.component.ts:233:33:
2025-04-16T01:59:05.4928725Z [37m      233 │ ...sAdvertiserOnline: ad.[32misAdvertiserOnline[37m || Math.random() > 0....
2025-04-16T01:59:05.4929052Z           ╵                          [32m~~~~~~~~~~~~~~~~~~[0m
2025-04-16T01:59:05.4929063Z 
2025-04-16T01:59:05.4929070Z 
2025-04-16T01:59:05.4930192Z [31m✘ [41;31m[[41;97mERROR[41;31m][0m [1mTS2339: Property 'isAdvertiserOnline' does not exist on type 'Ad'.[0m [1m[35m[plugin angular-compiler][0m
2025-04-16T01:59:05.4930205Z 
2025-04-16T01:59:05.4930520Z     src/app/features/list-view/list-view.component.ts:294:41:
2025-04-16T01:59:05.4931318Z [37m      294 │         if (filters.status.online && !ad.[32misAdvertiserOnline[37m) {
2025-04-16T01:59:05.4931686Z           ╵                                          [32m~~~~~~~~~~~~~~~~~~[0m
2025-04-16T01:59:05.4931699Z 
2025-04-16T01:59:05.4931707Z 
2025-04-16T01:59:05.4932725Z [31m✘ [41;31m[[41;97mERROR[41;31m][0m [1mTS2339: Property 'isVerified' does not exist on type 'Ad'.[0m [1m[35m[plugin angular-compiler][0m
2025-04-16T01:59:05.4932738Z 
2025-04-16T01:59:05.4933045Z     src/app/features/list-view/list-view.component.ts:302:43:
2025-04-16T01:59:05.4933589Z [37m      302 │         if (filters.status.verified && !ad.[32misVerified[37m) {
2025-04-16T01:59:05.4933937Z           ╵                                            [32m~~~~~~~~~~[0m
2025-04-16T01:59:05.4933962Z 
2025-04-16T01:59:05.4933970Z 
2025-04-16T01:59:05.4935217Z [31m✘ [41;31m[[41;97mERROR[41;31m][0m [1mNG1: Property 'advertiserImage' does not exist on type 'Ad'. Did you mean 'advertiser'?[0m [1m[35m[plugin angular-compiler][0m
2025-04-16T01:59:05.4935246Z 
2025-04-16T01:59:05.4935616Z     src/app/features/netflix-view/netflix-view.component.html:9:30:
2025-04-16T01:59:05.4936087Z [37m      9 │       [avatarUrl]="featuredAd.[32madvertiserImage[37m"
2025-04-16T01:59:05.4938580Z         ╵                               [32m~~~~~~~~~~~~~~~[0m
2025-04-16T01:59:05.4938597Z 
2025-04-16T01:59:05.4938936Z   Error occurs in the template of component NetflixViewComponent.
2025-04-16T01:59:05.4938948Z 
2025-04-16T01:59:05.4939307Z     src/app/features/netflix-view/netflix-view.component.ts:35:15:
2025-04-16T01:59:05.4939825Z [37m      35 │   templateUrl: [32m'./netflix-view.component.html'[37m,
2025-04-16T01:59:05.4940145Z          ╵                [32m~~~~~~~~~~~~~~~~~~~~~~~~~~~~~~~[0m
2025-04-16T01:59:05.4940171Z 
2025-04-16T01:59:05.4940179Z 
2025-04-16T01:59:05.4941424Z [31m✘ [41;31m[[41;97mERROR[41;31m][0m [1mNG1: Property 'advertiserName' does not exist on type 'Ad'. Did you mean 'advertiser'?[0m [1m[35m[plugin angular-compiler][0m
2025-04-16T01:59:05.4941452Z 
2025-04-16T01:59:05.4941826Z     src/app/features/netflix-view/netflix-view.component.html:10:31:
2025-04-16T01:59:05.4942300Z [37m      10 │       [avatarName]="featuredAd.[32madvertiserName[37m"
2025-04-16T01:59:05.4942628Z          ╵                                [32m~~~~~~~~~~~~~~[0m
2025-04-16T01:59:05.4942641Z 
2025-04-16T01:59:05.4942954Z   Error occurs in the template of component NetflixViewComponent.
2025-04-16T01:59:05.4942965Z 
2025-04-16T01:59:05.4943311Z     src/app/features/netflix-view/netflix-view.component.ts:35:15:
2025-04-16T01:59:05.4943808Z [37m      35 │   templateUrl: [32m'./netflix-view.component.html'[37m,
2025-04-16T01:59:05.4944298Z          ╵                [32m~~~~~~~~~~~~~~~~~~~~~~~~~~~~~~~[0m
2025-04-16T01:59:05.4944324Z 
2025-04-16T01:59:05.4944331Z 
2025-04-16T01:59:05.4945434Z [31m✘ [41;31m[[41;97mERROR[41;31m][0m [1mNG9: Property 'isAdvertiserOnline' does not exist on type 'Ad'.[0m [1m[35m[plugin angular-compiler][0m
2025-04-16T01:59:05.4945458Z 
2025-04-16T01:59:05.4945835Z     src/app/features/netflix-view/netflix-view.component.html:11:35:
2025-04-16T01:59:05.4946610Z [37m      11 │       [avatarIsOnline]="featuredAd.[32misAdvertiserOnline[37m"
2025-04-16T01:59:05.4946980Z          ╵                                    [32m~~~~~~~~~~~~~~~~~~[0m
2025-04-16T01:59:05.4946994Z 
2025-04-16T01:59:05.4947322Z   Error occurs in the template of component NetflixViewComponent.
2025-04-16T01:59:05.4947334Z 
2025-04-16T01:59:05.4947691Z     src/app/features/netflix-view/netflix-view.component.ts:35:15:
2025-04-16T01:59:05.4948197Z [37m      35 │   templateUrl: [32m'./netflix-view.component.html'[37m,
2025-04-16T01:59:05.4948525Z          ╵                [32m~~~~~~~~~~~~~~~~~~~~~~~~~~~~~~~[0m
2025-04-16T01:59:05.4948545Z 
2025-04-16T01:59:05.4948552Z 
2025-04-16T01:59:05.4949983Z [31m✘ [41;31m[[41;97mERROR[41;31m][0m [1mNG3: Object literal may only specify known properties, and '"primary"' does not exist in type 'HeaderAction'.[0m [1m[35m[plugin angular-compiler][0m
2025-04-16T01:59:05.4950176Z 
2025-04-16T01:59:05.4950558Z     src/app/features/netflix-view/netflix-view.component.html:13:81:
2025-04-16T01:59:05.4951224Z [37m      13 │ ...label: 'View Profile', icon: 'fas fa-info-circle', primary: [32mtrue[37m},
2025-04-16T01:59:05.4951596Z          ╵                                                                [32m~~~~[0m
2025-04-16T01:59:05.4951617Z 
2025-04-16T01:59:05.4951944Z   Error occurs in the template of component NetflixViewComponent.
2025-04-16T01:59:05.4951957Z 
2025-04-16T01:59:05.4952308Z     src/app/features/netflix-view/netflix-view.component.ts:35:15:
2025-04-16T01:59:05.4952828Z [37m      35 │   templateUrl: [32m'./netflix-view.component.html'[37m,
2025-04-16T01:59:05.4953140Z          ╵                [32m~~~~~~~~~~~~~~~~~~~~~~~~~~~~~~~[0m
2025-04-16T01:59:05.4953161Z 
2025-04-16T01:59:05.4953181Z 
2025-04-16T01:59:05.4954132Z [31m✘ [41;31m[[41;97mERROR[41;31m][0m [1mNG8002: Can't bind to 'layout' since it isn't a known property of 'emerald-skeleton-loader'.
2025-04-16T01:59:05.4955161Z 1. If 'emerald-skeleton-loader' is an Angular component and it has 'layout' input, then verify that it is included in the '@Component.imports' of this component.
2025-04-16T01:59:05.4956337Z 2. If 'emerald-skeleton-loader' is a Web Component then add 'CUSTOM_ELEMENTS_SCHEMA' to the '@Component.schemas' of this component to suppress this message.
2025-04-16T01:59:05.4957390Z 3. To allow any property add 'NO_ERRORS_SCHEMA' to the '@Component.schemas' of this component.[0m [1m[35m[plugin angular-compiler][0m
2025-04-16T01:59:05.4957412Z 
2025-04-16T01:59:05.4957782Z     src/app/features/netflix-view/netflix-view.component.html:54:10:
2025-04-16T01:59:05.4958181Z [37m      54 │           [32m[layout]="'netflix'"[37m>
2025-04-16T01:59:05.4958473Z          ╵           [32m~~~~~~~~~~~~~~~~~~~~[0m
2025-04-16T01:59:05.4958495Z 
2025-04-16T01:59:05.4958823Z   Error occurs in the template of component NetflixViewComponent.
2025-04-16T01:59:05.4958834Z 
2025-04-16T01:59:05.4959179Z     src/app/features/netflix-view/netflix-view.component.ts:35:15:
2025-04-16T01:59:05.4959671Z [37m      35 │   templateUrl: [32m'./netflix-view.component.html'[37m,
2025-04-16T01:59:05.4959981Z          ╵                [32m~~~~~~~~~~~~~~~~~~~~~~~~~~~~~~~[0m
2025-04-16T01:59:05.4959995Z 
2025-04-16T01:59:05.4960002Z 
2025-04-16T01:59:05.4961145Z [31m✘ [41;31m[[41;97mERROR[41;31m][0m [1mNG2: Type 'string' is not assignable to type '"netflix" | "grid" | "masonry"'.[0m [1m[35m[plugin angular-compiler][0m
2025-04-16T01:59:05.4961158Z 
2025-04-16T01:59:05.4961529Z     src/app/features/netflix-view/netflix-view.component.html:85:15:
2025-04-16T01:59:05.4962159Z [37m      85 │               [[32mlayout[37m]="cardGridConfig.layout"
2025-04-16T01:59:05.4962432Z          ╵                [32m~~~~~~[0m
2025-04-16T01:59:05.4962456Z 
2025-04-16T01:59:05.4962783Z   Error occurs in the template of component NetflixViewComponent.
2025-04-16T01:59:05.4962794Z 
2025-04-16T01:59:05.4963146Z     src/app/features/netflix-view/netflix-view.component.ts:35:15:
2025-04-16T01:59:05.4963639Z [37m      35 │   templateUrl: [32m'./netflix-view.component.html'[37m,
2025-04-16T01:59:05.4963962Z          ╵                [32m~~~~~~~~~~~~~~~~~~~~~~~~~~~~~~~[0m
2025-04-16T01:59:05.4963974Z 
2025-04-16T01:59:05.4963982Z 
2025-04-16T01:59:05.4964941Z [31m✘ [41;31m[[41;97mERROR[41;31m][0m [1mNG8002: Can't bind to 'itemsPerRow' since it isn't a known property of 'emerald-card-grid'.
2025-04-16T01:59:05.4965954Z 1. If 'emerald-card-grid' is an Angular component and it has 'itemsPerRow' input, then verify that it is included in the '@Component.imports' of this component.
2025-04-16T01:59:05.4967154Z 2. If 'emerald-card-grid' is a Web Component then add 'CUSTOM_ELEMENTS_SCHEMA' to the '@Component.schemas' of this component to suppress this message.
2025-04-16T01:59:05.4968393Z 3. To allow any property add 'NO_ERRORS_SCHEMA' to the '@Component.schemas' of this component.[0m [1m[35m[plugin angular-compiler][0m
2025-04-16T01:59:05.4968407Z 
2025-04-16T01:59:05.4968788Z     src/app/features/netflix-view/netflix-view.component.html:88:14:
2025-04-16T01:59:05.4969319Z [37m      88 │               [32m[itemsPerRow]="cardGridConfig.itemsPerRow"[37m
2025-04-16T01:59:05.4969679Z          ╵               [32m~~~~~~~~~~~~~~~~~~~~~~~~~~~~~~~~~~~~~~~~~~[0m
2025-04-16T01:59:05.4969691Z 
2025-04-16T01:59:05.4970031Z   Error occurs in the template of component NetflixViewComponent.
2025-04-16T01:59:05.4970044Z 
2025-04-16T01:59:05.4970389Z     src/app/features/netflix-view/netflix-view.component.ts:35:15:
2025-04-16T01:59:05.4970890Z [37m      35 │   templateUrl: [32m'./netflix-view.component.html'[37m,
2025-04-16T01:59:05.4971222Z          ╵                [32m~~~~~~~~~~~~~~~~~~~~~~~~~~~~~~~[0m
2025-04-16T01:59:05.4971234Z 
2025-04-16T01:59:05.4971253Z 
2025-04-16T01:59:05.4972192Z [31m✘ [41;31m[[41;97mERROR[41;31m][0m [1mNG8002: Can't bind to 'subtitle' since it isn't a known property of 'emerald-app-card'.
2025-04-16T01:59:05.4973171Z 1. If 'emerald-app-card' is an Angular component and it has 'subtitle' input, then verify that it is included in the '@Component.imports' of this component.
2025-04-16T01:59:05.4974126Z 2. If 'emerald-app-card' is a Web Component then add 'CUSTOM_ELEMENTS_SCHEMA' to the '@Component.schemas' of this component to suppress this message.
2025-04-16T01:59:05.4975140Z 3. To allow any property add 'NO_ERRORS_SCHEMA' to the '@Component.schemas' of this component.[0m [1m[35m[plugin angular-compiler][0m
2025-04-16T01:59:05.4975152Z 
2025-04-16T01:59:05.4975534Z     src/app/features/netflix-view/netflix-view.component.html:93:18:
2025-04-16T01:59:05.4975957Z [37m      93 │                   [32m[subtitle]="ad.location"[37m
2025-04-16T01:59:05.4976440Z          ╵                   [32m~~~~~~~~~~~~~~~~~~~~~~~~[0m
2025-04-16T01:59:05.4976467Z 
2025-04-16T01:59:05.4976790Z   Error occurs in the template of component NetflixViewComponent.
2025-04-16T01:59:05.4976802Z 
2025-04-16T01:59:05.4977160Z     src/app/features/netflix-view/netflix-view.component.ts:35:15:
2025-04-16T01:59:05.4977669Z [37m      35 │   templateUrl: [32m'./netflix-view.component.html'[37m,
2025-04-16T01:59:05.4977978Z          ╵                [32m~~~~~~~~~~~~~~~~~~~~~~~~~~~~~~~[0m
2025-04-16T01:59:05.4977989Z 
2025-04-16T01:59:05.4977997Z 
2025-04-16T01:59:05.4978946Z [31m✘ [41;31m[[41;97mERROR[41;31m][0m [1mNG8002: Can't bind to 'description' since it isn't a known property of 'emerald-app-card'.
2025-04-16T01:59:05.4979955Z 1. If 'emerald-app-card' is an Angular component and it has 'description' input, then verify that it is included in the '@Component.imports' of this component.
2025-04-16T01:59:05.4981107Z 2. If 'emerald-app-card' is a Web Component then add 'CUSTOM_ELEMENTS_SCHEMA' to the '@Component.schemas' of this component to suppress this message.
2025-04-16T01:59:05.4982172Z 3. To allow any property add 'NO_ERRORS_SCHEMA' to the '@Component.schemas' of this component.[0m [1m[35m[plugin angular-compiler][0m
2025-04-16T01:59:05.4982186Z 
2025-04-16T01:59:05.4982560Z     src/app/features/netflix-view/netflix-view.component.html:94:18:
2025-04-16T01:59:05.4983184Z [37m      94 │ ...          [32m[description]="ad.shortDescription || ad.description?[37m...
2025-04-16T01:59:05.4983588Z          ╵              [32m~~~~~~~~~~~~~~~~~~~~~~~~~~~~~~~~~~~~~~~~~~~~~~~~~~~~~[0m
2025-04-16T01:59:05.4983601Z 
2025-04-16T01:59:05.4983931Z   Error occurs in the template of component NetflixViewComponent.
2025-04-16T01:59:05.4983942Z 
2025-04-16T01:59:05.4984288Z     src/app/features/netflix-view/netflix-view.component.ts:35:15:
2025-04-16T01:59:05.4984807Z [37m      35 │   templateUrl: [32m'./netflix-view.component.html'[37m,
2025-04-16T01:59:05.4985133Z          ╵                [32m~~~~~~~~~~~~~~~~~~~~~~~~~~~~~~~[0m
2025-04-16T01:59:05.4985310Z 
2025-04-16T01:59:05.4985317Z 
2025-04-16T01:59:05.4986468Z [31m✘ [41;31m[[41;97mERROR[41;31m][0m [1mNG8002: Can't bind to 'imageUrl' since it isn't a known property of 'emerald-app-card'.
2025-04-16T01:59:05.4987506Z 1. If 'emerald-app-card' is an Angular component and it has 'imageUrl' input, then verify that it is included in the '@Component.imports' of this component.
2025-04-16T01:59:05.4988450Z 2. If 'emerald-app-card' is a Web Component then add 'CUSTOM_ELEMENTS_SCHEMA' to the '@Component.schemas' of this component to suppress this message.
2025-04-16T01:59:05.4989485Z 3. To allow any property add 'NO_ERRORS_SCHEMA' to the '@Component.schemas' of this component.[0m [1m[35m[plugin angular-compiler][0m
2025-04-16T01:59:05.4989500Z 
2025-04-16T01:59:05.4989863Z     src/app/features/netflix-view/netflix-view.component.html:95:18:
2025-04-16T01:59:05.4990325Z [37m      95 │                   [32m[imageUrl]="getMediaUrl(ad)"[37m
2025-04-16T01:59:05.4990652Z          ╵                   [32m~~~~~~~~~~~~~~~~~~~~~~~~~~~~[0m
2025-04-16T01:59:05.4990683Z 
2025-04-16T01:59:05.4991020Z   Error occurs in the template of component NetflixViewComponent.
2025-04-16T01:59:05.4991032Z 
2025-04-16T01:59:05.4991376Z     src/app/features/netflix-view/netflix-view.component.ts:35:15:
2025-04-16T01:59:05.4991883Z [37m      35 │   templateUrl: [32m'./netflix-view.component.html'[37m,
2025-04-16T01:59:05.4992192Z          ╵                [32m~~~~~~~~~~~~~~~~~~~~~~~~~~~~~~~[0m
2025-04-16T01:59:05.4992205Z 
2025-04-16T01:59:05.4992213Z 
2025-04-16T01:59:05.4993148Z [31m✘ [41;31m[[41;97mERROR[41;31m][0m [1mNG8002: Can't bind to 'avatarUrl' since it isn't a known property of 'emerald-app-card'.
2025-04-16T01:59:05.4994137Z 1. If 'emerald-app-card' is an Angular component and it has 'avatarUrl' input, then verify that it is included in the '@Component.imports' of this component.
2025-04-16T01:59:05.4995087Z 2. If 'emerald-app-card' is a Web Component then add 'CUSTOM_ELEMENTS_SCHEMA' to the '@Component.schemas' of this component to suppress this message.
2025-04-16T01:59:05.4996121Z 3. To allow any property add 'NO_ERRORS_SCHEMA' to the '@Component.schemas' of this component.[0m [1m[35m[plugin angular-compiler][0m
2025-04-16T01:59:05.4996288Z 
2025-04-16T01:59:05.4996660Z     src/app/features/netflix-view/netflix-view.component.html:96:18:
2025-04-16T01:59:05.4997119Z [37m      96 │                   [32m[avatarUrl]="ad.advertiserImage"[37m
2025-04-16T01:59:05.4997447Z          ╵                   [32m~~~~~~~~~~~~~~~~~~~~~~~~~~~~~~~~[0m
2025-04-16T01:59:05.4997460Z 
2025-04-16T01:59:05.4997785Z   Error occurs in the template of component NetflixViewComponent.
2025-04-16T01:59:05.4997797Z 
2025-04-16T01:59:05.4998148Z     src/app/features/netflix-view/netflix-view.component.ts:35:15:
2025-04-16T01:59:05.4998828Z [37m      35 │   templateUrl: [32m'./netflix-view.component.html'[37m,
2025-04-16T01:59:05.4999167Z          ╵                [32m~~~~~~~~~~~~~~~~~~~~~~~~~~~~~~~[0m
2025-04-16T01:59:05.4999190Z 
2025-04-16T01:59:05.4999197Z 
2025-04-16T01:59:05.5000137Z [31m✘ [41;31m[[41;97mERROR[41;31m][0m [1mNG8002: Can't bind to 'avatarName' since it isn't a known property of 'emerald-app-card'.
2025-04-16T01:59:05.5001135Z 1. If 'emerald-app-card' is an Angular component and it has 'avatarName' input, then verify that it is included in the '@Component.imports' of this component.
2025-04-16T01:59:05.5002071Z 2. If 'emerald-app-card' is a Web Component then add 'CUSTOM_ELEMENTS_SCHEMA' to the '@Component.schemas' of this component to suppress this message.
2025-04-16T01:59:05.5003104Z 3. To allow any property add 'NO_ERRORS_SCHEMA' to the '@Component.schemas' of this component.[0m [1m[35m[plugin angular-compiler][0m
2025-04-16T01:59:05.5003117Z 
2025-04-16T01:59:05.5003482Z     src/app/features/netflix-view/netflix-view.component.html:97:18:
2025-04-16T01:59:05.5003960Z [37m      97 │                   [32m[avatarName]="ad.advertiserName"[37m
2025-04-16T01:59:05.5004297Z          ╵                   [32m~~~~~~~~~~~~~~~~~~~~~~~~~~~~~~~~[0m
2025-04-16T01:59:05.5004475Z 
2025-04-16T01:59:05.5004816Z   Error occurs in the template of component NetflixViewComponent.
2025-04-16T01:59:05.5004828Z 
2025-04-16T01:59:05.5005172Z     src/app/features/netflix-view/netflix-view.component.ts:35:15:
2025-04-16T01:59:05.5005682Z [37m      35 │   templateUrl: [32m'./netflix-view.component.html'[37m,
2025-04-16T01:59:05.5005998Z          ╵                [32m~~~~~~~~~~~~~~~~~~~~~~~~~~~~~~~[0m
2025-04-16T01:59:05.5006009Z 
2025-04-16T01:59:05.5006017Z 
2025-04-16T01:59:05.5007153Z [31m✘ [41;31m[[41;97mERROR[41;31m][0m [1mNG8002: Can't bind to 'tags' since it isn't a known property of 'emerald-app-card'.
2025-04-16T01:59:05.5008125Z 1. If 'emerald-app-card' is an Angular component and it has 'tags' input, then verify that it is included in the '@Component.imports' of this component.
2025-04-16T01:59:05.5009084Z 2. If 'emerald-app-card' is a Web Component then add 'CUSTOM_ELEMENTS_SCHEMA' to the '@Component.schemas' of this component to suppress this message.
2025-04-16T01:59:05.5010131Z 3. To allow any property add 'NO_ERRORS_SCHEMA' to the '@Component.schemas' of this component.[0m [1m[35m[plugin angular-compiler][0m
2025-04-16T01:59:05.5010146Z 
2025-04-16T01:59:05.5010515Z     src/app/features/netflix-view/netflix-view.component.html:99:18:
2025-04-16T01:59:05.5010953Z [37m      99 │                   [32m[tags]="ad.tags?.slice(0, 3)"[37m
2025-04-16T01:59:05.5011280Z          ╵                   [32m~~~~~~~~~~~~~~~~~~~~~~~~~~~~~[0m
2025-04-16T01:59:05.5011291Z 
2025-04-16T01:59:05.5011619Z   Error occurs in the template of component NetflixViewComponent.
2025-04-16T01:59:05.5011630Z 
2025-04-16T01:59:05.5011977Z     src/app/features/netflix-view/netflix-view.component.ts:35:15:
2025-04-16T01:59:05.5012486Z [37m      35 │   templateUrl: [32m'./netflix-view.component.html'[37m,
2025-04-16T01:59:05.5012807Z          ╵                [32m~~~~~~~~~~~~~~~~~~~~~~~~~~~~~~~[0m
2025-04-16T01:59:05.5012838Z 
2025-04-16T01:59:05.5012845Z 
2025-04-16T01:59:05.5013750Z [31m✘ [41;31m[[41;97mERROR[41;31m][0m [1mNG8002: Can't bind to 'itemId' since it isn't a known property of 'emerald-app-card'.
2025-04-16T01:59:05.5014712Z 1. If 'emerald-app-card' is an Angular component and it has 'itemId' input, then verify that it is included in the '@Component.imports' of this component.
2025-04-16T01:59:05.5015662Z 2. If 'emerald-app-card' is a Web Component then add 'CUSTOM_ELEMENTS_SCHEMA' to the '@Component.schemas' of this component to suppress this message.
2025-04-16T01:59:05.5017535Z 3. To allow any property add 'NO_ERRORS_SCHEMA' to the '@Component.schemas' of this component.[0m [1m[35m[plugin angular-compiler][0m
2025-04-16T01:59:05.5017565Z 
2025-04-16T01:59:05.5017956Z     src/app/features/netflix-view/netflix-view.component.html:101:18:
2025-04-16T01:59:05.5018570Z [37m      101 │                   [32m[itemId]="ad._id"[37m
2025-04-16T01:59:05.5018887Z           ╵                   [32m~~~~~~~~~~~~~~~~~[0m
2025-04-16T01:59:05.5018910Z 
2025-04-16T01:59:05.5019242Z   Error occurs in the template of component NetflixViewComponent.
2025-04-16T01:59:05.5019254Z 
2025-04-16T01:59:05.5019600Z     src/app/features/netflix-view/netflix-view.component.ts:35:15:
2025-04-16T01:59:05.5020107Z [37m      35 │   templateUrl: [32m'./netflix-view.component.html'[37m,
2025-04-16T01:59:05.5020434Z          ╵                [32m~~~~~~~~~~~~~~~~~~~~~~~~~~~~~~~[0m
2025-04-16T01:59:05.5020446Z 
2025-04-16T01:59:05.5020453Z 
2025-04-16T01:59:05.5021359Z [31m✘ [41;31m[[41;97mERROR[41;31m][0m [1mNG8002: Can't bind to 'actions' since it isn't a known property of 'emerald-app-card'.
2025-04-16T01:59:05.5022333Z 1. If 'emerald-app-card' is an Angular component and it has 'actions' input, then verify that it is included in the '@Component.imports' of this component.
2025-04-16T01:59:05.5023285Z 2. If 'emerald-app-card' is a Web Component then add 'CUSTOM_ELEMENTS_SCHEMA' to the '@Component.schemas' of this component to suppress this message.
2025-04-16T01:59:05.5024487Z 3. To allow any property add 'NO_ERRORS_SCHEMA' to the '@Component.schemas' of this component.[0m [1m[35m[plugin angular-compiler][0m
2025-04-16T01:59:05.5024501Z 
2025-04-16T01:59:05.5024875Z     src/app/features/netflix-view/netflix-view.component.html:102:18:
2025-04-16T01:59:05.5025252Z [37m      102 │                   [32m[actions]="[[37m
2025-04-16T01:59:05.5025532Z           ╵                   [32m~~~~~~~~~~~~[0m
2025-04-16T01:59:05.5025544Z 
2025-04-16T01:59:05.5025867Z   Error occurs in the template of component NetflixViewComponent.
2025-04-16T01:59:05.5025881Z 
2025-04-16T01:59:05.5026453Z     src/app/features/netflix-view/netflix-view.component.ts:35:15:
2025-04-16T01:59:05.5026997Z [37m      35 │   templateUrl: [32m'./netflix-view.component.html'[37m,
2025-04-16T01:59:05.5027337Z          ╵                [32m~~~~~~~~~~~~~~~~~~~~~~~~~~~~~~~[0m
2025-04-16T01:59:05.5027350Z 
2025-04-16T01:59:05.5027357Z 
2025-04-16T01:59:05.5028433Z [31m✘ [41;31m[[41;97mERROR[41;31m][0m [1mNG5: Argument of type 'Event' is not assignable to parameter of type '{ id: string; itemId?: string; }'.
2025-04-16T01:59:05.5029331Z   Property 'id' is missing in type 'Event' but required in type '{ id: string; itemId?: string; }'.[0m [1m[35m[plugin angular-compiler][0m
2025-04-16T01:59:05.5029344Z 
2025-04-16T01:59:05.5029722Z     src/app/features/netflix-view/netflix-view.component.html:107:46:
2025-04-16T01:59:05.5030276Z [37m      107 │                   (actionClick)="onCardAction([32m$event[37m, ad._id)">
2025-04-16T01:59:05.5030616Z           ╵                                               [32m~~~~~~[0m
2025-04-16T01:59:05.5030629Z 
2025-04-16T01:59:05.5030952Z   Error occurs in the template of component NetflixViewComponent.
2025-04-16T01:59:05.5030965Z 
2025-04-16T01:59:05.5031330Z     src/app/features/netflix-view/netflix-view.component.ts:35:15:
2025-04-16T01:59:05.5031828Z [37m      35 │   templateUrl: [32m'./netflix-view.component.html'[37m,
2025-04-16T01:59:05.5032162Z          ╵                [32m~~~~~~~~~~~~~~~~~~~~~~~~~~~~~~~[0m
2025-04-16T01:59:05.5032174Z 
2025-04-16T01:59:05.5032182Z 
2025-04-16T01:59:05.5033060Z [31m✘ [41;31m[[41;97mERROR[41;31m][0m [1mNG8002: Can't bind to 'value' since it isn't a known property of 'emerald-toggle'.
2025-04-16T01:59:05.5034006Z 1. If 'emerald-toggle' is an Angular component and it has 'value' input, then verify that it is included in the '@Component.imports' of this component.
2025-04-16T01:59:05.5034943Z 2. If 'emerald-toggle' is a Web Component then add 'CUSTOM_ELEMENTS_SCHEMA' to the '@Component.schemas' of this component to suppress this message.
2025-04-16T01:59:05.5035969Z 3. To allow any property add 'NO_ERRORS_SCHEMA' to the '@Component.schemas' of this component.[0m [1m[35m[plugin angular-compiler][0m
2025-04-16T01:59:05.5036321Z 
2025-04-16T01:59:05.5036727Z     src/app/features/netflix-view/netflix-view.component.html:178:16:
2025-04-16T01:59:05.5037300Z [37m      178 │                 [32m[value]="filterForm.get('touringOnly')?.value"[37m
2025-04-16T01:59:05.5037687Z           ╵                 [32m~~~~~~~~~~~~~~~~~~~~~~~~~~~~~~~~~~~~~~~~~~~~~~[0m
2025-04-16T01:59:05.5037701Z 
2025-04-16T01:59:05.5038038Z   Error occurs in the template of component NetflixViewComponent.
2025-04-16T01:59:05.5038051Z 
2025-04-16T01:59:05.5038409Z     src/app/features/netflix-view/netflix-view.component.ts:35:15:
2025-04-16T01:59:05.5038927Z [37m      35 │   templateUrl: [32m'./netflix-view.component.html'[37m,
2025-04-16T01:59:05.5039238Z          ╵                [32m~~~~~~~~~~~~~~~~~~~~~~~~~~~~~~~[0m
2025-04-16T01:59:05.5039250Z 
2025-04-16T01:59:05.5039257Z 
2025-04-16T01:59:05.5040364Z [31m✘ [41;31m[[41;97mERROR[41;31m][0m [1mTS2339: Property 'website' does not exist on type 'UserProfile'.[0m [1m[35m[plugin angular-compiler][0m
2025-04-16T01:59:05.5040378Z 
2025-04-16T01:59:05.5040699Z     src/app/features/profile/edit-profile.component.ts:139:26:
2025-04-16T01:59:05.5041317Z [37m      139 │             website: user.[32mwebsite[37m || '',
2025-04-16T01:59:05.5041610Z           ╵                           [32m~~~~~~~[0m
2025-04-16T01:59:05.5041622Z 
2025-04-16T01:59:05.5041630Z 
2025-04-16T01:59:05.5042195Z [31m✘ [41;31m[[41;97mERROR[41;31m][0m [1mExpected "}" but found "onSubmit"[0m
2025-04-16T01:59:05.5042208Z 
2025-04-16T01:59:05.5042478Z     src/app/features/profile/profile.component.ts:12:2:
2025-04-16T01:59:05.5042805Z [37m      12 │   [32monSubmit[37m(): void {
2025-04-16T01:59:05.5043029Z          │   [32m~~~~~~~~[37m
2025-04-16T01:59:05.5043208Z          ╵   [32m}[0m
2025-04-16T01:59:05.5043221Z 
2025-04-16T01:59:05.5043232Z 
2025-04-16T01:59:05.5043985Z [31m✘ [41;31m[[41;97mERROR[41;31m][0m [1mTS1005: ',' expected.[0m [1m[35m[plugin angular-compiler][0m
2025-04-16T01:59:05.5043998Z 
2025-04-16T01:59:05.5044278Z     src/app/features/profile/profile.component.ts:12:2:
2025-04-16T01:59:05.5044607Z [37m      12 │   [32monSubmit[37m(): void {
2025-04-16T01:59:05.5044841Z          ╵   [32m~~~~~~~~[0m
2025-04-16T01:59:05.5044852Z 
2025-04-16T01:59:05.5044859Z 
2025-04-16T01:59:05.5045585Z [31m✘ [41;31m[[41;97mERROR[41;31m][0m [1mTS1005: ',' expected.[0m [1m[35m[plugin angular-compiler][0m
2025-04-16T01:59:05.5045598Z 
2025-04-16T01:59:05.5045880Z     src/app/features/profile/profile.component.ts:12:10:
2025-04-16T01:59:05.5046416Z [37m      12 │   onSubmit[32m([37m): void {
2025-04-16T01:59:05.5046657Z          ╵           [32m^[0m
2025-04-16T01:59:05.5046671Z 
2025-04-16T01:59:05.5046678Z 
2025-04-16T01:59:05.5047524Z [31m✘ [41;31m[[41;97mERROR[41;31m][0m [1mTS1141: String literal expected.[0m [1m[35m[plugin angular-compiler][0m
2025-04-16T01:59:05.5047538Z 
2025-04-16T01:59:05.5047817Z     src/app/features/profile/profile.component.ts:12:10:
2025-04-16T01:59:05.5048162Z [37m      12 │   onSubmit[32m(): void {[37m
2025-04-16T01:59:05.5048411Z          ╵           [32m~~~~~~~~~~[0m
2025-04-16T01:59:05.5048435Z 
2025-04-16T01:59:05.5048443Z 
2025-04-16T01:59:05.5049192Z [31m✘ [41;31m[[41;97mERROR[41;31m][0m [1mTS1005: '=>' expected.[0m [1m[35m[plugin angular-compiler][0m
2025-04-16T01:59:05.5049206Z 
2025-04-16T01:59:05.5049484Z     src/app/features/profile/profile.component.ts:12:19:
2025-04-16T01:59:05.5049812Z [37m      12 │   onSubmit(): void [32m{[37m
2025-04-16T01:59:05.5050050Z          ╵                    [32m^[0m
2025-04-16T01:59:05.5050063Z 
2025-04-16T01:59:05.5050070Z 
2025-04-16T01:59:05.5051015Z [31m✘ [41;31m[[41;97mERROR[41;31m][0m [1mTS1128: Declaration or statement expected.[0m [1m[35m[plugin angular-compiler][0m
2025-04-16T01:59:05.5051028Z 
2025-04-16T01:59:05.5051296Z     src/app/features/profile/profile.component.ts:72:0:
2025-04-16T01:59:05.5051631Z [37m      72 │ [32m}[37m from '@angular/core';
2025-04-16T01:59:05.5052011Z          ╵ [32m^[0m
2025-04-16T01:59:05.5052027Z 
2025-04-16T01:59:05.5052035Z 
2025-04-16T01:59:05.5052964Z [31m✘ [41;31m[[41;97mERROR[41;31m][0m [1mTS1434: Unexpected keyword or identifier.[0m [1m[35m[plugin angular-compiler][0m
2025-04-16T01:59:05.5052994Z 
2025-04-16T01:59:05.5053264Z     src/app/features/profile/profile.component.ts:72:2:
2025-04-16T01:59:05.5053601Z [37m      72 │ } [32mfrom[37m '@angular/core';
2025-04-16T01:59:05.5053791Z          ╵   [32m~~~~[0m
2025-04-16T01:59:05.5053804Z 
2025-04-16T01:59:05.5053811Z 
2025-04-16T01:59:05.5054632Z [31m✘ [41;31m[[41;97mERROR[41;31m][0m [1mTS2304: Cannot find name 'from'.[0m [1m[35m[plugin angular-compiler][0m
2025-04-16T01:59:05.5054654Z 
2025-04-16T01:59:05.5054912Z     src/app/features/profile/profile.component.ts:72:2:
2025-04-16T01:59:05.5055243Z [37m      72 │ } [32mfrom[37m '@angular/core';
2025-04-16T01:59:05.5055426Z          ╵   [32m~~~~[0m
2025-04-16T01:59:05.5055437Z 
2025-04-16T01:59:05.5055444Z 
2025-04-16T01:59:05.5056490Z [31m✘ [41;31m[[41;97mERROR[41;31m][0m [1mTS2304: Cannot find name 'AuthService'.[0m [1m[35m[plugin angular-compiler][0m
2025-04-16T01:59:05.5056682Z 
2025-04-16T01:59:05.5056983Z     src/app/features/profile/profile.component.ts:98:25:
2025-04-16T01:59:05.5057416Z [37m      98 │     private authService: [32mAuthService[37m,
2025-04-16T01:59:05.5057712Z          ╵                          [32m~~~~~~~~~~~[0m
2025-04-16T01:59:05.5057725Z 
2025-04-16T01:59:05.5057732Z 
2025-04-16T01:59:05.5059261Z [31m✘ [41;31m[[41;97mERROR[41;31m][0m [1mTS2339: Property 'privacy' does not exist on type '{ notifications?: boolean; darkMode?: boolean; language?: string; }'.[0m [1m[35m[plugin angular-compiler][0m
2025-04-16T01:59:05.5059275Z 
2025-04-16T01:59:05.5059573Z     src/app/features/profile/profile.component.ts:146:59:
2025-04-16T01:59:05.5060271Z [37m      146 │ ...ences.privacy': this.userProfile.preferences?.[32mprivacy[37m || 'public'
2025-04-16T01:59:05.5060645Z           ╵                                                  [32m~~~~~~~[0m
2025-04-16T01:59:05.5060659Z 
2025-04-16T01:59:05.5060666Z 
2025-04-16T01:59:05.5061824Z [31m✘ [41;31m[[41;97mERROR[41;31m][0m [1mTS-996002: 'ProfileComponent' does not appear to be an NgModule class.[0m [1m[35m[plugin angular-compiler][0m
2025-04-16T01:59:05.5061846Z 
2025-04-16T01:59:05.5062110Z     src/app/features/profile/profile.module.ts:28:4:
2025-04-16T01:59:05.5062449Z [37m      28 │     [32mProfileComponent[37m,
2025-04-16T01:59:05.5062701Z          ╵     [32m~~~~~~~~~~~~~~~~[0m
2025-04-16T01:59:05.5062713Z 
2025-04-16T01:59:05.5062914Z   Is it missing an @NgModule annotation?
2025-04-16T01:59:05.5062926Z 
2025-04-16T01:59:05.5063220Z     src/app/features/profile/profile.component.ts:88:13:
2025-04-16T01:59:05.5063744Z [37m      88 │ export class [32mProfileComponent[37m implements OnInit {
2025-04-16T01:59:05.5064022Z          ╵              [32m~~~~~~~~~~~~~~~~[0m
2025-04-16T01:59:05.5064035Z 
2025-04-16T01:59:05.5064055Z 
2025-04-16T01:59:05.5065011Z [31m✘ [41;31m[[41;97mERROR[41;31m][0m [1mNG8002: Can't bind to 'layout' since it isn't a known property of 'emerald-skeleton-loader'.
2025-04-16T01:59:05.5066054Z 1. If 'emerald-skeleton-loader' is an Angular component and it has 'layout' input, then verify that it is included in the '@Component.imports' of this component.
2025-04-16T01:59:05.5067295Z 2. If 'emerald-skeleton-loader' is a Web Component then add 'CUSTOM_ELEMENTS_SCHEMA' to the '@Component.schemas' of this component to suppress this message.
2025-04-16T01:59:05.5068345Z 3. To allow any property add 'NO_ERRORS_SCHEMA' to the '@Component.schemas' of this component.[0m [1m[35m[plugin angular-compiler][0m
2025-04-16T01:59:05.5068359Z 
2025-04-16T01:59:05.5068634Z     src/app/features/tinder/tinder.component.html:18:8:
2025-04-16T01:59:05.5069004Z [37m      18 │         [32m[layout]="'tinder'"[37m>
2025-04-16T01:59:05.5069276Z          ╵         [32m~~~~~~~~~~~~~~~~~~~[0m
2025-04-16T01:59:05.5069471Z 
2025-04-16T01:59:05.5069788Z   Error occurs in the template of component TinderComponent.
2025-04-16T01:59:05.5069801Z 
2025-04-16T01:59:05.5070072Z     src/app/features/tinder/tinder.component.ts:34:15:
2025-04-16T01:59:05.5070549Z [37m      34 │   templateUrl: [32m'./tinder.component.html'[37m,
2025-04-16T01:59:05.5070848Z          ╵                [32m~~~~~~~~~~~~~~~~~~~~~~~~~[0m
2025-04-16T01:59:05.5070861Z 
2025-04-16T01:59:05.5070869Z 
2025-04-16T01:59:05.5071860Z [31m✘ [41;31m[[41;97mERROR[41;31m][0m [1mNG2: Type 'number' is not assignable to type 'string'.[0m [1m[35m[plugin angular-compiler][0m
2025-04-16T01:59:05.5071874Z 
2025-04-16T01:59:05.5072137Z     src/app/features/tinder/tinder.component.html:53:9:
2025-04-16T01:59:05.5072503Z [37m      53 │         [[32mage[37m]="currentAd.age"
2025-04-16T01:59:05.5072734Z          ╵          [32m~~~[0m
2025-04-16T01:59:05.5072746Z 
2025-04-16T01:59:05.5073049Z   Error occurs in the template of component TinderComponent.
2025-04-16T01:59:05.5073067Z 
2025-04-16T01:59:05.5073320Z     src/app/features/tinder/tinder.component.ts:34:15:
2025-04-16T01:59:05.5073956Z [37m      34 │   templateUrl: [32m'./tinder.component.html'[37m,
2025-04-16T01:59:05.5074260Z          ╵                [32m~~~~~~~~~~~~~~~~~~~~~~~~~[0m
2025-04-16T01:59:05.5074272Z 
2025-04-16T01:59:05.5074279Z 
2025-04-16T01:59:05.5075358Z [31m✘ [41;31m[[41;97mERROR[41;31m][0m [1mNG2: Type 'string' is not assignable to type '"" | "like" | "dislike"'.[0m [1m[35m[plugin angular-compiler][0m
2025-04-16T01:59:05.5075377Z 
2025-04-16T01:59:05.5075640Z     src/app/features/tinder/tinder.component.html:54:9:
2025-04-16T01:59:05.5075991Z [37m      54 │         [[32mstate[37m]="cardState"
2025-04-16T01:59:05.5076382Z          ╵          [32m~~~~~[0m
2025-04-16T01:59:05.5076397Z 
2025-04-16T01:59:05.5076694Z   Error occurs in the template of component TinderComponent.
2025-04-16T01:59:05.5076705Z 
2025-04-16T01:59:05.5076985Z     src/app/features/tinder/tinder.component.ts:34:15:
2025-04-16T01:59:05.5077446Z [37m      34 │   templateUrl: [32m'./tinder.component.html'[37m,
2025-04-16T01:59:05.5077765Z          ╵                [32m~~~~~~~~~~~~~~~~~~~~~~~~~[0m
2025-04-16T01:59:05.5077777Z 
2025-04-16T01:59:05.5077785Z 
2025-04-16T01:59:05.5078757Z [31m✘ [41;31m[[41;97mERROR[41;31m][0m [1mNG2: Type 'number' is not assignable to type 'string'.[0m [1m[35m[plugin angular-compiler][0m
2025-04-16T01:59:05.5078769Z 
2025-04-16T01:59:05.5079042Z     src/app/features/tinder/tinder.component.html:71:9:
2025-04-16T01:59:05.5079390Z [37m      71 │         [[32mage[37m]="nextAd.age"
2025-04-16T01:59:05.5079617Z          ╵          [32m~~~[0m
2025-04-16T01:59:05.5079628Z 
2025-04-16T01:59:05.5079921Z   Error occurs in the template of component TinderComponent.
2025-04-16T01:59:05.5079932Z 
2025-04-16T01:59:05.5080196Z     src/app/features/tinder/tinder.component.ts:34:15:
2025-04-16T01:59:05.5080655Z [37m      34 │   templateUrl: [32m'./tinder.component.html'[37m,
2025-04-16T01:59:05.5080954Z          ╵                [32m~~~~~~~~~~~~~~~~~~~~~~~~~[0m
2025-04-16T01:59:05.5080966Z 
2025-04-16T01:59:05.5080985Z 
2025-04-16T01:59:05.5081855Z [31m✘ [41;31m[[41;97mERROR[41;31m][0m [1mNG8002: Can't bind to 'value' since it isn't a known property of 'emerald-toggle'.
2025-04-16T01:59:05.5082804Z 1. If 'emerald-toggle' is an Angular component and it has 'value' input, then verify that it is included in the '@Component.imports' of this component.
2025-04-16T01:59:05.5083730Z 2. If 'emerald-toggle' is a Web Component then add 'CUSTOM_ELEMENTS_SCHEMA' to the '@Component.schemas' of this component to suppress this message.
2025-04-16T01:59:05.5084765Z 3. To allow any property add 'NO_ERRORS_SCHEMA' to the '@Component.schemas' of this component.[0m [1m[35m[plugin angular-compiler][0m
2025-04-16T01:59:05.5084778Z 
2025-04-16T01:59:05.5085068Z     src/app/features/tinder/tinder.component.html:133:16:
2025-04-16T01:59:05.5085787Z [37m      133 │                 [32m[value]="filterForm.get('touringOnly')?.value"[37m
2025-04-16T01:59:05.5086413Z           ╵                 [32m~~~~~~~~~~~~~~~~~~~~~~~~~~~~~~~~~~~~~~~~~~~~~~[0m
2025-04-16T01:59:05.5086443Z 
2025-04-16T01:59:05.5086764Z   Error occurs in the template of component TinderComponent.
2025-04-16T01:59:05.5086778Z 
2025-04-16T01:59:05.5087034Z     src/app/features/tinder/tinder.component.ts:34:15:
2025-04-16T01:59:05.5087553Z [37m      34 │   templateUrl: [32m'./tinder.component.html'[37m,
2025-04-16T01:59:05.5087851Z          ╵                [32m~~~~~~~~~~~~~~~~~~~~~~~~~[0m
2025-04-16T01:59:05.5087863Z 
2025-04-16T01:59:05.5087870Z 
2025-04-16T01:59:05.5088831Z [31m✘ [41;31m[[41;97mERROR[41;31m][0m [1mTS2322: Type '{ type: string; url: string; }[]' is not assignable to type 'TinderCardMedia[]'.
2025-04-16T01:59:05.5089239Z   Type '{ type: string; url: string; }' is not assignable to type 'TinderCardMedia'.
2025-04-16T01:59:05.5089474Z     Types of property 'type' are incompatible.
2025-04-16T01:59:05.5090152Z       Type 'string' is not assignable to type '"image" | "video"'.[0m [1m[35m[plugin angular-compiler][0m
2025-04-16T01:59:05.5090340Z 
2025-04-16T01:59:05.5090615Z     src/app/features/tinder/tinder.component.ts:275:4:
2025-04-16T01:59:05.5090958Z [37m      275 │     [32mreturn[37m ad.media;
2025-04-16T01:59:05.5091182Z           ╵     [32m~~~~~~[0m
2025-04-16T01:59:05.5091194Z 
2025-04-16T01:59:05.5091207Z 
2025-04-16T01:59:05.5091779Z [31m✘ [41;31m[[41;97mERROR[41;31m][0m [1mCould not resolve "angularx-qrcode"[0m
2025-04-16T01:59:05.5091792Z 
2025-04-16T01:59:05.5092192Z     src/app/features/wallet/dialogs/deposit-dialog.component.ts:14:29:
2025-04-16T01:59:05.5092709Z [37m      14 │ import { QRCodeModule } from [32m'angularx-qrcode'[37m;
2025-04-16T01:59:05.5093030Z          ╵                              [32m~~~~~~~~~~~~~~~~~[0m
2025-04-16T01:59:05.5093044Z 
2025-04-16T01:59:05.5093929Z   You can mark the path "angularx-qrcode" as external to exclude it from the bundle, which will remove this error and leave the unresolved path in the bundle.
2025-04-16T01:59:05.5093942Z 
2025-04-16T01:59:05.5093949Z 
2025-04-16T01:59:05.5095263Z [31m✘ [41;31m[[41;97mERROR[41;31m][0m [1mTS2307: Cannot find module 'angularx-qrcode' or its corresponding type declarations.[0m [1m[35m[plugin angular-compiler][0m
2025-04-16T01:59:05.5095283Z 
2025-04-16T01:59:05.5095669Z     src/app/features/wallet/dialogs/deposit-dialog.component.ts:14:29:
2025-04-16T01:59:05.5096660Z [37m      14 │ import { QRCodeModule } from [32m'angularx-qrcode'[37m;
2025-04-16T01:59:05.5097017Z          ╵                              [32m~~~~~~~~~~~~~~~~~[0m
2025-04-16T01:59:05.5097030Z 
2025-04-16T01:59:05.5097037Z 
2025-04-16T01:59:05.5097955Z [31m✘ [41;31m[[41;97mERROR[41;31m][0m [1mTS-991010: 'imports' must be an array of components, directives, pipes, or NgModules.
2025-04-16T01:59:05.5098535Z   Value could not be determined statically.[0m [1m[35m[plugin angular-compiler][0m
2025-04-16T01:59:05.5098561Z 
2025-04-16T01:59:05.5098958Z     src/app/features/wallet/dialogs/deposit-dialog.component.ts:272:4:
2025-04-16T01:59:05.5099288Z [37m      272 │     [32mQRCodeModule[37m,
2025-04-16T01:59:05.5099533Z           ╵     [32m~~~~~~~~~~~~[0m
2025-04-16T01:59:05.5099546Z 
2025-04-16T01:59:05.5099684Z   Unknown reference.
2025-04-16T01:59:05.5099695Z 
2025-04-16T01:59:05.5100094Z     src/app/features/wallet/dialogs/deposit-dialog.component.ts:272:4:
2025-04-16T01:59:05.5100426Z [37m      272 │     [32mQRCodeModule[37m,
2025-04-16T01:59:05.5100663Z           ╵     [32m~~~~~~~~~~~~[0m
2025-04-16T01:59:05.5100675Z 
2025-04-16T01:59:05.5100682Z 
2025-04-16T01:59:05.5101489Z [31m✘ [41;31m[[41;97mERROR[41;31m][0m [1mNG5002: Unclosed block ""[0m [1m[35m[plugin angular-compiler][0m
2025-04-16T01:59:05.5101503Z 
2025-04-16T01:59:05.5101905Z     src/app/features/wallet/dialogs/transfer-dialog.component.ts:74:46:
2025-04-16T01:59:05.5102700Z [37m      74 │ ...           <span class="user-username">[32m@{[37m{ user.username }}</span>
2025-04-16T01:59:05.5103038Z          ╵                                           [32m~~[0m
2025-04-16T01:59:05.5103061Z 
2025-04-16T01:59:05.5103068Z 
2025-04-16T01:59:05.5103990Z [31m✘ [41;31m[[41;97mERROR[41;31m][0m [1mNG5002: Invalid ICU message. Missing '}'.[0m [1m[35m[plugin angular-compiler][0m
2025-04-16T01:59:05.5104004Z 
2025-04-16T01:59:05.5104406Z     src/app/features/wallet/dialogs/transfer-dialog.component.ts:114:2:
2025-04-16T01:59:05.5104663Z [37m      114 │   [32m`[37m,
2025-04-16T01:59:05.5104848Z           ╵   [32m^[0m
2025-04-16T01:59:05.5104859Z 
2025-04-16T01:59:05.5104866Z 
2025-04-16T01:59:05.5106587Z [31m✘ [41;31m[[41;97mERROR[41;31m][0m [1mNG5002: Unexpected character "EOF" (Do you have an unescaped "{" in your template? Use "{{ '{' }}") to escape it.)[0m [1m[35m[plugin angular-compiler][0m
2025-04-16T01:59:05.5106607Z 
2025-04-16T01:59:05.5107029Z     src/app/features/wallet/dialogs/transfer-dialog.component.ts:114:2:
2025-04-16T01:59:05.5107304Z [37m      114 │   [32m`[37m,
2025-04-16T01:59:05.5107488Z           ╵   [32m^[0m
2025-04-16T01:59:05.5107706Z 
2025-04-16T01:59:05.5107714Z 
2025-04-16T01:59:05.5108938Z [31m✘ [41;31m[[41;97mERROR[41;31m][0m [1mTS2322: Type 'Observable<any[] | User[] | UserSearchResult[]>' is not assignable to type 'Observable<UserSearchResult[]>'.
2025-04-16T01:59:05.5109410Z   Type 'any[] | User[] | UserSearchResult[]' is not assignable to type 'UserSearchResult[]'.
2025-04-16T01:59:05.5109728Z     Type 'User[]' is not assignable to type 'UserSearchResult[]'.
2025-04-16T01:59:05.5110643Z       Property 'displayName' is missing in type 'User' but required in type 'UserSearchResult'.[0m [1m[35m[plugin angular-compiler][0m
2025-04-16T01:59:05.5110655Z 
2025-04-16T01:59:05.5111051Z     src/app/features/wallet/dialogs/transfer-dialog.component.ts:272:4:
2025-04-16T01:59:05.5111593Z [37m      272 │     [32mreturn[37m this.userService.searchUsers(query).pipe(
2025-04-16T01:59:05.5111831Z           ╵     [32m~~~~~~[0m
2025-04-16T01:59:05.5111844Z 
2025-04-16T01:59:05.5112033Z   'displayName' is declared here.
2025-04-16T01:59:05.5112055Z 
2025-04-16T01:59:05.5112452Z     src/app/features/wallet/dialogs/transfer-dialog.component.ts:21:2:
2025-04-16T01:59:05.5112793Z [37m      21 │   [32mdisplayName[37m: string;
2025-04-16T01:59:05.5113022Z          ╵   [32m~~~~~~~~~~~[0m
2025-04-16T01:59:05.5113034Z 
2025-04-16T01:59:05.5113042Z 
2025-04-16T01:59:05.5113612Z [31m✘ [41;31m[[41;97mERROR[41;31m][0m [1mCould not resolve "angularx-qrcode"[0m
2025-04-16T01:59:05.5113624Z 
2025-04-16T01:59:05.5113897Z     src/app/features/wallet/wallet.component.ts:33:29:
2025-04-16T01:59:05.5114403Z [37m      33 │ import { QRCodeModule } from [32m'angularx-qrcode'[37m;
2025-04-16T01:59:05.5114729Z          ╵                              [32m~~~~~~~~~~~~~~~~~[0m
2025-04-16T01:59:05.5114747Z 
2025-04-16T01:59:05.5115624Z   You can mark the path "angularx-qrcode" as external to exclude it from the bundle, which will remove this error and leave the unresolved path in the bundle.
2025-04-16T01:59:05.5115637Z 
2025-04-16T01:59:05.5115655Z 
2025-04-16T01:59:05.5117807Z [31m✘ [41;31m[[41;97mERROR[41;31m][0m [1mTS2307: Cannot find module 'angularx-qrcode' or its corresponding type declarations.[0m [1m[35m[plugin angular-compiler][0m
2025-04-16T01:59:05.5117828Z 
2025-04-16T01:59:05.5118109Z     src/app/features/wallet/wallet.component.ts:33:29:
2025-04-16T01:59:05.5118648Z [37m      33 │ import { QRCodeModule } from [32m'angularx-qrcode'[37m;
2025-04-16T01:59:05.5118971Z          ╵                              [32m~~~~~~~~~~~~~~~~~[0m
2025-04-16T01:59:05.5118983Z 
2025-04-16T01:59:05.5118990Z 
2025-04-16T01:59:05.5119876Z [31m✘ [41;31m[[41;97mERROR[41;31m][0m [1mTS-991010: 'imports' must be an array of components, directives, pipes, or NgModules.
2025-04-16T01:59:05.5120432Z   Value could not be determined statically.[0m [1m[35m[plugin angular-compiler][0m
2025-04-16T01:59:05.5120649Z 
2025-04-16T01:59:05.5120929Z     src/app/features/wallet/wallet.component.ts:81:4:
2025-04-16T01:59:05.5121235Z [37m      81 │     [32mQRCodeModule[37m,
2025-04-16T01:59:05.5121493Z          ╵     [32m~~~~~~~~~~~~[0m
2025-04-16T01:59:05.5121505Z 
2025-04-16T01:59:05.5121626Z   Unknown reference.
2025-04-16T01:59:05.5121637Z 
2025-04-16T01:59:05.5121892Z     src/app/features/wallet/wallet.component.ts:81:4:
2025-04-16T01:59:05.5122185Z [37m      81 │     [32mQRCodeModule[37m,
2025-04-16T01:59:05.5122397Z          ╵     [32m~~~~~~~~~~~~[0m
2025-04-16T01:59:05.5122411Z 
2025-04-16T01:59:05.5122418Z 
2025-04-16T01:59:05.5122980Z [31m✘ [41;31m[[41;97mERROR[41;31m][0m [1mCould not resolve "angularx-qrcode"[0m
2025-04-16T01:59:05.5122992Z 
2025-04-16T01:59:05.5123233Z     src/app/features/wallet/wallet.module.ts:27:29:
2025-04-16T01:59:05.5123734Z [37m      27 │ import { QRCodeModule } from [32m'angularx-qrcode'[37m;
2025-04-16T01:59:05.5124054Z          ╵                              [32m~~~~~~~~~~~~~~~~~[0m
2025-04-16T01:59:05.5124067Z 
2025-04-16T01:59:05.5124926Z   You can mark the path "angularx-qrcode" as external to exclude it from the bundle, which will remove this error and leave the unresolved path in the bundle.
2025-04-16T01:59:05.5125110Z 
2025-04-16T01:59:05.5125117Z 
2025-04-16T01:59:05.5126641Z [31m✘ [41;31m[[41;97mERROR[41;31m][0m [1mTS2307: Cannot find module 'angularx-qrcode' or its corresponding type declarations.[0m [1m[35m[plugin angular-compiler][0m
2025-04-16T01:59:05.5126667Z 
2025-04-16T01:59:05.5126935Z     src/app/features/wallet/wallet.module.ts:27:29:
2025-04-16T01:59:05.5127464Z [37m      27 │ import { QRCodeModule } from [32m'angularx-qrcode'[37m;
2025-04-16T01:59:05.5127776Z          ╵                              [32m~~~~~~~~~~~~~~~~~[0m
2025-04-16T01:59:05.5127788Z 
2025-04-16T01:59:05.5127795Z 
2025-04-16T01:59:05.5128732Z [31m✘ [41;31m[[41;97mERROR[41;31m][0m [1mTS-991010: Value at position 26 in the NgModule.imports of WalletModule is not a reference
2025-04-16T01:59:05.5129302Z   Value could not be determined statically.[0m [1m[35m[plugin angular-compiler][0m
2025-04-16T01:59:05.5129326Z 
2025-04-16T01:59:05.5129567Z     src/app/features/wallet/wallet.module.ts:52:11:
2025-04-16T01:59:05.5129847Z [37m      52 │   imports: [32m[[37m
2025-04-16T01:59:05.5130076Z          ╵            [32m^[0m
2025-04-16T01:59:05.5130088Z 
2025-04-16T01:59:05.5130213Z   Unknown reference.
2025-04-16T01:59:05.5130223Z 
2025-04-16T01:59:05.5130448Z     src/app/features/wallet/wallet.module.ts:79:4:
2025-04-16T01:59:05.5130757Z [37m      79 │     [32mQRCodeModule[37m,
2025-04-16T01:59:05.5130976Z          ╵     [32m~~~~~~~~~~~~[0m
2025-04-16T01:59:05.5130987Z 
2025-04-16T01:59:05.5130994Z 
2025-04-16T01:59:05.5131912Z [31m✘ [41;31m[[41;97mERROR[41;31m][0m [1mTS2393: Duplicate function implementation.[0m [1m[35m[plugin angular-compiler][0m
2025-04-16T01:59:05.5131925Z 
2025-04-16T01:59:05.5132345Z     src/app/shared/emerald/components/app-card/app-card.component.ts:55:2:
2025-04-16T01:59:05.5132702Z [37m      55 │   [32mgetMediaCount[37m(): number {
2025-04-16T01:59:05.5132936Z          ╵   [32m~~~~~~~~~~~~~[0m
2025-04-16T01:59:05.5132948Z 
2025-04-16T01:59:05.5132956Z 
2025-04-16T01:59:05.5133901Z [31m✘ [41;31m[[41;97mERROR[41;31m][0m [1mTS2393: Duplicate function implementation.[0m [1m[35m[plugin angular-compiler][0m
2025-04-16T01:59:05.5133916Z 
2025-04-16T01:59:05.5134331Z     src/app/shared/emerald/components/app-card/app-card.component.ts:67:2:
2025-04-16T01:59:05.5134767Z [37m      67 │   [32mformatPrice[37m(price: number): string {
2025-04-16T01:59:05.5134996Z          ╵   [32m~~~~~~~~~~~[0m
2025-04-16T01:59:05.5135007Z 
2025-04-16T01:59:05.5135014Z 
2025-04-16T01:59:05.5135948Z [31m✘ [41;31m[[41;97mERROR[41;31m][0m [1mTS2393: Duplicate function implementation.[0m [1m[35m[plugin angular-compiler][0m
2025-04-16T01:59:05.5135961Z 
2025-04-16T01:59:05.5136792Z     src/app/shared/emerald/components/app-card/app-card.component.ts:77:2:
2025-04-16T01:59:05.5137427Z [37m      77 │   [32mgetTruncatedDescription[37m(maxLength: number): string {
2025-04-16T01:59:05.5137704Z          ╵   [32m~~~~~~~~~~~~~~~~~~~~~~~[0m
2025-04-16T01:59:05.5137718Z 
2025-04-16T01:59:05.5137726Z 
2025-04-16T01:59:05.5138676Z [31m✘ [41;31m[[41;97mERROR[41;31m][0m [1mTS2393: Duplicate function implementation.[0m [1m[35m[plugin angular-compiler][0m
2025-04-16T01:59:05.5138689Z 
2025-04-16T01:59:05.5139107Z     src/app/shared/emerald/components/app-card/app-card.component.ts:159:2:
2025-04-16T01:59:05.5139485Z [37m      159 │   [32mgetMediaCount[37m(): number {
2025-04-16T01:59:05.5139715Z           ╵   [32m~~~~~~~~~~~~~[0m
2025-04-16T01:59:05.5139726Z 
2025-04-16T01:59:05.5139734Z 
2025-04-16T01:59:05.5140672Z [31m✘ [41;31m[[41;97mERROR[41;31m][0m [1mTS2393: Duplicate function implementation.[0m [1m[35m[plugin angular-compiler][0m
2025-04-16T01:59:05.5140685Z 
2025-04-16T01:59:05.5141106Z     src/app/shared/emerald/components/app-card/app-card.component.ts:189:2:
2025-04-16T01:59:05.5141554Z [37m      189 │   [32mformatPrice[37m(price: number): string {
2025-04-16T01:59:05.5141975Z           ╵   [32m~~~~~~~~~~~[0m
2025-04-16T01:59:05.5141988Z 
2025-04-16T01:59:05.5141995Z 
2025-04-16T01:59:05.5142956Z [31m✘ [41;31m[[41;97mERROR[41;31m][0m [1mTS2393: Duplicate function implementation.[0m [1m[35m[plugin angular-compiler][0m
2025-04-16T01:59:05.5142970Z 
2025-04-16T01:59:05.5143398Z     src/app/shared/emerald/components/app-card/app-card.component.ts:200:2:
2025-04-16T01:59:05.5144042Z [37m      200 │   [32mgetTruncatedDescription[37m(maxLength: number = 120): string {
2025-04-16T01:59:05.5144307Z           ╵   [32m~~~~~~~~~~~~~~~~~~~~~~~[0m
2025-04-16T01:59:05.5144318Z 
2025-04-16T01:59:05.5144325Z 
2025-04-16T01:59:05.5145976Z [31m✘ [41;31m[[41;97mERROR[41;31m][0m [1mTS-996008: Component CardGridComponent is standalone, and cannot be declared in an NgModule. Did you mean to import it instead?[0m [1m[35m[plugin angular-compiler][0m
2025-04-16T01:59:05.5145992Z 
2025-04-16T01:59:05.5146402Z     src/app/shared/emerald/emerald.module.ts:55:4:
2025-04-16T01:59:05.5146785Z [37m      55 │     [32mCardGridComponent[37m,
2025-04-16T01:59:05.5147038Z          ╵     [32m~~~~~~~~~~~~~~~~~[0m
2025-04-16T01:59:05.5147049Z 
2025-04-16T01:59:05.5147056Z 
2025-04-16T01:59:05.5148681Z [31m✘ [41;31m[[41;97mERROR[41;31m][0m [1mTS-996008: Component PagerComponent is standalone, and cannot be declared in an NgModule. Did you mean to import it instead?[0m [1m[35m[plugin angular-compiler][0m
2025-04-16T01:59:05.5148696Z 
2025-04-16T01:59:05.5148944Z     src/app/shared/emerald/emerald.module.ts:56:4:
2025-04-16T01:59:05.5149283Z [37m      56 │     [32mPagerComponent[37m,
2025-04-16T01:59:05.5149527Z          ╵     [32m~~~~~~~~~~~~~~[0m
2025-04-16T01:59:05.5149538Z 
2025-04-16T01:59:05.5149546Z 
2025-04-16T01:59:05.5151272Z [31m✘ [41;31m[[41;97mERROR[41;31m][0m [1mTS-996008: Component FloatingActionButtonComponent is standalone, and cannot be declared in an NgModule. Did you mean to import it instead?[0m [1m[35m[plugin angular-compiler][0m
2025-04-16T01:59:05.5151299Z 
2025-04-16T01:59:05.5151541Z     src/app/shared/emerald/emerald.module.ts:57:4:
2025-04-16T01:59:05.5151951Z [37m      57 │     [32mFloatingActionButtonComponent[37m
2025-04-16T01:59:05.5152223Z          ╵     [32m~~~~~~~~~~~~~~~~~~~~~~~~~~~~~[0m
2025-04-16T01:59:05.5152235Z 
2025-04-16T01:59:05.5152242Z 
2025-04-16T01:59:05.5153452Z [31m✘ [41;31m[[41;97mERROR[41;31m][0m [1mTS-996004: Can't be exported from this NgModule, as it must be imported first[0m [1m[35m[plugin angular-compiler][0m
2025-04-16T01:59:05.5153464Z 
2025-04-16T01:59:05.5153706Z     src/app/shared/emerald/emerald.module.ts:83:4:
2025-04-16T01:59:05.5154053Z [37m      83 │     [32mCardGridComponent[37m,
2025-04-16T01:59:05.5154296Z          ╵     [32m~~~~~~~~~~~~~~~~~[0m
2025-04-16T01:59:05.5154306Z 
2025-04-16T01:59:05.5154314Z 
2025-04-16T01:59:05.5155642Z [31m✘ [41;31m[[41;97mERROR[41;31m][0m [1mTS-996004: Can't be exported from this NgModule, as it must be imported first[0m [1m[35m[plugin angular-compiler][0m
2025-04-16T01:59:05.5155670Z 
2025-04-16T01:59:05.5155921Z     src/app/shared/emerald/emerald.module.ts:84:4:
2025-04-16T01:59:05.5156485Z [37m      84 │     [32mPagerComponent[37m,
2025-04-16T01:59:05.5156760Z          ╵     [32m~~~~~~~~~~~~~~[0m
2025-04-16T01:59:05.5156772Z 
2025-04-16T01:59:05.5156779Z 
2025-04-16T01:59:05.5157984Z [31m✘ [41;31m[[41;97mERROR[41;31m][0m [1mTS-996004: Can't be exported from this NgModule, as it must be imported first[0m [1m[35m[plugin angular-compiler][0m
2025-04-16T01:59:05.5157997Z 
2025-04-16T01:59:05.5158237Z     src/app/shared/emerald/emerald.module.ts:85:4:
2025-04-16T01:59:05.5158661Z [37m      85 │     [32mFloatingActionButtonComponent[37m
2025-04-16T01:59:05.5158946Z          ╵     [32m~~~~~~~~~~~~~~~~~~~~~~~~~~~~~[0m
2025-04-16T01:59:05.5158958Z 
2025-04-16T01:59:05.5158981Z 
2025-04-16T01:59:05.5159771Z [31m✘ [41;31m[[41;97mERROR[41;31m][0m [1mTwo forwarded modules both define a variable named $primary-100.
2025-04-16T01:59:05.5160104Z     ╷
2025-04-16T01:59:05.5160498Z 5   │ @forward '../../app/core/design/design-tokens';
2025-04-16T01:59:05.5160913Z     │ ━━━━━━━━━━━━━━━━━━━━━━━━━━━━━━━━━━━━━━━━━━━━━━ original @forward
2025-04-16T01:59:05.5161044Z ... │
2025-04-16T01:59:05.5161369Z 7   │ @forward '../../app/core/design/main';
2025-04-16T01:59:05.5161663Z     │ ^^^^^^^^^^^^^^^^^^^^^^^^^^^^^^^^^^^^^ new @forward
2025-04-16T01:59:05.5161801Z     ╵
2025-04-16T01:59:05.5162037Z   src/styles/design-system/index.scss 7:1  @use
2025-04-16T01:59:05.5162641Z   src/styles/main.scss 5:1                 root stylesheet[0m [1m[35m[plugin angular-sass][0m
2025-04-16T01:59:05.5162654Z 
2025-04-16T01:59:05.5162849Z     angular:styles/global:styles:1:8:
2025-04-16T01:59:05.5163236Z [37m      1 │ @import [32m'src/styles/main.scss'[37m;
2025-04-16T01:59:05.5163534Z         ╵         [32m~~~~~~~~~~~~~~~~~~~~~~[0m
2025-04-16T01:59:05.5163546Z 
2025-04-16T01:59:05.5163693Z [39m[22m
2025-04-16T01:59:05.6258898Z npm error Lifecycle script `build` failed with error:
2025-04-16T01:59:05.6266983Z npm error code 1
2025-04-16T01:59:05.6267612Z npm error path /home/runner/work/date-night-app2/date-night-app2/client-angular
2025-04-16T01:59:05.6267910Z npm error workspace client-angular@0.0.0
2025-04-16T01:59:05.6268740Z npm error location /home/runner/work/date-night-app2/date-night-app2/client-angular
2025-04-16T01:59:05.6269100Z npm error command failed
2025-04-16T01:59:05.6269446Z npm error command sh -c ng build client-angular
2025-04-16T01:59:05.6433795Z ##[error]The process '/opt/hostedtoolcache/node/22.14.0/x64/bin/npm' failed with exit code 1
2025-04-16T01:59:05.6569482Z ##[group]Run actions/upload-artifact@v4
2025-04-16T01:59:05.6569583Z with:
2025-04-16T01:59:05.6569679Z   name: cypress-screenshots
2025-04-16T01:59:05.6569789Z   path: ./client-angular/cypress/screenshots
2025-04-16T01:59:05.6569878Z   if-no-files-found: warn
2025-04-16T01:59:05.6569952Z   compression-level: 6
2025-04-16T01:59:05.6570040Z   overwrite: false
2025-04-16T01:59:05.6570123Z   include-hidden-files: false
2025-04-16T01:59:05.6570187Z env:
2025-04-16T01:59:05.6570256Z   CI: 1
2025-04-16T01:59:05.6570377Z   CYPRESS_CACHE_FOLDER: /home/runner/.cache/Cypress
2025-04-16T01:59:05.6570465Z   npm_config_cache: /home/runner/.npm
2025-04-16T01:59:05.6570538Z ##[endgroup]
2025-04-16T01:59:05.8844237Z ##[warning]No files were found with the provided path: ./client-angular/cypress/screenshots. No artifacts will be uploaded.
2025-04-16T01:59:05.9001117Z Post job cleanup.
2025-04-16T01:59:05.9960997Z [command]/usr/bin/git version
2025-04-16T01:59:06.0003585Z git version 2.49.0
2025-04-16T01:59:06.0052797Z Temporarily overriding HOME='/home/runner/work/_temp/757b0908-8d9f-472c-8f35-5687bf94b6e2' before making global git config changes
2025-04-16T01:59:06.0055223Z Adding repository directory to the temporary git global config as a safe directory
2025-04-16T01:59:06.0060983Z [command]/usr/bin/git config --global --add safe.directory /home/runner/work/date-night-app2/date-night-app2
2025-04-16T01:59:06.0106305Z [command]/usr/bin/git config --local --name-only --get-regexp core\.sshCommand
2025-04-16T01:59:06.0143940Z [command]/usr/bin/git submodule foreach --recursive sh -c "git config --local --name-only --get-regexp 'core\.sshCommand' && git config --local --unset-all 'core.sshCommand' || :"
2025-04-16T01:59:06.0395579Z [command]/usr/bin/git config --local --name-only --get-regexp http\.https\:\/\/github\.com\/\.extraheader
2025-04-16T01:59:06.0422205Z http.https://github.com/.extraheader
2025-04-16T01:59:06.0437358Z [command]/usr/bin/git config --local --unset-all http.https://github.com/.extraheader
2025-04-16T01:59:06.0472966Z [command]/usr/bin/git submodule foreach --recursive sh -c "git config --local --name-only --get-regexp 'http\.https\:\/\/github\.com\/\.extraheader' && git config --local --unset-all 'http.https://github.com/.extraheader' || :"
2025-04-16T01:59:06.0836752Z Cleaning up orphan processes
